 
****************************************
Report : area
Design : FuseMax2DArray
Version: V-2023.12
Date   : Mon Apr  6 11:41:10 2026
****************************************

Library(s) Used:

    tcbn28hpcplusbwp30p140ffg0p99v0c_ccs (File: /hpc/Tech/TSMC/digital/N28/digital/Front_End/timing_power_noise/CCS/tcbn28hpcplusbwp30p140_180a/tcbn28hpcplusbwp30p140ffg0p99v0c_ccs.db)

Number of ports:                        34178
Number of nets:                        989508
Number of cells:                       913699
Number of combinational cells:         827427
Number of sequential cells:             86016
Number of macros/black boxes:               0
Number of buf/inv:                     138223
Number of references:                     256

Combinational area:             522878.957845
Buf/Inv area:                    34892.802557
Noncombinational area:          162815.812859
Macro/Black Box area:                0.000000
Net Interconnect area:      undefined  (Wire load has zero net area)

Total cell area:                685694.770704
Total area:                 undefined

Hierarchical area distribution
------------------------------

                                  Global cell area              Local cell area
                                  --------------------  -------------------------------- 
Hierarchical cell                 Absolute     Percent  Combi-       Noncombi-    Black-
                                  Total        Total    national     national     boxes   Design
--------------------------------  -----------  -------  -----------  -----------  ------  ---------------
FuseMax2DArray                    685694.7707    100.0       0.0000       0.0000  0.0000  FuseMax2DArray
pe_0_0                              2684.8080      0.4    2049.7680     635.0400  0.0000  FuseMax2DPE_255
pe_0_1                              2681.6580      0.4    2045.6100     636.0480  0.0000  FuseMax2DPE_254
pe_0_10                             2681.1540      0.4    2045.1060     636.0480  0.0000  FuseMax2DPE_245
pe_0_11                             2681.7840      0.4    2045.7360     636.0480  0.0000  FuseMax2DPE_244
pe_0_12                             2680.5240      0.4    2044.4760     636.0480  0.0000  FuseMax2DPE_243
pe_0_13                             2681.2800      0.4    2045.2320     636.0480  0.0000  FuseMax2DPE_242
pe_0_14                             2681.5320      0.4    2045.4840     636.0480  0.0000  FuseMax2DPE_241
pe_0_15                             2682.9180      0.4    2046.8700     636.0480  0.0000  FuseMax2DPE_240
pe_0_2                              2681.1540      0.4    2045.1060     636.0480  0.0000  FuseMax2DPE_253
pe_0_3                              2680.7760      0.4    2044.7280     636.0480  0.0000  FuseMax2DPE_252
pe_0_4                              2681.1540      0.4    2045.1060     636.0480  0.0000  FuseMax2DPE_251
pe_0_5                              2680.5240      0.4    2044.4760     636.0480  0.0000  FuseMax2DPE_250
pe_0_6                              2680.7760      0.4    2044.7280     636.0480  0.0000  FuseMax2DPE_249
pe_0_7                              2680.5240      0.4    2044.4760     636.0480  0.0000  FuseMax2DPE_248
pe_0_8                              2680.7760      0.4    2044.7280     636.0480  0.0000  FuseMax2DPE_247
pe_0_9                              2680.9020      0.4    2044.8540     636.0480  0.0000  FuseMax2DPE_246
pe_10_0                             2685.6900      0.4    2050.6500     635.0400  0.0000  FuseMax2DPE_95
pe_10_1                             2682.4140      0.4    2046.3660     636.0480  0.0000  FuseMax2DPE_94
pe_10_10                            2682.6660      0.4    2046.6180     636.0480  0.0000  FuseMax2DPE_85
pe_10_11                            2682.6660      0.4    2046.6180     636.0480  0.0000  FuseMax2DPE_84
pe_10_12                            2683.0440      0.4    2046.9960     636.0480  0.0000  FuseMax2DPE_83
pe_10_13                            2682.6660      0.4    2046.6180     636.0480  0.0000  FuseMax2DPE_82
pe_10_14                            2683.2960      0.4    2047.2480     636.0480  0.0000  FuseMax2DPE_81
pe_10_15                            2681.7840      0.4    2045.7360     636.0480  0.0000  FuseMax2DPE_80
pe_10_2                             2685.3120      0.4    2049.2640     636.0480  0.0000  FuseMax2DPE_93
pe_10_3                             2682.5400      0.4    2046.4920     636.0480  0.0000  FuseMax2DPE_92
pe_10_4                             2682.5400      0.4    2046.4920     636.0480  0.0000  FuseMax2DPE_91
pe_10_5                             2682.5400      0.4    2046.4920     636.0480  0.0000  FuseMax2DPE_90
pe_10_6                             2682.6660      0.4    2046.6180     636.0480  0.0000  FuseMax2DPE_89
pe_10_7                             2682.4140      0.4    2046.3660     636.0480  0.0000  FuseMax2DPE_88
pe_10_8                             2682.5400      0.4    2046.4920     636.0480  0.0000  FuseMax2DPE_87
pe_10_9                             2682.5400      0.4    2046.4920     636.0480  0.0000  FuseMax2DPE_86
pe_11_0                             2685.6900      0.4    2050.6500     635.0400  0.0000  FuseMax2DPE_79
pe_11_1                             2682.7920      0.4    2046.7440     636.0480  0.0000  FuseMax2DPE_78
pe_11_10                            2682.4140      0.4    2046.3660     636.0480  0.0000  FuseMax2DPE_69
pe_11_11                            2682.6660      0.4    2046.6180     636.0480  0.0000  FuseMax2DPE_68
pe_11_12                            2682.4140      0.4    2046.3660     636.0480  0.0000  FuseMax2DPE_67
pe_11_13                            2682.7920      0.4    2046.7440     636.0480  0.0000  FuseMax2DPE_66
pe_11_14                            2684.5560      0.4    2048.5080     636.0480  0.0000  FuseMax2DPE_65
pe_11_15                            2681.2800      0.4    2045.2320     636.0480  0.0000  FuseMax2DPE_64
pe_11_2                             2682.6660      0.4    2046.6180     636.0480  0.0000  FuseMax2DPE_77
pe_11_3                             2682.6660      0.4    2046.6180     636.0480  0.0000  FuseMax2DPE_76
pe_11_4                             2682.5400      0.4    2046.4920     636.0480  0.0000  FuseMax2DPE_75
pe_11_5                             2682.6660      0.4    2046.6180     636.0480  0.0000  FuseMax2DPE_74
pe_11_6                             2682.7920      0.4    2046.7440     636.0480  0.0000  FuseMax2DPE_73
pe_11_7                             2682.4140      0.4    2046.3660     636.0480  0.0000  FuseMax2DPE_72
pe_11_8                             2683.0440      0.4    2046.9960     636.0480  0.0000  FuseMax2DPE_71
pe_11_9                             2682.5400      0.4    2046.4920     636.0480  0.0000  FuseMax2DPE_70
pe_12_0                             2685.9420      0.4    2050.9020     635.0400  0.0000  FuseMax2DPE_63
pe_12_1                             2682.5400      0.4    2046.4920     636.0480  0.0000  FuseMax2DPE_62
pe_12_10                            2682.5400      0.4    2046.4920     636.0480  0.0000  FuseMax2DPE_53
pe_12_11                            2685.1860      0.4    2049.1380     636.0480  0.0000  FuseMax2DPE_52
pe_12_12                            2682.6660      0.4    2046.6180     636.0480  0.0000  FuseMax2DPE_51
pe_12_13                            2682.7920      0.4    2046.7440     636.0480  0.0000  FuseMax2DPE_50
pe_12_14                            2683.0440      0.4    2046.9960     636.0480  0.0000  FuseMax2DPE_49
pe_12_15                            2683.5480      0.4    2047.5000     636.0480  0.0000  FuseMax2DPE_48
pe_12_2                             2682.4140      0.4    2046.3660     636.0480  0.0000  FuseMax2DPE_61
pe_12_3                             2682.4140      0.4    2046.3660     636.0480  0.0000  FuseMax2DPE_60
pe_12_4                             2682.5400      0.4    2046.4920     636.0480  0.0000  FuseMax2DPE_59
pe_12_5                             2682.7920      0.4    2046.7440     636.0480  0.0000  FuseMax2DPE_58
pe_12_6                             2682.5400      0.4    2046.4920     636.0480  0.0000  FuseMax2DPE_57
pe_12_7                             2682.7920      0.4    2046.7440     636.0480  0.0000  FuseMax2DPE_56
pe_12_8                             2683.1700      0.4    2047.1220     636.0480  0.0000  FuseMax2DPE_55
pe_12_9                             2682.6660      0.4    2046.6180     636.0480  0.0000  FuseMax2DPE_54
pe_13_0                             2685.8160      0.4    2050.7760     635.0400  0.0000  FuseMax2DPE_47
pe_13_1                             2682.6660      0.4    2046.6180     636.0480  0.0000  FuseMax2DPE_46
pe_13_10                            2682.9180      0.4    2046.8700     636.0480  0.0000  FuseMax2DPE_37
pe_13_11                            2682.6660      0.4    2046.6180     636.0480  0.0000  FuseMax2DPE_36
pe_13_12                            2682.9180      0.4    2046.8700     636.0480  0.0000  FuseMax2DPE_35
pe_13_13                            2683.1700      0.4    2047.1220     636.0480  0.0000  FuseMax2DPE_34
pe_13_14                            2683.5480      0.4    2047.5000     636.0480  0.0000  FuseMax2DPE_33
pe_13_15                            2681.2800      0.4    2045.2320     636.0480  0.0000  FuseMax2DPE_32
pe_13_2                             2682.5400      0.4    2046.4920     636.0480  0.0000  FuseMax2DPE_45
pe_13_3                             2682.4140      0.4    2046.3660     636.0480  0.0000  FuseMax2DPE_44
pe_13_4                             2682.7920      0.4    2046.7440     636.0480  0.0000  FuseMax2DPE_43
pe_13_5                             2682.7920      0.4    2046.7440     636.0480  0.0000  FuseMax2DPE_42
pe_13_6                             2682.6660      0.4    2046.6180     636.0480  0.0000  FuseMax2DPE_41
pe_13_7                             2682.5400      0.4    2046.4920     636.0480  0.0000  FuseMax2DPE_40
pe_13_8                             2685.3120      0.4    2049.2640     636.0480  0.0000  FuseMax2DPE_39
pe_13_9                             2682.7920      0.4    2046.7440     636.0480  0.0000  FuseMax2DPE_38
pe_14_0                             2685.4380      0.4    2050.3980     635.0400  0.0000  FuseMax2DPE_31
pe_14_1                             2683.8000      0.4    2047.7520     636.0480  0.0000  FuseMax2DPE_30
pe_14_10                            2682.4140      0.4    2046.3660     636.0480  0.0000  FuseMax2DPE_21
pe_14_11                            2682.9180      0.4    2046.8700     636.0480  0.0000  FuseMax2DPE_20
pe_14_12                            2683.4220      0.4    2047.3740     636.0480  0.0000  FuseMax2DPE_19
pe_14_13                            2682.4140      0.4    2046.3660     636.0480  0.0000  FuseMax2DPE_18
pe_14_14                            2684.5560      0.4    2048.5080     636.0480  0.0000  FuseMax2DPE_17
pe_14_15                            2681.2800      0.4    2045.2320     636.0480  0.0000  FuseMax2DPE_16
pe_14_2                             2682.9180      0.4    2046.8700     636.0480  0.0000  FuseMax2DPE_29
pe_14_3                             2682.4140      0.4    2046.3660     636.0480  0.0000  FuseMax2DPE_28
pe_14_4                             2684.0520      0.4    2048.0040     636.0480  0.0000  FuseMax2DPE_27
pe_14_5                             2683.9260      0.4    2047.8780     636.0480  0.0000  FuseMax2DPE_26
pe_14_6                             2682.6660      0.4    2046.6180     636.0480  0.0000  FuseMax2DPE_25
pe_14_7                             2683.2960      0.4    2047.2480     636.0480  0.0000  FuseMax2DPE_24
pe_14_8                             2682.7920      0.4    2046.7440     636.0480  0.0000  FuseMax2DPE_23
pe_14_9                             2682.9180      0.4    2046.8700     636.0480  0.0000  FuseMax2DPE_22
pe_15_0                             2622.0600      0.4    1986.1380     635.9220  0.0000  FuseMax2DPE_15
pe_15_1                             2619.6660      0.4    1983.2400     636.4260  0.0000  FuseMax2DPE_14
pe_15_10                            2612.8620      0.4    1976.6880     636.1740  0.0000  FuseMax2DPE_5
pe_15_11                            2609.2080      0.4    1972.6560     636.5520  0.0000  FuseMax2DPE_4
pe_15_12                            2608.2000      0.4    1971.7740     636.4260  0.0000  FuseMax2DPE_3
pe_15_13                            2623.5720      0.4    1987.3980     636.1740  0.0000  FuseMax2DPE_2
pe_15_14                            2603.0340      0.4    1966.7340     636.3000  0.0000  FuseMax2DPE_1
pe_15_15                            2620.9260      0.4    1984.7520     636.1740  0.0000  FuseMax2DPE_0
pe_15_2                             2607.4440      0.4    1971.2700     636.1740  0.0000  FuseMax2DPE_13
pe_15_3                             2606.1840      0.4    1970.0100     636.1740  0.0000  FuseMax2DPE_12
pe_15_4                             2608.2000      0.4    1972.0260     636.1740  0.0000  FuseMax2DPE_11
pe_15_5                             2615.8860      0.4    1979.8380     636.0480  0.0000  FuseMax2DPE_10
pe_15_6                             2617.9020      0.4    1981.7280     636.1740  0.0000  FuseMax2DPE_9
pe_15_7                             2610.4680      0.4    1974.4200     636.0480  0.0000  FuseMax2DPE_8
pe_15_8                             2609.9640      0.4    1973.5380     636.4260  0.0000  FuseMax2DPE_7
pe_15_9                             2606.6880      0.4    1970.6400     636.0480  0.0000  FuseMax2DPE_6
pe_1_0                              2685.8160      0.4    2050.7760     635.0400  0.0000  FuseMax2DPE_239
pe_1_1                              2682.9180      0.4    2046.8700     636.0480  0.0000  FuseMax2DPE_238
pe_1_10                             2682.4140      0.4    2046.3660     636.0480  0.0000  FuseMax2DPE_229
pe_1_11                             2682.9180      0.4    2046.8700     636.0480  0.0000  FuseMax2DPE_228
pe_1_12                             2683.0440      0.4    2046.9960     636.0480  0.0000  FuseMax2DPE_227
pe_1_13                             2682.6660      0.4    2046.6180     636.0480  0.0000  FuseMax2DPE_226
pe_1_14                             2685.3120      0.4    2049.2640     636.0480  0.0000  FuseMax2DPE_225
pe_1_15                             2681.1540      0.4    2045.1060     636.0480  0.0000  FuseMax2DPE_224
pe_1_2                              2683.0440      0.4    2046.9960     636.0480  0.0000  FuseMax2DPE_237
pe_1_3                              2682.5400      0.4    2046.4920     636.0480  0.0000  FuseMax2DPE_236
pe_1_4                              2682.5400      0.4    2046.4920     636.0480  0.0000  FuseMax2DPE_235
pe_1_5                              2682.4140      0.4    2046.3660     636.0480  0.0000  FuseMax2DPE_234
pe_1_6                              2682.7920      0.4    2046.7440     636.0480  0.0000  FuseMax2DPE_233
pe_1_7                              2682.7920      0.4    2046.7440     636.0480  0.0000  FuseMax2DPE_232
pe_1_8                              2682.9180      0.4    2046.8700     636.0480  0.0000  FuseMax2DPE_231
pe_1_9                              2682.7920      0.4    2046.7440     636.0480  0.0000  FuseMax2DPE_230
pe_2_0                              2686.0680      0.4    2051.0280     635.0400  0.0000  FuseMax2DPE_223
pe_2_1                              2682.6660      0.4    2046.6180     636.0480  0.0000  FuseMax2DPE_222
pe_2_10                             2682.4140      0.4    2046.3660     636.0480  0.0000  FuseMax2DPE_213
pe_2_11                             2685.4380      0.4    2049.3900     636.0480  0.0000  FuseMax2DPE_212
pe_2_12                             2683.1700      0.4    2047.1220     636.0480  0.0000  FuseMax2DPE_211
pe_2_13                             2684.0520      0.4    2048.0040     636.0480  0.0000  FuseMax2DPE_210
pe_2_14                             2683.2960      0.4    2047.2480     636.0480  0.0000  FuseMax2DPE_209
pe_2_15                             2681.0280      0.4    2044.9800     636.0480  0.0000  FuseMax2DPE_208
pe_2_2                              2682.7920      0.4    2046.7440     636.0480  0.0000  FuseMax2DPE_221
pe_2_3                              2682.5400      0.4    2046.4920     636.0480  0.0000  FuseMax2DPE_220
pe_2_4                              2682.4140      0.4    2046.3660     636.0480  0.0000  FuseMax2DPE_219
pe_2_5                              2682.6660      0.4    2046.6180     636.0480  0.0000  FuseMax2DPE_218
pe_2_6                              2682.4140      0.4    2046.3660     636.0480  0.0000  FuseMax2DPE_217
pe_2_7                              2683.1700      0.4    2047.1220     636.0480  0.0000  FuseMax2DPE_216
pe_2_8                              2682.5400      0.4    2046.4920     636.0480  0.0000  FuseMax2DPE_215
pe_2_9                              2682.5400      0.4    2046.4920     636.0480  0.0000  FuseMax2DPE_214
pe_3_0                              2685.6900      0.4    2050.6500     635.0400  0.0000  FuseMax2DPE_207
pe_3_1                              2682.9180      0.4    2046.8700     636.0480  0.0000  FuseMax2DPE_206
pe_3_10                             2682.4140      0.4    2046.3660     636.0480  0.0000  FuseMax2DPE_197
pe_3_11                             2683.0440      0.4    2046.9960     636.0480  0.0000  FuseMax2DPE_196
pe_3_12                             2682.9180      0.4    2046.8700     636.0480  0.0000  FuseMax2DPE_195
pe_3_13                             2682.9180      0.4    2046.8700     636.0480  0.0000  FuseMax2DPE_194
pe_3_14                             2683.0440      0.4    2046.9960     636.0480  0.0000  FuseMax2DPE_193
pe_3_15                             2681.0280      0.4    2044.9800     636.0480  0.0000  FuseMax2DPE_192
pe_3_2                              2682.4140      0.4    2046.3660     636.0480  0.0000  FuseMax2DPE_205
pe_3_3                              2682.5400      0.4    2046.4920     636.0480  0.0000  FuseMax2DPE_204
pe_3_4                              2682.5400      0.4    2046.4920     636.0480  0.0000  FuseMax2DPE_203
pe_3_5                              2682.4140      0.4    2046.3660     636.0480  0.0000  FuseMax2DPE_202
pe_3_6                              2682.6660      0.4    2046.6180     636.0480  0.0000  FuseMax2DPE_201
pe_3_7                              2682.9180      0.4    2046.8700     636.0480  0.0000  FuseMax2DPE_200
pe_3_8                              2684.8080      0.4    2048.7600     636.0480  0.0000  FuseMax2DPE_199
pe_3_9                              2682.7920      0.4    2046.7440     636.0480  0.0000  FuseMax2DPE_198
pe_4_0                              2685.6900      0.4    2050.6500     635.0400  0.0000  FuseMax2DPE_191
pe_4_1                              2682.4140      0.4    2046.3660     636.0480  0.0000  FuseMax2DPE_190
pe_4_10                             2682.5400      0.4    2046.4920     636.0480  0.0000  FuseMax2DPE_181
pe_4_11                             2682.7920      0.4    2046.7440     636.0480  0.0000  FuseMax2DPE_180
pe_4_12                             2682.9180      0.4    2046.8700     636.0480  0.0000  FuseMax2DPE_179
pe_4_13                             2682.6660      0.4    2046.6180     636.0480  0.0000  FuseMax2DPE_178
pe_4_14                             2682.4140      0.4    2046.3660     636.0480  0.0000  FuseMax2DPE_177
pe_4_15                             2681.1540      0.4    2045.1060     636.0480  0.0000  FuseMax2DPE_176
pe_4_2                              2682.4140      0.4    2046.3660     636.0480  0.0000  FuseMax2DPE_189
pe_4_3                              2682.4140      0.4    2046.3660     636.0480  0.0000  FuseMax2DPE_188
pe_4_4                              2682.5400      0.4    2046.4920     636.0480  0.0000  FuseMax2DPE_187
pe_4_5                              2685.5640      0.4    2049.5160     636.0480  0.0000  FuseMax2DPE_186
pe_4_6                              2682.4140      0.4    2046.3660     636.0480  0.0000  FuseMax2DPE_185
pe_4_7                              2682.7920      0.4    2046.7440     636.0480  0.0000  FuseMax2DPE_184
pe_4_8                              2682.4140      0.4    2046.3660     636.0480  0.0000  FuseMax2DPE_183
pe_4_9                              2682.7920      0.4    2046.7440     636.0480  0.0000  FuseMax2DPE_182
pe_5_0                              2685.8160      0.4    2050.7760     635.0400  0.0000  FuseMax2DPE_175
pe_5_1                              2683.8000      0.4    2047.7520     636.0480  0.0000  FuseMax2DPE_174
pe_5_10                             2682.4140      0.4    2046.3660     636.0480  0.0000  FuseMax2DPE_165
pe_5_11                             2682.7920      0.4    2046.7440     636.0480  0.0000  FuseMax2DPE_164
pe_5_12                             2682.9180      0.4    2046.8700     636.0480  0.0000  FuseMax2DPE_163
pe_5_13                             2683.2960      0.4    2047.2480     636.0480  0.0000  FuseMax2DPE_162
pe_5_14                             2682.6660      0.4    2046.6180     636.0480  0.0000  FuseMax2DPE_161
pe_5_15                             2680.9020      0.4    2044.8540     636.0480  0.0000  FuseMax2DPE_160
pe_5_2                              2684.5560      0.4    2048.5080     636.0480  0.0000  FuseMax2DPE_173
pe_5_3                              2682.5400      0.4    2046.4920     636.0480  0.0000  FuseMax2DPE_172
pe_5_4                              2682.5400      0.4    2046.4920     636.0480  0.0000  FuseMax2DPE_171
pe_5_5                              2682.5400      0.4    2046.4920     636.0480  0.0000  FuseMax2DPE_170
pe_5_6                              2682.6660      0.4    2046.6180     636.0480  0.0000  FuseMax2DPE_169
pe_5_7                              2682.4140      0.4    2046.3660     636.0480  0.0000  FuseMax2DPE_168
pe_5_8                              2682.4140      0.4    2046.3660     636.0480  0.0000  FuseMax2DPE_167
pe_5_9                              2682.7920      0.4    2046.7440     636.0480  0.0000  FuseMax2DPE_166
pe_6_0                              2685.8160      0.4    2050.7760     635.0400  0.0000  FuseMax2DPE_159
pe_6_1                              2682.6660      0.4    2046.6180     636.0480  0.0000  FuseMax2DPE_158
pe_6_10                             2682.6660      0.4    2046.6180     636.0480  0.0000  FuseMax2DPE_149
pe_6_11                             2682.6660      0.4    2046.6180     636.0480  0.0000  FuseMax2DPE_148
pe_6_12                             2682.6660      0.4    2046.6180     636.0480  0.0000  FuseMax2DPE_147
pe_6_13                             2682.5400      0.4    2046.4920     636.0480  0.0000  FuseMax2DPE_146
pe_6_14                             2684.6820      0.4    2048.6340     636.0480  0.0000  FuseMax2DPE_145
pe_6_15                             2681.1540      0.4    2045.1060     636.0480  0.0000  FuseMax2DPE_144
pe_6_2                              2684.4300      0.4    2048.3820     636.0480  0.0000  FuseMax2DPE_157
pe_6_3                              2682.4140      0.4    2046.3660     636.0480  0.0000  FuseMax2DPE_156
pe_6_4                              2682.4140      0.4    2046.3660     636.0480  0.0000  FuseMax2DPE_155
pe_6_5                              2683.0440      0.4    2046.9960     636.0480  0.0000  FuseMax2DPE_154
pe_6_6                              2682.4140      0.4    2046.3660     636.0480  0.0000  FuseMax2DPE_153
pe_6_7                              2683.1700      0.4    2047.1220     636.0480  0.0000  FuseMax2DPE_152
pe_6_8                              2682.7920      0.4    2046.7440     636.0480  0.0000  FuseMax2DPE_151
pe_6_9                              2683.0440      0.4    2046.9960     636.0480  0.0000  FuseMax2DPE_150
pe_7_0                              2685.8160      0.4    2050.7760     635.0400  0.0000  FuseMax2DPE_143
pe_7_1                              2682.6660      0.4    2046.6180     636.0480  0.0000  FuseMax2DPE_142
pe_7_10                             2682.4140      0.4    2046.3660     636.0480  0.0000  FuseMax2DPE_133
pe_7_11                             2684.4300      0.4    2048.3820     636.0480  0.0000  FuseMax2DPE_132
pe_7_12                             2682.6660      0.4    2046.6180     636.0480  0.0000  FuseMax2DPE_131
pe_7_13                             2682.5400      0.4    2046.4920     636.0480  0.0000  FuseMax2DPE_130
pe_7_14                             2683.8000      0.4    2047.7520     636.0480  0.0000  FuseMax2DPE_129
pe_7_15                             2680.7760      0.4    2044.7280     636.0480  0.0000  FuseMax2DPE_128
pe_7_2                              2682.4140      0.4    2046.3660     636.0480  0.0000  FuseMax2DPE_141
pe_7_3                              2682.4140      0.4    2046.3660     636.0480  0.0000  FuseMax2DPE_140
pe_7_4                              2682.5400      0.4    2046.4920     636.0480  0.0000  FuseMax2DPE_139
pe_7_5                              2682.6660      0.4    2046.6180     636.0480  0.0000  FuseMax2DPE_138
pe_7_6                              2682.4140      0.4    2046.3660     636.0480  0.0000  FuseMax2DPE_137
pe_7_7                              2682.4140      0.4    2046.3660     636.0480  0.0000  FuseMax2DPE_136
pe_7_8                              2683.0440      0.4    2046.9960     636.0480  0.0000  FuseMax2DPE_135
pe_7_9                              2682.7920      0.4    2046.7440     636.0480  0.0000  FuseMax2DPE_134
pe_8_0                              2686.4460      0.4    2051.4060     635.0400  0.0000  FuseMax2DPE_127
pe_8_1                              2682.6660      0.4    2046.6180     636.0480  0.0000  FuseMax2DPE_126
pe_8_10                             2682.4140      0.4    2046.3660     636.0480  0.0000  FuseMax2DPE_117
pe_8_11                             2682.6660      0.4    2046.6180     636.0480  0.0000  FuseMax2DPE_116
pe_8_12                             2682.6660      0.4    2046.6180     636.0480  0.0000  FuseMax2DPE_115
pe_8_13                             2683.2960      0.4    2047.2480     636.0480  0.0000  FuseMax2DPE_114
pe_8_14                             2682.6660      0.4    2046.6180     636.0480  0.0000  FuseMax2DPE_113
pe_8_15                             2681.0280      0.4    2044.9800     636.0480  0.0000  FuseMax2DPE_112
pe_8_2                              2682.7920      0.4    2046.7440     636.0480  0.0000  FuseMax2DPE_125
pe_8_3                              2682.5400      0.4    2046.4920     636.0480  0.0000  FuseMax2DPE_124
pe_8_4                              2682.6660      0.4    2046.6180     636.0480  0.0000  FuseMax2DPE_123
pe_8_5                              2682.5400      0.4    2046.4920     636.0480  0.0000  FuseMax2DPE_122
pe_8_6                              2682.6660      0.4    2046.6180     636.0480  0.0000  FuseMax2DPE_121
pe_8_7                              2683.0440      0.4    2046.9960     636.0480  0.0000  FuseMax2DPE_120
pe_8_8                              2685.3120      0.4    2049.2640     636.0480  0.0000  FuseMax2DPE_119
pe_8_9                              2682.7920      0.4    2046.7440     636.0480  0.0000  FuseMax2DPE_118
pe_9_0                              2685.6900      0.4    2050.6500     635.0400  0.0000  FuseMax2DPE_111
pe_9_1                              2682.4140      0.4    2046.3660     636.0480  0.0000  FuseMax2DPE_110
pe_9_10                             2682.6660      0.4    2046.6180     636.0480  0.0000  FuseMax2DPE_101
pe_9_11                             2682.6660      0.4    2046.6180     636.0480  0.0000  FuseMax2DPE_100
pe_9_12                             2682.6660      0.4    2046.6180     636.0480  0.0000  FuseMax2DPE_99
pe_9_13                             2682.6660      0.4    2046.6180     636.0480  0.0000  FuseMax2DPE_98
pe_9_14                             2682.5400      0.4    2046.4920     636.0480  0.0000  FuseMax2DPE_97
pe_9_15                             2682.4140      0.4    2046.3660     636.0480  0.0000  FuseMax2DPE_96
pe_9_2                              2682.4140      0.4    2046.3660     636.0480  0.0000  FuseMax2DPE_109
pe_9_3                              2682.5400      0.4    2046.4920     636.0480  0.0000  FuseMax2DPE_108
pe_9_4                              2682.5400      0.4    2046.4920     636.0480  0.0000  FuseMax2DPE_107
pe_9_5                              2685.3120      0.4    2049.2640     636.0480  0.0000  FuseMax2DPE_106
pe_9_6                              2682.4140      0.4    2046.3660     636.0480  0.0000  FuseMax2DPE_105
pe_9_7                              2682.5400      0.4    2046.4920     636.0480  0.0000  FuseMax2DPE_104
pe_9_8                              2683.1700      0.4    2047.1220     636.0480  0.0000  FuseMax2DPE_103
pe_9_9                              2682.7920      0.4    2046.7440     636.0480  0.0000  FuseMax2DPE_102
--------------------------------  -----------  -------  -----------  -----------  ------  ---------------
Total                                                   522878.9578  162815.8129  0.0000

1
