Information: Updating design information... (UID-85)
Warning: Design 'SystolicArray' contains 1 high-fanout nets. A fanout number of 1000 will be used for delay calculations involving these nets. (TIM-134)
 
****************************************
Report : timing
        -path full
        -delay max
        -nets
        -max_paths 1
        -transition_time
Design : SystolicArray
Version: V-2023.12
Date   : Mon Apr  6 04:45:01 2026
****************************************

 # A fanout number of 1000 was used for high fanout net computations.

Operating Conditions: ffg0p99v0c   Library: tcbn28hpcplusbwp30p140ffg0p99v0c_ccs
Wire Load Model Mode: segmented

  Startpoint: pairs_2_9/right/regW_reg[2]
              (rising edge-triggered flip-flop clocked by ideal_clock1)
  Endpoint: pairs_2_9/right/regS_reg[31]
            (rising edge-triggered flip-flop clocked by ideal_clock1)
  Path Group: ideal_clock1
  Path Type: max

  Des/Clust/Port     Wire Load Model       Library
  ------------------------------------------------
  StripPair_54       ZeroWireload          tcbn28hpcplusbwp30p140ffg0p99v0c_ccs
  StripPair_48       ZeroWireload          tcbn28hpcplusbwp30p140ffg0p99v0c_ccs
  StripPair_42       ZeroWireload          tcbn28hpcplusbwp30p140ffg0p99v0c_ccs
  StripPair_36       ZeroWireload          tcbn28hpcplusbwp30p140ffg0p99v0c_ccs
  StripPair_30       ZeroWireload          tcbn28hpcplusbwp30p140ffg0p99v0c_ccs
  StripPair_24       ZeroWireload          tcbn28hpcplusbwp30p140ffg0p99v0c_ccs
  StripPair_18       ZeroWireload          tcbn28hpcplusbwp30p140ffg0p99v0c_ccs
  StripPair_12       ZeroWireload          tcbn28hpcplusbwp30p140ffg0p99v0c_ccs
  StripPair_6        ZeroWireload          tcbn28hpcplusbwp30p140ffg0p99v0c_ccs
  StripPair_0        ZeroWireload          tcbn28hpcplusbwp30p140ffg0p99v0c_ccs
  StripPair_70       ZeroWireload          tcbn28hpcplusbwp30p140ffg0p99v0c_ccs
  StripPair_69       ZeroWireload          tcbn28hpcplusbwp30p140ffg0p99v0c_ccs
  StripPair_68       ZeroWireload          tcbn28hpcplusbwp30p140ffg0p99v0c_ccs
  StripPair_67       ZeroWireload          tcbn28hpcplusbwp30p140ffg0p99v0c_ccs
  StripPair_64       ZeroWireload          tcbn28hpcplusbwp30p140ffg0p99v0c_ccs
  StripPair_63       ZeroWireload          tcbn28hpcplusbwp30p140ffg0p99v0c_ccs
  StripPair_62       ZeroWireload          tcbn28hpcplusbwp30p140ffg0p99v0c_ccs
  StripPair_61       ZeroWireload          tcbn28hpcplusbwp30p140ffg0p99v0c_ccs
  StripPair_59       ZeroWireload          tcbn28hpcplusbwp30p140ffg0p99v0c_ccs
  StripPair_58       ZeroWireload          tcbn28hpcplusbwp30p140ffg0p99v0c_ccs
  StripPair_57       ZeroWireload          tcbn28hpcplusbwp30p140ffg0p99v0c_ccs
  StripPair_56       ZeroWireload          tcbn28hpcplusbwp30p140ffg0p99v0c_ccs
  StripPair_55       ZeroWireload          tcbn28hpcplusbwp30p140ffg0p99v0c_ccs
  StripPair_53       ZeroWireload          tcbn28hpcplusbwp30p140ffg0p99v0c_ccs
  StripPair_52       ZeroWireload          tcbn28hpcplusbwp30p140ffg0p99v0c_ccs
  StripPair_51       ZeroWireload          tcbn28hpcplusbwp30p140ffg0p99v0c_ccs
  StripPair_50       ZeroWireload          tcbn28hpcplusbwp30p140ffg0p99v0c_ccs
  StripPair_49       ZeroWireload          tcbn28hpcplusbwp30p140ffg0p99v0c_ccs
  StripPair_47       ZeroWireload          tcbn28hpcplusbwp30p140ffg0p99v0c_ccs
  StripPair_46       ZeroWireload          tcbn28hpcplusbwp30p140ffg0p99v0c_ccs
  StripPair_45       ZeroWireload          tcbn28hpcplusbwp30p140ffg0p99v0c_ccs
  StripPair_44       ZeroWireload          tcbn28hpcplusbwp30p140ffg0p99v0c_ccs
  StripPair_43       ZeroWireload          tcbn28hpcplusbwp30p140ffg0p99v0c_ccs
  StripPair_41       ZeroWireload          tcbn28hpcplusbwp30p140ffg0p99v0c_ccs
  StripPair_40       ZeroWireload          tcbn28hpcplusbwp30p140ffg0p99v0c_ccs
  StripPair_39       ZeroWireload          tcbn28hpcplusbwp30p140ffg0p99v0c_ccs
  StripPair_38       ZeroWireload          tcbn28hpcplusbwp30p140ffg0p99v0c_ccs
  StripPair_37       ZeroWireload          tcbn28hpcplusbwp30p140ffg0p99v0c_ccs
  StripPair_35       ZeroWireload          tcbn28hpcplusbwp30p140ffg0p99v0c_ccs
  StripPair_34       ZeroWireload          tcbn28hpcplusbwp30p140ffg0p99v0c_ccs
  StripPair_33       ZeroWireload          tcbn28hpcplusbwp30p140ffg0p99v0c_ccs
  StripPair_32       ZeroWireload          tcbn28hpcplusbwp30p140ffg0p99v0c_ccs
  StripPair_31       ZeroWireload          tcbn28hpcplusbwp30p140ffg0p99v0c_ccs
  StripPair_29       ZeroWireload          tcbn28hpcplusbwp30p140ffg0p99v0c_ccs
  StripPair_28       ZeroWireload          tcbn28hpcplusbwp30p140ffg0p99v0c_ccs
  StripPair_27       ZeroWireload          tcbn28hpcplusbwp30p140ffg0p99v0c_ccs
  StripPair_26       ZeroWireload          tcbn28hpcplusbwp30p140ffg0p99v0c_ccs
  StripPair_25       ZeroWireload          tcbn28hpcplusbwp30p140ffg0p99v0c_ccs
  StripPair_23       ZeroWireload          tcbn28hpcplusbwp30p140ffg0p99v0c_ccs
  StripPair_22       ZeroWireload          tcbn28hpcplusbwp30p140ffg0p99v0c_ccs
  StripPair_21       ZeroWireload          tcbn28hpcplusbwp30p140ffg0p99v0c_ccs
  StripPair_20       ZeroWireload          tcbn28hpcplusbwp30p140ffg0p99v0c_ccs
  StripPair_19       ZeroWireload          tcbn28hpcplusbwp30p140ffg0p99v0c_ccs
  StripPair_17       ZeroWireload          tcbn28hpcplusbwp30p140ffg0p99v0c_ccs
  StripPair_16       ZeroWireload          tcbn28hpcplusbwp30p140ffg0p99v0c_ccs
  StripPair_15       ZeroWireload          tcbn28hpcplusbwp30p140ffg0p99v0c_ccs
  StripPair_14       ZeroWireload          tcbn28hpcplusbwp30p140ffg0p99v0c_ccs
  StripPair_13       ZeroWireload          tcbn28hpcplusbwp30p140ffg0p99v0c_ccs
  StripPair_11       ZeroWireload          tcbn28hpcplusbwp30p140ffg0p99v0c_ccs
  StripPair_10       ZeroWireload          tcbn28hpcplusbwp30p140ffg0p99v0c_ccs
  StripPair_9        ZeroWireload          tcbn28hpcplusbwp30p140ffg0p99v0c_ccs
  StripPair_8        ZeroWireload          tcbn28hpcplusbwp30p140ffg0p99v0c_ccs
  StripPair_7        ZeroWireload          tcbn28hpcplusbwp30p140ffg0p99v0c_ccs
  StripPair_5        ZeroWireload          tcbn28hpcplusbwp30p140ffg0p99v0c_ccs
  StripPair_4        ZeroWireload          tcbn28hpcplusbwp30p140ffg0p99v0c_ccs
  StripPair_3        ZeroWireload          tcbn28hpcplusbwp30p140ffg0p99v0c_ccs
  StripPair_2        ZeroWireload          tcbn28hpcplusbwp30p140ffg0p99v0c_ccs
  StripPair_1        ZeroWireload          tcbn28hpcplusbwp30p140ffg0p99v0c_ccs
  StripPair_60       ZeroWireload          tcbn28hpcplusbwp30p140ffg0p99v0c_ccs
  StripPair_65       ZeroWireload          tcbn28hpcplusbwp30p140ffg0p99v0c_ccs
  StripPair_66       ZeroWireload          tcbn28hpcplusbwp30p140ffg0p99v0c_ccs
  SystolicArray      ZeroWireload          tcbn28hpcplusbwp30p140ffg0p99v0c_ccs
  StripPair_71       ZeroWireload          tcbn28hpcplusbwp30p140ffg0p99v0c_ccs

Attributes:
    d - dont_touch
    u - dont_use
   mo - map_only
   so - size_only
    i - ideal_net or ideal_network
  inf - infeasible path

  Point                                    Fanout     Trans      Incr       Path      Attributes
  ------------------------------------------------------------------------------------------------------
  clock ideal_clock1 (rise edge)                                 0.00       0.00
  clock network delay (ideal)                                    0.00       0.00
  pairs_2_9/right/regW_reg[2]/CP (DFQD2BWP30P140)      0.00      0.00 #     0.00 r
  pairs_2_9/right/regW_reg[2]/Q (DFQD2BWP30P140)       0.01      0.04       0.04 f
  pairs_2_9/right/regW[2] (net)              4                   0.00       0.04 f
  pairs_2_9/U186/ZN (INVD1BWP30P140)                   0.01      0.01       0.05 r
  pairs_2_9/n741 (net)                       4                   0.00       0.05 r
  pairs_2_9/U149/Z (OR2D1BWP30P140)                    0.05      0.04       0.09 r
  pairs_2_9/n197 (net)                      30                   0.00       0.09 r
  pairs_2_9/U187/ZN (INVD2BWP30P140)                   0.04      0.03       0.12 f
  pairs_2_9/n833 (net)                      37                   0.00       0.12 f
  pairs_2_9/U198/ZN (AOI221D2BWP30P140)                0.07      0.05       0.16 r
  pairs_2_9/n87 (net)                       20                   0.00       0.16 r
  pairs_2_9/U199/ZN (INVD1BWP30P140)                   0.03      0.02       0.19 f
  pairs_2_9/n829 (net)                      12                   0.00       0.19 f
  pairs_2_9/U363/ZN (OAI222D0BWP30P140)                0.04      0.03       0.22 r
  pairs_2_9/n196 (net)                       1                   0.00       0.22 r
  pairs_2_9/U364/ZN (MUX2ND0BWP30P140)                 0.04      0.03       0.24 r
  pairs_2_9/n728 (net)                       3                   0.00       0.24 r
  pairs_2_9/U927/ZN (MAOI222D1BWP30P140)               0.02      0.02       0.26 f
  pairs_2_9/n803 (net)                       2                   0.00       0.26 f
  pairs_2_9/U928/ZN (MAOI222D1BWP30P140)               0.02      0.02       0.28 r
  pairs_2_9/intadd_160/A[0] (net)            1                   0.00       0.28 r
  pairs_2_9/intadd_160/U4/CO (FA1D0BWP30P140)          0.02      0.03       0.32 r    mo 
  pairs_2_9/intadd_160/n3 (net)              1                   0.00       0.32 r
  pairs_2_9/intadd_160/U3/CO (FA1D1BWP30P140)          0.01      0.02       0.34 r    mo 
  pairs_2_9/intadd_160/n2 (net)              1                   0.00       0.34 r
  pairs_2_9/U998/CO (FA1D1BWP30P140)                   0.01      0.02       0.36 r    mo 
  pairs_2_9/intadd_160/n1 (net)              3                   0.00       0.36 r
  pairs_2_9/U300/ZN (INVD1BWP30P140)                   0.01      0.01       0.36 f
  pairs_2_9/n57 (net)                        1                   0.00       0.36 f
  pairs_2_9/U301/ZN (MAOI222D1BWP30P140)               0.03      0.02       0.38 r
  pairs_2_9/n205 (net)                       3                   0.00       0.38 r
  pairs_2_9/U302/ZN (MAOI222D0BWP30P140)               0.04      0.03       0.41 f
  pairs_2_9/n210 (net)                       3                   0.00       0.41 f
  pairs_2_9/U307/ZN (OAI22D1BWP30P140)                 0.03      0.02       0.43 r
  pairs_2_9/n215 (net)                       3                   0.00       0.43 r
  pairs_2_9/U160/ZN (MAOI222D0BWP30P140)               0.04      0.03       0.45 f
  pairs_2_9/n220 (net)                       3                   0.00       0.45 f
  pairs_2_9/U309/ZN (MAOI222D1BWP30P140)               0.03      0.03       0.48 r
  pairs_2_9/n282 (net)                       3                   0.00       0.48 r
  pairs_2_9/U311/ZN (MAOI222D1BWP30P140)               0.03      0.02       0.51 f
  pairs_2_9/n287 (net)                       3                   0.00       0.51 f
  pairs_2_9/U312/ZN (MAOI222D1BWP30P140)               0.03      0.03       0.53 r
  pairs_2_9/n292 (net)                       3                   0.00       0.53 r
  pairs_2_9/U314/ZN (MAOI222D1BWP30P140)               0.03      0.02       0.55 f
  pairs_2_9/n297 (net)                       3                   0.00       0.55 f
  pairs_2_9/U315/ZN (MAOI222D1BWP30P140)               0.03      0.03       0.58 r
  pairs_2_9/n302 (net)                       3                   0.00       0.58 r
  pairs_2_9/U317/ZN (MAOI222D1BWP30P140)               0.03      0.02       0.60 f
  pairs_2_9/n307 (net)                       3                   0.00       0.60 f
  pairs_2_9/U318/ZN (MAOI222D1BWP30P140)               0.03      0.03       0.63 r
  pairs_2_9/n312 (net)                       3                   0.00       0.63 r
  pairs_2_9/U320/ZN (MAOI222D1BWP30P140)               0.03      0.02       0.65 f
  pairs_2_9/n320 (net)                       3                   0.00       0.65 f
  pairs_2_9/U321/ZN (MAOI222D1BWP30P140)               0.03      0.03       0.68 r
  pairs_2_9/n325 (net)                       3                   0.00       0.68 r
  pairs_2_9/U322/ZN (MAOI222D1BWP30P140)               0.03      0.02       0.70 f
  pairs_2_9/n339 (net)                       3                   0.00       0.70 f
  pairs_2_9/U20/ZN (MAOI222D1BWP30P140)                0.03      0.03       0.73 r
  pairs_2_9/n354 (net)                       3                   0.00       0.73 r
  pairs_2_9/U45/ZN (MAOI222D1BWP30P140)                0.03      0.02       0.75 f
  pairs_2_9/n375 (net)                       3                   0.00       0.75 f
  pairs_2_9/U43/ZN (MAOI222D1BWP30P140)                0.03      0.03       0.78 r
  pairs_2_9/n396 (net)                       3                   0.00       0.78 r
  pairs_2_9/U323/ZN (MAOI222D1BWP30P140)               0.03      0.02       0.80 f
  pairs_2_9/n417 (net)                       3                   0.00       0.80 f
  pairs_2_9/U324/ZN (MAOI222D1BWP30P140)               0.03      0.03       0.83 r
  pairs_2_9/n430 (net)                       3                   0.00       0.83 r
  pairs_2_9/U325/ZN (MAOI222D1BWP30P140)               0.03      0.02       0.85 f
  pairs_2_9/n459 (net)                       3                   0.00       0.85 f
  pairs_2_9/U326/ZN (MAOI222D1BWP30P140)               0.03      0.03       0.87 r
  pairs_2_9/n464 (net)                       3                   0.00       0.87 r
  pairs_2_9/U327/ZN (MAOI222D1BWP30P140)               0.03      0.02       0.90 f
  pairs_2_9/n477 (net)                       3                   0.00       0.90 f
  pairs_2_9/U18/ZN (MAOI222D1BWP30P140)                0.03      0.03       0.92 r
  pairs_2_9/n490 (net)                       3                   0.00       0.92 r
  pairs_2_9/U156/ZN (MAOI222D1BWP30P140)               0.03      0.03       0.95 f
  pairs_2_9/n241 (net)                       3                   0.00       0.95 f
  pairs_2_9/U332/ZN (MAOI222D1BWP30P140)               0.02      0.02       0.97 r
  pairs_2_9/n105 (net)                       1                   0.00       0.97 r
  pairs_2_9/U166/Z (XOR2UD1BWP30P140)                  0.02      0.01       0.98 f
  pairs_2_9/n194 (net)                       1                   0.00       0.98 f
  pairs_2_9/U355/ZN (MOAI22D1BWP30P140)                0.03      0.01       0.99 r
  pairs_2_9/n929 (net)                       1                   0.00       0.99 r
  pairs_2_9/right/regS_reg[31]/D (DFQD1BWP30P140)      0.03      0.00       0.99 r
  data arrival time                                                         0.99

  clock ideal_clock1 (rise edge)                                 1.00       1.00
  clock network delay (ideal)                                    0.00       1.00
  pairs_2_9/right/regS_reg[31]/CP (DFQD1BWP30P140)               0.00       1.00 r
  library setup time                                            -0.01       0.99
  data required time                                                        0.99
  ------------------------------------------------------------------------------------------------------
  data required time                                                        0.99
  data arrival time                                                        -0.99
  ------------------------------------------------------------------------------------------------------
  slack (MET)                                                               0.00


1
