 
****************************************
Report : power
        -hier
        -analysis_effort low
Design : FuseMax2DArray
Version: V-2023.12
Date   : Mon Apr  6 03:13:55 2026
****************************************


Library(s) Used:

    tcbn28hpcplusbwp30p140ffg0p99v0c_ccs (File: /hpc/Tech/TSMC/digital/N28/digital/Front_End/timing_power_noise/CCS/tcbn28hpcplusbwp30p140_180a/tcbn28hpcplusbwp30p140ffg0p99v0c_ccs.db)


Operating Conditions: ffg0p99v0c   Library: tcbn28hpcplusbwp30p140ffg0p99v0c_ccs
Wire Load Model Mode: segmented

Design        Wire Load Model            Library
------------------------------------------------
FuseMax2DArray         ZeroWireload      tcbn28hpcplusbwp30p140ffg0p99v0c_ccs
FuseMax2DPE_15         ZeroWireload      tcbn28hpcplusbwp30p140ffg0p99v0c_ccs
FuseMax2DPE_12         ZeroWireload      tcbn28hpcplusbwp30p140ffg0p99v0c_ccs
FuseMax2DPE_0          ZeroWireload      tcbn28hpcplusbwp30p140ffg0p99v0c_ccs
FuseMax2DPE_4          ZeroWireload      tcbn28hpcplusbwp30p140ffg0p99v0c_ccs
FuseMax2DPE_8          ZeroWireload      tcbn28hpcplusbwp30p140ffg0p99v0c_ccs
FuseMax2DPE_1          ZeroWireload      tcbn28hpcplusbwp30p140ffg0p99v0c_ccs
FuseMax2DPE_2          ZeroWireload      tcbn28hpcplusbwp30p140ffg0p99v0c_ccs
FuseMax2DPE_3          ZeroWireload      tcbn28hpcplusbwp30p140ffg0p99v0c_ccs
FuseMax2DPE_5          ZeroWireload      tcbn28hpcplusbwp30p140ffg0p99v0c_ccs
FuseMax2DPE_6          ZeroWireload      tcbn28hpcplusbwp30p140ffg0p99v0c_ccs
FuseMax2DPE_7          ZeroWireload      tcbn28hpcplusbwp30p140ffg0p99v0c_ccs
FuseMax2DPE_9          ZeroWireload      tcbn28hpcplusbwp30p140ffg0p99v0c_ccs
FuseMax2DPE_10         ZeroWireload      tcbn28hpcplusbwp30p140ffg0p99v0c_ccs
FuseMax2DPE_11         ZeroWireload      tcbn28hpcplusbwp30p140ffg0p99v0c_ccs
FuseMax2DPE_13         ZeroWireload      tcbn28hpcplusbwp30p140ffg0p99v0c_ccs
FuseMax2DPE_14         ZeroWireload      tcbn28hpcplusbwp30p140ffg0p99v0c_ccs


Global Operating Voltage = 0.99 
Power-specific unit information :
    Voltage Units = 1V
    Capacitance Units = 1.000000pf
    Time Units = 1ns
    Dynamic Power Units = 1mW    (derived from V,C,T units)
    Leakage Power Units = 1nW


--------------------------------------------------------------------------------
                                       Switch   Int      Leak     Total
Hierarchy                              Power    Power    Power    Power    %
--------------------------------------------------------------------------------
FuseMax2DArray                            1.731   22.311 1.81e+05   24.223 100.0
  pe_3_3 (FuseMax2DPE_0)                  0.104    1.385 9.97e+03    1.499   6.2
  pe_3_2 (FuseMax2DPE_1)                  0.103    1.384 1.00e+04    1.497   6.2
  pe_3_1 (FuseMax2DPE_2)                  0.106    1.388 1.00e+04    1.504   6.2
  pe_3_0 (FuseMax2DPE_3)                  0.102    1.386 1.00e+04    1.498   6.2
  pe_2_3 (FuseMax2DPE_4)                  0.104    1.391 1.17e+04    1.507   6.2
  pe_2_2 (FuseMax2DPE_5)                  0.110    1.396 1.17e+04    1.518   6.3
  pe_2_1 (FuseMax2DPE_6)                  0.107    1.394 1.17e+04    1.512   6.2
  pe_2_0 (FuseMax2DPE_7)                  0.107    1.396 1.17e+04    1.515   6.3
  pe_1_3 (FuseMax2DPE_8)                  0.109    1.396 1.17e+04    1.517   6.3
  pe_1_2 (FuseMax2DPE_9)                  0.107    1.394 1.17e+04    1.513   6.2
  pe_1_1 (FuseMax2DPE_10)                 0.109    1.396 1.17e+04    1.518   6.3
  pe_1_0 (FuseMax2DPE_11)                 0.107    1.396 1.17e+04    1.515   6.3
  pe_0_3 (FuseMax2DPE_12)                 0.115    1.403 1.18e+04    1.530   6.3
  pe_0_2 (FuseMax2DPE_13)                 0.111    1.399 1.18e+04    1.522   6.3
  pe_0_1 (FuseMax2DPE_14)                 0.111    1.399 1.18e+04    1.522   6.3
  pe_0_0 (FuseMax2DPE_15)                 0.117    1.408 1.18e+04    1.537   6.3
1
