Information: Updating design information... (UID-85)
Warning: Design 'FuseMax2DArray' contains 1 high-fanout nets. A fanout number of 1000 will be used for delay calculations involving these nets. (TIM-134)
 
****************************************
Report : timing
        -path full
        -delay max
        -nets
        -max_paths 1
        -transition_time
Design : FuseMax2DArray
Version: V-2023.12
Date   : Mon Apr  6 03:13:55 2026
****************************************

 # A fanout number of 1000 was used for high fanout net computations.

Operating Conditions: ffg0p99v0c   Library: tcbn28hpcplusbwp30p140ffg0p99v0c_ccs
Wire Load Model Mode: segmented

  Startpoint: pe_2_2/rf_8_reg[4]
              (rising edge-triggered flip-flop clocked by ideal_clock1)
  Endpoint: pe_3_2/northReg_reg[0]
            (rising edge-triggered flip-flop clocked by ideal_clock1)
  Path Group: ideal_clock1
  Path Type: max

  Des/Clust/Port     Wire Load Model       Library
  ------------------------------------------------
  FuseMax2DPE_14     ZeroWireload          tcbn28hpcplusbwp30p140ffg0p99v0c_ccs
  FuseMax2DPE_13     ZeroWireload          tcbn28hpcplusbwp30p140ffg0p99v0c_ccs
  FuseMax2DPE_11     ZeroWireload          tcbn28hpcplusbwp30p140ffg0p99v0c_ccs
  FuseMax2DPE_10     ZeroWireload          tcbn28hpcplusbwp30p140ffg0p99v0c_ccs
  FuseMax2DPE_9      ZeroWireload          tcbn28hpcplusbwp30p140ffg0p99v0c_ccs
  FuseMax2DPE_7      ZeroWireload          tcbn28hpcplusbwp30p140ffg0p99v0c_ccs
  FuseMax2DPE_6      ZeroWireload          tcbn28hpcplusbwp30p140ffg0p99v0c_ccs
  FuseMax2DPE_5      ZeroWireload          tcbn28hpcplusbwp30p140ffg0p99v0c_ccs
  FuseMax2DPE_3      ZeroWireload          tcbn28hpcplusbwp30p140ffg0p99v0c_ccs
  FuseMax2DPE_2      ZeroWireload          tcbn28hpcplusbwp30p140ffg0p99v0c_ccs
  FuseMax2DPE_1      ZeroWireload          tcbn28hpcplusbwp30p140ffg0p99v0c_ccs
  FuseMax2DPE_8      ZeroWireload          tcbn28hpcplusbwp30p140ffg0p99v0c_ccs
  FuseMax2DPE_4      ZeroWireload          tcbn28hpcplusbwp30p140ffg0p99v0c_ccs
  FuseMax2DPE_0      ZeroWireload          tcbn28hpcplusbwp30p140ffg0p99v0c_ccs
  FuseMax2DPE_12     ZeroWireload          tcbn28hpcplusbwp30p140ffg0p99v0c_ccs
  FuseMax2DArray     ZeroWireload          tcbn28hpcplusbwp30p140ffg0p99v0c_ccs
  FuseMax2DPE_15     ZeroWireload          tcbn28hpcplusbwp30p140ffg0p99v0c_ccs

Attributes:
    d - dont_touch
    u - dont_use
   mo - map_only
   so - size_only
    i - ideal_net or ideal_network
  inf - infeasible path

  Point                              Fanout     Trans      Incr       Path      Attributes
  ------------------------------------------------------------------------------------------------
  clock ideal_clock1 (rise edge)                           0.00       0.00
  clock network delay (ideal)                              0.00       0.00
  pe_2_2/rf_8_reg[4]/CP (DFQD1BWP30P140)         0.00      0.00 #     0.00 r
  pe_2_2/rf_8_reg[4]/Q (DFQD1BWP30P140)          0.01      0.04       0.04 f
  pe_2_2/_GEN[8][4] (net)              3                   0.00       0.04 f
  pe_2_2/U1382/ZN (AOI22D1BWP30P140)             0.02      0.01       0.05 r
  pe_2_2/n521 (net)                    1                   0.00       0.05 r
  pe_2_2/U99/ZN (ND4D0BWP30P140)                 0.03      0.02       0.07 f
  pe_2_2/n530 (net)                    1                   0.00       0.07 f
  pe_2_2/U1385/Z (AO211D1BWP30P140)              0.01      0.03       0.10 f
  pe_2_2/n1215 (net)                   4                   0.00       0.10 f
  pe_2_2/U160/ZN (INVD0BWP30P140)                0.01      0.01       0.11 r
  pe_2_2/n734 (net)                    1                   0.00       0.11 r
  pe_2_2/U35/ZN (OAI21OPTREPBD1BWP30P140)        0.08      0.05       0.16 f
  pe_2_2/n739 (net)                   32                   0.00       0.16 f
  pe_2_2/U1564/ZN (ND2D1BWP30P140)               0.03      0.02       0.18 r
  pe_2_2/n831 (net)                    3                   0.00       0.18 r
  pe_2_2/U1578/ZN (INVD0BWP30P140)               0.01      0.01       0.19 f
  pe_2_2/n757 (net)                    1                   0.00       0.19 f
  pe_2_2/U1581/ZN (NR2D1BWP30P140)               0.01      0.01       0.20 r
  pe_2_2/n790 (net)                    2                   0.00       0.20 r
  pe_2_2/U1611/ZN (OAI21D1BWP30P140)             0.01      0.01       0.21 f
  pe_2_2/n791 (net)                    1                   0.00       0.21 f
  pe_2_2/U412/ZN (AOI21D1BWP30P140)              0.01      0.01       0.22 r
  pe_2_2/n1105 (net)                   2                   0.00       0.22 r
  pe_2_2/U37/ZN (INVD0BWP30P140)                 0.02      0.01       0.23 f
  pe_2_2/n860 (net)                    3                   0.00       0.23 f
  pe_2_2/U402/ZN (AOI21D1BWP30P140)              0.02      0.02       0.25 r
  pe_2_2/n1058 (net)                   3                   0.00       0.25 r
  pe_2_2/U1621/ZN (OAI21D1BWP30P140)             0.02      0.01       0.27 f
  pe_2_2/n802 (net)                    1                   0.00       0.27 f
  pe_2_2/U373/Z (XOR2UD1BWP30P140)               0.04      0.03       0.29 f
  pe_2_2/n3182 (net)                   8                   0.00       0.29 f
  pe_2_2/U1629/ZN (OAI21D1BWP30P140)             0.02      0.02       0.31 r
  pe_2_2/n809 (net)                    1                   0.00       0.31 r
  pe_2_2/U1630/Z (XOR2UD0BWP30P140)              0.05      0.01       0.33 f
  pe_2_2/n1044 (net)                   1                   0.00       0.33 f
  pe_2_2/U1903/S (FA1D1BWP30P140)                0.01      0.05       0.37 r
  pe_2_2/n1065 (net)                   1                   0.00       0.37 r
  pe_2_2/U1914/S (FA1D1BWP30P140)                0.01      0.03       0.41 f
  pe_2_2/n1025 (net)                   2                   0.00       0.41 f
  pe_2_2/U799/ZN (ND2D1BWP30P140)                0.01      0.01       0.42 r
  pe_2_2/n1140 (net)                   2                   0.00       0.42 r
  pe_2_2/U1882/ZN (INVD0BWP30P140)               0.01      0.01       0.42 f
  pe_2_2/n1026 (net)                   1                   0.00       0.42 f
  pe_2_2/U818/ZN (AOI21D1BWP30P140)              0.02      0.01       0.44 r
  pe_2_2/n1169 (net)                   2                   0.00       0.44 r
  pe_2_2/U1917/ZN (OAI21D1BWP30P140)             0.02      0.01       0.45 f
  pe_2_2/n1679 (net)                   2                   0.00       0.45 f
  pe_2_2/U819/ZN (AOI21D1BWP30P140)              0.02      0.02       0.47 r
  pe_2_2/n1786 (net)                   2                   0.00       0.47 r
  pe_2_2/U2261/ZN (OAI21D1BWP30P140)             0.02      0.01       0.48 f
  pe_2_2/n1855 (net)                   1                   0.00       0.48 f
  pe_2_2/U2307/CO (FA1D1BWP30P140)               0.01      0.02       0.50 f
  pe_2_2/n1919 (net)                   1                   0.00       0.50 f
  pe_2_2/U2351/CO (FA1D1BWP30P140)               0.01      0.02       0.53 f
  pe_2_2/n1981 (net)                   1                   0.00       0.53 f
  pe_2_2/U2388/CO (FA1D1BWP30P140)               0.01      0.02       0.55 f
  pe_2_2/n2046 (net)                   1                   0.00       0.55 f
  pe_2_2/U2434/CO (FA1D1BWP30P140)               0.01      0.02       0.57 f
  pe_2_2/n2116 (net)                   1                   0.00       0.57 f
  pe_2_2/U2477/CO (FA1D1BWP30P140)               0.01      0.02       0.59 f
  pe_2_2/n2194 (net)                   1                   0.00       0.59 f
  pe_2_2/U2523/CO (FA1D1BWP30P140)               0.01      0.02       0.61 f
  pe_2_2/n2256 (net)                   1                   0.00       0.61 f
  pe_2_2/U2566/CO (FA1D1BWP30P140)               0.01      0.02       0.63 f
  pe_2_2/n2330 (net)                   1                   0.00       0.63 f
  pe_2_2/U2617/CO (FA1D1BWP30P140)               0.01      0.02       0.65 f
  pe_2_2/n2402 (net)                   1                   0.00       0.65 f
  pe_2_2/U2667/CO (FA1D1BWP30P140)               0.01      0.02       0.67 f
  pe_2_2/n2479 (net)                   1                   0.00       0.67 f
  pe_2_2/U2723/CO (FA1D1BWP30P140)               0.01      0.02       0.70 f
  pe_2_2/n2555 (net)                   1                   0.00       0.70 f
  pe_2_2/U2772/CO (FA1D1BWP30P140)               0.01      0.02       0.72 f
  pe_2_2/n2633 (net)                   1                   0.00       0.72 f
  pe_2_2/U2814/CO (FA1D1BWP30P140)               0.01      0.02       0.74 f
  pe_2_2/n2714 (net)                   1                   0.00       0.74 f
  pe_2_2/U2868/CO (FA1D1BWP30P140)               0.01      0.02       0.76 f
  pe_2_2/n2807 (net)                   1                   0.00       0.76 f
  pe_2_2/U2937/CO (FA1D1BWP30P140)               0.01      0.02       0.78 f
  pe_2_2/n2901 (net)                   1                   0.00       0.78 f
  pe_2_2/U3000/CO (FA1D1BWP30P140)               0.01      0.02       0.80 f
  pe_2_2/n3007 (net)                   1                   0.00       0.80 f
  pe_2_2/U3076/CO (FA1D1BWP30P140)               0.01      0.02       0.82 f
  pe_2_2/n3241 (net)                   1                   0.00       0.82 f
  pe_2_2/U3145/CO (FA1D1BWP30P140)               0.01      0.02       0.84 f
  pe_2_2/n3244 (net)                   1                   0.00       0.84 f
  pe_2_2/U3146/Z (XOR2UD1BWP30P140)              0.01      0.02       0.86 f
  pe_2_2/n3249 (net)                   1                   0.00       0.86 f
  pe_2_2/U3148/ZN (AOI222D1BWP30P140)            0.09      0.05       0.91 r
  pe_2_2/n3253 (net)                  13                   0.00       0.91 r
  pe_2_2/U3186/ZN (OAI21OPTREPBD1BWP30P140)      0.06      0.04       0.96 f
  pe_2_2/n3348 (net)                  15                   0.00       0.96 f
  pe_2_2/U3193/ZN (OAI211D1BWP30P140)            0.02      0.02       0.98 r
  pe_2_2/io_out_s[0] (net)             1                   0.00       0.98 r
  pe_2_2/io_out_s[0] (FuseMax2DPE_5)                       0.00       0.98 r
  _pe_2_2_io_out_s[0] (net)                                0.00       0.98 r
  pe_3_2/io_in_n[0] (FuseMax2DPE_1)                        0.00       0.98 r
  pe_3_2/io_in_n[0] (net)                                  0.00       0.98 r
  pe_3_2/U158/Z (CKAN2D1BWP30P140)               0.01      0.01       0.99 r
  pe_3_2/N950 (net)                    1                   0.00       0.99 r
  pe_3_2/northReg_reg[0]/D (DFQD1BWP30P140)      0.01      0.00       0.99 r
  data arrival time                                                   0.99

  clock ideal_clock1 (rise edge)                           1.00       1.00
  clock network delay (ideal)                              0.00       1.00
  pe_3_2/northReg_reg[0]/CP (DFQD1BWP30P140)               0.00       1.00 r
  library setup time                                      -0.01       0.99
  data required time                                                  0.99
  ------------------------------------------------------------------------------------------------
  data required time                                                  0.99
  data arrival time                                                  -0.99
  ------------------------------------------------------------------------------------------------
  slack (MET)                                                         0.00


1
