Information: Updating design information... (UID-85)
Warning: Design 'OneSaArray' contains 1 high-fanout nets. A fanout number of 1000 will be used for delay calculations involving these nets. (TIM-134)
 
****************************************
Report : timing
        -path full
        -delay max
        -nets
        -max_paths 1
        -transition_time
Design : OneSaArray
Version: V-2023.12
Date   : Mon Apr  6 15:55:24 2026
****************************************

 # A fanout number of 1000 was used for high fanout net computations.

Operating Conditions: ffg0p99v0c   Library: tcbn28hpcplusbwp30p140ffg0p99v0c_ccs
Wire Load Model Mode: segmented

  Startpoint: mesh/pes_4_1/regEast_lanes_1_reg[1]
              (rising edge-triggered flip-flop clocked by ideal_clock1)
  Endpoint: mesh/pes_4_2/regSharedPairs_0_reg[31]
            (rising edge-triggered flip-flop clocked by ideal_clock1)
  Path Group: ideal_clock1
  Path Type: max

  Des/Clust/Port     Wire Load Model       Library
  ------------------------------------------------
  OneSaArray         ZeroWireload          tcbn28hpcplusbwp30p140ffg0p99v0c_ccs
  OneSaMesh          ZeroWireload          tcbn28hpcplusbwp30p140ffg0p99v0c_ccs

Attributes:
    d - dont_touch
    u - dont_use
   mo - map_only
   so - size_only
    i - ideal_net or ideal_network
  inf - infeasible path

  Point                                              Fanout     Trans      Incr       Path      Attributes
  ----------------------------------------------------------------------------------------------------------------
  clock ideal_clock1 (rise edge)                                           0.00       0.00
  clock network delay (ideal)                                              0.00       0.00
  mesh/pes_4_1/regEast_lanes_1_reg[1]/CP (DFKCND1BWP30P140)      0.00      0.00 #     0.00 r
  mesh/pes_4_1/regEast_lanes_1_reg[1]/Q (DFKCND1BWP30P140)       0.03      0.05       0.05 f
  mesh/_pes_4_1_io_eastOut_lanes_1[1] (net)           13                   0.00       0.05 f
  mesh/U70816/Z (XOR2UD1BWP30P140)                               0.09      0.06       0.11 f
  mesh/n227012 (net)                                  17                   0.00       0.11 f
  mesh/U70817/ZN (INVD0BWP30P140)                                0.03      0.03       0.14 r
  mesh/n71727 (net)                                    2                   0.00       0.14 r
  mesh/U219129/ZN (NR3D0P7BWP30P140)                             0.03      0.02       0.15 f
  mesh/intadd_10199/A[0] (net)                         2                   0.00       0.15 f
  mesh/intadd_10199/U5/S (FA1D1BWP30P140)                        0.02      0.05       0.20 r    mo 
  mesh/intadd_10199/SUM[0] (net)                       1                   0.00       0.20 r
  mesh/intadd_14485/U3/S (FA1D1BWP30P140)                        0.01      0.03       0.24 r    mo 
  mesh/intadd_14485/SUM[1] (net)                       2                   0.00       0.24 r
  mesh/U219116/ZN (IND2D1BWP30P140)                              0.01      0.01       0.25 f
  mesh/n177688 (net)                                   2                   0.00       0.25 f
  mesh/U219120/ZN (ND2D1BWP30P140)                               0.01      0.01       0.25 r
  mesh/n71721 (net)                                    1                   0.00       0.25 r
  mesh/U219122/Z (AN2D0BWP30P140)                                0.02      0.02       0.27 r
  mesh/intadd_14485/B[2] (net)                         1                   0.00       0.27 r
  mesh/intadd_14485/U2/CO (FA1D1BWP30P140)                       0.01      0.02       0.30 r    mo 
  mesh/intadd_14485/n1 (net)                           2                   0.00       0.30 r
  mesh/U219081/Z (AN2D0BWP30P140)                                0.01      0.02       0.31 r
  mesh/n179859 (net)                                   2                   0.00       0.31 r
  mesh/U219082/ZN (INVD0BWP30P140)                               0.01      0.01       0.32 f
  mesh/n71697 (net)                                    1                   0.00       0.32 f
  mesh/U52348/ZN (AOI21D1BWP30P140)                              0.02      0.01       0.33 r
  mesh/intadd_10199/B[3] (net)                         1                   0.00       0.33 r
  mesh/intadd_10199/U2/CO (FA1D1BWP30P140)                       0.01      0.02       0.36 r    mo 
  mesh/intadd_10199/n1 (net)                           3                   0.00       0.36 r
  mesh/U219057/ZN (NR2D1BWP30P140)                               0.01      0.00       0.36 f
  mesh/n71690 (net)                                    1                   0.00       0.36 f
  mesh/U219058/ZN (MOAI22D0BWP30P140)                            0.03      0.02       0.38 r
  mesh/intadd_10197/B[3] (net)                         1                   0.00       0.38 r
  mesh/intadd_10197/U2/CO (FA1D1BWP30P140)                       0.01      0.03       0.41 r    mo 
  mesh/intadd_10197/n1 (net)                           2                   0.00       0.41 r
  mesh/U380724/ZN (MAOI222D1BWP30P140)                           0.03      0.02       0.43 f
  mesh/intadd_6056/B[4] (net)                          1                   0.00       0.43 f
  mesh/intadd_6056/U2/CO (FA1D1BWP30P140)                        0.01      0.03       0.46 f    mo 
  mesh/intadd_6056/n1 (net)                            1                   0.00       0.46 f
  mesh/intadd_5283/U2/CO (FA1D1BWP30P140)                        0.01      0.02       0.48 f    mo 
  mesh/intadd_5283/n1 (net)                            1                   0.00       0.48 f
  mesh/U218980/ZN (INVD1BWP30P140)                               0.01      0.01       0.49 r
  mesh/intadd_5282/B[5] (net)                          1                   0.00       0.49 r
  mesh/intadd_5282/U2/CO (FA1D1BWP30P140)                        0.01      0.02       0.51 r    mo 
  mesh/intadd_5282/n1 (net)                            2                   0.00       0.51 r
  mesh/U380719/ZN (MAOI222D1BWP30P140)                           0.03      0.02       0.53 f
  mesh/intadd_3019/B[6] (net)                          1                   0.00       0.53 f
  mesh/intadd_3019/U2/CO (FA1D1BWP30P140)                        0.01      0.03       0.56 f    mo 
  mesh/intadd_3019/n1 (net)                            1                   0.00       0.56 f
  mesh/U218976/ZN (INVD1BWP30P140)                               0.01      0.01       0.57 r
  mesh/intadd_703/B[6] (net)                           1                   0.00       0.57 r
  mesh/intadd_703/U4/CO (FA1D1BWP30P140)                         0.01      0.02       0.59 r    mo 
  mesh/intadd_703/n3 (net)                             1                   0.00       0.59 r
  mesh/intadd_703/U3/CO (FA1D1BWP30P140)                         0.01      0.02       0.61 r    mo 
  mesh/intadd_703/n2 (net)                             1                   0.00       0.61 r
  mesh/intadd_703/U2/CO (FA1D1BWP30P140)                         0.01      0.02       0.63 r    mo 
  mesh/intadd_703/n1 (net)                             2                   0.00       0.63 r
  mesh/U380715/ZN (MAOI222D1BWP30P140)                           0.03      0.02       0.65 f
  mesh/intadd_1365/B[7] (net)                          1                   0.00       0.65 f
  mesh/intadd_1365/U2/CO (FA1D1BWP30P140)                        0.01      0.03       0.68 f    mo 
  mesh/intadd_1365/n1 (net)                            2                   0.00       0.68 f
  mesh/U380713/ZN (MAOI222D1BWP30P140)                           0.03      0.02       0.70 r
  mesh/intadd_3016/B[6] (net)                          1                   0.00       0.70 r
  mesh/intadd_3016/U2/CO (FA1D1BWP30P140)                        0.01      0.03       0.72 r    mo 
  mesh/intadd_3016/n1 (net)                            2                   0.00       0.72 r
  mesh/U380706/ZN (MAOI222D1BWP30P140)                           0.03      0.02       0.74 f
  mesh/intadd_1364/B[7] (net)                          1                   0.00       0.74 f
  mesh/intadd_1364/U2/CO (FA1D1BWP30P140)                        0.01      0.03       0.77 f    mo 
  mesh/intadd_1364/n1 (net)                            2                   0.00       0.77 f
  mesh/U218895/Z (CKAN2D1BWP30P140)                              0.01      0.01       0.79 f
  mesh/n183101 (net)                                   2                   0.00       0.79 f
  mesh/U218896/ZN (IAO21D2BWP30P140)                             0.01      0.02       0.80 f
  mesh/intadd_3015/B[6] (net)                          1                   0.00       0.80 f
  mesh/intadd_3015/U2/CO (FA1D1BWP30P140)                        0.01      0.02       0.83 f    mo 
  mesh/intadd_3015/n1 (net)                            2                   0.00       0.83 f
  mesh/U218852/Z (CKAN2D1BWP30P140)                              0.01      0.01       0.84 f
  mesh/n184546 (net)                                   2                   0.00       0.84 f
  mesh/U218853/ZN (IAO21D2BWP30P140)                             0.01      0.02       0.86 f
  mesh/intadd_5278/B[5] (net)                          1                   0.00       0.86 f
  mesh/intadd_5278/U2/CO (FA1D1BWP30P140)                        0.01      0.02       0.88 f    mo 
  mesh/intadd_5278/n1 (net)                            2                   0.00       0.88 f
  mesh/U218845/Z (CKAN2D1BWP30P140)                              0.01      0.01       0.90 f
  mesh/n185934 (net)                                   2                   0.00       0.90 f
  mesh/U52347/ZN (IAO21D1BWP30P140)                              0.01      0.02       0.91 f
  mesh/intadd_7775/A[3] (net)                          1                   0.00       0.91 f
  mesh/intadd_7775/U3/CO (FA1D1BWP30P140)                        0.01      0.02       0.94 f    mo 
  mesh/intadd_7775/n2 (net)                            1                   0.00       0.94 f
  mesh/intadd_7775/U2/CO (FA1D1BWP30P140)                        0.01      0.02       0.96 f    mo 
  mesh/intadd_7775/n1 (net)                            1                   0.00       0.96 f
  mesh/U4054/Z (XOR3UD1BWP30P140)                                0.01      0.01       0.97 f
  mesh/n189724 (net)                                   1                   0.00       0.97 f
  mesh/U3560/ZN (MOAI22D0BWP30P140)                              0.07      0.01       0.99 r
  mesh/n19326 (net)                                    1                   0.00       0.99 r
  mesh/pes_4_2/regSharedPairs_0_reg[31]/D (DFQD1BWP30P140)       0.07      0.00       0.99 r
  data arrival time                                                                   0.99

  clock ideal_clock1 (rise edge)                                           1.00       1.00
  clock network delay (ideal)                                              0.00       1.00
  mesh/pes_4_2/regSharedPairs_0_reg[31]/CP (DFQD1BWP30P140)                0.00       1.00 r
  library setup time                                                      -0.01       0.99
  data required time                                                                  0.99
  ----------------------------------------------------------------------------------------------------------------
  data required time                                                                  0.99
  data arrival time                                                                  -0.99
  ----------------------------------------------------------------------------------------------------------------
  slack (MET)                                                                         0.00


1
