Information: Updating design information... (UID-85)
Warning: Design 'SystolicArray' contains 2 high-fanout nets. A fanout number of 1000 will be used for delay calculations involving these nets. (TIM-134)
 
****************************************
Report : timing
        -path full
        -delay max
        -nets
        -max_paths 1
        -transition_time
Design : SystolicArray
Version: V-2023.12
Date   : Mon Apr  6 17:36:01 2026
****************************************

 # A fanout number of 1000 was used for high fanout net computations.

Operating Conditions: ffg0p99v0c   Library: tcbn28hpcplusbwp30p140ffg0p99v0c_ccs
Wire Load Model Mode: segmented

  Startpoint: pairs_6_5/left/regS_bits_reg[13]
              (rising edge-triggered flip-flop clocked by ideal_clock1)
  Endpoint: pairs_6_6/left/regS_bits_reg[10]
            (rising edge-triggered flip-flop clocked by ideal_clock1)
  Path Group: ideal_clock1
  Path Type: max

  Des/Clust/Port     Wire Load Model       Library
  ------------------------------------------------
  StripPair_170      ZeroWireload          tcbn28hpcplusbwp30p140ffg0p99v0c_ccs
  StripPair_160      ZeroWireload          tcbn28hpcplusbwp30p140ffg0p99v0c_ccs
  StripPair_150      ZeroWireload          tcbn28hpcplusbwp30p140ffg0p99v0c_ccs
  StripPair_140      ZeroWireload          tcbn28hpcplusbwp30p140ffg0p99v0c_ccs
  StripPair_130      ZeroWireload          tcbn28hpcplusbwp30p140ffg0p99v0c_ccs
  StripPair_120      ZeroWireload          tcbn28hpcplusbwp30p140ffg0p99v0c_ccs
  StripPair_110      ZeroWireload          tcbn28hpcplusbwp30p140ffg0p99v0c_ccs
  StripPair_100      ZeroWireload          tcbn28hpcplusbwp30p140ffg0p99v0c_ccs
  StripPair_90       ZeroWireload          tcbn28hpcplusbwp30p140ffg0p99v0c_ccs
  StripPair_80       ZeroWireload          tcbn28hpcplusbwp30p140ffg0p99v0c_ccs
  StripPair_70       ZeroWireload          tcbn28hpcplusbwp30p140ffg0p99v0c_ccs
  StripPair_60       ZeroWireload          tcbn28hpcplusbwp30p140ffg0p99v0c_ccs
  StripPair_50       ZeroWireload          tcbn28hpcplusbwp30p140ffg0p99v0c_ccs
  StripPair_40       ZeroWireload          tcbn28hpcplusbwp30p140ffg0p99v0c_ccs
  StripPair_30       ZeroWireload          tcbn28hpcplusbwp30p140ffg0p99v0c_ccs
  StripPair_20       ZeroWireload          tcbn28hpcplusbwp30p140ffg0p99v0c_ccs
  StripPair_10       ZeroWireload          tcbn28hpcplusbwp30p140ffg0p99v0c_ccs
  StripPair_0        ZeroWireload          tcbn28hpcplusbwp30p140ffg0p99v0c_ccs
  StripPair_198      ZeroWireload          tcbn28hpcplusbwp30p140ffg0p99v0c_ccs
  StripPair_197      ZeroWireload          tcbn28hpcplusbwp30p140ffg0p99v0c_ccs
  StripPair_196      ZeroWireload          tcbn28hpcplusbwp30p140ffg0p99v0c_ccs
  StripPair_195      ZeroWireload          tcbn28hpcplusbwp30p140ffg0p99v0c_ccs
  StripPair_194      ZeroWireload          tcbn28hpcplusbwp30p140ffg0p99v0c_ccs
  StripPair_193      ZeroWireload          tcbn28hpcplusbwp30p140ffg0p99v0c_ccs
  StripPair_192      ZeroWireload          tcbn28hpcplusbwp30p140ffg0p99v0c_ccs
  StripPair_191      ZeroWireload          tcbn28hpcplusbwp30p140ffg0p99v0c_ccs
  StripPair_188      ZeroWireload          tcbn28hpcplusbwp30p140ffg0p99v0c_ccs
  StripPair_187      ZeroWireload          tcbn28hpcplusbwp30p140ffg0p99v0c_ccs
  StripPair_186      ZeroWireload          tcbn28hpcplusbwp30p140ffg0p99v0c_ccs
  StripPair_185      ZeroWireload          tcbn28hpcplusbwp30p140ffg0p99v0c_ccs
  StripPair_184      ZeroWireload          tcbn28hpcplusbwp30p140ffg0p99v0c_ccs
  StripPair_183      ZeroWireload          tcbn28hpcplusbwp30p140ffg0p99v0c_ccs
  StripPair_182      ZeroWireload          tcbn28hpcplusbwp30p140ffg0p99v0c_ccs
  StripPair_181      ZeroWireload          tcbn28hpcplusbwp30p140ffg0p99v0c_ccs
  StripPair_179      ZeroWireload          tcbn28hpcplusbwp30p140ffg0p99v0c_ccs
  StripPair_178      ZeroWireload          tcbn28hpcplusbwp30p140ffg0p99v0c_ccs
  StripPair_177      ZeroWireload          tcbn28hpcplusbwp30p140ffg0p99v0c_ccs
  StripPair_176      ZeroWireload          tcbn28hpcplusbwp30p140ffg0p99v0c_ccs
  StripPair_175      ZeroWireload          tcbn28hpcplusbwp30p140ffg0p99v0c_ccs
  StripPair_174      ZeroWireload          tcbn28hpcplusbwp30p140ffg0p99v0c_ccs
  StripPair_173      ZeroWireload          tcbn28hpcplusbwp30p140ffg0p99v0c_ccs
  StripPair_172      ZeroWireload          tcbn28hpcplusbwp30p140ffg0p99v0c_ccs
  StripPair_171      ZeroWireload          tcbn28hpcplusbwp30p140ffg0p99v0c_ccs
  StripPair_169      ZeroWireload          tcbn28hpcplusbwp30p140ffg0p99v0c_ccs
  StripPair_168      ZeroWireload          tcbn28hpcplusbwp30p140ffg0p99v0c_ccs
  StripPair_167      ZeroWireload          tcbn28hpcplusbwp30p140ffg0p99v0c_ccs
  StripPair_166      ZeroWireload          tcbn28hpcplusbwp30p140ffg0p99v0c_ccs
  StripPair_165      ZeroWireload          tcbn28hpcplusbwp30p140ffg0p99v0c_ccs
  StripPair_164      ZeroWireload          tcbn28hpcplusbwp30p140ffg0p99v0c_ccs
  StripPair_163      ZeroWireload          tcbn28hpcplusbwp30p140ffg0p99v0c_ccs
  StripPair_162      ZeroWireload          tcbn28hpcplusbwp30p140ffg0p99v0c_ccs
  StripPair_161      ZeroWireload          tcbn28hpcplusbwp30p140ffg0p99v0c_ccs
  StripPair_159      ZeroWireload          tcbn28hpcplusbwp30p140ffg0p99v0c_ccs
  StripPair_158      ZeroWireload          tcbn28hpcplusbwp30p140ffg0p99v0c_ccs
  StripPair_157      ZeroWireload          tcbn28hpcplusbwp30p140ffg0p99v0c_ccs
  StripPair_156      ZeroWireload          tcbn28hpcplusbwp30p140ffg0p99v0c_ccs
  StripPair_155      ZeroWireload          tcbn28hpcplusbwp30p140ffg0p99v0c_ccs
  StripPair_154      ZeroWireload          tcbn28hpcplusbwp30p140ffg0p99v0c_ccs
  StripPair_153      ZeroWireload          tcbn28hpcplusbwp30p140ffg0p99v0c_ccs
  StripPair_152      ZeroWireload          tcbn28hpcplusbwp30p140ffg0p99v0c_ccs
  StripPair_151      ZeroWireload          tcbn28hpcplusbwp30p140ffg0p99v0c_ccs
  StripPair_149      ZeroWireload          tcbn28hpcplusbwp30p140ffg0p99v0c_ccs
  StripPair_148      ZeroWireload          tcbn28hpcplusbwp30p140ffg0p99v0c_ccs
  StripPair_147      ZeroWireload          tcbn28hpcplusbwp30p140ffg0p99v0c_ccs
  StripPair_146      ZeroWireload          tcbn28hpcplusbwp30p140ffg0p99v0c_ccs
  StripPair_145      ZeroWireload          tcbn28hpcplusbwp30p140ffg0p99v0c_ccs
  StripPair_144      ZeroWireload          tcbn28hpcplusbwp30p140ffg0p99v0c_ccs
  StripPair_143      ZeroWireload          tcbn28hpcplusbwp30p140ffg0p99v0c_ccs
  StripPair_142      ZeroWireload          tcbn28hpcplusbwp30p140ffg0p99v0c_ccs
  StripPair_141      ZeroWireload          tcbn28hpcplusbwp30p140ffg0p99v0c_ccs
  StripPair_139      ZeroWireload          tcbn28hpcplusbwp30p140ffg0p99v0c_ccs
  StripPair_138      ZeroWireload          tcbn28hpcplusbwp30p140ffg0p99v0c_ccs
  StripPair_137      ZeroWireload          tcbn28hpcplusbwp30p140ffg0p99v0c_ccs
  StripPair_136      ZeroWireload          tcbn28hpcplusbwp30p140ffg0p99v0c_ccs
  StripPair_135      ZeroWireload          tcbn28hpcplusbwp30p140ffg0p99v0c_ccs
  StripPair_134      ZeroWireload          tcbn28hpcplusbwp30p140ffg0p99v0c_ccs
  StripPair_133      ZeroWireload          tcbn28hpcplusbwp30p140ffg0p99v0c_ccs
  StripPair_132      ZeroWireload          tcbn28hpcplusbwp30p140ffg0p99v0c_ccs
  StripPair_131      ZeroWireload          tcbn28hpcplusbwp30p140ffg0p99v0c_ccs
  StripPair_129      ZeroWireload          tcbn28hpcplusbwp30p140ffg0p99v0c_ccs
  StripPair_128      ZeroWireload          tcbn28hpcplusbwp30p140ffg0p99v0c_ccs
  StripPair_127      ZeroWireload          tcbn28hpcplusbwp30p140ffg0p99v0c_ccs
  StripPair_126      ZeroWireload          tcbn28hpcplusbwp30p140ffg0p99v0c_ccs
  StripPair_125      ZeroWireload          tcbn28hpcplusbwp30p140ffg0p99v0c_ccs
  StripPair_124      ZeroWireload          tcbn28hpcplusbwp30p140ffg0p99v0c_ccs
  StripPair_123      ZeroWireload          tcbn28hpcplusbwp30p140ffg0p99v0c_ccs
  StripPair_122      ZeroWireload          tcbn28hpcplusbwp30p140ffg0p99v0c_ccs
  StripPair_121      ZeroWireload          tcbn28hpcplusbwp30p140ffg0p99v0c_ccs
  StripPair_119      ZeroWireload          tcbn28hpcplusbwp30p140ffg0p99v0c_ccs
  StripPair_118      ZeroWireload          tcbn28hpcplusbwp30p140ffg0p99v0c_ccs
  StripPair_117      ZeroWireload          tcbn28hpcplusbwp30p140ffg0p99v0c_ccs
  StripPair_116      ZeroWireload          tcbn28hpcplusbwp30p140ffg0p99v0c_ccs
  StripPair_115      ZeroWireload          tcbn28hpcplusbwp30p140ffg0p99v0c_ccs
  StripPair_114      ZeroWireload          tcbn28hpcplusbwp30p140ffg0p99v0c_ccs
  StripPair_113      ZeroWireload          tcbn28hpcplusbwp30p140ffg0p99v0c_ccs
  StripPair_112      ZeroWireload          tcbn28hpcplusbwp30p140ffg0p99v0c_ccs
  StripPair_111      ZeroWireload          tcbn28hpcplusbwp30p140ffg0p99v0c_ccs
  StripPair_109      ZeroWireload          tcbn28hpcplusbwp30p140ffg0p99v0c_ccs
  StripPair_108      ZeroWireload          tcbn28hpcplusbwp30p140ffg0p99v0c_ccs
  StripPair_107      ZeroWireload          tcbn28hpcplusbwp30p140ffg0p99v0c_ccs
  StripPair_106      ZeroWireload          tcbn28hpcplusbwp30p140ffg0p99v0c_ccs
  StripPair_105      ZeroWireload          tcbn28hpcplusbwp30p140ffg0p99v0c_ccs
  StripPair_104      ZeroWireload          tcbn28hpcplusbwp30p140ffg0p99v0c_ccs
  StripPair_103      ZeroWireload          tcbn28hpcplusbwp30p140ffg0p99v0c_ccs
  StripPair_102      ZeroWireload          tcbn28hpcplusbwp30p140ffg0p99v0c_ccs
  StripPair_101      ZeroWireload          tcbn28hpcplusbwp30p140ffg0p99v0c_ccs
  StripPair_99       ZeroWireload          tcbn28hpcplusbwp30p140ffg0p99v0c_ccs
  StripPair_98       ZeroWireload          tcbn28hpcplusbwp30p140ffg0p99v0c_ccs
  StripPair_97       ZeroWireload          tcbn28hpcplusbwp30p140ffg0p99v0c_ccs
  StripPair_96       ZeroWireload          tcbn28hpcplusbwp30p140ffg0p99v0c_ccs
  StripPair_95       ZeroWireload          tcbn28hpcplusbwp30p140ffg0p99v0c_ccs
  StripPair_94       ZeroWireload          tcbn28hpcplusbwp30p140ffg0p99v0c_ccs
  StripPair_93       ZeroWireload          tcbn28hpcplusbwp30p140ffg0p99v0c_ccs
  StripPair_92       ZeroWireload          tcbn28hpcplusbwp30p140ffg0p99v0c_ccs
  StripPair_91       ZeroWireload          tcbn28hpcplusbwp30p140ffg0p99v0c_ccs
  StripPair_89       ZeroWireload          tcbn28hpcplusbwp30p140ffg0p99v0c_ccs
  StripPair_88       ZeroWireload          tcbn28hpcplusbwp30p140ffg0p99v0c_ccs
  StripPair_87       ZeroWireload          tcbn28hpcplusbwp30p140ffg0p99v0c_ccs
  StripPair_86       ZeroWireload          tcbn28hpcplusbwp30p140ffg0p99v0c_ccs
  StripPair_85       ZeroWireload          tcbn28hpcplusbwp30p140ffg0p99v0c_ccs
  StripPair_84       ZeroWireload          tcbn28hpcplusbwp30p140ffg0p99v0c_ccs
  StripPair_83       ZeroWireload          tcbn28hpcplusbwp30p140ffg0p99v0c_ccs
  StripPair_82       ZeroWireload          tcbn28hpcplusbwp30p140ffg0p99v0c_ccs
  StripPair_81       ZeroWireload          tcbn28hpcplusbwp30p140ffg0p99v0c_ccs
  StripPair_79       ZeroWireload          tcbn28hpcplusbwp30p140ffg0p99v0c_ccs
  StripPair_78       ZeroWireload          tcbn28hpcplusbwp30p140ffg0p99v0c_ccs
  StripPair_77       ZeroWireload          tcbn28hpcplusbwp30p140ffg0p99v0c_ccs
  StripPair_76       ZeroWireload          tcbn28hpcplusbwp30p140ffg0p99v0c_ccs
  StripPair_75       ZeroWireload          tcbn28hpcplusbwp30p140ffg0p99v0c_ccs
  StripPair_74       ZeroWireload          tcbn28hpcplusbwp30p140ffg0p99v0c_ccs
  StripPair_73       ZeroWireload          tcbn28hpcplusbwp30p140ffg0p99v0c_ccs
  StripPair_72       ZeroWireload          tcbn28hpcplusbwp30p140ffg0p99v0c_ccs
  StripPair_71       ZeroWireload          tcbn28hpcplusbwp30p140ffg0p99v0c_ccs
  StripPair_69       ZeroWireload          tcbn28hpcplusbwp30p140ffg0p99v0c_ccs
  StripPair_68       ZeroWireload          tcbn28hpcplusbwp30p140ffg0p99v0c_ccs
  StripPair_67       ZeroWireload          tcbn28hpcplusbwp30p140ffg0p99v0c_ccs
  StripPair_66       ZeroWireload          tcbn28hpcplusbwp30p140ffg0p99v0c_ccs
  StripPair_65       ZeroWireload          tcbn28hpcplusbwp30p140ffg0p99v0c_ccs
  StripPair_64       ZeroWireload          tcbn28hpcplusbwp30p140ffg0p99v0c_ccs
  StripPair_63       ZeroWireload          tcbn28hpcplusbwp30p140ffg0p99v0c_ccs
  StripPair_62       ZeroWireload          tcbn28hpcplusbwp30p140ffg0p99v0c_ccs
  StripPair_61       ZeroWireload          tcbn28hpcplusbwp30p140ffg0p99v0c_ccs
  StripPair_59       ZeroWireload          tcbn28hpcplusbwp30p140ffg0p99v0c_ccs
  StripPair_58       ZeroWireload          tcbn28hpcplusbwp30p140ffg0p99v0c_ccs
  StripPair_57       ZeroWireload          tcbn28hpcplusbwp30p140ffg0p99v0c_ccs
  StripPair_56       ZeroWireload          tcbn28hpcplusbwp30p140ffg0p99v0c_ccs
  StripPair_55       ZeroWireload          tcbn28hpcplusbwp30p140ffg0p99v0c_ccs
  StripPair_54       ZeroWireload          tcbn28hpcplusbwp30p140ffg0p99v0c_ccs
  StripPair_53       ZeroWireload          tcbn28hpcplusbwp30p140ffg0p99v0c_ccs
  StripPair_52       ZeroWireload          tcbn28hpcplusbwp30p140ffg0p99v0c_ccs
  StripPair_51       ZeroWireload          tcbn28hpcplusbwp30p140ffg0p99v0c_ccs
  StripPair_49       ZeroWireload          tcbn28hpcplusbwp30p140ffg0p99v0c_ccs
  StripPair_48       ZeroWireload          tcbn28hpcplusbwp30p140ffg0p99v0c_ccs
  StripPair_47       ZeroWireload          tcbn28hpcplusbwp30p140ffg0p99v0c_ccs
  StripPair_46       ZeroWireload          tcbn28hpcplusbwp30p140ffg0p99v0c_ccs
  StripPair_45       ZeroWireload          tcbn28hpcplusbwp30p140ffg0p99v0c_ccs
  StripPair_44       ZeroWireload          tcbn28hpcplusbwp30p140ffg0p99v0c_ccs
  StripPair_43       ZeroWireload          tcbn28hpcplusbwp30p140ffg0p99v0c_ccs
  StripPair_42       ZeroWireload          tcbn28hpcplusbwp30p140ffg0p99v0c_ccs
  StripPair_41       ZeroWireload          tcbn28hpcplusbwp30p140ffg0p99v0c_ccs
  StripPair_39       ZeroWireload          tcbn28hpcplusbwp30p140ffg0p99v0c_ccs
  StripPair_38       ZeroWireload          tcbn28hpcplusbwp30p140ffg0p99v0c_ccs
  StripPair_37       ZeroWireload          tcbn28hpcplusbwp30p140ffg0p99v0c_ccs
  StripPair_36       ZeroWireload          tcbn28hpcplusbwp30p140ffg0p99v0c_ccs
  StripPair_35       ZeroWireload          tcbn28hpcplusbwp30p140ffg0p99v0c_ccs
  StripPair_34       ZeroWireload          tcbn28hpcplusbwp30p140ffg0p99v0c_ccs
  StripPair_33       ZeroWireload          tcbn28hpcplusbwp30p140ffg0p99v0c_ccs
  StripPair_32       ZeroWireload          tcbn28hpcplusbwp30p140ffg0p99v0c_ccs
  StripPair_31       ZeroWireload          tcbn28hpcplusbwp30p140ffg0p99v0c_ccs
  StripPair_29       ZeroWireload          tcbn28hpcplusbwp30p140ffg0p99v0c_ccs
  StripPair_28       ZeroWireload          tcbn28hpcplusbwp30p140ffg0p99v0c_ccs
  StripPair_27       ZeroWireload          tcbn28hpcplusbwp30p140ffg0p99v0c_ccs
  StripPair_26       ZeroWireload          tcbn28hpcplusbwp30p140ffg0p99v0c_ccs
  StripPair_25       ZeroWireload          tcbn28hpcplusbwp30p140ffg0p99v0c_ccs
  StripPair_24       ZeroWireload          tcbn28hpcplusbwp30p140ffg0p99v0c_ccs
  StripPair_23       ZeroWireload          tcbn28hpcplusbwp30p140ffg0p99v0c_ccs
  StripPair_22       ZeroWireload          tcbn28hpcplusbwp30p140ffg0p99v0c_ccs
  StripPair_21       ZeroWireload          tcbn28hpcplusbwp30p140ffg0p99v0c_ccs
  StripPair_19       ZeroWireload          tcbn28hpcplusbwp30p140ffg0p99v0c_ccs
  StripPair_18       ZeroWireload          tcbn28hpcplusbwp30p140ffg0p99v0c_ccs
  StripPair_17       ZeroWireload          tcbn28hpcplusbwp30p140ffg0p99v0c_ccs
  StripPair_16       ZeroWireload          tcbn28hpcplusbwp30p140ffg0p99v0c_ccs
  StripPair_15       ZeroWireload          tcbn28hpcplusbwp30p140ffg0p99v0c_ccs
  StripPair_14       ZeroWireload          tcbn28hpcplusbwp30p140ffg0p99v0c_ccs
  StripPair_13       ZeroWireload          tcbn28hpcplusbwp30p140ffg0p99v0c_ccs
  StripPair_12       ZeroWireload          tcbn28hpcplusbwp30p140ffg0p99v0c_ccs
  StripPair_11       ZeroWireload          tcbn28hpcplusbwp30p140ffg0p99v0c_ccs
  StripPair_9        ZeroWireload          tcbn28hpcplusbwp30p140ffg0p99v0c_ccs
  StripPair_8        ZeroWireload          tcbn28hpcplusbwp30p140ffg0p99v0c_ccs
  StripPair_7        ZeroWireload          tcbn28hpcplusbwp30p140ffg0p99v0c_ccs
  StripPair_6        ZeroWireload          tcbn28hpcplusbwp30p140ffg0p99v0c_ccs
  StripPair_5        ZeroWireload          tcbn28hpcplusbwp30p140ffg0p99v0c_ccs
  StripPair_4        ZeroWireload          tcbn28hpcplusbwp30p140ffg0p99v0c_ccs
  StripPair_3        ZeroWireload          tcbn28hpcplusbwp30p140ffg0p99v0c_ccs
  StripPair_2        ZeroWireload          tcbn28hpcplusbwp30p140ffg0p99v0c_ccs
  StripPair_1        ZeroWireload          tcbn28hpcplusbwp30p140ffg0p99v0c_ccs
  StripPair_180      ZeroWireload          tcbn28hpcplusbwp30p140ffg0p99v0c_ccs
  StripPair_189      ZeroWireload          tcbn28hpcplusbwp30p140ffg0p99v0c_ccs
  StripPair_190      ZeroWireload          tcbn28hpcplusbwp30p140ffg0p99v0c_ccs
  SystolicArray      ZeroWireload          tcbn28hpcplusbwp30p140ffg0p99v0c_ccs
  StripPair_199      ZeroWireload          tcbn28hpcplusbwp30p140ffg0p99v0c_ccs

Attributes:
    d - dont_touch
    u - dont_use
   mo - map_only
   so - size_only
    i - ideal_net or ideal_network
  inf - infeasible path

  Point                                                   Fanout     Trans      Incr       Path      Attributes
  ---------------------------------------------------------------------------------------------------------------------
  clock ideal_clock1 (rise edge)                                                0.00       0.00
  clock network delay (ideal)                                                   0.00       0.00
  pairs_6_5/left/regS_bits_reg[13]/CP (DFQD2BWP30P140)                0.00      0.00 #     0.00 r
  pairs_6_5/left/regS_bits_reg[13]/Q (DFQD2BWP30P140)                 0.01      0.04       0.04 f
  pairs_6_5/_left_io_outRightP_bits[13] (net)               4                   0.00       0.04 f
  pairs_6_5/U3883/Z (MUX2OPTD2BWP30P140)                              0.01      0.02       0.06 f
  pairs_6_5/io_southOut_0_bits[13] (net)                    4                   0.00       0.06 f
  pairs_6_5/io_southOut_0_bits[13] (StripPair_143)                              0.00       0.06 f
  _pairs_6_5_io_southOut_0_bits[13] (net)                                       0.00       0.06 f
  pairs_6_6/io_northIn_0_bits[13] (StripPair_133)                               0.00       0.06 f
  pairs_6_6/io_northIn_0_bits[13] (net)                                         0.00       0.06 f
  pairs_6_6/U34/ZN (NR3D1BWP30P140)                                   0.02      0.01       0.07 r
  pairs_6_6/n251 (net)                                      1                   0.00       0.07 r
  pairs_6_6/U566/ZN (AOI21D6BWP30P140)                                0.02      0.01       0.09 f
  pairs_6_6/n852 (net)                                      7                   0.00       0.09 f
  pairs_6_6/U564/Z (CKAN2D1BWP30P140)                                 0.02      0.02       0.11 f
  pairs_6_6/n607 (net)                                      2                   0.00       0.11 f
  pairs_6_6/U1841/Z (BUFFD1BWP30P140)                                 0.03      0.03       0.14 f
  pairs_6_6/n775 (net)                                     13                   0.00       0.14 f
  pairs_6_6/U1844/ZN (XNR2UD0BWP30P140)                               0.03      0.03       0.16 r
  pairs_6_6/n635 (net)                                      2                   0.00       0.16 r
  pairs_6_6/U1847/ZN (OAI22D1BWP30P140)                               0.02      0.02       0.18 f
  pairs_6_6/n639 (net)                                      1                   0.00       0.18 f
  pairs_6_6/U1889/S (FA1D1BWP30P140)                                  0.01      0.04       0.22 r
  pairs_6_6/n706 (net)                                      1                   0.00       0.22 r
  pairs_6_6/U1931/S (FA1D1BWP30P140)                                  0.01      0.04       0.26 f
  pairs_6_6/n709 (net)                                      1                   0.00       0.26 f
  pairs_6_6/U1932/S (FA1D1BWP30P140)                                  0.01      0.04       0.30 r
  pairs_6_6/n814 (net)                                      2                   0.00       0.30 r
  pairs_6_6/U361/ZN (ND2D2BWP30P140)                                  0.01      0.01       0.31 f
  pairs_6_6/n1016 (net)                                     3                   0.00       0.31 f
  pairs_6_6/U964/Z (OA21D1BWP30P140)                                  0.01      0.02       0.32 f
  pairs_6_6/n817 (net)                                      1                   0.00       0.32 f
  pairs_6_6/U37/ZN (ND2OPTIBD4BWP30P140)                              0.01      0.01       0.33 r
  pairs_6_6/n1009 (net)                                     6                   0.00       0.33 r
  pairs_6_6/U1304/ZN (ND3OPTPAD2BWP30P140)                            0.01      0.01       0.34 f
  pairs_6_6/n397 (net)                                      1                   0.00       0.34 f
  pairs_6_6/U1303/ZN (ND2D3BWP30P140)                                 0.01      0.01       0.35 r
  pairs_6_6/n1090 (net)                                     5                   0.00       0.35 r
  pairs_6_6/U1374/ZN (AOI21D2BWP30P140)                               0.01      0.01       0.36 f
  pairs_6_6/n453 (net)                                      1                   0.00       0.36 f
  pairs_6_6/U1373/Z (XOR2OPTND2BWP30P140)                             0.02      0.01       0.37 f
  pairs_6_6/n1472 (net)                                     3                   0.00       0.37 f
  pairs_6_6/U19/Z (AO21D1BWP30P140)                                   0.01      0.02       0.39 f
  pairs_6_6/n1286 (net)                                     5                   0.00       0.39 f
  pairs_6_6/U2170/ZN (INVD1BWP30P140)                                 0.01      0.01       0.40 r
  pairs_6_6/n1126 (net)                                     1                   0.00       0.40 r
  pairs_6_6/U2171/ZN (ND2D1BWP30P140)                                 0.01      0.01       0.41 f
  pairs_6_6/n1154 (net)                                     2                   0.00       0.41 f
  pairs_6_6/U2189/ZN (ND3D1BWP30P140)                                 0.01      0.01       0.42 r
  pairs_6_6/n1367 (net)                                     2                   0.00       0.42 r
  pairs_6_6/U1260/ZN (AOI21D1BWP30P140)                               0.02      0.01       0.43 f
  pairs_6_6/n1331 (net)                                     2                   0.00       0.43 f
  pairs_6_6/U2192/ZN (INVD0BWP30P140)                                 0.01      0.01       0.44 r
  pairs_6_6/n1418 (net)                                     2                   0.00       0.44 r
  pairs_6_6/U1182/ZN (OAI222D1BWP30P140)                              0.03      0.03       0.47 f
  pairs_6_6/n1161 (net)                                     1                   0.00       0.47 f
  pairs_6_6/U291/Z (XOR2UD1BWP30P140)                                 0.03      0.02       0.48 f
  pairs_6_6/n1395 (net)                                     2                   0.00       0.48 f
  pairs_6_6/U277/ZN (ND2D1BWP30P140)                                  0.01      0.01       0.50 r
  pairs_6_6/n1541 (net)                                     3                   0.00       0.50 r
  pairs_6_6/U1299/ZN (IAO21D1BWP30P140)                               0.01      0.02       0.51 r
  pairs_6_6/n393 (net)                                      1                   0.00       0.51 r
  pairs_6_6/U249/ZN (ND2OPTPAD1BWP30P140)                             0.02      0.01       0.53 f
  pairs_6_6/n1523 (net)                                     6                   0.00       0.53 f
  pairs_6_6/U248/ZN (INVD1BWP30P140)                                  0.01      0.01       0.54 r
  pairs_6_6/n21 (net)                                       2                   0.00       0.54 r
  pairs_6_6/U243/ZN (OAI21D1BWP30P140)                                0.02      0.01       0.55 f
  pairs_6_6/n140 (net)                                      1                   0.00       0.55 f
  pairs_6_6/U1113/ZN (AOI21OPTREPBD2BWP30P140)                        0.02      0.01       0.56 r
  pairs_6_6/n1630 (net)                                     6                   0.00       0.56 r
  pairs_6_6/U236/ZN (OAI21D1P5BWP30P140)                              0.01      0.01       0.57 f
  pairs_6_6/n1435 (net)                                     1                   0.00       0.57 f
  pairs_6_6/U2334/ZN (XNR2UD1BWP30P140)                               0.02      0.02       0.59 f
  pairs_6_6/n1661 (net)                                     3                   0.00       0.59 f
  pairs_6_6/U1423/ZN (NR2OPTPAD1BWP30P140)                            0.02      0.01       0.60 r
  pairs_6_6/n1666 (net)                                     3                   0.00       0.60 r
  pairs_6_6/U98/Z (CKAN2D1BWP30P140)                                  0.01      0.01       0.62 r
  pairs_6_6/n1698 (net)                                     2                   0.00       0.62 r
  pairs_6_6/U443/ZN (ND2D1BWP30P140)                                  0.01      0.01       0.62 f
  pairs_6_6/n1624 (net)                                     1                   0.00       0.62 f
  pairs_6_6/U630/ZN (NR2D1BWP30P140)                                  0.01      0.01       0.64 r
  pairs_6_6/n367 (net)                                      1                   0.00       0.64 r
  pairs_6_6/U828/Z (XOR2UD1BWP30P140)                                 0.02      0.01       0.65 r
  pairs_6_6/n366 (net)                                      1                   0.00       0.65 r
  pairs_6_6/U1269/ZN (OAI21OPTREPBD2BWP30P140)                        0.02      0.01       0.66 f
  pairs_6_6/left/sharedMacOut_mac/l00OOO0l[26] (net)        6                   0.00       0.66 f
  pairs_6_6/U1397/ZN (INR2D2BWP30P140)                                0.01      0.01       0.67 r
  pairs_6_6/left/sharedMacOut_mac/U9/U1/enc_tree[1][1][30] (net)     2          0.00       0.67 r
  pairs_6_6/U199/ZN (ND2D2BWP30P140)                                  0.01      0.01       0.68 f
  pairs_6_6/left/sharedMacOut_mac/U9/U1/enc_tree[2][2][28] (net)     2          0.00       0.68 f
  pairs_6_6/U8/ZN (NR2D3BWP30P140)                                    0.01      0.01       0.69 r
  pairs_6_6/left/sharedMacOut_mac/U9/U1/enc_tree[3][3][24] (net)     3          0.00       0.69 r
  pairs_6_6/U1396/ZN (ND2OPTIBD4BWP30P140)                            0.01      0.01       0.70 f
  pairs_6_6/left/sharedMacOut_mac/U9/U1/enc_tree[4][4][16] (net)     3          0.00       0.70 f
  pairs_6_6/U1519/S (HA1D2BWP30P140)                                  0.01      0.01       0.71 f
  pairs_6_6/n1797 (net)                                     2                   0.00       0.71 f
  pairs_6_6/U808/ZN (ND2OPTIBD2BWP30P140)                             0.01      0.01       0.72 r
  pairs_6_6/n116 (net)                                      1                   0.00       0.72 r
  pairs_6_6/U803/ZN (ND2OPTIBD2BWP30P140)                             0.01      0.01       0.73 f
  pairs_6_6/n115 (net)                                      1                   0.00       0.73 f
  pairs_6_6/U802/ZN (NR2D3BWP30P140)                                  0.02      0.01       0.74 r
  pairs_6_6/n114 (net)                                      1                   0.00       0.74 r
  pairs_6_6/U185/ZN (ND2OPTPAD8BWP30P140)                             0.01      0.01       0.75 f
  pairs_6_6/n1907 (net)                                     7                   0.00       0.75 f
  pairs_6_6/U2532/ZN (INR2D4BWP30P140)                                0.01      0.01       0.76 r
  pairs_6_6/n1808 (net)                                     3                   0.00       0.76 r
  pairs_6_6/U792/ZN (ND2D2BWP30P140)                                  0.01      0.01       0.77 f
  pairs_6_6/n1810 (net)                                     1                   0.00       0.77 f
  pairs_6_6/U1121/ZN (ND2D3BWP30P140)                                 0.01      0.01       0.78 r
  pairs_6_6/n2055 (net)                                    11                   0.00       0.78 r
  pairs_6_6/U2593/Z (OR2D4BWP30P140)                                  0.01      0.02       0.80 r
  pairs_6_6/n2064 (net)                                    15                   0.00       0.80 r
  pairs_6_6/U2594/ZN (INVD2BWP30P140)                                 0.01      0.01       0.81 f
  pairs_6_6/n2077 (net)                                     9                   0.00       0.81 f
  pairs_6_6/U2701/ZN (INR2D1BWP30P140)                                0.01      0.01       0.82 f
  pairs_6_6/n2002 (net)                                     1                   0.00       0.82 f
  pairs_6_6/U2702/ZN (AOI22D1BWP30P140)                               0.02      0.01       0.84 r
  pairs_6_6/n2011 (net)                                     1                   0.00       0.84 r
  pairs_6_6/U5/ZN (ND3D2BWP30P140)                                    0.02      0.01       0.85 f
  pairs_6_6/n2120 (net)                                     3                   0.00       0.85 f
  pairs_6_6/U4/ZN (NR2OPTPAD1BWP30P140)                               0.02      0.01       0.86 r
  pairs_6_6/n2128 (net)                                     3                   0.00       0.86 r
  pairs_6_6/U135/ZN (ND2D2BWP30P140)                                  0.02      0.01       0.88 f
  pairs_6_6/n2132 (net)                                     3                   0.00       0.88 f
  pairs_6_6/U56/ZN (NR3D1P5BWP30P140)                                 0.01      0.01       0.89 r
  pairs_6_6/n132 (net)                                      1                   0.00       0.89 r
  pairs_6_6/U2/ZN (CKND2D3BWP30P140)                                  0.01      0.01       0.90 f
  pairs_6_6/n520 (net)                                      4                   0.00       0.90 f
  pairs_6_6/U1140/ZN (ND2D3BWP30P140)                                 0.02      0.01       0.91 r
  pairs_6_6/n2145 (net)                                    11                   0.00       0.91 r
  pairs_6_6/U1626/ZN (MOAI22D1BWP30P140)                              0.02      0.01       0.92 f
  pairs_6_6/n3288 (net)                                     2                   0.00       0.92 f
  pairs_6_6/U1399/ZN (NR4D0BWP30P140)                                 0.02      0.02       0.94 r
  pairs_6_6/n469 (net)                                      1                   0.00       0.94 r
  pairs_6_6/U1112/ZN (ND3D2BWP30P140)                                 0.02      0.02       0.96 f
  pairs_6_6/n139 (net)                                      2                   0.00       0.96 f
  pairs_6_6/U1111/ZN (ND2OPTIBD4BWP30P140)                            0.01      0.01       0.97 r
  pairs_6_6/n3369 (net)                                     4                   0.00       0.97 r
  pairs_6_6/U1110/Z (OA21D2BWP30P140)                                 0.01      0.02       0.99 r
  pairs_6_6/n3390 (net)                                     5                   0.00       0.99 r
  pairs_6_6/U744/ZN (ND2D1BWP30P140)                                  0.01      0.01       0.99 f
  pairs_6_6/n3936 (net)                                     1                   0.00       0.99 f
  pairs_6_6/left/regS_bits_reg[10]/D (DFQD4BWP30P140)                 0.01      0.00       0.99 f
  data arrival time                                                                        0.99

  clock ideal_clock1 (rise edge)                                                1.00       1.00
  clock network delay (ideal)                                                   0.00       1.00
  pairs_6_6/left/regS_bits_reg[10]/CP (DFQD4BWP30P140)                          0.00       1.00 r
  library setup time                                                           -0.01       0.99
  data required time                                                                       0.99
  ---------------------------------------------------------------------------------------------------------------------
  data required time                                                                       0.99
  data arrival time                                                                       -0.99
  ---------------------------------------------------------------------------------------------------------------------
  slack (MET)                                                                              0.00


1
