 
****************************************
Report : area
Design : OneSaArray
Version: V-2023.12
Date   : Mon Apr  6 05:47:50 2026
****************************************

Library(s) Used:

    tcbn28hpcplusbwp30p140ffg0p99v0c_ccs (File: /hpc/Tech/TSMC/digital/N28/digital/Front_End/timing_power_noise/CCS/tcbn28hpcplusbwp30p140_180a/tcbn28hpcplusbwp30p140ffg0p99v0c_ccs.db)

Number of ports:                         4684
Number of nets:                        255359
Number of cells:                       218970
Number of combinational cells:         198809
Number of sequential cells:             20160
Number of macros/black boxes:               0
Number of buf/inv:                      30589
Number of references:                       1

Combinational area:             176007.257500
Buf/Inv area:                     7719.642123
Noncombinational area:           38883.221799
Macro/Black Box area:                0.000000
Net Interconnect area:      undefined  (Wire load has zero net area)

Total cell area:                214890.479299
Total area:                 undefined

Hierarchical area distribution
------------------------------

                                  Global cell area              Local cell area
                                  --------------------  ------------------------------- 
Hierarchical cell                 Absolute     Percent  Combi-       Noncombi-   Black-
                                  Total        Total    national     national    boxes   Design
--------------------------------  -----------  -------  -----------  ----------  ------  ---------
OneSaArray                        214890.4793    100.0       0.0000      0.0000  0.0000  OneSaArray
mesh                              214890.4793    100.0  176007.2575  38883.2218  0.0000  OneSaMesh
--------------------------------  -----------  -------  -----------  ----------  ------  ---------
Total                                                   176007.2575  38883.2218  0.0000

1
