Information: Updating design information... (UID-85)
Warning: Design 'OneSaArray' contains 1 high-fanout nets. A fanout number of 1000 will be used for delay calculations involving these nets. (TIM-134)
 
****************************************
Report : timing
        -path full
        -delay max
        -nets
        -max_paths 1
        -transition_time
Design : OneSaArray
Version: V-2023.12
Date   : Mon Apr  6 05:47:50 2026
****************************************

 # A fanout number of 1000 was used for high fanout net computations.

Operating Conditions: ffg0p99v0c   Library: tcbn28hpcplusbwp30p140ffg0p99v0c_ccs
Wire Load Model Mode: segmented

  Startpoint: mesh/pes_9_0/regEast_lanes_1_reg[5]
              (rising edge-triggered flip-flop clocked by ideal_clock1)
  Endpoint: mesh/pes_9_1/regSharedPairs_0_reg[31]
            (rising edge-triggered flip-flop clocked by ideal_clock1)
  Path Group: ideal_clock1
  Path Type: max

  Des/Clust/Port     Wire Load Model       Library
  ------------------------------------------------
  OneSaArray         ZeroWireload          tcbn28hpcplusbwp30p140ffg0p99v0c_ccs
  OneSaMesh          ZeroWireload          tcbn28hpcplusbwp30p140ffg0p99v0c_ccs

Attributes:
    d - dont_touch
    u - dont_use
   mo - map_only
   so - size_only
    i - ideal_net or ideal_network
  inf - infeasible path

  Point                                             Fanout     Trans      Incr       Path      Attributes
  ---------------------------------------------------------------------------------------------------------------
  clock ideal_clock1 (rise edge)                                          0.00       0.00
  clock network delay (ideal)                                             0.00       0.00
  mesh/pes_9_0/regEast_lanes_1_reg[5]/CP (DFQD2BWP30P140)       0.00      0.00 #     0.00 r
  mesh/pes_9_0/regEast_lanes_1_reg[5]/Q (DFQD2BWP30P140)        0.02      0.05       0.05 f
  mesh/_pes_9_0_io_eastOut_lanes_1[5] (net)          22                   0.00       0.05 f
  mesh/U1009/Z (XOR2UD1BWP30P140)                               0.10      0.06       0.11 f
  mesh/n106266 (net)                                 18                   0.00       0.11 f
  mesh/U22560/ZN (NR2D1BWP30P140)                               0.07      0.06       0.17 r
  mesh/n106343 (net)                                 16                   0.00       0.17 r
  mesh/U101273/ZN (AOI22D1BWP30P140)                            0.04      0.02       0.19 f
  mesh/n106273 (net)                                  2                   0.00       0.19 f
  mesh/U101277/Z (XOR3UD0BWP30P140)                             0.03      0.06       0.24 f
  mesh/intadd_3469/B[2] (net)                         1                   0.00       0.24 f
  mesh/intadd_3469/U3/S (FA1D1BWP30P140)                        0.01      0.05       0.29 r    mo 
  mesh/intadd_3469/SUM[2] (net)                       1                   0.00       0.29 r
  mesh/U101268/ZN (INVD0BWP30P140)                              0.02      0.01       0.30 f
  mesh/intadd_3468/A[2] (net)                         1                   0.00       0.30 f
  mesh/intadd_3468/U3/S (FA1D1BWP30P140)                        0.01      0.05       0.35 r    mo 
  mesh/intadd_3468/SUM[2] (net)                       3                   0.00       0.35 r
  mesh/U26925/ZN (NR2D1BWP30P140)                               0.01      0.01       0.36 f
  mesh/n37293 (net)                                   1                   0.00       0.36 f
  mesh/U27583/ZN (MOAI22D0BWP30P140)                            0.03      0.02       0.38 r
  mesh/intadd_3468/B[3] (net)                         1                   0.00       0.38 r
  mesh/intadd_3468/U2/CO (FA1D1BWP30P140)                       0.01      0.03       0.40 r    mo 
  mesh/intadd_3468/n1 (net)                           2                   0.00       0.40 r
  mesh/U142677/ZN (MAOI222D1BWP30P140)                          0.03      0.02       0.42 f
  mesh/intadd_2205/B[4] (net)                         1                   0.00       0.42 f
  mesh/intadd_2205/U2/CO (FA1D1BWP30P140)                       0.01      0.03       0.45 f    mo 
  mesh/intadd_2205/n1 (net)                           1                   0.00       0.45 f
  mesh/intadd_1661/U2/CO (FA1D1BWP30P140)                       0.01      0.02       0.48 f    mo 
  mesh/intadd_1661/n1 (net)                           1                   0.00       0.48 f
  mesh/U101198/ZN (INVD1BWP30P140)                              0.01      0.01       0.49 r
  mesh/intadd_1660/B[5] (net)                         1                   0.00       0.49 r
  mesh/intadd_1660/U2/CO (FA1D1BWP30P140)                       0.01      0.02       0.51 r    mo 
  mesh/intadd_1660/n1 (net)                           2                   0.00       0.51 r
  mesh/U142672/ZN (MAOI222D1BWP30P140)                          0.03      0.02       0.53 f
  mesh/intadd_890/B[6] (net)                          1                   0.00       0.53 f
  mesh/intadd_890/U2/CO (FA1D1BWP30P140)                        0.01      0.03       0.55 f    mo 
  mesh/intadd_890/n1 (net)                            1                   0.00       0.55 f
  mesh/U101194/ZN (INVD1BWP30P140)                              0.01      0.01       0.56 r
  mesh/intadd_212/B[6] (net)                          1                   0.00       0.56 r
  mesh/intadd_212/U4/CO (FA1D1BWP30P140)                        0.01      0.02       0.58 r    mo 
  mesh/intadd_212/n3 (net)                            1                   0.00       0.58 r
  mesh/intadd_212/U3/CO (FA1D1BWP30P140)                        0.01      0.02       0.60 r    mo 
  mesh/intadd_212/n2 (net)                            1                   0.00       0.60 r
  mesh/intadd_212/U2/CO (FA1D1BWP30P140)                        0.01      0.02       0.62 r    mo 
  mesh/intadd_212/n1 (net)                            2                   0.00       0.62 r
  mesh/U142669/ZN (MAOI222D1BWP30P140)                          0.03      0.02       0.64 f
  mesh/intadd_411/B[7] (net)                          1                   0.00       0.64 f
  mesh/intadd_411/U2/CO (FA1D1BWP30P140)                        0.01      0.03       0.68 f    mo 
  mesh/intadd_411/n1 (net)                            2                   0.00       0.68 f
  mesh/U142665/ZN (MAOI222D1BWP30P140)                          0.03      0.02       0.69 r
  mesh/intadd_887/B[6] (net)                          1                   0.00       0.69 r
  mesh/intadd_887/U2/CO (FA1D1BWP30P140)                        0.01      0.03       0.72 r    mo 
  mesh/intadd_887/n1 (net)                            2                   0.00       0.72 r
  mesh/U142655/ZN (MAOI222D1BWP30P140)                          0.03      0.02       0.74 f
  mesh/intadd_410/B[7] (net)                          1                   0.00       0.74 f
  mesh/intadd_410/U2/CO (FA1D1BWP30P140)                        0.01      0.03       0.77 f    mo 
  mesh/intadd_410/n1 (net)                            2                   0.00       0.77 f
  mesh/U471/Z (CKAN2D1BWP30P140)                                0.01      0.01       0.78 f
  mesh/n66019 (net)                                   2                   0.00       0.78 f
  mesh/U456/ZN (IAO21D1BWP30P140)                               0.01      0.02       0.80 f
  mesh/intadd_886/B[6] (net)                          1                   0.00       0.80 f
  mesh/intadd_886/U2/CO (FA1D1BWP30P140)                        0.01      0.03       0.83 f    mo 
  mesh/intadd_886/n1 (net)                            2                   0.00       0.83 f
  mesh/U1851/Z (CKAN2D1BWP30P140)                               0.01      0.01       0.84 f
  mesh/n66551 (net)                                   2                   0.00       0.84 f
  mesh/U284/ZN (IAO21D1BWP30P140)                               0.01      0.02       0.86 f
  mesh/intadd_1656/B[5] (net)                         1                   0.00       0.86 f
  mesh/intadd_1656/U2/CO (FA1D1BWP30P140)                       0.01      0.03       0.88 f    mo 
  mesh/intadd_1656/n1 (net)                           2                   0.00       0.88 f
  mesh/U251/Z (CKAN2D1BWP30P140)                                0.01      0.01       0.90 f
  mesh/n67044 (net)                                   2                   0.00       0.90 f
  mesh/U2032/ZN (IAO21D1BWP30P140)                              0.01      0.02       0.92 f
  mesh/intadd_2590/A[3] (net)                         1                   0.00       0.92 f
  mesh/intadd_2590/U3/CO (FA1D1BWP30P140)                       0.01      0.02       0.94 f    mo 
  mesh/intadd_2590/n2 (net)                           1                   0.00       0.94 f
  mesh/intadd_2590/U2/CO (FA1D1BWP30P140)                       0.01      0.02       0.96 f    mo 
  mesh/intadd_2590/n1 (net)                           1                   0.00       0.96 f
  mesh/U2708/Z (XOR3UD1BWP30P140)                               0.01      0.02       0.98 f
  mesh/n70536 (net)                                   1                   0.00       0.98 f
  mesh/U2654/ZN (MOAI22D1BWP30P140)                             0.06      0.01       0.99 r
  mesh/n4524 (net)                                    1                   0.00       0.99 r
  mesh/pes_9_1/regSharedPairs_0_reg[31]/D (DFQD1BWP30P140)      0.06      0.00       0.99 r
  data arrival time                                                                  0.99

  clock ideal_clock1 (rise edge)                                          1.00       1.00
  clock network delay (ideal)                                             0.00       1.00
  mesh/pes_9_1/regSharedPairs_0_reg[31]/CP (DFQD1BWP30P140)               0.00       1.00 r
  library setup time                                                     -0.01       0.99
  data required time                                                                 0.99
  ---------------------------------------------------------------------------------------------------------------
  data required time                                                                 0.99
  data arrival time                                                                 -0.99
  ---------------------------------------------------------------------------------------------------------------
  slack (MET)                                                                        0.00


1
