 
****************************************
Report : area
Design : SystolicArray
Version: V-2023.12
Date   : Mon Apr  6 08:10:12 2026
****************************************

Library(s) Used:

    tcbn28hpcplusbwp30p140ffg0p99v0c_ccs (File: /hpc/Tech/TSMC/digital/N28/digital/Front_End/timing_power_noise/CCS/tcbn28hpcplusbwp30p140_180a/tcbn28hpcplusbwp30p140ffg0p99v0c_ccs.db)

Number of ports:                        24482
Number of nets:                        184707
Number of cells:                       152833
Number of combinational cells:         139393
Number of sequential cells:             13312
Number of macros/black boxes:               0
Number of buf/inv:                      22455
Number of references:                     131

Combinational area:              96953.849012
Buf/Inv area:                     5697.594088
Noncombinational area:           25177.445805
Macro/Black Box area:                0.000000
Net Interconnect area:      undefined  (Wire load has zero net area)

Total cell area:                122131.294817
Total area:                 undefined

Hierarchical area distribution
------------------------------

                                  Global cell area             Local cell area
                                  --------------------  ------------------------------ 
Hierarchical cell                 Absolute     Percent  Combi-      Noncombi-   Black-
                                  Total        Total    national    national    boxes   Design
--------------------------------  -----------  -------  ----------  ----------  ------  -------------
SystolicArray                     122131.2948    100.0    483.8400      0.0000  0.0000  SystolicArray
pairs_0                              953.8200      0.8    757.2600    196.5600  0.0000  StripPair_127
pairs_0_1                            953.4420      0.8    756.5040    196.9380  0.0000  StripPair_119
pairs_0_10                           952.4340      0.8    755.4960    196.9380  0.0000  StripPair_47
pairs_0_11                           949.4100      0.8    752.8500    196.5600  0.0000  StripPair_39
pairs_0_12                           952.3080      0.8    755.7480    196.5600  0.0000  StripPair_31
pairs_0_13                           949.7880      0.8    753.2280    196.5600  0.0000  StripPair_23
pairs_0_14                           951.5520      0.8    754.9920    196.5600  0.0000  StripPair_15
pairs_0_15                           953.9460      0.8    757.3860    196.5600  0.0000  StripPair_7
pairs_0_2                            952.1820      0.8    755.2440    196.9380  0.0000  StripPair_111
pairs_0_3                            949.5360      0.8    752.9760    196.5600  0.0000  StripPair_103
pairs_0_4                            950.0400      0.8    753.4800    196.5600  0.0000  StripPair_95
pairs_0_5                            952.1820      0.8    755.6220    196.5600  0.0000  StripPair_87
pairs_0_6                            951.8040      0.8    755.2440    196.5600  0.0000  StripPair_79
pairs_0_7                            951.0480      0.8    754.4880    196.5600  0.0000  StripPair_71
pairs_0_8                            950.2920      0.8    753.3540    196.9380  0.0000  StripPair_63
pairs_0_9                            949.0320      0.8    752.4720    196.5600  0.0000  StripPair_55
pairs_1                              954.3240      0.8    757.7640    196.5600  0.0000  StripPair_126
pairs_1_1                            952.0560      0.8    755.1180    196.9380  0.0000  StripPair_118
pairs_1_10                           952.5600      0.8    756.0000    196.5600  0.0000  StripPair_46
pairs_1_11                           952.4340      0.8    755.4960    196.9380  0.0000  StripPair_38
pairs_1_12                           949.5360      0.8    752.9760    196.5600  0.0000  StripPair_30
pairs_1_13                           950.2920      0.8    753.7320    196.5600  0.0000  StripPair_22
pairs_1_14                           950.6700      0.8    754.1100    196.5600  0.0000  StripPair_14
pairs_1_15                           950.6700      0.8    754.1100    196.5600  0.0000  StripPair_6
pairs_1_2                            950.5440      0.8    753.6060    196.9380  0.0000  StripPair_110
pairs_1_3                            952.3080      0.8    755.3700    196.9380  0.0000  StripPair_102
pairs_1_4                            950.6700      0.8    754.1100    196.5600  0.0000  StripPair_94
pairs_1_5                            951.5520      0.8    754.6140    196.9380  0.0000  StripPair_86
pairs_1_6                            949.1580      0.8    752.5980    196.5600  0.0000  StripPair_78
pairs_1_7                            951.8040      0.8    755.2440    196.5600  0.0000  StripPair_70
pairs_1_8                            951.1740      0.8    754.6140    196.5600  0.0000  StripPair_62
pairs_1_9                            953.5680      0.8    756.6300    196.9380  0.0000  StripPair_54
pairs_2                              954.4500      0.8    757.8900    196.5600  0.0000  StripPair_125
pairs_2_1                            950.7960      0.8    754.2360    196.5600  0.0000  StripPair_117
pairs_2_10                           951.6780      0.8    755.1180    196.5600  0.0000  StripPair_45
pairs_2_11                           949.4100      0.8    752.4720    196.9380  0.0000  StripPair_37
pairs_2_12                           952.6860      0.8    755.7480    196.9380  0.0000  StripPair_29
pairs_2_13                           949.9140      0.8    753.3540    196.5600  0.0000  StripPair_21
pairs_2_14                           950.6700      0.8    753.7320    196.9380  0.0000  StripPair_13
pairs_2_15                           951.4260      0.8    754.8660    196.5600  0.0000  StripPair_5
pairs_2_2                            951.6780      0.8    754.7400    196.9380  0.0000  StripPair_109
pairs_2_3                            950.4180      0.8    753.4800    196.9380  0.0000  StripPair_101
pairs_2_4                            952.6860      0.8    755.7480    196.9380  0.0000  StripPair_93
pairs_2_5                            950.2920      0.8    753.7320    196.5600  0.0000  StripPair_85
pairs_2_6                            951.0480      0.8    754.4880    196.5600  0.0000  StripPair_77
pairs_2_7                            951.3000      0.8    754.7400    196.5600  0.0000  StripPair_69
pairs_2_8                            951.5520      0.8    754.9920    196.5600  0.0000  StripPair_61
pairs_2_9                            953.0640      0.8    756.1260    196.9380  0.0000  StripPair_53
pairs_3                              955.9620      0.8    759.4020    196.5600  0.0000  StripPair_124
pairs_3_1                            951.6780      0.8    755.1180    196.5600  0.0000  StripPair_116
pairs_3_10                           950.4180      0.8    753.8580    196.5600  0.0000  StripPair_44
pairs_3_11                           951.9300      0.8    754.9920    196.9380  0.0000  StripPair_36
pairs_3_12                           949.9140      0.8    753.3540    196.5600  0.0000  StripPair_28
pairs_3_13                           952.5600      0.8    756.0000    196.5600  0.0000  StripPair_20
pairs_3_14                           951.9300      0.8    755.3700    196.5600  0.0000  StripPair_12
pairs_3_15                           951.3000      0.8    754.7400    196.5600  0.0000  StripPair_4
pairs_3_2                            952.4340      0.8    755.8740    196.5600  0.0000  StripPair_108
pairs_3_3                            952.0560      0.8    755.1180    196.9380  0.0000  StripPair_100
pairs_3_4                            952.6860      0.8    756.1260    196.5600  0.0000  StripPair_92
pairs_3_5                            952.8120      0.8    755.8740    196.9380  0.0000  StripPair_84
pairs_3_6                            949.2840      0.8    752.7240    196.5600  0.0000  StripPair_76
pairs_3_7                            953.4420      0.8    756.8820    196.5600  0.0000  StripPair_68
pairs_3_8                            951.4260      0.8    754.8660    196.5600  0.0000  StripPair_60
pairs_3_9                            951.0480      0.8    754.4880    196.5600  0.0000  StripPair_52
pairs_4                              956.2140      0.8    759.6540    196.5600  0.0000  StripPair_123
pairs_4_1                            950.0400      0.8    753.4800    196.5600  0.0000  StripPair_115
pairs_4_10                           951.8040      0.8    755.2440    196.5600  0.0000  StripPair_43
pairs_4_11                           952.9380      0.8    756.3780    196.5600  0.0000  StripPair_35
pairs_4_12                           949.2840      0.8    752.3460    196.9380  0.0000  StripPair_27
pairs_4_13                           951.9300      0.8    755.3700    196.5600  0.0000  StripPair_19
pairs_4_14                           951.6780      0.8    755.1180    196.5600  0.0000  StripPair_11
pairs_4_15                           950.4180      0.8    753.8580    196.5600  0.0000  StripPair_3
pairs_4_2                            951.6780      0.8    755.1180    196.5600  0.0000  StripPair_107
pairs_4_3                            949.5360      0.8    752.9760    196.5600  0.0000  StripPair_99
pairs_4_4                            952.6860      0.8    755.7480    196.9380  0.0000  StripPair_91
pairs_4_5                            957.2220      0.8    760.6620    196.5600  0.0000  StripPair_83
pairs_4_6                            952.5600      0.8    755.6220    196.9380  0.0000  StripPair_75
pairs_4_7                            948.4020      0.8    751.8420    196.5600  0.0000  StripPair_67
pairs_4_8                            949.6620      0.8    753.1020    196.5600  0.0000  StripPair_59
pairs_4_9                            951.6780      0.8    755.1180    196.5600  0.0000  StripPair_51
pairs_5                              955.8360      0.8    759.2760    196.5600  0.0000  StripPair_122
pairs_5_1                            953.1900      0.8    756.6300    196.5600  0.0000  StripPair_114
pairs_5_10                           951.4260      0.8    754.8660    196.5600  0.0000  StripPair_42
pairs_5_11                           950.0400      0.8    753.4800    196.5600  0.0000  StripPair_34
pairs_5_12                           951.0480      0.8    754.4880    196.5600  0.0000  StripPair_26
pairs_5_13                           953.0640      0.8    756.1260    196.9380  0.0000  StripPair_18
pairs_5_14                           952.3080      0.8    755.7480    196.5600  0.0000  StripPair_10
pairs_5_15                           950.6700      0.8    753.7320    196.9380  0.0000  StripPair_2
pairs_5_2                            951.3000      0.8    754.7400    196.5600  0.0000  StripPair_106
pairs_5_3                            952.1820      0.8    755.6220    196.5600  0.0000  StripPair_98
pairs_5_4                            951.6780      0.8    754.7400    196.9380  0.0000  StripPair_90
pairs_5_5                            949.2840      0.8    752.3460    196.9380  0.0000  StripPair_82
pairs_5_6                            950.7960      0.8    753.8580    196.9380  0.0000  StripPair_74
pairs_5_7                            952.3080      0.8    755.3700    196.9380  0.0000  StripPair_66
pairs_5_8                            950.0400      0.8    753.4800    196.5600  0.0000  StripPair_58
pairs_5_9                            953.9460      0.8    757.0080    196.9380  0.0000  StripPair_50
pairs_6                              955.7100      0.8    759.1500    196.5600  0.0000  StripPair_121
pairs_6_1                            949.6620      0.8    753.1020    196.5600  0.0000  StripPair_113
pairs_6_10                           952.5600      0.8    756.0000    196.5600  0.0000  StripPair_41
pairs_6_11                           951.9300      0.8    755.3700    196.5600  0.0000  StripPair_33
pairs_6_12                           949.9140      0.8    753.3540    196.5600  0.0000  StripPair_25
pairs_6_13                           952.0560      0.8    755.1180    196.9380  0.0000  StripPair_17
pairs_6_14                           953.0640      0.8    756.1260    196.9380  0.0000  StripPair_9
pairs_6_15                           950.4180      0.8    753.4800    196.9380  0.0000  StripPair_1
pairs_6_2                            953.1900      0.8    756.2520    196.9380  0.0000  StripPair_105
pairs_6_3                            949.7880      0.8    753.2280    196.5600  0.0000  StripPair_97
pairs_6_4                            950.4180      0.8    753.8580    196.5600  0.0000  StripPair_89
pairs_6_5                            949.6620      0.8    753.1020    196.5600  0.0000  StripPair_81
pairs_6_6                            953.3160      0.8    756.3780    196.9380  0.0000  StripPair_73
pairs_6_7                            950.2920      0.8    753.7320    196.5600  0.0000  StripPair_65
pairs_6_8                            952.3080      0.8    755.3700    196.9380  0.0000  StripPair_57
pairs_6_9                            950.0400      0.8    753.4800    196.5600  0.0000  StripPair_49
pairs_7                              944.8740      0.8    748.3140    196.5600  0.0000  StripPair_120
pairs_7_1                            940.8420      0.8    743.9040    196.9380  0.0000  StripPair_112
pairs_7_10                           940.7160      0.8    744.1560    196.5600  0.0000  StripPair_40
pairs_7_11                           939.7080      0.8    743.1480    196.5600  0.0000  StripPair_32
pairs_7_12                           940.3380      0.8    743.4000    196.9380  0.0000  StripPair_24
pairs_7_13                           941.5980      0.8    744.6600    196.9380  0.0000  StripPair_16
pairs_7_14                           942.4800      0.8    745.5420    196.9380  0.0000  StripPair_8
pairs_7_15                           943.7400      0.8    747.1800    196.5600  0.0000  StripPair_0
pairs_7_2                            942.1020      0.8    744.7860    197.3160  0.0000  StripPair_104
pairs_7_3                            941.5980      0.8    745.0380    196.5600  0.0000  StripPair_96
pairs_7_4                            942.1020      0.8    745.1640    196.9380  0.0000  StripPair_88
pairs_7_5                            941.3460      0.8    744.4080    196.9380  0.0000  StripPair_80
pairs_7_6                            941.5980      0.8    744.6600    196.9380  0.0000  StripPair_72
pairs_7_7                            941.3460      0.8    744.4080    196.9380  0.0000  StripPair_64
pairs_7_8                            940.0860      0.8    743.5260    196.5600  0.0000  StripPair_56
pairs_7_9                            941.7240      0.8    744.7860    196.9380  0.0000  StripPair_48
--------------------------------  -----------  -------  ----------  ----------  ------  -------------
Total                                                   96953.8490  25177.4458  0.0000

1
