Information: Updating design information... (UID-85)
Warning: Design 'SystolicArray' contains 2 high-fanout nets. A fanout number of 1000 will be used for delay calculations involving these nets. (TIM-134)
 
****************************************
Report : timing
        -path full
        -delay max
        -nets
        -max_paths 1
        -transition_time
Design : SystolicArray
Version: V-2023.12
Date   : Mon Apr  6 07:16:54 2026
****************************************

 # A fanout number of 1000 was used for high fanout net computations.

Operating Conditions: ffg0p99v0c   Library: tcbn28hpcplusbwp30p140ffg0p99v0c_ccs
Wire Load Model Mode: segmented

  Startpoint: pes_14_9/regW_reg[3]
              (rising edge-triggered flip-flop clocked by ideal_clock1)
  Endpoint: pes_15_9/regS_reg[30]
            (rising edge-triggered flip-flop clocked by ideal_clock1)
  Path Group: ideal_clock1
  Path Type: max

  Des/Clust/Port     Wire Load Model       Library
  ------------------------------------------------
  PE_224             ZeroWireload          tcbn28hpcplusbwp30p140ffg0p99v0c_ccs
  PE_208             ZeroWireload          tcbn28hpcplusbwp30p140ffg0p99v0c_ccs
  PE_192             ZeroWireload          tcbn28hpcplusbwp30p140ffg0p99v0c_ccs
  PE_176             ZeroWireload          tcbn28hpcplusbwp30p140ffg0p99v0c_ccs
  PE_160             ZeroWireload          tcbn28hpcplusbwp30p140ffg0p99v0c_ccs
  PE_144             ZeroWireload          tcbn28hpcplusbwp30p140ffg0p99v0c_ccs
  PE_128             ZeroWireload          tcbn28hpcplusbwp30p140ffg0p99v0c_ccs
  PE_112             ZeroWireload          tcbn28hpcplusbwp30p140ffg0p99v0c_ccs
  PE_96              ZeroWireload          tcbn28hpcplusbwp30p140ffg0p99v0c_ccs
  PE_80              ZeroWireload          tcbn28hpcplusbwp30p140ffg0p99v0c_ccs
  PE_64              ZeroWireload          tcbn28hpcplusbwp30p140ffg0p99v0c_ccs
  PE_48              ZeroWireload          tcbn28hpcplusbwp30p140ffg0p99v0c_ccs
  PE_32              ZeroWireload          tcbn28hpcplusbwp30p140ffg0p99v0c_ccs
  PE_16              ZeroWireload          tcbn28hpcplusbwp30p140ffg0p99v0c_ccs
  PE_0               ZeroWireload          tcbn28hpcplusbwp30p140ffg0p99v0c_ccs
  PE_254             ZeroWireload          tcbn28hpcplusbwp30p140ffg0p99v0c_ccs
  PE_253             ZeroWireload          tcbn28hpcplusbwp30p140ffg0p99v0c_ccs
  PE_252             ZeroWireload          tcbn28hpcplusbwp30p140ffg0p99v0c_ccs
  PE_251             ZeroWireload          tcbn28hpcplusbwp30p140ffg0p99v0c_ccs
  PE_250             ZeroWireload          tcbn28hpcplusbwp30p140ffg0p99v0c_ccs
  PE_249             ZeroWireload          tcbn28hpcplusbwp30p140ffg0p99v0c_ccs
  PE_248             ZeroWireload          tcbn28hpcplusbwp30p140ffg0p99v0c_ccs
  PE_247             ZeroWireload          tcbn28hpcplusbwp30p140ffg0p99v0c_ccs
  PE_246             ZeroWireload          tcbn28hpcplusbwp30p140ffg0p99v0c_ccs
  PE_245             ZeroWireload          tcbn28hpcplusbwp30p140ffg0p99v0c_ccs
  PE_244             ZeroWireload          tcbn28hpcplusbwp30p140ffg0p99v0c_ccs
  PE_243             ZeroWireload          tcbn28hpcplusbwp30p140ffg0p99v0c_ccs
  PE_242             ZeroWireload          tcbn28hpcplusbwp30p140ffg0p99v0c_ccs
  PE_241             ZeroWireload          tcbn28hpcplusbwp30p140ffg0p99v0c_ccs
  PE_239             ZeroWireload          tcbn28hpcplusbwp30p140ffg0p99v0c_ccs
  PE_238             ZeroWireload          tcbn28hpcplusbwp30p140ffg0p99v0c_ccs
  PE_237             ZeroWireload          tcbn28hpcplusbwp30p140ffg0p99v0c_ccs
  PE_236             ZeroWireload          tcbn28hpcplusbwp30p140ffg0p99v0c_ccs
  PE_235             ZeroWireload          tcbn28hpcplusbwp30p140ffg0p99v0c_ccs
  PE_234             ZeroWireload          tcbn28hpcplusbwp30p140ffg0p99v0c_ccs
  PE_233             ZeroWireload          tcbn28hpcplusbwp30p140ffg0p99v0c_ccs
  PE_232             ZeroWireload          tcbn28hpcplusbwp30p140ffg0p99v0c_ccs
  PE_231             ZeroWireload          tcbn28hpcplusbwp30p140ffg0p99v0c_ccs
  PE_230             ZeroWireload          tcbn28hpcplusbwp30p140ffg0p99v0c_ccs
  PE_229             ZeroWireload          tcbn28hpcplusbwp30p140ffg0p99v0c_ccs
  PE_228             ZeroWireload          tcbn28hpcplusbwp30p140ffg0p99v0c_ccs
  PE_227             ZeroWireload          tcbn28hpcplusbwp30p140ffg0p99v0c_ccs
  PE_226             ZeroWireload          tcbn28hpcplusbwp30p140ffg0p99v0c_ccs
  PE_225             ZeroWireload          tcbn28hpcplusbwp30p140ffg0p99v0c_ccs
  PE_223             ZeroWireload          tcbn28hpcplusbwp30p140ffg0p99v0c_ccs
  PE_222             ZeroWireload          tcbn28hpcplusbwp30p140ffg0p99v0c_ccs
  PE_221             ZeroWireload          tcbn28hpcplusbwp30p140ffg0p99v0c_ccs
  PE_220             ZeroWireload          tcbn28hpcplusbwp30p140ffg0p99v0c_ccs
  PE_219             ZeroWireload          tcbn28hpcplusbwp30p140ffg0p99v0c_ccs
  PE_218             ZeroWireload          tcbn28hpcplusbwp30p140ffg0p99v0c_ccs
  PE_217             ZeroWireload          tcbn28hpcplusbwp30p140ffg0p99v0c_ccs
  PE_216             ZeroWireload          tcbn28hpcplusbwp30p140ffg0p99v0c_ccs
  PE_215             ZeroWireload          tcbn28hpcplusbwp30p140ffg0p99v0c_ccs
  PE_214             ZeroWireload          tcbn28hpcplusbwp30p140ffg0p99v0c_ccs
  PE_213             ZeroWireload          tcbn28hpcplusbwp30p140ffg0p99v0c_ccs
  PE_212             ZeroWireload          tcbn28hpcplusbwp30p140ffg0p99v0c_ccs
  PE_211             ZeroWireload          tcbn28hpcplusbwp30p140ffg0p99v0c_ccs
  PE_210             ZeroWireload          tcbn28hpcplusbwp30p140ffg0p99v0c_ccs
  PE_209             ZeroWireload          tcbn28hpcplusbwp30p140ffg0p99v0c_ccs
  PE_207             ZeroWireload          tcbn28hpcplusbwp30p140ffg0p99v0c_ccs
  PE_206             ZeroWireload          tcbn28hpcplusbwp30p140ffg0p99v0c_ccs
  PE_205             ZeroWireload          tcbn28hpcplusbwp30p140ffg0p99v0c_ccs
  PE_204             ZeroWireload          tcbn28hpcplusbwp30p140ffg0p99v0c_ccs
  PE_203             ZeroWireload          tcbn28hpcplusbwp30p140ffg0p99v0c_ccs
  PE_202             ZeroWireload          tcbn28hpcplusbwp30p140ffg0p99v0c_ccs
  PE_201             ZeroWireload          tcbn28hpcplusbwp30p140ffg0p99v0c_ccs
  PE_200             ZeroWireload          tcbn28hpcplusbwp30p140ffg0p99v0c_ccs
  PE_199             ZeroWireload          tcbn28hpcplusbwp30p140ffg0p99v0c_ccs
  PE_198             ZeroWireload          tcbn28hpcplusbwp30p140ffg0p99v0c_ccs
  PE_197             ZeroWireload          tcbn28hpcplusbwp30p140ffg0p99v0c_ccs
  PE_196             ZeroWireload          tcbn28hpcplusbwp30p140ffg0p99v0c_ccs
  PE_195             ZeroWireload          tcbn28hpcplusbwp30p140ffg0p99v0c_ccs
  PE_194             ZeroWireload          tcbn28hpcplusbwp30p140ffg0p99v0c_ccs
  PE_193             ZeroWireload          tcbn28hpcplusbwp30p140ffg0p99v0c_ccs
  PE_191             ZeroWireload          tcbn28hpcplusbwp30p140ffg0p99v0c_ccs
  PE_190             ZeroWireload          tcbn28hpcplusbwp30p140ffg0p99v0c_ccs
  PE_189             ZeroWireload          tcbn28hpcplusbwp30p140ffg0p99v0c_ccs
  PE_188             ZeroWireload          tcbn28hpcplusbwp30p140ffg0p99v0c_ccs
  PE_187             ZeroWireload          tcbn28hpcplusbwp30p140ffg0p99v0c_ccs
  PE_186             ZeroWireload          tcbn28hpcplusbwp30p140ffg0p99v0c_ccs
  PE_185             ZeroWireload          tcbn28hpcplusbwp30p140ffg0p99v0c_ccs
  PE_184             ZeroWireload          tcbn28hpcplusbwp30p140ffg0p99v0c_ccs
  PE_183             ZeroWireload          tcbn28hpcplusbwp30p140ffg0p99v0c_ccs
  PE_182             ZeroWireload          tcbn28hpcplusbwp30p140ffg0p99v0c_ccs
  PE_181             ZeroWireload          tcbn28hpcplusbwp30p140ffg0p99v0c_ccs
  PE_180             ZeroWireload          tcbn28hpcplusbwp30p140ffg0p99v0c_ccs
  PE_179             ZeroWireload          tcbn28hpcplusbwp30p140ffg0p99v0c_ccs
  PE_178             ZeroWireload          tcbn28hpcplusbwp30p140ffg0p99v0c_ccs
  PE_177             ZeroWireload          tcbn28hpcplusbwp30p140ffg0p99v0c_ccs
  PE_175             ZeroWireload          tcbn28hpcplusbwp30p140ffg0p99v0c_ccs
  PE_174             ZeroWireload          tcbn28hpcplusbwp30p140ffg0p99v0c_ccs
  PE_173             ZeroWireload          tcbn28hpcplusbwp30p140ffg0p99v0c_ccs
  PE_172             ZeroWireload          tcbn28hpcplusbwp30p140ffg0p99v0c_ccs
  PE_171             ZeroWireload          tcbn28hpcplusbwp30p140ffg0p99v0c_ccs
  PE_170             ZeroWireload          tcbn28hpcplusbwp30p140ffg0p99v0c_ccs
  PE_169             ZeroWireload          tcbn28hpcplusbwp30p140ffg0p99v0c_ccs
  PE_168             ZeroWireload          tcbn28hpcplusbwp30p140ffg0p99v0c_ccs
  PE_167             ZeroWireload          tcbn28hpcplusbwp30p140ffg0p99v0c_ccs
  PE_166             ZeroWireload          tcbn28hpcplusbwp30p140ffg0p99v0c_ccs
  PE_165             ZeroWireload          tcbn28hpcplusbwp30p140ffg0p99v0c_ccs
  PE_164             ZeroWireload          tcbn28hpcplusbwp30p140ffg0p99v0c_ccs
  PE_163             ZeroWireload          tcbn28hpcplusbwp30p140ffg0p99v0c_ccs
  PE_162             ZeroWireload          tcbn28hpcplusbwp30p140ffg0p99v0c_ccs
  PE_161             ZeroWireload          tcbn28hpcplusbwp30p140ffg0p99v0c_ccs
  PE_159             ZeroWireload          tcbn28hpcplusbwp30p140ffg0p99v0c_ccs
  PE_158             ZeroWireload          tcbn28hpcplusbwp30p140ffg0p99v0c_ccs
  PE_157             ZeroWireload          tcbn28hpcplusbwp30p140ffg0p99v0c_ccs
  PE_156             ZeroWireload          tcbn28hpcplusbwp30p140ffg0p99v0c_ccs
  PE_155             ZeroWireload          tcbn28hpcplusbwp30p140ffg0p99v0c_ccs
  PE_154             ZeroWireload          tcbn28hpcplusbwp30p140ffg0p99v0c_ccs
  PE_153             ZeroWireload          tcbn28hpcplusbwp30p140ffg0p99v0c_ccs
  PE_152             ZeroWireload          tcbn28hpcplusbwp30p140ffg0p99v0c_ccs
  PE_151             ZeroWireload          tcbn28hpcplusbwp30p140ffg0p99v0c_ccs
  PE_150             ZeroWireload          tcbn28hpcplusbwp30p140ffg0p99v0c_ccs
  PE_149             ZeroWireload          tcbn28hpcplusbwp30p140ffg0p99v0c_ccs
  PE_148             ZeroWireload          tcbn28hpcplusbwp30p140ffg0p99v0c_ccs
  PE_147             ZeroWireload          tcbn28hpcplusbwp30p140ffg0p99v0c_ccs
  PE_146             ZeroWireload          tcbn28hpcplusbwp30p140ffg0p99v0c_ccs
  PE_145             ZeroWireload          tcbn28hpcplusbwp30p140ffg0p99v0c_ccs
  PE_143             ZeroWireload          tcbn28hpcplusbwp30p140ffg0p99v0c_ccs
  PE_142             ZeroWireload          tcbn28hpcplusbwp30p140ffg0p99v0c_ccs
  PE_141             ZeroWireload          tcbn28hpcplusbwp30p140ffg0p99v0c_ccs
  PE_140             ZeroWireload          tcbn28hpcplusbwp30p140ffg0p99v0c_ccs
  PE_139             ZeroWireload          tcbn28hpcplusbwp30p140ffg0p99v0c_ccs
  PE_138             ZeroWireload          tcbn28hpcplusbwp30p140ffg0p99v0c_ccs
  PE_137             ZeroWireload          tcbn28hpcplusbwp30p140ffg0p99v0c_ccs
  PE_136             ZeroWireload          tcbn28hpcplusbwp30p140ffg0p99v0c_ccs
  PE_135             ZeroWireload          tcbn28hpcplusbwp30p140ffg0p99v0c_ccs
  PE_134             ZeroWireload          tcbn28hpcplusbwp30p140ffg0p99v0c_ccs
  PE_133             ZeroWireload          tcbn28hpcplusbwp30p140ffg0p99v0c_ccs
  PE_132             ZeroWireload          tcbn28hpcplusbwp30p140ffg0p99v0c_ccs
  PE_131             ZeroWireload          tcbn28hpcplusbwp30p140ffg0p99v0c_ccs
  PE_130             ZeroWireload          tcbn28hpcplusbwp30p140ffg0p99v0c_ccs
  PE_129             ZeroWireload          tcbn28hpcplusbwp30p140ffg0p99v0c_ccs
  PE_127             ZeroWireload          tcbn28hpcplusbwp30p140ffg0p99v0c_ccs
  PE_126             ZeroWireload          tcbn28hpcplusbwp30p140ffg0p99v0c_ccs
  PE_125             ZeroWireload          tcbn28hpcplusbwp30p140ffg0p99v0c_ccs
  PE_124             ZeroWireload          tcbn28hpcplusbwp30p140ffg0p99v0c_ccs
  PE_123             ZeroWireload          tcbn28hpcplusbwp30p140ffg0p99v0c_ccs
  PE_122             ZeroWireload          tcbn28hpcplusbwp30p140ffg0p99v0c_ccs
  PE_121             ZeroWireload          tcbn28hpcplusbwp30p140ffg0p99v0c_ccs
  PE_120             ZeroWireload          tcbn28hpcplusbwp30p140ffg0p99v0c_ccs
  PE_119             ZeroWireload          tcbn28hpcplusbwp30p140ffg0p99v0c_ccs
  PE_118             ZeroWireload          tcbn28hpcplusbwp30p140ffg0p99v0c_ccs
  PE_117             ZeroWireload          tcbn28hpcplusbwp30p140ffg0p99v0c_ccs
  PE_116             ZeroWireload          tcbn28hpcplusbwp30p140ffg0p99v0c_ccs
  PE_115             ZeroWireload          tcbn28hpcplusbwp30p140ffg0p99v0c_ccs
  PE_114             ZeroWireload          tcbn28hpcplusbwp30p140ffg0p99v0c_ccs
  PE_113             ZeroWireload          tcbn28hpcplusbwp30p140ffg0p99v0c_ccs
  PE_111             ZeroWireload          tcbn28hpcplusbwp30p140ffg0p99v0c_ccs
  PE_110             ZeroWireload          tcbn28hpcplusbwp30p140ffg0p99v0c_ccs
  PE_109             ZeroWireload          tcbn28hpcplusbwp30p140ffg0p99v0c_ccs
  PE_108             ZeroWireload          tcbn28hpcplusbwp30p140ffg0p99v0c_ccs
  PE_107             ZeroWireload          tcbn28hpcplusbwp30p140ffg0p99v0c_ccs
  PE_106             ZeroWireload          tcbn28hpcplusbwp30p140ffg0p99v0c_ccs
  PE_105             ZeroWireload          tcbn28hpcplusbwp30p140ffg0p99v0c_ccs
  PE_104             ZeroWireload          tcbn28hpcplusbwp30p140ffg0p99v0c_ccs
  PE_103             ZeroWireload          tcbn28hpcplusbwp30p140ffg0p99v0c_ccs
  PE_102             ZeroWireload          tcbn28hpcplusbwp30p140ffg0p99v0c_ccs
  PE_101             ZeroWireload          tcbn28hpcplusbwp30p140ffg0p99v0c_ccs
  PE_100             ZeroWireload          tcbn28hpcplusbwp30p140ffg0p99v0c_ccs
  PE_99              ZeroWireload          tcbn28hpcplusbwp30p140ffg0p99v0c_ccs
  PE_98              ZeroWireload          tcbn28hpcplusbwp30p140ffg0p99v0c_ccs
  PE_97              ZeroWireload          tcbn28hpcplusbwp30p140ffg0p99v0c_ccs
  PE_95              ZeroWireload          tcbn28hpcplusbwp30p140ffg0p99v0c_ccs
  PE_94              ZeroWireload          tcbn28hpcplusbwp30p140ffg0p99v0c_ccs
  PE_93              ZeroWireload          tcbn28hpcplusbwp30p140ffg0p99v0c_ccs
  PE_92              ZeroWireload          tcbn28hpcplusbwp30p140ffg0p99v0c_ccs
  PE_91              ZeroWireload          tcbn28hpcplusbwp30p140ffg0p99v0c_ccs
  PE_90              ZeroWireload          tcbn28hpcplusbwp30p140ffg0p99v0c_ccs
  PE_89              ZeroWireload          tcbn28hpcplusbwp30p140ffg0p99v0c_ccs
  PE_88              ZeroWireload          tcbn28hpcplusbwp30p140ffg0p99v0c_ccs
  PE_87              ZeroWireload          tcbn28hpcplusbwp30p140ffg0p99v0c_ccs
  PE_86              ZeroWireload          tcbn28hpcplusbwp30p140ffg0p99v0c_ccs
  PE_85              ZeroWireload          tcbn28hpcplusbwp30p140ffg0p99v0c_ccs
  PE_84              ZeroWireload          tcbn28hpcplusbwp30p140ffg0p99v0c_ccs
  PE_83              ZeroWireload          tcbn28hpcplusbwp30p140ffg0p99v0c_ccs
  PE_82              ZeroWireload          tcbn28hpcplusbwp30p140ffg0p99v0c_ccs
  PE_81              ZeroWireload          tcbn28hpcplusbwp30p140ffg0p99v0c_ccs
  PE_79              ZeroWireload          tcbn28hpcplusbwp30p140ffg0p99v0c_ccs
  PE_78              ZeroWireload          tcbn28hpcplusbwp30p140ffg0p99v0c_ccs
  PE_77              ZeroWireload          tcbn28hpcplusbwp30p140ffg0p99v0c_ccs
  PE_76              ZeroWireload          tcbn28hpcplusbwp30p140ffg0p99v0c_ccs
  PE_75              ZeroWireload          tcbn28hpcplusbwp30p140ffg0p99v0c_ccs
  PE_74              ZeroWireload          tcbn28hpcplusbwp30p140ffg0p99v0c_ccs
  PE_73              ZeroWireload          tcbn28hpcplusbwp30p140ffg0p99v0c_ccs
  PE_72              ZeroWireload          tcbn28hpcplusbwp30p140ffg0p99v0c_ccs
  PE_71              ZeroWireload          tcbn28hpcplusbwp30p140ffg0p99v0c_ccs
  PE_70              ZeroWireload          tcbn28hpcplusbwp30p140ffg0p99v0c_ccs
  PE_69              ZeroWireload          tcbn28hpcplusbwp30p140ffg0p99v0c_ccs
  PE_68              ZeroWireload          tcbn28hpcplusbwp30p140ffg0p99v0c_ccs
  PE_67              ZeroWireload          tcbn28hpcplusbwp30p140ffg0p99v0c_ccs
  PE_66              ZeroWireload          tcbn28hpcplusbwp30p140ffg0p99v0c_ccs
  PE_65              ZeroWireload          tcbn28hpcplusbwp30p140ffg0p99v0c_ccs
  PE_63              ZeroWireload          tcbn28hpcplusbwp30p140ffg0p99v0c_ccs
  PE_62              ZeroWireload          tcbn28hpcplusbwp30p140ffg0p99v0c_ccs
  PE_61              ZeroWireload          tcbn28hpcplusbwp30p140ffg0p99v0c_ccs
  PE_60              ZeroWireload          tcbn28hpcplusbwp30p140ffg0p99v0c_ccs
  PE_59              ZeroWireload          tcbn28hpcplusbwp30p140ffg0p99v0c_ccs
  PE_58              ZeroWireload          tcbn28hpcplusbwp30p140ffg0p99v0c_ccs
  PE_57              ZeroWireload          tcbn28hpcplusbwp30p140ffg0p99v0c_ccs
  PE_56              ZeroWireload          tcbn28hpcplusbwp30p140ffg0p99v0c_ccs
  PE_55              ZeroWireload          tcbn28hpcplusbwp30p140ffg0p99v0c_ccs
  PE_54              ZeroWireload          tcbn28hpcplusbwp30p140ffg0p99v0c_ccs
  PE_53              ZeroWireload          tcbn28hpcplusbwp30p140ffg0p99v0c_ccs
  PE_52              ZeroWireload          tcbn28hpcplusbwp30p140ffg0p99v0c_ccs
  PE_51              ZeroWireload          tcbn28hpcplusbwp30p140ffg0p99v0c_ccs
  PE_50              ZeroWireload          tcbn28hpcplusbwp30p140ffg0p99v0c_ccs
  PE_49              ZeroWireload          tcbn28hpcplusbwp30p140ffg0p99v0c_ccs
  PE_47              ZeroWireload          tcbn28hpcplusbwp30p140ffg0p99v0c_ccs
  PE_46              ZeroWireload          tcbn28hpcplusbwp30p140ffg0p99v0c_ccs
  PE_45              ZeroWireload          tcbn28hpcplusbwp30p140ffg0p99v0c_ccs
  PE_44              ZeroWireload          tcbn28hpcplusbwp30p140ffg0p99v0c_ccs
  PE_43              ZeroWireload          tcbn28hpcplusbwp30p140ffg0p99v0c_ccs
  PE_42              ZeroWireload          tcbn28hpcplusbwp30p140ffg0p99v0c_ccs
  PE_41              ZeroWireload          tcbn28hpcplusbwp30p140ffg0p99v0c_ccs
  PE_40              ZeroWireload          tcbn28hpcplusbwp30p140ffg0p99v0c_ccs
  PE_39              ZeroWireload          tcbn28hpcplusbwp30p140ffg0p99v0c_ccs
  PE_38              ZeroWireload          tcbn28hpcplusbwp30p140ffg0p99v0c_ccs
  PE_37              ZeroWireload          tcbn28hpcplusbwp30p140ffg0p99v0c_ccs
  PE_36              ZeroWireload          tcbn28hpcplusbwp30p140ffg0p99v0c_ccs
  PE_35              ZeroWireload          tcbn28hpcplusbwp30p140ffg0p99v0c_ccs
  PE_34              ZeroWireload          tcbn28hpcplusbwp30p140ffg0p99v0c_ccs
  PE_33              ZeroWireload          tcbn28hpcplusbwp30p140ffg0p99v0c_ccs
  PE_31              ZeroWireload          tcbn28hpcplusbwp30p140ffg0p99v0c_ccs
  PE_30              ZeroWireload          tcbn28hpcplusbwp30p140ffg0p99v0c_ccs
  PE_29              ZeroWireload          tcbn28hpcplusbwp30p140ffg0p99v0c_ccs
  PE_28              ZeroWireload          tcbn28hpcplusbwp30p140ffg0p99v0c_ccs
  PE_27              ZeroWireload          tcbn28hpcplusbwp30p140ffg0p99v0c_ccs
  PE_26              ZeroWireload          tcbn28hpcplusbwp30p140ffg0p99v0c_ccs
  PE_25              ZeroWireload          tcbn28hpcplusbwp30p140ffg0p99v0c_ccs
  PE_24              ZeroWireload          tcbn28hpcplusbwp30p140ffg0p99v0c_ccs
  PE_23              ZeroWireload          tcbn28hpcplusbwp30p140ffg0p99v0c_ccs
  PE_22              ZeroWireload          tcbn28hpcplusbwp30p140ffg0p99v0c_ccs
  PE_21              ZeroWireload          tcbn28hpcplusbwp30p140ffg0p99v0c_ccs
  PE_20              ZeroWireload          tcbn28hpcplusbwp30p140ffg0p99v0c_ccs
  PE_19              ZeroWireload          tcbn28hpcplusbwp30p140ffg0p99v0c_ccs
  PE_18              ZeroWireload          tcbn28hpcplusbwp30p140ffg0p99v0c_ccs
  PE_17              ZeroWireload          tcbn28hpcplusbwp30p140ffg0p99v0c_ccs
  PE_15              ZeroWireload          tcbn28hpcplusbwp30p140ffg0p99v0c_ccs
  PE_14              ZeroWireload          tcbn28hpcplusbwp30p140ffg0p99v0c_ccs
  PE_13              ZeroWireload          tcbn28hpcplusbwp30p140ffg0p99v0c_ccs
  PE_12              ZeroWireload          tcbn28hpcplusbwp30p140ffg0p99v0c_ccs
  PE_11              ZeroWireload          tcbn28hpcplusbwp30p140ffg0p99v0c_ccs
  PE_10              ZeroWireload          tcbn28hpcplusbwp30p140ffg0p99v0c_ccs
  PE_9               ZeroWireload          tcbn28hpcplusbwp30p140ffg0p99v0c_ccs
  PE_8               ZeroWireload          tcbn28hpcplusbwp30p140ffg0p99v0c_ccs
  PE_7               ZeroWireload          tcbn28hpcplusbwp30p140ffg0p99v0c_ccs
  PE_6               ZeroWireload          tcbn28hpcplusbwp30p140ffg0p99v0c_ccs
  PE_5               ZeroWireload          tcbn28hpcplusbwp30p140ffg0p99v0c_ccs
  PE_4               ZeroWireload          tcbn28hpcplusbwp30p140ffg0p99v0c_ccs
  PE_3               ZeroWireload          tcbn28hpcplusbwp30p140ffg0p99v0c_ccs
  PE_2               ZeroWireload          tcbn28hpcplusbwp30p140ffg0p99v0c_ccs
  PE_1               ZeroWireload          tcbn28hpcplusbwp30p140ffg0p99v0c_ccs
  PE_240             ZeroWireload          tcbn28hpcplusbwp30p140ffg0p99v0c_ccs
  SystolicArray      ZeroWireload          tcbn28hpcplusbwp30p140ffg0p99v0c_ccs
  PE_255             ZeroWireload          tcbn28hpcplusbwp30p140ffg0p99v0c_ccs

Attributes:
    d - dont_touch
    u - dont_use
   mo - map_only
   so - size_only
    i - ideal_net or ideal_network
  inf - infeasible path

  Point                                 Fanout     Trans      Incr       Path      Attributes
  ---------------------------------------------------------------------------------------------------
  clock ideal_clock1 (rise edge)                              0.00       0.00
  clock network delay (ideal)                                 0.00       0.00
  pes_14_9/regW_reg[3]/CP (DFQD1BWP30P140)          0.00      0.00 #     0.00 r
  pes_14_9/regW_reg[3]/Q (DFQD1BWP30P140)           0.02      0.04       0.04 f
  pes_14_9/regW[3] (net)                  6                   0.00       0.04 f
  pes_14_9/U154/ZN (INVD1BWP30P140)                 0.02      0.01       0.06 r
  pes_14_9/n390 (net)                     7                   0.00       0.06 r
  pes_14_9/U526/ZN (MAOI22D1BWP30P140)              0.08      0.04       0.10 f
  pes_14_9/io_eastOut[3] (net)           18                   0.00       0.10 f
  pes_14_9/io_eastOut[3] (PE_97)                              0.00       0.10 f
  _pes_14_9_io_eastOut[3] (net)                               0.00       0.10 f
  pes_15_9/io_westIn[3] (PE_96)                               0.00       0.10 f
  pes_15_9/io_westIn[3] (net)                                 0.00       0.10 f
  pes_15_9/U10/ZN (INVD0BWP30P140)                  0.08      0.07       0.16 r
  pes_15_9/n447 (net)                    15                   0.00       0.16 r
  pes_15_9/U295/ZN (AOI22D1BWP30P140)               0.03      0.02       0.18 f
  pes_15_9/n139 (net)                     1                   0.00       0.18 f
  pes_15_9/U296/ZN (AOI221D1BWP30P140)              0.04      0.03       0.21 r
  pes_15_9/n162 (net)                     1                   0.00       0.21 r
  pes_15_9/U323/S (FA1D1BWP30P140)                  0.02      0.04       0.25 f
  pes_15_9/n167 (net)                     1                   0.00       0.25 f
  pes_15_9/U325/S (FA1D1BWP30P140)                  0.01      0.04       0.29 r
  pes_15_9/n143 (net)                     1                   0.00       0.29 r
  pes_15_9/U307/ZN (INVD0BWP30P140)                 0.02      0.01       0.31 f
  pes_15_9/intadd_5434/A[1] (net)         1                   0.00       0.31 f
  pes_15_9/intadd_5434/U13/CO (FA1D1BWP30P140)      0.01      0.03       0.33 f    mo 
  pes_15_9/intadd_5434/n12 (net)          1                   0.00       0.33 f
  pes_15_9/U605/CO (FA1D1BWP30P140)                 0.01      0.02       0.35 f    mo 
  pes_15_9/intadd_5434/n11 (net)          1                   0.00       0.35 f
  pes_15_9/U604/CO (FA1D1BWP30P140)                 0.01      0.02       0.37 f    mo 
  pes_15_9/intadd_5434/n10 (net)          1                   0.00       0.37 f
  pes_15_9/intadd_5434/U10/CO (FA1D1BWP30P140)      0.01      0.02       0.40 f    mo 
  pes_15_9/intadd_5434/n9 (net)           1                   0.00       0.40 f
  pes_15_9/intadd_5434/U9/CO (FA1D1BWP30P140)       0.01      0.02       0.42 f    mo 
  pes_15_9/intadd_5434/n8 (net)           1                   0.00       0.42 f
  pes_15_9/intadd_5434/U8/CO (FA1D1BWP30P140)       0.01      0.02       0.44 f    mo 
  pes_15_9/intadd_5434/n7 (net)           1                   0.00       0.44 f
  pes_15_9/intadd_5434/U7/CO (FA1D1BWP30P140)       0.01      0.02       0.46 f    mo 
  pes_15_9/intadd_5434/n6 (net)           1                   0.00       0.46 f
  pes_15_9/intadd_5434/U6/CO (FA1D1BWP30P140)       0.01      0.02       0.48 f    mo 
  pes_15_9/intadd_5434/n5 (net)           1                   0.00       0.48 f
  pes_15_9/intadd_5434/U5/CO (FA1D1BWP30P140)       0.01      0.02       0.50 f    mo 
  pes_15_9/intadd_5434/n4 (net)           1                   0.00       0.50 f
  pes_15_9/intadd_5434/U4/CO (FA1D1BWP30P140)       0.01      0.02       0.52 f    mo 
  pes_15_9/intadd_5434/n3 (net)           1                   0.00       0.52 f
  pes_15_9/U603/CO (FA1D1BWP30P140)                 0.01      0.02       0.54 f    mo 
  pes_15_9/intadd_5434/n2 (net)           1                   0.00       0.54 f
  pes_15_9/U602/CO (FA1D1BWP30P140)                 0.01      0.02       0.57 f    mo 
  pes_15_9/intadd_5434/n1 (net)           2                   0.00       0.57 f
  pes_15_9/U522/ZN (MAOI222D1BWP30P140)             0.03      0.02       0.59 r
  pes_15_9/intadd_5435/B[5] (net)         1                   0.00       0.59 r
  pes_15_9/intadd_5435/U2/CO (FA1D1BWP30P140)       0.01      0.03       0.61 r    mo 
  pes_15_9/intadd_5435/n1 (net)           3                   0.00       0.61 r
  pes_15_9/U102/ZN (NR2D1BWP30P140)                 0.01      0.01       0.62 f
  pes_15_9/n119 (net)                     2                   0.00       0.62 f
  pes_15_9/U18/ZN (AOI21D1BWP30P140)                0.02      0.02       0.64 r
  pes_15_9/intadd_5439/B[4] (net)         1                   0.00       0.64 r
  pes_15_9/intadd_5439/U2/CO (FA1D1BWP30P140)       0.01      0.03       0.66 r    mo 
  pes_15_9/intadd_5439/n1 (net)           3                   0.00       0.66 r
  pes_15_9/U521/ZN (MAOI222D1BWP30P140)             0.03      0.02       0.68 f
  pes_15_9/intadd_5438/B[4] (net)         1                   0.00       0.68 f
  pes_15_9/intadd_5438/U2/CO (FA1D1BWP30P140)       0.01      0.03       0.71 f    mo 
  pes_15_9/intadd_5438/n1 (net)           2                   0.00       0.71 f
  pes_15_9/U6/ZN (INVD0BWP30P140)                   0.01      0.01       0.72 r
  pes_15_9/n381 (net)                     1                   0.00       0.72 r
  pes_15_9/U520/ZN (MAOI222D1BWP30P140)             0.03      0.02       0.74 f
  pes_15_9/intadd_5437/B[4] (net)         1                   0.00       0.74 f
  pes_15_9/intadd_5437/U2/CO (FA1D1BWP30P140)       0.01      0.03       0.78 f    mo 
  pes_15_9/intadd_5437/n1 (net)           2                   0.00       0.78 f
  pes_15_9/U518/ZN (INVD1BWP30P140)                 0.01      0.01       0.78 r
  pes_15_9/n379 (net)                     1                   0.00       0.78 r
  pes_15_9/U519/ZN (MAOI222D1BWP30P140)             0.03      0.02       0.80 f
  pes_15_9/intadd_5436/B[4] (net)         1                   0.00       0.80 f
  pes_15_9/intadd_5436/U2/CO (FA1D1BWP30P140)       0.01      0.03       0.83 f    mo 
  pes_15_9/intadd_5436/n1 (net)           3                   0.00       0.83 f
  pes_15_9/U217/ZN (NR2D1BWP30P140)                 0.01      0.01       0.84 r
  pes_15_9/n104 (net)                     2                   0.00       0.84 r
  pes_15_9/U16/ZN (OAI21D1BWP30P140)                0.02      0.01       0.86 f
  pes_15_9/intadd_5450/B[2] (net)         1                   0.00       0.86 f
  pes_15_9/intadd_5450/U2/CO (FA1D1BWP30P140)       0.01      0.03       0.89 f    mo 
  pes_15_9/intadd_5450/n1 (net)           2                   0.00       0.89 f
  pes_15_9/U7/ZN (INVD0BWP30P140)                   0.01      0.01       0.90 r
  pes_15_9/n386 (net)                     1                   0.00       0.90 r
  pes_15_9/U523/ZN (MAOI222D1BWP30P140)             0.03      0.02       0.92 f
  pes_15_9/intadd_5449/B[2] (net)         1                   0.00       0.92 f
  pes_15_9/intadd_5449/U2/S (FA1D1BWP30P140)        0.01      0.05       0.97 r    mo 
  pes_15_9/intadd_5449/SUM[2] (net)       1                   0.00       0.97 r
  pes_15_9/U13/Z (AO22D0BWP30P140)                  0.01      0.02       0.99 r
  pes_15_9/n500 (net)                     1                   0.00       0.99 r
  pes_15_9/regS_reg[30]/D (DFQD1BWP30P140)          0.01      0.00       0.99 r
  data arrival time                                                      0.99

  clock ideal_clock1 (rise edge)                              1.00       1.00
  clock network delay (ideal)                                 0.00       1.00
  pes_15_9/regS_reg[30]/CP (DFQD1BWP30P140)                   0.00       1.00 r
  library setup time                                         -0.01       0.99
  data required time                                                     0.99
  ---------------------------------------------------------------------------------------------------
  data required time                                                     0.99
  data arrival time                                                     -0.99
  ---------------------------------------------------------------------------------------------------
  slack (MET)                                                            0.00


1
