 
****************************************
Report : area
Design : FuseMax2DArray
Version: V-2023.12
Date   : Mon Apr  6 07:56:21 2026
****************************************

Library(s) Used:

    tcbn28hpcplusbwp30p140ffg0p99v0c_ccs (File: /hpc/Tech/TSMC/digital/N28/digital/Front_End/timing_power_noise/CCS/tcbn28hpcplusbwp30p140_180a/tcbn28hpcplusbwp30p140ffg0p99v0c_ccs.db)

Number of ports:                        16898
Number of nets:                        507261
Number of cells:                       472108
Number of combinational cells:         446620
Number of sequential cells:             25344
Number of macros/black boxes:               0
Number of buf/inv:                      90246
Number of references:                     144

Combinational area:             255227.363367
Buf/Inv area:                    23538.312342
Noncombinational area:           48094.199604
Macro/Black Box area:                0.000000
Net Interconnect area:      undefined  (Wire load has zero net area)

Total cell area:                303321.562971
Total area:                 undefined

Hierarchical area distribution
------------------------------

                                  Global cell area              Local cell area
                                  --------------------  ------------------------------- 
Hierarchical cell                 Absolute     Percent  Combi-       Noncombi-   Black-
                                  Total        Total    national     national    boxes   Design
--------------------------------  -----------  -------  -----------  ----------  ------  ---------------
FuseMax2DArray                    303321.5630    100.0       0.0000      0.0000  0.0000  FuseMax2DArray
pe_0_0                              2087.4420      0.7    1754.4240    333.0180  0.0000  FuseMax2DPE_143
pe_0_1                              2093.4900      0.7    1760.3460    333.1440  0.0000  FuseMax2DPE_142
pe_0_10                             2097.1440      0.7    1761.7320    335.4120  0.0000  FuseMax2DPE_133
pe_0_11                             2099.0340      0.7    1765.2600    333.7740  0.0000  FuseMax2DPE_132
pe_0_2                              2096.8920      0.7    1760.8500    336.0420  0.0000  FuseMax2DPE_141
pe_0_3                              2096.5140      0.7    1760.0940    336.4200  0.0000  FuseMax2DPE_140
pe_0_4                              2098.4040      0.7    1763.1180    335.2860  0.0000  FuseMax2DPE_139
pe_0_5                              2102.3100      0.7    1768.5360    333.7740  0.0000  FuseMax2DPE_138
pe_0_6                              2084.9220      0.7    1751.1480    333.7740  0.0000  FuseMax2DPE_137
pe_0_7                              2090.7180      0.7    1756.4400    334.2780  0.0000  FuseMax2DPE_136
pe_0_8                              2106.0900      0.7    1771.5600    334.5300  0.0000  FuseMax2DPE_135
pe_0_9                              2086.3080      0.7    1749.3840    336.9240  0.0000  FuseMax2DPE_134
pe_10_0                             2097.0180      0.7    1763.4960    333.5220  0.0000  FuseMax2DPE_23
pe_10_1                             2108.6100      0.7    1775.8440    332.7660  0.0000  FuseMax2DPE_22
pe_10_10                            2109.6180      0.7    1771.9380    337.6800  0.0000  FuseMax2DPE_13
pe_10_11                            2118.5640      0.7    1784.1600    334.4040  0.0000  FuseMax2DPE_12
pe_10_2                             2095.5060      0.7    1759.2120    336.2940  0.0000  FuseMax2DPE_21
pe_10_3                             2094.6240      0.7    1758.3300    336.2940  0.0000  FuseMax2DPE_20
pe_10_4                             2106.7200      0.7    1772.1900    334.5300  0.0000  FuseMax2DPE_19
pe_10_5                             2086.3080      0.7    1753.1640    333.1440  0.0000  FuseMax2DPE_18
pe_10_6                             2099.4120      0.7    1764.6300    334.7820  0.0000  FuseMax2DPE_17
pe_10_7                             2113.1460      0.7    1780.2540    332.8920  0.0000  FuseMax2DPE_16
pe_10_8                             2104.9560      0.7    1772.0640    332.8920  0.0000  FuseMax2DPE_15
pe_10_9                             2109.9960      0.7    1776.9780    333.0180  0.0000  FuseMax2DPE_14
pe_11_0                             2190.1320      0.7    1857.4920    332.6400  0.0000  FuseMax2DPE_11
pe_11_1                             2207.8980      0.7    1875.1320    332.7660  0.0000  FuseMax2DPE_10
pe_11_10                            2217.6000      0.7    1884.8340    332.7660  0.0000  FuseMax2DPE_1
pe_11_11                            2179.0440      0.7    1844.3880    334.6560  0.0000  FuseMax2DPE_0
pe_11_2                             2177.9100      0.7    1845.0180    332.8920  0.0000  FuseMax2DPE_9
pe_11_3                             2198.3220      0.7    1863.9180    334.4040  0.0000  FuseMax2DPE_8
pe_11_4                             2189.6280      0.7    1855.2240    334.4040  0.0000  FuseMax2DPE_7
pe_11_5                             2181.9420      0.7    1848.5460    333.3960  0.0000  FuseMax2DPE_6
pe_11_6                             2180.1780      0.7    1847.2860    332.8920  0.0000  FuseMax2DPE_5
pe_11_7                             2173.1220      0.7    1839.9780    333.1440  0.0000  FuseMax2DPE_4
pe_11_8                             2184.2100      0.7    1850.3100    333.9000  0.0000  FuseMax2DPE_3
pe_11_9                             2194.6680      0.7    1859.2560    335.4120  0.0000  FuseMax2DPE_2
pe_1_0                              2094.4980      0.7    1761.6060    332.8920  0.0000  FuseMax2DPE_131
pe_1_1                              2097.7740      0.7    1765.1340    332.6400  0.0000  FuseMax2DPE_130
pe_1_10                             2094.4980      0.7    1759.8420    334.6560  0.0000  FuseMax2DPE_121
pe_1_11                             2087.9460      0.7    1753.7940    334.1520  0.0000  FuseMax2DPE_120
pe_1_2                              2100.9240      0.7    1765.8900    335.0340  0.0000  FuseMax2DPE_129
pe_1_3                              2109.8700      0.7    1773.0720    336.7980  0.0000  FuseMax2DPE_128
pe_1_4                              2102.5620      0.7    1769.6700    332.8920  0.0000  FuseMax2DPE_127
pe_1_5                              2103.3180      0.7    1770.5520    332.7660  0.0000  FuseMax2DPE_126
pe_1_6                              2103.6960      0.7    1766.5200    337.1760  0.0000  FuseMax2DPE_125
pe_1_7                              2100.7980      0.7    1766.7720    334.0260  0.0000  FuseMax2DPE_124
pe_1_8                              2090.2140      0.7    1757.5740    332.6400  0.0000  FuseMax2DPE_123
pe_1_9                              2095.6320      0.7    1758.8340    336.7980  0.0000  FuseMax2DPE_122
pe_2_0                              2104.2000      0.7    1771.5600    332.6400  0.0000  FuseMax2DPE_119
pe_2_1                              2107.4760      0.7    1771.8120    335.6640  0.0000  FuseMax2DPE_118
pe_2_10                             2091.3480      0.7    1757.0700    334.2780  0.0000  FuseMax2DPE_109
pe_2_11                             2105.4600      0.7    1771.0560    334.4040  0.0000  FuseMax2DPE_108
pe_2_2                              2113.6500      0.7    1778.7420    334.9080  0.0000  FuseMax2DPE_117
pe_2_3                              2103.4440      0.7    1770.8040    332.6400  0.0000  FuseMax2DPE_116
pe_2_4                              2096.2620      0.7    1763.2440    333.0180  0.0000  FuseMax2DPE_115
pe_2_5                              2113.0200      0.7    1779.6240    333.3960  0.0000  FuseMax2DPE_114
pe_2_6                              2098.1520      0.7    1764.7560    333.3960  0.0000  FuseMax2DPE_113
pe_2_7                              2081.3940      0.7    1748.3760    333.0180  0.0000  FuseMax2DPE_112
pe_2_8                              2105.4600      0.7    1768.5360    336.9240  0.0000  FuseMax2DPE_111
pe_2_9                              2089.4580      0.7    1755.6840    333.7740  0.0000  FuseMax2DPE_110
pe_3_0                              2089.3320      0.7    1755.8100    333.5220  0.0000  FuseMax2DPE_107
pe_3_1                              2103.8220      0.7    1771.0560    332.7660  0.0000  FuseMax2DPE_106
pe_3_10                             2118.1860      0.7    1785.1680    333.0180  0.0000  FuseMax2DPE_97
pe_3_11                             2103.5700      0.7    1768.0320    335.5380  0.0000  FuseMax2DPE_96
pe_3_2                              2103.3180      0.7    1767.2760    336.0420  0.0000  FuseMax2DPE_105
pe_3_3                              2102.5620      0.7    1766.3940    336.1680  0.0000  FuseMax2DPE_104
pe_3_4                              2089.3320      0.7    1754.2980    335.0340  0.0000  FuseMax2DPE_103
pe_3_5                              2119.3200      0.7    1786.3020    333.0180  0.0000  FuseMax2DPE_102
pe_3_6                              2098.9080      0.7    1763.4960    335.4120  0.0000  FuseMax2DPE_101
pe_3_7                              2097.1440      0.7    1763.2440    333.9000  0.0000  FuseMax2DPE_100
pe_3_8                              2099.0340      0.7    1766.3940    332.6400  0.0000  FuseMax2DPE_99
pe_3_9                              2091.7260      0.7    1758.8340    332.8920  0.0000  FuseMax2DPE_98
pe_4_0                              2091.0960      0.7    1758.4560    332.6400  0.0000  FuseMax2DPE_95
pe_4_1                              2099.0340      0.7    1763.1180    335.9160  0.0000  FuseMax2DPE_94
pe_4_10                             2094.3720      0.7    1760.8500    333.5220  0.0000  FuseMax2DPE_85
pe_4_11                             2093.4900      0.7    1760.5980    332.8920  0.0000  FuseMax2DPE_84
pe_4_2                              2094.3720      0.7    1761.4800    332.8920  0.0000  FuseMax2DPE_93
pe_4_3                              2103.1920      0.7    1769.1660    334.0260  0.0000  FuseMax2DPE_92
pe_4_4                              2102.1840      0.7    1766.6460    335.5380  0.0000  FuseMax2DPE_91
pe_4_5                              2107.6020      0.7    1771.5600    336.0420  0.0000  FuseMax2DPE_90
pe_4_6                              2098.5300      0.7    1761.9840    336.5460  0.0000  FuseMax2DPE_89
pe_4_7                              2098.7820      0.7    1763.7480    335.0340  0.0000  FuseMax2DPE_88
pe_4_8                              2113.0200      0.7    1777.8600    335.1600  0.0000  FuseMax2DPE_87
pe_4_9                              2090.3400      0.7    1756.9440    333.3960  0.0000  FuseMax2DPE_86
pe_5_0                              2122.4700      0.7    1788.1920    334.2780  0.0000  FuseMax2DPE_83
pe_5_1                              2093.3640      0.7    1760.7240    332.6400  0.0000  FuseMax2DPE_82
pe_5_10                             2090.5920      0.7    1757.9520    332.6400  0.0000  FuseMax2DPE_73
pe_5_11                             2106.2160      0.7    1773.3240    332.8920  0.0000  FuseMax2DPE_72
pe_5_2                              2106.2160      0.7    1771.8120    334.4040  0.0000  FuseMax2DPE_81
pe_5_3                              2099.0340      0.7    1762.9920    336.0420  0.0000  FuseMax2DPE_80
pe_5_4                              2103.6960      0.7    1771.0560    332.6400  0.0000  FuseMax2DPE_79
pe_5_5                              2101.9320      0.7    1769.2920    332.6400  0.0000  FuseMax2DPE_78
pe_5_6                              2084.0400      0.7    1751.2740    332.7660  0.0000  FuseMax2DPE_77
pe_5_7                              2104.7040      0.7    1770.9300    333.7740  0.0000  FuseMax2DPE_76
pe_5_8                              2088.7020      0.7    1755.9360    332.7660  0.0000  FuseMax2DPE_75
pe_5_9                              2096.1360      0.7    1762.3620    333.7740  0.0000  FuseMax2DPE_74
pe_6_0                              2104.5780      0.7    1771.5600    333.0180  0.0000  FuseMax2DPE_71
pe_6_1                              2098.1520      0.7    1765.3860    332.7660  0.0000  FuseMax2DPE_70
pe_6_10                             2087.9460      0.7    1754.6760    333.2700  0.0000  FuseMax2DPE_61
pe_6_11                             2098.6560      0.7    1765.7640    332.8920  0.0000  FuseMax2DPE_60
pe_6_2                              2105.9640      0.7    1771.5600    334.4040  0.0000  FuseMax2DPE_69
pe_6_3                              2101.8060      0.7    1764.7560    337.0500  0.0000  FuseMax2DPE_68
pe_6_4                              2098.0260      0.7    1765.0080    333.0180  0.0000  FuseMax2DPE_67
pe_6_5                              2106.7200      0.7    1773.9540    332.7660  0.0000  FuseMax2DPE_66
pe_6_6                              2089.8360      0.7    1756.0620    333.7740  0.0000  FuseMax2DPE_65
pe_6_7                              2117.9340      0.7    1785.2940    332.6400  0.0000  FuseMax2DPE_64
pe_6_8                              2096.7660      0.7    1761.7320    335.0340  0.0000  FuseMax2DPE_63
pe_6_9                              2099.7900      0.7    1767.0240    332.7660  0.0000  FuseMax2DPE_62
pe_7_0                              2100.7980      0.7    1764.7560    336.0420  0.0000  FuseMax2DPE_59
pe_7_1                              2093.1120      0.7    1759.4640    333.6480  0.0000  FuseMax2DPE_58
pe_7_10                             2087.6940      0.7    1754.1720    333.5220  0.0000  FuseMax2DPE_49
pe_7_11                             2092.3560      0.7    1759.7160    332.6400  0.0000  FuseMax2DPE_48
pe_7_2                              2094.8760      0.7    1761.6060    333.2700  0.0000  FuseMax2DPE_57
pe_7_3                              2115.7920      0.7    1781.8920    333.9000  0.0000  FuseMax2DPE_56
pe_7_4                              2102.8140      0.7    1766.5200    336.2940  0.0000  FuseMax2DPE_55
pe_7_5                              2095.0020      0.7    1761.2280    333.7740  0.0000  FuseMax2DPE_54
pe_7_6                              2099.7900      0.7    1766.3940    333.3960  0.0000  FuseMax2DPE_53
pe_7_7                              2091.3480      0.7    1758.3300    333.0180  0.0000  FuseMax2DPE_52
pe_7_8                              2106.9720      0.7    1774.3320    332.6400  0.0000  FuseMax2DPE_51
pe_7_9                              2096.1360      0.7    1763.4960    332.6400  0.0000  FuseMax2DPE_50
pe_8_0                              2107.4760      0.7    1774.5840    332.8920  0.0000  FuseMax2DPE_47
pe_8_1                              2100.9240      0.7    1766.8980    334.0260  0.0000  FuseMax2DPE_46
pe_8_10                             2089.7100      0.7    1753.1640    336.5460  0.0000  FuseMax2DPE_37
pe_8_11                             2083.7880      0.7    1750.6440    333.1440  0.0000  FuseMax2DPE_36
pe_8_2                              2092.2300      0.7    1759.2120    333.0180  0.0000  FuseMax2DPE_45
pe_8_3                              2087.5680      0.7    1754.5500    333.0180  0.0000  FuseMax2DPE_44
pe_8_4                              2082.9060      0.7    1750.1400    332.7660  0.0000  FuseMax2DPE_43
pe_8_5                              2101.4280      0.7    1768.2840    333.1440  0.0000  FuseMax2DPE_42
pe_8_6                              2106.2160      0.7    1772.4420    333.7740  0.0000  FuseMax2DPE_41
pe_8_7                              2093.9940      0.7    1758.8340    335.1600  0.0000  FuseMax2DPE_40
pe_8_8                              2090.0880      0.7    1756.8180    333.2700  0.0000  FuseMax2DPE_39
pe_8_9                              2086.1820      0.7    1753.5420    332.6400  0.0000  FuseMax2DPE_38
pe_9_0                              2086.6860      0.7    1754.0460    332.6400  0.0000  FuseMax2DPE_35
pe_9_1                              2105.9640      0.7    1770.4260    335.5380  0.0000  FuseMax2DPE_34
pe_9_10                             2098.4040      0.7    1764.8820    333.5220  0.0000  FuseMax2DPE_25
pe_9_11                             2099.2860      0.7    1762.8660    336.4200  0.0000  FuseMax2DPE_24
pe_9_2                              2109.8700      0.7    1775.9700    333.9000  0.0000  FuseMax2DPE_33
pe_9_3                              2100.7980      0.7    1768.0320    332.7660  0.0000  FuseMax2DPE_32
pe_9_4                              2091.6000      0.7    1756.5660    335.0340  0.0000  FuseMax2DPE_31
pe_9_5                              2097.5220      0.7    1763.2440    334.2780  0.0000  FuseMax2DPE_30
pe_9_6                              2100.6720      0.7    1768.0320    332.6400  0.0000  FuseMax2DPE_29
pe_9_7                              2098.1520      0.7    1765.3860    332.7660  0.0000  FuseMax2DPE_28
pe_9_8                              2083.4100      0.7    1750.6440    332.7660  0.0000  FuseMax2DPE_27
pe_9_9                              2095.0020      0.7    1761.8580    333.1440  0.0000  FuseMax2DPE_26
--------------------------------  -----------  -------  -----------  ----------  ------  ---------------
Total                                                   255227.3634  48094.1996  0.0000

1
