 
****************************************
Report : power
        -hier
        -analysis_effort low
Design : FuseMax2DArray
Version: V-2023.12
Date   : Mon Apr  6 07:56:26 2026
****************************************


Library(s) Used:

    tcbn28hpcplusbwp30p140ffg0p99v0c_ccs (File: /hpc/Tech/TSMC/digital/N28/digital/Front_End/timing_power_noise/CCS/tcbn28hpcplusbwp30p140_180a/tcbn28hpcplusbwp30p140ffg0p99v0c_ccs.db)


Operating Conditions: ffg0p99v0c   Library: tcbn28hpcplusbwp30p140ffg0p99v0c_ccs
Wire Load Model Mode: segmented

Design        Wire Load Model            Library
------------------------------------------------
FuseMax2DArray         ZeroWireload      tcbn28hpcplusbwp30p140ffg0p99v0c_ccs
FuseMax2DPE_143        ZeroWireload      tcbn28hpcplusbwp30p140ffg0p99v0c_ccs
FuseMax2DPE_132        ZeroWireload      tcbn28hpcplusbwp30p140ffg0p99v0c_ccs
FuseMax2DPE_0          ZeroWireload      tcbn28hpcplusbwp30p140ffg0p99v0c_ccs
FuseMax2DPE_12         ZeroWireload      tcbn28hpcplusbwp30p140ffg0p99v0c_ccs
FuseMax2DPE_24         ZeroWireload      tcbn28hpcplusbwp30p140ffg0p99v0c_ccs
FuseMax2DPE_36         ZeroWireload      tcbn28hpcplusbwp30p140ffg0p99v0c_ccs
FuseMax2DPE_48         ZeroWireload      tcbn28hpcplusbwp30p140ffg0p99v0c_ccs
FuseMax2DPE_60         ZeroWireload      tcbn28hpcplusbwp30p140ffg0p99v0c_ccs
FuseMax2DPE_72         ZeroWireload      tcbn28hpcplusbwp30p140ffg0p99v0c_ccs
FuseMax2DPE_84         ZeroWireload      tcbn28hpcplusbwp30p140ffg0p99v0c_ccs
FuseMax2DPE_96         ZeroWireload      tcbn28hpcplusbwp30p140ffg0p99v0c_ccs
FuseMax2DPE_108        ZeroWireload      tcbn28hpcplusbwp30p140ffg0p99v0c_ccs
FuseMax2DPE_120        ZeroWireload      tcbn28hpcplusbwp30p140ffg0p99v0c_ccs
FuseMax2DPE_1          ZeroWireload      tcbn28hpcplusbwp30p140ffg0p99v0c_ccs
FuseMax2DPE_2          ZeroWireload      tcbn28hpcplusbwp30p140ffg0p99v0c_ccs
FuseMax2DPE_3          ZeroWireload      tcbn28hpcplusbwp30p140ffg0p99v0c_ccs
FuseMax2DPE_4          ZeroWireload      tcbn28hpcplusbwp30p140ffg0p99v0c_ccs
FuseMax2DPE_5          ZeroWireload      tcbn28hpcplusbwp30p140ffg0p99v0c_ccs
FuseMax2DPE_6          ZeroWireload      tcbn28hpcplusbwp30p140ffg0p99v0c_ccs
FuseMax2DPE_7          ZeroWireload      tcbn28hpcplusbwp30p140ffg0p99v0c_ccs
FuseMax2DPE_8          ZeroWireload      tcbn28hpcplusbwp30p140ffg0p99v0c_ccs
FuseMax2DPE_9          ZeroWireload      tcbn28hpcplusbwp30p140ffg0p99v0c_ccs
FuseMax2DPE_10         ZeroWireload      tcbn28hpcplusbwp30p140ffg0p99v0c_ccs
FuseMax2DPE_11         ZeroWireload      tcbn28hpcplusbwp30p140ffg0p99v0c_ccs
FuseMax2DPE_13         ZeroWireload      tcbn28hpcplusbwp30p140ffg0p99v0c_ccs
FuseMax2DPE_14         ZeroWireload      tcbn28hpcplusbwp30p140ffg0p99v0c_ccs
FuseMax2DPE_15         ZeroWireload      tcbn28hpcplusbwp30p140ffg0p99v0c_ccs
FuseMax2DPE_16         ZeroWireload      tcbn28hpcplusbwp30p140ffg0p99v0c_ccs
FuseMax2DPE_17         ZeroWireload      tcbn28hpcplusbwp30p140ffg0p99v0c_ccs
FuseMax2DPE_18         ZeroWireload      tcbn28hpcplusbwp30p140ffg0p99v0c_ccs
FuseMax2DPE_19         ZeroWireload      tcbn28hpcplusbwp30p140ffg0p99v0c_ccs
FuseMax2DPE_20         ZeroWireload      tcbn28hpcplusbwp30p140ffg0p99v0c_ccs
FuseMax2DPE_21         ZeroWireload      tcbn28hpcplusbwp30p140ffg0p99v0c_ccs
FuseMax2DPE_22         ZeroWireload      tcbn28hpcplusbwp30p140ffg0p99v0c_ccs
FuseMax2DPE_23         ZeroWireload      tcbn28hpcplusbwp30p140ffg0p99v0c_ccs
FuseMax2DPE_25         ZeroWireload      tcbn28hpcplusbwp30p140ffg0p99v0c_ccs
FuseMax2DPE_26         ZeroWireload      tcbn28hpcplusbwp30p140ffg0p99v0c_ccs
FuseMax2DPE_27         ZeroWireload      tcbn28hpcplusbwp30p140ffg0p99v0c_ccs
FuseMax2DPE_28         ZeroWireload      tcbn28hpcplusbwp30p140ffg0p99v0c_ccs
FuseMax2DPE_29         ZeroWireload      tcbn28hpcplusbwp30p140ffg0p99v0c_ccs
FuseMax2DPE_30         ZeroWireload      tcbn28hpcplusbwp30p140ffg0p99v0c_ccs
FuseMax2DPE_31         ZeroWireload      tcbn28hpcplusbwp30p140ffg0p99v0c_ccs
FuseMax2DPE_32         ZeroWireload      tcbn28hpcplusbwp30p140ffg0p99v0c_ccs
FuseMax2DPE_33         ZeroWireload      tcbn28hpcplusbwp30p140ffg0p99v0c_ccs
FuseMax2DPE_34         ZeroWireload      tcbn28hpcplusbwp30p140ffg0p99v0c_ccs
FuseMax2DPE_35         ZeroWireload      tcbn28hpcplusbwp30p140ffg0p99v0c_ccs
FuseMax2DPE_37         ZeroWireload      tcbn28hpcplusbwp30p140ffg0p99v0c_ccs
FuseMax2DPE_38         ZeroWireload      tcbn28hpcplusbwp30p140ffg0p99v0c_ccs
FuseMax2DPE_39         ZeroWireload      tcbn28hpcplusbwp30p140ffg0p99v0c_ccs
FuseMax2DPE_40         ZeroWireload      tcbn28hpcplusbwp30p140ffg0p99v0c_ccs
FuseMax2DPE_41         ZeroWireload      tcbn28hpcplusbwp30p140ffg0p99v0c_ccs
FuseMax2DPE_42         ZeroWireload      tcbn28hpcplusbwp30p140ffg0p99v0c_ccs
FuseMax2DPE_43         ZeroWireload      tcbn28hpcplusbwp30p140ffg0p99v0c_ccs
FuseMax2DPE_44         ZeroWireload      tcbn28hpcplusbwp30p140ffg0p99v0c_ccs
FuseMax2DPE_45         ZeroWireload      tcbn28hpcplusbwp30p140ffg0p99v0c_ccs
FuseMax2DPE_46         ZeroWireload      tcbn28hpcplusbwp30p140ffg0p99v0c_ccs
FuseMax2DPE_47         ZeroWireload      tcbn28hpcplusbwp30p140ffg0p99v0c_ccs
FuseMax2DPE_49         ZeroWireload      tcbn28hpcplusbwp30p140ffg0p99v0c_ccs
FuseMax2DPE_50         ZeroWireload      tcbn28hpcplusbwp30p140ffg0p99v0c_ccs
FuseMax2DPE_51         ZeroWireload      tcbn28hpcplusbwp30p140ffg0p99v0c_ccs
FuseMax2DPE_52         ZeroWireload      tcbn28hpcplusbwp30p140ffg0p99v0c_ccs
FuseMax2DPE_53         ZeroWireload      tcbn28hpcplusbwp30p140ffg0p99v0c_ccs
FuseMax2DPE_54         ZeroWireload      tcbn28hpcplusbwp30p140ffg0p99v0c_ccs
FuseMax2DPE_55         ZeroWireload      tcbn28hpcplusbwp30p140ffg0p99v0c_ccs
FuseMax2DPE_56         ZeroWireload      tcbn28hpcplusbwp30p140ffg0p99v0c_ccs
FuseMax2DPE_57         ZeroWireload      tcbn28hpcplusbwp30p140ffg0p99v0c_ccs
FuseMax2DPE_58         ZeroWireload      tcbn28hpcplusbwp30p140ffg0p99v0c_ccs
FuseMax2DPE_59         ZeroWireload      tcbn28hpcplusbwp30p140ffg0p99v0c_ccs
FuseMax2DPE_61         ZeroWireload      tcbn28hpcplusbwp30p140ffg0p99v0c_ccs
FuseMax2DPE_62         ZeroWireload      tcbn28hpcplusbwp30p140ffg0p99v0c_ccs
FuseMax2DPE_63         ZeroWireload      tcbn28hpcplusbwp30p140ffg0p99v0c_ccs
FuseMax2DPE_64         ZeroWireload      tcbn28hpcplusbwp30p140ffg0p99v0c_ccs
FuseMax2DPE_65         ZeroWireload      tcbn28hpcplusbwp30p140ffg0p99v0c_ccs
FuseMax2DPE_66         ZeroWireload      tcbn28hpcplusbwp30p140ffg0p99v0c_ccs
FuseMax2DPE_67         ZeroWireload      tcbn28hpcplusbwp30p140ffg0p99v0c_ccs
FuseMax2DPE_68         ZeroWireload      tcbn28hpcplusbwp30p140ffg0p99v0c_ccs
FuseMax2DPE_69         ZeroWireload      tcbn28hpcplusbwp30p140ffg0p99v0c_ccs
FuseMax2DPE_70         ZeroWireload      tcbn28hpcplusbwp30p140ffg0p99v0c_ccs
FuseMax2DPE_71         ZeroWireload      tcbn28hpcplusbwp30p140ffg0p99v0c_ccs
FuseMax2DPE_73         ZeroWireload      tcbn28hpcplusbwp30p140ffg0p99v0c_ccs
FuseMax2DPE_74         ZeroWireload      tcbn28hpcplusbwp30p140ffg0p99v0c_ccs
FuseMax2DPE_75         ZeroWireload      tcbn28hpcplusbwp30p140ffg0p99v0c_ccs
FuseMax2DPE_76         ZeroWireload      tcbn28hpcplusbwp30p140ffg0p99v0c_ccs
FuseMax2DPE_77         ZeroWireload      tcbn28hpcplusbwp30p140ffg0p99v0c_ccs
FuseMax2DPE_78         ZeroWireload      tcbn28hpcplusbwp30p140ffg0p99v0c_ccs
FuseMax2DPE_79         ZeroWireload      tcbn28hpcplusbwp30p140ffg0p99v0c_ccs
FuseMax2DPE_80         ZeroWireload      tcbn28hpcplusbwp30p140ffg0p99v0c_ccs
FuseMax2DPE_81         ZeroWireload      tcbn28hpcplusbwp30p140ffg0p99v0c_ccs
FuseMax2DPE_82         ZeroWireload      tcbn28hpcplusbwp30p140ffg0p99v0c_ccs
FuseMax2DPE_83         ZeroWireload      tcbn28hpcplusbwp30p140ffg0p99v0c_ccs
FuseMax2DPE_85         ZeroWireload      tcbn28hpcplusbwp30p140ffg0p99v0c_ccs
FuseMax2DPE_86         ZeroWireload      tcbn28hpcplusbwp30p140ffg0p99v0c_ccs
FuseMax2DPE_87         ZeroWireload      tcbn28hpcplusbwp30p140ffg0p99v0c_ccs
FuseMax2DPE_88         ZeroWireload      tcbn28hpcplusbwp30p140ffg0p99v0c_ccs
FuseMax2DPE_89         ZeroWireload      tcbn28hpcplusbwp30p140ffg0p99v0c_ccs
FuseMax2DPE_90         ZeroWireload      tcbn28hpcplusbwp30p140ffg0p99v0c_ccs
FuseMax2DPE_91         ZeroWireload      tcbn28hpcplusbwp30p140ffg0p99v0c_ccs
FuseMax2DPE_92         ZeroWireload      tcbn28hpcplusbwp30p140ffg0p99v0c_ccs
FuseMax2DPE_93         ZeroWireload      tcbn28hpcplusbwp30p140ffg0p99v0c_ccs
FuseMax2DPE_94         ZeroWireload      tcbn28hpcplusbwp30p140ffg0p99v0c_ccs
FuseMax2DPE_95         ZeroWireload      tcbn28hpcplusbwp30p140ffg0p99v0c_ccs
FuseMax2DPE_97         ZeroWireload      tcbn28hpcplusbwp30p140ffg0p99v0c_ccs
FuseMax2DPE_98         ZeroWireload      tcbn28hpcplusbwp30p140ffg0p99v0c_ccs
FuseMax2DPE_99         ZeroWireload      tcbn28hpcplusbwp30p140ffg0p99v0c_ccs
FuseMax2DPE_100        ZeroWireload      tcbn28hpcplusbwp30p140ffg0p99v0c_ccs
FuseMax2DPE_101        ZeroWireload      tcbn28hpcplusbwp30p140ffg0p99v0c_ccs
FuseMax2DPE_102        ZeroWireload      tcbn28hpcplusbwp30p140ffg0p99v0c_ccs
FuseMax2DPE_103        ZeroWireload      tcbn28hpcplusbwp30p140ffg0p99v0c_ccs
FuseMax2DPE_104        ZeroWireload      tcbn28hpcplusbwp30p140ffg0p99v0c_ccs
FuseMax2DPE_105        ZeroWireload      tcbn28hpcplusbwp30p140ffg0p99v0c_ccs
FuseMax2DPE_106        ZeroWireload      tcbn28hpcplusbwp30p140ffg0p99v0c_ccs
FuseMax2DPE_107        ZeroWireload      tcbn28hpcplusbwp30p140ffg0p99v0c_ccs
FuseMax2DPE_109        ZeroWireload      tcbn28hpcplusbwp30p140ffg0p99v0c_ccs
FuseMax2DPE_110        ZeroWireload      tcbn28hpcplusbwp30p140ffg0p99v0c_ccs
FuseMax2DPE_111        ZeroWireload      tcbn28hpcplusbwp30p140ffg0p99v0c_ccs
FuseMax2DPE_112        ZeroWireload      tcbn28hpcplusbwp30p140ffg0p99v0c_ccs
FuseMax2DPE_113        ZeroWireload      tcbn28hpcplusbwp30p140ffg0p99v0c_ccs
FuseMax2DPE_114        ZeroWireload      tcbn28hpcplusbwp30p140ffg0p99v0c_ccs
FuseMax2DPE_115        ZeroWireload      tcbn28hpcplusbwp30p140ffg0p99v0c_ccs
FuseMax2DPE_116        ZeroWireload      tcbn28hpcplusbwp30p140ffg0p99v0c_ccs
FuseMax2DPE_117        ZeroWireload      tcbn28hpcplusbwp30p140ffg0p99v0c_ccs
FuseMax2DPE_118        ZeroWireload      tcbn28hpcplusbwp30p140ffg0p99v0c_ccs
FuseMax2DPE_119        ZeroWireload      tcbn28hpcplusbwp30p140ffg0p99v0c_ccs
FuseMax2DPE_121        ZeroWireload      tcbn28hpcplusbwp30p140ffg0p99v0c_ccs
FuseMax2DPE_122        ZeroWireload      tcbn28hpcplusbwp30p140ffg0p99v0c_ccs
FuseMax2DPE_123        ZeroWireload      tcbn28hpcplusbwp30p140ffg0p99v0c_ccs
FuseMax2DPE_124        ZeroWireload      tcbn28hpcplusbwp30p140ffg0p99v0c_ccs
FuseMax2DPE_125        ZeroWireload      tcbn28hpcplusbwp30p140ffg0p99v0c_ccs
FuseMax2DPE_126        ZeroWireload      tcbn28hpcplusbwp30p140ffg0p99v0c_ccs
FuseMax2DPE_127        ZeroWireload      tcbn28hpcplusbwp30p140ffg0p99v0c_ccs
FuseMax2DPE_128        ZeroWireload      tcbn28hpcplusbwp30p140ffg0p99v0c_ccs
FuseMax2DPE_129        ZeroWireload      tcbn28hpcplusbwp30p140ffg0p99v0c_ccs
FuseMax2DPE_130        ZeroWireload      tcbn28hpcplusbwp30p140ffg0p99v0c_ccs
FuseMax2DPE_131        ZeroWireload      tcbn28hpcplusbwp30p140ffg0p99v0c_ccs
FuseMax2DPE_133        ZeroWireload      tcbn28hpcplusbwp30p140ffg0p99v0c_ccs
FuseMax2DPE_134        ZeroWireload      tcbn28hpcplusbwp30p140ffg0p99v0c_ccs
FuseMax2DPE_135        ZeroWireload      tcbn28hpcplusbwp30p140ffg0p99v0c_ccs
FuseMax2DPE_136        ZeroWireload      tcbn28hpcplusbwp30p140ffg0p99v0c_ccs
FuseMax2DPE_137        ZeroWireload      tcbn28hpcplusbwp30p140ffg0p99v0c_ccs
FuseMax2DPE_138        ZeroWireload      tcbn28hpcplusbwp30p140ffg0p99v0c_ccs
FuseMax2DPE_139        ZeroWireload      tcbn28hpcplusbwp30p140ffg0p99v0c_ccs
FuseMax2DPE_140        ZeroWireload      tcbn28hpcplusbwp30p140ffg0p99v0c_ccs
FuseMax2DPE_141        ZeroWireload      tcbn28hpcplusbwp30p140ffg0p99v0c_ccs
FuseMax2DPE_142        ZeroWireload      tcbn28hpcplusbwp30p140ffg0p99v0c_ccs


Global Operating Voltage = 0.99 
Power-specific unit information :
    Voltage Units = 1V
    Capacitance Units = 1.000000pf
    Time Units = 1ns
    Dynamic Power Units = 1mW    (derived from V,C,T units)
    Leakage Power Units = 1nW


--------------------------------------------------------------------------------
                                       Switch   Int      Leak     Total
Hierarchy                              Power    Power    Power    Power    %
--------------------------------------------------------------------------------
FuseMax2DArray                           10.675  104.063 1.51e+06  116.247 100.0
  pe_11_11 (FuseMax2DPE_0)             7.63e-02    0.720 1.16e+04    0.807   0.7
  pe_11_10 (FuseMax2DPE_1)             8.54e-02    0.724 1.19e+04    0.821   0.7
  pe_11_9 (FuseMax2DPE_2)              8.41e-02    0.727 1.17e+04    0.823   0.7
  pe_11_8 (FuseMax2DPE_3)              8.01e-02    0.723 1.16e+04    0.814   0.7
  pe_11_7 (FuseMax2DPE_4)              8.52e-02    0.725 1.15e+04    0.822   0.7
  pe_11_6 (FuseMax2DPE_5)              8.59e-02    0.725 1.16e+04    0.822   0.7
  pe_11_5 (FuseMax2DPE_6)              8.47e-02    0.725 1.15e+04    0.821   0.7
  pe_11_4 (FuseMax2DPE_7)              7.98e-02    0.721 1.15e+04    0.812   0.7
  pe_11_3 (FuseMax2DPE_8)              8.83e-02    0.735 1.18e+04    0.835   0.7
  pe_11_2 (FuseMax2DPE_9)              8.73e-02    0.731 1.15e+04    0.830   0.7
  pe_11_1 (FuseMax2DPE_10)             9.07e-02    0.736 1.19e+04    0.838   0.7
  pe_11_0 (FuseMax2DPE_11)             8.92e-02    0.737 1.17e+04    0.838   0.7
  pe_10_11 (FuseMax2DPE_12)            6.42e-02    0.712 1.06e+04    0.786   0.7
  pe_10_10 (FuseMax2DPE_13)            6.81e-02    0.720 1.05e+04    0.799   0.7
  pe_10_9 (FuseMax2DPE_14)             6.73e-02    0.713 1.04e+04    0.791   0.7
  pe_10_8 (FuseMax2DPE_15)             6.75e-02    0.713 1.04e+04    0.791   0.7
  pe_10_7 (FuseMax2DPE_16)             6.84e-02    0.714 1.05e+04    0.793   0.7
  pe_10_6 (FuseMax2DPE_17)             6.90e-02    0.718 1.04e+04    0.798   0.7
  pe_10_5 (FuseMax2DPE_18)             6.66e-02    0.713 1.02e+04    0.790   0.7
  pe_10_4 (FuseMax2DPE_19)             7.27e-02    0.723 1.05e+04    0.806   0.7
  pe_10_3 (FuseMax2DPE_20)             7.08e-02    0.722 1.03e+04    0.804   0.7
  pe_10_2 (FuseMax2DPE_21)             7.50e-02    0.727 1.03e+04    0.813   0.7
  pe_10_1 (FuseMax2DPE_22)             7.14e-02    0.717 1.04e+04    0.799   0.7
  pe_10_0 (FuseMax2DPE_23)             7.55e-02    0.723 1.03e+04    0.809   0.7
  pe_9_11 (FuseMax2DPE_24)             6.51e-02    0.716 1.04e+04    0.791   0.7
  pe_9_10 (FuseMax2DPE_25)             6.86e-02    0.714 1.04e+04    0.793   0.7
  pe_9_9 (FuseMax2DPE_26)              6.73e-02    0.714 1.04e+04    0.792   0.7
  pe_9_8 (FuseMax2DPE_27)              6.53e-02    0.711 1.02e+04    0.787   0.7
  pe_9_7 (FuseMax2DPE_28)              6.90e-02    0.714 1.03e+04    0.793   0.7
  pe_9_6 (FuseMax2DPE_29)              6.90e-02    0.715 1.04e+04    0.794   0.7
  pe_9_5 (FuseMax2DPE_30)              7.09e-02    0.718 1.04e+04    0.800   0.7
  pe_9_4 (FuseMax2DPE_31)              6.92e-02    0.719 1.03e+04    0.799   0.7
  pe_9_3 (FuseMax2DPE_32)              7.12e-02    0.718 1.05e+04    0.800   0.7
  pe_9_2 (FuseMax2DPE_33)              7.11e-02    0.720 1.05e+04    0.802   0.7
  pe_9_1 (FuseMax2DPE_34)              7.32e-02    0.725 1.04e+04    0.809   0.7
  pe_9_0 (FuseMax2DPE_35)              7.48e-02    0.722 1.03e+04    0.808   0.7
  pe_8_11 (FuseMax2DPE_36)             6.59e-02    0.711 1.03e+04    0.787   0.7
  pe_8_10 (FuseMax2DPE_37)             6.59e-02    0.717 1.03e+04    0.793   0.7
  pe_8_9 (FuseMax2DPE_38)              6.59e-02    0.712 1.03e+04    0.789   0.7
  pe_8_8 (FuseMax2DPE_39)              6.61e-02    0.711 1.02e+04    0.788   0.7
  pe_8_7 (FuseMax2DPE_40)              6.73e-02    0.715 1.03e+04    0.793   0.7
  pe_8_6 (FuseMax2DPE_41)              7.05e-02    0.718 1.04e+04    0.799   0.7
  pe_8_5 (FuseMax2DPE_42)              7.05e-02    0.716 1.04e+04    0.797   0.7
  pe_8_4 (FuseMax2DPE_43)              6.86e-02    0.715 1.02e+04    0.794   0.7
  pe_8_3 (FuseMax2DPE_44)              7.23e-02    0.719 1.02e+04    0.802   0.7
  pe_8_2 (FuseMax2DPE_45)              7.25e-02    0.720 1.03e+04    0.803   0.7
  pe_8_1 (FuseMax2DPE_46)              7.60e-02    0.726 1.04e+04    0.812   0.7
  pe_8_0 (FuseMax2DPE_47)              7.74e-02    0.724 1.04e+04    0.812   0.7
  pe_7_11 (FuseMax2DPE_48)             6.49e-02    0.711 1.03e+04    0.786   0.7
  pe_7_10 (FuseMax2DPE_49)             6.63e-02    0.713 1.03e+04    0.789   0.7
  pe_7_9 (FuseMax2DPE_50)              6.76e-02    0.714 1.03e+04    0.791   0.7
  pe_7_8 (FuseMax2DPE_51)              6.83e-02    0.714 1.04e+04    0.792   0.7
  pe_7_7 (FuseMax2DPE_52)              6.77e-02    0.713 1.03e+04    0.791   0.7
  pe_7_6 (FuseMax2DPE_53)              6.90e-02    0.716 1.04e+04    0.796   0.7
  pe_7_5 (FuseMax2DPE_54)              7.01e-02    0.718 1.03e+04    0.799   0.7
  pe_7_4 (FuseMax2DPE_55)              7.21e-02    0.724 1.04e+04    0.806   0.7
  pe_7_3 (FuseMax2DPE_56)              7.39e-02    0.722 1.05e+04    0.807   0.7
  pe_7_2 (FuseMax2DPE_57)              7.37e-02    0.722 1.03e+04    0.806   0.7
  pe_7_1 (FuseMax2DPE_58)              7.02e-02    0.718 1.03e+04    0.799   0.7
  pe_7_0 (FuseMax2DPE_59)              7.68e-02    0.729 1.03e+04    0.816   0.7
  pe_6_11 (FuseMax2DPE_60)             6.63e-02    0.713 1.03e+04    0.790   0.7
  pe_6_10 (FuseMax2DPE_61)             6.60e-02    0.711 1.02e+04    0.787   0.7
  pe_6_9 (FuseMax2DPE_62)              7.11e-02    0.717 1.03e+04    0.799   0.7
  pe_6_8 (FuseMax2DPE_63)              6.73e-02    0.716 1.03e+04    0.794   0.7
  pe_6_7 (FuseMax2DPE_64)              6.90e-02    0.715 1.05e+04    0.795   0.7
  pe_6_6 (FuseMax2DPE_65)              6.88e-02    0.716 1.03e+04    0.795   0.7
  pe_6_5 (FuseMax2DPE_66)              7.28e-02    0.720 1.05e+04    0.803   0.7
  pe_6_4 (FuseMax2DPE_67)              7.00e-02    0.717 1.03e+04    0.797   0.7
  pe_6_3 (FuseMax2DPE_68)              7.24e-02    0.727 1.04e+04    0.809   0.7
  pe_6_2 (FuseMax2DPE_69)              7.60e-02    0.726 1.04e+04    0.812   0.7
  pe_6_1 (FuseMax2DPE_70)              7.80e-02    0.726 1.04e+04    0.815   0.7
  pe_6_0 (FuseMax2DPE_71)              7.54e-02    0.724 1.05e+04    0.810   0.7
  pe_5_11 (FuseMax2DPE_72)             6.81e-02    0.715 1.04e+04    0.793   0.7
  pe_5_10 (FuseMax2DPE_73)             6.50e-02    0.711 1.03e+04    0.786   0.7
  pe_5_9 (FuseMax2DPE_74)              6.84e-02    0.716 1.03e+04    0.795   0.7
  pe_5_8 (FuseMax2DPE_75)              7.03e-02    0.716 1.03e+04    0.797   0.7
  pe_5_7 (FuseMax2DPE_76)              6.97e-02    0.719 1.04e+04    0.799   0.7
  pe_5_6 (FuseMax2DPE_77)              6.99e-02    0.717 1.03e+04    0.797   0.7
  pe_5_5 (FuseMax2DPE_78)              7.15e-02    0.719 1.04e+04    0.801   0.7
  pe_5_4 (FuseMax2DPE_79)              7.57e-02    0.723 1.04e+04    0.809   0.7
  pe_5_3 (FuseMax2DPE_80)              7.34e-02    0.727 1.04e+04    0.811   0.7
  pe_5_2 (FuseMax2DPE_81)              7.63e-02    0.727 1.05e+04    0.814   0.7
  pe_5_1 (FuseMax2DPE_82)              7.39e-02    0.722 1.03e+04    0.807   0.7
  pe_5_0 (FuseMax2DPE_83)              8.16e-02    0.731 1.05e+04    0.823   0.7
  pe_4_11 (FuseMax2DPE_84)             6.96e-02    0.717 1.03e+04    0.796   0.7
  pe_4_10 (FuseMax2DPE_85)             6.97e-02    0.718 1.03e+04    0.798   0.7
  pe_4_9 (FuseMax2DPE_86)              6.87e-02    0.715 1.03e+04    0.794   0.7
  pe_4_8 (FuseMax2DPE_87)              6.78e-02    0.719 1.05e+04    0.797   0.7
  pe_4_7 (FuseMax2DPE_88)              7.13e-02    0.722 1.04e+04    0.803   0.7
  pe_4_6 (FuseMax2DPE_89)              7.13e-02    0.724 1.04e+04    0.806   0.7
  pe_4_5 (FuseMax2DPE_90)              7.53e-02    0.727 1.03e+04    0.813   0.7
  pe_4_4 (FuseMax2DPE_91)              7.34e-02    0.725 1.04e+04    0.809   0.7
  pe_4_3 (FuseMax2DPE_92)              7.50e-02    0.725 1.05e+04    0.811   0.7
  pe_4_2 (FuseMax2DPE_93)              7.78e-02    0.726 1.03e+04    0.814   0.7
  pe_4_1 (FuseMax2DPE_94)              7.97e-02    0.733 1.04e+04    0.823   0.7
  pe_4_0 (FuseMax2DPE_95)              7.90e-02    0.728 1.03e+04    0.817   0.7
  pe_3_11 (FuseMax2DPE_96)             7.14e-02    0.723 1.04e+04    0.805   0.7
  pe_3_10 (FuseMax2DPE_97)             7.41e-02    0.722 1.05e+04    0.807   0.7
  pe_3_9 (FuseMax2DPE_98)              7.17e-02    0.718 1.03e+04    0.800   0.7
  pe_3_8 (FuseMax2DPE_99)              7.37e-02    0.720 1.03e+04    0.804   0.7
  pe_3_7 (FuseMax2DPE_100)             7.59e-02    0.724 1.04e+04    0.810   0.7
  pe_3_6 (FuseMax2DPE_101)             7.26e-02    0.724 1.04e+04    0.807   0.7
  pe_3_5 (FuseMax2DPE_102)             7.77e-02    0.727 1.05e+04    0.815   0.7
  pe_3_4 (FuseMax2DPE_103)             7.15e-02    0.723 1.03e+04    0.805   0.7
  pe_3_3 (FuseMax2DPE_104)             7.60e-02    0.730 1.05e+04    0.817   0.7
  pe_3_2 (FuseMax2DPE_105)             7.92e-02    0.733 1.04e+04    0.822   0.7
  pe_3_1 (FuseMax2DPE_106)             7.95e-02    0.728 1.04e+04    0.818   0.7
  pe_3_0 (FuseMax2DPE_107)             7.84e-02    0.729 1.03e+04    0.817   0.7
  pe_2_11 (FuseMax2DPE_108)            7.31e-02    0.723 1.03e+04    0.807   0.7
  pe_2_10 (FuseMax2DPE_109)            7.31e-02    0.723 1.03e+04    0.806   0.7
  pe_2_9 (FuseMax2DPE_110)             7.17e-02    0.722 1.03e+04    0.804   0.7
  pe_2_8 (FuseMax2DPE_111)             7.33e-02    0.727 1.04e+04    0.811   0.7
  pe_2_7 (FuseMax2DPE_112)             7.47e-02    0.721 1.02e+04    0.806   0.7
  pe_2_6 (FuseMax2DPE_113)             7.72e-02    0.727 1.04e+04    0.815   0.7
  pe_2_5 (FuseMax2DPE_114)             7.61e-02    0.725 1.05e+04    0.811   0.7
  pe_2_4 (FuseMax2DPE_115)             7.61e-02    0.724 1.03e+04    0.811   0.7
  pe_2_3 (FuseMax2DPE_116)             7.62e-02    0.725 1.04e+04    0.811   0.7
  pe_2_2 (FuseMax2DPE_117)             7.82e-02    0.729 1.05e+04    0.818   0.7
  pe_2_1 (FuseMax2DPE_118)             7.96e-02    0.734 1.05e+04    0.824   0.7
  pe_2_0 (FuseMax2DPE_119)             8.36e-02    0.734 1.04e+04    0.828   0.7
  pe_1_11 (FuseMax2DPE_120)            7.27e-02    0.724 1.03e+04    0.806   0.7
  pe_1_10 (FuseMax2DPE_121)            7.38e-02    0.723 1.03e+04    0.807   0.7
  pe_1_9 (FuseMax2DPE_122)             7.69e-02    0.730 1.03e+04    0.818   0.7
  pe_1_8 (FuseMax2DPE_123)             7.66e-02    0.724 1.03e+04    0.811   0.7
  pe_1_7 (FuseMax2DPE_124)             7.81e-02    0.725 1.04e+04    0.814   0.7
  pe_1_6 (FuseMax2DPE_125)             7.90e-02    0.735 1.05e+04    0.824   0.7
  pe_1_5 (FuseMax2DPE_126)             7.79e-02    0.725 1.04e+04    0.813   0.7
  pe_1_4 (FuseMax2DPE_127)             7.88e-02    0.727 1.04e+04    0.816   0.7
  pe_1_3 (FuseMax2DPE_128)             7.96e-02    0.735 1.04e+04    0.825   0.7
  pe_1_2 (FuseMax2DPE_129)             8.05e-02    0.733 1.04e+04    0.824   0.7
  pe_1_1 (FuseMax2DPE_130)             8.24e-02    0.731 1.04e+04    0.824   0.7
  pe_1_0 (FuseMax2DPE_131)             8.24e-02    0.731 1.04e+04    0.824   0.7
  pe_0_11 (FuseMax2DPE_132)            7.86e-02    0.729 1.03e+04    0.818   0.7
  pe_0_10 (FuseMax2DPE_133)            7.79e-02    0.730 1.03e+04    0.818   0.7
  pe_0_9 (FuseMax2DPE_134)             7.59e-02    0.731 1.03e+04    0.817   0.7
  pe_0_8 (FuseMax2DPE_135)             7.64e-02    0.728 1.05e+04    0.815   0.7
  pe_0_7 (FuseMax2DPE_136)             7.84e-02    0.729 1.03e+04    0.818   0.7
  pe_0_6 (FuseMax2DPE_137)             7.96e-02    0.731 1.03e+04    0.821   0.7
  pe_0_5 (FuseMax2DPE_138)             8.06e-02    0.731 1.04e+04    0.822   0.7
  pe_0_4 (FuseMax2DPE_139)             8.05e-02    0.734 1.03e+04    0.825   0.7
  pe_0_3 (FuseMax2DPE_140)             8.35e-02    0.739 1.04e+04    0.833   0.7
  pe_0_2 (FuseMax2DPE_141)             8.29e-02    0.738 1.04e+04    0.831   0.7
  pe_0_1 (FuseMax2DPE_142)             8.29e-02    0.732 1.03e+04    0.825   0.7
  pe_0_0 (FuseMax2DPE_143)             8.28e-02    0.734 1.03e+04    0.827   0.7
1
