Information: Updating design information... (UID-85)
Warning: Design 'FuseMax2DArray' contains 2 high-fanout nets. A fanout number of 1000 will be used for delay calculations involving these nets. (TIM-134)
 
****************************************
Report : timing
        -path full
        -delay max
        -nets
        -max_paths 1
        -transition_time
Design : FuseMax2DArray
Version: V-2023.12
Date   : Mon Apr  6 07:56:20 2026
****************************************

 # A fanout number of 1000 was used for high fanout net computations.

Operating Conditions: ffg0p99v0c   Library: tcbn28hpcplusbwp30p140ffg0p99v0c_ccs
Wire Load Model Mode: segmented

  Startpoint: pe_5_0/rf_2_bits_reg[10]
              (rising edge-triggered flip-flop clocked by ideal_clock1)
  Endpoint: pe_6_0/northReg_bits_reg[6]
            (rising edge-triggered flip-flop clocked by ideal_clock1)
  Path Group: ideal_clock1
  Path Type: max

  Des/Clust/Port     Wire Load Model       Library
  ------------------------------------------------
  FuseMax2DPE_142    ZeroWireload          tcbn28hpcplusbwp30p140ffg0p99v0c_ccs
  FuseMax2DPE_141    ZeroWireload          tcbn28hpcplusbwp30p140ffg0p99v0c_ccs
  FuseMax2DPE_140    ZeroWireload          tcbn28hpcplusbwp30p140ffg0p99v0c_ccs
  FuseMax2DPE_139    ZeroWireload          tcbn28hpcplusbwp30p140ffg0p99v0c_ccs
  FuseMax2DPE_138    ZeroWireload          tcbn28hpcplusbwp30p140ffg0p99v0c_ccs
  FuseMax2DPE_137    ZeroWireload          tcbn28hpcplusbwp30p140ffg0p99v0c_ccs
  FuseMax2DPE_136    ZeroWireload          tcbn28hpcplusbwp30p140ffg0p99v0c_ccs
  FuseMax2DPE_135    ZeroWireload          tcbn28hpcplusbwp30p140ffg0p99v0c_ccs
  FuseMax2DPE_134    ZeroWireload          tcbn28hpcplusbwp30p140ffg0p99v0c_ccs
  FuseMax2DPE_133    ZeroWireload          tcbn28hpcplusbwp30p140ffg0p99v0c_ccs
  FuseMax2DPE_131    ZeroWireload          tcbn28hpcplusbwp30p140ffg0p99v0c_ccs
  FuseMax2DPE_130    ZeroWireload          tcbn28hpcplusbwp30p140ffg0p99v0c_ccs
  FuseMax2DPE_129    ZeroWireload          tcbn28hpcplusbwp30p140ffg0p99v0c_ccs
  FuseMax2DPE_128    ZeroWireload          tcbn28hpcplusbwp30p140ffg0p99v0c_ccs
  FuseMax2DPE_127    ZeroWireload          tcbn28hpcplusbwp30p140ffg0p99v0c_ccs
  FuseMax2DPE_126    ZeroWireload          tcbn28hpcplusbwp30p140ffg0p99v0c_ccs
  FuseMax2DPE_125    ZeroWireload          tcbn28hpcplusbwp30p140ffg0p99v0c_ccs
  FuseMax2DPE_124    ZeroWireload          tcbn28hpcplusbwp30p140ffg0p99v0c_ccs
  FuseMax2DPE_123    ZeroWireload          tcbn28hpcplusbwp30p140ffg0p99v0c_ccs
  FuseMax2DPE_122    ZeroWireload          tcbn28hpcplusbwp30p140ffg0p99v0c_ccs
  FuseMax2DPE_121    ZeroWireload          tcbn28hpcplusbwp30p140ffg0p99v0c_ccs
  FuseMax2DPE_119    ZeroWireload          tcbn28hpcplusbwp30p140ffg0p99v0c_ccs
  FuseMax2DPE_118    ZeroWireload          tcbn28hpcplusbwp30p140ffg0p99v0c_ccs
  FuseMax2DPE_117    ZeroWireload          tcbn28hpcplusbwp30p140ffg0p99v0c_ccs
  FuseMax2DPE_116    ZeroWireload          tcbn28hpcplusbwp30p140ffg0p99v0c_ccs
  FuseMax2DPE_115    ZeroWireload          tcbn28hpcplusbwp30p140ffg0p99v0c_ccs
  FuseMax2DPE_114    ZeroWireload          tcbn28hpcplusbwp30p140ffg0p99v0c_ccs
  FuseMax2DPE_113    ZeroWireload          tcbn28hpcplusbwp30p140ffg0p99v0c_ccs
  FuseMax2DPE_112    ZeroWireload          tcbn28hpcplusbwp30p140ffg0p99v0c_ccs
  FuseMax2DPE_111    ZeroWireload          tcbn28hpcplusbwp30p140ffg0p99v0c_ccs
  FuseMax2DPE_110    ZeroWireload          tcbn28hpcplusbwp30p140ffg0p99v0c_ccs
  FuseMax2DPE_109    ZeroWireload          tcbn28hpcplusbwp30p140ffg0p99v0c_ccs
  FuseMax2DPE_107    ZeroWireload          tcbn28hpcplusbwp30p140ffg0p99v0c_ccs
  FuseMax2DPE_106    ZeroWireload          tcbn28hpcplusbwp30p140ffg0p99v0c_ccs
  FuseMax2DPE_105    ZeroWireload          tcbn28hpcplusbwp30p140ffg0p99v0c_ccs
  FuseMax2DPE_104    ZeroWireload          tcbn28hpcplusbwp30p140ffg0p99v0c_ccs
  FuseMax2DPE_103    ZeroWireload          tcbn28hpcplusbwp30p140ffg0p99v0c_ccs
  FuseMax2DPE_102    ZeroWireload          tcbn28hpcplusbwp30p140ffg0p99v0c_ccs
  FuseMax2DPE_101    ZeroWireload          tcbn28hpcplusbwp30p140ffg0p99v0c_ccs
  FuseMax2DPE_100    ZeroWireload          tcbn28hpcplusbwp30p140ffg0p99v0c_ccs
  FuseMax2DPE_99     ZeroWireload          tcbn28hpcplusbwp30p140ffg0p99v0c_ccs
  FuseMax2DPE_98     ZeroWireload          tcbn28hpcplusbwp30p140ffg0p99v0c_ccs
  FuseMax2DPE_97     ZeroWireload          tcbn28hpcplusbwp30p140ffg0p99v0c_ccs
  FuseMax2DPE_95     ZeroWireload          tcbn28hpcplusbwp30p140ffg0p99v0c_ccs
  FuseMax2DPE_94     ZeroWireload          tcbn28hpcplusbwp30p140ffg0p99v0c_ccs
  FuseMax2DPE_93     ZeroWireload          tcbn28hpcplusbwp30p140ffg0p99v0c_ccs
  FuseMax2DPE_92     ZeroWireload          tcbn28hpcplusbwp30p140ffg0p99v0c_ccs
  FuseMax2DPE_91     ZeroWireload          tcbn28hpcplusbwp30p140ffg0p99v0c_ccs
  FuseMax2DPE_90     ZeroWireload          tcbn28hpcplusbwp30p140ffg0p99v0c_ccs
  FuseMax2DPE_89     ZeroWireload          tcbn28hpcplusbwp30p140ffg0p99v0c_ccs
  FuseMax2DPE_88     ZeroWireload          tcbn28hpcplusbwp30p140ffg0p99v0c_ccs
  FuseMax2DPE_87     ZeroWireload          tcbn28hpcplusbwp30p140ffg0p99v0c_ccs
  FuseMax2DPE_86     ZeroWireload          tcbn28hpcplusbwp30p140ffg0p99v0c_ccs
  FuseMax2DPE_85     ZeroWireload          tcbn28hpcplusbwp30p140ffg0p99v0c_ccs
  FuseMax2DPE_83     ZeroWireload          tcbn28hpcplusbwp30p140ffg0p99v0c_ccs
  FuseMax2DPE_82     ZeroWireload          tcbn28hpcplusbwp30p140ffg0p99v0c_ccs
  FuseMax2DPE_81     ZeroWireload          tcbn28hpcplusbwp30p140ffg0p99v0c_ccs
  FuseMax2DPE_80     ZeroWireload          tcbn28hpcplusbwp30p140ffg0p99v0c_ccs
  FuseMax2DPE_79     ZeroWireload          tcbn28hpcplusbwp30p140ffg0p99v0c_ccs
  FuseMax2DPE_78     ZeroWireload          tcbn28hpcplusbwp30p140ffg0p99v0c_ccs
  FuseMax2DPE_77     ZeroWireload          tcbn28hpcplusbwp30p140ffg0p99v0c_ccs
  FuseMax2DPE_76     ZeroWireload          tcbn28hpcplusbwp30p140ffg0p99v0c_ccs
  FuseMax2DPE_75     ZeroWireload          tcbn28hpcplusbwp30p140ffg0p99v0c_ccs
  FuseMax2DPE_74     ZeroWireload          tcbn28hpcplusbwp30p140ffg0p99v0c_ccs
  FuseMax2DPE_73     ZeroWireload          tcbn28hpcplusbwp30p140ffg0p99v0c_ccs
  FuseMax2DPE_71     ZeroWireload          tcbn28hpcplusbwp30p140ffg0p99v0c_ccs
  FuseMax2DPE_70     ZeroWireload          tcbn28hpcplusbwp30p140ffg0p99v0c_ccs
  FuseMax2DPE_69     ZeroWireload          tcbn28hpcplusbwp30p140ffg0p99v0c_ccs
  FuseMax2DPE_68     ZeroWireload          tcbn28hpcplusbwp30p140ffg0p99v0c_ccs
  FuseMax2DPE_67     ZeroWireload          tcbn28hpcplusbwp30p140ffg0p99v0c_ccs
  FuseMax2DPE_66     ZeroWireload          tcbn28hpcplusbwp30p140ffg0p99v0c_ccs
  FuseMax2DPE_65     ZeroWireload          tcbn28hpcplusbwp30p140ffg0p99v0c_ccs
  FuseMax2DPE_64     ZeroWireload          tcbn28hpcplusbwp30p140ffg0p99v0c_ccs
  FuseMax2DPE_63     ZeroWireload          tcbn28hpcplusbwp30p140ffg0p99v0c_ccs
  FuseMax2DPE_62     ZeroWireload          tcbn28hpcplusbwp30p140ffg0p99v0c_ccs
  FuseMax2DPE_61     ZeroWireload          tcbn28hpcplusbwp30p140ffg0p99v0c_ccs
  FuseMax2DPE_59     ZeroWireload          tcbn28hpcplusbwp30p140ffg0p99v0c_ccs
  FuseMax2DPE_58     ZeroWireload          tcbn28hpcplusbwp30p140ffg0p99v0c_ccs
  FuseMax2DPE_57     ZeroWireload          tcbn28hpcplusbwp30p140ffg0p99v0c_ccs
  FuseMax2DPE_56     ZeroWireload          tcbn28hpcplusbwp30p140ffg0p99v0c_ccs
  FuseMax2DPE_55     ZeroWireload          tcbn28hpcplusbwp30p140ffg0p99v0c_ccs
  FuseMax2DPE_54     ZeroWireload          tcbn28hpcplusbwp30p140ffg0p99v0c_ccs
  FuseMax2DPE_53     ZeroWireload          tcbn28hpcplusbwp30p140ffg0p99v0c_ccs
  FuseMax2DPE_52     ZeroWireload          tcbn28hpcplusbwp30p140ffg0p99v0c_ccs
  FuseMax2DPE_51     ZeroWireload          tcbn28hpcplusbwp30p140ffg0p99v0c_ccs
  FuseMax2DPE_50     ZeroWireload          tcbn28hpcplusbwp30p140ffg0p99v0c_ccs
  FuseMax2DPE_49     ZeroWireload          tcbn28hpcplusbwp30p140ffg0p99v0c_ccs
  FuseMax2DPE_47     ZeroWireload          tcbn28hpcplusbwp30p140ffg0p99v0c_ccs
  FuseMax2DPE_46     ZeroWireload          tcbn28hpcplusbwp30p140ffg0p99v0c_ccs
  FuseMax2DPE_45     ZeroWireload          tcbn28hpcplusbwp30p140ffg0p99v0c_ccs
  FuseMax2DPE_44     ZeroWireload          tcbn28hpcplusbwp30p140ffg0p99v0c_ccs
  FuseMax2DPE_43     ZeroWireload          tcbn28hpcplusbwp30p140ffg0p99v0c_ccs
  FuseMax2DPE_42     ZeroWireload          tcbn28hpcplusbwp30p140ffg0p99v0c_ccs
  FuseMax2DPE_41     ZeroWireload          tcbn28hpcplusbwp30p140ffg0p99v0c_ccs
  FuseMax2DPE_40     ZeroWireload          tcbn28hpcplusbwp30p140ffg0p99v0c_ccs
  FuseMax2DPE_39     ZeroWireload          tcbn28hpcplusbwp30p140ffg0p99v0c_ccs
  FuseMax2DPE_38     ZeroWireload          tcbn28hpcplusbwp30p140ffg0p99v0c_ccs
  FuseMax2DPE_37     ZeroWireload          tcbn28hpcplusbwp30p140ffg0p99v0c_ccs
  FuseMax2DPE_35     ZeroWireload          tcbn28hpcplusbwp30p140ffg0p99v0c_ccs
  FuseMax2DPE_34     ZeroWireload          tcbn28hpcplusbwp30p140ffg0p99v0c_ccs
  FuseMax2DPE_33     ZeroWireload          tcbn28hpcplusbwp30p140ffg0p99v0c_ccs
  FuseMax2DPE_32     ZeroWireload          tcbn28hpcplusbwp30p140ffg0p99v0c_ccs
  FuseMax2DPE_31     ZeroWireload          tcbn28hpcplusbwp30p140ffg0p99v0c_ccs
  FuseMax2DPE_30     ZeroWireload          tcbn28hpcplusbwp30p140ffg0p99v0c_ccs
  FuseMax2DPE_29     ZeroWireload          tcbn28hpcplusbwp30p140ffg0p99v0c_ccs
  FuseMax2DPE_28     ZeroWireload          tcbn28hpcplusbwp30p140ffg0p99v0c_ccs
  FuseMax2DPE_27     ZeroWireload          tcbn28hpcplusbwp30p140ffg0p99v0c_ccs
  FuseMax2DPE_26     ZeroWireload          tcbn28hpcplusbwp30p140ffg0p99v0c_ccs
  FuseMax2DPE_25     ZeroWireload          tcbn28hpcplusbwp30p140ffg0p99v0c_ccs
  FuseMax2DPE_23     ZeroWireload          tcbn28hpcplusbwp30p140ffg0p99v0c_ccs
  FuseMax2DPE_22     ZeroWireload          tcbn28hpcplusbwp30p140ffg0p99v0c_ccs
  FuseMax2DPE_21     ZeroWireload          tcbn28hpcplusbwp30p140ffg0p99v0c_ccs
  FuseMax2DPE_20     ZeroWireload          tcbn28hpcplusbwp30p140ffg0p99v0c_ccs
  FuseMax2DPE_19     ZeroWireload          tcbn28hpcplusbwp30p140ffg0p99v0c_ccs
  FuseMax2DPE_18     ZeroWireload          tcbn28hpcplusbwp30p140ffg0p99v0c_ccs
  FuseMax2DPE_17     ZeroWireload          tcbn28hpcplusbwp30p140ffg0p99v0c_ccs
  FuseMax2DPE_16     ZeroWireload          tcbn28hpcplusbwp30p140ffg0p99v0c_ccs
  FuseMax2DPE_15     ZeroWireload          tcbn28hpcplusbwp30p140ffg0p99v0c_ccs
  FuseMax2DPE_14     ZeroWireload          tcbn28hpcplusbwp30p140ffg0p99v0c_ccs
  FuseMax2DPE_13     ZeroWireload          tcbn28hpcplusbwp30p140ffg0p99v0c_ccs
  FuseMax2DPE_11     ZeroWireload          tcbn28hpcplusbwp30p140ffg0p99v0c_ccs
  FuseMax2DPE_10     ZeroWireload          tcbn28hpcplusbwp30p140ffg0p99v0c_ccs
  FuseMax2DPE_9      ZeroWireload          tcbn28hpcplusbwp30p140ffg0p99v0c_ccs
  FuseMax2DPE_8      ZeroWireload          tcbn28hpcplusbwp30p140ffg0p99v0c_ccs
  FuseMax2DPE_7      ZeroWireload          tcbn28hpcplusbwp30p140ffg0p99v0c_ccs
  FuseMax2DPE_6      ZeroWireload          tcbn28hpcplusbwp30p140ffg0p99v0c_ccs
  FuseMax2DPE_5      ZeroWireload          tcbn28hpcplusbwp30p140ffg0p99v0c_ccs
  FuseMax2DPE_4      ZeroWireload          tcbn28hpcplusbwp30p140ffg0p99v0c_ccs
  FuseMax2DPE_3      ZeroWireload          tcbn28hpcplusbwp30p140ffg0p99v0c_ccs
  FuseMax2DPE_2      ZeroWireload          tcbn28hpcplusbwp30p140ffg0p99v0c_ccs
  FuseMax2DPE_1      ZeroWireload          tcbn28hpcplusbwp30p140ffg0p99v0c_ccs
  FuseMax2DPE_120    ZeroWireload          tcbn28hpcplusbwp30p140ffg0p99v0c_ccs
  FuseMax2DPE_108    ZeroWireload          tcbn28hpcplusbwp30p140ffg0p99v0c_ccs
  FuseMax2DPE_96     ZeroWireload          tcbn28hpcplusbwp30p140ffg0p99v0c_ccs
  FuseMax2DPE_84     ZeroWireload          tcbn28hpcplusbwp30p140ffg0p99v0c_ccs
  FuseMax2DPE_72     ZeroWireload          tcbn28hpcplusbwp30p140ffg0p99v0c_ccs
  FuseMax2DPE_60     ZeroWireload          tcbn28hpcplusbwp30p140ffg0p99v0c_ccs
  FuseMax2DPE_48     ZeroWireload          tcbn28hpcplusbwp30p140ffg0p99v0c_ccs
  FuseMax2DPE_36     ZeroWireload          tcbn28hpcplusbwp30p140ffg0p99v0c_ccs
  FuseMax2DPE_24     ZeroWireload          tcbn28hpcplusbwp30p140ffg0p99v0c_ccs
  FuseMax2DPE_12     ZeroWireload          tcbn28hpcplusbwp30p140ffg0p99v0c_ccs
  FuseMax2DPE_0      ZeroWireload          tcbn28hpcplusbwp30p140ffg0p99v0c_ccs
  FuseMax2DPE_132    ZeroWireload          tcbn28hpcplusbwp30p140ffg0p99v0c_ccs
  FuseMax2DArray     ZeroWireload          tcbn28hpcplusbwp30p140ffg0p99v0c_ccs
  FuseMax2DPE_143    ZeroWireload          tcbn28hpcplusbwp30p140ffg0p99v0c_ccs

Attributes:
    d - dont_touch
    u - dont_use
   mo - map_only
   so - size_only
    i - ideal_net or ideal_network
  inf - infeasible path

  Point                                                     Fanout     Trans      Incr       Path      Attributes
  -----------------------------------------------------------------------------------------------------------------------
  clock ideal_clock1 (rise edge)                                                  0.00       0.00
  clock network delay (ideal)                                                     0.00       0.00
  pe_5_0/rf_2_bits_reg[10]/CP (DFQD2BWP30P140)                          0.00      0.00 #     0.00 r
  pe_5_0/rf_2_bits_reg[10]/Q (DFQD2BWP30P140)                           0.01      0.03       0.03 r
  pe_5_0/_GEN[2][10] (net)                                    4                   0.00       0.03 r
  pe_5_0/U832/ZN (AOI22D1BWP30P140)                                     0.02      0.01       0.04 f
  pe_5_0/n271 (net)                                           1                   0.00       0.04 f
  pe_5_0/U833/ZN (ND2D1BWP30P140)                                       0.01      0.01       0.05 r
  pe_5_0/n276 (net)                                           1                   0.00       0.05 r
  pe_5_0/U57/ZN (NR3D1BWP30P140)                                        0.02      0.01       0.06 f
  pe_5_0/n2537 (net)                                          5                   0.00       0.06 f
  pe_5_0/U56/ZN (OAI21OPTREPBD1BWP30P140)                               0.04      0.02       0.08 r
  pe_5_0/n397 (net)                                           2                   0.00       0.08 r
  pe_5_0/U957/CO (HA1D2BWP30P140)                                       0.01      0.02       0.10 r
  pe_5_0/n413 (net)                                           1                   0.00       0.10 r
  pe_5_0/U975/CO (FA1D4BWP30P140)                                       0.01      0.02       0.12 r
  pe_5_0/n380 (net)                                           2                   0.00       0.12 r
  pe_5_0/U474/ZN (ND2D2BWP30P140)                                       0.01      0.01       0.13 f
  pe_5_0/n104 (net)                                           1                   0.00       0.13 f
  pe_5_0/U472/ZN (ND2OPTPAD2BWP30P140)                                  0.01      0.01       0.13 r
  pe_5_0/n363 (net)                                           1                   0.00       0.13 r
  pe_5_0/U560/CO (FA1OPTCD2BWP30P140)                                   0.01      0.01       0.15 r
  pe_5_0/n424 (net)                                           1                   0.00       0.15 r
  pe_5_0/U980/S (FA1OPTCD2BWP30P140)                                    0.02      0.04       0.19 r
  pe_5_0/n2277 (net)                                          5                   0.00       0.19 r
  pe_5_0/U979/S (FA1OPTCD1BWP30P140)                                    0.02      0.05       0.24 f
  pe_5_0/n619 (net)                                           4                   0.00       0.24 f
  pe_5_0/U389/ZN (OAI31D2BWP30P140)                                     0.02      0.02       0.26 r
  pe_5_0/n43 (net)                                            1                   0.00       0.26 r
  pe_5_0/U289/ZN (ND2D4BWP30P140)                                       0.02      0.02       0.27 f
  pe_5_0/n427 (net)                                          10                   0.00       0.27 f
  pe_5_0/U488/Z (CKAN2D1BWP30P140)                                      0.01      0.02       0.29 f
  pe_5_0/n576 (net)                                           1                   0.00       0.29 f
  pe_5_0/U41/ZN (INVD2BWP30P140)                                        0.01      0.01       0.30 r
  pe_5_0/n1678 (net)                                          8                   0.00       0.30 r
  pe_5_0/U40/Z (BUFFD4BWP30P140)                                        0.02      0.02       0.32 r
  pe_5_0/n1669 (net)                                         32                   0.00       0.32 r
  pe_5_0/U1523/ZN (ND2D1BWP30P140)                                      0.02      0.01       0.33 f
  pe_5_0/n1146 (net)                                          1                   0.00       0.33 f
  pe_5_0/U1537/CO (FA1D0BWP30P140)                                      0.02      0.03       0.36 f
  pe_5_0/n1139 (net)                                          1                   0.00       0.36 f
  pe_5_0/U582/CO (FA1D1BWP30P140)                                       0.01      0.02       0.38 f
  pe_5_0/n1148 (net)                                          1                   0.00       0.38 f
  pe_5_0/U1540/S (FA1D0BWP30P140)                                       0.02      0.04       0.42 r
  pe_5_0/n1177 (net)                                          2                   0.00       0.42 r
  pe_5_0/U517/ZN (IND2D2BWP30P140)                                      0.01      0.01       0.44 r
  pe_5_0/n1179 (net)                                          2                   0.00       0.44 r
  pe_5_0/U260/ZN (ND2OPTPAD1BWP30P140)                                  0.01      0.01       0.44 f
  pe_5_0/n1174 (net)                                          2                   0.00       0.44 f
  pe_5_0/U256/ZN (OAI21D2BWP30P140)                                     0.01      0.01       0.45 r
  pe_5_0/n1166 (net)                                          2                   0.00       0.45 r
  pe_5_0/U401/ZN (AOI21D2BWP30P140)                                     0.01      0.01       0.46 f
  pe_5_0/n1499 (net)                                          2                   0.00       0.46 f
  pe_5_0/U255/ZN (OAI21OPTREPBD2BWP30P140)                              0.01      0.01       0.48 r
  pe_5_0/n1713 (net)                                          2                   0.00       0.48 r
  pe_5_0/U338/ZN (AOI21D4BWP30P140)                                     0.01      0.01       0.49 f
  pe_5_0/n2075 (net)                                          5                   0.00       0.49 f
  pe_5_0/U372/ZN (OAI21D4BWP30P140)                                     0.01      0.01       0.50 r
  pe_5_0/n2052 (net)                                          2                   0.00       0.50 r
  pe_5_0/U454/ZN (AOI21D4BWP30P140)                                     0.01      0.01       0.51 f
  pe_5_0/n2048 (net)                                          2                   0.00       0.51 f
  pe_5_0/U453/ZN (OAI21D4BWP30P140)                                     0.01      0.01       0.52 r
  pe_5_0/n2026 (net)                                          2                   0.00       0.52 r
  pe_5_0/U1924/ZN (AOI21D2BWP30P140)                                    0.01      0.01       0.53 f
  pe_5_0/n2031 (net)                                          2                   0.00       0.53 f
  pe_5_0/U1933/ZN (OAI21D2BWP30P140)                                    0.01      0.01       0.53 r
  pe_5_0/n1878 (net)                                          2                   0.00       0.53 r
  pe_5_0/U549/Z (AO21D2BWP30P140)                                       0.01      0.02       0.55 r
  pe_5_0/n1871 (net)                                          1                   0.00       0.55 r
  pe_5_0/U2076/S (FA1OPTCD2BWP30P140)                                   0.02      0.04       0.59 r
  pe_5_0/n3082 (net)                                          3                   0.00       0.59 r
  pe_5_0/U353/Z (XOR2OPTND4BWP30P140)                                   0.02      0.01       0.61 r
  pe_5_0/n3155 (net)                                          3                   0.00       0.61 r
  pe_5_0/U418/ZN (INVD2BWP30P140)                                       0.01      0.00       0.61 f
  pe_5_0/sharedMacOut_mac/ULSD/U1/or2_inv[0][30] (net)        1                   0.00       0.61 f
  pe_5_0/sharedMacOut_mac/ULSD/U1/UEN0_0_1_7/ZN (AOI21D1BWP30P140)      0.01      0.01       0.62 r    mo 
  pe_5_0/sharedMacOut_mac/ULSD/U1/enc_tree[0][1][30] (net)     1                  0.00       0.62 r
  pe_5_0/U58/ZN (OAI21OPTREPBD2BWP30P140)                               0.01      0.01       0.63 f
  pe_5_0/sharedMacOut_mac/ULSD/U1/enc_tree[0][2][28] (net)     1                  0.00       0.63 f
  pe_5_0/U340/ZN (AOI211OPTREPBD6BWP30P140)                             0.02      0.02       0.65 r
  pe_5_0/n2300 (net)                                          9                   0.00       0.65 r
  pe_5_0/U240/ZN (INVD4BWP30P140)                                       0.01      0.01       0.65 f
  pe_5_0/sharedMacOut_mac/ULSD/U1/enc_tree[0][4][16] (net)     2                  0.00       0.65 f
  pe_5_0/U456/ZN (ND2D2BWP30P140)                                       0.01      0.01       0.66 r
  pe_5_0/n1870 (net)                                          2                   0.00       0.66 r
  pe_5_0/U349/ZN (INVD4BWP30P140)                                       0.01      0.01       0.67 f
  pe_5_0/n2127 (net)                                          2                   0.00       0.67 f
  pe_5_0/U115/ZN (INVD6BWP30P140)                                       0.01      0.01       0.67 r
  pe_5_0/n4 (net)                                            23                   0.00       0.67 r
  pe_5_0/U2286/ZN (OAI22D1BWP30P140)                                    0.02      0.01       0.68 f
  pe_5_0/n2176 (net)                                          1                   0.00       0.68 f
  pe_5_0/U2287/ZN (NR2OPTPAD1BWP30P140)                                 0.02      0.02       0.70 r
  pe_5_0/n2293 (net)                                          2                   0.00       0.70 r
  pe_5_0/U2306/ZN (MUX2NOPTD2BWP30P140)                                 0.02      0.01       0.71 f
  pe_5_0/n2466 (net)                                          4                   0.00       0.71 f
  pe_5_0/U2427/ZN (MUX2ND0BWP30P140)                                    0.02      0.01       0.73 r
  pe_5_0/n2401 (net)                                          1                   0.00       0.73 r
  pe_5_0/U2428/ZN (ND2D1BWP30P140)                                      0.02      0.01       0.74 f
  pe_5_0/n2451 (net)                                          2                   0.00       0.74 f
  pe_5_0/U2429/ZN (MUX2NOPTD2BWP30P140)                                 0.02      0.02       0.76 r
  pe_5_0/n2852 (net)                                          3                   0.00       0.76 r
  pe_5_0/U2435/Z (CKAN2D1BWP30P140)                                     0.01      0.01       0.77 r
  pe_5_0/n2427 (net)                                          1                   0.00       0.77 r
  pe_5_0/U331/ZN (ND3D1BWP30P140)                                       0.02      0.01       0.78 f
  pe_5_0/n2428 (net)                                          1                   0.00       0.78 f
  pe_5_0/U68/ZN (NR2OPTPAD1BWP30P140)                                   0.01      0.01       0.80 r
  pe_5_0/n2631 (net)                                          2                   0.00       0.80 r
  pe_5_0/U12/ZN (CKND2D3BWP30P140)                                      0.02      0.01       0.81 f
  pe_5_0/n2614 (net)                                          6                   0.00       0.81 f
  pe_5_0/U11/ZN (ND2D1BWP30P140)                                        0.01      0.01       0.82 r
  pe_5_0/n147 (net)                                           1                   0.00       0.82 r
  pe_5_0/U10/ZN (ND2OPTIBD2BWP30P140)                                   0.01      0.01       0.82 f
  pe_5_0/n2893 (net)                                          3                   0.00       0.82 f
  pe_5_0/U546/ZN (INR2D1BWP30P140)                                      0.01      0.01       0.84 r
  pe_5_0/n2655 (net)                                          3                   0.00       0.84 r
  pe_5_0/U8/Z (CKAN2D1BWP30P140)                                        0.01      0.01       0.85 r
  pe_5_0/n2913 (net)                                          2                   0.00       0.85 r
  pe_5_0/U6/Z (OA21D1BWP30P140)                                         0.01      0.02       0.87 r
  pe_5_0/n2927 (net)                                          1                   0.00       0.87 r
  pe_5_0/U209/ZN (NR3OPTPAD4BWP30P140)                                  0.02      0.01       0.87 f
  pe_5_0/n3040 (net)                                         13                   0.00       0.87 f
  pe_5_0/U312/ZN (ND3OPTPAD2BWP30P140)                                  0.02      0.01       0.89 r
  pe_5_0/n3051 (net)                                          6                   0.00       0.89 r
  pe_5_0/U361/ZN (ND2D1BWP30P140)                                       0.01      0.01       0.90 f
  pe_5_0/n135 (net)                                           1                   0.00       0.90 f
  pe_5_0/U362/Z (XOR2OPTND2BWP30P140)                                   0.02      0.02       0.92 f
  pe_5_0/n3073 (net)                                          4                   0.00       0.92 f
  pe_5_0/U451/ZN (ND2D2BWP30P140)                                       0.01      0.01       0.92 r
  pe_5_0/n90 (net)                                            1                   0.00       0.92 r
  pe_5_0/U337/ZN (NR2D2BWP30P140)                                       0.01      0.00       0.93 f
  pe_5_0/n88 (net)                                            1                   0.00       0.93 f
  pe_5_0/U371/ZN (ND2D2BWP30P140)                                       0.01      0.01       0.94 r
  pe_5_0/n3049 (net)                                          2                   0.00       0.94 r
  pe_5_0/U63/ZN (ND2OPTIBD4BWP30P140)                                   0.01      0.01       0.94 f
  pe_5_0/n3118 (net)                                          5                   0.00       0.94 f
  pe_5_0/U155/ZN (INVD1BWP30P140)                                       0.01      0.01       0.95 r
  pe_5_0/n3122 (net)                                          3                   0.00       0.95 r
  pe_5_0/U3037/ZN (OAI211D1BWP30P140)                                   0.02      0.02       0.97 f
  pe_5_0/n3079 (net)                                          1                   0.00       0.97 f
  pe_5_0/U3038/ZN (OAI211D1BWP30P140)                                   0.01      0.01       0.98 r
  pe_5_0/io_out_s_bits[6] (net)                               1                   0.00       0.98 r
  pe_5_0/io_out_s_bits[6] (FuseMax2DPE_83)                                        0.00       0.98 r
  _pe_5_0_io_out_s_bits[6] (net)                                                  0.00       0.98 r
  pe_6_0/io_in_n_bits[6] (FuseMax2DPE_71)                                         0.00       0.98 r
  pe_6_0/io_in_n_bits[6] (net)                                                    0.00       0.98 r
  pe_6_0/U53/ZN (INVD1BWP30P140)                                        0.01      0.01       0.98 f
  pe_6_0/n106 (net)                                           1                   0.00       0.98 f
  pe_6_0/U437/ZN (NR2D1BWP30P140)                                       0.01      0.01       0.99 r
  pe_6_0/N483 (net)                                           1                   0.00       0.99 r
  pe_6_0/northReg_bits_reg[6]/D (DFQD1BWP30P140)                        0.01      0.00       0.99 r
  data arrival time                                                                          0.99

  clock ideal_clock1 (rise edge)                                                  1.00       1.00
  clock network delay (ideal)                                                     0.00       1.00
  pe_6_0/northReg_bits_reg[6]/CP (DFQD1BWP30P140)                                 0.00       1.00 r
  library setup time                                                             -0.01       0.99
  data required time                                                                         0.99
  -----------------------------------------------------------------------------------------------------------------------
  data required time                                                                         0.99
  data arrival time                                                                         -0.99
  -----------------------------------------------------------------------------------------------------------------------
  slack (MET)                                                                                0.00


1
