 
****************************************
Report : power
        -hier
        -analysis_effort low
Design : SystolicArray
Version: V-2023.12
Date   : Mon Apr  6 03:15:35 2026
****************************************


Library(s) Used:

    tcbn28hpcplusbwp30p140ffg0p99v0c_ccs (File: /hpc/Tech/TSMC/digital/N28/digital/Front_End/timing_power_noise/CCS/tcbn28hpcplusbwp30p140_180a/tcbn28hpcplusbwp30p140ffg0p99v0c_ccs.db)


Operating Conditions: ffg0p99v0c   Library: tcbn28hpcplusbwp30p140ffg0p99v0c_ccs
Wire Load Model Mode: segmented

Design        Wire Load Model            Library
------------------------------------------------
SystolicArray          ZeroWireload      tcbn28hpcplusbwp30p140ffg0p99v0c_ccs
CMP_3                  ZeroWireload      tcbn28hpcplusbwp30p140ffg0p99v0c_ccs
PE_15                  ZeroWireload      tcbn28hpcplusbwp30p140ffg0p99v0c_ccs
PE_14                  ZeroWireload      tcbn28hpcplusbwp30p140ffg0p99v0c_ccs
PE_13                  ZeroWireload      tcbn28hpcplusbwp30p140ffg0p99v0c_ccs
PE_12                  ZeroWireload      tcbn28hpcplusbwp30p140ffg0p99v0c_ccs
PE_11                  ZeroWireload      tcbn28hpcplusbwp30p140ffg0p99v0c_ccs
PE_10                  ZeroWireload      tcbn28hpcplusbwp30p140ffg0p99v0c_ccs
PE_9                   ZeroWireload      tcbn28hpcplusbwp30p140ffg0p99v0c_ccs
PE_8                   ZeroWireload      tcbn28hpcplusbwp30p140ffg0p99v0c_ccs
PE_7                   ZeroWireload      tcbn28hpcplusbwp30p140ffg0p99v0c_ccs
PE_6                   ZeroWireload      tcbn28hpcplusbwp30p140ffg0p99v0c_ccs
PE_5                   ZeroWireload      tcbn28hpcplusbwp30p140ffg0p99v0c_ccs
PE_4                   ZeroWireload      tcbn28hpcplusbwp30p140ffg0p99v0c_ccs
PE_3                   ZeroWireload      tcbn28hpcplusbwp30p140ffg0p99v0c_ccs
PE_2                   ZeroWireload      tcbn28hpcplusbwp30p140ffg0p99v0c_ccs
PE_1                   ZeroWireload      tcbn28hpcplusbwp30p140ffg0p99v0c_ccs
PE_0                   ZeroWireload      tcbn28hpcplusbwp30p140ffg0p99v0c_ccs
CMP_0                  ZeroWireload      tcbn28hpcplusbwp30p140ffg0p99v0c_ccs
CMP_1                  ZeroWireload      tcbn28hpcplusbwp30p140ffg0p99v0c_ccs
CMP_2                  ZeroWireload      tcbn28hpcplusbwp30p140ffg0p99v0c_ccs


Global Operating Voltage = 0.99 
Power-specific unit information :
    Voltage Units = 1V
    Capacitance Units = 1.000000pf
    Time Units = 1ns
    Dynamic Power Units = 1mW    (derived from V,C,T units)
    Leakage Power Units = 1nW


--------------------------------------------------------------------------------
                                       Switch   Int      Leak     Total
Hierarchy                              Power    Power    Power    Power    %
--------------------------------------------------------------------------------
SystolicArray                             5.639   10.359 1.93e+05   16.191 100.0
  mesh_3_3 (PE_0)                         0.344    0.429 1.08e+04    0.784   4.8
  mesh_3_2 (PE_1)                         0.358    0.453 1.15e+04    0.823   5.1
  mesh_3_1 (PE_2)                         0.357    0.452 1.14e+04    0.821   5.1
  mesh_3_0 (PE_3)                         0.356    0.454 1.06e+04    0.821   5.1
  mesh_2_3 (PE_4)                         0.333    0.419 1.09e+04    0.763   4.7
  mesh_2_2 (PE_5)                         0.350    0.441 1.15e+04    0.803   5.0
  mesh_2_1 (PE_6)                         0.346    0.435 1.14e+04    0.793   4.9
  mesh_2_0 (PE_7)                         0.342    0.431 1.05e+04    0.783   4.8
  mesh_1_3 (PE_8)                         0.327    0.410 1.09e+04    0.747   4.6
  mesh_1_2 (PE_9)                         0.337    0.427 1.14e+04    0.776   4.8
  mesh_1_1 (PE_10)                        0.342    0.428 1.13e+04    0.782   4.8
  mesh_1_0 (PE_11)                        0.348    0.440 1.06e+04    0.798   4.9
  mesh_0_3 (PE_12)                        0.337    0.427 1.11e+04    0.774   4.8
  mesh_0_2 (PE_13)                        0.345    0.437 1.14e+04    0.794   4.9
  mesh_0_1 (PE_14)                        0.351    0.452 1.18e+04    0.815   5.0
  mesh_0_0 (PE_15)                        0.340    0.434 1.06e+04    0.784   4.8
  cmpArray_3 (CMP_0)                   1.38e-02    0.131 1.66e+03    0.147   0.9
  cmpArray_2 (CMP_1)                   1.42e-02    0.132 1.66e+03    0.147   0.9
  cmpArray_1 (CMP_2)                   1.43e-02    0.132 1.66e+03    0.148   0.9
  cmpArray_0 (CMP_3)                   1.42e-02    0.132 1.66e+03    0.147   0.9
1
