Information: Updating design information... (UID-85)
Warning: Design 'SystolicArray' contains 1 high-fanout nets. A fanout number of 1000 will be used for delay calculations involving these nets. (TIM-134)
 
****************************************
Report : timing
        -path full
        -delay max
        -nets
        -max_paths 1
        -transition_time
Design : SystolicArray
Version: V-2023.12
Date   : Mon Apr  6 03:15:35 2026
****************************************

 # A fanout number of 1000 was used for high fanout net computations.

Operating Conditions: ffg0p99v0c   Library: tcbn28hpcplusbwp30p140ffg0p99v0c_ccs
Wire Load Model Mode: segmented

  Startpoint: mesh_3_3/regVal_bits_reg[11]
              (rising edge-triggered flip-flop clocked by ideal_clock1)
  Endpoint: dIn_11_bits_reg[10]
            (rising edge-triggered flip-flop clocked by ideal_clock1)
  Path Group: ideal_clock1
  Path Type: max

  Des/Clust/Port     Wire Load Model       Library
  ------------------------------------------------
  CMP_2              ZeroWireload          tcbn28hpcplusbwp30p140ffg0p99v0c_ccs
  CMP_1              ZeroWireload          tcbn28hpcplusbwp30p140ffg0p99v0c_ccs
  CMP_0              ZeroWireload          tcbn28hpcplusbwp30p140ffg0p99v0c_ccs
  PE_0               ZeroWireload          tcbn28hpcplusbwp30p140ffg0p99v0c_ccs
  PE_1               ZeroWireload          tcbn28hpcplusbwp30p140ffg0p99v0c_ccs
  PE_2               ZeroWireload          tcbn28hpcplusbwp30p140ffg0p99v0c_ccs
  PE_3               ZeroWireload          tcbn28hpcplusbwp30p140ffg0p99v0c_ccs
  PE_4               ZeroWireload          tcbn28hpcplusbwp30p140ffg0p99v0c_ccs
  PE_5               ZeroWireload          tcbn28hpcplusbwp30p140ffg0p99v0c_ccs
  PE_6               ZeroWireload          tcbn28hpcplusbwp30p140ffg0p99v0c_ccs
  PE_7               ZeroWireload          tcbn28hpcplusbwp30p140ffg0p99v0c_ccs
  PE_8               ZeroWireload          tcbn28hpcplusbwp30p140ffg0p99v0c_ccs
  PE_9               ZeroWireload          tcbn28hpcplusbwp30p140ffg0p99v0c_ccs
  PE_10              ZeroWireload          tcbn28hpcplusbwp30p140ffg0p99v0c_ccs
  PE_11              ZeroWireload          tcbn28hpcplusbwp30p140ffg0p99v0c_ccs
  PE_12              ZeroWireload          tcbn28hpcplusbwp30p140ffg0p99v0c_ccs
  PE_13              ZeroWireload          tcbn28hpcplusbwp30p140ffg0p99v0c_ccs
  PE_14              ZeroWireload          tcbn28hpcplusbwp30p140ffg0p99v0c_ccs
  PE_15              ZeroWireload          tcbn28hpcplusbwp30p140ffg0p99v0c_ccs
  SystolicArray      ZeroWireload          tcbn28hpcplusbwp30p140ffg0p99v0c_ccs
  CMP_3              ZeroWireload          tcbn28hpcplusbwp30p140ffg0p99v0c_ccs

Attributes:
    d - dont_touch
    u - dont_use
   mo - map_only
   so - size_only
    i - ideal_net or ideal_network
  inf - infeasible path

  Point                                                         Fanout     Trans      Incr       Path      Attributes
  ---------------------------------------------------------------------------------------------------------------------------
  clock ideal_clock1 (rise edge)                                                      0.00       0.00
  clock network delay (ideal)                                                         0.00       0.00
  mesh_3_3/regVal_bits_reg[11]/CP (DFD4BWP30P140)                           0.00      0.00 #     0.00 r
  mesh_3_3/regVal_bits_reg[11]/Q (DFD4BWP30P140)                            0.01      0.03       0.03 r
  mesh_3_3/regVal_bits[11] (net)                                  6                   0.00       0.03 r
  mesh_3_3/U831/ZN (ND2D3BWP30P140)                                         0.01      0.01       0.04 f
  mesh_3_3/n138 (net)                                             1                   0.00       0.04 f
  mesh_3_3/U708/ZN (ND2D6BWP30P140)                                         0.01      0.01       0.05 r
  mesh_3_3/n2392 (net)                                           12                   0.00       0.05 r
  mesh_3_3/U823/ZN (NR2OPTPAD1BWP30P140)                                    0.01      0.01       0.06 f
  mesh_3_3/n224 (net)                                             2                   0.00       0.06 f
  mesh_3_3/U821/ZN (ND2OPTIBD2BWP30P140)                                    0.01      0.01       0.07 r
  mesh_3_3/n129 (net)                                             1                   0.00       0.07 r
  mesh_3_3/U818/ZN (INR2D4BWP30P140)                                        0.01      0.01       0.08 r
  mesh_3_3/n2448 (net)                                            4                   0.00       0.08 r
  mesh_3_3/U907/ZN (INVD3BWP30P140)                                         0.01      0.01       0.09 f
  mesh_3_3/n213 (net)                                             2                   0.00       0.09 f
  mesh_3_3/U815/Z (AN2D4BWP30P140)                                          0.01      0.01       0.10 f
  mesh_3_3/n2389 (net)                                            8                   0.00       0.10 f
  mesh_3_3/U713/Z (AN2D4BWP30P140)                                          0.00      0.01       0.11 f
  mesh_3_3/n263 (net)                                             3                   0.00       0.11 f
  mesh_3_3/U710/ZN (INVD2BWP30P140)                                         0.01      0.01       0.11 r
  mesh_3_3/n270 (net)                                             4                   0.00       0.11 r
  mesh_3_3/U1137/ZN (NR3D0P7BWP30P140)                                      0.01      0.01       0.12 f
  mesh_3_3/n233 (net)                                             1                   0.00       0.12 f
  mesh_3_3/U1144/ZN (AOI211D1BWP30P140)                                     0.02      0.02       0.14 r
  mesh_3_3/n237 (net)                                             1                   0.00       0.14 r
  mesh_3_3/U1147/ZN (ND2D1BWP30P140)                                        0.02      0.01       0.15 f
  mesh_3_3/n330 (net)                                             2                   0.00       0.15 f
  mesh_3_3/U856/ZN (INVD2BWP30P140)                                         0.01      0.01       0.16 r
  mesh_3_3/n154 (net)                                             1                   0.00       0.16 r
  mesh_3_3/U389/ZN (ND2D3BWP30P140)                                         0.01      0.01       0.16 f
  mesh_3_3/n339 (net)                                             3                   0.00       0.16 f
  mesh_3_3/U855/ZN (IND2D2BWP30P140)                                        0.01      0.01       0.18 f
  mesh_3_3/n321 (net)                                             2                   0.00       0.18 f
  mesh_3_3/U121/ZN (INVD2BWP30P140)                                         0.01      0.01       0.19 r
  mesh_3_3/n336 (net)                                             1                   0.00       0.19 r
  mesh_3_3/U1206/ZN (AOI21D8BWP30P140)                                      0.02      0.01       0.20 f
  mesh_3_3/n446 (net)                                            11                   0.00       0.20 f
  mesh_3_3/U1230/Z (XOR2OPTND4BWP30P140)                                    0.02      0.02       0.22 f
  mesh_3_3/n442 (net)                                            11                   0.00       0.22 f
  mesh_3_3/U913/ZN (NR2D1BWP30P140)                                         0.02      0.02       0.23 r
  mesh_3_3/n416 (net)                                             3                   0.00       0.23 r
  mesh_3_3/U95/ZN (INVD1BWP30P140)                                          0.01      0.01       0.24 f
  mesh_3_3/n40 (net)                                              1                   0.00       0.24 f
  mesh_3_3/U725/ZN (OAI22OPTPBD2BWP30P140)                                  0.04      0.02       0.26 r
  mesh_3_3/n823 (net)                                             7                   0.00       0.26 r
  mesh_3_3/U1289/Z (CKMUX2D0BWP30P140)                                      0.02      0.03       0.29 r
  mesh_3_3/n488 (net)                                             2                   0.00       0.29 r
  mesh_3_3/U944/ZN (INVD1BWP30P140)                                         0.02      0.02       0.30 f
  mesh_3_3/n734 (net)                                             2                   0.00       0.30 f
  mesh_3_3/U1544/S (FA1D1BWP30P140)                                         0.01      0.05       0.35 r
  mesh_3_3/n768 (net)                                             1                   0.00       0.35 r
  mesh_3_3/U932/S (FA1D1BWP30P140)                                          0.01      0.04       0.38 f
  mesh_3_3/n795 (net)                                             1                   0.00       0.38 f
  mesh_3_3/U1586/S (FA1D1BWP30P140)                                         0.02      0.04       0.42 r
  mesh_3_3/n1105 (net)                                            2                   0.00       0.42 r
  mesh_3_3/U1587/ZN (MUX2NUD1BWP30P140)                                     0.02      0.02       0.44 r
  mesh_3_3/n798 (net)                                             1                   0.00       0.44 r
  mesh_3_3/U918/ZN (ND2OPTIBD2BWP30P140)                                    0.01      0.01       0.45 f
  mesh_3_3/n846 (net)                                             1                   0.00       0.45 f
  mesh_3_3/U345/S (FA1D1BWP30P140)                                          0.01      0.05       0.49 r
  mesh_3_3/n1327 (net)                                            3                   0.00       0.49 r
  mesh_3_3/U254/ZN (NR2D1BWP30P140)                                         0.01      0.01       0.50 f
  mesh_3_3/n1456 (net)                                            3                   0.00       0.50 f
  mesh_3_3/U910/ZN (NR2D1BWP30P140)                                         0.02      0.01       0.52 r
  mesh_3_3/n1465 (net)                                            3                   0.00       0.52 r
  mesh_3_3/U909/ZN (ND2OPTIBD2BWP30P140)                                    0.01      0.01       0.53 f
  mesh_3_3/n1442 (net)                                            3                   0.00       0.53 f
  mesh_3_3/U57/ZN (NR2OPTPAD1BWP30P140)                                     0.01      0.01       0.54 r
  mesh_3_3/n69 (net)                                              1                   0.00       0.54 r
  mesh_3_3/U328/ZN (ND2D2BWP30P140)                                         0.01      0.01       0.55 f
  mesh_3_3/n68 (net)                                              1                   0.00       0.55 f
  mesh_3_3/U745/ZN (ND2OPTIBD4BWP30P140)                                    0.01      0.01       0.56 r
  mesh_3_3/n86 (net)                                              3                   0.00       0.56 r
  mesh_3_3/U706/ZN (INVD6BWP30P140)                                         0.01      0.01       0.57 f
  mesh_3_3/n142 (net)                                             9                   0.00       0.57 f
  mesh_3_3/U2182/ZN (OAI21D2BWP30P140)                                      0.01      0.01       0.57 r
  mesh_3_3/n1660 (net)                                            1                   0.00       0.57 r
  mesh_3_3/U46/ZN (XNR2D1BWP30P140)                                         0.01      0.02       0.59 f
  mesh_3_3/n2523 (net)                                            4                   0.00       0.59 f
  mesh_3_3/U957/Z (XOR2UD1BWP30P140)                                        0.02      0.02       0.61 f
  mesh_3_3/expUnit/macOut_mac/ULSD/a_int[10] (net)                2                   0.00       0.61 f
  mesh_3_3/expUnit/macOut_mac/ULSD/U1/UEN0_0_1_3/ZN (AOI21D1BWP30P140)      0.02      0.02       0.63 r    mo 
  mesh_3_3/expUnit/macOut_mac/ULSD/U1/enc_tree[0][1][14] (net)     1                  0.00       0.63 r
  mesh_3_3/U736/ZN (ND3D2BWP30P140)                                         0.01      0.01       0.64 f
  mesh_3_3/n54 (net)                                              1                   0.00       0.64 f
  mesh_3_3/U471/ZN (AOI21D2BWP30P140)                                       0.01      0.01       0.65 r
  mesh_3_3/n51 (net)                                              1                   0.00       0.65 r
  mesh_3_3/U310/ZN (ND2OPTPAD2BWP30P140)                                    0.01      0.01       0.66 f
  mesh_3_3/n97 (net)                                              2                   0.00       0.66 f
  mesh_3_3/U309/ZN (INVD4BWP30P140)                                         0.01      0.01       0.67 r
  mesh_3_3/n2189 (net)                                            8                   0.00       0.67 r
  mesh_3_3/U1862/Z (AN2D6BWP30P140)                                         0.01      0.02       0.69 r
  mesh_3_3/n2096 (net)                                           22                   0.00       0.69 r
  mesh_3_3/U2440/ZN (ND2D1BWP30P140)                                        0.01      0.01       0.70 f
  mesh_3_3/n2024 (net)                                            1                   0.00       0.70 f
  mesh_3_3/U898/ZN (OAI21D1BWP30P140)                                       0.01      0.01       0.71 r
  mesh_3_3/n2026 (net)                                            1                   0.00       0.71 r
  mesh_3_3/U897/ZN (INR2D1BWP30P140)                                        0.01      0.01       0.72 f
  mesh_3_3/n2105 (net)                                            4                   0.00       0.72 f
  mesh_3_3/U2448/ZN (AOI22D1BWP30P140)                                      0.01      0.01       0.73 r
  mesh_3_3/n2049 (net)                                            1                   0.00       0.73 r
  mesh_3_3/U1079/ZN (AOI31D0BWP30P140)                                      0.02      0.01       0.74 f
  mesh_3_3/n2050 (net)                                            1                   0.00       0.74 f
  mesh_3_3/U936/ZN (AOI21D1BWP30P140)                                       0.01      0.01       0.76 r
  mesh_3_3/n2052 (net)                                            1                   0.00       0.76 r
  mesh_3_3/U23/ZN (ND2D1BWP30P140)                                          0.03      0.02       0.77 f
  mesh_3_3/n2836 (net)                                            4                   0.00       0.77 f
  mesh_3_3/U2460/ZN (ND2D1BWP30P140)                                        0.01      0.01       0.78 r
  mesh_3_3/n2060 (net)                                            1                   0.00       0.78 r
  mesh_3_3/U2461/ZN (INR2D1BWP30P140)                                       0.01      0.01       0.79 f
  mesh_3_3/n2068 (net)                                            1                   0.00       0.79 f
  mesh_3_3/U2465/ZN (ND2D1BWP30P140)                                        0.01      0.01       0.79 r
  mesh_3_3/n2134 (net)                                            1                   0.00       0.79 r
  mesh_3_3/U193/ZN (NR3OPTPAD1BWP30P140)                                    0.01      0.01       0.80 f
  mesh_3_3/n2144 (net)                                            1                   0.00       0.80 f
  mesh_3_3/U2503/ZN (INR2D4BWP30P140)                                       0.01      0.01       0.81 f
  mesh_3_3/n2306 (net)                                            2                   0.00       0.81 f
  mesh_3_3/U2597/CO (FA1OPTCD2BWP30P140)                                    0.01      0.01       0.83 f
  mesh_3_3/n2357 (net)                                            1                   0.00       0.83 f
  mesh_3_3/U2626/CO (HA1D2BWP30P140)                                        0.01      0.01       0.84 f
  mesh_3_3/n2384 (net)                                            2                   0.00       0.84 f
  mesh_3_3/U445/Z (XOR2UD1BWP30P140)                                        0.02      0.01       0.85 f
  mesh_3_3/n2360 (net)                                            1                   0.00       0.85 f
  mesh_3_3/U440/ZN (ND2OPTIBD2BWP30P140)                                    0.01      0.01       0.86 r
  mesh_3_3/n42 (net)                                              1                   0.00       0.86 r
  mesh_3_3/U730/ZN (IND3D4BWP30P140)                                        0.02      0.01       0.87 f
  mesh_3_3/n2511 (net)                                            4                   0.00       0.87 f
  mesh_3_3/U729/Z (OR2D1BWP30P140)                                          0.01      0.01       0.89 f
  mesh_3_3/n2374 (net)                                            2                   0.00       0.89 f
  mesh_3_3/U728/ZN (INVD1BWP30P140)                                         0.01      0.01       0.89 r
  mesh_3_3/n2408 (net)                                            2                   0.00       0.89 r
  mesh_3_3/U773/ZN (NR2D1BWP30P140)                                         0.01      0.01       0.90 f
  mesh_3_3/n85 (net)                                              1                   0.00       0.90 f
  mesh_3_3/U771/ZN (AOI21OPTREPBD2BWP30P140)                                0.02      0.01       0.91 r
  mesh_3_3/n2506 (net)                                            3                   0.00       0.91 r
  mesh_3_3/U412/ZN (OAI21D2BWP30P140)                                       0.01      0.01       0.92 f
  mesh_3_3/n155 (net)                                             2                   0.00       0.92 f
  mesh_3_3/U796/ZN (NR2OPTPAD1BWP30P140)                                    0.01      0.01       0.93 r
  mesh_3_3/n105 (net)                                             1                   0.00       0.93 r
  mesh_3_3/U795/ZN (NR2OPTPAD1BWP30P140)                                    0.01      0.01       0.94 f
  mesh_3_3/n104 (net)                                             1                   0.00       0.94 f
  mesh_3_3/U297/Z (AN2D2BWP30P140)                                          0.01      0.01       0.95 f
  mesh_3_3/n63 (net)                                              1                   0.00       0.95 f
  mesh_3_3/U296/ZN (CKND2D3BWP30P140)                                       0.01      0.01       0.95 r
  mesh_3_3/n2727 (net)                                            2                   0.00       0.95 r
  mesh_3_3/U295/ZN (ND2OPTPAD2BWP30P140)                                    0.01      0.01       0.96 f
  mesh_3_3/n2521 (net)                                            5                   0.00       0.96 f
  mesh_3_3/U219/ZN (ND2D1BWP30P140)                                         0.01      0.01       0.97 r
  mesh_3_3/n3096 (net)                                            3                   0.00       0.97 r
  mesh_3_3/U2718/Z (CKMUX2D0BWP30P140)                                      0.01      0.02       0.99 r
  mesh_3_3/io_uOutput_bits[10] (net)                              1                   0.00       0.99 r
  mesh_3_3/io_uOutput_bits[10] (PE_0)                                                 0.00       0.99 r
  _mesh_3_3_io_uOutput_bits[10] (net)                                                 0.00       0.99 r
  dIn_11_bits_reg[10]/D (DFQD1BWP30P140)                                    0.01      0.00       0.99 r
  data arrival time                                                                              0.99

  clock ideal_clock1 (rise edge)                                                      1.00       1.00
  clock network delay (ideal)                                                         0.00       1.00
  dIn_11_bits_reg[10]/CP (DFQD1BWP30P140)                                             0.00       1.00 r
  library setup time                                                                 -0.01       0.99
  data required time                                                                             0.99
  ---------------------------------------------------------------------------------------------------------------------------
  data required time                                                                             0.99
  data arrival time                                                                             -0.99
  ---------------------------------------------------------------------------------------------------------------------------
  slack (MET)                                                                                    0.00


1
