Information: Updating design information... (UID-85)
Warning: Design 'OneSaArray' contains 1 high-fanout nets. A fanout number of 1000 will be used for delay calculations involving these nets. (TIM-134)
 
****************************************
Report : timing
        -path full
        -delay max
        -nets
        -max_paths 1
        -transition_time
Design : OneSaArray
Version: V-2023.12
Date   : Mon Apr  6 13:00:04 2026
****************************************

 # A fanout number of 1000 was used for high fanout net computations.

Operating Conditions: ffg0p99v0c   Library: tcbn28hpcplusbwp30p140ffg0p99v0c_ccs
Wire Load Model Mode: segmented

  Startpoint: mesh/pes_9_13/regPsum_bits_reg[12]
              (rising edge-triggered flip-flop clocked by ideal_clock1)
  Endpoint: mesh/pes_10_13/regPsum_bits_reg[5]
            (rising edge-triggered flip-flop clocked by ideal_clock1)
  Path Group: ideal_clock1
  Path Type: max

  Des/Clust/Port     Wire Load Model       Library
  ------------------------------------------------
  OneSaArray         ZeroWireload          tcbn28hpcplusbwp30p140ffg0p99v0c_ccs
  OneSaMesh          ZeroWireload          tcbn28hpcplusbwp30p140ffg0p99v0c_ccs

Attributes:
    d - dont_touch
    u - dont_use
   mo - map_only
   so - size_only
    i - ideal_net or ideal_network
  inf - infeasible path

  Point                                                      Fanout     Trans      Incr       Path      Attributes
  ------------------------------------------------------------------------------------------------------------------------
  clock ideal_clock1 (rise edge)                                                   0.00       0.00
  clock network delay (ideal)                                                      0.00       0.00
  mesh/pes_9_13/regPsum_bits_reg[12]/CP (DFQD2BWP30P140)                 0.00      0.00 #     0.00 r
  mesh/pes_9_13/regPsum_bits_reg[12]/Q (DFQD2BWP30P140)                  0.01      0.04       0.04 f
  mesh/_pes_9_13_io_psumOut_bits[12] (net)                     5                   0.00       0.04 f
  mesh/U93047/ZN (NR2D1BWP30P140)                                        0.01      0.01       0.05 r
  mesh/n45614 (net)                                            1                   0.00       0.05 r
  mesh/U93048/Z (AN2D4BWP30P140)                                         0.01      0.02       0.07 r
  mesh/n385135 (net)                                          13                   0.00       0.07 r
  mesh/U93049/ZN (INVD1BWP30P140)                                        0.01      0.01       0.08 f
  mesh/n366738 (net)                                           5                   0.00       0.08 f
  mesh/U93055/Z (CKAN2D1BWP30P140)                                       0.01      0.02       0.09 f
  mesh/n45654 (net)                                            3                   0.00       0.09 f
  mesh/U93056/ZN (INVD1BWP30P140)                                        0.01      0.01       0.10 r
  mesh/n45623 (net)                                            1                   0.00       0.10 r
  mesh/U31612/Z (OR2D1BWP30P140)                                         0.01      0.01       0.11 r
  mesh/n10442 (net)                                            1                   0.00       0.11 r
  mesh/U25110/ZN (AOI21D2BWP30P140)                                      0.01      0.01       0.12 f
  mesh/n9766 (net)                                             1                   0.00       0.12 f
  mesh/U24795/ZN (OAI21D2BWP30P140)                                      0.01      0.01       0.13 r
  mesh/n9765 (net)                                             1                   0.00       0.13 r
  mesh/U24549/ZN (AOI21D2BWP30P140)                                      0.01      0.01       0.13 f
  mesh/n9764 (net)                                             1                   0.00       0.13 f
  mesh/U24447/Z (OA21D2BWP30P140)                                        0.01      0.02       0.15 f
  mesh/n45651 (net)                                            2                   0.00       0.15 f
  mesh/U93075/ZN (INVD3BWP30P140)                                        0.01      0.01       0.16 r
  mesh/n45642 (net)                                            1                   0.00       0.16 r
  mesh/U93076/ZN (INVD8BWP30P140)                                        0.02      0.01       0.17 f
  mesh/n385127 (net)                                          35                   0.00       0.17 f
  mesh/U30151/ZN (MUX2NUD1BWP30P140)                                     0.02      0.02       0.19 f
  mesh/n9870 (net)                                             2                   0.00       0.19 f
  mesh/U30149/ZN (INVD0BWP30P140)                                        0.01      0.01       0.19 r
  mesh/n9868 (net)                                             1                   0.00       0.19 r
  mesh/U23099/ZN (ND2D1BWP30P140)                                        0.02      0.01       0.21 f
  mesh/n45662 (net)                                            1                   0.00       0.21 f
  mesh/U93088/CO (FA1OPTCD1BWP30P140)                                    0.01      0.02       0.23 f
  mesh/n45660 (net)                                            1                   0.00       0.23 f
  mesh/U93086/CO (FA1OPTCD1BWP30P140)                                    0.01      0.02       0.24 f
  mesh/n45659 (net)                                            1                   0.00       0.24 f
  mesh/U93083/CO (FA1OPTCD2BWP30P140)                                    0.01      0.01       0.26 f
  mesh/n45658 (net)                                            1                   0.00       0.26 f
  mesh/U21679/S (FA1OPTCD2BWP30P140)                                     0.02      0.04       0.30 f
  mesh/n45777 (net)                                            8                   0.00       0.30 f
  mesh/U21105/ZN (NR2D3BWP30P140)                                        0.01      0.01       0.31 r
  mesh/n45749 (net)                                            5                   0.00       0.31 r
  mesh/U93215/ZN (INVD1BWP30P140)                                        0.01      0.01       0.32 f
  mesh/n45833 (net)                                            5                   0.00       0.32 f
  mesh/U93242/ZN (OAI21D1BWP30P140)                                      0.01      0.01       0.33 r
  mesh/n45781 (net)                                            1                   0.00       0.33 r
  mesh/U93251/ZN (ND4D0BWP30P140)                                        0.03      0.02       0.35 f
  mesh/n45782 (net)                                            1                   0.00       0.35 f
  mesh/U53515/Z (OR3D1BWP30P140)                                         0.01      0.02       0.37 f
  mesh/n239235 (net)                                           2                   0.00       0.37 f
  mesh/U93252/ZN (INVD0BWP30P140)                                        0.01      0.01       0.37 r
  mesh/n45785 (net)                                            1                   0.00       0.37 r
  mesh/U93253/ZN (ND2OPTPAD1BWP30P140)                                   0.02      0.01       0.38 f
  mesh/n239233 (net)                                           3                   0.00       0.38 f
  mesh/U2587/ZN (NR2OPTPAD1BWP30P140)                                    0.01      0.01       0.40 r
  mesh/n232319 (net)                                           2                   0.00       0.40 r
  mesh/U4917/ZN (INVD0BWP30P140)                                         0.02      0.01       0.41 f
  mesh/n239211 (net)                                           3                   0.00       0.41 f
  mesh/U270169/ZN (NR2D1BWP30P140)                                       0.02      0.01       0.42 r
  mesh/n239206 (net)                                           2                   0.00       0.42 r
  mesh/U276021/ZN (ND2D1BWP30P140)                                       0.01      0.01       0.43 f
  mesh/n239209 (net)                                           1                   0.00       0.43 f
  mesh/U276023/Z (XOR2UD1BWP30P140)                                      0.03      0.02       0.45 f
  mesh/pes_10_13/regPsum_mac/l00OOO0l[6] (net)                 6                   0.00       0.45 f
  mesh/U276037/ZN (INVD0BWP30P140)                                       0.01      0.01       0.47 r
  mesh/n239232 (net)                                           1                   0.00       0.47 r
  mesh/U276039/ZN (ND2D1BWP30P140)                                       0.01      0.01       0.47 f
  mesh/n239240 (net)                                           1                   0.00       0.47 f
  mesh/U276046/ZN (NR2D1BWP30P140)                                       0.01      0.01       0.48 r
  mesh/n239241 (net)                                           1                   0.00       0.48 r
  mesh/U276047/ZN (ND2D1BWP30P140)                                       0.01      0.01       0.49 f
  mesh/n239246 (net)                                           1                   0.00       0.49 f
  mesh/U276051/ZN (NR2D1BWP30P140)                                       0.01      0.01       0.50 r
  mesh/n278061 (net)                                           2                   0.00       0.50 r
  mesh/U276052/ZN (INVD0BWP30P140)                                       0.01      0.01       0.51 f
  mesh/n314785 (net)                                           2                   0.00       0.51 f
  mesh/U276054/ZN (NR2D1BWP30P140)                                       0.01      0.01       0.52 r
  mesh/n366397 (net)                                           2                   0.00       0.52 r
  mesh/U383008/ZN (ND2D1BWP30P140)                                       0.01      0.01       0.53 f
  mesh/n366398 (net)                                           1                   0.00       0.53 f
  mesh/U383009/Z (XOR2UD0BWP30P140)                                      0.02      0.01       0.54 f
  mesh/n366400 (net)                                           1                   0.00       0.54 f
  mesh/U383010/Z (CKMUX2D0BWP30P140)                                     0.02      0.03       0.57 f
  mesh/pes_10_13/regPsum_mac/l00OOO0l[18] (net)                7                   0.00       0.57 f
  mesh/pes_10_13/regPsum_mac/U9/U1/UORT0_1_11/ZN (NR2D1BWP30P140)        0.01      0.01       0.59 r    mo 
  mesh/pes_10_13/regPsum_mac/U9/U1/enc_tree[1][1][22] (net)     2                  0.00       0.59 r
  mesh/pes_10_13/regPsum_mac/U9/U1/UEN1_1_2_2/ZN (OAI21D1BWP30P140)      0.01      0.01       0.60 f    mo 
  mesh/pes_10_13/regPsum_mac/U9/U1/enc_tree[1][2][20] (net)     1                  0.00       0.60 f
  mesh/pes_10_13/regPsum_mac/U9/U1/UEN0_1_3_1/ZN (AOI21D1BWP30P140)      0.01      0.01       0.61 r    mo 
  mesh/pes_10_13/regPsum_mac/U9/U1/enc_tree[1][3][24] (net)     1                  0.00       0.61 r
  mesh/U383022/Z (OA21D1BWP30P140)                                       0.01      0.02       0.62 r
  mesh/n366456 (net)                                           2                   0.00       0.62 r
  mesh/U383023/ZN (INVD0BWP30P140)                                       0.01      0.01       0.63 f
  mesh/n366413 (net)                                           2                   0.00       0.63 f
  mesh/U383030/ZN (ND2D1BWP30P140)                                       0.01      0.01       0.64 r
  mesh/n366414 (net)                                           1                   0.00       0.64 r
  mesh/U383031/ZN (OAI21D1BWP30P140)                                     0.01      0.01       0.65 f
  mesh/n366423 (net)                                           1                   0.00       0.65 f
  mesh/U383035/ZN (AOI21D1BWP30P140)                                     0.01      0.01       0.66 r
  mesh/n366445 (net)                                           1                   0.00       0.66 r
  mesh/U383046/ZN (OAI21D2BWP30P140)                                     0.02      0.02       0.68 f
  mesh/n366483 (net)                                           7                   0.00       0.68 f
  mesh/U383049/ZN (INR2D2BWP30P140)                                      0.02      0.01       0.69 r
  mesh/n366482 (net)                                           5                   0.00       0.69 r
  mesh/U11797/ZN (ND2D2BWP30P140)                                        0.01      0.01       0.70 f
  mesh/n366460 (net)                                           1                   0.00       0.70 f
  mesh/U1790/ZN (ND2D3BWP30P140)                                         0.02      0.01       0.71 r
  mesh/n366720 (net)                                          12                   0.00       0.71 r
  mesh/U1764/Z (OR2D4BWP30P140)                                          0.01      0.02       0.73 r
  mesh/n366570 (net)                                           8                   0.00       0.73 r
  mesh/U383072/ZN (INVD2BWP30P140)                                       0.02      0.01       0.74 f
  mesh/n366579 (net)                                          14                   0.00       0.74 f
  mesh/U383151/ZN (ND2D1BWP30P140)                                       0.01      0.01       0.75 r
  mesh/n366521 (net)                                           1                   0.00       0.75 r
  mesh/U383152/ZN (OAI21D1BWP30P140)                                     0.02      0.01       0.76 f
  mesh/n366523 (net)                                           1                   0.00       0.76 f
  mesh/U53517/ZN (NR2D1BWP30P140)                                        0.01      0.01       0.77 r
  mesh/n366630 (net)                                           3                   0.00       0.77 r
  mesh/U383165/ZN (INVD0BWP30P140)                                       0.01      0.01       0.78 f
  mesh/n366587 (net)                                           2                   0.00       0.78 f
  mesh/U383168/ZN (AOI22D1BWP30P140)                                     0.02      0.01       0.80 r
  mesh/n366545 (net)                                           1                   0.00       0.80 r
  mesh/U383180/ZN (ND3D2BWP30P140)                                       0.02      0.01       0.81 f
  mesh/n366767 (net)                                           4                   0.00       0.81 f
  mesh/U383285/ZN (INVD1BWP30P140)                                       0.01      0.01       0.82 r
  mesh/n366676 (net)                                           1                   0.00       0.82 r
  mesh/U1156/ZN (INR2D1BWP30P140)                                        0.01      0.01       0.83 r
  mesh/n366760 (net)                                           2                   0.00       0.83 r
  mesh/U383288/ZN (ND2D1BWP30P140)                                       0.02      0.01       0.84 f
  mesh/n366755 (net)                                           2                   0.00       0.84 f
  mesh/U383289/ZN (INR2D1BWP30P140)                                      0.01      0.01       0.85 r
  mesh/n366772 (net)                                           2                   0.00       0.85 r
  mesh/U57291/ZN (ND2D1BWP30P140)                                        0.01      0.01       0.86 f
  mesh/n366747 (net)                                           2                   0.00       0.86 f
  mesh/U383302/ZN (NR4D0BWP30P140)                                       0.03      0.02       0.89 r
  mesh/n385094 (net)                                           3                   0.00       0.89 r
  mesh/U383303/ZN (MOAI22D1BWP30P140)                                    0.01      0.02       0.90 r
  mesh/n366699 (net)                                           1                   0.00       0.90 r
  mesh/U383304/ZN (AOI21D1BWP30P140)                                     0.02      0.01       0.91 f
  mesh/n366740 (net)                                           2                   0.00       0.91 f
  mesh/U383313/ZN (NR2D1BWP30P140)                                       0.01      0.01       0.92 r
  mesh/n385089 (net)                                           2                   0.00       0.92 r
  mesh/U383321/ZN (NR4D0BWP30P140)                                       0.02      0.01       0.94 f
  mesh/n385085 (net)                                           1                   0.00       0.94 f
  mesh/U29945/ZN (NR2D2BWP30P140)                                        0.01      0.01       0.95 r
  mesh/n385149 (net)                                           3                   0.00       0.95 r
  mesh/U383364/Z (AN3D2BWP30P140)                                        0.01      0.02       0.97 r
  mesh/n385120 (net)                                           9                   0.00       0.97 r
  mesh/U383372/Z (AO22D0BWP30P140)                                       0.01      0.02       0.99 r
  mesh/pes_10_13/N104 (net)                                    1                   0.00       0.99 r
  mesh/pes_10_13/regPsum_bits_reg[5]/D (DFQD1BWP30P140)                  0.01      0.00       0.99 r
  data arrival time                                                                           0.99

  clock ideal_clock1 (rise edge)                                                   1.00       1.00
  clock network delay (ideal)                                                      0.00       1.00
  mesh/pes_10_13/regPsum_bits_reg[5]/CP (DFQD1BWP30P140)                           0.00       1.00 r
  library setup time                                                              -0.01       0.99
  data required time                                                                          0.99
  ------------------------------------------------------------------------------------------------------------------------
  data required time                                                                          0.99
  data arrival time                                                                          -0.99
  ------------------------------------------------------------------------------------------------------------------------
  slack (MET)                                                                                 0.00


1
