Information: Updating design information... (UID-85)
Warning: Design 'OneSaArray' contains 1 high-fanout nets. A fanout number of 1000 will be used for delay calculations involving these nets. (TIM-134)
 
****************************************
Report : timing
        -path full
        -delay max
        -nets
        -max_paths 1
        -transition_time
Design : OneSaArray
Version: V-2023.12
Date   : Mon Apr  6 03:06:06 2026
****************************************

 # A fanout number of 1000 was used for high fanout net computations.

Operating Conditions: ffg0p99v0c   Library: tcbn28hpcplusbwp30p140ffg0p99v0c_ccs
Wire Load Model Mode: segmented

  Startpoint: mesh/pes_0_2/regPsum_reg[1]
              (rising edge-triggered flip-flop clocked by ideal_clock1)
  Endpoint: mesh/pes_1_2/regPsum_reg[31]
            (rising edge-triggered flip-flop clocked by ideal_clock1)
  Path Group: ideal_clock1
  Path Type: max

  Des/Clust/Port     Wire Load Model       Library
  ------------------------------------------------
  OneSaArray         ZeroWireload          tcbn28hpcplusbwp30p140ffg0p99v0c_ccs
  OneSaMesh          ZeroWireload          tcbn28hpcplusbwp30p140ffg0p99v0c_ccs

Attributes:
    d - dont_touch
    u - dont_use
   mo - map_only
   so - size_only
    i - ideal_net or ideal_network
  inf - infeasible path

  Point                                    Fanout     Trans      Incr       Path      Attributes
  ------------------------------------------------------------------------------------------------------
  clock ideal_clock1 (rise edge)                                 0.00       0.00
  clock network delay (ideal)                                    0.00       0.00
  mesh/pes_0_2/regPsum_reg[1]/CP (DFQD1BWP30P140)      0.00      0.00 #     0.00 r
  mesh/pes_0_2/regPsum_reg[1]/Q (DFQD1BWP30P140)       0.01      0.04       0.04 f
  mesh/_pes_0_2_io_psumOut[1] (net)          3                   0.00       0.04 f
  mesh/U2526/ZN (AOI21D1BWP30P140)                     0.01      0.01       0.05 r
  mesh/n6057 (net)                           2                   0.00       0.05 r
  mesh/U2529/ZN (OAI21D1BWP30P140)                     0.02      0.01       0.06 f
  mesh/n1022 (net)                           2                   0.00       0.06 f
  mesh/U1038/ZN (MAOI222D0BWP30P140)                   0.04      0.03       0.09 r
  mesh/n1102 (net)                           2                   0.00       0.09 r
  mesh/U857/ZN (MAOI222D0BWP30P140)                    0.04      0.03       0.12 f
  mesh/n1158 (net)                           2                   0.00       0.12 f
  mesh/U806/ZN (MAOI222D0BWP30P140)                    0.04      0.03       0.15 r
  mesh/n1284 (net)                           2                   0.00       0.15 r
  mesh/U763/ZN (MAOI222D0BWP30P140)                    0.04      0.03       0.18 f
  mesh/n1383 (net)                           2                   0.00       0.18 f
  mesh/U757/ZN (MAOI222D0BWP30P140)                    0.04      0.03       0.21 r
  mesh/n1595 (net)                           2                   0.00       0.21 r
  mesh/U723/ZN (MAOI222D0BWP30P140)                    0.04      0.03       0.24 f
  mesh/n1697 (net)                           2                   0.00       0.24 f
  mesh/U710/ZN (MAOI222D0BWP30P140)                    0.04      0.03       0.27 r
  mesh/n1938 (net)                           2                   0.00       0.27 r
  mesh/U682/ZN (MAOI222D0BWP30P140)                    0.04      0.03       0.30 f
  mesh/n2092 (net)                           2                   0.00       0.30 f
  mesh/U667/ZN (MAOI222D0BWP30P140)                    0.04      0.03       0.34 r
  mesh/n2255 (net)                           2                   0.00       0.34 r
  mesh/U651/ZN (MAOI222D0BWP30P140)                    0.04      0.03       0.36 f
  mesh/n2367 (net)                           2                   0.00       0.36 f
  mesh/U609/ZN (MAOI222D0BWP30P140)                    0.04      0.03       0.40 r
  mesh/n2463 (net)                           2                   0.00       0.40 r
  mesh/U594/ZN (MAOI222D0BWP30P140)                    0.04      0.03       0.43 f
  mesh/n2633 (net)                           2                   0.00       0.43 f
  mesh/U4537/ZN (MAOI222D1BWP30P140)                   0.03      0.03       0.45 r
  mesh/n2782 (net)                           2                   0.00       0.45 r
  mesh/U574/ZN (MAOI222D0BWP30P140)                    0.04      0.03       0.48 f
  mesh/n2881 (net)                           2                   0.00       0.48 f
  mesh/U4819/ZN (MAOI222D1BWP30P140)                   0.03      0.03       0.50 r
  mesh/n3111 (net)                           2                   0.00       0.50 r
  mesh/U530/ZN (MAOI222D0BWP30P140)                    0.04      0.03       0.53 f
  mesh/n3477 (net)                           2                   0.00       0.53 f
  mesh/U5554/ZN (MAOI222D1BWP30P140)                   0.03      0.03       0.56 r
  mesh/n3662 (net)                           2                   0.00       0.56 r
  mesh/U5824/ZN (MAOI222D1BWP30P140)                   0.03      0.02       0.58 f
  mesh/n3822 (net)                           2                   0.00       0.58 f
  mesh/U6062/ZN (MAOI222D1BWP30P140)                   0.03      0.02       0.61 r
  mesh/n5027 (net)                           2                   0.00       0.61 r
  mesh/U7734/ZN (MAOI222D1BWP30P140)                   0.03      0.02       0.63 f
  mesh/n5070 (net)                           2                   0.00       0.63 f
  mesh/U7786/ZN (MAOI222D1BWP30P140)                   0.03      0.02       0.65 r
  mesh/n5121 (net)                           2                   0.00       0.65 r
  mesh/U7834/ZN (MAOI222D1BWP30P140)                   0.03      0.02       0.67 f
  mesh/n5198 (net)                           2                   0.00       0.67 f
  mesh/U7914/ZN (MAOI222D1BWP30P140)                   0.03      0.02       0.70 r
  mesh/n5269 (net)                           2                   0.00       0.70 r
  mesh/U7978/ZN (MAOI222D1BWP30P140)                   0.03      0.02       0.72 f
  mesh/n5332 (net)                           2                   0.00       0.72 f
  mesh/U8050/ZN (MAOI222D1BWP30P140)                   0.03      0.02       0.74 r
  mesh/n5417 (net)                           2                   0.00       0.74 r
  mesh/U8122/ZN (MAOI222D1BWP30P140)                   0.03      0.02       0.76 f
  mesh/n5457 (net)                           2                   0.00       0.76 f
  mesh/U8174/ZN (MAOI222D1BWP30P140)                   0.03      0.02       0.79 r
  mesh/n5506 (net)                           2                   0.00       0.79 r
  mesh/U175/ZN (MAOI222D0BWP30P140)                    0.03      0.03       0.81 f
  mesh/n5576 (net)                           2                   0.00       0.81 f
  mesh/U96/ZN (MAOI222D0BWP30P140)                     0.02      0.02       0.84 r
  mesh/n5577 (net)                           1                   0.00       0.84 r
  mesh/U78/ZN (XNR2UD0BWP30P140)                       0.02      0.02       0.86 r
  mesh/n5578 (net)                           1                   0.00       0.86 r
  mesh/U58/ZN (XNR2UD0BWP30P140)                       0.02      0.02       0.88 r
  mesh/n5579 (net)                           1                   0.00       0.88 r
  mesh/U8249/Z (AO22D0BWP30P140)                       0.01      0.02       0.90 r
  mesh/pes_1_2/N292 (net)                    1                   0.00       0.90 r
  mesh/pes_1_2/regPsum_reg[31]/D (DFQD1BWP30P140)      0.01      0.00       0.90 r
  data arrival time                                                         0.90

  clock ideal_clock1 (rise edge)                                 1.00       1.00
  clock network delay (ideal)                                    0.00       1.00
  mesh/pes_1_2/regPsum_reg[31]/CP (DFQD1BWP30P140)               0.00       1.00 r
  library setup time                                            -0.01       0.99
  data required time                                                        0.99
  ------------------------------------------------------------------------------------------------------
  data required time                                                        0.99
  data arrival time                                                        -0.90
  ------------------------------------------------------------------------------------------------------
  slack (MET)                                                               0.09


1
