 
****************************************
Report : area
Design : SystolicArray
Version: V-2023.12
Date   : Mon Apr  6 04:28:11 2026
****************************************

Library(s) Used:

    tcbn28hpcplusbwp30p140ffg0p99v0c_ccs (File: /hpc/Tech/TSMC/digital/N28/digital/Front_End/timing_power_noise/CCS/tcbn28hpcplusbwp30p140_180a/tcbn28hpcplusbwp30p140ffg0p99v0c_ccs.db)

Number of ports:                         8386
Number of nets:                        229715
Number of cells:                       211991
Number of combinational cells:         207695
Number of sequential cells:              4224
Number of macros/black boxes:               0
Number of buf/inv:                      37981
Number of references:                      76

Combinational area:             125239.715820
Buf/Inv area:                    10009.188137
Noncombinational area:            8126.999903
Macro/Black Box area:                0.000000
Net Interconnect area:      undefined  (Wire load has zero net area)

Total cell area:                133366.715723
Total area:                 undefined

Hierarchical area distribution
------------------------------

                                  Global cell area             Local cell area
                                  --------------------  ------------------------------ 
Hierarchical cell                 Absolute     Percent  Combi-       Noncombi-  Black-
                                  Total        Total    national     national   boxes   Design
--------------------------------  -----------  -------  -----------  ---------  ------  ---------
SystolicArray                     133366.7157    100.0       0.0000  5635.0979  0.0000  SystolicArray
cmpArray_0                           362.1240      0.3     297.6120    64.5120  0.0000  CMP_7
cmpArray_1                           362.8800      0.3     302.4000    60.4800  0.0000  CMP_6
cmpArray_2                           362.8800      0.3     302.4000    60.4800  0.0000  CMP_5
cmpArray_3                           362.8800      0.3     302.4000    60.4800  0.0000  CMP_4
cmpArray_4                           362.8800      0.3     302.4000    60.4800  0.0000  CMP_3
cmpArray_5                           362.8800      0.3     302.4000    60.4800  0.0000  CMP_2
cmpArray_6                           362.8800      0.3     302.4000    60.4800  0.0000  CMP_1
cmpArray_7                           362.8800      0.3     302.4000    60.4800  0.0000  CMP_0
mesh_0_0                            1999.9980      1.5    1969.0020    30.9960  0.0000  PE_63
mesh_0_1                            1966.4820      1.5    1934.7300    31.7520  0.0000  PE_62
mesh_0_2                            1985.5080      1.5    1954.2600    31.2480  0.0000  PE_61
mesh_0_3                            1957.5360      1.5    1926.1620    31.3740  0.0000  PE_60
mesh_0_4                            1959.8040      1.5    1928.8080    30.9960  0.0000  PE_59
mesh_0_5                            1981.0980      1.5    1949.3460    31.7520  0.0000  PE_58
mesh_0_6                            1974.7980      1.5    1943.0460    31.7520  0.0000  PE_57
mesh_0_7                            1930.0680      1.4    1899.4500    30.6180  0.0000  PE_56
mesh_1_0                            1984.1220      1.5    1953.1260    30.9960  0.0000  PE_55
mesh_1_1                            1936.1160      1.5    1904.7420    31.3740  0.0000  PE_54
mesh_1_2                            1937.5020      1.5    1906.1280    31.3740  0.0000  PE_53
mesh_1_3                            1922.0040      1.4    1891.0080    30.9960  0.0000  PE_52
mesh_1_4                            1924.0200      1.4    1891.8900    32.1300  0.0000  PE_51
mesh_1_5                            1932.4620      1.4    1901.0880    31.3740  0.0000  PE_50
mesh_1_6                            1941.6600      1.5    1910.2860    31.3740  0.0000  PE_49
mesh_1_7                            1972.0260      1.5    1941.0300    30.9960  0.0000  PE_48
mesh_2_0                            2001.8880      1.5    1971.6480    30.2400  0.0000  PE_47
mesh_2_1                            1947.0780      1.5    1915.3260    31.7520  0.0000  PE_46
mesh_2_2                            1945.0620      1.5    1913.3100    31.7520  0.0000  PE_45
mesh_2_3                            1940.1480      1.5    1908.3960    31.7520  0.0000  PE_44
mesh_2_4                            1944.1800      1.5    1912.4280    31.7520  0.0000  PE_43
mesh_2_5                            1952.3700      1.5    1920.6180    31.7520  0.0000  PE_42
mesh_2_6                            1923.1380      1.4    1891.7640    31.3740  0.0000  PE_41
mesh_2_7                            1975.5540      1.5    1944.5580    30.9960  0.0000  PE_40
mesh_3_0                            1987.9020      1.5    1956.5280    31.3740  0.0000  PE_39
mesh_3_1                            1943.5500      1.5    1911.7980    31.7520  0.0000  PE_38
mesh_3_2                            1921.6260      1.4    1890.2520    31.3740  0.0000  PE_37
mesh_3_3                            1928.5560      1.4    1896.8040    31.7520  0.0000  PE_36
mesh_3_4                            1931.5800      1.4    1900.9620    30.6180  0.0000  PE_35
mesh_3_5                            1925.9100      1.4    1894.5360    31.3740  0.0000  PE_34
mesh_3_6                            1933.4700      1.4    1902.0960    31.3740  0.0000  PE_33
mesh_3_7                            1975.4280      1.5    1944.4320    30.9960  0.0000  PE_32
mesh_4_0                            2010.8340      1.5    1980.5940    30.2400  0.0000  PE_31
mesh_4_1                            1925.4060      1.4    1894.0320    31.3740  0.0000  PE_30
mesh_4_2                            1934.4780      1.5    1903.1040    31.3740  0.0000  PE_29
mesh_4_3                            1936.4940      1.5    1905.4980    30.9960  0.0000  PE_28
mesh_4_4                            1939.1400      1.5    1907.3880    31.7520  0.0000  PE_27
mesh_4_5                            1932.7140      1.4    1901.7180    30.9960  0.0000  PE_26
mesh_4_6                            1950.2280      1.5    1918.8540    31.3740  0.0000  PE_25
mesh_4_7                            1984.5000      1.5    1953.5040    30.9960  0.0000  PE_24
mesh_5_0                            1992.6900      1.5    1961.6940    30.9960  0.0000  PE_23
mesh_5_1                            1916.8380      1.4    1885.0860    31.7520  0.0000  PE_22
mesh_5_2                            1943.8020      1.5    1912.4280    31.3740  0.0000  PE_21
mesh_5_3                            1923.2640      1.4    1891.8900    31.3740  0.0000  PE_20
mesh_5_4                            1933.2180      1.4    1901.8440    31.3740  0.0000  PE_19
mesh_5_5                            1946.8260      1.5    1915.4520    31.3740  0.0000  PE_18
mesh_5_6                            1923.7680      1.4    1892.0160    31.7520  0.0000  PE_17
mesh_5_7                            1979.7120      1.5    1949.0940    30.6180  0.0000  PE_16
mesh_6_0                            1992.9420      1.5    1961.9460    30.9960  0.0000  PE_15
mesh_6_1                            1924.3980      1.4    1893.0240    31.3740  0.0000  PE_14
mesh_6_2                            1932.7140      1.4    1900.9620    31.7520  0.0000  PE_13
mesh_6_3                            1934.6040      1.5    1902.8520    31.7520  0.0000  PE_12
mesh_6_4                            1946.8260      1.5    1915.0740    31.7520  0.0000  PE_11
mesh_6_5                            1953.1260      1.5    1921.7520    31.3740  0.0000  PE_10
mesh_6_6                            1922.2560      1.4    1890.8820    31.3740  0.0000  PE_9
mesh_6_7                            1967.3640      1.5    1935.9900    31.3740  0.0000  PE_8
mesh_7_0                            2016.6300      1.5    1986.0120    30.6180  0.0000  PE_7
mesh_7_1                            1933.7220      1.4    1902.7260    30.9960  0.0000  PE_6
mesh_7_2                            1927.9260      1.4    1896.5520    31.3740  0.0000  PE_5
mesh_7_3                            1937.3760      1.5    1906.0020    31.3740  0.0000  PE_4
mesh_7_4                            1920.3660      1.4    1888.9920    31.3740  0.0000  PE_3
mesh_7_5                            1936.4940      1.5    1905.1200    31.3740  0.0000  PE_2
mesh_7_6                            1938.7620      1.5    1907.0100    31.7520  0.0000  PE_1
mesh_7_7                            1987.2720      1.5    1956.6540    30.6180  0.0000  PE_0
--------------------------------  -----------  -------  -----------  ---------  ------  ---------
Total                                                   125239.7158  8126.9999  0.0000

1
