 
****************************************
Report : power
        -hier
        -analysis_effort low
Design : SystolicArray
Version: V-2023.12
Date   : Mon Apr  6 09:06:16 2026
****************************************


Library(s) Used:

    tcbn28hpcplusbwp30p140ffg0p99v0c_ccs (File: /hpc/Tech/TSMC/digital/N28/digital/Front_End/timing_power_noise/CCS/tcbn28hpcplusbwp30p140_180a/tcbn28hpcplusbwp30p140ffg0p99v0c_ccs.db)


Operating Conditions: ffg0p99v0c   Library: tcbn28hpcplusbwp30p140ffg0p99v0c_ccs
Wire Load Model Mode: segmented

Design        Wire Load Model            Library
------------------------------------------------
SystolicArray          ZeroWireload      tcbn28hpcplusbwp30p140ffg0p99v0c_ccs
PE_255                 ZeroWireload      tcbn28hpcplusbwp30p140ffg0p99v0c_ccs
PE_240                 ZeroWireload      tcbn28hpcplusbwp30p140ffg0p99v0c_ccs
PE_1                   ZeroWireload      tcbn28hpcplusbwp30p140ffg0p99v0c_ccs
PE_2                   ZeroWireload      tcbn28hpcplusbwp30p140ffg0p99v0c_ccs
PE_3                   ZeroWireload      tcbn28hpcplusbwp30p140ffg0p99v0c_ccs
PE_4                   ZeroWireload      tcbn28hpcplusbwp30p140ffg0p99v0c_ccs
PE_5                   ZeroWireload      tcbn28hpcplusbwp30p140ffg0p99v0c_ccs
PE_6                   ZeroWireload      tcbn28hpcplusbwp30p140ffg0p99v0c_ccs
PE_7                   ZeroWireload      tcbn28hpcplusbwp30p140ffg0p99v0c_ccs
PE_8                   ZeroWireload      tcbn28hpcplusbwp30p140ffg0p99v0c_ccs
PE_9                   ZeroWireload      tcbn28hpcplusbwp30p140ffg0p99v0c_ccs
PE_10                  ZeroWireload      tcbn28hpcplusbwp30p140ffg0p99v0c_ccs
PE_11                  ZeroWireload      tcbn28hpcplusbwp30p140ffg0p99v0c_ccs
PE_12                  ZeroWireload      tcbn28hpcplusbwp30p140ffg0p99v0c_ccs
PE_13                  ZeroWireload      tcbn28hpcplusbwp30p140ffg0p99v0c_ccs
PE_14                  ZeroWireload      tcbn28hpcplusbwp30p140ffg0p99v0c_ccs
PE_15                  ZeroWireload      tcbn28hpcplusbwp30p140ffg0p99v0c_ccs
PE_17                  ZeroWireload      tcbn28hpcplusbwp30p140ffg0p99v0c_ccs
PE_18                  ZeroWireload      tcbn28hpcplusbwp30p140ffg0p99v0c_ccs
PE_19                  ZeroWireload      tcbn28hpcplusbwp30p140ffg0p99v0c_ccs
PE_20                  ZeroWireload      tcbn28hpcplusbwp30p140ffg0p99v0c_ccs
PE_21                  ZeroWireload      tcbn28hpcplusbwp30p140ffg0p99v0c_ccs
PE_22                  ZeroWireload      tcbn28hpcplusbwp30p140ffg0p99v0c_ccs
PE_23                  ZeroWireload      tcbn28hpcplusbwp30p140ffg0p99v0c_ccs
PE_24                  ZeroWireload      tcbn28hpcplusbwp30p140ffg0p99v0c_ccs
PE_25                  ZeroWireload      tcbn28hpcplusbwp30p140ffg0p99v0c_ccs
PE_26                  ZeroWireload      tcbn28hpcplusbwp30p140ffg0p99v0c_ccs
PE_27                  ZeroWireload      tcbn28hpcplusbwp30p140ffg0p99v0c_ccs
PE_28                  ZeroWireload      tcbn28hpcplusbwp30p140ffg0p99v0c_ccs
PE_29                  ZeroWireload      tcbn28hpcplusbwp30p140ffg0p99v0c_ccs
PE_30                  ZeroWireload      tcbn28hpcplusbwp30p140ffg0p99v0c_ccs
PE_31                  ZeroWireload      tcbn28hpcplusbwp30p140ffg0p99v0c_ccs
PE_33                  ZeroWireload      tcbn28hpcplusbwp30p140ffg0p99v0c_ccs
PE_34                  ZeroWireload      tcbn28hpcplusbwp30p140ffg0p99v0c_ccs
PE_35                  ZeroWireload      tcbn28hpcplusbwp30p140ffg0p99v0c_ccs
PE_36                  ZeroWireload      tcbn28hpcplusbwp30p140ffg0p99v0c_ccs
PE_37                  ZeroWireload      tcbn28hpcplusbwp30p140ffg0p99v0c_ccs
PE_38                  ZeroWireload      tcbn28hpcplusbwp30p140ffg0p99v0c_ccs
PE_39                  ZeroWireload      tcbn28hpcplusbwp30p140ffg0p99v0c_ccs
PE_40                  ZeroWireload      tcbn28hpcplusbwp30p140ffg0p99v0c_ccs
PE_41                  ZeroWireload      tcbn28hpcplusbwp30p140ffg0p99v0c_ccs
PE_42                  ZeroWireload      tcbn28hpcplusbwp30p140ffg0p99v0c_ccs
PE_43                  ZeroWireload      tcbn28hpcplusbwp30p140ffg0p99v0c_ccs
PE_44                  ZeroWireload      tcbn28hpcplusbwp30p140ffg0p99v0c_ccs
PE_45                  ZeroWireload      tcbn28hpcplusbwp30p140ffg0p99v0c_ccs
PE_46                  ZeroWireload      tcbn28hpcplusbwp30p140ffg0p99v0c_ccs
PE_47                  ZeroWireload      tcbn28hpcplusbwp30p140ffg0p99v0c_ccs
PE_49                  ZeroWireload      tcbn28hpcplusbwp30p140ffg0p99v0c_ccs
PE_50                  ZeroWireload      tcbn28hpcplusbwp30p140ffg0p99v0c_ccs
PE_51                  ZeroWireload      tcbn28hpcplusbwp30p140ffg0p99v0c_ccs
PE_52                  ZeroWireload      tcbn28hpcplusbwp30p140ffg0p99v0c_ccs
PE_53                  ZeroWireload      tcbn28hpcplusbwp30p140ffg0p99v0c_ccs
PE_54                  ZeroWireload      tcbn28hpcplusbwp30p140ffg0p99v0c_ccs
PE_55                  ZeroWireload      tcbn28hpcplusbwp30p140ffg0p99v0c_ccs
PE_56                  ZeroWireload      tcbn28hpcplusbwp30p140ffg0p99v0c_ccs
PE_57                  ZeroWireload      tcbn28hpcplusbwp30p140ffg0p99v0c_ccs
PE_58                  ZeroWireload      tcbn28hpcplusbwp30p140ffg0p99v0c_ccs
PE_59                  ZeroWireload      tcbn28hpcplusbwp30p140ffg0p99v0c_ccs
PE_60                  ZeroWireload      tcbn28hpcplusbwp30p140ffg0p99v0c_ccs
PE_61                  ZeroWireload      tcbn28hpcplusbwp30p140ffg0p99v0c_ccs
PE_62                  ZeroWireload      tcbn28hpcplusbwp30p140ffg0p99v0c_ccs
PE_63                  ZeroWireload      tcbn28hpcplusbwp30p140ffg0p99v0c_ccs
PE_65                  ZeroWireload      tcbn28hpcplusbwp30p140ffg0p99v0c_ccs
PE_66                  ZeroWireload      tcbn28hpcplusbwp30p140ffg0p99v0c_ccs
PE_67                  ZeroWireload      tcbn28hpcplusbwp30p140ffg0p99v0c_ccs
PE_68                  ZeroWireload      tcbn28hpcplusbwp30p140ffg0p99v0c_ccs
PE_69                  ZeroWireload      tcbn28hpcplusbwp30p140ffg0p99v0c_ccs
PE_70                  ZeroWireload      tcbn28hpcplusbwp30p140ffg0p99v0c_ccs
PE_71                  ZeroWireload      tcbn28hpcplusbwp30p140ffg0p99v0c_ccs
PE_72                  ZeroWireload      tcbn28hpcplusbwp30p140ffg0p99v0c_ccs
PE_73                  ZeroWireload      tcbn28hpcplusbwp30p140ffg0p99v0c_ccs
PE_74                  ZeroWireload      tcbn28hpcplusbwp30p140ffg0p99v0c_ccs
PE_75                  ZeroWireload      tcbn28hpcplusbwp30p140ffg0p99v0c_ccs
PE_76                  ZeroWireload      tcbn28hpcplusbwp30p140ffg0p99v0c_ccs
PE_77                  ZeroWireload      tcbn28hpcplusbwp30p140ffg0p99v0c_ccs
PE_78                  ZeroWireload      tcbn28hpcplusbwp30p140ffg0p99v0c_ccs
PE_79                  ZeroWireload      tcbn28hpcplusbwp30p140ffg0p99v0c_ccs
PE_81                  ZeroWireload      tcbn28hpcplusbwp30p140ffg0p99v0c_ccs
PE_82                  ZeroWireload      tcbn28hpcplusbwp30p140ffg0p99v0c_ccs
PE_83                  ZeroWireload      tcbn28hpcplusbwp30p140ffg0p99v0c_ccs
PE_84                  ZeroWireload      tcbn28hpcplusbwp30p140ffg0p99v0c_ccs
PE_85                  ZeroWireload      tcbn28hpcplusbwp30p140ffg0p99v0c_ccs
PE_86                  ZeroWireload      tcbn28hpcplusbwp30p140ffg0p99v0c_ccs
PE_87                  ZeroWireload      tcbn28hpcplusbwp30p140ffg0p99v0c_ccs
PE_88                  ZeroWireload      tcbn28hpcplusbwp30p140ffg0p99v0c_ccs
PE_89                  ZeroWireload      tcbn28hpcplusbwp30p140ffg0p99v0c_ccs
PE_90                  ZeroWireload      tcbn28hpcplusbwp30p140ffg0p99v0c_ccs
PE_91                  ZeroWireload      tcbn28hpcplusbwp30p140ffg0p99v0c_ccs
PE_92                  ZeroWireload      tcbn28hpcplusbwp30p140ffg0p99v0c_ccs
PE_93                  ZeroWireload      tcbn28hpcplusbwp30p140ffg0p99v0c_ccs
PE_94                  ZeroWireload      tcbn28hpcplusbwp30p140ffg0p99v0c_ccs
PE_95                  ZeroWireload      tcbn28hpcplusbwp30p140ffg0p99v0c_ccs
PE_97                  ZeroWireload      tcbn28hpcplusbwp30p140ffg0p99v0c_ccs
PE_98                  ZeroWireload      tcbn28hpcplusbwp30p140ffg0p99v0c_ccs
PE_99                  ZeroWireload      tcbn28hpcplusbwp30p140ffg0p99v0c_ccs
PE_100                 ZeroWireload      tcbn28hpcplusbwp30p140ffg0p99v0c_ccs
PE_101                 ZeroWireload      tcbn28hpcplusbwp30p140ffg0p99v0c_ccs
PE_102                 ZeroWireload      tcbn28hpcplusbwp30p140ffg0p99v0c_ccs
PE_103                 ZeroWireload      tcbn28hpcplusbwp30p140ffg0p99v0c_ccs
PE_104                 ZeroWireload      tcbn28hpcplusbwp30p140ffg0p99v0c_ccs
PE_105                 ZeroWireload      tcbn28hpcplusbwp30p140ffg0p99v0c_ccs
PE_106                 ZeroWireload      tcbn28hpcplusbwp30p140ffg0p99v0c_ccs
PE_107                 ZeroWireload      tcbn28hpcplusbwp30p140ffg0p99v0c_ccs
PE_108                 ZeroWireload      tcbn28hpcplusbwp30p140ffg0p99v0c_ccs
PE_109                 ZeroWireload      tcbn28hpcplusbwp30p140ffg0p99v0c_ccs
PE_110                 ZeroWireload      tcbn28hpcplusbwp30p140ffg0p99v0c_ccs
PE_111                 ZeroWireload      tcbn28hpcplusbwp30p140ffg0p99v0c_ccs
PE_113                 ZeroWireload      tcbn28hpcplusbwp30p140ffg0p99v0c_ccs
PE_114                 ZeroWireload      tcbn28hpcplusbwp30p140ffg0p99v0c_ccs
PE_115                 ZeroWireload      tcbn28hpcplusbwp30p140ffg0p99v0c_ccs
PE_116                 ZeroWireload      tcbn28hpcplusbwp30p140ffg0p99v0c_ccs
PE_117                 ZeroWireload      tcbn28hpcplusbwp30p140ffg0p99v0c_ccs
PE_118                 ZeroWireload      tcbn28hpcplusbwp30p140ffg0p99v0c_ccs
PE_119                 ZeroWireload      tcbn28hpcplusbwp30p140ffg0p99v0c_ccs
PE_120                 ZeroWireload      tcbn28hpcplusbwp30p140ffg0p99v0c_ccs
PE_121                 ZeroWireload      tcbn28hpcplusbwp30p140ffg0p99v0c_ccs
PE_122                 ZeroWireload      tcbn28hpcplusbwp30p140ffg0p99v0c_ccs
PE_123                 ZeroWireload      tcbn28hpcplusbwp30p140ffg0p99v0c_ccs
PE_124                 ZeroWireload      tcbn28hpcplusbwp30p140ffg0p99v0c_ccs
PE_125                 ZeroWireload      tcbn28hpcplusbwp30p140ffg0p99v0c_ccs
PE_126                 ZeroWireload      tcbn28hpcplusbwp30p140ffg0p99v0c_ccs
PE_127                 ZeroWireload      tcbn28hpcplusbwp30p140ffg0p99v0c_ccs
PE_129                 ZeroWireload      tcbn28hpcplusbwp30p140ffg0p99v0c_ccs
PE_130                 ZeroWireload      tcbn28hpcplusbwp30p140ffg0p99v0c_ccs
PE_131                 ZeroWireload      tcbn28hpcplusbwp30p140ffg0p99v0c_ccs
PE_132                 ZeroWireload      tcbn28hpcplusbwp30p140ffg0p99v0c_ccs
PE_133                 ZeroWireload      tcbn28hpcplusbwp30p140ffg0p99v0c_ccs
PE_134                 ZeroWireload      tcbn28hpcplusbwp30p140ffg0p99v0c_ccs
PE_135                 ZeroWireload      tcbn28hpcplusbwp30p140ffg0p99v0c_ccs
PE_136                 ZeroWireload      tcbn28hpcplusbwp30p140ffg0p99v0c_ccs
PE_137                 ZeroWireload      tcbn28hpcplusbwp30p140ffg0p99v0c_ccs
PE_138                 ZeroWireload      tcbn28hpcplusbwp30p140ffg0p99v0c_ccs
PE_139                 ZeroWireload      tcbn28hpcplusbwp30p140ffg0p99v0c_ccs
PE_140                 ZeroWireload      tcbn28hpcplusbwp30p140ffg0p99v0c_ccs
PE_141                 ZeroWireload      tcbn28hpcplusbwp30p140ffg0p99v0c_ccs
PE_142                 ZeroWireload      tcbn28hpcplusbwp30p140ffg0p99v0c_ccs
PE_143                 ZeroWireload      tcbn28hpcplusbwp30p140ffg0p99v0c_ccs
PE_145                 ZeroWireload      tcbn28hpcplusbwp30p140ffg0p99v0c_ccs
PE_146                 ZeroWireload      tcbn28hpcplusbwp30p140ffg0p99v0c_ccs
PE_147                 ZeroWireload      tcbn28hpcplusbwp30p140ffg0p99v0c_ccs
PE_148                 ZeroWireload      tcbn28hpcplusbwp30p140ffg0p99v0c_ccs
PE_149                 ZeroWireload      tcbn28hpcplusbwp30p140ffg0p99v0c_ccs
PE_150                 ZeroWireload      tcbn28hpcplusbwp30p140ffg0p99v0c_ccs
PE_151                 ZeroWireload      tcbn28hpcplusbwp30p140ffg0p99v0c_ccs
PE_152                 ZeroWireload      tcbn28hpcplusbwp30p140ffg0p99v0c_ccs
PE_153                 ZeroWireload      tcbn28hpcplusbwp30p140ffg0p99v0c_ccs
PE_154                 ZeroWireload      tcbn28hpcplusbwp30p140ffg0p99v0c_ccs
PE_155                 ZeroWireload      tcbn28hpcplusbwp30p140ffg0p99v0c_ccs
PE_156                 ZeroWireload      tcbn28hpcplusbwp30p140ffg0p99v0c_ccs
PE_157                 ZeroWireload      tcbn28hpcplusbwp30p140ffg0p99v0c_ccs
PE_158                 ZeroWireload      tcbn28hpcplusbwp30p140ffg0p99v0c_ccs
PE_159                 ZeroWireload      tcbn28hpcplusbwp30p140ffg0p99v0c_ccs
PE_161                 ZeroWireload      tcbn28hpcplusbwp30p140ffg0p99v0c_ccs
PE_162                 ZeroWireload      tcbn28hpcplusbwp30p140ffg0p99v0c_ccs
PE_163                 ZeroWireload      tcbn28hpcplusbwp30p140ffg0p99v0c_ccs
PE_164                 ZeroWireload      tcbn28hpcplusbwp30p140ffg0p99v0c_ccs
PE_165                 ZeroWireload      tcbn28hpcplusbwp30p140ffg0p99v0c_ccs
PE_166                 ZeroWireload      tcbn28hpcplusbwp30p140ffg0p99v0c_ccs
PE_167                 ZeroWireload      tcbn28hpcplusbwp30p140ffg0p99v0c_ccs
PE_168                 ZeroWireload      tcbn28hpcplusbwp30p140ffg0p99v0c_ccs
PE_169                 ZeroWireload      tcbn28hpcplusbwp30p140ffg0p99v0c_ccs
PE_170                 ZeroWireload      tcbn28hpcplusbwp30p140ffg0p99v0c_ccs
PE_171                 ZeroWireload      tcbn28hpcplusbwp30p140ffg0p99v0c_ccs
PE_172                 ZeroWireload      tcbn28hpcplusbwp30p140ffg0p99v0c_ccs
PE_173                 ZeroWireload      tcbn28hpcplusbwp30p140ffg0p99v0c_ccs
PE_174                 ZeroWireload      tcbn28hpcplusbwp30p140ffg0p99v0c_ccs
PE_175                 ZeroWireload      tcbn28hpcplusbwp30p140ffg0p99v0c_ccs
PE_177                 ZeroWireload      tcbn28hpcplusbwp30p140ffg0p99v0c_ccs
PE_178                 ZeroWireload      tcbn28hpcplusbwp30p140ffg0p99v0c_ccs
PE_179                 ZeroWireload      tcbn28hpcplusbwp30p140ffg0p99v0c_ccs
PE_180                 ZeroWireload      tcbn28hpcplusbwp30p140ffg0p99v0c_ccs
PE_181                 ZeroWireload      tcbn28hpcplusbwp30p140ffg0p99v0c_ccs
PE_182                 ZeroWireload      tcbn28hpcplusbwp30p140ffg0p99v0c_ccs
PE_183                 ZeroWireload      tcbn28hpcplusbwp30p140ffg0p99v0c_ccs
PE_184                 ZeroWireload      tcbn28hpcplusbwp30p140ffg0p99v0c_ccs
PE_185                 ZeroWireload      tcbn28hpcplusbwp30p140ffg0p99v0c_ccs
PE_186                 ZeroWireload      tcbn28hpcplusbwp30p140ffg0p99v0c_ccs
PE_187                 ZeroWireload      tcbn28hpcplusbwp30p140ffg0p99v0c_ccs
PE_188                 ZeroWireload      tcbn28hpcplusbwp30p140ffg0p99v0c_ccs
PE_189                 ZeroWireload      tcbn28hpcplusbwp30p140ffg0p99v0c_ccs
PE_190                 ZeroWireload      tcbn28hpcplusbwp30p140ffg0p99v0c_ccs
PE_191                 ZeroWireload      tcbn28hpcplusbwp30p140ffg0p99v0c_ccs
PE_193                 ZeroWireload      tcbn28hpcplusbwp30p140ffg0p99v0c_ccs
PE_194                 ZeroWireload      tcbn28hpcplusbwp30p140ffg0p99v0c_ccs
PE_195                 ZeroWireload      tcbn28hpcplusbwp30p140ffg0p99v0c_ccs
PE_196                 ZeroWireload      tcbn28hpcplusbwp30p140ffg0p99v0c_ccs
PE_197                 ZeroWireload      tcbn28hpcplusbwp30p140ffg0p99v0c_ccs
PE_198                 ZeroWireload      tcbn28hpcplusbwp30p140ffg0p99v0c_ccs
PE_199                 ZeroWireload      tcbn28hpcplusbwp30p140ffg0p99v0c_ccs
PE_200                 ZeroWireload      tcbn28hpcplusbwp30p140ffg0p99v0c_ccs
PE_201                 ZeroWireload      tcbn28hpcplusbwp30p140ffg0p99v0c_ccs
PE_202                 ZeroWireload      tcbn28hpcplusbwp30p140ffg0p99v0c_ccs
PE_203                 ZeroWireload      tcbn28hpcplusbwp30p140ffg0p99v0c_ccs
PE_204                 ZeroWireload      tcbn28hpcplusbwp30p140ffg0p99v0c_ccs
PE_205                 ZeroWireload      tcbn28hpcplusbwp30p140ffg0p99v0c_ccs
PE_206                 ZeroWireload      tcbn28hpcplusbwp30p140ffg0p99v0c_ccs
PE_207                 ZeroWireload      tcbn28hpcplusbwp30p140ffg0p99v0c_ccs
PE_209                 ZeroWireload      tcbn28hpcplusbwp30p140ffg0p99v0c_ccs
PE_210                 ZeroWireload      tcbn28hpcplusbwp30p140ffg0p99v0c_ccs
PE_211                 ZeroWireload      tcbn28hpcplusbwp30p140ffg0p99v0c_ccs
PE_212                 ZeroWireload      tcbn28hpcplusbwp30p140ffg0p99v0c_ccs
PE_213                 ZeroWireload      tcbn28hpcplusbwp30p140ffg0p99v0c_ccs
PE_214                 ZeroWireload      tcbn28hpcplusbwp30p140ffg0p99v0c_ccs
PE_215                 ZeroWireload      tcbn28hpcplusbwp30p140ffg0p99v0c_ccs
PE_216                 ZeroWireload      tcbn28hpcplusbwp30p140ffg0p99v0c_ccs
PE_217                 ZeroWireload      tcbn28hpcplusbwp30p140ffg0p99v0c_ccs
PE_218                 ZeroWireload      tcbn28hpcplusbwp30p140ffg0p99v0c_ccs
PE_219                 ZeroWireload      tcbn28hpcplusbwp30p140ffg0p99v0c_ccs
PE_220                 ZeroWireload      tcbn28hpcplusbwp30p140ffg0p99v0c_ccs
PE_221                 ZeroWireload      tcbn28hpcplusbwp30p140ffg0p99v0c_ccs
PE_222                 ZeroWireload      tcbn28hpcplusbwp30p140ffg0p99v0c_ccs
PE_223                 ZeroWireload      tcbn28hpcplusbwp30p140ffg0p99v0c_ccs
PE_225                 ZeroWireload      tcbn28hpcplusbwp30p140ffg0p99v0c_ccs
PE_226                 ZeroWireload      tcbn28hpcplusbwp30p140ffg0p99v0c_ccs
PE_227                 ZeroWireload      tcbn28hpcplusbwp30p140ffg0p99v0c_ccs
PE_228                 ZeroWireload      tcbn28hpcplusbwp30p140ffg0p99v0c_ccs
PE_229                 ZeroWireload      tcbn28hpcplusbwp30p140ffg0p99v0c_ccs
PE_230                 ZeroWireload      tcbn28hpcplusbwp30p140ffg0p99v0c_ccs
PE_231                 ZeroWireload      tcbn28hpcplusbwp30p140ffg0p99v0c_ccs
PE_232                 ZeroWireload      tcbn28hpcplusbwp30p140ffg0p99v0c_ccs
PE_233                 ZeroWireload      tcbn28hpcplusbwp30p140ffg0p99v0c_ccs
PE_234                 ZeroWireload      tcbn28hpcplusbwp30p140ffg0p99v0c_ccs
PE_235                 ZeroWireload      tcbn28hpcplusbwp30p140ffg0p99v0c_ccs
PE_236                 ZeroWireload      tcbn28hpcplusbwp30p140ffg0p99v0c_ccs
PE_237                 ZeroWireload      tcbn28hpcplusbwp30p140ffg0p99v0c_ccs
PE_238                 ZeroWireload      tcbn28hpcplusbwp30p140ffg0p99v0c_ccs
PE_239                 ZeroWireload      tcbn28hpcplusbwp30p140ffg0p99v0c_ccs
PE_241                 ZeroWireload      tcbn28hpcplusbwp30p140ffg0p99v0c_ccs
PE_242                 ZeroWireload      tcbn28hpcplusbwp30p140ffg0p99v0c_ccs
PE_243                 ZeroWireload      tcbn28hpcplusbwp30p140ffg0p99v0c_ccs
PE_244                 ZeroWireload      tcbn28hpcplusbwp30p140ffg0p99v0c_ccs
PE_245                 ZeroWireload      tcbn28hpcplusbwp30p140ffg0p99v0c_ccs
PE_246                 ZeroWireload      tcbn28hpcplusbwp30p140ffg0p99v0c_ccs
PE_247                 ZeroWireload      tcbn28hpcplusbwp30p140ffg0p99v0c_ccs
PE_248                 ZeroWireload      tcbn28hpcplusbwp30p140ffg0p99v0c_ccs
PE_249                 ZeroWireload      tcbn28hpcplusbwp30p140ffg0p99v0c_ccs
PE_250                 ZeroWireload      tcbn28hpcplusbwp30p140ffg0p99v0c_ccs
PE_251                 ZeroWireload      tcbn28hpcplusbwp30p140ffg0p99v0c_ccs
PE_252                 ZeroWireload      tcbn28hpcplusbwp30p140ffg0p99v0c_ccs
PE_253                 ZeroWireload      tcbn28hpcplusbwp30p140ffg0p99v0c_ccs
PE_254                 ZeroWireload      tcbn28hpcplusbwp30p140ffg0p99v0c_ccs
PE_0                   ZeroWireload      tcbn28hpcplusbwp30p140ffg0p99v0c_ccs
PE_16                  ZeroWireload      tcbn28hpcplusbwp30p140ffg0p99v0c_ccs
PE_32                  ZeroWireload      tcbn28hpcplusbwp30p140ffg0p99v0c_ccs
PE_48                  ZeroWireload      tcbn28hpcplusbwp30p140ffg0p99v0c_ccs
PE_64                  ZeroWireload      tcbn28hpcplusbwp30p140ffg0p99v0c_ccs
PE_80                  ZeroWireload      tcbn28hpcplusbwp30p140ffg0p99v0c_ccs
PE_96                  ZeroWireload      tcbn28hpcplusbwp30p140ffg0p99v0c_ccs
PE_112                 ZeroWireload      tcbn28hpcplusbwp30p140ffg0p99v0c_ccs
PE_128                 ZeroWireload      tcbn28hpcplusbwp30p140ffg0p99v0c_ccs
PE_144                 ZeroWireload      tcbn28hpcplusbwp30p140ffg0p99v0c_ccs
PE_160                 ZeroWireload      tcbn28hpcplusbwp30p140ffg0p99v0c_ccs
PE_176                 ZeroWireload      tcbn28hpcplusbwp30p140ffg0p99v0c_ccs
PE_192                 ZeroWireload      tcbn28hpcplusbwp30p140ffg0p99v0c_ccs
PE_208                 ZeroWireload      tcbn28hpcplusbwp30p140ffg0p99v0c_ccs
PE_224                 ZeroWireload      tcbn28hpcplusbwp30p140ffg0p99v0c_ccs


Global Operating Voltage = 0.99 
Power-specific unit information :
    Voltage Units = 1V
    Capacitance Units = 1.000000pf
    Time Units = 1ns
    Dynamic Power Units = 1mW    (derived from V,C,T units)
    Leakage Power Units = 1nW


--------------------------------------------------------------------------------
                                       Switch   Int      Leak     Total
Hierarchy                              Power    Power    Power    Power    %
--------------------------------------------------------------------------------
SystolicArray                             4.471   34.522 9.70e+05   39.963 100.0
  pes_15_15 (PE_0)                     2.63e-03 8.99e-02 3.59e+03 9.61e-02   0.2
  pes_14_15 (PE_1)                     4.07e-03    0.121 3.78e+03    0.129   0.3
  pes_13_15 (PE_2)                     4.26e-03    0.121 3.79e+03    0.129   0.3
  pes_12_15 (PE_3)                     4.77e-03    0.121 3.79e+03    0.130   0.3
  pes_11_15 (PE_4)                     5.32e-03    0.125 3.79e+03    0.134   0.3
  pes_10_15 (PE_5)                     6.18e-03    0.125 3.80e+03    0.135   0.3
  pes_9_15 (PE_6)                      6.85e-03    0.125 3.78e+03    0.136   0.3
  pes_8_15 (PE_7)                      7.84e-03    0.127 3.84e+03    0.138   0.3
  pes_7_15 (PE_8)                      9.30e-03    0.126 3.82e+03    0.140   0.3
  pes_6_15 (PE_9)                      1.09e-02    0.131 3.80e+03    0.145   0.4
  pes_5_15 (PE_10)                     1.32e-02    0.133 3.90e+03    0.150   0.4
  pes_4_15 (PE_11)                     1.58e-02    0.135 3.83e+03    0.154   0.4
  pes_3_15 (PE_12)                     1.97e-02    0.140 3.79e+03    0.163   0.4
  pes_2_15 (PE_13)                     2.41e-02    0.144 3.80e+03    0.172   0.4
  pes_1_15 (PE_14)                     2.95e-02    0.152 3.83e+03    0.185   0.5
  pes_0_15 (PE_15)                     3.98e-02    0.165 3.81e+03    0.209   0.5
  pes_15_14 (PE_16)                    2.37e-03 8.96e-02 3.60e+03 9.56e-02   0.2
  pes_14_14 (PE_17)                    3.70e-03    0.120 3.76e+03    0.127   0.3
  pes_13_14 (PE_18)                    4.12e-03    0.122 3.80e+03    0.130   0.3
  pes_12_14 (PE_19)                    4.61e-03    0.121 3.82e+03    0.129   0.3
  pes_11_14 (PE_20)                    5.09e-03    0.122 3.76e+03    0.131   0.3
  pes_10_14 (PE_21)                    5.61e-03    0.124 3.81e+03    0.133   0.3
  pes_9_14 (PE_22)                     6.50e-03    0.123 3.80e+03    0.133   0.3
  pes_8_14 (PE_23)                     7.65e-03    0.128 3.80e+03    0.139   0.3
  pes_7_14 (PE_24)                     9.03e-03    0.128 3.84e+03    0.140   0.4
  pes_6_14 (PE_25)                     1.05e-02    0.130 3.75e+03    0.144   0.4
  pes_5_14 (PE_26)                     1.29e-02    0.131 3.80e+03    0.148   0.4
  pes_4_14 (PE_27)                     1.58e-02    0.134 3.82e+03    0.154   0.4
  pes_3_14 (PE_28)                     1.92e-02    0.139 3.80e+03    0.162   0.4
  pes_2_14 (PE_29)                     2.33e-02    0.144 3.87e+03    0.172   0.4
  pes_1_14 (PE_30)                     2.79e-02    0.150 3.80e+03    0.182   0.5
  pes_0_14 (PE_31)                     3.90e-02    0.162 3.77e+03    0.204   0.5
  pes_15_13 (PE_32)                    2.55e-03 8.99e-02 3.60e+03 9.60e-02   0.2
  pes_14_13 (PE_33)                    3.95e-03    0.122 3.77e+03    0.129   0.3
  pes_13_13 (PE_34)                    4.38e-03    0.122 3.83e+03    0.130   0.3
  pes_12_13 (PE_35)                    4.92e-03    0.123 3.86e+03    0.131   0.3
  pes_11_13 (PE_36)                    5.41e-03    0.124 3.77e+03    0.133   0.3
  pes_10_13 (PE_37)                    6.15e-03    0.124 3.77e+03    0.134   0.3
  pes_9_13 (PE_38)                     6.95e-03    0.126 3.82e+03    0.137   0.3
  pes_8_13 (PE_39)                     8.12e-03    0.126 3.80e+03    0.137   0.3
  pes_7_13 (PE_40)                     9.43e-03    0.127 3.83e+03    0.141   0.4
  pes_6_13 (PE_41)                     1.12e-02    0.129 3.80e+03    0.144   0.4
  pes_5_13 (PE_42)                     1.35e-02    0.131 3.80e+03    0.148   0.4
  pes_4_13 (PE_43)                     1.62e-02    0.135 3.81e+03    0.155   0.4
  pes_3_13 (PE_44)                     1.98e-02    0.139 3.77e+03    0.163   0.4
  pes_2_13 (PE_45)                     2.43e-02    0.144 3.81e+03    0.172   0.4
  pes_1_13 (PE_46)                     3.00e-02    0.152 3.84e+03    0.186   0.5
  pes_0_13 (PE_47)                     4.10e-02    0.163 3.80e+03    0.208   0.5
  pes_15_12 (PE_48)                    2.39e-03 8.97e-02 3.58e+03 9.56e-02   0.2
  pes_14_12 (PE_49)                    3.75e-03    0.121 3.81e+03    0.128   0.3
  pes_13_12 (PE_50)                    4.25e-03    0.123 3.82e+03    0.131   0.3
  pes_12_12 (PE_51)                    4.68e-03    0.122 3.82e+03    0.130   0.3
  pes_11_12 (PE_52)                    5.13e-03    0.124 3.78e+03    0.132   0.3
  pes_10_12 (PE_53)                    5.86e-03    0.124 3.83e+03    0.134   0.3
  pes_9_12 (PE_54)                     6.80e-03    0.124 3.83e+03    0.135   0.3
  pes_8_12 (PE_55)                     7.71e-03    0.126 3.79e+03    0.137   0.3
  pes_7_12 (PE_56)                     9.07e-03    0.126 3.78e+03    0.139   0.3
  pes_6_12 (PE_57)                     1.09e-02    0.130 3.80e+03    0.145   0.4
  pes_5_12 (PE_58)                     1.32e-02    0.132 3.81e+03    0.149   0.4
  pes_4_12 (PE_59)                     1.55e-02    0.134 3.76e+03    0.153   0.4
  pes_3_12 (PE_60)                     1.90e-02    0.137 3.76e+03    0.160   0.4
  pes_2_12 (PE_61)                     2.39e-02    0.145 3.84e+03    0.173   0.4
  pes_1_12 (PE_62)                     2.91e-02    0.152 3.77e+03    0.184   0.5
  pes_0_12 (PE_63)                     3.99e-02    0.163 3.75e+03    0.206   0.5
  pes_15_11 (PE_64)                    2.50e-03 8.98e-02 3.59e+03 9.59e-02   0.2
  pes_14_11 (PE_65)                    3.83e-03    0.121 3.79e+03    0.129   0.3
  pes_13_11 (PE_66)                    4.31e-03    0.122 3.77e+03    0.130   0.3
  pes_12_11 (PE_67)                    4.78e-03    0.122 3.74e+03    0.130   0.3
  pes_11_11 (PE_68)                    5.43e-03    0.124 3.84e+03    0.133   0.3
  pes_10_11 (PE_69)                    6.17e-03    0.123 3.77e+03    0.133   0.3
  pes_9_11 (PE_70)                     6.93e-03    0.125 3.83e+03    0.136   0.3
  pes_8_11 (PE_71)                     8.18e-03    0.127 3.86e+03    0.139   0.3
  pes_7_11 (PE_72)                     9.41e-03    0.128 3.78e+03    0.141   0.4
  pes_6_11 (PE_73)                     1.12e-02    0.130 3.79e+03    0.145   0.4
  pes_5_11 (PE_74)                     1.32e-02    0.131 3.78e+03    0.148   0.4
  pes_4_11 (PE_75)                     1.66e-02    0.135 3.79e+03    0.155   0.4
  pes_3_11 (PE_76)                     1.97e-02    0.139 3.74e+03    0.162   0.4
  pes_2_11 (PE_77)                     2.42e-02    0.143 3.83e+03    0.171   0.4
  pes_1_11 (PE_78)                     3.00e-02    0.152 3.83e+03    0.186   0.5
  pes_0_11 (PE_79)                     4.07e-02    0.163 3.77e+03    0.208   0.5
  pes_15_10 (PE_80)                    2.42e-03 8.97e-02 3.65e+03 9.58e-02   0.2
  pes_14_10 (PE_81)                    3.70e-03    0.120 3.80e+03    0.127   0.3
  pes_13_10 (PE_82)                    4.05e-03    0.121 3.81e+03    0.129   0.3
  pes_12_10 (PE_83)                    4.39e-03    0.123 3.81e+03    0.132   0.3
  pes_11_10 (PE_84)                    4.88e-03    0.123 3.83e+03    0.131   0.3
  pes_10_10 (PE_85)                    5.49e-03    0.123 3.79e+03    0.133   0.3
  pes_9_10 (PE_86)                     6.27e-03    0.123 3.74e+03    0.133   0.3
  pes_8_10 (PE_87)                     7.56e-03    0.126 3.85e+03    0.138   0.3
  pes_7_10 (PE_88)                     8.96e-03    0.128 3.78e+03    0.141   0.4
  pes_6_10 (PE_89)                     1.08e-02    0.128 3.89e+03    0.143   0.4
  pes_5_10 (PE_90)                     1.33e-02    0.133 3.88e+03    0.150   0.4
  pes_4_10 (PE_91)                     1.59e-02    0.135 3.77e+03    0.155   0.4
  pes_3_10 (PE_92)                     1.95e-02    0.140 3.79e+03    0.163   0.4
  pes_2_10 (PE_93)                     2.40e-02    0.144 3.81e+03    0.172   0.4
  pes_1_10 (PE_94)                     3.02e-02    0.153 3.82e+03    0.187   0.5
  pes_0_10 (PE_95)                     4.04e-02    0.165 3.79e+03    0.209   0.5
  pes_15_9 (PE_96)                     2.41e-03 8.97e-02 3.62e+03 9.57e-02   0.2
  pes_14_9 (PE_97)                     3.80e-03    0.121 3.74e+03    0.128   0.3
  pes_13_9 (PE_98)                     4.20e-03    0.122 3.79e+03    0.130   0.3
  pes_12_9 (PE_99)                     4.80e-03    0.122 3.82e+03    0.131   0.3
  pes_11_9 (PE_100)                    5.31e-03    0.122 3.79e+03    0.131   0.3
  pes_10_9 (PE_101)                    5.94e-03    0.122 3.77e+03    0.132   0.3
  pes_9_9 (PE_102)                     6.93e-03    0.124 3.78e+03    0.134   0.3
  pes_8_9 (PE_103)                     7.94e-03    0.127 3.81e+03    0.138   0.3
  pes_7_9 (PE_104)                     9.20e-03    0.128 3.81e+03    0.141   0.4
  pes_6_9 (PE_105)                     1.10e-02    0.128 3.82e+03    0.143   0.4
  pes_5_9 (PE_106)                     1.31e-02    0.131 3.83e+03    0.148   0.4
  pes_4_9 (PE_107)                     1.58e-02    0.134 3.79e+03    0.154   0.4
  pes_3_9 (PE_108)                     1.96e-02    0.140 3.84e+03    0.164   0.4
  pes_2_9 (PE_109)                     2.45e-02    0.145 3.85e+03    0.173   0.4
  pes_1_9 (PE_110)                     2.94e-02    0.153 3.85e+03    0.186   0.5
  pes_0_9 (PE_111)                     4.06e-02    0.162 3.77e+03    0.207   0.5
  pes_15_8 (PE_112)                    2.60e-03 8.99e-02 3.57e+03 9.60e-02   0.2
  pes_14_8 (PE_113)                    3.92e-03    0.121 3.81e+03    0.129   0.3
  pes_13_8 (PE_114)                    4.26e-03    0.122 3.81e+03    0.130   0.3
  pes_12_8 (PE_115)                    4.79e-03    0.122 3.75e+03    0.130   0.3
  pes_11_8 (PE_116)                    5.28e-03    0.124 3.79e+03    0.133   0.3
  pes_10_8 (PE_117)                    6.08e-03    0.123 3.79e+03    0.133   0.3
  pes_9_8 (PE_118)                     6.96e-03    0.126 3.81e+03    0.136   0.3
  pes_8_8 (PE_119)                     7.99e-03    0.125 3.81e+03    0.137   0.3
  pes_7_8 (PE_120)                     9.56e-03    0.127 3.81e+03    0.140   0.4
  pes_6_8 (PE_121)                     1.10e-02    0.129 3.80e+03    0.144   0.4
  pes_5_8 (PE_122)                     1.30e-02    0.133 3.86e+03    0.149   0.4
  pes_4_8 (PE_123)                     1.58e-02    0.136 3.83e+03    0.156   0.4
  pes_3_8 (PE_124)                     1.94e-02    0.138 3.80e+03    0.161   0.4
  pes_2_8 (PE_125)                     2.39e-02    0.145 3.87e+03    0.173   0.4
  pes_1_8 (PE_126)                     2.96e-02    0.151 3.82e+03    0.184   0.5
  pes_0_8 (PE_127)                     4.00e-02    0.164 3.79e+03    0.208   0.5
  pes_15_7 (PE_128)                    2.68e-03 9.00e-02 3.60e+03 9.62e-02   0.2
  pes_14_7 (PE_129)                    4.00e-03    0.120 3.80e+03    0.128   0.3
  pes_13_7 (PE_130)                    4.33e-03    0.122 3.85e+03    0.130   0.3
  pes_12_7 (PE_131)                    4.77e-03    0.123 3.80e+03    0.132   0.3
  pes_11_7 (PE_132)                    5.36e-03    0.124 3.82e+03    0.133   0.3
  pes_10_7 (PE_133)                    5.84e-03    0.124 3.82e+03    0.133   0.3
  pes_9_7 (PE_134)                     6.55e-03    0.124 3.78e+03    0.134   0.3
  pes_8_7 (PE_135)                     7.68e-03    0.126 3.82e+03    0.138   0.3
  pes_7_7 (PE_136)                     9.07e-03    0.126 3.84e+03    0.139   0.3
  pes_6_7 (PE_137)                     1.06e-02    0.128 3.77e+03    0.142   0.4
  pes_5_7 (PE_138)                     1.27e-02    0.132 3.76e+03    0.149   0.4
  pes_4_7 (PE_139)                     1.54e-02    0.133 3.82e+03    0.153   0.4
  pes_3_7 (PE_140)                     1.93e-02    0.140 3.81e+03    0.163   0.4
  pes_2_7 (PE_141)                     2.41e-02    0.143 3.80e+03    0.171   0.4
  pes_1_7 (PE_142)                     2.98e-02    0.153 3.81e+03    0.186   0.5
  pes_0_7 (PE_143)                     4.09e-02    0.164 3.81e+03    0.208   0.5
  pes_15_6 (PE_144)                    2.80e-03 9.01e-02 3.62e+03 9.65e-02   0.2
  pes_14_6 (PE_145)                    4.21e-03    0.121 3.77e+03    0.129   0.3
  pes_13_6 (PE_146)                    4.57e-03    0.123 3.79e+03    0.131   0.3
  pes_12_6 (PE_147)                    4.96e-03    0.123 3.85e+03    0.132   0.3
  pes_11_6 (PE_148)                    5.37e-03    0.124 3.80e+03    0.133   0.3
  pes_10_6 (PE_149)                    5.88e-03    0.125 3.83e+03    0.135   0.3
  pes_9_6 (PE_150)                     6.70e-03    0.124 3.74e+03    0.134   0.3
  pes_8_6 (PE_151)                     7.97e-03    0.127 3.76e+03    0.139   0.3
  pes_7_6 (PE_152)                     9.39e-03    0.127 3.81e+03    0.140   0.3
  pes_6_6 (PE_153)                     1.12e-02    0.129 3.81e+03    0.144   0.4
  pes_5_6 (PE_154)                     1.36e-02    0.132 3.80e+03    0.150   0.4
  pes_4_6 (PE_155)                     1.65e-02    0.135 3.80e+03    0.155   0.4
  pes_3_6 (PE_156)                     2.03e-02    0.141 3.79e+03    0.165   0.4
  pes_2_6 (PE_157)                     2.48e-02    0.145 3.81e+03    0.174   0.4
  pes_1_6 (PE_158)                     3.07e-02    0.151 3.90e+03    0.185   0.5
  pes_0_6 (PE_159)                     4.15e-02    0.162 3.78e+03    0.207   0.5
  pes_15_5 (PE_160)                    2.76e-03 9.00e-02 3.66e+03 9.65e-02   0.2
  pes_14_5 (PE_161)                    4.07e-03    0.120 3.79e+03    0.128   0.3
  pes_13_5 (PE_162)                    4.39e-03    0.121 3.82e+03    0.130   0.3
  pes_12_5 (PE_163)                    4.76e-03    0.121 3.78e+03    0.130   0.3
  pes_11_5 (PE_164)                    5.18e-03    0.123 3.79e+03    0.132   0.3
  pes_10_5 (PE_165)                    5.84e-03    0.123 3.76e+03    0.132   0.3
  pes_9_5 (PE_166)                     6.91e-03    0.125 3.79e+03    0.136   0.3
  pes_8_5 (PE_167)                     7.83e-03    0.125 3.78e+03    0.137   0.3
  pes_7_5 (PE_168)                     9.18e-03    0.129 3.86e+03    0.142   0.4
  pes_6_5 (PE_169)                     1.09e-02    0.130 3.82e+03    0.145   0.4
  pes_5_5 (PE_170)                     1.30e-02    0.131 3.81e+03    0.148   0.4
  pes_4_5 (PE_171)                     1.60e-02    0.135 3.82e+03    0.155   0.4
  pes_3_5 (PE_172)                     1.94e-02    0.138 3.76e+03    0.161   0.4
  pes_2_5 (PE_173)                     2.36e-02    0.144 3.84e+03    0.172   0.4
  pes_1_5 (PE_174)                     2.90e-02    0.150 3.83e+03    0.182   0.5
  pes_0_5 (PE_175)                     3.98e-02    0.163 3.80e+03    0.206   0.5
  pes_15_4 (PE_176)                    3.85e-03 9.12e-02 3.67e+03 9.87e-02   0.2
  pes_14_4 (PE_177)                    5.26e-03    0.122 3.84e+03    0.131   0.3
  pes_13_4 (PE_178)                    5.54e-03    0.122 3.78e+03    0.131   0.3
  pes_12_4 (PE_179)                    6.12e-03    0.123 3.83e+03    0.133   0.3
  pes_11_4 (PE_180)                    6.59e-03    0.123 3.77e+03    0.134   0.3
  pes_10_4 (PE_181)                    7.20e-03    0.125 3.75e+03    0.136   0.3
  pes_9_4 (PE_182)                     7.97e-03    0.127 3.81e+03    0.139   0.3
  pes_8_4 (PE_183)                     9.11e-03    0.129 3.83e+03    0.142   0.4
  pes_7_4 (PE_184)                     1.04e-02    0.127 3.78e+03    0.141   0.4
  pes_6_4 (PE_185)                     1.20e-02    0.131 3.83e+03    0.147   0.4
  pes_5_4 (PE_186)                     1.42e-02    0.132 3.81e+03    0.150   0.4
  pes_4_4 (PE_187)                     1.68e-02    0.137 3.86e+03    0.157   0.4
  pes_3_4 (PE_188)                     2.03e-02    0.141 3.82e+03    0.165   0.4
  pes_2_4 (PE_189)                     2.49e-02    0.146 3.87e+03    0.175   0.4
  pes_1_4 (PE_190)                     3.03e-02    0.153 3.83e+03    0.187   0.5
  pes_0_4 (PE_191)                     4.02e-02    0.163 3.75e+03    0.207   0.5
  pes_15_3 (PE_192)                    5.54e-03 9.30e-02 3.59e+03    0.102   0.3
  pes_14_3 (PE_193)                    7.09e-03    0.124 3.81e+03    0.135   0.3
  pes_13_3 (PE_194)                    7.35e-03    0.124 3.73e+03    0.135   0.3
  pes_12_3 (PE_195)                    7.89e-03    0.126 3.79e+03    0.137   0.3
  pes_11_3 (PE_196)                    8.32e-03    0.126 3.78e+03    0.138   0.3
  pes_10_3 (PE_197)                    8.85e-03    0.126 3.80e+03    0.139   0.3
  pes_9_3 (PE_198)                     9.99e-03    0.129 3.84e+03    0.143   0.4
  pes_8_3 (PE_199)                     1.07e-02    0.129 3.77e+03    0.143   0.4
  pes_7_3 (PE_200)                     1.21e-02    0.131 3.78e+03    0.146   0.4
  pes_6_3 (PE_201)                     1.38e-02    0.133 3.82e+03    0.151   0.4
  pes_5_3 (PE_202)                     1.58e-02    0.134 3.81e+03    0.154   0.4
  pes_4_3 (PE_203)                     1.85e-02    0.136 3.72e+03    0.159   0.4
  pes_3_3 (PE_204)                     2.23e-02    0.144 3.90e+03    0.170   0.4
  pes_2_3 (PE_205)                     2.63e-02    0.148 3.85e+03    0.178   0.4
  pes_1_3 (PE_206)                     3.10e-02    0.151 3.81e+03    0.186   0.5
  pes_0_3 (PE_207)                     4.12e-02    0.164 3.79e+03    0.209   0.5
  pes_15_2 (PE_208)                    9.39e-03 9.72e-02 3.61e+03    0.110   0.3
  pes_14_2 (PE_209)                    1.09e-02    0.129 3.84e+03    0.143   0.4
  pes_13_2 (PE_210)                    1.10e-02    0.130 3.78e+03    0.144   0.4
  pes_12_2 (PE_211)                    1.14e-02    0.130 3.79e+03    0.146   0.4
  pes_11_2 (PE_212)                    1.21e-02    0.132 3.82e+03    0.148   0.4
  pes_10_2 (PE_213)                    1.26e-02    0.131 3.75e+03    0.147   0.4
  pes_9_2 (PE_214)                     1.36e-02    0.132 3.82e+03    0.150   0.4
  pes_8_2 (PE_215)                     1.47e-02    0.133 3.80e+03    0.151   0.4
  pes_7_2 (PE_216)                     1.57e-02    0.134 3.76e+03    0.154   0.4
  pes_6_2 (PE_217)                     1.76e-02    0.137 3.79e+03    0.159   0.4
  pes_5_2 (PE_218)                     1.97e-02    0.139 3.82e+03    0.162   0.4
  pes_4_2 (PE_219)                     2.19e-02    0.142 3.79e+03    0.168   0.4
  pes_3_2 (PE_220)                     2.50e-02    0.147 3.81e+03    0.175   0.4
  pes_2_2 (PE_221)                     2.93e-02    0.152 3.84e+03    0.185   0.5
  pes_1_2 (PE_222)                     3.39e-02    0.156 3.82e+03    0.194   0.5
  pes_0_2 (PE_223)                     4.46e-02    0.168 3.82e+03    0.216   0.5
  pes_15_1 (PE_224)                    2.06e-02    0.109 3.63e+03    0.134   0.3
  pes_14_1 (PE_225)                    2.25e-02    0.141 3.75e+03    0.167   0.4
  pes_13_1 (PE_226)                    2.28e-02    0.142 3.86e+03    0.168   0.4
  pes_12_1 (PE_227)                    2.30e-02    0.143 3.79e+03    0.170   0.4
  pes_11_1 (PE_228)                    2.35e-02    0.143 3.81e+03    0.170   0.4
  pes_10_1 (PE_229)                    2.42e-02    0.144 3.79e+03    0.172   0.4
  pes_9_1 (PE_230)                     2.52e-02    0.147 3.83e+03    0.176   0.4
  pes_8_1 (PE_231)                     2.68e-02    0.147 3.82e+03    0.177   0.4
  pes_7_1 (PE_232)                     2.80e-02    0.147 3.77e+03    0.179   0.4
  pes_6_1 (PE_233)                     2.97e-02    0.149 3.81e+03    0.183   0.5
  pes_5_1 (PE_234)                     3.09e-02    0.153 3.82e+03    0.188   0.5
  pes_4_1 (PE_235)                     3.42e-02    0.154 3.82e+03    0.192   0.5
  pes_3_1 (PE_236)                     3.65e-02    0.157 3.78e+03    0.197   0.5
  pes_2_1 (PE_237)                     4.07e-02    0.162 3.83e+03    0.207   0.5
  pes_1_1 (PE_238)                     4.42e-02    0.168 3.78e+03    0.216   0.5
  pes_0_1 (PE_239)                     5.61e-02    0.178 3.76e+03    0.238   0.6
  pes_15 (PE_240)                      4.80e-02    0.142 3.58e+03    0.194   0.5
  pes_14 (PE_241)                      4.88e-02    0.172 3.67e+03    0.224   0.6
  pes_13 (PE_242)                      5.16e-02    0.175 3.78e+03    0.231   0.6
  pes_12 (PE_243)                      5.11e-02    0.176 3.75e+03    0.230   0.6
  pes_11 (PE_244)                      5.17e-02    0.177 3.77e+03    0.232   0.6
  pes_10 (PE_245)                      5.28e-02    0.178 3.78e+03    0.234   0.6
  pes_9 (PE_246)                       5.40e-02    0.178 3.77e+03    0.236   0.6
  pes_8 (PE_247)                       5.45e-02    0.179 3.76e+03    0.237   0.6
  pes_7 (PE_248)                       5.74e-02    0.181 3.77e+03    0.242   0.6
  pes_6 (PE_249)                       5.93e-02    0.183 3.81e+03    0.246   0.6
  pes_5 (PE_250)                       5.98e-02    0.184 3.78e+03    0.247   0.6
  pes_4 (PE_251)                       6.34e-02    0.187 3.72e+03    0.254   0.6
  pes_3 (PE_252)                       6.86e-02    0.193 3.79e+03    0.266   0.7
  pes_2 (PE_253)                       7.31e-02    0.199 3.77e+03    0.276   0.7
  pes_1 (PE_254)                       7.98e-02    0.206 3.74e+03    0.289   0.7
  pes_0 (PE_255)                       9.25e-02    0.219 3.73e+03    0.315   0.8
1
