Information: Updating design information... (UID-85)
Warning: Design 'SystolicArray' contains 1 high-fanout nets. A fanout number of 1000 will be used for delay calculations involving these nets. (TIM-134)
 
****************************************
Report : timing
        -path full
        -delay max
        -nets
        -max_paths 1
        -transition_time
Design : SystolicArray
Version: V-2023.12
Date   : Mon Apr  6 09:06:13 2026
****************************************

 # A fanout number of 1000 was used for high fanout net computations.

Operating Conditions: ffg0p99v0c   Library: tcbn28hpcplusbwp30p140ffg0p99v0c_ccs
Wire Load Model Mode: segmented

  Startpoint: pes_12_9/regW_bits_reg[2]
              (rising edge-triggered flip-flop clocked by ideal_clock1)
  Endpoint: pes_13_9/regS_bits_reg[10]
            (rising edge-triggered flip-flop clocked by ideal_clock1)
  Path Group: ideal_clock1
  Path Type: max

  Des/Clust/Port     Wire Load Model       Library
  ------------------------------------------------
  PE_224             ZeroWireload          tcbn28hpcplusbwp30p140ffg0p99v0c_ccs
  PE_208             ZeroWireload          tcbn28hpcplusbwp30p140ffg0p99v0c_ccs
  PE_192             ZeroWireload          tcbn28hpcplusbwp30p140ffg0p99v0c_ccs
  PE_176             ZeroWireload          tcbn28hpcplusbwp30p140ffg0p99v0c_ccs
  PE_160             ZeroWireload          tcbn28hpcplusbwp30p140ffg0p99v0c_ccs
  PE_144             ZeroWireload          tcbn28hpcplusbwp30p140ffg0p99v0c_ccs
  PE_128             ZeroWireload          tcbn28hpcplusbwp30p140ffg0p99v0c_ccs
  PE_112             ZeroWireload          tcbn28hpcplusbwp30p140ffg0p99v0c_ccs
  PE_96              ZeroWireload          tcbn28hpcplusbwp30p140ffg0p99v0c_ccs
  PE_80              ZeroWireload          tcbn28hpcplusbwp30p140ffg0p99v0c_ccs
  PE_64              ZeroWireload          tcbn28hpcplusbwp30p140ffg0p99v0c_ccs
  PE_48              ZeroWireload          tcbn28hpcplusbwp30p140ffg0p99v0c_ccs
  PE_32              ZeroWireload          tcbn28hpcplusbwp30p140ffg0p99v0c_ccs
  PE_16              ZeroWireload          tcbn28hpcplusbwp30p140ffg0p99v0c_ccs
  PE_0               ZeroWireload          tcbn28hpcplusbwp30p140ffg0p99v0c_ccs
  PE_254             ZeroWireload          tcbn28hpcplusbwp30p140ffg0p99v0c_ccs
  PE_253             ZeroWireload          tcbn28hpcplusbwp30p140ffg0p99v0c_ccs
  PE_252             ZeroWireload          tcbn28hpcplusbwp30p140ffg0p99v0c_ccs
  PE_251             ZeroWireload          tcbn28hpcplusbwp30p140ffg0p99v0c_ccs
  PE_250             ZeroWireload          tcbn28hpcplusbwp30p140ffg0p99v0c_ccs
  PE_249             ZeroWireload          tcbn28hpcplusbwp30p140ffg0p99v0c_ccs
  PE_248             ZeroWireload          tcbn28hpcplusbwp30p140ffg0p99v0c_ccs
  PE_247             ZeroWireload          tcbn28hpcplusbwp30p140ffg0p99v0c_ccs
  PE_246             ZeroWireload          tcbn28hpcplusbwp30p140ffg0p99v0c_ccs
  PE_245             ZeroWireload          tcbn28hpcplusbwp30p140ffg0p99v0c_ccs
  PE_244             ZeroWireload          tcbn28hpcplusbwp30p140ffg0p99v0c_ccs
  PE_243             ZeroWireload          tcbn28hpcplusbwp30p140ffg0p99v0c_ccs
  PE_242             ZeroWireload          tcbn28hpcplusbwp30p140ffg0p99v0c_ccs
  PE_241             ZeroWireload          tcbn28hpcplusbwp30p140ffg0p99v0c_ccs
  PE_239             ZeroWireload          tcbn28hpcplusbwp30p140ffg0p99v0c_ccs
  PE_238             ZeroWireload          tcbn28hpcplusbwp30p140ffg0p99v0c_ccs
  PE_237             ZeroWireload          tcbn28hpcplusbwp30p140ffg0p99v0c_ccs
  PE_236             ZeroWireload          tcbn28hpcplusbwp30p140ffg0p99v0c_ccs
  PE_235             ZeroWireload          tcbn28hpcplusbwp30p140ffg0p99v0c_ccs
  PE_234             ZeroWireload          tcbn28hpcplusbwp30p140ffg0p99v0c_ccs
  PE_233             ZeroWireload          tcbn28hpcplusbwp30p140ffg0p99v0c_ccs
  PE_232             ZeroWireload          tcbn28hpcplusbwp30p140ffg0p99v0c_ccs
  PE_231             ZeroWireload          tcbn28hpcplusbwp30p140ffg0p99v0c_ccs
  PE_230             ZeroWireload          tcbn28hpcplusbwp30p140ffg0p99v0c_ccs
  PE_229             ZeroWireload          tcbn28hpcplusbwp30p140ffg0p99v0c_ccs
  PE_228             ZeroWireload          tcbn28hpcplusbwp30p140ffg0p99v0c_ccs
  PE_227             ZeroWireload          tcbn28hpcplusbwp30p140ffg0p99v0c_ccs
  PE_226             ZeroWireload          tcbn28hpcplusbwp30p140ffg0p99v0c_ccs
  PE_225             ZeroWireload          tcbn28hpcplusbwp30p140ffg0p99v0c_ccs
  PE_223             ZeroWireload          tcbn28hpcplusbwp30p140ffg0p99v0c_ccs
  PE_222             ZeroWireload          tcbn28hpcplusbwp30p140ffg0p99v0c_ccs
  PE_221             ZeroWireload          tcbn28hpcplusbwp30p140ffg0p99v0c_ccs
  PE_220             ZeroWireload          tcbn28hpcplusbwp30p140ffg0p99v0c_ccs
  PE_219             ZeroWireload          tcbn28hpcplusbwp30p140ffg0p99v0c_ccs
  PE_218             ZeroWireload          tcbn28hpcplusbwp30p140ffg0p99v0c_ccs
  PE_217             ZeroWireload          tcbn28hpcplusbwp30p140ffg0p99v0c_ccs
  PE_216             ZeroWireload          tcbn28hpcplusbwp30p140ffg0p99v0c_ccs
  PE_215             ZeroWireload          tcbn28hpcplusbwp30p140ffg0p99v0c_ccs
  PE_214             ZeroWireload          tcbn28hpcplusbwp30p140ffg0p99v0c_ccs
  PE_213             ZeroWireload          tcbn28hpcplusbwp30p140ffg0p99v0c_ccs
  PE_212             ZeroWireload          tcbn28hpcplusbwp30p140ffg0p99v0c_ccs
  PE_211             ZeroWireload          tcbn28hpcplusbwp30p140ffg0p99v0c_ccs
  PE_210             ZeroWireload          tcbn28hpcplusbwp30p140ffg0p99v0c_ccs
  PE_209             ZeroWireload          tcbn28hpcplusbwp30p140ffg0p99v0c_ccs
  PE_207             ZeroWireload          tcbn28hpcplusbwp30p140ffg0p99v0c_ccs
  PE_206             ZeroWireload          tcbn28hpcplusbwp30p140ffg0p99v0c_ccs
  PE_205             ZeroWireload          tcbn28hpcplusbwp30p140ffg0p99v0c_ccs
  PE_204             ZeroWireload          tcbn28hpcplusbwp30p140ffg0p99v0c_ccs
  PE_203             ZeroWireload          tcbn28hpcplusbwp30p140ffg0p99v0c_ccs
  PE_202             ZeroWireload          tcbn28hpcplusbwp30p140ffg0p99v0c_ccs
  PE_201             ZeroWireload          tcbn28hpcplusbwp30p140ffg0p99v0c_ccs
  PE_200             ZeroWireload          tcbn28hpcplusbwp30p140ffg0p99v0c_ccs
  PE_199             ZeroWireload          tcbn28hpcplusbwp30p140ffg0p99v0c_ccs
  PE_198             ZeroWireload          tcbn28hpcplusbwp30p140ffg0p99v0c_ccs
  PE_197             ZeroWireload          tcbn28hpcplusbwp30p140ffg0p99v0c_ccs
  PE_196             ZeroWireload          tcbn28hpcplusbwp30p140ffg0p99v0c_ccs
  PE_195             ZeroWireload          tcbn28hpcplusbwp30p140ffg0p99v0c_ccs
  PE_194             ZeroWireload          tcbn28hpcplusbwp30p140ffg0p99v0c_ccs
  PE_193             ZeroWireload          tcbn28hpcplusbwp30p140ffg0p99v0c_ccs
  PE_191             ZeroWireload          tcbn28hpcplusbwp30p140ffg0p99v0c_ccs
  PE_190             ZeroWireload          tcbn28hpcplusbwp30p140ffg0p99v0c_ccs
  PE_189             ZeroWireload          tcbn28hpcplusbwp30p140ffg0p99v0c_ccs
  PE_188             ZeroWireload          tcbn28hpcplusbwp30p140ffg0p99v0c_ccs
  PE_187             ZeroWireload          tcbn28hpcplusbwp30p140ffg0p99v0c_ccs
  PE_186             ZeroWireload          tcbn28hpcplusbwp30p140ffg0p99v0c_ccs
  PE_185             ZeroWireload          tcbn28hpcplusbwp30p140ffg0p99v0c_ccs
  PE_184             ZeroWireload          tcbn28hpcplusbwp30p140ffg0p99v0c_ccs
  PE_183             ZeroWireload          tcbn28hpcplusbwp30p140ffg0p99v0c_ccs
  PE_182             ZeroWireload          tcbn28hpcplusbwp30p140ffg0p99v0c_ccs
  PE_181             ZeroWireload          tcbn28hpcplusbwp30p140ffg0p99v0c_ccs
  PE_180             ZeroWireload          tcbn28hpcplusbwp30p140ffg0p99v0c_ccs
  PE_179             ZeroWireload          tcbn28hpcplusbwp30p140ffg0p99v0c_ccs
  PE_178             ZeroWireload          tcbn28hpcplusbwp30p140ffg0p99v0c_ccs
  PE_177             ZeroWireload          tcbn28hpcplusbwp30p140ffg0p99v0c_ccs
  PE_175             ZeroWireload          tcbn28hpcplusbwp30p140ffg0p99v0c_ccs
  PE_174             ZeroWireload          tcbn28hpcplusbwp30p140ffg0p99v0c_ccs
  PE_173             ZeroWireload          tcbn28hpcplusbwp30p140ffg0p99v0c_ccs
  PE_172             ZeroWireload          tcbn28hpcplusbwp30p140ffg0p99v0c_ccs
  PE_171             ZeroWireload          tcbn28hpcplusbwp30p140ffg0p99v0c_ccs
  PE_170             ZeroWireload          tcbn28hpcplusbwp30p140ffg0p99v0c_ccs
  PE_169             ZeroWireload          tcbn28hpcplusbwp30p140ffg0p99v0c_ccs
  PE_168             ZeroWireload          tcbn28hpcplusbwp30p140ffg0p99v0c_ccs
  PE_167             ZeroWireload          tcbn28hpcplusbwp30p140ffg0p99v0c_ccs
  PE_166             ZeroWireload          tcbn28hpcplusbwp30p140ffg0p99v0c_ccs
  PE_165             ZeroWireload          tcbn28hpcplusbwp30p140ffg0p99v0c_ccs
  PE_164             ZeroWireload          tcbn28hpcplusbwp30p140ffg0p99v0c_ccs
  PE_163             ZeroWireload          tcbn28hpcplusbwp30p140ffg0p99v0c_ccs
  PE_162             ZeroWireload          tcbn28hpcplusbwp30p140ffg0p99v0c_ccs
  PE_161             ZeroWireload          tcbn28hpcplusbwp30p140ffg0p99v0c_ccs
  PE_159             ZeroWireload          tcbn28hpcplusbwp30p140ffg0p99v0c_ccs
  PE_158             ZeroWireload          tcbn28hpcplusbwp30p140ffg0p99v0c_ccs
  PE_157             ZeroWireload          tcbn28hpcplusbwp30p140ffg0p99v0c_ccs
  PE_156             ZeroWireload          tcbn28hpcplusbwp30p140ffg0p99v0c_ccs
  PE_155             ZeroWireload          tcbn28hpcplusbwp30p140ffg0p99v0c_ccs
  PE_154             ZeroWireload          tcbn28hpcplusbwp30p140ffg0p99v0c_ccs
  PE_153             ZeroWireload          tcbn28hpcplusbwp30p140ffg0p99v0c_ccs
  PE_152             ZeroWireload          tcbn28hpcplusbwp30p140ffg0p99v0c_ccs
  PE_151             ZeroWireload          tcbn28hpcplusbwp30p140ffg0p99v0c_ccs
  PE_150             ZeroWireload          tcbn28hpcplusbwp30p140ffg0p99v0c_ccs
  PE_149             ZeroWireload          tcbn28hpcplusbwp30p140ffg0p99v0c_ccs
  PE_148             ZeroWireload          tcbn28hpcplusbwp30p140ffg0p99v0c_ccs
  PE_147             ZeroWireload          tcbn28hpcplusbwp30p140ffg0p99v0c_ccs
  PE_146             ZeroWireload          tcbn28hpcplusbwp30p140ffg0p99v0c_ccs
  PE_145             ZeroWireload          tcbn28hpcplusbwp30p140ffg0p99v0c_ccs
  PE_143             ZeroWireload          tcbn28hpcplusbwp30p140ffg0p99v0c_ccs
  PE_142             ZeroWireload          tcbn28hpcplusbwp30p140ffg0p99v0c_ccs
  PE_141             ZeroWireload          tcbn28hpcplusbwp30p140ffg0p99v0c_ccs
  PE_140             ZeroWireload          tcbn28hpcplusbwp30p140ffg0p99v0c_ccs
  PE_139             ZeroWireload          tcbn28hpcplusbwp30p140ffg0p99v0c_ccs
  PE_138             ZeroWireload          tcbn28hpcplusbwp30p140ffg0p99v0c_ccs
  PE_137             ZeroWireload          tcbn28hpcplusbwp30p140ffg0p99v0c_ccs
  PE_136             ZeroWireload          tcbn28hpcplusbwp30p140ffg0p99v0c_ccs
  PE_135             ZeroWireload          tcbn28hpcplusbwp30p140ffg0p99v0c_ccs
  PE_134             ZeroWireload          tcbn28hpcplusbwp30p140ffg0p99v0c_ccs
  PE_133             ZeroWireload          tcbn28hpcplusbwp30p140ffg0p99v0c_ccs
  PE_132             ZeroWireload          tcbn28hpcplusbwp30p140ffg0p99v0c_ccs
  PE_131             ZeroWireload          tcbn28hpcplusbwp30p140ffg0p99v0c_ccs
  PE_130             ZeroWireload          tcbn28hpcplusbwp30p140ffg0p99v0c_ccs
  PE_129             ZeroWireload          tcbn28hpcplusbwp30p140ffg0p99v0c_ccs
  PE_127             ZeroWireload          tcbn28hpcplusbwp30p140ffg0p99v0c_ccs
  PE_126             ZeroWireload          tcbn28hpcplusbwp30p140ffg0p99v0c_ccs
  PE_125             ZeroWireload          tcbn28hpcplusbwp30p140ffg0p99v0c_ccs
  PE_124             ZeroWireload          tcbn28hpcplusbwp30p140ffg0p99v0c_ccs
  PE_123             ZeroWireload          tcbn28hpcplusbwp30p140ffg0p99v0c_ccs
  PE_122             ZeroWireload          tcbn28hpcplusbwp30p140ffg0p99v0c_ccs
  PE_121             ZeroWireload          tcbn28hpcplusbwp30p140ffg0p99v0c_ccs
  PE_120             ZeroWireload          tcbn28hpcplusbwp30p140ffg0p99v0c_ccs
  PE_119             ZeroWireload          tcbn28hpcplusbwp30p140ffg0p99v0c_ccs
  PE_118             ZeroWireload          tcbn28hpcplusbwp30p140ffg0p99v0c_ccs
  PE_117             ZeroWireload          tcbn28hpcplusbwp30p140ffg0p99v0c_ccs
  PE_116             ZeroWireload          tcbn28hpcplusbwp30p140ffg0p99v0c_ccs
  PE_115             ZeroWireload          tcbn28hpcplusbwp30p140ffg0p99v0c_ccs
  PE_114             ZeroWireload          tcbn28hpcplusbwp30p140ffg0p99v0c_ccs
  PE_113             ZeroWireload          tcbn28hpcplusbwp30p140ffg0p99v0c_ccs
  PE_111             ZeroWireload          tcbn28hpcplusbwp30p140ffg0p99v0c_ccs
  PE_110             ZeroWireload          tcbn28hpcplusbwp30p140ffg0p99v0c_ccs
  PE_109             ZeroWireload          tcbn28hpcplusbwp30p140ffg0p99v0c_ccs
  PE_108             ZeroWireload          tcbn28hpcplusbwp30p140ffg0p99v0c_ccs
  PE_107             ZeroWireload          tcbn28hpcplusbwp30p140ffg0p99v0c_ccs
  PE_106             ZeroWireload          tcbn28hpcplusbwp30p140ffg0p99v0c_ccs
  PE_105             ZeroWireload          tcbn28hpcplusbwp30p140ffg0p99v0c_ccs
  PE_104             ZeroWireload          tcbn28hpcplusbwp30p140ffg0p99v0c_ccs
  PE_103             ZeroWireload          tcbn28hpcplusbwp30p140ffg0p99v0c_ccs
  PE_102             ZeroWireload          tcbn28hpcplusbwp30p140ffg0p99v0c_ccs
  PE_101             ZeroWireload          tcbn28hpcplusbwp30p140ffg0p99v0c_ccs
  PE_100             ZeroWireload          tcbn28hpcplusbwp30p140ffg0p99v0c_ccs
  PE_99              ZeroWireload          tcbn28hpcplusbwp30p140ffg0p99v0c_ccs
  PE_98              ZeroWireload          tcbn28hpcplusbwp30p140ffg0p99v0c_ccs
  PE_97              ZeroWireload          tcbn28hpcplusbwp30p140ffg0p99v0c_ccs
  PE_95              ZeroWireload          tcbn28hpcplusbwp30p140ffg0p99v0c_ccs
  PE_94              ZeroWireload          tcbn28hpcplusbwp30p140ffg0p99v0c_ccs
  PE_93              ZeroWireload          tcbn28hpcplusbwp30p140ffg0p99v0c_ccs
  PE_92              ZeroWireload          tcbn28hpcplusbwp30p140ffg0p99v0c_ccs
  PE_91              ZeroWireload          tcbn28hpcplusbwp30p140ffg0p99v0c_ccs
  PE_90              ZeroWireload          tcbn28hpcplusbwp30p140ffg0p99v0c_ccs
  PE_89              ZeroWireload          tcbn28hpcplusbwp30p140ffg0p99v0c_ccs
  PE_88              ZeroWireload          tcbn28hpcplusbwp30p140ffg0p99v0c_ccs
  PE_87              ZeroWireload          tcbn28hpcplusbwp30p140ffg0p99v0c_ccs
  PE_86              ZeroWireload          tcbn28hpcplusbwp30p140ffg0p99v0c_ccs
  PE_85              ZeroWireload          tcbn28hpcplusbwp30p140ffg0p99v0c_ccs
  PE_84              ZeroWireload          tcbn28hpcplusbwp30p140ffg0p99v0c_ccs
  PE_83              ZeroWireload          tcbn28hpcplusbwp30p140ffg0p99v0c_ccs
  PE_82              ZeroWireload          tcbn28hpcplusbwp30p140ffg0p99v0c_ccs
  PE_81              ZeroWireload          tcbn28hpcplusbwp30p140ffg0p99v0c_ccs
  PE_79              ZeroWireload          tcbn28hpcplusbwp30p140ffg0p99v0c_ccs
  PE_78              ZeroWireload          tcbn28hpcplusbwp30p140ffg0p99v0c_ccs
  PE_77              ZeroWireload          tcbn28hpcplusbwp30p140ffg0p99v0c_ccs
  PE_76              ZeroWireload          tcbn28hpcplusbwp30p140ffg0p99v0c_ccs
  PE_75              ZeroWireload          tcbn28hpcplusbwp30p140ffg0p99v0c_ccs
  PE_74              ZeroWireload          tcbn28hpcplusbwp30p140ffg0p99v0c_ccs
  PE_73              ZeroWireload          tcbn28hpcplusbwp30p140ffg0p99v0c_ccs
  PE_72              ZeroWireload          tcbn28hpcplusbwp30p140ffg0p99v0c_ccs
  PE_71              ZeroWireload          tcbn28hpcplusbwp30p140ffg0p99v0c_ccs
  PE_70              ZeroWireload          tcbn28hpcplusbwp30p140ffg0p99v0c_ccs
  PE_69              ZeroWireload          tcbn28hpcplusbwp30p140ffg0p99v0c_ccs
  PE_68              ZeroWireload          tcbn28hpcplusbwp30p140ffg0p99v0c_ccs
  PE_67              ZeroWireload          tcbn28hpcplusbwp30p140ffg0p99v0c_ccs
  PE_66              ZeroWireload          tcbn28hpcplusbwp30p140ffg0p99v0c_ccs
  PE_65              ZeroWireload          tcbn28hpcplusbwp30p140ffg0p99v0c_ccs
  PE_63              ZeroWireload          tcbn28hpcplusbwp30p140ffg0p99v0c_ccs
  PE_62              ZeroWireload          tcbn28hpcplusbwp30p140ffg0p99v0c_ccs
  PE_61              ZeroWireload          tcbn28hpcplusbwp30p140ffg0p99v0c_ccs
  PE_60              ZeroWireload          tcbn28hpcplusbwp30p140ffg0p99v0c_ccs
  PE_59              ZeroWireload          tcbn28hpcplusbwp30p140ffg0p99v0c_ccs
  PE_58              ZeroWireload          tcbn28hpcplusbwp30p140ffg0p99v0c_ccs
  PE_57              ZeroWireload          tcbn28hpcplusbwp30p140ffg0p99v0c_ccs
  PE_56              ZeroWireload          tcbn28hpcplusbwp30p140ffg0p99v0c_ccs
  PE_55              ZeroWireload          tcbn28hpcplusbwp30p140ffg0p99v0c_ccs
  PE_54              ZeroWireload          tcbn28hpcplusbwp30p140ffg0p99v0c_ccs
  PE_53              ZeroWireload          tcbn28hpcplusbwp30p140ffg0p99v0c_ccs
  PE_52              ZeroWireload          tcbn28hpcplusbwp30p140ffg0p99v0c_ccs
  PE_51              ZeroWireload          tcbn28hpcplusbwp30p140ffg0p99v0c_ccs
  PE_50              ZeroWireload          tcbn28hpcplusbwp30p140ffg0p99v0c_ccs
  PE_49              ZeroWireload          tcbn28hpcplusbwp30p140ffg0p99v0c_ccs
  PE_47              ZeroWireload          tcbn28hpcplusbwp30p140ffg0p99v0c_ccs
  PE_46              ZeroWireload          tcbn28hpcplusbwp30p140ffg0p99v0c_ccs
  PE_45              ZeroWireload          tcbn28hpcplusbwp30p140ffg0p99v0c_ccs
  PE_44              ZeroWireload          tcbn28hpcplusbwp30p140ffg0p99v0c_ccs
  PE_43              ZeroWireload          tcbn28hpcplusbwp30p140ffg0p99v0c_ccs
  PE_42              ZeroWireload          tcbn28hpcplusbwp30p140ffg0p99v0c_ccs
  PE_41              ZeroWireload          tcbn28hpcplusbwp30p140ffg0p99v0c_ccs
  PE_40              ZeroWireload          tcbn28hpcplusbwp30p140ffg0p99v0c_ccs
  PE_39              ZeroWireload          tcbn28hpcplusbwp30p140ffg0p99v0c_ccs
  PE_38              ZeroWireload          tcbn28hpcplusbwp30p140ffg0p99v0c_ccs
  PE_37              ZeroWireload          tcbn28hpcplusbwp30p140ffg0p99v0c_ccs
  PE_36              ZeroWireload          tcbn28hpcplusbwp30p140ffg0p99v0c_ccs
  PE_35              ZeroWireload          tcbn28hpcplusbwp30p140ffg0p99v0c_ccs
  PE_34              ZeroWireload          tcbn28hpcplusbwp30p140ffg0p99v0c_ccs
  PE_33              ZeroWireload          tcbn28hpcplusbwp30p140ffg0p99v0c_ccs
  PE_31              ZeroWireload          tcbn28hpcplusbwp30p140ffg0p99v0c_ccs
  PE_30              ZeroWireload          tcbn28hpcplusbwp30p140ffg0p99v0c_ccs
  PE_29              ZeroWireload          tcbn28hpcplusbwp30p140ffg0p99v0c_ccs
  PE_28              ZeroWireload          tcbn28hpcplusbwp30p140ffg0p99v0c_ccs
  PE_27              ZeroWireload          tcbn28hpcplusbwp30p140ffg0p99v0c_ccs
  PE_26              ZeroWireload          tcbn28hpcplusbwp30p140ffg0p99v0c_ccs
  PE_25              ZeroWireload          tcbn28hpcplusbwp30p140ffg0p99v0c_ccs
  PE_24              ZeroWireload          tcbn28hpcplusbwp30p140ffg0p99v0c_ccs
  PE_23              ZeroWireload          tcbn28hpcplusbwp30p140ffg0p99v0c_ccs
  PE_22              ZeroWireload          tcbn28hpcplusbwp30p140ffg0p99v0c_ccs
  PE_21              ZeroWireload          tcbn28hpcplusbwp30p140ffg0p99v0c_ccs
  PE_20              ZeroWireload          tcbn28hpcplusbwp30p140ffg0p99v0c_ccs
  PE_19              ZeroWireload          tcbn28hpcplusbwp30p140ffg0p99v0c_ccs
  PE_18              ZeroWireload          tcbn28hpcplusbwp30p140ffg0p99v0c_ccs
  PE_17              ZeroWireload          tcbn28hpcplusbwp30p140ffg0p99v0c_ccs
  PE_15              ZeroWireload          tcbn28hpcplusbwp30p140ffg0p99v0c_ccs
  PE_14              ZeroWireload          tcbn28hpcplusbwp30p140ffg0p99v0c_ccs
  PE_13              ZeroWireload          tcbn28hpcplusbwp30p140ffg0p99v0c_ccs
  PE_12              ZeroWireload          tcbn28hpcplusbwp30p140ffg0p99v0c_ccs
  PE_11              ZeroWireload          tcbn28hpcplusbwp30p140ffg0p99v0c_ccs
  PE_10              ZeroWireload          tcbn28hpcplusbwp30p140ffg0p99v0c_ccs
  PE_9               ZeroWireload          tcbn28hpcplusbwp30p140ffg0p99v0c_ccs
  PE_8               ZeroWireload          tcbn28hpcplusbwp30p140ffg0p99v0c_ccs
  PE_7               ZeroWireload          tcbn28hpcplusbwp30p140ffg0p99v0c_ccs
  PE_6               ZeroWireload          tcbn28hpcplusbwp30p140ffg0p99v0c_ccs
  PE_5               ZeroWireload          tcbn28hpcplusbwp30p140ffg0p99v0c_ccs
  PE_4               ZeroWireload          tcbn28hpcplusbwp30p140ffg0p99v0c_ccs
  PE_3               ZeroWireload          tcbn28hpcplusbwp30p140ffg0p99v0c_ccs
  PE_2               ZeroWireload          tcbn28hpcplusbwp30p140ffg0p99v0c_ccs
  PE_1               ZeroWireload          tcbn28hpcplusbwp30p140ffg0p99v0c_ccs
  PE_240             ZeroWireload          tcbn28hpcplusbwp30p140ffg0p99v0c_ccs
  SystolicArray      ZeroWireload          tcbn28hpcplusbwp30p140ffg0p99v0c_ccs
  PE_255             ZeroWireload          tcbn28hpcplusbwp30p140ffg0p99v0c_ccs

Attributes:
    d - dont_touch
    u - dont_use
   mo - map_only
   so - size_only
    i - ideal_net or ideal_network
  inf - infeasible path

  Point                                               Fanout     Trans      Incr       Path      Attributes
  -----------------------------------------------------------------------------------------------------------------
  clock ideal_clock1 (rise edge)                                            0.00       0.00
  clock network delay (ideal)                                               0.00       0.00
  pes_12_9/regW_bits_reg[2]/CP (DFQD1BWP30P140)                   0.00      0.00 #     0.00 r
  pes_12_9/regW_bits_reg[2]/Q (DFQD1BWP30P140)                    0.02      0.04       0.04 f
  pes_12_9/regW_bits[2] (net)                           5                   0.00       0.04 f
  pes_12_9/U1074/Z (MUX2OPTD2BWP30P140)                           0.01      0.02       0.06 f
  pes_12_9/io_eastOut_bits[2] (net)                     5                   0.00       0.06 f
  pes_12_9/io_eastOut_bits[2] (PE_99)                                       0.00       0.06 f
  _pes_12_9_io_eastOut_bits[2] (net)                                        0.00       0.06 f
  pes_13_9/io_westIn_bits[2] (PE_98)                                        0.00       0.06 f
  pes_13_9/io_westIn_bits[2] (net)                                          0.00       0.06 f
  pes_13_9/U255/CO (HA1D2BWP30P140)                               0.01      0.01       0.08 f
  pes_13_9/n119 (net)                                   1                   0.00       0.08 f
  pes_13_9/U210/CO (FA1OPTCD1BWP30P140)                           0.01      0.02       0.09 f
  pes_13_9/n115 (net)                                   2                   0.00       0.09 f
  pes_13_9/U74/Z (AO21D1BWP30P140)                                0.01      0.02       0.11 f
  pes_13_9/n109 (net)                                   1                   0.00       0.11 f
  pes_13_9/U237/S (FA1OPTCD2BWP30P140)                            0.01      0.03       0.14 f
  pes_13_9/n110 (net)                                   1                   0.00       0.14 f
  pes_13_9/U238/Z (CKAN2D1BWP30P140)                              0.01      0.02       0.16 f
  pes_13_9/n149 (net)                                   4                   0.00       0.16 f
  pes_13_9/U263/Z (CKAN2D1BWP30P140)                              0.01      0.01       0.17 f
  pes_13_9/n134 (net)                                   1                   0.00       0.17 f
  pes_13_9/U264/ZN (AOI21D1BWP30P140)                             0.01      0.01       0.18 r
  pes_13_9/n138 (net)                                   1                   0.00       0.18 r
  pes_13_9/U160/ZN (OAI21D1BWP30P140)                             0.02      0.01       0.19 f
  pes_13_9/n144 (net)                                   1                   0.00       0.19 f
  pes_13_9/U268/ZN (AOI21D2BWP30P140)                             0.02      0.01       0.21 r
  pes_13_9/n156 (net)                                   3                   0.00       0.21 r
  pes_13_9/U269/Z (BUFFD6BWP30P140)                               0.01      0.02       0.22 r
  pes_13_9/n1018 (net)                                 27                   0.00       0.22 r
  pes_13_9/U281/Z (MUX2D4BWP30P140)                               0.01      0.02       0.24 f
  pes_13_9/n880 (net)                                   7                   0.00       0.24 f
  pes_13_9/U282/Z (OR2D1BWP30P140)                                0.01      0.01       0.26 f
  pes_13_9/n167 (net)                                   1                   0.00       0.26 f
  pes_13_9/U158/S (FA1D1BWP30P140)                                0.01      0.04       0.29 r
  pes_13_9/n168 (net)                                   1                   0.00       0.29 r
  pes_13_9/U10/Z (BUFFD3BWP30P140)                                0.02      0.02       0.31 r
  pes_13_9/n299 (net)                                  17                   0.00       0.31 r
  pes_13_9/U300/ZN (INR2D1BWP30P140)                              0.02      0.01       0.33 f
  pes_13_9/n281 (net)                                   7                   0.00       0.33 f
  pes_13_9/U344/ZN (MOAI22D0BWP30P140)                            0.02      0.02       0.35 f
  pes_13_9/n198 (net)                                   1                   0.00       0.35 f
  pes_13_9/U345/ZN (INR2D1BWP30P140)                              0.01      0.01       0.36 r
  pes_13_9/n331 (net)                                   3                   0.00       0.36 r
  pes_13_9/U351/ZN (MUX2ND0BWP30P140)                             0.03      0.02       0.38 f
  pes_13_9/n346 (net)                                   3                   0.00       0.38 f
  pes_13_9/U478/ZN (INVD0BWP30P140)                               0.01      0.01       0.39 r
  pes_13_9/n347 (net)                                   1                   0.00       0.39 r
  pes_13_9/U479/ZN (NR2D1BWP30P140)                               0.01      0.01       0.40 f
  pes_13_9/n348 (net)                                   1                   0.00       0.40 f
  pes_13_9/U480/Z (XOR2UD1BWP30P140)                              0.03      0.01       0.41 f
  pes_13_9/n373 (net)                                   2                   0.00       0.41 f
  pes_13_9/U507/ZN (ND2D1BWP30P140)                               0.01      0.01       0.42 r
  pes_13_9/n478 (net)                                   2                   0.00       0.42 r
  pes_13_9/U508/ZN (INVD0BWP30P140)                               0.01      0.01       0.43 f
  pes_13_9/n374 (net)                                   1                   0.00       0.43 f
  pes_13_9/U509/ZN (AOI21D1BWP30P140)                             0.01      0.01       0.44 r
  pes_13_9/n375 (net)                                   1                   0.00       0.44 r
  pes_13_9/U510/ZN (OAI21D1BWP30P140)                             0.01      0.01       0.45 f
  pes_13_9/n377 (net)                                   1                   0.00       0.45 f
  pes_13_9/U141/ZN (AOI21OPTREPBD1BWP30P140)                      0.01      0.01       0.46 r
  pes_13_9/n71 (net)                                    2                   0.00       0.46 r
  pes_13_9/U140/ZN (OAI21D1BWP30P140)                             0.01      0.01       0.47 f
  pes_13_9/n381 (net)                                   1                   0.00       0.47 f
  pes_13_9/U512/ZN (AOI21OPTREPBD1BWP30P140)                      0.02      0.01       0.49 r
  pes_13_9/n492 (net)                                   2                   0.00       0.49 r
  pes_13_9/U518/ZN (OAI21D2BWP30P140)                             0.01      0.01       0.50 f
  pes_13_9/n495 (net)                                   2                   0.00       0.50 f
  pes_13_9/U136/ZN (AOI21D1BWP30P140)                             0.02      0.02       0.51 r
  pes_13_9/n503 (net)                                   2                   0.00       0.51 r
  pes_13_9/U526/ZN (OAI21D2BWP30P140)                             0.01      0.01       0.52 f
  pes_13_9/n519 (net)                                   2                   0.00       0.52 f
  pes_13_9/U132/Z (AO21D1BWP30P140)                               0.01      0.02       0.54 f
  pes_13_9/n408 (net)                                   1                   0.00       0.54 f
  pes_13_9/U129/CO (FA1OPTCD2BWP30P140)                           0.01      0.01       0.55 f
  pes_13_9/n412 (net)                                   2                   0.00       0.55 f
  pes_13_9/U176/Z (OR2D4BWP30P140)                                0.01      0.02       0.57 f
  pes_13_9/n561 (net)                                  12                   0.00       0.57 f
  pes_13_9/U123/Z (CKMUX2D0BWP30P140)                             0.02      0.03       0.60 r
  pes_13_9/macOut_mac/l00OOO0l[17] (net)                5                   0.00       0.60 r
  pes_13_9/macOut_mac/U9/U1/UORT0_1_10/ZN (NR2D1BWP30P140)        0.01      0.01       0.61 f    mo 
  pes_13_9/macOut_mac/U9/U1/enc_tree[1][1][20] (net)     3                  0.00       0.61 f
  pes_13_9/U1042/ZN (INVD0BWP30P140)                              0.01      0.01       0.62 r
  pes_13_9/macOut_mac/U9/U1/or2_inv[1][20] (net)        1                   0.00       0.62 r
  pes_13_9/macOut_mac/U9/U1/UEN1_1_2_2/ZN (OAI21D1BWP30P140)      0.01      0.01       0.63 f    mo 
  pes_13_9/macOut_mac/U9/U1/enc_tree[1][2][20] (net)     1                  0.00       0.63 f
  pes_13_9/macOut_mac/U9/U1/UEN0_1_3_1/ZN (AOI21D1BWP30P140)      0.01      0.01       0.64 r    mo 
  pes_13_9/macOut_mac/U9/U1/enc_tree[1][3][24] (net)     1                  0.00       0.64 r
  pes_13_9/U659/Z (OA21D1BWP30P140)                               0.01      0.02       0.66 r
  pes_13_9/n606 (net)                                   2                   0.00       0.66 r
  pes_13_9/U660/ZN (INVD1BWP30P140)                               0.01      0.01       0.66 f
  pes_13_9/n572 (net)                                   2                   0.00       0.66 f
  pes_13_9/U663/Z (CKAN2D1BWP30P140)                              0.01      0.01       0.68 f
  pes_13_9/n573 (net)                                   1                   0.00       0.68 f
  pes_13_9/U664/ZN (AOI21D1BWP30P140)                             0.01      0.01       0.69 r
  pes_13_9/n583 (net)                                   1                   0.00       0.69 r
  pes_13_9/U112/ZN (NR2D1BWP30P140)                               0.01      0.01       0.69 f
  pes_13_9/n60 (net)                                    1                   0.00       0.69 f
  pes_13_9/U171/ZN (OAI21D2BWP30P140)                             0.01      0.01       0.70 r
  pes_13_9/n59 (net)                                    1                   0.00       0.70 r
  pes_13_9/U111/ZN (IND3D4BWP30P140)                              0.02      0.01       0.72 f
  pes_13_9/n634 (net)                                   7                   0.00       0.72 f
  pes_13_9/U110/ZN (INR2D2BWP30P140)                              0.02      0.01       0.73 r
  pes_13_9/n633 (net)                                   5                   0.00       0.73 r
  pes_13_9/U187/ZN (ND2D1BWP30P140)                               0.02      0.01       0.74 f
  pes_13_9/n80 (net)                                    1                   0.00       0.74 f
  pes_13_9/U106/ZN (ND2D4BWP30P140)                               0.02      0.01       0.76 r
  pes_13_9/n895 (net)                                  12                   0.00       0.76 r
  pes_13_9/U41/ZN (NR2OPTPAD4BWP30P140)                           0.02      0.01       0.77 f
  pes_13_9/n617 (net)                                  22                   0.00       0.77 f
  pes_13_9/U782/ZN (MOAI22D0BWP30P140)                            0.02      0.02       0.79 f
  pes_13_9/n672 (net)                                   1                   0.00       0.79 f
  pes_13_9/U100/ZN (NR2OPTPAD1BWP30P140)                          0.02      0.02       0.81 r
  pes_13_9/n784 (net)                                   4                   0.00       0.81 r
  pes_13_9/U783/ZN (OAI222D2BWP30P140)                            0.02      0.02       0.83 f
  pes_13_9/n680 (net)                                   1                   0.00       0.83 f
  pes_13_9/U22/ZN (NR2D1BWP30P140)                                0.02      0.02       0.84 r
  pes_13_9/n940 (net)                                   4                   0.00       0.84 r
  pes_13_9/U794/ZN (ND2D1BWP30P140)                               0.02      0.01       0.86 f
  pes_13_9/n935 (net)                                   3                   0.00       0.86 f
  pes_13_9/U795/ZN (NR2D1BWP30P140)                               0.01      0.01       0.87 r
  pes_13_9/n910 (net)                                   2                   0.00       0.87 r
  pes_13_9/U966/ZN (ND2D1BWP30P140)                               0.02      0.01       0.88 f
  pes_13_9/n945 (net)                                   2                   0.00       0.88 f
  pes_13_9/U967/ZN (NR2D1BWP30P140)                               0.01      0.01       0.89 r
  pes_13_9/n912 (net)                                   1                   0.00       0.89 r
  pes_13_9/U85/Z (XOR2UD0BWP30P140)                               0.02      0.01       0.90 r
  pes_13_9/n914 (net)                                   1                   0.00       0.90 r
  pes_13_9/U969/ZN (MUX2ND0BWP30P140)                             0.02      0.02       0.92 f
  pes_13_9/n1004 (net)                                  2                   0.00       0.92 f
  pes_13_9/U81/ZN (NR4D0BWP30P140)                                0.02      0.02       0.93 r
  pes_13_9/n954 (net)                                   1                   0.00       0.93 r
  pes_13_9/U996/Z (AN4D2BWP30P140)                                0.01      0.03       0.96 r
  pes_13_9/n1048 (net)                                  4                   0.00       0.96 r
  pes_13_9/U189/ZN (NR3D1P5BWP30P140)                             0.01      0.01       0.97 f
  pes_13_9/n977 (net)                                   1                   0.00       0.97 f
  pes_13_9/U1021/ZN (AOI22D2BWP30P140)                            0.02      0.01       0.98 r
  pes_13_9/n1012 (net)                                  5                   0.00       0.98 r
  pes_13_9/U1063/ZN (OAI211D1BWP30P140)                           0.02      0.02       1.00 f
  pes_13_9/n1075 (net)                                  1                   0.00       1.00 f
  pes_13_9/regS_bits_reg[10]/D (DFQD1BWP30P140)                   0.02      0.00       1.00 f
  data arrival time                                                                    1.00

  clock ideal_clock1 (rise edge)                                            1.00       1.00
  clock network delay (ideal)                                               0.00       1.00
  pes_13_9/regS_bits_reg[10]/CP (DFQD1BWP30P140)                            0.00       1.00 r
  library setup time                                                        0.00       1.00
  data required time                                                                   1.00
  -----------------------------------------------------------------------------------------------------------------
  data required time                                                                   1.00
  data arrival time                                                                   -1.00
  -----------------------------------------------------------------------------------------------------------------
  slack (MET)                                                                          0.00


1
