 
****************************************
Report : area
Design : OneSaArray
Version: V-2023.12
Date   : Tue Apr  7 20:03:56 2026
****************************************

Library(s) Used:

    tcbn28hpcplusbwp30p140ffg0p99v0c_ccs (File: /hpc/Tech/TSMC/digital/N28/digital/Front_End/timing_power_noise/CCS/tcbn28hpcplusbwp30p140_180a/tcbn28hpcplusbwp30p140ffg0p99v0c_ccs.db)

Number of ports:                         6292
Number of nets:                       2332104
Number of cells:                      2224190
Number of combinational cells:        2160829
Number of sequential cells:             63360
Number of macros/black boxes:               0
Number of buf/inv:                     343110
Number of references:                       1

Combinational area:            1327687.705033
Buf/Inv area:                    88962.679270
Noncombinational area:          126021.922245
Macro/Black Box area:                0.000000
Net Interconnect area:      undefined  (Wire load has zero net area)

Total cell area:               1453709.627279
Total area:                 undefined

Hierarchical area distribution
------------------------------

                                  Global cell area                Local cell area
                                  ---------------------  --------------------------------- 
Hierarchical cell                 Absolute      Percent  Combi-        Noncombi-    Black-
                                  Total         Total    national      national     boxes   Design
--------------------------------  ------------  -------  ------------  -----------  ------  ---------
OneSaArray                        1453709.6273    100.0        0.0000       0.0000  0.0000  OneSaArray
mesh                              1453709.6273    100.0  1327687.7050  126021.9222  0.0000  OneSaMesh
--------------------------------  ------------  -------  ------------  -----------  ------  ---------
Total                                                    1327687.7050  126021.9222  0.0000

1
