Information: Updating design information... (UID-85)
Warning: Design 'OneSaArray' contains 2 high-fanout nets. A fanout number of 1000 will be used for delay calculations involving these nets. (TIM-134)
 
****************************************
Report : timing
        -path full
        -delay max
        -nets
        -max_paths 1
        -transition_time
Design : OneSaArray
Version: V-2023.12
Date   : Tue Apr  7 20:03:56 2026
****************************************

 # A fanout number of 1000 was used for high fanout net computations.

Operating Conditions: ffg0p99v0c   Library: tcbn28hpcplusbwp30p140ffg0p99v0c_ccs
Wire Load Model Mode: segmented

  Startpoint: mesh/pes_11_18/regSharedPairs_0_bits_reg[10]
              (rising edge-triggered flip-flop clocked by ideal_clock1)
  Endpoint: mesh/pes_11_18/regPsum_bits_reg[0]
            (rising edge-triggered flip-flop clocked by ideal_clock1)
  Path Group: ideal_clock1
  Path Type: max

  Des/Clust/Port     Wire Load Model       Library
  ------------------------------------------------
  OneSaArray         ZeroWireload          tcbn28hpcplusbwp30p140ffg0p99v0c_ccs
  OneSaMesh          ZeroWireload          tcbn28hpcplusbwp30p140ffg0p99v0c_ccs

Attributes:
    d - dont_touch
    u - dont_use
   mo - map_only
   so - size_only
    i - ideal_net or ideal_network
  inf - infeasible path

  Point                                                      Fanout     Trans      Incr       Path      Attributes
  ------------------------------------------------------------------------------------------------------------------------
  clock ideal_clock1 (rise edge)                                                   0.00       0.00
  clock network delay (ideal)                                                      0.00       0.00
  mesh/pes_11_18/regSharedPairs_0_bits_reg[10]/CP (DFQD1BWP30P140)       0.00      0.00 #     0.00 r
  mesh/pes_11_18/regSharedPairs_0_bits_reg[10]/Q (DFQD1BWP30P140)        0.02      0.04       0.04 f
  mesh/pes_11_18/regSharedPairs_0_bits[10] (net)               6                   0.00       0.04 f
  mesh/U9325/ZN (XNR2D1BWP30P140)                                        0.02      0.02       0.07 f
  mesh/n1770898 (net)                                          3                   0.00       0.07 f
  mesh/U221216/CO (FA1D1BWP30P140)                                       0.01      0.02       0.09 f
  mesh/n1665115 (net)                                          1                   0.00       0.09 f
  mesh/U161900/CO (FA1D1BWP30P140)                                       0.01      0.02       0.11 f
  mesh/n1665117 (net)                                          1                   0.00       0.11 f
  mesh/U159241/CO (FA1D1BWP30P140)                                       0.01      0.02       0.13 f
  mesh/n1665119 (net)                                          1                   0.00       0.13 f
  mesh/U84558/CO (FA1D1BWP30P140)                                        0.01      0.02       0.15 f
  mesh/n1665123 (net)                                          2                   0.00       0.15 f
  mesh/U83484/Z (XOR2UD0BWP30P140)                                       0.03      0.02       0.17 f
  mesh/n1665143 (net)                                          2                   0.00       0.17 f
  mesh/U82332/ZN (NR2D1BWP30P140)                                        0.01      0.01       0.18 r
  mesh/n37683 (net)                                            1                   0.00       0.18 r
  mesh/U81543/ZN (ND2D2BWP30P140)                                        0.02      0.01       0.20 f
  mesh/n1665124 (net)                                          1                   0.00       0.20 f
  mesh/U1742723/ZN (XNR2OPTND4BWP30P140)                                 0.03      0.02       0.21 f
  mesh/n1920243 (net)                                         15                   0.00       0.21 f
  mesh/U141392/ZN (MUX2NUD1BWP30P140)                                    0.02      0.02       0.23 r
  mesh/n1665152 (net)                                          1                   0.00       0.23 r
  mesh/U78239/ZN (INR2D4BWP30P140)                                       0.02      0.02       0.25 r
  mesh/n1770874 (net)                                         11                   0.00       0.25 r
  mesh/U76576/ZN (INVD2BWP30P140)                                        0.02      0.01       0.26 f
  mesh/n1770845 (net)                                         15                   0.00       0.26 f
  mesh/U1742795/ZN (ND3D1BWP30P140)                                      0.01      0.01       0.27 r
  mesh/n1665196 (net)                                          1                   0.00       0.27 r
  mesh/U48273/ZN (OAI31D0BWP30P140)                                      0.02      0.01       0.29 f
  mesh/n1665198 (net)                                          1                   0.00       0.29 f
  mesh/U130256/ZN (AOI211D1BWP30P140)                                    0.02      0.02       0.31 r
  mesh/n1665389 (net)                                          3                   0.00       0.31 r
  mesh/U1742921/ZN (MUX2NUD1BWP30P140)                                   0.02      0.01       0.32 f
  mesh/n1701029 (net)                                          2                   0.00       0.32 f
  mesh/U128127/ZN (INVD1BWP30P140)                                       0.01      0.01       0.33 r
  mesh/n1770944 (net)                                          2                   0.00       0.33 r
  mesh/U1774390/ZN (OAI22D1BWP30P140)                                    0.02      0.02       0.35 f
  mesh/n1701063 (net)                                          3                   0.00       0.35 f
  mesh/U1774414/ZN (OAI21D1BWP30P140)                                    0.02      0.01       0.36 r
  mesh/n1701065 (net)                                          1                   0.00       0.36 r
  mesh/U1774416/ZN (ND2D1BWP30P140)                                      0.01      0.01       0.37 f
  mesh/n1771062 (net)                                          2                   0.00       0.37 f
  mesh/U1774417/ZN (INVD0BWP30P140)                                      0.01      0.01       0.38 r
  mesh/n1701070 (net)                                          2                   0.00       0.38 r
  mesh/U1774420/ZN (ND2D1BWP30P140)                                      0.02      0.02       0.40 f
  mesh/n1771110 (net)                                          5                   0.00       0.40 f
  mesh/U1774421/ZN (ND2D1BWP30P140)                                      0.01      0.01       0.41 r
  mesh/n1701120 (net)                                          2                   0.00       0.41 r
  mesh/U1774425/ZN (OAI21D1BWP30P140)                                    0.02      0.01       0.42 f
  mesh/n1771281 (net)                                          3                   0.00       0.42 f
  mesh/U1774430/ZN (ND2D1BWP30P140)                                      0.01      0.01       0.43 r
  mesh/n1701075 (net)                                          1                   0.00       0.43 r
  mesh/U45504/ZN (ND2OPTIBD2BWP30P140)                                   0.02      0.01       0.45 f
  mesh/n1771379 (net)                                          7                   0.00       0.45 f
  mesh/U208630/ZN (INVD0BWP30P140)                                       0.02      0.02       0.46 r
  mesh/n1771337 (net)                                          3                   0.00       0.46 r
  mesh/U1832924/Z (OA21D0BWP30P140)                                      0.01      0.02       0.48 r
  mesh/n1771188 (net)                                          1                   0.00       0.48 r
  mesh/U35071/ZN (OAI31D1BWP30P140)                                      0.02      0.01       0.49 f
  mesh/n1771190 (net)                                          1                   0.00       0.49 f
  mesh/U1832925/ZN (XNR2UD0BWP30P140)                                    0.05      0.03       0.52 f
  mesh/n1919961 (net)                                          4                   0.00       0.52 f
  mesh/U1953460/Z (XOR2UD0BWP30P140)                                     0.03      0.02       0.54 f
  mesh/pes_11_18/regPsum_mac/ULSD/a_int[16] (net)              2                   0.00       0.54 f
  mesh/pes_11_18/regPsum_mac/ULSD/U1/UORT0_1_10/ZN (NR2D1BWP30P140)      0.02      0.02       0.56 r    mo 
  mesh/pes_11_18/regPsum_mac/ULSD/U1/enc_tree[1][1][20] (net)     3                0.00       0.56 r
  mesh/pes_11_18/regPsum_mac/ULSD/U1/UORT1_2_5/ZN (ND2D1BWP30P140)       0.01      0.01       0.57 f    mo 
  mesh/pes_11_18/regPsum_mac/ULSD/U1/enc_tree[2][2][20] (net)     2                0.00       0.57 f
  mesh/pes_11_18/regPsum_mac/ULSD/U1/UORT0_3_2/ZN (NR2D1BWP30P140)       0.01      0.01       0.58 r    mo 
  mesh/pes_11_18/regPsum_mac/ULSD/U1/enc_tree[3][3][16] (net)     2                0.00       0.58 r
  mesh/U1832655/ZN (INVD0BWP30P140)                                      0.01      0.01       0.59 f
  mesh/n1770858 (net)                                          1                   0.00       0.59 f
  mesh/U1832656/Z (OA21D1BWP30P140)                                      0.01      0.01       0.60 f
  mesh/n1770881 (net)                                          1                   0.00       0.60 f
  mesh/U2802/Z (BUFFD2BWP30P140)                                         0.02      0.02       0.62 f
  mesh/n31166 (net)                                           20                   0.00       0.62 f
  mesh/U278091/ZN (NR2D1BWP30P140)                                       0.01      0.01       0.63 r
  mesh/n1770866 (net)                                          1                   0.00       0.63 r
  mesh/U1832657/ZN (INVD1BWP30P140)                                      0.01      0.01       0.64 f
  mesh/n1770860 (net)                                          2                   0.00       0.64 f
  mesh/U1832661/ZN (INVD0BWP30P140)                                      0.01      0.01       0.65 r
  mesh/n1770871 (net)                                          1                   0.00       0.65 r
  mesh/U107398/Z (XOR2UD0BWP30P140)                                      0.03      0.01       0.66 r
  mesh/n1770872 (net)                                          1                   0.00       0.66 r
  mesh/U106792/ZN (NR3D1P5BWP30P140)                                     0.01      0.01       0.67 f
  mesh/n1770887 (net)                                          2                   0.00       0.67 f
  mesh/U1832665/ZN (INVD1BWP30P140)                                      0.01      0.01       0.68 r
  mesh/n1770873 (net)                                          1                   0.00       0.68 r
  mesh/U1832666/ZN (ND2D2BWP30P140)                                      0.04      0.02       0.70 f
  mesh/n1771486 (net)                                          8                   0.00       0.70 f
  mesh/U1832688/Z (XOR2UD0BWP30P140)                                     0.03      0.02       0.72 f
  mesh/n1770919 (net)                                          1                   0.00       0.72 f
  mesh/U1832697/CO (FA1D1BWP30P140)                                      0.01      0.03       0.75 f
  mesh/n1770915 (net)                                          1                   0.00       0.75 f
  mesh/U1832695/CO (FA1D0BWP30P140)                                      0.01      0.03       0.78 f
  mesh/n1770911 (net)                                          1                   0.00       0.78 f
  mesh/U1832693/CO (FA1D0BWP30P140)                                      0.01      0.03       0.80 f
  mesh/n1770908 (net)                                          1                   0.00       0.80 f
  mesh/U1832691/CO (FA1D0BWP30P140)                                      0.02      0.03       0.83 f
  mesh/n1770904 (net)                                          2                   0.00       0.83 f
  mesh/U60695/ZN (IOA21D1BWP30P140)                                      0.01      0.01       0.84 r
  mesh/n36923 (net)                                            1                   0.00       0.84 r
  mesh/U41724/ZN (ND2D1BWP30P140)                                        0.01      0.01       0.85 f
  mesh/n1771483 (net)                                          1                   0.00       0.85 f
  mesh/U1833148/S (FA1D0BWP30P140)                                       0.02      0.04       0.89 r
  mesh/n1771596 (net)                                          2                   0.00       0.89 r
  mesh/U96341/ZN (INVD0BWP30P140)                                        0.01      0.01       0.90 f
  mesh/n37875 (net)                                            1                   0.00       0.90 f
  mesh/U41523/ZN (ND2D1BWP30P140)                                        0.01      0.01       0.91 r
  mesh/n1919982 (net)                                          2                   0.00       0.91 r
  mesh/U1833343/ZN (NR3D0P7BWP30P140)                                    0.02      0.01       0.91 f
  mesh/n1920445 (net)                                          3                   0.00       0.91 f
  mesh/U1953826/ZN (NR4D0BWP30P140)                                      0.02      0.01       0.93 r
  mesh/n1920446 (net)                                          1                   0.00       0.93 r
  mesh/U208558/ZN (ND2D1BWP30P140)                                       0.01      0.01       0.94 f
  mesh/n46619 (net)                                            2                   0.00       0.94 f
  mesh/U208557/ZN (INR2D1BWP30P140)                                      0.03      0.02       0.96 r
  mesh/n1920485 (net)                                         10                   0.00       0.96 r
  mesh/U1953846/ZN (AOI222D0BWP30P140)                                   0.03      0.02       0.98 f
  mesh/n1920487 (net)                                          1                   0.00       0.98 f
  mesh/U1953847/ZN (INVD0BWP30P140)                                      0.01      0.01       0.99 r
  mesh/pes_11_18/N163 (net)                                    1                   0.00       0.99 r
  mesh/pes_11_18/regPsum_bits_reg[0]/D (DFQD1BWP30P140)                  0.01      0.00       0.99 r
  data arrival time                                                                           0.99

  clock ideal_clock1 (rise edge)                                                   1.00       1.00
  clock network delay (ideal)                                                      0.00       1.00
  mesh/pes_11_18/regPsum_bits_reg[0]/CP (DFQD1BWP30P140)                           0.00       1.00 r
  library setup time                                                              -0.01       0.99
  data required time                                                                          0.99
  ------------------------------------------------------------------------------------------------------------------------
  data required time                                                                          0.99
  data arrival time                                                                          -0.99
  ------------------------------------------------------------------------------------------------------------------------
  slack (MET)                                                                                 0.00


1
