 
****************************************
Report : area
Design : FuseMax2DArray
Version: V-2023.12
Date   : Mon Apr  6 20:15:46 2026
****************************************

Library(s) Used:

    tcbn28hpcplusbwp30p140ffg0p99v0c_ccs (File: /hpc/Tech/TSMC/digital/N28/digital/Front_End/timing_power_noise/CCS/tcbn28hpcplusbwp30p140_180a/tcbn28hpcplusbwp30p140ffg0p99v0c_ccs.db)

Number of ports:                        53122
Number of nets:                       1547586
Number of cells:                      1429533
Number of combinational cells:        1294733
Number of sequential cells:            134400
Number of macros/black boxes:               0
Number of buf/inv:                     217226
Number of references:                     400

Combinational area:             817755.749815
Buf/Inv area:                    54971.532866
Noncombinational area:          254404.708214
Macro/Black Box area:                0.000000
Net Interconnect area:      undefined  (Wire load has zero net area)

Total cell area:               1072160.458029
Total area:                 undefined

Hierarchical area distribution
------------------------------

                                  Global cell area               Local cell area
                                  ---------------------  -------------------------------- 
Hierarchical cell                 Absolute      Percent  Combi-       Noncombi-    Black-
                                  Total         Total    national     national     boxes   Design
--------------------------------  ------------  -------  -----------  -----------  ------  ---------------
FuseMax2DArray                    1072160.4580    100.0       0.0000       0.0000  0.0000  FuseMax2DArray
pe_0_0                               2685.9420      0.3    2050.9020     635.0400  0.0000  FuseMax2DPE_399
pe_0_1                               2682.0360      0.3    2045.9880     636.0480  0.0000  FuseMax2DPE_398
pe_0_10                              2682.4140      0.3    2046.3660     636.0480  0.0000  FuseMax2DPE_389
pe_0_11                              2682.9180      0.3    2046.8700     636.0480  0.0000  FuseMax2DPE_388
pe_0_12                              2682.4140      0.3    2046.3660     636.0480  0.0000  FuseMax2DPE_387
pe_0_13                              2682.6660      0.3    2046.6180     636.0480  0.0000  FuseMax2DPE_386
pe_0_14                              2682.2880      0.3    2046.2400     636.0480  0.0000  FuseMax2DPE_385
pe_0_15                              2683.2960      0.3    2047.2480     636.0480  0.0000  FuseMax2DPE_384
pe_0_16                              2682.0360      0.3    2045.9880     636.0480  0.0000  FuseMax2DPE_383
pe_0_17                              2682.4140      0.3    2046.3660     636.0480  0.0000  FuseMax2DPE_382
pe_0_18                              2682.6660      0.3    2046.6180     636.0480  0.0000  FuseMax2DPE_381
pe_0_19                              2684.8080      0.3    2048.7600     636.0480  0.0000  FuseMax2DPE_380
pe_0_2                               2683.2960      0.3    2047.2480     636.0480  0.0000  FuseMax2DPE_397
pe_0_3                               2682.5400      0.3    2046.4920     636.0480  0.0000  FuseMax2DPE_396
pe_0_4                               2682.7920      0.3    2046.7440     636.0480  0.0000  FuseMax2DPE_395
pe_0_5                               2682.4140      0.3    2046.3660     636.0480  0.0000  FuseMax2DPE_394
pe_0_6                               2682.5400      0.3    2046.4920     636.0480  0.0000  FuseMax2DPE_393
pe_0_7                               2682.4140      0.3    2046.3660     636.0480  0.0000  FuseMax2DPE_392
pe_0_8                               2682.9180      0.3    2046.8700     636.0480  0.0000  FuseMax2DPE_391
pe_0_9                               2682.7920      0.3    2046.7440     636.0480  0.0000  FuseMax2DPE_390
pe_10_0                              2685.3120      0.3    2050.2720     635.0400  0.0000  FuseMax2DPE_199
pe_10_1                              2684.5560      0.3    2048.5080     636.0480  0.0000  FuseMax2DPE_198
pe_10_10                             2684.1780      0.3    2048.1300     636.0480  0.0000  FuseMax2DPE_189
pe_10_11                             2683.9260      0.3    2047.8780     636.0480  0.0000  FuseMax2DPE_188
pe_10_12                             2682.4140      0.3    2046.3660     636.0480  0.0000  FuseMax2DPE_187
pe_10_13                             2682.9180      0.3    2046.8700     636.0480  0.0000  FuseMax2DPE_186
pe_10_14                             2684.8080      0.3    2048.7600     636.0480  0.0000  FuseMax2DPE_185
pe_10_15                             2685.3120      0.3    2049.2640     636.0480  0.0000  FuseMax2DPE_184
pe_10_16                             2683.4220      0.3    2047.3740     636.0480  0.0000  FuseMax2DPE_183
pe_10_17                             2684.5560      0.3    2048.5080     636.0480  0.0000  FuseMax2DPE_182
pe_10_18                             2685.3120      0.3    2049.2640     636.0480  0.0000  FuseMax2DPE_181
pe_10_19                             2681.1540      0.3    2045.1060     636.0480  0.0000  FuseMax2DPE_180
pe_10_2                              2682.7920      0.3    2046.7440     636.0480  0.0000  FuseMax2DPE_197
pe_10_3                              2685.8160      0.3    2049.7680     636.0480  0.0000  FuseMax2DPE_196
pe_10_4                              2684.8080      0.3    2048.7600     636.0480  0.0000  FuseMax2DPE_195
pe_10_5                              2684.3040      0.3    2048.2560     636.0480  0.0000  FuseMax2DPE_194
pe_10_6                              2682.7920      0.3    2046.7440     636.0480  0.0000  FuseMax2DPE_193
pe_10_7                              2684.6820      0.3    2048.6340     636.0480  0.0000  FuseMax2DPE_192
pe_10_8                              2684.3040      0.3    2048.2560     636.0480  0.0000  FuseMax2DPE_191
pe_10_9                              2683.4220      0.3    2047.3740     636.0480  0.0000  FuseMax2DPE_190
pe_11_0                              2690.1000      0.3    2055.0600     635.0400  0.0000  FuseMax2DPE_179
pe_11_1                              2683.8000      0.3    2047.7520     636.0480  0.0000  FuseMax2DPE_178
pe_11_10                             2684.1780      0.3    2048.1300     636.0480  0.0000  FuseMax2DPE_169
pe_11_11                             2685.3120      0.3    2049.2640     636.0480  0.0000  FuseMax2DPE_168
pe_11_12                             2683.1700      0.3    2047.1220     636.0480  0.0000  FuseMax2DPE_167
pe_11_13                             2684.1780      0.3    2048.1300     636.0480  0.0000  FuseMax2DPE_166
pe_11_14                             2683.8000      0.3    2047.7520     636.0480  0.0000  FuseMax2DPE_165
pe_11_15                             2684.4300      0.3    2048.3820     636.0480  0.0000  FuseMax2DPE_164
pe_11_16                             2684.0520      0.3    2048.0040     636.0480  0.0000  FuseMax2DPE_163
pe_11_17                             2682.7920      0.3    2046.7440     636.0480  0.0000  FuseMax2DPE_162
pe_11_18                             2684.3040      0.3    2048.2560     636.0480  0.0000  FuseMax2DPE_161
pe_11_19                             2681.9100      0.3    2045.8620     636.0480  0.0000  FuseMax2DPE_160
pe_11_2                              2685.8160      0.3    2049.7680     636.0480  0.0000  FuseMax2DPE_177
pe_11_3                              2683.9260      0.3    2047.8780     636.0480  0.0000  FuseMax2DPE_176
pe_11_4                              2683.9260      0.3    2047.8780     636.0480  0.0000  FuseMax2DPE_175
pe_11_5                              2684.5560      0.3    2048.5080     636.0480  0.0000  FuseMax2DPE_174
pe_11_6                              2682.4140      0.3    2046.3660     636.0480  0.0000  FuseMax2DPE_173
pe_11_7                              2684.4300      0.3    2048.3820     636.0480  0.0000  FuseMax2DPE_172
pe_11_8                              2682.7920      0.3    2046.7440     636.0480  0.0000  FuseMax2DPE_171
pe_11_9                              2683.2960      0.3    2047.2480     636.0480  0.0000  FuseMax2DPE_170
pe_12_0                              2686.5720      0.3    2051.5320     635.0400  0.0000  FuseMax2DPE_159
pe_12_1                              2684.9340      0.3    2048.8860     636.0480  0.0000  FuseMax2DPE_158
pe_12_10                             2682.7920      0.3    2046.7440     636.0480  0.0000  FuseMax2DPE_149
pe_12_11                             2684.8080      0.3    2048.7600     636.0480  0.0000  FuseMax2DPE_148
pe_12_12                             2683.9260      0.3    2047.8780     636.0480  0.0000  FuseMax2DPE_147
pe_12_13                             2683.0440      0.3    2046.9960     636.0480  0.0000  FuseMax2DPE_146
pe_12_14                             2683.6740      0.3    2047.6260     636.0480  0.0000  FuseMax2DPE_145
pe_12_15                             2684.4300      0.3    2048.3820     636.0480  0.0000  FuseMax2DPE_144
pe_12_16                             2683.1700      0.3    2047.1220     636.0480  0.0000  FuseMax2DPE_143
pe_12_17                             2683.0440      0.3    2046.9960     636.0480  0.0000  FuseMax2DPE_142
pe_12_18                             2682.4140      0.3    2046.3660     636.0480  0.0000  FuseMax2DPE_141
pe_12_19                             2682.4140      0.3    2046.3660     636.0480  0.0000  FuseMax2DPE_140
pe_12_2                              2683.1700      0.3    2047.1220     636.0480  0.0000  FuseMax2DPE_157
pe_12_3                              2683.1700      0.3    2047.1220     636.0480  0.0000  FuseMax2DPE_156
pe_12_4                              2684.9340      0.3    2048.8860     636.0480  0.0000  FuseMax2DPE_155
pe_12_5                              2684.1780      0.3    2048.1300     636.0480  0.0000  FuseMax2DPE_154
pe_12_6                              2682.4140      0.3    2046.3660     636.0480  0.0000  FuseMax2DPE_153
pe_12_7                              2683.9260      0.3    2047.8780     636.0480  0.0000  FuseMax2DPE_152
pe_12_8                              2682.7920      0.3    2046.7440     636.0480  0.0000  FuseMax2DPE_151
pe_12_9                              2684.4300      0.3    2048.3820     636.0480  0.0000  FuseMax2DPE_150
pe_13_0                              2685.8160      0.3    2050.7760     635.0400  0.0000  FuseMax2DPE_139
pe_13_1                              2683.2960      0.3    2047.2480     636.0480  0.0000  FuseMax2DPE_138
pe_13_10                             2684.0520      0.3    2048.0040     636.0480  0.0000  FuseMax2DPE_129
pe_13_11                             2682.4140      0.3    2046.3660     636.0480  0.0000  FuseMax2DPE_128
pe_13_12                             2685.6900      0.3    2049.6420     636.0480  0.0000  FuseMax2DPE_127
pe_13_13                             2684.4300      0.3    2048.3820     636.0480  0.0000  FuseMax2DPE_126
pe_13_14                             2682.4140      0.3    2046.3660     636.0480  0.0000  FuseMax2DPE_125
pe_13_15                             2683.1700      0.3    2047.1220     636.0480  0.0000  FuseMax2DPE_124
pe_13_16                             2682.4140      0.3    2046.3660     636.0480  0.0000  FuseMax2DPE_123
pe_13_17                             2682.4140      0.3    2046.3660     636.0480  0.0000  FuseMax2DPE_122
pe_13_18                             2682.6660      0.3    2046.6180     636.0480  0.0000  FuseMax2DPE_121
pe_13_19                             2681.9100      0.3    2045.8620     636.0480  0.0000  FuseMax2DPE_120
pe_13_2                              2683.4220      0.3    2047.3740     636.0480  0.0000  FuseMax2DPE_137
pe_13_3                              2683.4220      0.3    2047.3740     636.0480  0.0000  FuseMax2DPE_136
pe_13_4                              2683.5480      0.3    2047.5000     636.0480  0.0000  FuseMax2DPE_135
pe_13_5                              2684.4300      0.3    2048.3820     636.0480  0.0000  FuseMax2DPE_134
pe_13_6                              2683.0440      0.3    2046.9960     636.0480  0.0000  FuseMax2DPE_133
pe_13_7                              2683.5480      0.3    2047.5000     636.0480  0.0000  FuseMax2DPE_132
pe_13_8                              2683.0440      0.3    2046.9960     636.0480  0.0000  FuseMax2DPE_131
pe_13_9                              2683.8000      0.3    2047.7520     636.0480  0.0000  FuseMax2DPE_130
pe_14_0                              2687.7060      0.3    2052.6660     635.0400  0.0000  FuseMax2DPE_119
pe_14_1                              2684.9340      0.3    2048.8860     636.0480  0.0000  FuseMax2DPE_118
pe_14_10                             2683.0440      0.3    2046.9960     636.0480  0.0000  FuseMax2DPE_109
pe_14_11                             2684.3040      0.3    2048.2560     636.0480  0.0000  FuseMax2DPE_108
pe_14_12                             2683.6740      0.3    2047.6260     636.0480  0.0000  FuseMax2DPE_107
pe_14_13                             2684.9340      0.3    2048.8860     636.0480  0.0000  FuseMax2DPE_106
pe_14_14                             2684.6820      0.3    2048.6340     636.0480  0.0000  FuseMax2DPE_105
pe_14_15                             2684.1780      0.3    2048.1300     636.0480  0.0000  FuseMax2DPE_104
pe_14_16                             2684.0520      0.3    2048.0040     636.0480  0.0000  FuseMax2DPE_103
pe_14_17                             2684.1780      0.3    2048.1300     636.0480  0.0000  FuseMax2DPE_102
pe_14_18                             2682.4140      0.3    2046.3660     636.0480  0.0000  FuseMax2DPE_101
pe_14_19                             2683.2960      0.3    2047.2480     636.0480  0.0000  FuseMax2DPE_100
pe_14_2                              2682.6660      0.3    2046.6180     636.0480  0.0000  FuseMax2DPE_117
pe_14_3                              2682.4140      0.3    2046.3660     636.0480  0.0000  FuseMax2DPE_116
pe_14_4                              2683.0440      0.3    2046.9960     636.0480  0.0000  FuseMax2DPE_115
pe_14_5                              2685.6900      0.3    2049.6420     636.0480  0.0000  FuseMax2DPE_114
pe_14_6                              2684.4300      0.3    2048.3820     636.0480  0.0000  FuseMax2DPE_113
pe_14_7                              2683.9260      0.3    2047.8780     636.0480  0.0000  FuseMax2DPE_112
pe_14_8                              2682.9180      0.3    2046.8700     636.0480  0.0000  FuseMax2DPE_111
pe_14_9                              2684.1780      0.3    2048.1300     636.0480  0.0000  FuseMax2DPE_110
pe_15_0                              2685.8160      0.3    2050.7760     635.0400  0.0000  FuseMax2DPE_99
pe_15_1                              2683.5480      0.3    2047.5000     636.0480  0.0000  FuseMax2DPE_98
pe_15_10                             2685.3120      0.3    2049.2640     636.0480  0.0000  FuseMax2DPE_89
pe_15_11                             2684.3040      0.3    2048.2560     636.0480  0.0000  FuseMax2DPE_88
pe_15_12                             2684.5560      0.3    2048.5080     636.0480  0.0000  FuseMax2DPE_87
pe_15_13                             2686.1940      0.3    2050.1460     636.0480  0.0000  FuseMax2DPE_86
pe_15_14                             2684.8080      0.3    2048.7600     636.0480  0.0000  FuseMax2DPE_85
pe_15_15                             2683.9260      0.3    2047.8780     636.0480  0.0000  FuseMax2DPE_84
pe_15_16                             2684.0520      0.3    2048.0040     636.0480  0.0000  FuseMax2DPE_83
pe_15_17                             2684.1780      0.3    2048.1300     636.0480  0.0000  FuseMax2DPE_82
pe_15_18                             2683.9260      0.3    2047.8780     636.0480  0.0000  FuseMax2DPE_81
pe_15_19                             2681.1540      0.3    2045.1060     636.0480  0.0000  FuseMax2DPE_80
pe_15_2                              2684.8080      0.3    2048.7600     636.0480  0.0000  FuseMax2DPE_97
pe_15_3                              2684.6820      0.3    2048.6340     636.0480  0.0000  FuseMax2DPE_96
pe_15_4                              2684.3040      0.3    2048.2560     636.0480  0.0000  FuseMax2DPE_95
pe_15_5                              2683.2960      0.3    2047.2480     636.0480  0.0000  FuseMax2DPE_94
pe_15_6                              2683.0440      0.3    2046.9960     636.0480  0.0000  FuseMax2DPE_93
pe_15_7                              2684.4300      0.3    2048.3820     636.0480  0.0000  FuseMax2DPE_92
pe_15_8                              2682.9180      0.3    2046.8700     636.0480  0.0000  FuseMax2DPE_91
pe_15_9                              2682.7920      0.3    2046.7440     636.0480  0.0000  FuseMax2DPE_90
pe_16_0                              2686.1940      0.3    2051.1540     635.0400  0.0000  FuseMax2DPE_79
pe_16_1                              2682.7920      0.3    2046.7440     636.0480  0.0000  FuseMax2DPE_78
pe_16_10                             2684.4300      0.3    2048.3820     636.0480  0.0000  FuseMax2DPE_69
pe_16_11                             2683.9260      0.3    2047.8780     636.0480  0.0000  FuseMax2DPE_68
pe_16_12                             2684.6820      0.3    2048.6340     636.0480  0.0000  FuseMax2DPE_67
pe_16_13                             2684.9340      0.3    2048.8860     636.0480  0.0000  FuseMax2DPE_66
pe_16_14                             2684.3040      0.3    2048.2560     636.0480  0.0000  FuseMax2DPE_65
pe_16_15                             2685.0600      0.3    2049.0120     636.0480  0.0000  FuseMax2DPE_64
pe_16_16                             2682.6660      0.3    2046.6180     636.0480  0.0000  FuseMax2DPE_63
pe_16_17                             2684.0520      0.3    2048.0040     636.0480  0.0000  FuseMax2DPE_62
pe_16_18                             2682.4140      0.3    2046.3660     636.0480  0.0000  FuseMax2DPE_61
pe_16_19                             2682.1620      0.3    2046.1140     636.0480  0.0000  FuseMax2DPE_60
pe_16_2                              2683.2960      0.3    2047.2480     636.0480  0.0000  FuseMax2DPE_77
pe_16_3                              2684.1780      0.3    2048.1300     636.0480  0.0000  FuseMax2DPE_76
pe_16_4                              2684.0520      0.3    2048.0040     636.0480  0.0000  FuseMax2DPE_75
pe_16_5                              2682.4140      0.3    2046.3660     636.0480  0.0000  FuseMax2DPE_74
pe_16_6                              2686.5720      0.3    2050.5240     636.0480  0.0000  FuseMax2DPE_73
pe_16_7                              2684.3040      0.3    2048.2560     636.0480  0.0000  FuseMax2DPE_72
pe_16_8                              2682.9180      0.3    2046.8700     636.0480  0.0000  FuseMax2DPE_71
pe_16_9                              2683.0440      0.3    2046.9960     636.0480  0.0000  FuseMax2DPE_70
pe_17_0                              2688.3360      0.3    2053.2960     635.0400  0.0000  FuseMax2DPE_59
pe_17_1                              2684.5560      0.3    2048.5080     636.0480  0.0000  FuseMax2DPE_58
pe_17_10                             2684.3040      0.3    2048.2560     636.0480  0.0000  FuseMax2DPE_49
pe_17_11                             2682.9180      0.3    2046.8700     636.0480  0.0000  FuseMax2DPE_48
pe_17_12                             2683.0440      0.3    2046.9960     636.0480  0.0000  FuseMax2DPE_47
pe_17_13                             2683.6740      0.3    2047.6260     636.0480  0.0000  FuseMax2DPE_46
pe_17_14                             2685.4380      0.3    2049.3900     636.0480  0.0000  FuseMax2DPE_45
pe_17_15                             2685.5640      0.3    2049.5160     636.0480  0.0000  FuseMax2DPE_44
pe_17_16                             2683.8000      0.3    2047.7520     636.0480  0.0000  FuseMax2DPE_43
pe_17_17                             2684.4300      0.3    2048.3820     636.0480  0.0000  FuseMax2DPE_42
pe_17_18                             2684.4300      0.3    2048.3820     636.0480  0.0000  FuseMax2DPE_41
pe_17_19                             2683.1700      0.3    2047.1220     636.0480  0.0000  FuseMax2DPE_40
pe_17_2                              2683.8000      0.3    2047.7520     636.0480  0.0000  FuseMax2DPE_57
pe_17_3                              2684.6820      0.3    2048.6340     636.0480  0.0000  FuseMax2DPE_56
pe_17_4                              2683.4220      0.3    2047.3740     636.0480  0.0000  FuseMax2DPE_55
pe_17_5                              2684.1780      0.3    2048.1300     636.0480  0.0000  FuseMax2DPE_54
pe_17_6                              2684.4300      0.3    2048.3820     636.0480  0.0000  FuseMax2DPE_53
pe_17_7                              2684.0520      0.3    2048.0040     636.0480  0.0000  FuseMax2DPE_52
pe_17_8                              2684.0520      0.3    2048.0040     636.0480  0.0000  FuseMax2DPE_51
pe_17_9                              2683.8000      0.3    2047.7520     636.0480  0.0000  FuseMax2DPE_50
pe_18_0                              2687.5800      0.3    2052.5400     635.0400  0.0000  FuseMax2DPE_39
pe_18_1                              2685.0600      0.3    2049.0120     636.0480  0.0000  FuseMax2DPE_38
pe_18_10                             2685.1860      0.3    2049.3900     635.7960  0.0000  FuseMax2DPE_29
pe_18_11                             2685.1860      0.3    2049.3900     635.7960  0.0000  FuseMax2DPE_28
pe_18_12                             2683.8000      0.3    2048.0040     635.7960  0.0000  FuseMax2DPE_27
pe_18_13                             2684.4300      0.3    2048.6340     635.7960  0.0000  FuseMax2DPE_26
pe_18_14                             2685.4380      0.3    2049.6420     635.7960  0.0000  FuseMax2DPE_25
pe_18_15                             2684.4300      0.3    2048.6340     635.7960  0.0000  FuseMax2DPE_24
pe_18_16                             2683.2960      0.3    2047.5000     635.7960  0.0000  FuseMax2DPE_23
pe_18_17                             2686.9500      0.3    2051.1540     635.7960  0.0000  FuseMax2DPE_22
pe_18_18                             2685.8160      0.3    2050.0200     635.7960  0.0000  FuseMax2DPE_21
pe_18_19                             2683.8000      0.3    2048.0040     635.7960  0.0000  FuseMax2DPE_20
pe_18_2                              2683.1700      0.3    2047.1220     636.0480  0.0000  FuseMax2DPE_37
pe_18_3                              2684.0520      0.3    2048.1300     635.9220  0.0000  FuseMax2DPE_36
pe_18_4                              2683.8000      0.3    2048.0040     635.7960  0.0000  FuseMax2DPE_35
pe_18_5                              2685.6900      0.3    2049.8940     635.7960  0.0000  FuseMax2DPE_34
pe_18_6                              2684.6820      0.3    2048.8860     635.7960  0.0000  FuseMax2DPE_33
pe_18_7                              2685.9420      0.3    2050.1460     635.7960  0.0000  FuseMax2DPE_32
pe_18_8                              2685.4380      0.3    2049.6420     635.7960  0.0000  FuseMax2DPE_31
pe_18_9                              2685.5640      0.3    2049.7680     635.7960  0.0000  FuseMax2DPE_30
pe_19_0                              2612.3580      0.2    1977.1920     635.1660  0.0000  FuseMax2DPE_19
pe_19_1                              2610.3420      0.2    1973.6640     636.6780  0.0000  FuseMax2DPE_18
pe_19_10                             2618.9100      0.2    1982.8620     636.0480  0.0000  FuseMax2DPE_9
pe_19_11                             2621.0520      0.2    1984.6260     636.4260  0.0000  FuseMax2DPE_8
pe_19_12                             2606.9400      0.2    1969.6320     637.3080  0.0000  FuseMax2DPE_7
pe_19_13                             2610.2160      0.2    1973.1600     637.0560  0.0000  FuseMax2DPE_6
pe_19_14                             2609.2080      0.2    1972.7820     636.4260  0.0000  FuseMax2DPE_5
pe_19_15                             2617.5240      0.2    1981.6020     635.9220  0.0000  FuseMax2DPE_4
pe_19_16                             2611.9800      0.2    1975.0500     636.9300  0.0000  FuseMax2DPE_3
pe_19_17                             2618.5320      0.2    1982.4840     636.0480  0.0000  FuseMax2DPE_2
pe_19_18                             2615.8860      0.2    1979.7120     636.1740  0.0000  FuseMax2DPE_1
pe_19_19                             2626.4700      0.2    1990.5480     635.9220  0.0000  FuseMax2DPE_0
pe_19_2                              2617.7760      0.2    1980.9720     636.8040  0.0000  FuseMax2DPE_17
pe_19_3                              2607.0660      0.2    1970.1360     636.9300  0.0000  FuseMax2DPE_16
pe_19_4                              2600.2620      0.2    1964.2140     636.0480  0.0000  FuseMax2DPE_15
pe_19_5                              2607.3180      0.2    1971.0180     636.3000  0.0000  FuseMax2DPE_14
pe_19_6                              2612.1060      0.2    1975.8060     636.3000  0.0000  FuseMax2DPE_13
pe_19_7                              2604.9240      0.2    1967.9940     636.9300  0.0000  FuseMax2DPE_12
pe_19_8                              2612.7360      0.2    1975.8060     636.9300  0.0000  FuseMax2DPE_11
pe_19_9                              2612.1060      0.2    1974.6720     637.4340  0.0000  FuseMax2DPE_10
pe_1_0                               2686.9500      0.3    2051.9100     635.0400  0.0000  FuseMax2DPE_379
pe_1_1                               2683.2960      0.3    2047.2480     636.0480  0.0000  FuseMax2DPE_378
pe_1_10                              2684.8080      0.3    2048.7600     636.0480  0.0000  FuseMax2DPE_369
pe_1_11                              2683.9260      0.3    2047.8780     636.0480  0.0000  FuseMax2DPE_368
pe_1_12                              2683.0440      0.3    2046.9960     636.0480  0.0000  FuseMax2DPE_367
pe_1_13                              2682.4140      0.3    2046.3660     636.0480  0.0000  FuseMax2DPE_366
pe_1_14                              2684.4300      0.3    2048.3820     636.0480  0.0000  FuseMax2DPE_365
pe_1_15                              2684.1780      0.3    2048.1300     636.0480  0.0000  FuseMax2DPE_364
pe_1_16                              2684.3040      0.3    2048.2560     636.0480  0.0000  FuseMax2DPE_363
pe_1_17                              2684.9340      0.3    2048.8860     636.0480  0.0000  FuseMax2DPE_362
pe_1_18                              2683.0440      0.3    2046.9960     636.0480  0.0000  FuseMax2DPE_361
pe_1_19                              2682.6660      0.3    2046.6180     636.0480  0.0000  FuseMax2DPE_360
pe_1_2                               2682.4140      0.3    2046.3660     636.0480  0.0000  FuseMax2DPE_377
pe_1_3                               2684.0520      0.3    2048.0040     636.0480  0.0000  FuseMax2DPE_376
pe_1_4                               2682.9180      0.3    2046.8700     636.0480  0.0000  FuseMax2DPE_375
pe_1_5                               2683.9260      0.3    2047.8780     636.0480  0.0000  FuseMax2DPE_374
pe_1_6                               2685.4380      0.3    2049.3900     636.0480  0.0000  FuseMax2DPE_373
pe_1_7                               2684.9340      0.3    2048.8860     636.0480  0.0000  FuseMax2DPE_372
pe_1_8                               2685.3120      0.3    2049.2640     636.0480  0.0000  FuseMax2DPE_371
pe_1_9                               2683.1700      0.3    2047.1220     636.0480  0.0000  FuseMax2DPE_370
pe_2_0                               2685.4380      0.3    2050.3980     635.0400  0.0000  FuseMax2DPE_359
pe_2_1                               2683.0440      0.3    2046.9960     636.0480  0.0000  FuseMax2DPE_358
pe_2_10                              2684.4300      0.3    2048.3820     636.0480  0.0000  FuseMax2DPE_349
pe_2_11                              2683.1700      0.3    2047.1220     636.0480  0.0000  FuseMax2DPE_348
pe_2_12                              2684.4300      0.3    2048.3820     636.0480  0.0000  FuseMax2DPE_347
pe_2_13                              2684.5560      0.3    2048.5080     636.0480  0.0000  FuseMax2DPE_346
pe_2_14                              2685.8160      0.3    2049.7680     636.0480  0.0000  FuseMax2DPE_345
pe_2_15                              2684.3040      0.3    2048.2560     636.0480  0.0000  FuseMax2DPE_344
pe_2_16                              2684.9340      0.3    2048.8860     636.0480  0.0000  FuseMax2DPE_343
pe_2_17                              2683.6740      0.3    2047.6260     636.0480  0.0000  FuseMax2DPE_342
pe_2_18                              2682.7920      0.3    2046.7440     636.0480  0.0000  FuseMax2DPE_341
pe_2_19                              2683.6740      0.3    2047.6260     636.0480  0.0000  FuseMax2DPE_340
pe_2_2                               2684.0520      0.3    2048.0040     636.0480  0.0000  FuseMax2DPE_357
pe_2_3                               2682.4140      0.3    2046.3660     636.0480  0.0000  FuseMax2DPE_356
pe_2_4                               2683.8000      0.3    2047.7520     636.0480  0.0000  FuseMax2DPE_355
pe_2_5                               2682.7920      0.3    2046.7440     636.0480  0.0000  FuseMax2DPE_354
pe_2_6                               2685.4380      0.3    2049.3900     636.0480  0.0000  FuseMax2DPE_353
pe_2_7                               2683.9260      0.3    2047.8780     636.0480  0.0000  FuseMax2DPE_352
pe_2_8                               2684.1780      0.3    2048.1300     636.0480  0.0000  FuseMax2DPE_351
pe_2_9                               2683.2960      0.3    2047.2480     636.0480  0.0000  FuseMax2DPE_350
pe_3_0                               2687.2020      0.3    2052.1620     635.0400  0.0000  FuseMax2DPE_339
pe_3_1                               2683.6740      0.3    2047.6260     636.0480  0.0000  FuseMax2DPE_338
pe_3_10                              2682.7920      0.3    2046.7440     636.0480  0.0000  FuseMax2DPE_329
pe_3_11                              2683.9260      0.3    2047.8780     636.0480  0.0000  FuseMax2DPE_328
pe_3_12                              2684.9340      0.3    2048.8860     636.0480  0.0000  FuseMax2DPE_327
pe_3_13                              2684.6820      0.3    2048.6340     636.0480  0.0000  FuseMax2DPE_326
pe_3_14                              2682.7920      0.3    2046.7440     636.0480  0.0000  FuseMax2DPE_325
pe_3_15                              2684.1780      0.3    2048.1300     636.0480  0.0000  FuseMax2DPE_324
pe_3_16                              2684.6820      0.3    2048.6340     636.0480  0.0000  FuseMax2DPE_323
pe_3_17                              2684.6820      0.3    2048.6340     636.0480  0.0000  FuseMax2DPE_322
pe_3_18                              2682.9180      0.3    2046.8700     636.0480  0.0000  FuseMax2DPE_321
pe_3_19                              2682.6660      0.3    2046.6180     636.0480  0.0000  FuseMax2DPE_320
pe_3_2                               2684.8080      0.3    2048.7600     636.0480  0.0000  FuseMax2DPE_337
pe_3_3                               2684.4300      0.3    2048.3820     636.0480  0.0000  FuseMax2DPE_336
pe_3_4                               2684.0520      0.3    2048.0040     636.0480  0.0000  FuseMax2DPE_335
pe_3_5                               2683.6740      0.3    2047.6260     636.0480  0.0000  FuseMax2DPE_334
pe_3_6                               2684.5560      0.3    2048.5080     636.0480  0.0000  FuseMax2DPE_333
pe_3_7                               2685.8160      0.3    2049.7680     636.0480  0.0000  FuseMax2DPE_332
pe_3_8                               2683.1700      0.3    2047.1220     636.0480  0.0000  FuseMax2DPE_331
pe_3_9                               2682.7920      0.3    2046.7440     636.0480  0.0000  FuseMax2DPE_330
pe_4_0                               2685.3120      0.3    2050.2720     635.0400  0.0000  FuseMax2DPE_319
pe_4_1                               2684.4300      0.3    2048.3820     636.0480  0.0000  FuseMax2DPE_318
pe_4_10                              2684.3040      0.3    2048.2560     636.0480  0.0000  FuseMax2DPE_309
pe_4_11                              2684.4300      0.3    2048.3820     636.0480  0.0000  FuseMax2DPE_308
pe_4_12                              2684.0520      0.3    2048.0040     636.0480  0.0000  FuseMax2DPE_307
pe_4_13                              2684.0520      0.3    2048.0040     636.0480  0.0000  FuseMax2DPE_306
pe_4_14                              2684.5560      0.3    2048.5080     636.0480  0.0000  FuseMax2DPE_305
pe_4_15                              2685.6900      0.3    2049.6420     636.0480  0.0000  FuseMax2DPE_304
pe_4_16                              2684.9340      0.3    2048.8860     636.0480  0.0000  FuseMax2DPE_303
pe_4_17                              2682.4140      0.3    2046.3660     636.0480  0.0000  FuseMax2DPE_302
pe_4_18                              2683.4220      0.3    2047.3740     636.0480  0.0000  FuseMax2DPE_301
pe_4_19                              2682.7920      0.3    2046.7440     636.0480  0.0000  FuseMax2DPE_300
pe_4_2                               2684.0520      0.3    2048.0040     636.0480  0.0000  FuseMax2DPE_317
pe_4_3                               2683.1700      0.3    2047.1220     636.0480  0.0000  FuseMax2DPE_316
pe_4_4                               2684.8080      0.3    2048.7600     636.0480  0.0000  FuseMax2DPE_315
pe_4_5                               2684.4300      0.3    2048.3820     636.0480  0.0000  FuseMax2DPE_314
pe_4_6                               2684.1780      0.3    2048.1300     636.0480  0.0000  FuseMax2DPE_313
pe_4_7                               2684.6820      0.3    2048.6340     636.0480  0.0000  FuseMax2DPE_312
pe_4_8                               2684.5560      0.3    2048.5080     636.0480  0.0000  FuseMax2DPE_311
pe_4_9                               2684.6820      0.3    2048.6340     636.0480  0.0000  FuseMax2DPE_310
pe_5_0                               2685.4380      0.3    2050.3980     635.0400  0.0000  FuseMax2DPE_299
pe_5_1                               2683.4220      0.3    2047.3740     636.0480  0.0000  FuseMax2DPE_298
pe_5_10                              2683.6740      0.3    2047.6260     636.0480  0.0000  FuseMax2DPE_289
pe_5_11                              2683.6740      0.3    2047.6260     636.0480  0.0000  FuseMax2DPE_288
pe_5_12                              2683.2960      0.3    2047.2480     636.0480  0.0000  FuseMax2DPE_287
pe_5_13                              2682.4140      0.3    2046.3660     636.0480  0.0000  FuseMax2DPE_286
pe_5_14                              2683.4220      0.3    2047.3740     636.0480  0.0000  FuseMax2DPE_285
pe_5_15                              2683.1700      0.3    2047.1220     636.0480  0.0000  FuseMax2DPE_284
pe_5_16                              2683.6740      0.3    2047.6260     636.0480  0.0000  FuseMax2DPE_283
pe_5_17                              2683.4220      0.3    2047.3740     636.0480  0.0000  FuseMax2DPE_282
pe_5_18                              2683.1700      0.3    2047.1220     636.0480  0.0000  FuseMax2DPE_281
pe_5_19                              2683.2960      0.3    2047.2480     636.0480  0.0000  FuseMax2DPE_280
pe_5_2                               2684.3040      0.3    2048.2560     636.0480  0.0000  FuseMax2DPE_297
pe_5_3                               2682.7920      0.3    2046.7440     636.0480  0.0000  FuseMax2DPE_296
pe_5_4                               2682.9180      0.3    2046.8700     636.0480  0.0000  FuseMax2DPE_295
pe_5_5                               2683.6740      0.3    2047.6260     636.0480  0.0000  FuseMax2DPE_294
pe_5_6                               2683.2960      0.3    2047.2480     636.0480  0.0000  FuseMax2DPE_293
pe_5_7                               2682.7920      0.3    2046.7440     636.0480  0.0000  FuseMax2DPE_292
pe_5_8                               2685.8160      0.3    2049.7680     636.0480  0.0000  FuseMax2DPE_291
pe_5_9                               2684.0520      0.3    2048.0040     636.0480  0.0000  FuseMax2DPE_290
pe_6_0                               2685.8160      0.3    2050.7760     635.0400  0.0000  FuseMax2DPE_279
pe_6_1                               2684.9340      0.3    2048.8860     636.0480  0.0000  FuseMax2DPE_278
pe_6_10                              2683.4220      0.3    2047.3740     636.0480  0.0000  FuseMax2DPE_269
pe_6_11                              2683.4220      0.3    2047.3740     636.0480  0.0000  FuseMax2DPE_268
pe_6_12                              2683.1700      0.3    2047.1220     636.0480  0.0000  FuseMax2DPE_267
pe_6_13                              2684.3040      0.3    2048.2560     636.0480  0.0000  FuseMax2DPE_266
pe_6_14                              2684.9340      0.3    2048.8860     636.0480  0.0000  FuseMax2DPE_265
pe_6_15                              2684.5560      0.3    2048.5080     636.0480  0.0000  FuseMax2DPE_264
pe_6_16                              2687.0760      0.3    2051.0280     636.0480  0.0000  FuseMax2DPE_263
pe_6_17                              2685.5640      0.3    2049.5160     636.0480  0.0000  FuseMax2DPE_262
pe_6_18                              2682.4140      0.3    2046.3660     636.0480  0.0000  FuseMax2DPE_261
pe_6_19                              2681.9100      0.3    2045.8620     636.0480  0.0000  FuseMax2DPE_260
pe_6_2                               2682.7920      0.3    2046.7440     636.0480  0.0000  FuseMax2DPE_277
pe_6_3                               2684.8080      0.3    2048.7600     636.0480  0.0000  FuseMax2DPE_276
pe_6_4                               2683.0440      0.3    2046.9960     636.0480  0.0000  FuseMax2DPE_275
pe_6_5                               2682.7920      0.3    2046.7440     636.0480  0.0000  FuseMax2DPE_274
pe_6_6                               2683.5480      0.3    2047.5000     636.0480  0.0000  FuseMax2DPE_273
pe_6_7                               2683.9260      0.3    2047.8780     636.0480  0.0000  FuseMax2DPE_272
pe_6_8                               2683.6740      0.3    2047.6260     636.0480  0.0000  FuseMax2DPE_271
pe_6_9                               2684.6820      0.3    2048.6340     636.0480  0.0000  FuseMax2DPE_270
pe_7_0                               2686.6980      0.3    2051.6580     635.0400  0.0000  FuseMax2DPE_259
pe_7_1                               2683.0440      0.3    2046.9960     636.0480  0.0000  FuseMax2DPE_258
pe_7_10                              2682.9180      0.3    2046.8700     636.0480  0.0000  FuseMax2DPE_249
pe_7_11                              2683.9260      0.3    2047.8780     636.0480  0.0000  FuseMax2DPE_248
pe_7_12                              2683.6740      0.3    2047.6260     636.0480  0.0000  FuseMax2DPE_247
pe_7_13                              2684.4300      0.3    2048.3820     636.0480  0.0000  FuseMax2DPE_246
pe_7_14                              2683.6740      0.3    2047.6260     636.0480  0.0000  FuseMax2DPE_245
pe_7_15                              2683.8000      0.3    2047.7520     636.0480  0.0000  FuseMax2DPE_244
pe_7_16                              2683.2960      0.3    2047.2480     636.0480  0.0000  FuseMax2DPE_243
pe_7_17                              2682.4140      0.3    2046.3660     636.0480  0.0000  FuseMax2DPE_242
pe_7_18                              2684.5560      0.3    2048.5080     636.0480  0.0000  FuseMax2DPE_241
pe_7_19                              2682.9180      0.3    2046.8700     636.0480  0.0000  FuseMax2DPE_240
pe_7_2                               2683.4220      0.3    2047.3740     636.0480  0.0000  FuseMax2DPE_257
pe_7_3                               2682.7920      0.3    2046.7440     636.0480  0.0000  FuseMax2DPE_256
pe_7_4                               2684.0520      0.3    2048.0040     636.0480  0.0000  FuseMax2DPE_255
pe_7_5                               2684.4300      0.3    2048.3820     636.0480  0.0000  FuseMax2DPE_254
pe_7_6                               2684.1780      0.3    2048.1300     636.0480  0.0000  FuseMax2DPE_253
pe_7_7                               2682.7920      0.3    2046.7440     636.0480  0.0000  FuseMax2DPE_252
pe_7_8                               2683.6740      0.3    2047.6260     636.0480  0.0000  FuseMax2DPE_251
pe_7_9                               2686.1940      0.3    2050.1460     636.0480  0.0000  FuseMax2DPE_250
pe_8_0                               2687.4540      0.3    2052.4140     635.0400  0.0000  FuseMax2DPE_239
pe_8_1                               2684.4300      0.3    2048.3820     636.0480  0.0000  FuseMax2DPE_238
pe_8_10                              2683.5480      0.3    2047.5000     636.0480  0.0000  FuseMax2DPE_229
pe_8_11                              2684.0520      0.3    2048.0040     636.0480  0.0000  FuseMax2DPE_228
pe_8_12                              2684.0520      0.3    2048.0040     636.0480  0.0000  FuseMax2DPE_227
pe_8_13                              2683.9260      0.3    2047.8780     636.0480  0.0000  FuseMax2DPE_226
pe_8_14                              2683.8000      0.3    2047.7520     636.0480  0.0000  FuseMax2DPE_225
pe_8_15                              2684.1780      0.3    2048.1300     636.0480  0.0000  FuseMax2DPE_224
pe_8_16                              2684.3040      0.3    2048.2560     636.0480  0.0000  FuseMax2DPE_223
pe_8_17                              2685.3120      0.3    2049.2640     636.0480  0.0000  FuseMax2DPE_222
pe_8_18                              2682.6660      0.3    2046.6180     636.0480  0.0000  FuseMax2DPE_221
pe_8_19                              2681.5320      0.3    2045.4840     636.0480  0.0000  FuseMax2DPE_220
pe_8_2                               2685.3120      0.3    2049.2640     636.0480  0.0000  FuseMax2DPE_237
pe_8_3                               2682.9180      0.3    2046.8700     636.0480  0.0000  FuseMax2DPE_236
pe_8_4                               2683.0440      0.3    2046.9960     636.0480  0.0000  FuseMax2DPE_235
pe_8_5                               2683.4220      0.3    2047.3740     636.0480  0.0000  FuseMax2DPE_234
pe_8_6                               2684.0520      0.3    2048.0040     636.0480  0.0000  FuseMax2DPE_233
pe_8_7                               2682.7920      0.3    2046.7440     636.0480  0.0000  FuseMax2DPE_232
pe_8_8                               2682.7920      0.3    2046.7440     636.0480  0.0000  FuseMax2DPE_231
pe_8_9                               2685.0600      0.3    2049.0120     636.0480  0.0000  FuseMax2DPE_230
pe_9_0                               2689.2180      0.3    2054.1780     635.0400  0.0000  FuseMax2DPE_219
pe_9_1                               2684.0520      0.3    2048.0040     636.0480  0.0000  FuseMax2DPE_218
pe_9_10                              2685.5640      0.3    2049.5160     636.0480  0.0000  FuseMax2DPE_209
pe_9_11                              2684.1780      0.3    2048.1300     636.0480  0.0000  FuseMax2DPE_208
pe_9_12                              2683.9260      0.3    2047.8780     636.0480  0.0000  FuseMax2DPE_207
pe_9_13                              2683.1700      0.3    2047.1220     636.0480  0.0000  FuseMax2DPE_206
pe_9_14                              2682.6660      0.3    2046.6180     636.0480  0.0000  FuseMax2DPE_205
pe_9_15                              2684.4300      0.3    2048.3820     636.0480  0.0000  FuseMax2DPE_204
pe_9_16                              2684.6820      0.3    2048.6340     636.0480  0.0000  FuseMax2DPE_203
pe_9_17                              2684.8080      0.3    2048.7600     636.0480  0.0000  FuseMax2DPE_202
pe_9_18                              2683.5480      0.3    2047.5000     636.0480  0.0000  FuseMax2DPE_201
pe_9_19                              2681.9100      0.3    2045.8620     636.0480  0.0000  FuseMax2DPE_200
pe_9_2                               2682.7920      0.3    2046.7440     636.0480  0.0000  FuseMax2DPE_217
pe_9_3                               2682.7920      0.3    2046.7440     636.0480  0.0000  FuseMax2DPE_216
pe_9_4                               2683.8000      0.3    2047.7520     636.0480  0.0000  FuseMax2DPE_215
pe_9_5                               2684.6820      0.3    2048.6340     636.0480  0.0000  FuseMax2DPE_214
pe_9_6                               2682.4140      0.3    2046.3660     636.0480  0.0000  FuseMax2DPE_213
pe_9_7                               2684.8080      0.3    2048.7600     636.0480  0.0000  FuseMax2DPE_212
pe_9_8                               2682.4140      0.3    2046.3660     636.0480  0.0000  FuseMax2DPE_211
pe_9_9                               2683.9260      0.3    2047.8780     636.0480  0.0000  FuseMax2DPE_210
--------------------------------  ------------  -------  -----------  -----------  ------  ---------------
Total                                                    817755.7498  254404.7082  0.0000

1
