 
****************************************
Report : power
        -hier
        -analysis_effort low
Design : SystolicArray
Version: V-2023.12
Date   : Mon Apr  6 05:37:28 2026
****************************************


Library(s) Used:

    tcbn28hpcplusbwp30p140ffg0p99v0c_ccs (File: /hpc/Tech/TSMC/digital/N28/digital/Front_End/timing_power_noise/CCS/tcbn28hpcplusbwp30p140_180a/tcbn28hpcplusbwp30p140ffg0p99v0c_ccs.db)


Operating Conditions: ffg0p99v0c   Library: tcbn28hpcplusbwp30p140ffg0p99v0c_ccs
Wire Load Model Mode: segmented

Design        Wire Load Model            Library
------------------------------------------------
SystolicArray          ZeroWireload      tcbn28hpcplusbwp30p140ffg0p99v0c_ccs
StripPair_71           ZeroWireload      tcbn28hpcplusbwp30p140ffg0p99v0c_ccs
StripPair_66           ZeroWireload      tcbn28hpcplusbwp30p140ffg0p99v0c_ccs
StripPair_65           ZeroWireload      tcbn28hpcplusbwp30p140ffg0p99v0c_ccs
StripPair_60           ZeroWireload      tcbn28hpcplusbwp30p140ffg0p99v0c_ccs
StripPair_1            ZeroWireload      tcbn28hpcplusbwp30p140ffg0p99v0c_ccs
StripPair_2            ZeroWireload      tcbn28hpcplusbwp30p140ffg0p99v0c_ccs
StripPair_3            ZeroWireload      tcbn28hpcplusbwp30p140ffg0p99v0c_ccs
StripPair_4            ZeroWireload      tcbn28hpcplusbwp30p140ffg0p99v0c_ccs
StripPair_5            ZeroWireload      tcbn28hpcplusbwp30p140ffg0p99v0c_ccs
StripPair_7            ZeroWireload      tcbn28hpcplusbwp30p140ffg0p99v0c_ccs
StripPair_8            ZeroWireload      tcbn28hpcplusbwp30p140ffg0p99v0c_ccs
StripPair_9            ZeroWireload      tcbn28hpcplusbwp30p140ffg0p99v0c_ccs
StripPair_10           ZeroWireload      tcbn28hpcplusbwp30p140ffg0p99v0c_ccs
StripPair_11           ZeroWireload      tcbn28hpcplusbwp30p140ffg0p99v0c_ccs
StripPair_13           ZeroWireload      tcbn28hpcplusbwp30p140ffg0p99v0c_ccs
StripPair_14           ZeroWireload      tcbn28hpcplusbwp30p140ffg0p99v0c_ccs
StripPair_15           ZeroWireload      tcbn28hpcplusbwp30p140ffg0p99v0c_ccs
StripPair_16           ZeroWireload      tcbn28hpcplusbwp30p140ffg0p99v0c_ccs
StripPair_17           ZeroWireload      tcbn28hpcplusbwp30p140ffg0p99v0c_ccs
StripPair_19           ZeroWireload      tcbn28hpcplusbwp30p140ffg0p99v0c_ccs
StripPair_20           ZeroWireload      tcbn28hpcplusbwp30p140ffg0p99v0c_ccs
StripPair_21           ZeroWireload      tcbn28hpcplusbwp30p140ffg0p99v0c_ccs
StripPair_22           ZeroWireload      tcbn28hpcplusbwp30p140ffg0p99v0c_ccs
StripPair_23           ZeroWireload      tcbn28hpcplusbwp30p140ffg0p99v0c_ccs
StripPair_25           ZeroWireload      tcbn28hpcplusbwp30p140ffg0p99v0c_ccs
StripPair_26           ZeroWireload      tcbn28hpcplusbwp30p140ffg0p99v0c_ccs
StripPair_27           ZeroWireload      tcbn28hpcplusbwp30p140ffg0p99v0c_ccs
StripPair_28           ZeroWireload      tcbn28hpcplusbwp30p140ffg0p99v0c_ccs
StripPair_29           ZeroWireload      tcbn28hpcplusbwp30p140ffg0p99v0c_ccs
StripPair_31           ZeroWireload      tcbn28hpcplusbwp30p140ffg0p99v0c_ccs
StripPair_32           ZeroWireload      tcbn28hpcplusbwp30p140ffg0p99v0c_ccs
StripPair_33           ZeroWireload      tcbn28hpcplusbwp30p140ffg0p99v0c_ccs
StripPair_34           ZeroWireload      tcbn28hpcplusbwp30p140ffg0p99v0c_ccs
StripPair_35           ZeroWireload      tcbn28hpcplusbwp30p140ffg0p99v0c_ccs
StripPair_37           ZeroWireload      tcbn28hpcplusbwp30p140ffg0p99v0c_ccs
StripPair_38           ZeroWireload      tcbn28hpcplusbwp30p140ffg0p99v0c_ccs
StripPair_39           ZeroWireload      tcbn28hpcplusbwp30p140ffg0p99v0c_ccs
StripPair_40           ZeroWireload      tcbn28hpcplusbwp30p140ffg0p99v0c_ccs
StripPair_41           ZeroWireload      tcbn28hpcplusbwp30p140ffg0p99v0c_ccs
StripPair_43           ZeroWireload      tcbn28hpcplusbwp30p140ffg0p99v0c_ccs
StripPair_44           ZeroWireload      tcbn28hpcplusbwp30p140ffg0p99v0c_ccs
StripPair_45           ZeroWireload      tcbn28hpcplusbwp30p140ffg0p99v0c_ccs
StripPair_46           ZeroWireload      tcbn28hpcplusbwp30p140ffg0p99v0c_ccs
StripPair_47           ZeroWireload      tcbn28hpcplusbwp30p140ffg0p99v0c_ccs
StripPair_49           ZeroWireload      tcbn28hpcplusbwp30p140ffg0p99v0c_ccs
StripPair_50           ZeroWireload      tcbn28hpcplusbwp30p140ffg0p99v0c_ccs
StripPair_51           ZeroWireload      tcbn28hpcplusbwp30p140ffg0p99v0c_ccs
StripPair_52           ZeroWireload      tcbn28hpcplusbwp30p140ffg0p99v0c_ccs
StripPair_53           ZeroWireload      tcbn28hpcplusbwp30p140ffg0p99v0c_ccs
StripPair_55           ZeroWireload      tcbn28hpcplusbwp30p140ffg0p99v0c_ccs
StripPair_56           ZeroWireload      tcbn28hpcplusbwp30p140ffg0p99v0c_ccs
StripPair_57           ZeroWireload      tcbn28hpcplusbwp30p140ffg0p99v0c_ccs
StripPair_58           ZeroWireload      tcbn28hpcplusbwp30p140ffg0p99v0c_ccs
StripPair_59           ZeroWireload      tcbn28hpcplusbwp30p140ffg0p99v0c_ccs
StripPair_61           ZeroWireload      tcbn28hpcplusbwp30p140ffg0p99v0c_ccs
StripPair_62           ZeroWireload      tcbn28hpcplusbwp30p140ffg0p99v0c_ccs
StripPair_63           ZeroWireload      tcbn28hpcplusbwp30p140ffg0p99v0c_ccs
StripPair_64           ZeroWireload      tcbn28hpcplusbwp30p140ffg0p99v0c_ccs
StripPair_67           ZeroWireload      tcbn28hpcplusbwp30p140ffg0p99v0c_ccs
StripPair_68           ZeroWireload      tcbn28hpcplusbwp30p140ffg0p99v0c_ccs
StripPair_69           ZeroWireload      tcbn28hpcplusbwp30p140ffg0p99v0c_ccs
StripPair_70           ZeroWireload      tcbn28hpcplusbwp30p140ffg0p99v0c_ccs
StripPair_0            ZeroWireload      tcbn28hpcplusbwp30p140ffg0p99v0c_ccs
StripPair_6            ZeroWireload      tcbn28hpcplusbwp30p140ffg0p99v0c_ccs
StripPair_12           ZeroWireload      tcbn28hpcplusbwp30p140ffg0p99v0c_ccs
StripPair_18           ZeroWireload      tcbn28hpcplusbwp30p140ffg0p99v0c_ccs
StripPair_24           ZeroWireload      tcbn28hpcplusbwp30p140ffg0p99v0c_ccs
StripPair_30           ZeroWireload      tcbn28hpcplusbwp30p140ffg0p99v0c_ccs
StripPair_36           ZeroWireload      tcbn28hpcplusbwp30p140ffg0p99v0c_ccs
StripPair_42           ZeroWireload      tcbn28hpcplusbwp30p140ffg0p99v0c_ccs
StripPair_48           ZeroWireload      tcbn28hpcplusbwp30p140ffg0p99v0c_ccs
StripPair_54           ZeroWireload      tcbn28hpcplusbwp30p140ffg0p99v0c_ccs


Global Operating Voltage = 0.99 
Power-specific unit information :
    Voltage Units = 1V
    Capacitance Units = 1.000000pf
    Time Units = 1ns
    Dynamic Power Units = 1mW    (derived from V,C,T units)
    Leakage Power Units = 1nW


--------------------------------------------------------------------------------
                                       Switch   Int      Leak     Total
Hierarchy                              Power    Power    Power    Power    %
--------------------------------------------------------------------------------
SystolicArray                             4.617   24.706 6.45e+05   29.967 100.0
  pairs_5_11 (StripPair_0)             2.46e-02    0.290 8.87e+03    0.324   1.1
  pairs_4_11 (StripPair_1)             3.18e-02    0.304 8.97e+03    0.345   1.1
  pairs_3_11 (StripPair_2)             4.01e-02    0.309 8.80e+03    0.358   1.2
  pairs_2_11 (StripPair_3)             5.48e-02    0.331 8.91e+03    0.394   1.3
  pairs_1_11 (StripPair_4)             7.20e-02    0.350 9.05e+03    0.432   1.4
  pairs_0_11 (StripPair_5)                0.103    0.379 8.88e+03    0.492   1.6
  pairs_5_10 (StripPair_6)             2.61e-02    0.296 8.98e+03    0.331   1.1
  pairs_4_10 (StripPair_7)             3.34e-02    0.310 9.05e+03    0.353   1.2
  pairs_3_10 (StripPair_8)             4.34e-02    0.322 9.11e+03    0.374   1.2
  pairs_2_10 (StripPair_9)             5.60e-02    0.335 8.94e+03    0.400   1.3
  pairs_1_10 (StripPair_10)            7.82e-02    0.362 9.13e+03    0.449   1.5
  pairs_0_10 (StripPair_11)               0.108    0.396 9.13e+03    0.512   1.7
  pairs_5_9 (StripPair_12)             2.83e-02    0.296 8.94e+03    0.333   1.1
  pairs_4_9 (StripPair_13)             3.64e-02    0.313 9.03e+03    0.358   1.2
  pairs_3_9 (StripPair_14)             4.64e-02    0.323 9.13e+03    0.378   1.3
  pairs_2_9 (StripPair_15)             6.09e-02    0.338 8.99e+03    0.407   1.4
  pairs_1_9 (StripPair_16)             8.13e-02    0.362 9.01e+03    0.452   1.5
  pairs_0_9 (StripPair_17)                0.111    0.391 9.13e+03    0.511   1.7
  pairs_5_8 (StripPair_18)             3.19e-02    0.299 8.92e+03    0.340   1.1
  pairs_4_8 (StripPair_19)             4.00e-02    0.319 9.17e+03    0.368   1.2
  pairs_3_8 (StripPair_20)             5.05e-02    0.328 9.11e+03    0.387   1.3
  pairs_2_8 (StripPair_21)             6.58e-02    0.350 9.10e+03    0.424   1.4
  pairs_1_8 (StripPair_22)             8.79e-02    0.374 9.03e+03    0.471   1.6
  pairs_0_8 (StripPair_23)                0.117    0.408 9.20e+03    0.534   1.8
  pairs_5_7 (StripPair_24)             3.58e-02    0.308 9.00e+03    0.353   1.2
  pairs_4_7 (StripPair_25)             4.45e-02    0.320 9.08e+03    0.374   1.2
  pairs_3_7 (StripPair_26)             5.44e-02    0.336 9.07e+03    0.400   1.3
  pairs_2_7 (StripPair_27)             7.03e-02    0.352 9.04e+03    0.431   1.4
  pairs_1_7 (StripPair_28)             9.18e-02    0.376 9.13e+03    0.477   1.6
  pairs_0_7 (StripPair_29)                0.127    0.419 9.20e+03    0.555   1.9
  pairs_5_6 (StripPair_30)             4.43e-02    0.317 8.65e+03    0.370   1.2
  pairs_4_6 (StripPair_31)             5.02e-02    0.328 8.62e+03    0.387   1.3
  pairs_3_6 (StripPair_32)             6.18e-02    0.336 8.51e+03    0.406   1.4
  pairs_2_6 (StripPair_33)             7.96e-02    0.360 8.66e+03    0.448   1.5
  pairs_1_6 (StripPair_34)             9.90e-02    0.378 8.62e+03    0.485   1.6
  pairs_0_6 (StripPair_35)                0.140    0.423 9.10e+03    0.572   1.9
  pairs_5_5 (StripPair_36)             2.54e-02    0.294 9.00e+03    0.328   1.1
  pairs_4_5 (StripPair_37)             3.26e-02    0.310 9.02e+03    0.352   1.2
  pairs_3_5 (StripPair_38)             4.23e-02    0.321 9.08e+03    0.373   1.2
  pairs_2_5 (StripPair_39)             5.68e-02    0.333 9.15e+03    0.399   1.3
  pairs_1_5 (StripPair_40)             7.57e-02    0.359 9.07e+03    0.444   1.5
  pairs_0_5 (StripPair_41)                0.108    0.399 9.35e+03    0.516   1.7
  pairs_5_4 (StripPair_42)             2.65e-02    0.297 8.90e+03    0.332   1.1
  pairs_4_4 (StripPair_43)             3.35e-02    0.309 8.98e+03    0.352   1.2
  pairs_3_4 (StripPair_44)             4.43e-02    0.316 8.97e+03    0.369   1.2
  pairs_2_4 (StripPair_45)             5.93e-02    0.340 9.19e+03    0.409   1.4
  pairs_1_4 (StripPair_46)             8.00e-02    0.360 9.14e+03    0.449   1.5
  pairs_0_4 (StripPair_47)                0.109    0.395 9.19e+03    0.513   1.7
  pairs_5_3 (StripPair_48)             2.90e-02    0.301 8.97e+03    0.339   1.1
  pairs_4_3 (StripPair_49)             3.51e-02    0.312 8.99e+03    0.356   1.2
  pairs_3_3 (StripPair_50)             4.57e-02    0.323 9.23e+03    0.378   1.3
  pairs_2_3 (StripPair_51)             5.98e-02    0.340 9.08e+03    0.409   1.4
  pairs_1_3 (StripPair_52)             8.00e-02    0.364 9.10e+03    0.453   1.5
  pairs_0_3 (StripPair_53)                0.110    0.398 9.25e+03    0.517   1.7
  pairs_5_2 (StripPair_54)             3.07e-02    0.301 8.80e+03    0.340   1.1
  pairs_4_2 (StripPair_55)             3.92e-02    0.317 9.07e+03    0.365   1.2
  pairs_3_2 (StripPair_56)             4.84e-02    0.327 9.02e+03    0.384   1.3
  pairs_2_2 (StripPair_57)             6.51e-02    0.346 9.13e+03    0.421   1.4
  pairs_1_2 (StripPair_58)             8.61e-02    0.372 9.20e+03    0.467   1.6
  pairs_0_2 (StripPair_59)                0.117    0.407 9.17e+03    0.533   1.8
  pairs_5_1 (StripPair_60)             3.41e-02    0.303 8.97e+03    0.346   1.2
  pairs_4_1 (StripPair_61)             4.29e-02    0.319 9.01e+03    0.371   1.2
  pairs_3_1 (StripPair_62)             5.34e-02    0.331 9.02e+03    0.393   1.3
  pairs_2_1 (StripPair_63)             6.93e-02    0.349 8.92e+03    0.427   1.4
  pairs_1_1 (StripPair_64)             8.98e-02    0.374 8.99e+03    0.472   1.6
  pairs_0_1 (StripPair_65)                0.126    0.417 9.09e+03    0.552   1.8
  pairs_5 (StripPair_66)               3.90e-02    0.310 7.83e+03    0.357   1.2
  pairs_4 (StripPair_67)               4.74e-02    0.323 8.15e+03    0.378   1.3
  pairs_3 (StripPair_68)               5.51e-02    0.333 7.96e+03    0.396   1.3
  pairs_2 (StripPair_69)               7.10e-02    0.357 8.05e+03    0.436   1.5
  pairs_1 (StripPair_70)               9.05e-02    0.378 8.07e+03    0.477   1.6
  pairs_0 (StripPair_71)                  0.117    0.416 8.12e+03    0.542   1.8
1
