 
****************************************
Report : area
Design : FuseMax2DArray
Version: V-2023.12
Date   : Mon Apr  6 13:19:26 2026
****************************************

Library(s) Used:

    tcbn28hpcplusbwp30p140ffg0p99v0c_ccs (File: /hpc/Tech/TSMC/digital/N28/digital/Front_End/timing_power_noise/CCS/tcbn28hpcplusbwp30p140_180a/tcbn28hpcplusbwp30p140ffg0p99v0c_ccs.db)

Number of ports:                        29826
Number of nets:                        897397
Number of cells:                       834429
Number of combinational cells:         789117
Number of sequential cells:             45056
Number of macros/black boxes:               0
Number of buf/inv:                     159941
Number of references:                     256

Combinational area:             453609.574847
Buf/Inv area:                    41937.714601
Noncombinational area:           85870.259219
Macro/Black Box area:                0.000000
Net Interconnect area:      undefined  (Wire load has zero net area)

Total cell area:                539479.834067
Total area:                 undefined

Hierarchical area distribution
------------------------------

                                  Global cell area              Local cell area
                                  --------------------  ------------------------------- 
Hierarchical cell                 Absolute     Percent  Combi-       Noncombi-   Black-
                                  Total        Total    national     national    boxes   Design
--------------------------------  -----------  -------  -----------  ----------  ------  ---------------
FuseMax2DArray                    539479.8341    100.0       0.0000      0.0000  0.0000  FuseMax2DArray
pe_0_0                              2107.2240      0.4    1772.3160    334.9080  0.0000  FuseMax2DPE_255
pe_0_1                              2112.7680      0.4    1775.8440    336.9240  0.0000  FuseMax2DPE_254
pe_0_10                             2109.9960      0.4    1773.0720    336.9240  0.0000  FuseMax2DPE_245
pe_0_11                             2104.2000      0.4    1768.0320    336.1680  0.0000  FuseMax2DPE_244
pe_0_12                             2093.7420      0.4    1757.3220    336.4200  0.0000  FuseMax2DPE_243
pe_0_13                             2104.3260      0.4    1765.5120    338.8140  0.0000  FuseMax2DPE_242
pe_0_14                             2091.2220      0.4    1754.0460    337.1760  0.0000  FuseMax2DPE_241
pe_0_15                             2120.3280      0.4    1782.6480    337.6800  0.0000  FuseMax2DPE_240
pe_0_2                              2099.6640      0.4    1763.4960    336.1680  0.0000  FuseMax2DPE_253
pe_0_3                              2098.1520      0.4    1759.7160    338.4360  0.0000  FuseMax2DPE_252
pe_0_4                              2084.2920      0.4    1750.7700    333.5220  0.0000  FuseMax2DPE_251
pe_0_5                              2113.0200      0.4    1776.4740    336.5460  0.0000  FuseMax2DPE_250
pe_0_6                              2109.1140      0.4    1771.8120    337.3020  0.0000  FuseMax2DPE_249
pe_0_7                              2112.7680      0.4    1776.9780    335.7900  0.0000  FuseMax2DPE_248
pe_0_8                              2108.8620      0.4    1772.4420    336.4200  0.0000  FuseMax2DPE_247
pe_0_9                              2097.2700      0.4    1764.6300    332.6400  0.0000  FuseMax2DPE_246
pe_10_0                             2117.3040      0.4    1784.6640    332.6400  0.0000  FuseMax2DPE_95
pe_10_1                             2106.2160      0.4    1772.1900    334.0260  0.0000  FuseMax2DPE_94
pe_10_10                            2101.3020      0.4    1766.6460    334.6560  0.0000  FuseMax2DPE_85
pe_10_11                            2101.4280      0.4    1762.9920    338.4360  0.0000  FuseMax2DPE_84
pe_10_12                            2102.0580      0.4    1768.6620    333.3960  0.0000  FuseMax2DPE_83
pe_10_13                            2102.0580      0.4    1767.6540    334.4040  0.0000  FuseMax2DPE_82
pe_10_14                            2113.2720      0.4    1778.8680    334.4040  0.0000  FuseMax2DPE_81
pe_10_15                            2109.8700      0.4    1773.3240    336.5460  0.0000  FuseMax2DPE_80
pe_10_2                             2121.4620      0.4    1787.1840    334.2780  0.0000  FuseMax2DPE_93
pe_10_3                             2099.0340      0.4    1764.7560    334.2780  0.0000  FuseMax2DPE_92
pe_10_4                             2109.7440      0.4    1774.5840    335.1600  0.0000  FuseMax2DPE_91
pe_10_5                             2092.1040      0.4    1756.8180    335.2860  0.0000  FuseMax2DPE_90
pe_10_6                             2104.0740      0.4    1765.7640    338.3100  0.0000  FuseMax2DPE_89
pe_10_7                             2116.2960      0.4    1782.7740    333.5220  0.0000  FuseMax2DPE_88
pe_10_8                             2094.7500      0.4    1761.3540    333.3960  0.0000  FuseMax2DPE_87
pe_10_9                             2111.8860      0.4    1776.6000    335.2860  0.0000  FuseMax2DPE_86
pe_11_0                             2107.3500      0.4    1769.4180    337.9320  0.0000  FuseMax2DPE_79
pe_11_1                             2094.6240      0.4    1760.0940    334.5300  0.0000  FuseMax2DPE_78
pe_11_10                            2101.8060      0.4    1767.1500    334.6560  0.0000  FuseMax2DPE_69
pe_11_11                            2098.7820      0.4    1763.4960    335.2860  0.0000  FuseMax2DPE_68
pe_11_12                            2105.0820      0.4    1767.7800    337.3020  0.0000  FuseMax2DPE_67
pe_11_13                            2097.1440      0.4    1762.2360    334.9080  0.0000  FuseMax2DPE_66
pe_11_14                            2101.9320      0.4    1769.0400    332.8920  0.0000  FuseMax2DPE_65
pe_11_15                            2098.1520      0.4    1760.2200    337.9320  0.0000  FuseMax2DPE_64
pe_11_2                             2111.3820      0.4    1775.0880    336.2940  0.0000  FuseMax2DPE_77
pe_11_3                             2122.5960      0.4    1787.0580    335.5380  0.0000  FuseMax2DPE_76
pe_11_4                             2098.2780      0.4    1762.3620    335.9160  0.0000  FuseMax2DPE_75
pe_11_5                             2091.2220      0.4    1757.1960    334.0260  0.0000  FuseMax2DPE_74
pe_11_6                             2102.4360      0.4    1766.2680    336.1680  0.0000  FuseMax2DPE_73
pe_11_7                             2102.6880      0.4    1766.3940    336.2940  0.0000  FuseMax2DPE_72
pe_11_8                             2109.4920      0.4    1771.4340    338.0580  0.0000  FuseMax2DPE_71
pe_11_9                             2098.1520      0.4    1762.1100    336.0420  0.0000  FuseMax2DPE_70
pe_12_0                             2117.4300      0.4    1778.6160    338.8140  0.0000  FuseMax2DPE_63
pe_12_1                             2093.1120      0.4    1757.0700    336.0420  0.0000  FuseMax2DPE_62
pe_12_10                            2101.9320      0.4    1768.1580    333.7740  0.0000  FuseMax2DPE_53
pe_12_11                            2120.3280      0.4    1786.8060    333.5220  0.0000  FuseMax2DPE_52
pe_12_12                            2102.9400      0.4    1768.7880    334.1520  0.0000  FuseMax2DPE_51
pe_12_13                            2103.6960      0.4    1765.5120    338.1840  0.0000  FuseMax2DPE_50
pe_12_14                            2105.3340      0.4    1770.8040    334.5300  0.0000  FuseMax2DPE_49
pe_12_15                            2100.6720      0.4    1764.0000    336.6720  0.0000  FuseMax2DPE_48
pe_12_2                             2108.8620      0.4    1774.7100    334.1520  0.0000  FuseMax2DPE_61
pe_12_3                             2107.8540      0.4    1773.4500    334.4040  0.0000  FuseMax2DPE_60
pe_12_4                             2109.2400      0.4    1772.3160    336.9240  0.0000  FuseMax2DPE_59
pe_12_5                             2094.3720      0.4    1759.7160    334.6560  0.0000  FuseMax2DPE_58
pe_12_6                             2107.4760      0.4    1772.8200    334.6560  0.0000  FuseMax2DPE_57
pe_12_7                             2104.7040      0.4    1771.3080    333.3960  0.0000  FuseMax2DPE_56
pe_12_8                             2105.9640      0.4    1769.1660    336.7980  0.0000  FuseMax2DPE_55
pe_12_9                             2088.0720      0.4    1749.5100    338.5620  0.0000  FuseMax2DPE_54
pe_13_0                             2105.9640      0.4    1769.9220    336.0420  0.0000  FuseMax2DPE_47
pe_13_1                             2086.0560      0.4    1751.0220    335.0340  0.0000  FuseMax2DPE_46
pe_13_10                            2109.7440      0.4    1774.2060    335.5380  0.0000  FuseMax2DPE_37
pe_13_11                            2114.0280      0.4    1777.6080    336.4200  0.0000  FuseMax2DPE_36
pe_13_12                            2100.9240      0.4    1767.4020    333.5220  0.0000  FuseMax2DPE_35
pe_13_13                            2102.5620      0.4    1765.3860    337.1760  0.0000  FuseMax2DPE_34
pe_13_14                            2099.6640      0.4    1763.8740    335.7900  0.0000  FuseMax2DPE_33
pe_13_15                            2096.6400      0.4    1759.7160    336.9240  0.0000  FuseMax2DPE_32
pe_13_2                             2094.1200      0.4    1755.4320    338.6880  0.0000  FuseMax2DPE_45
pe_13_3                             2104.9560      0.4    1771.5600    333.3960  0.0000  FuseMax2DPE_44
pe_13_4                             2104.7040      0.4    1767.7800    336.9240  0.0000  FuseMax2DPE_43
pe_13_5                             2098.9080      0.4    1764.0000    334.9080  0.0000  FuseMax2DPE_42
pe_13_6                             2101.9320      0.4    1768.6620    333.2700  0.0000  FuseMax2DPE_41
pe_13_7                             2106.3420      0.4    1771.6860    334.6560  0.0000  FuseMax2DPE_40
pe_13_8                             2082.5280      0.4    1749.5100    333.0180  0.0000  FuseMax2DPE_39
pe_13_9                             2105.5860      0.4    1766.5200    339.0660  0.0000  FuseMax2DPE_38
pe_14_0                             2104.5780      0.4    1770.4260    334.1520  0.0000  FuseMax2DPE_31
pe_14_1                             2105.0820      0.4    1770.5520    334.5300  0.0000  FuseMax2DPE_30
pe_14_10                            2106.0900      0.4    1770.9300    335.1600  0.0000  FuseMax2DPE_21
pe_14_11                            2105.2080      0.4    1766.2680    338.9400  0.0000  FuseMax2DPE_20
pe_14_12                            2098.5300      0.4    1764.3780    334.1520  0.0000  FuseMax2DPE_19
pe_14_13                            2101.8060      0.4    1763.6220    338.1840  0.0000  FuseMax2DPE_18
pe_14_14                            2115.7920      0.4    1781.3880    334.4040  0.0000  FuseMax2DPE_17
pe_14_15                            2114.9100      0.4    1781.1360    333.7740  0.0000  FuseMax2DPE_16
pe_14_2                             2108.1060      0.4    1774.0800    334.0260  0.0000  FuseMax2DPE_29
pe_14_3                             2102.9400      0.4    1765.6380    337.3020  0.0000  FuseMax2DPE_28
pe_14_4                             2103.8220      0.4    1767.4020    336.4200  0.0000  FuseMax2DPE_27
pe_14_5                             2090.4660      0.4    1754.8020    335.6640  0.0000  FuseMax2DPE_26
pe_14_6                             2115.5400      0.4    1781.5140    334.0260  0.0000  FuseMax2DPE_25
pe_14_7                             2099.6640      0.4    1766.7720    332.8920  0.0000  FuseMax2DPE_24
pe_14_8                             2116.9260      0.4    1778.4900    338.4360  0.0000  FuseMax2DPE_23
pe_14_9                             2102.8140      0.4    1768.2840    334.5300  0.0000  FuseMax2DPE_22
pe_15_0                             2183.4540      0.4    1847.4120    336.0420  0.0000  FuseMax2DPE_15
pe_15_1                             2152.8360      0.4    1820.0700    332.7660  0.0000  FuseMax2DPE_14
pe_15_10                            2156.3640      0.4    1823.5980    332.7660  0.0000  FuseMax2DPE_5
pe_15_11                            2163.4200      0.4    1829.3940    334.0260  0.0000  FuseMax2DPE_4
pe_15_12                            2148.6780      0.4    1813.1400    335.5380  0.0000  FuseMax2DPE_3
pe_15_13                            2145.0240      0.4    1811.1240    333.9000  0.0000  FuseMax2DPE_2
pe_15_14                            2180.4300      0.4    1846.6560    333.7740  0.0000  FuseMax2DPE_1
pe_15_15                            2156.7420      0.4    1822.4640    334.2780  0.0000  FuseMax2DPE_0
pe_15_2                             2184.4620      0.4    1851.3180    333.1440  0.0000  FuseMax2DPE_13
pe_15_3                             2171.8620      0.4    1838.8440    333.0180  0.0000  FuseMax2DPE_12
pe_15_4                             2138.2200      0.4    1805.3280    332.8920  0.0000  FuseMax2DPE_11
pe_15_5                             2165.3100      0.4    1830.6540    334.6560  0.0000  FuseMax2DPE_10
pe_15_6                             2152.8360      0.4    1820.0700    332.7660  0.0000  FuseMax2DPE_9
pe_15_7                             2194.9200      0.4    1862.0280    332.8920  0.0000  FuseMax2DPE_8
pe_15_8                             2149.4340      0.4    1814.7780    334.6560  0.0000  FuseMax2DPE_7
pe_15_9                             2147.6700      0.4    1814.2740    333.3960  0.0000  FuseMax2DPE_6
pe_1_0                              2112.3900      0.4    1775.5920    336.7980  0.0000  FuseMax2DPE_239
pe_1_1                              2089.5840      0.4    1754.9280    334.6560  0.0000  FuseMax2DPE_238
pe_1_10                             2100.2940      0.4    1766.6460    333.6480  0.0000  FuseMax2DPE_229
pe_1_11                             2095.6320      0.4    1759.3380    336.2940  0.0000  FuseMax2DPE_228
pe_1_12                             2112.1380      0.4    1778.6160    333.5220  0.0000  FuseMax2DPE_227
pe_1_13                             2094.2460      0.4    1757.0700    337.1760  0.0000  FuseMax2DPE_226
pe_1_14                             2101.4280      0.4    1762.2360    339.1920  0.0000  FuseMax2DPE_225
pe_1_15                             2101.4280      0.4    1762.7400    338.6880  0.0000  FuseMax2DPE_224
pe_1_2                              2099.2860      0.4    1764.3780    334.9080  0.0000  FuseMax2DPE_237
pe_1_3                              2101.4280      0.4    1767.4020    334.0260  0.0000  FuseMax2DPE_236
pe_1_4                              2116.1700      0.4    1781.8920    334.2780  0.0000  FuseMax2DPE_235
pe_1_5                              2107.2240      0.4    1773.1980    334.0260  0.0000  FuseMax2DPE_234
pe_1_6                              2096.1360      0.4    1758.7080    337.4280  0.0000  FuseMax2DPE_233
pe_1_7                              2102.5620      0.4    1767.1500    335.4120  0.0000  FuseMax2DPE_232
pe_1_8                              2096.8920      0.4    1764.1260    332.7660  0.0000  FuseMax2DPE_231
pe_1_9                              2093.9940      0.4    1758.2040    335.7900  0.0000  FuseMax2DPE_230
pe_2_0                              2090.5920      0.4    1755.9360    334.6560  0.0000  FuseMax2DPE_223
pe_2_1                              2102.4360      0.4    1766.2680    336.1680  0.0000  FuseMax2DPE_222
pe_2_10                             2106.5940      0.4    1773.1980    333.3960  0.0000  FuseMax2DPE_213
pe_2_11                             2088.1980      0.4    1752.9120    335.2860  0.0000  FuseMax2DPE_212
pe_2_12                             2092.3560      0.4    1758.2040    334.1520  0.0000  FuseMax2DPE_211
pe_2_13                             2099.1600      0.4    1762.4880    336.6720  0.0000  FuseMax2DPE_210
pe_2_14                             2094.7500      0.4    1756.3140    338.4360  0.0000  FuseMax2DPE_209
pe_2_15                             2110.3740      0.4    1772.8200    337.5540  0.0000  FuseMax2DPE_208
pe_2_2                              2112.7680      0.4    1778.3640    334.4040  0.0000  FuseMax2DPE_221
pe_2_3                              2099.4120      0.4    1763.2440    336.1680  0.0000  FuseMax2DPE_220
pe_2_4                              2113.9020      0.4    1779.6240    334.2780  0.0000  FuseMax2DPE_219
pe_2_5                              2107.6020      0.4    1771.6860    335.9160  0.0000  FuseMax2DPE_218
pe_2_6                              2112.3900      0.4    1777.4820    334.9080  0.0000  FuseMax2DPE_217
pe_2_7                              2102.5620      0.4    1766.2680    336.2940  0.0000  FuseMax2DPE_216
pe_2_8                              2097.2700      0.4    1762.6140    334.6560  0.0000  FuseMax2DPE_215
pe_2_9                              2110.1220      0.4    1771.6860    338.4360  0.0000  FuseMax2DPE_214
pe_3_0                              2113.3980      0.4    1777.9860    335.4120  0.0000  FuseMax2DPE_207
pe_3_1                              2110.3740      0.4    1774.9620    335.4120  0.0000  FuseMax2DPE_206
pe_3_10                             2100.5460      0.4    1766.0160    334.5300  0.0000  FuseMax2DPE_197
pe_3_11                             2113.9020      0.4    1775.9700    337.9320  0.0000  FuseMax2DPE_196
pe_3_12                             2094.4980      0.4    1760.9760    333.5220  0.0000  FuseMax2DPE_195
pe_3_13                             2090.8440      0.4    1754.9280    335.9160  0.0000  FuseMax2DPE_194
pe_3_14                             2100.9240      0.4    1765.8900    335.0340  0.0000  FuseMax2DPE_193
pe_3_15                             2113.0200      0.4    1778.9940    334.0260  0.0000  FuseMax2DPE_192
pe_3_2                              2090.4660      0.4    1755.4320    335.0340  0.0000  FuseMax2DPE_205
pe_3_3                              2114.2800      0.4    1780.1280    334.1520  0.0000  FuseMax2DPE_204
pe_3_4                              2098.9080      0.4    1761.7320    337.1760  0.0000  FuseMax2DPE_203
pe_3_5                              2109.4920      0.4    1776.3480    333.1440  0.0000  FuseMax2DPE_202
pe_3_6                              2112.1380      0.4    1773.9540    338.1840  0.0000  FuseMax2DPE_201
pe_3_7                              2123.2260      0.4    1788.8220    334.4040  0.0000  FuseMax2DPE_200
pe_3_8                              2099.4120      0.4    1762.9920    336.4200  0.0000  FuseMax2DPE_199
pe_3_9                              2105.2080      0.4    1769.4180    335.7900  0.0000  FuseMax2DPE_198
pe_4_0                              2106.0900      0.4    1765.7640    340.3260  0.0000  FuseMax2DPE_191
pe_4_1                              2100.2940      0.4    1762.2360    338.0580  0.0000  FuseMax2DPE_190
pe_4_10                             2104.5780      0.4    1769.9220    334.6560  0.0000  FuseMax2DPE_181
pe_4_11                             2106.2160      0.4    1769.9220    336.2940  0.0000  FuseMax2DPE_180
pe_4_12                             2098.1520      0.4    1762.8660    335.2860  0.0000  FuseMax2DPE_179
pe_4_13                             2102.0580      0.4    1766.6460    335.4120  0.0000  FuseMax2DPE_178
pe_4_14                             2095.5060      0.4    1761.3540    334.1520  0.0000  FuseMax2DPE_177
pe_4_15                             2099.6640      0.4    1763.3700    336.2940  0.0000  FuseMax2DPE_176
pe_4_2                              2084.6700      0.4    1747.3680    337.3020  0.0000  FuseMax2DPE_189
pe_4_3                              2105.7120      0.4    1771.0560    334.6560  0.0000  FuseMax2DPE_188
pe_4_4                              2105.3340      0.4    1772.5680    332.7660  0.0000  FuseMax2DPE_187
pe_4_5                              2112.8940      0.4    1776.4740    336.4200  0.0000  FuseMax2DPE_186
pe_4_6                              2106.9720      0.4    1774.2060    332.7660  0.0000  FuseMax2DPE_185
pe_4_7                              2105.9640      0.4    1772.3160    333.6480  0.0000  FuseMax2DPE_184
pe_4_8                              2092.9860      0.4    1759.2120    333.7740  0.0000  FuseMax2DPE_183
pe_4_9                              2095.6320      0.4    1758.4560    337.1760  0.0000  FuseMax2DPE_182
pe_5_0                              2098.4040      0.4    1765.7640    332.6400  0.0000  FuseMax2DPE_175
pe_5_1                              2097.1440      0.4    1761.7320    335.4120  0.0000  FuseMax2DPE_174
pe_5_10                             2098.4040      0.4    1760.0940    338.3100  0.0000  FuseMax2DPE_165
pe_5_11                             2088.7020      0.4    1754.5500    334.1520  0.0000  FuseMax2DPE_164
pe_5_12                             2108.6100      0.4    1771.9380    336.6720  0.0000  FuseMax2DPE_163
pe_5_13                             2113.9020      0.4    1778.2380    335.6640  0.0000  FuseMax2DPE_162
pe_5_14                             2103.3180      0.4    1766.3940    336.9240  0.0000  FuseMax2DPE_161
pe_5_15                             2112.1380      0.4    1774.9620    337.1760  0.0000  FuseMax2DPE_160
pe_5_2                              2117.4300      0.4    1779.1200    338.3100  0.0000  FuseMax2DPE_173
pe_5_3                              2111.0040      0.4    1775.9700    335.0340  0.0000  FuseMax2DPE_172
pe_5_4                              2115.6660      0.4    1780.2540    335.4120  0.0000  FuseMax2DPE_171
pe_5_5                              2102.6880      0.4    1767.2760    335.4120  0.0000  FuseMax2DPE_170
pe_5_6                              2106.8460      0.4    1768.4100    338.4360  0.0000  FuseMax2DPE_169
pe_5_7                              2107.8540      0.4    1775.0880    332.7660  0.0000  FuseMax2DPE_168
pe_5_8                              2097.9000      0.4    1763.8740    334.0260  0.0000  FuseMax2DPE_167
pe_5_9                              2100.6720      0.4    1766.7720    333.9000  0.0000  FuseMax2DPE_166
pe_6_0                              2124.6120      0.4    1788.5700    336.0420  0.0000  FuseMax2DPE_159
pe_6_1                              2102.4360      0.4    1769.6700    332.7660  0.0000  FuseMax2DPE_158
pe_6_10                             2092.7340      0.4    1758.3300    334.4040  0.0000  FuseMax2DPE_149
pe_6_11                             2093.2380      0.4    1756.0620    337.1760  0.0000  FuseMax2DPE_148
pe_6_12                             2110.6260      0.4    1775.7180    334.9080  0.0000  FuseMax2DPE_147
pe_6_13                             2116.5480      0.4    1780.2540    336.2940  0.0000  FuseMax2DPE_146
pe_6_14                             2120.0760      0.4    1782.0180    338.0580  0.0000  FuseMax2DPE_145
pe_6_15                             2095.6320      0.4    1761.1020    334.5300  0.0000  FuseMax2DPE_144
pe_6_2                              2099.1600      0.4    1766.2680    332.8920  0.0000  FuseMax2DPE_157
pe_6_3                              2120.2020      0.4    1779.7500    340.4520  0.0000  FuseMax2DPE_156
pe_6_4                              2113.7760      0.4    1778.7420    335.0340  0.0000  FuseMax2DPE_155
pe_6_5                              2110.5000      0.4    1773.0720    337.4280  0.0000  FuseMax2DPE_154
pe_6_6                              2109.3660      0.4    1770.0480    339.3180  0.0000  FuseMax2DPE_153
pe_6_7                              2117.3040      0.4    1782.2700    335.0340  0.0000  FuseMax2DPE_152
pe_6_8                              2103.6960      0.4    1770.6780    333.0180  0.0000  FuseMax2DPE_151
pe_6_9                              2092.8600      0.4    1757.7000    335.1600  0.0000  FuseMax2DPE_150
pe_7_0                              2098.4040      0.4    1764.2520    334.1520  0.0000  FuseMax2DPE_143
pe_7_1                              2097.5220      0.4    1762.2360    335.2860  0.0000  FuseMax2DPE_142
pe_7_10                             2102.8140      0.4    1768.0320    334.7820  0.0000  FuseMax2DPE_133
pe_7_11                             2100.9240      0.4    1765.0080    335.9160  0.0000  FuseMax2DPE_132
pe_7_12                             2101.6800      0.4    1762.9920    338.6880  0.0000  FuseMax2DPE_131
pe_7_13                             2098.5300      0.4    1765.5120    333.0180  0.0000  FuseMax2DPE_130
pe_7_14                             2115.5400      0.4    1782.2700    333.2700  0.0000  FuseMax2DPE_129
pe_7_15                             2092.7340      0.4    1758.8340    333.9000  0.0000  FuseMax2DPE_128
pe_7_2                              2109.4920      0.4    1772.9460    336.5460  0.0000  FuseMax2DPE_141
pe_7_3                              2105.7120      0.4    1771.0560    334.6560  0.0000  FuseMax2DPE_140
pe_7_4                              2111.2560      0.4    1773.8280    337.4280  0.0000  FuseMax2DPE_139
pe_7_5                              2112.3900      0.4    1776.6000    335.7900  0.0000  FuseMax2DPE_138
pe_7_6                              2092.2300      0.4    1757.9520    334.2780  0.0000  FuseMax2DPE_137
pe_7_7                              2114.4060      0.4    1780.3800    334.0260  0.0000  FuseMax2DPE_136
pe_7_8                              2096.1360      0.4    1762.2360    333.9000  0.0000  FuseMax2DPE_135
pe_7_9                              2107.2240      0.4    1772.6940    334.5300  0.0000  FuseMax2DPE_134
pe_8_0                              2106.9720      0.4    1770.4260    336.5460  0.0000  FuseMax2DPE_127
pe_8_1                              2102.5620      0.4    1769.4180    333.1440  0.0000  FuseMax2DPE_126
pe_8_10                             2113.2720      0.4    1779.1200    334.1520  0.0000  FuseMax2DPE_117
pe_8_11                             2112.2640      0.4    1777.1040    335.1600  0.0000  FuseMax2DPE_116
pe_8_12                             2085.6780      0.4    1750.3920    335.2860  0.0000  FuseMax2DPE_115
pe_8_13                             2097.3960      0.4    1760.2200    337.1760  0.0000  FuseMax2DPE_114
pe_8_14                             2092.8600      0.4    1759.8420    333.0180  0.0000  FuseMax2DPE_113
pe_8_15                             2126.5020      0.4    1793.2320    333.2700  0.0000  FuseMax2DPE_112
pe_8_2                              2099.4120      0.4    1766.1420    333.2700  0.0000  FuseMax2DPE_125
pe_8_3                              2106.9720      0.4    1770.4260    336.5460  0.0000  FuseMax2DPE_124
pe_8_4                              2106.5940      0.4    1771.9380    334.6560  0.0000  FuseMax2DPE_123
pe_8_5                              2091.7260      0.4    1755.5580    336.1680  0.0000  FuseMax2DPE_122
pe_8_6                              2082.6540      0.4    1748.5020    334.1520  0.0000  FuseMax2DPE_121
pe_8_7                              2096.1360      0.4    1758.5820    337.5540  0.0000  FuseMax2DPE_120
pe_8_8                              2103.8220      0.4    1770.0480    333.7740  0.0000  FuseMax2DPE_119
pe_8_9                              2104.0740      0.4    1767.1500    336.9240  0.0000  FuseMax2DPE_118
pe_9_0                              2106.8460      0.4    1770.4260    336.4200  0.0000  FuseMax2DPE_111
pe_9_1                              2108.2320      0.4    1772.5680    335.6640  0.0000  FuseMax2DPE_110
pe_9_10                             2087.5680      0.4    1752.9120    334.6560  0.0000  FuseMax2DPE_101
pe_9_11                             2115.7920      0.4    1782.0180    333.7740  0.0000  FuseMax2DPE_100
pe_9_12                             2098.9080      0.4    1761.3540    337.5540  0.0000  FuseMax2DPE_99
pe_9_13                             2117.0520      0.4    1779.7500    337.3020  0.0000  FuseMax2DPE_98
pe_9_14                             2091.3480      0.4    1752.6600    338.6880  0.0000  FuseMax2DPE_97
pe_9_15                             2102.9400      0.4    1766.0160    336.9240  0.0000  FuseMax2DPE_96
pe_9_2                              2083.2840      0.4    1750.2660    333.0180  0.0000  FuseMax2DPE_109
pe_9_3                              2100.4200      0.4    1765.7640    334.6560  0.0000  FuseMax2DPE_108
pe_9_4                              2106.4680      0.4    1773.4500    333.0180  0.0000  FuseMax2DPE_107
pe_9_5                              2093.4900      0.4    1756.0620    337.4280  0.0000  FuseMax2DPE_106
pe_9_6                              2106.9720      0.4    1768.1580    338.8140  0.0000  FuseMax2DPE_105
pe_9_7                              2107.7280      0.4    1773.9540    333.7740  0.0000  FuseMax2DPE_104
pe_9_8                              2105.3340      0.4    1768.7880    336.5460  0.0000  FuseMax2DPE_103
pe_9_9                              2101.9320      0.4    1769.0400    332.8920  0.0000  FuseMax2DPE_102
--------------------------------  -----------  -------  -----------  ----------  ------  ---------------
Total                                                   453609.5748  85870.2592  0.0000

1
