Information: Updating design information... (UID-85)
Warning: Design 'OneSaArray' contains 1 high-fanout nets. A fanout number of 1000 will be used for delay calculations involving these nets. (TIM-134)
 
****************************************
Report : timing
        -path full
        -delay max
        -nets
        -max_paths 1
        -transition_time
Design : OneSaArray
Version: V-2023.12
Date   : Tue Apr  7 15:41:39 2026
****************************************

 # A fanout number of 1000 was used for high fanout net computations.

Operating Conditions: ffg0p99v0c   Library: tcbn28hpcplusbwp30p140ffg0p99v0c_ccs
Wire Load Model Mode: segmented

  Startpoint: mesh/pes_15_4/regSharedPairs_0_reg[0]
              (rising edge-triggered flip-flop clocked by ideal_clock1)
  Endpoint: mesh/pes_15_4/regPsum_reg[31]
            (rising edge-triggered flip-flop clocked by ideal_clock1)
  Path Group: ideal_clock1
  Path Type: max

  Des/Clust/Port     Wire Load Model       Library
  ------------------------------------------------
  OneSaArray         ZeroWireload          tcbn28hpcplusbwp30p140ffg0p99v0c_ccs
  OneSaMesh          ZeroWireload          tcbn28hpcplusbwp30p140ffg0p99v0c_ccs

Attributes:
    d - dont_touch
    u - dont_use
   mo - map_only
   so - size_only
    i - ideal_net or ideal_network
  inf - infeasible path

  Point                                              Fanout     Trans      Incr       Path      Attributes
  ----------------------------------------------------------------------------------------------------------------
  clock ideal_clock1 (rise edge)                                           0.00       0.00
  clock network delay (ideal)                                              0.00       0.00
  mesh/pes_15_4/regSharedPairs_0_reg[0]/CP (DFQD1BWP30P140)      0.00      0.00 #     0.00 r
  mesh/pes_15_4/regSharedPairs_0_reg[0]/Q (DFQD1BWP30P140)       0.01      0.04       0.04 f
  mesh/pes_15_4/regSharedPairs_0[0] (net)              3                   0.00       0.04 f
  mesh/U53506/ZN (ND2D1BWP30P140)                                0.01      0.01       0.05 r
  mesh/n138920 (net)                                   4                   0.00       0.05 r
  mesh/U247457/ZN (AOI21D1BWP30P140)                             0.01      0.01       0.06 f
  mesh/intadd_374/CI (net)                             1                   0.00       0.06 f
  mesh/intadd_374/U30/CO (FA1D1BWP30P140)                        0.01      0.02       0.08 f    mo 
  mesh/intadd_374/n29 (net)                            1                   0.00       0.08 f
  mesh/intadd_374/U29/CO (FA1D1BWP30P140)                        0.01      0.02       0.10 f    mo 
  mesh/intadd_374/n28 (net)                            1                   0.00       0.10 f
  mesh/intadd_374/U28/CO (FA1D1BWP30P140)                        0.01      0.02       0.12 f    mo 
  mesh/intadd_374/n27 (net)                            1                   0.00       0.12 f
  mesh/intadd_374/U27/CO (FA1D1BWP30P140)                        0.01      0.02       0.14 f    mo 
  mesh/intadd_374/n26 (net)                            1                   0.00       0.14 f
  mesh/intadd_374/U26/CO (FA1D1BWP30P140)                        0.01      0.02       0.17 f    mo 
  mesh/intadd_374/n25 (net)                            1                   0.00       0.17 f
  mesh/intadd_374/U25/CO (FA1D1BWP30P140)                        0.01      0.02       0.19 f    mo 
  mesh/intadd_374/n24 (net)                            1                   0.00       0.19 f
  mesh/intadd_374/U24/CO (FA1D1BWP30P140)                        0.01      0.02       0.21 f    mo 
  mesh/intadd_374/n23 (net)                            1                   0.00       0.21 f
  mesh/intadd_374/U23/CO (FA1D1BWP30P140)                        0.01      0.02       0.23 f    mo 
  mesh/intadd_374/n22 (net)                            1                   0.00       0.23 f
  mesh/intadd_374/U22/CO (FA1D1BWP30P140)                        0.01      0.02       0.25 f    mo 
  mesh/intadd_374/n21 (net)                            1                   0.00       0.25 f
  mesh/intadd_374/U21/CO (FA1D1BWP30P140)                        0.01      0.02       0.27 f    mo 
  mesh/intadd_374/n20 (net)                            1                   0.00       0.27 f
  mesh/intadd_374/U20/CO (FA1D1BWP30P140)                        0.01      0.02       0.29 f    mo 
  mesh/intadd_374/n19 (net)                            1                   0.00       0.29 f
  mesh/intadd_374/U19/CO (FA1D1BWP30P140)                        0.01      0.02       0.31 f    mo 
  mesh/intadd_374/n18 (net)                            1                   0.00       0.31 f
  mesh/intadd_374/U18/CO (FA1D1BWP30P140)                        0.01      0.02       0.34 f    mo 
  mesh/intadd_374/n17 (net)                            1                   0.00       0.34 f
  mesh/intadd_374/U17/CO (FA1D1BWP30P140)                        0.01      0.02       0.36 f    mo 
  mesh/intadd_374/n16 (net)                            1                   0.00       0.36 f
  mesh/intadd_374/U16/CO (FA1D1BWP30P140)                        0.01      0.02       0.38 f    mo 
  mesh/intadd_374/n15 (net)                            1                   0.00       0.38 f
  mesh/intadd_374/U15/CO (FA1D1BWP30P140)                        0.01      0.02       0.40 f    mo 
  mesh/intadd_374/n14 (net)                            1                   0.00       0.40 f
  mesh/intadd_374/U14/CO (FA1D1BWP30P140)                        0.01      0.02       0.42 f    mo 
  mesh/intadd_374/n13 (net)                            1                   0.00       0.42 f
  mesh/intadd_374/U13/CO (FA1D1BWP30P140)                        0.01      0.02       0.44 f    mo 
  mesh/intadd_374/n12 (net)                            1                   0.00       0.44 f
  mesh/intadd_374/U12/CO (FA1D1BWP30P140)                        0.01      0.02       0.46 f    mo 
  mesh/intadd_374/n11 (net)                            1                   0.00       0.46 f
  mesh/intadd_374/U11/CO (FA1D1BWP30P140)                        0.01      0.02       0.48 f    mo 
  mesh/intadd_374/n10 (net)                            1                   0.00       0.48 f
  mesh/intadd_374/U10/CO (FA1D1BWP30P140)                        0.01      0.02       0.51 f    mo 
  mesh/intadd_374/n9 (net)                             1                   0.00       0.51 f
  mesh/intadd_374/U9/CO (FA1D1BWP30P140)                         0.01      0.02       0.53 f    mo 
  mesh/intadd_374/n8 (net)                             1                   0.00       0.53 f
  mesh/intadd_374/U8/CO (FA1D1BWP30P140)                         0.01      0.02       0.55 f    mo 
  mesh/intadd_374/n7 (net)                             1                   0.00       0.55 f
  mesh/intadd_374/U7/CO (FA1D1BWP30P140)                         0.01      0.02       0.57 f    mo 
  mesh/intadd_374/n6 (net)                             1                   0.00       0.57 f
  mesh/intadd_374/U6/CO (FA1D1BWP30P140)                         0.01      0.02       0.59 f    mo 
  mesh/intadd_374/n5 (net)                             1                   0.00       0.59 f
  mesh/intadd_374/U5/CO (FA1D1BWP30P140)                         0.01      0.02       0.61 f    mo 
  mesh/intadd_374/n4 (net)                             1                   0.00       0.61 f
  mesh/intadd_374/U4/CO (FA1D1BWP30P140)                         0.01      0.02       0.63 f    mo 
  mesh/intadd_374/n3 (net)                             1                   0.00       0.63 f
  mesh/intadd_374/U3/CO (FA1D1BWP30P140)                         0.01      0.02       0.65 f    mo 
  mesh/intadd_374/n2 (net)                             1                   0.00       0.65 f
  mesh/intadd_374/U2/CO (FA1D0BWP30P140)                         0.01      0.02       0.68 f    mo 
  mesh/intadd_374/n1 (net)                             1                   0.00       0.68 f
  mesh/U5934/ZN (XNR2UD0BWP30P140)                               0.02      0.02       0.70 f
  mesh/n138917 (net)                                   2                   0.00       0.70 f
  mesh/U247453/ZN (IOA21D1BWP30P140)                             0.06      0.02       0.72 f
  mesh/n138915 (net)                                   1                   0.00       0.72 f
  mesh/U247454/ZN (ND2D1BWP30P140)                               0.02      0.01       0.73 r
  mesh/n138916 (net)                                   1                   0.00       0.73 r
  mesh/U247455/ZN (OAI31D1BWP30P140)                             0.06      0.01       0.74 f
  mesh/pes_15_4/N292 (net)                             1                   0.00       0.74 f
  mesh/pes_15_4/regPsum_reg[31]/D (DFQD1BWP30P140)               0.06      0.00       0.74 f
  data arrival time                                                                   0.74

  clock ideal_clock1 (rise edge)                                           1.00       1.00
  clock network delay (ideal)                                              0.00       1.00
  mesh/pes_15_4/regPsum_reg[31]/CP (DFQD1BWP30P140)                        0.00       1.00 r
  library setup time                                                      -0.01       0.99
  data required time                                                                  0.99
  ----------------------------------------------------------------------------------------------------------------
  data required time                                                                  0.99
  data arrival time                                                                  -0.74
  ----------------------------------------------------------------------------------------------------------------
  slack (MET)                                                                         0.24


1
