 
****************************************
Report : area
Design : FuseMax2DArray
Version: V-2023.12
Date   : Mon Apr  6 08:07:53 2026
****************************************

Library(s) Used:

    tcbn28hpcplusbwp30p140ffg0p99v0c_ccs (File: /hpc/Tech/TSMC/digital/N28/digital/Front_End/timing_power_noise/CCS/tcbn28hpcplusbwp30p140_180a/tcbn28hpcplusbwp30p140ffg0p99v0c_ccs.db)

Number of ports:                        21794
Number of nets:                        550416
Number of cells:                       510103
Number of combinational cells:         482311
Number of sequential cells:             27648
Number of macros/black boxes:               0
Number of buf/inv:                      97926
Number of references:                     144

Combinational area:             274916.627576
Buf/Inv area:                    25662.672361
Noncombinational area:           53474.651381
Macro/Black Box area:                0.000000
Net Interconnect area:      undefined  (Wire load has zero net area)

Total cell area:                328391.278957
Total area:                 undefined

Hierarchical area distribution
------------------------------

                                  Global cell area              Local cell area
                                  --------------------  ------------------------------- 
Hierarchical cell                 Absolute     Percent  Combi-       Noncombi-   Black-
                                  Total        Total    national     national    boxes   Design
--------------------------------  -----------  -------  -----------  ----------  ------  ---------------
FuseMax2DArray                    328391.2790    100.0       0.0000      0.0000  0.0000  FuseMax2DArray
pe_0_0                              2287.7820      0.7    1916.2080    371.5740  0.0000  FuseMax2DPE_143
pe_0_1                              2279.8440      0.7    1909.4040    370.4400  0.0000  FuseMax2DPE_142
pe_0_10                             2273.0400      0.7    1903.2300    369.8100  0.0000  FuseMax2DPE_133
pe_0_11                             2284.0020      0.7    1915.8300    368.1720  0.0000  FuseMax2DPE_132
pe_0_2                              2287.5300      0.7    1922.0040    365.5260  0.0000  FuseMax2DPE_141
pe_0_3                              2288.0340      0.7    1919.4840    368.5500  0.0000  FuseMax2DPE_140
pe_0_4                              2285.5140      0.7    1914.1920    371.3220  0.0000  FuseMax2DPE_139
pe_0_5                              2280.6000      0.7    1913.1840    367.4160  0.0000  FuseMax2DPE_138
pe_0_6                              2288.5380      0.7    1919.9880    368.5500  0.0000  FuseMax2DPE_137
pe_0_7                              2296.4760      0.7    1925.1540    371.3220  0.0000  FuseMax2DPE_136
pe_0_8                              2309.2020      0.7    1937.5020    371.7000  0.0000  FuseMax2DPE_135
pe_0_9                              2298.1140      0.7    1926.9180    371.1960  0.0000  FuseMax2DPE_134
pe_10_0                             2303.7840      0.7    1932.5880    371.1960  0.0000  FuseMax2DPE_23
pe_10_1                             2270.8980      0.7    1894.4100    376.4880  0.0000  FuseMax2DPE_22
pe_10_10                            2283.8760      0.7    1909.4040    374.4720  0.0000  FuseMax2DPE_13
pe_10_11                            2287.2780      0.7    1920.7440    366.5340  0.0000  FuseMax2DPE_12
pe_10_2                             2274.5520      0.7    1903.1040    371.4480  0.0000  FuseMax2DPE_21
pe_10_3                             2293.3260      0.7    1924.7760    368.5500  0.0000  FuseMax2DPE_20
pe_10_4                             2282.9940      0.7    1912.5540    370.4400  0.0000  FuseMax2DPE_19
pe_10_5                             2283.6240      0.7    1909.9080    373.7160  0.0000  FuseMax2DPE_18
pe_10_6                             2261.5740      0.7    1889.3700    372.2040  0.0000  FuseMax2DPE_17
pe_10_7                             2288.2860      0.7    1918.2240    370.0620  0.0000  FuseMax2DPE_16
pe_10_8                             2308.0680      0.7    1934.6040    373.4640  0.0000  FuseMax2DPE_15
pe_10_9                             2265.3540      0.7    1892.7720    372.5820  0.0000  FuseMax2DPE_14
pe_11_0                             2253.3840      0.7    1882.6920    370.6920  0.0000  FuseMax2DPE_11
pe_11_1                             2257.0380      0.7    1882.3140    374.7240  0.0000  FuseMax2DPE_10
pe_11_10                            2248.2180      0.7    1876.5180    371.7000  0.0000  FuseMax2DPE_1
pe_11_11                            2251.7460      0.7    1882.0620    369.6840  0.0000  FuseMax2DPE_0
pe_11_2                             2250.3600      0.7    1876.7700    373.5900  0.0000  FuseMax2DPE_9
pe_11_3                             2229.8220      0.7    1862.2800    367.5420  0.0000  FuseMax2DPE_8
pe_11_4                             2241.1620      0.7    1874.3760    366.7860  0.0000  FuseMax2DPE_7
pe_11_5                             2247.8400      0.7    1880.0460    367.7940  0.0000  FuseMax2DPE_6
pe_11_6                             2254.3920      0.7    1878.9120    375.4800  0.0000  FuseMax2DPE_5
pe_11_7                             2265.6060      0.7    1898.3160    367.2900  0.0000  FuseMax2DPE_4
pe_11_8                             2272.9140      0.7    1900.5840    372.3300  0.0000  FuseMax2DPE_3
pe_11_9                             2263.2120      0.7    1888.1100    375.1020  0.0000  FuseMax2DPE_2
pe_1_0                              2267.2440      0.7    1898.3160    368.9280  0.0000  FuseMax2DPE_131
pe_1_1                              2278.0800      0.7    1912.1760    365.9040  0.0000  FuseMax2DPE_130
pe_1_10                             2295.4680      0.7    1925.4060    370.0620  0.0000  FuseMax2DPE_121
pe_1_11                             2270.6460      0.7    1899.8280    370.8180  0.0000  FuseMax2DPE_120
pe_1_2                              2295.4680      0.7    1925.4060    370.0620  0.0000  FuseMax2DPE_129
pe_1_3                              2288.7900      0.7    1920.2400    368.5500  0.0000  FuseMax2DPE_128
pe_1_4                              2266.6140      0.7    1891.8900    374.7240  0.0000  FuseMax2DPE_127
pe_1_5                              2276.6940      0.7    1905.6240    371.0700  0.0000  FuseMax2DPE_126
pe_1_6                              2313.3600      0.7    1944.5580    368.8020  0.0000  FuseMax2DPE_125
pe_1_7                              2293.7040      0.7    1921.3740    372.3300  0.0000  FuseMax2DPE_124
pe_1_8                              2299.7520      0.7    1923.3900    376.3620  0.0000  FuseMax2DPE_123
pe_1_9                              2287.6560      0.7    1919.6100    368.0460  0.0000  FuseMax2DPE_122
pe_2_0                              2281.1040      0.7    1910.4120    370.6920  0.0000  FuseMax2DPE_119
pe_2_1                              2280.9780      0.7    1909.0260    371.9520  0.0000  FuseMax2DPE_118
pe_2_10                             2285.7660      0.7    1919.1060    366.6600  0.0000  FuseMax2DPE_109
pe_2_11                             2289.0420      0.7    1919.7360    369.3060  0.0000  FuseMax2DPE_108
pe_2_2                              2288.9160      0.7    1913.3100    375.6060  0.0000  FuseMax2DPE_117
pe_2_3                              2304.6660      0.7    1932.7140    371.9520  0.0000  FuseMax2DPE_116
pe_2_4                              2272.1580      0.7    1897.9380    374.2200  0.0000  FuseMax2DPE_115
pe_2_5                              2275.6860      0.7    1904.2380    371.4480  0.0000  FuseMax2DPE_114
pe_2_6                              2267.1180      0.7    1902.2220    364.8960  0.0000  FuseMax2DPE_113
pe_2_7                              2291.9400      0.7    1919.1060    372.8340  0.0000  FuseMax2DPE_112
pe_2_8                              2280.0960      0.7    1911.9240    368.1720  0.0000  FuseMax2DPE_111
pe_2_9                              2275.1820      0.7    1898.1900    376.9920  0.0000  FuseMax2DPE_110
pe_3_0                              2263.5900      0.7    1891.2600    372.3300  0.0000  FuseMax2DPE_107
pe_3_1                              2291.6880      0.7    1917.0900    374.5980  0.0000  FuseMax2DPE_106
pe_3_10                             2303.4060      0.7    1931.8320    371.5740  0.0000  FuseMax2DPE_97
pe_3_11                             2301.2640      0.7    1926.4140    374.8500  0.0000  FuseMax2DPE_96
pe_3_2                              2291.8140      0.7    1916.4600    375.3540  0.0000  FuseMax2DPE_105
pe_3_3                              2302.0200      0.7    1932.2100    369.8100  0.0000  FuseMax2DPE_104
pe_3_4                              2277.1980      0.7    1905.8760    371.3220  0.0000  FuseMax2DPE_103
pe_3_5                              2294.2080      0.7    1921.8780    372.3300  0.0000  FuseMax2DPE_102
pe_3_6                              2258.8020      0.7    1890.0000    368.8020  0.0000  FuseMax2DPE_101
pe_3_7                              2254.8960      0.7    1881.3060    373.5900  0.0000  FuseMax2DPE_100
pe_3_8                              2272.1580      0.7    1898.3160    373.8420  0.0000  FuseMax2DPE_99
pe_3_9                              2296.7280      0.7    1929.1860    367.5420  0.0000  FuseMax2DPE_98
pe_4_0                              2284.2540      0.7    1915.4520    368.8020  0.0000  FuseMax2DPE_95
pe_4_1                              2304.5400      0.7    1926.4140    378.1260  0.0000  FuseMax2DPE_94
pe_4_10                             2273.9220      0.7    1901.0880    372.8340  0.0000  FuseMax2DPE_85
pe_4_11                             2275.5600      0.7    1910.1600    365.4000  0.0000  FuseMax2DPE_84
pe_4_2                              2267.3700      0.7    1894.7880    372.5820  0.0000  FuseMax2DPE_93
pe_4_3                              2268.8820      0.7    1897.3080    371.5740  0.0000  FuseMax2DPE_92
pe_4_4                              2275.1820      0.7    1903.7340    371.4480  0.0000  FuseMax2DPE_91
pe_4_5                              2270.7720      0.7    1901.3400    369.4320  0.0000  FuseMax2DPE_90
pe_4_6                              2279.4660      0.7    1909.9080    369.5580  0.0000  FuseMax2DPE_89
pe_4_7                              2293.5780      0.7    1921.8780    371.7000  0.0000  FuseMax2DPE_88
pe_4_8                              2289.4200      0.7    1918.4760    370.9440  0.0000  FuseMax2DPE_87
pe_4_9                              2288.9160      0.7    1919.4840    369.4320  0.0000  FuseMax2DPE_86
pe_5_0                              2294.0820      0.7    1920.4920    373.5900  0.0000  FuseMax2DPE_83
pe_5_1                              2264.4720      0.7    1893.4020    371.0700  0.0000  FuseMax2DPE_82
pe_5_10                             2286.5220      0.7    1918.7280    367.7940  0.0000  FuseMax2DPE_73
pe_5_11                             2285.5140      0.7    1916.5860    368.9280  0.0000  FuseMax2DPE_72
pe_5_2                              2281.1040      0.7    1906.8840    374.2200  0.0000  FuseMax2DPE_81
pe_5_3                              2267.1180      0.7    1899.0720    368.0460  0.0000  FuseMax2DPE_80
pe_5_4                              2293.9560      0.7    1918.6020    375.3540  0.0000  FuseMax2DPE_79
pe_5_5                              2285.7660      0.7    1911.0420    374.7240  0.0000  FuseMax2DPE_78
pe_5_6                              2291.1840      0.7    1926.4140    364.7700  0.0000  FuseMax2DPE_77
pe_5_7                              2302.7760      0.7    1934.9820    367.7940  0.0000  FuseMax2DPE_76
pe_5_8                              2255.2740      0.7    1883.9520    371.3220  0.0000  FuseMax2DPE_75
pe_5_9                              2277.7020      0.7    1903.2300    374.4720  0.0000  FuseMax2DPE_74
pe_6_0                              2272.7880      0.7    1900.4580    372.3300  0.0000  FuseMax2DPE_71
pe_6_1                              2288.1600      0.7    1913.4360    374.7240  0.0000  FuseMax2DPE_70
pe_6_10                             2294.0820      0.7    1922.8860    371.1960  0.0000  FuseMax2DPE_61
pe_6_11                             2284.2540      0.7    1910.1600    374.0940  0.0000  FuseMax2DPE_60
pe_6_2                              2280.8520      0.7    1908.5220    372.3300  0.0000  FuseMax2DPE_69
pe_6_3                              2273.2920      0.7    1902.7260    370.5660  0.0000  FuseMax2DPE_68
pe_6_4                              2299.7520      0.7    1928.5560    371.1960  0.0000  FuseMax2DPE_67
pe_6_5                              2283.4980      0.7    1912.3020    371.1960  0.0000  FuseMax2DPE_66
pe_6_6                              2276.9460      0.7    1900.2060    376.7400  0.0000  FuseMax2DPE_65
pe_6_7                              2288.0340      0.7    1914.6960    373.3380  0.0000  FuseMax2DPE_64
pe_6_8                              2275.9380      0.7    1904.7420    371.1960  0.0000  FuseMax2DPE_63
pe_6_9                              2281.9860      0.7    1910.1600    371.8260  0.0000  FuseMax2DPE_62
pe_7_0                              2282.8680      0.7    1909.5300    373.3380  0.0000  FuseMax2DPE_59
pe_7_1                              2270.3940      0.7    1902.2220    368.1720  0.0000  FuseMax2DPE_58
pe_7_10                             2286.2700      0.7    1915.0740    371.1960  0.0000  FuseMax2DPE_49
pe_7_11                             2286.1440      0.7    1921.1220    365.0220  0.0000  FuseMax2DPE_48
pe_7_2                              2280.9780      0.7    1912.4280    368.5500  0.0000  FuseMax2DPE_57
pe_7_3                              2266.1100      0.7    1891.7640    374.3460  0.0000  FuseMax2DPE_56
pe_7_4                              2272.1580      0.7    1899.4500    372.7080  0.0000  FuseMax2DPE_55
pe_7_5                              2271.1500      0.7    1898.3160    372.8340  0.0000  FuseMax2DPE_54
pe_7_6                              2283.2460      0.7    1911.4200    371.8260  0.0000  FuseMax2DPE_53
pe_7_7                              2268.8820      0.7    1896.3000    372.5820  0.0000  FuseMax2DPE_52
pe_7_8                              2279.7180      0.7    1906.6320    373.0860  0.0000  FuseMax2DPE_51
pe_7_9                              2291.5620      0.7    1921.5000    370.0620  0.0000  FuseMax2DPE_50
pe_8_0                              2286.7740      0.7    1911.4200    375.3540  0.0000  FuseMax2DPE_47
pe_8_1                              2288.2860      0.7    1917.8460    370.4400  0.0000  FuseMax2DPE_46
pe_8_10                             2273.1660      0.7    1898.1900    374.9760  0.0000  FuseMax2DPE_37
pe_8_11                             2282.3640      0.7    1911.4200    370.9440  0.0000  FuseMax2DPE_36
pe_8_2                              2266.6140      0.7    1897.8120    368.8020  0.0000  FuseMax2DPE_45
pe_8_3                              2294.2080      0.7    1921.8780    372.3300  0.0000  FuseMax2DPE_44
pe_8_4                              2281.1040      0.7    1913.8140    367.2900  0.0000  FuseMax2DPE_43
pe_8_5                              2272.4100      0.7    1900.4580    371.9520  0.0000  FuseMax2DPE_42
pe_8_6                              2289.7980      0.7    1916.4600    373.3380  0.0000  FuseMax2DPE_41
pe_8_7                              2280.6000      0.7    1906.7580    373.8420  0.0000  FuseMax2DPE_40
pe_8_8                              2286.6480      0.7    1915.2000    371.4480  0.0000  FuseMax2DPE_39
pe_8_9                              2287.7820      0.7    1915.9560    371.8260  0.0000  FuseMax2DPE_38
pe_9_0                              2278.7100      0.7    1905.3720    373.3380  0.0000  FuseMax2DPE_35
pe_9_1                              2286.5220      0.7    1918.4760    368.0460  0.0000  FuseMax2DPE_34
pe_9_10                             2258.1720      0.7    1887.9840    370.1880  0.0000  FuseMax2DPE_25
pe_9_11                             2293.3260      0.7    1921.8780    371.4480  0.0000  FuseMax2DPE_24
pe_9_2                              2290.6800      0.7    1918.4760    372.2040  0.0000  FuseMax2DPE_33
pe_9_3                              2283.8760      0.7    1908.9000    374.9760  0.0000  FuseMax2DPE_32
pe_9_4                              2269.2600      0.7    1896.1740    373.0860  0.0000  FuseMax2DPE_31
pe_9_5                              2282.3640      0.7    1908.1440    374.2200  0.0000  FuseMax2DPE_30
pe_9_6                              2299.6260      0.7    1924.2720    375.3540  0.0000  FuseMax2DPE_29
pe_9_7                              2258.1720      0.7    1889.4960    368.6760  0.0000  FuseMax2DPE_28
pe_9_8                              2278.0800      0.7    1905.1200    372.9600  0.0000  FuseMax2DPE_27
pe_9_9                              2294.4600      0.7    1920.9960    373.4640  0.0000  FuseMax2DPE_26
--------------------------------  -----------  -------  -----------  ----------  ------  ---------------
Total                                                   274916.6276  53474.6514  0.0000

1
