 
****************************************
Report : power
        -hier
        -analysis_effort low
Design : FuseMax2DArray
Version: V-2023.12
Date   : Mon Apr  6 08:07:59 2026
****************************************


Library(s) Used:

    tcbn28hpcplusbwp30p140ffg0p99v0c_ccs (File: /hpc/Tech/TSMC/digital/N28/digital/Front_End/timing_power_noise/CCS/tcbn28hpcplusbwp30p140_180a/tcbn28hpcplusbwp30p140ffg0p99v0c_ccs.db)


Operating Conditions: ffg0p99v0c   Library: tcbn28hpcplusbwp30p140ffg0p99v0c_ccs
Wire Load Model Mode: segmented

Design        Wire Load Model            Library
------------------------------------------------
FuseMax2DArray         ZeroWireload      tcbn28hpcplusbwp30p140ffg0p99v0c_ccs
FuseMax2DPE_143        ZeroWireload      tcbn28hpcplusbwp30p140ffg0p99v0c_ccs
FuseMax2DPE_132        ZeroWireload      tcbn28hpcplusbwp30p140ffg0p99v0c_ccs
FuseMax2DPE_0          ZeroWireload      tcbn28hpcplusbwp30p140ffg0p99v0c_ccs
FuseMax2DPE_12         ZeroWireload      tcbn28hpcplusbwp30p140ffg0p99v0c_ccs
FuseMax2DPE_24         ZeroWireload      tcbn28hpcplusbwp30p140ffg0p99v0c_ccs
FuseMax2DPE_36         ZeroWireload      tcbn28hpcplusbwp30p140ffg0p99v0c_ccs
FuseMax2DPE_48         ZeroWireload      tcbn28hpcplusbwp30p140ffg0p99v0c_ccs
FuseMax2DPE_60         ZeroWireload      tcbn28hpcplusbwp30p140ffg0p99v0c_ccs
FuseMax2DPE_72         ZeroWireload      tcbn28hpcplusbwp30p140ffg0p99v0c_ccs
FuseMax2DPE_84         ZeroWireload      tcbn28hpcplusbwp30p140ffg0p99v0c_ccs
FuseMax2DPE_96         ZeroWireload      tcbn28hpcplusbwp30p140ffg0p99v0c_ccs
FuseMax2DPE_108        ZeroWireload      tcbn28hpcplusbwp30p140ffg0p99v0c_ccs
FuseMax2DPE_120        ZeroWireload      tcbn28hpcplusbwp30p140ffg0p99v0c_ccs
FuseMax2DPE_1          ZeroWireload      tcbn28hpcplusbwp30p140ffg0p99v0c_ccs
FuseMax2DPE_2          ZeroWireload      tcbn28hpcplusbwp30p140ffg0p99v0c_ccs
FuseMax2DPE_3          ZeroWireload      tcbn28hpcplusbwp30p140ffg0p99v0c_ccs
FuseMax2DPE_4          ZeroWireload      tcbn28hpcplusbwp30p140ffg0p99v0c_ccs
FuseMax2DPE_5          ZeroWireload      tcbn28hpcplusbwp30p140ffg0p99v0c_ccs
FuseMax2DPE_6          ZeroWireload      tcbn28hpcplusbwp30p140ffg0p99v0c_ccs
FuseMax2DPE_7          ZeroWireload      tcbn28hpcplusbwp30p140ffg0p99v0c_ccs
FuseMax2DPE_8          ZeroWireload      tcbn28hpcplusbwp30p140ffg0p99v0c_ccs
FuseMax2DPE_9          ZeroWireload      tcbn28hpcplusbwp30p140ffg0p99v0c_ccs
FuseMax2DPE_10         ZeroWireload      tcbn28hpcplusbwp30p140ffg0p99v0c_ccs
FuseMax2DPE_11         ZeroWireload      tcbn28hpcplusbwp30p140ffg0p99v0c_ccs
FuseMax2DPE_13         ZeroWireload      tcbn28hpcplusbwp30p140ffg0p99v0c_ccs
FuseMax2DPE_14         ZeroWireload      tcbn28hpcplusbwp30p140ffg0p99v0c_ccs
FuseMax2DPE_15         ZeroWireload      tcbn28hpcplusbwp30p140ffg0p99v0c_ccs
FuseMax2DPE_16         ZeroWireload      tcbn28hpcplusbwp30p140ffg0p99v0c_ccs
FuseMax2DPE_17         ZeroWireload      tcbn28hpcplusbwp30p140ffg0p99v0c_ccs
FuseMax2DPE_18         ZeroWireload      tcbn28hpcplusbwp30p140ffg0p99v0c_ccs
FuseMax2DPE_19         ZeroWireload      tcbn28hpcplusbwp30p140ffg0p99v0c_ccs
FuseMax2DPE_20         ZeroWireload      tcbn28hpcplusbwp30p140ffg0p99v0c_ccs
FuseMax2DPE_21         ZeroWireload      tcbn28hpcplusbwp30p140ffg0p99v0c_ccs
FuseMax2DPE_22         ZeroWireload      tcbn28hpcplusbwp30p140ffg0p99v0c_ccs
FuseMax2DPE_23         ZeroWireload      tcbn28hpcplusbwp30p140ffg0p99v0c_ccs
FuseMax2DPE_25         ZeroWireload      tcbn28hpcplusbwp30p140ffg0p99v0c_ccs
FuseMax2DPE_26         ZeroWireload      tcbn28hpcplusbwp30p140ffg0p99v0c_ccs
FuseMax2DPE_27         ZeroWireload      tcbn28hpcplusbwp30p140ffg0p99v0c_ccs
FuseMax2DPE_28         ZeroWireload      tcbn28hpcplusbwp30p140ffg0p99v0c_ccs
FuseMax2DPE_29         ZeroWireload      tcbn28hpcplusbwp30p140ffg0p99v0c_ccs
FuseMax2DPE_30         ZeroWireload      tcbn28hpcplusbwp30p140ffg0p99v0c_ccs
FuseMax2DPE_31         ZeroWireload      tcbn28hpcplusbwp30p140ffg0p99v0c_ccs
FuseMax2DPE_32         ZeroWireload      tcbn28hpcplusbwp30p140ffg0p99v0c_ccs
FuseMax2DPE_33         ZeroWireload      tcbn28hpcplusbwp30p140ffg0p99v0c_ccs
FuseMax2DPE_34         ZeroWireload      tcbn28hpcplusbwp30p140ffg0p99v0c_ccs
FuseMax2DPE_35         ZeroWireload      tcbn28hpcplusbwp30p140ffg0p99v0c_ccs
FuseMax2DPE_37         ZeroWireload      tcbn28hpcplusbwp30p140ffg0p99v0c_ccs
FuseMax2DPE_38         ZeroWireload      tcbn28hpcplusbwp30p140ffg0p99v0c_ccs
FuseMax2DPE_39         ZeroWireload      tcbn28hpcplusbwp30p140ffg0p99v0c_ccs
FuseMax2DPE_40         ZeroWireload      tcbn28hpcplusbwp30p140ffg0p99v0c_ccs
FuseMax2DPE_41         ZeroWireload      tcbn28hpcplusbwp30p140ffg0p99v0c_ccs
FuseMax2DPE_42         ZeroWireload      tcbn28hpcplusbwp30p140ffg0p99v0c_ccs
FuseMax2DPE_43         ZeroWireload      tcbn28hpcplusbwp30p140ffg0p99v0c_ccs
FuseMax2DPE_44         ZeroWireload      tcbn28hpcplusbwp30p140ffg0p99v0c_ccs
FuseMax2DPE_45         ZeroWireload      tcbn28hpcplusbwp30p140ffg0p99v0c_ccs
FuseMax2DPE_46         ZeroWireload      tcbn28hpcplusbwp30p140ffg0p99v0c_ccs
FuseMax2DPE_47         ZeroWireload      tcbn28hpcplusbwp30p140ffg0p99v0c_ccs
FuseMax2DPE_49         ZeroWireload      tcbn28hpcplusbwp30p140ffg0p99v0c_ccs
FuseMax2DPE_50         ZeroWireload      tcbn28hpcplusbwp30p140ffg0p99v0c_ccs
FuseMax2DPE_51         ZeroWireload      tcbn28hpcplusbwp30p140ffg0p99v0c_ccs
FuseMax2DPE_52         ZeroWireload      tcbn28hpcplusbwp30p140ffg0p99v0c_ccs
FuseMax2DPE_53         ZeroWireload      tcbn28hpcplusbwp30p140ffg0p99v0c_ccs
FuseMax2DPE_54         ZeroWireload      tcbn28hpcplusbwp30p140ffg0p99v0c_ccs
FuseMax2DPE_55         ZeroWireload      tcbn28hpcplusbwp30p140ffg0p99v0c_ccs
FuseMax2DPE_56         ZeroWireload      tcbn28hpcplusbwp30p140ffg0p99v0c_ccs
FuseMax2DPE_57         ZeroWireload      tcbn28hpcplusbwp30p140ffg0p99v0c_ccs
FuseMax2DPE_58         ZeroWireload      tcbn28hpcplusbwp30p140ffg0p99v0c_ccs
FuseMax2DPE_59         ZeroWireload      tcbn28hpcplusbwp30p140ffg0p99v0c_ccs
FuseMax2DPE_61         ZeroWireload      tcbn28hpcplusbwp30p140ffg0p99v0c_ccs
FuseMax2DPE_62         ZeroWireload      tcbn28hpcplusbwp30p140ffg0p99v0c_ccs
FuseMax2DPE_63         ZeroWireload      tcbn28hpcplusbwp30p140ffg0p99v0c_ccs
FuseMax2DPE_64         ZeroWireload      tcbn28hpcplusbwp30p140ffg0p99v0c_ccs
FuseMax2DPE_65         ZeroWireload      tcbn28hpcplusbwp30p140ffg0p99v0c_ccs
FuseMax2DPE_66         ZeroWireload      tcbn28hpcplusbwp30p140ffg0p99v0c_ccs
FuseMax2DPE_67         ZeroWireload      tcbn28hpcplusbwp30p140ffg0p99v0c_ccs
FuseMax2DPE_68         ZeroWireload      tcbn28hpcplusbwp30p140ffg0p99v0c_ccs
FuseMax2DPE_69         ZeroWireload      tcbn28hpcplusbwp30p140ffg0p99v0c_ccs
FuseMax2DPE_70         ZeroWireload      tcbn28hpcplusbwp30p140ffg0p99v0c_ccs
FuseMax2DPE_71         ZeroWireload      tcbn28hpcplusbwp30p140ffg0p99v0c_ccs
FuseMax2DPE_73         ZeroWireload      tcbn28hpcplusbwp30p140ffg0p99v0c_ccs
FuseMax2DPE_74         ZeroWireload      tcbn28hpcplusbwp30p140ffg0p99v0c_ccs
FuseMax2DPE_75         ZeroWireload      tcbn28hpcplusbwp30p140ffg0p99v0c_ccs
FuseMax2DPE_76         ZeroWireload      tcbn28hpcplusbwp30p140ffg0p99v0c_ccs
FuseMax2DPE_77         ZeroWireload      tcbn28hpcplusbwp30p140ffg0p99v0c_ccs
FuseMax2DPE_78         ZeroWireload      tcbn28hpcplusbwp30p140ffg0p99v0c_ccs
FuseMax2DPE_79         ZeroWireload      tcbn28hpcplusbwp30p140ffg0p99v0c_ccs
FuseMax2DPE_80         ZeroWireload      tcbn28hpcplusbwp30p140ffg0p99v0c_ccs
FuseMax2DPE_81         ZeroWireload      tcbn28hpcplusbwp30p140ffg0p99v0c_ccs
FuseMax2DPE_82         ZeroWireload      tcbn28hpcplusbwp30p140ffg0p99v0c_ccs
FuseMax2DPE_83         ZeroWireload      tcbn28hpcplusbwp30p140ffg0p99v0c_ccs
FuseMax2DPE_85         ZeroWireload      tcbn28hpcplusbwp30p140ffg0p99v0c_ccs
FuseMax2DPE_86         ZeroWireload      tcbn28hpcplusbwp30p140ffg0p99v0c_ccs
FuseMax2DPE_87         ZeroWireload      tcbn28hpcplusbwp30p140ffg0p99v0c_ccs
FuseMax2DPE_88         ZeroWireload      tcbn28hpcplusbwp30p140ffg0p99v0c_ccs
FuseMax2DPE_89         ZeroWireload      tcbn28hpcplusbwp30p140ffg0p99v0c_ccs
FuseMax2DPE_90         ZeroWireload      tcbn28hpcplusbwp30p140ffg0p99v0c_ccs
FuseMax2DPE_91         ZeroWireload      tcbn28hpcplusbwp30p140ffg0p99v0c_ccs
FuseMax2DPE_92         ZeroWireload      tcbn28hpcplusbwp30p140ffg0p99v0c_ccs
FuseMax2DPE_93         ZeroWireload      tcbn28hpcplusbwp30p140ffg0p99v0c_ccs
FuseMax2DPE_94         ZeroWireload      tcbn28hpcplusbwp30p140ffg0p99v0c_ccs
FuseMax2DPE_95         ZeroWireload      tcbn28hpcplusbwp30p140ffg0p99v0c_ccs
FuseMax2DPE_97         ZeroWireload      tcbn28hpcplusbwp30p140ffg0p99v0c_ccs
FuseMax2DPE_98         ZeroWireload      tcbn28hpcplusbwp30p140ffg0p99v0c_ccs
FuseMax2DPE_99         ZeroWireload      tcbn28hpcplusbwp30p140ffg0p99v0c_ccs
FuseMax2DPE_100        ZeroWireload      tcbn28hpcplusbwp30p140ffg0p99v0c_ccs
FuseMax2DPE_101        ZeroWireload      tcbn28hpcplusbwp30p140ffg0p99v0c_ccs
FuseMax2DPE_102        ZeroWireload      tcbn28hpcplusbwp30p140ffg0p99v0c_ccs
FuseMax2DPE_103        ZeroWireload      tcbn28hpcplusbwp30p140ffg0p99v0c_ccs
FuseMax2DPE_104        ZeroWireload      tcbn28hpcplusbwp30p140ffg0p99v0c_ccs
FuseMax2DPE_105        ZeroWireload      tcbn28hpcplusbwp30p140ffg0p99v0c_ccs
FuseMax2DPE_106        ZeroWireload      tcbn28hpcplusbwp30p140ffg0p99v0c_ccs
FuseMax2DPE_107        ZeroWireload      tcbn28hpcplusbwp30p140ffg0p99v0c_ccs
FuseMax2DPE_109        ZeroWireload      tcbn28hpcplusbwp30p140ffg0p99v0c_ccs
FuseMax2DPE_110        ZeroWireload      tcbn28hpcplusbwp30p140ffg0p99v0c_ccs
FuseMax2DPE_111        ZeroWireload      tcbn28hpcplusbwp30p140ffg0p99v0c_ccs
FuseMax2DPE_112        ZeroWireload      tcbn28hpcplusbwp30p140ffg0p99v0c_ccs
FuseMax2DPE_113        ZeroWireload      tcbn28hpcplusbwp30p140ffg0p99v0c_ccs
FuseMax2DPE_114        ZeroWireload      tcbn28hpcplusbwp30p140ffg0p99v0c_ccs
FuseMax2DPE_115        ZeroWireload      tcbn28hpcplusbwp30p140ffg0p99v0c_ccs
FuseMax2DPE_116        ZeroWireload      tcbn28hpcplusbwp30p140ffg0p99v0c_ccs
FuseMax2DPE_117        ZeroWireload      tcbn28hpcplusbwp30p140ffg0p99v0c_ccs
FuseMax2DPE_118        ZeroWireload      tcbn28hpcplusbwp30p140ffg0p99v0c_ccs
FuseMax2DPE_119        ZeroWireload      tcbn28hpcplusbwp30p140ffg0p99v0c_ccs
FuseMax2DPE_121        ZeroWireload      tcbn28hpcplusbwp30p140ffg0p99v0c_ccs
FuseMax2DPE_122        ZeroWireload      tcbn28hpcplusbwp30p140ffg0p99v0c_ccs
FuseMax2DPE_123        ZeroWireload      tcbn28hpcplusbwp30p140ffg0p99v0c_ccs
FuseMax2DPE_124        ZeroWireload      tcbn28hpcplusbwp30p140ffg0p99v0c_ccs
FuseMax2DPE_125        ZeroWireload      tcbn28hpcplusbwp30p140ffg0p99v0c_ccs
FuseMax2DPE_126        ZeroWireload      tcbn28hpcplusbwp30p140ffg0p99v0c_ccs
FuseMax2DPE_127        ZeroWireload      tcbn28hpcplusbwp30p140ffg0p99v0c_ccs
FuseMax2DPE_128        ZeroWireload      tcbn28hpcplusbwp30p140ffg0p99v0c_ccs
FuseMax2DPE_129        ZeroWireload      tcbn28hpcplusbwp30p140ffg0p99v0c_ccs
FuseMax2DPE_130        ZeroWireload      tcbn28hpcplusbwp30p140ffg0p99v0c_ccs
FuseMax2DPE_131        ZeroWireload      tcbn28hpcplusbwp30p140ffg0p99v0c_ccs
FuseMax2DPE_133        ZeroWireload      tcbn28hpcplusbwp30p140ffg0p99v0c_ccs
FuseMax2DPE_134        ZeroWireload      tcbn28hpcplusbwp30p140ffg0p99v0c_ccs
FuseMax2DPE_135        ZeroWireload      tcbn28hpcplusbwp30p140ffg0p99v0c_ccs
FuseMax2DPE_136        ZeroWireload      tcbn28hpcplusbwp30p140ffg0p99v0c_ccs
FuseMax2DPE_137        ZeroWireload      tcbn28hpcplusbwp30p140ffg0p99v0c_ccs
FuseMax2DPE_138        ZeroWireload      tcbn28hpcplusbwp30p140ffg0p99v0c_ccs
FuseMax2DPE_139        ZeroWireload      tcbn28hpcplusbwp30p140ffg0p99v0c_ccs
FuseMax2DPE_140        ZeroWireload      tcbn28hpcplusbwp30p140ffg0p99v0c_ccs
FuseMax2DPE_141        ZeroWireload      tcbn28hpcplusbwp30p140ffg0p99v0c_ccs
FuseMax2DPE_142        ZeroWireload      tcbn28hpcplusbwp30p140ffg0p99v0c_ccs


Global Operating Voltage = 0.99 
Power-specific unit information :
    Voltage Units = 1V
    Capacitance Units = 1.000000pf
    Time Units = 1ns
    Dynamic Power Units = 1mW    (derived from V,C,T units)
    Leakage Power Units = 1nW


--------------------------------------------------------------------------------
                                       Switch   Int      Leak     Total
Hierarchy                              Power    Power    Power    Power    %
--------------------------------------------------------------------------------
FuseMax2DArray                           12.525  115.394 1.66e+06  129.576 100.0
  pe_11_11 (FuseMax2DPE_0)             8.39e-02    0.786 1.18e+04    0.882   0.7
  pe_11_10 (FuseMax2DPE_1)             7.81e-02    0.781 1.19e+04    0.871   0.7
  pe_11_9 (FuseMax2DPE_2)              8.23e-02    0.799 1.20e+04    0.893   0.7
  pe_11_8 (FuseMax2DPE_3)              8.32e-02    0.789 1.20e+04    0.884   0.7
  pe_11_7 (FuseMax2DPE_4)              8.22e-02    0.787 1.19e+04    0.881   0.7
  pe_11_6 (FuseMax2DPE_5)              8.54e-02    0.797 1.20e+04    0.894   0.7
  pe_11_5 (FuseMax2DPE_6)              8.76e-02    0.785 1.18e+04    0.884   0.7
  pe_11_4 (FuseMax2DPE_7)              8.51e-02    0.783 1.17e+04    0.880   0.7
  pe_11_3 (FuseMax2DPE_8)              8.71e-02    0.786 1.16e+04    0.885   0.7
  pe_11_2 (FuseMax2DPE_9)              8.56e-02    0.793 1.18e+04    0.891   0.7
  pe_11_1 (FuseMax2DPE_10)             9.11e-02    0.806 1.19e+04    0.909   0.7
  pe_11_0 (FuseMax2DPE_11)             9.61e-02    0.799 1.20e+04    0.907   0.7
  pe_10_11 (FuseMax2DPE_12)            7.72e-02    0.789 1.14e+04    0.878   0.7
  pe_10_10 (FuseMax2DPE_13)            7.63e-02    0.793 1.15e+04    0.881   0.7
  pe_10_9 (FuseMax2DPE_14)             7.45e-02    0.784 1.13e+04    0.870   0.7
  pe_10_8 (FuseMax2DPE_15)             7.77e-02    0.793 1.17e+04    0.882   0.7
  pe_10_7 (FuseMax2DPE_16)             7.86e-02    0.790 1.15e+04    0.880   0.7
  pe_10_6 (FuseMax2DPE_17)             8.04e-02    0.794 1.13e+04    0.886   0.7
  pe_10_5 (FuseMax2DPE_18)             8.09e-02    0.798 1.15e+04    0.890   0.7
  pe_10_4 (FuseMax2DPE_19)             8.35e-02    0.803 1.15e+04    0.898   0.7
  pe_10_3 (FuseMax2DPE_20)             8.48e-02    0.800 1.16e+04    0.896   0.7
  pe_10_2 (FuseMax2DPE_21)             8.36e-02    0.799 1.14e+04    0.894   0.7
  pe_10_1 (FuseMax2DPE_22)             8.59e-02    0.807 1.14e+04    0.904   0.7
  pe_10_0 (FuseMax2DPE_23)             9.23e-02    0.816 1.17e+04    0.920   0.7
  pe_9_11 (FuseMax2DPE_24)             7.43e-02    0.794 1.16e+04    0.880   0.7
  pe_9_10 (FuseMax2DPE_25)             7.34e-02    0.780 1.12e+04    0.865   0.7
  pe_9_9 (FuseMax2DPE_26)              7.57e-02    0.792 1.16e+04    0.879   0.7
  pe_9_8 (FuseMax2DPE_27)              7.91e-02    0.794 1.15e+04    0.885   0.7
  pe_9_7 (FuseMax2DPE_28)              7.50e-02    0.782 1.13e+04    0.868   0.7
  pe_9_6 (FuseMax2DPE_29)              7.89e-02    0.798 1.15e+04    0.889   0.7
  pe_9_5 (FuseMax2DPE_30)              8.09e-02    0.799 1.15e+04    0.891   0.7
  pe_9_4 (FuseMax2DPE_31)              8.05e-02    0.797 1.14e+04    0.889   0.7
  pe_9_3 (FuseMax2DPE_32)              8.34e-02    0.800 1.15e+04    0.895   0.7
  pe_9_2 (FuseMax2DPE_33)              8.56e-02    0.806 1.15e+04    0.903   0.7
  pe_9_1 (FuseMax2DPE_34)              8.72e-02    0.797 1.15e+04    0.896   0.7
  pe_9_0 (FuseMax2DPE_35)              9.08e-02    0.811 1.15e+04    0.913   0.7
  pe_8_11 (FuseMax2DPE_36)             7.50e-02    0.786 1.14e+04    0.872   0.7
  pe_8_10 (FuseMax2DPE_37)             7.63e-02    0.791 1.14e+04    0.879   0.7
  pe_8_9 (FuseMax2DPE_38)              7.69e-02    0.791 1.15e+04    0.879   0.7
  pe_8_8 (FuseMax2DPE_39)              7.62e-02    0.789 1.14e+04    0.877   0.7
  pe_8_7 (FuseMax2DPE_40)              8.23e-02    0.799 1.15e+04    0.893   0.7
  pe_8_6 (FuseMax2DPE_41)              8.01e-02    0.797 1.15e+04    0.889   0.7
  pe_8_5 (FuseMax2DPE_42)              8.32e-02    0.800 1.14e+04    0.895   0.7
  pe_8_4 (FuseMax2DPE_43)              8.38e-02    0.798 1.14e+04    0.893   0.7
  pe_8_3 (FuseMax2DPE_44)              8.25e-02    0.798 1.16e+04    0.892   0.7
  pe_8_2 (FuseMax2DPE_45)              8.25e-02    0.792 1.13e+04    0.886   0.7
  pe_8_1 (FuseMax2DPE_46)              8.90e-02    0.803 1.16e+04    0.903   0.7
  pe_8_0 (FuseMax2DPE_47)              9.35e-02    0.814 1.15e+04    0.919   0.7
  pe_7_11 (FuseMax2DPE_48)             7.61e-02    0.786 1.14e+04    0.873   0.7
  pe_7_10 (FuseMax2DPE_49)             7.80e-02    0.797 1.14e+04    0.887   0.7
  pe_7_9 (FuseMax2DPE_50)              7.89e-02    0.792 1.15e+04    0.882   0.7
  pe_7_8 (FuseMax2DPE_51)              8.05e-02    0.794 1.14e+04    0.886   0.7
  pe_7_7 (FuseMax2DPE_52)              8.02e-02    0.794 1.13e+04    0.886   0.7
  pe_7_6 (FuseMax2DPE_53)              8.00e-02    0.796 1.15e+04    0.887   0.7
  pe_7_5 (FuseMax2DPE_54)              8.16e-02    0.791 1.14e+04    0.884   0.7
  pe_7_4 (FuseMax2DPE_55)              8.49e-02    0.796 1.14e+04    0.892   0.7
  pe_7_3 (FuseMax2DPE_56)              8.57e-02    0.805 1.14e+04    0.902   0.7
  pe_7_2 (FuseMax2DPE_57)              8.63e-02    0.794 1.15e+04    0.892   0.7
  pe_7_1 (FuseMax2DPE_58)              8.72e-02    0.804 1.13e+04    0.902   0.7
  pe_7_0 (FuseMax2DPE_59)              9.22e-02    0.811 1.15e+04    0.915   0.7
  pe_6_11 (FuseMax2DPE_60)             7.76e-02    0.791 1.15e+04    0.880   0.7
  pe_6_10 (FuseMax2DPE_61)             7.90e-02    0.787 1.15e+04    0.878   0.7
  pe_6_9 (FuseMax2DPE_62)              7.70e-02    0.784 1.14e+04    0.873   0.7
  pe_6_8 (FuseMax2DPE_63)              7.85e-02    0.788 1.14e+04    0.878   0.7
  pe_6_7 (FuseMax2DPE_64)              8.25e-02    0.804 1.16e+04    0.898   0.7
  pe_6_6 (FuseMax2DPE_65)              8.31e-02    0.799 1.15e+04    0.893   0.7
  pe_6_5 (FuseMax2DPE_66)              8.28e-02    0.795 1.15e+04    0.889   0.7
  pe_6_4 (FuseMax2DPE_67)              8.41e-02    0.807 1.17e+04    0.903   0.7
  pe_6_3 (FuseMax2DPE_68)              8.71e-02    0.802 1.14e+04    0.901   0.7
  pe_6_2 (FuseMax2DPE_69)              9.43e-02    0.810 1.15e+04    0.915   0.7
  pe_6_1 (FuseMax2DPE_70)              8.96e-02    0.810 1.15e+04    0.911   0.7
  pe_6_0 (FuseMax2DPE_71)              9.44e-02    0.808 1.14e+04    0.914   0.7
  pe_5_11 (FuseMax2DPE_72)             7.97e-02    0.797 1.14e+04    0.888   0.7
  pe_5_10 (FuseMax2DPE_73)             7.89e-02    0.788 1.15e+04    0.878   0.7
  pe_5_9 (FuseMax2DPE_74)              7.84e-02    0.796 1.15e+04    0.885   0.7
  pe_5_8 (FuseMax2DPE_75)              7.97e-02    0.789 1.12e+04    0.880   0.7
  pe_5_7 (FuseMax2DPE_76)              8.36e-02    0.801 1.16e+04    0.896   0.7
  pe_5_6 (FuseMax2DPE_77)              8.17e-02    0.790 1.15e+04    0.883   0.7
  pe_5_5 (FuseMax2DPE_78)              8.75e-02    0.804 1.15e+04    0.903   0.7
  pe_5_4 (FuseMax2DPE_79)              8.78e-02    0.805 1.16e+04    0.904   0.7
  pe_5_3 (FuseMax2DPE_80)              8.67e-02    0.803 1.13e+04    0.901   0.7
  pe_5_2 (FuseMax2DPE_81)              8.85e-02    0.806 1.15e+04    0.906   0.7
  pe_5_1 (FuseMax2DPE_82)              9.17e-02    0.814 1.13e+04    0.917   0.7
  pe_5_0 (FuseMax2DPE_83)              9.75e-02    0.814 1.15e+04    0.923   0.7
  pe_4_11 (FuseMax2DPE_84)             8.08e-02    0.792 1.13e+04    0.884   0.7
  pe_4_10 (FuseMax2DPE_85)             8.13e-02    0.792 1.13e+04    0.885   0.7
  pe_4_9 (FuseMax2DPE_86)              7.89e-02    0.793 1.14e+04    0.883   0.7
  pe_4_8 (FuseMax2DPE_87)              8.24e-02    0.802 1.14e+04    0.896   0.7
  pe_4_7 (FuseMax2DPE_88)              8.39e-02    0.794 1.16e+04    0.889   0.7
  pe_4_6 (FuseMax2DPE_89)              8.41e-02    0.798 1.15e+04    0.893   0.7
  pe_4_5 (FuseMax2DPE_90)              8.65e-02    0.795 1.13e+04    0.892   0.7
  pe_4_4 (FuseMax2DPE_91)              8.76e-02    0.801 1.14e+04    0.900   0.7
  pe_4_3 (FuseMax2DPE_92)              8.96e-02    0.804 1.14e+04    0.905   0.7
  pe_4_2 (FuseMax2DPE_93)              9.05e-02    0.807 1.13e+04    0.909   0.7
  pe_4_1 (FuseMax2DPE_94)              9.40e-02    0.812 1.18e+04    0.918   0.7
  pe_4_0 (FuseMax2DPE_95)              9.80e-02    0.814 1.15e+04    0.923   0.7
  pe_3_11 (FuseMax2DPE_96)             8.34e-02    0.795 1.17e+04    0.890   0.7
  pe_3_10 (FuseMax2DPE_97)             8.72e-02    0.798 1.16e+04    0.897   0.7
  pe_3_9 (FuseMax2DPE_98)              8.77e-02    0.804 1.16e+04    0.903   0.7
  pe_3_8 (FuseMax2DPE_99)              8.42e-02    0.798 1.15e+04    0.894   0.7
  pe_3_7 (FuseMax2DPE_100)             8.23e-02    0.796 1.13e+04    0.890   0.7
  pe_3_6 (FuseMax2DPE_101)             8.34e-02    0.795 1.12e+04    0.890   0.7
  pe_3_5 (FuseMax2DPE_102)             8.83e-02    0.812 1.15e+04    0.912   0.7
  pe_3_4 (FuseMax2DPE_103)             9.15e-02    0.802 1.14e+04    0.905   0.7
  pe_3_3 (FuseMax2DPE_104)             9.19e-02    0.799 1.15e+04    0.902   0.7
  pe_3_2 (FuseMax2DPE_105)             9.49e-02    0.815 1.16e+04    0.921   0.7
  pe_3_1 (FuseMax2DPE_106)             9.84e-02    0.814 1.16e+04    0.924   0.7
  pe_3_0 (FuseMax2DPE_107)             9.59e-02    0.819 1.12e+04    0.926   0.7
  pe_2_11 (FuseMax2DPE_108)            8.64e-02    0.808 1.15e+04    0.906   0.7
  pe_2_10 (FuseMax2DPE_109)            8.51e-02    0.802 1.15e+04    0.899   0.7
  pe_2_9 (FuseMax2DPE_110)             8.65e-02    0.798 1.15e+04    0.895   0.7
  pe_2_8 (FuseMax2DPE_111)             8.70e-02    0.806 1.14e+04    0.904   0.7
  pe_2_7 (FuseMax2DPE_112)             8.85e-02    0.799 1.16e+04    0.900   0.7
  pe_2_6 (FuseMax2DPE_113)             8.81e-02    0.800 1.13e+04    0.899   0.7
  pe_2_5 (FuseMax2DPE_114)             9.12e-02    0.799 1.14e+04    0.901   0.7
  pe_2_4 (FuseMax2DPE_115)             8.85e-02    0.807 1.14e+04    0.907   0.7
  pe_2_3 (FuseMax2DPE_116)             9.82e-02    0.821 1.17e+04    0.931   0.7
  pe_2_2 (FuseMax2DPE_117)             9.58e-02    0.813 1.17e+04    0.921   0.7
  pe_2_1 (FuseMax2DPE_118)             9.76e-02    0.809 1.15e+04    0.918   0.7
  pe_2_0 (FuseMax2DPE_119)                0.100    0.808 1.15e+04    0.919   0.7
  pe_1_11 (FuseMax2DPE_120)            8.48e-02    0.784 1.14e+04    0.880   0.7
  pe_1_10 (FuseMax2DPE_121)            9.33e-02    0.804 1.16e+04    0.909   0.7
  pe_1_9 (FuseMax2DPE_122)             9.17e-02    0.794 1.15e+04    0.898   0.7
  pe_1_8 (FuseMax2DPE_123)             9.39e-02    0.805 1.17e+04    0.911   0.7
  pe_1_7 (FuseMax2DPE_124)             9.49e-02    0.818 1.16e+04    0.925   0.7
  pe_1_6 (FuseMax2DPE_125)             9.30e-02    0.814 1.17e+04    0.919   0.7
  pe_1_5 (FuseMax2DPE_126)             9.72e-02    0.807 1.14e+04    0.916   0.7
  pe_1_4 (FuseMax2DPE_127)             9.57e-02    0.808 1.14e+04    0.915   0.7
  pe_1_3 (FuseMax2DPE_128)             9.60e-02    0.809 1.16e+04    0.916   0.7
  pe_1_2 (FuseMax2DPE_129)             9.99e-02    0.808 1.15e+04    0.920   0.7
  pe_1_1 (FuseMax2DPE_130)                0.103    0.803 1.14e+04    0.917   0.7
  pe_1_0 (FuseMax2DPE_131)                0.102    0.808 1.14e+04    0.922   0.7
  pe_0_11 (FuseMax2DPE_132)            9.61e-02    0.816 1.14e+04    0.923   0.7
  pe_0_10 (FuseMax2DPE_133)            9.18e-02    0.815 1.14e+04    0.918   0.7
  pe_0_9 (FuseMax2DPE_134)             9.75e-02    0.823 1.16e+04    0.932   0.7
  pe_0_8 (FuseMax2DPE_135)             9.46e-02    0.821 1.17e+04    0.928   0.7
  pe_0_7 (FuseMax2DPE_136)                0.101    0.826 1.16e+04    0.939   0.7
  pe_0_6 (FuseMax2DPE_137)             9.93e-02    0.822 1.15e+04    0.933   0.7
  pe_0_5 (FuseMax2DPE_138)             1.00e-01    0.820 1.15e+04    0.932   0.7
  pe_0_4 (FuseMax2DPE_139)                0.102    0.830 1.15e+04    0.943   0.7
  pe_0_3 (FuseMax2DPE_140)                0.103    0.825 1.15e+04    0.940   0.7
  pe_0_2 (FuseMax2DPE_141)                0.104    0.823 1.15e+04    0.939   0.7
  pe_0_1 (FuseMax2DPE_142)                0.109    0.836 1.15e+04    0.957   0.7
  pe_0_0 (FuseMax2DPE_143)                0.110    0.839 1.15e+04    0.960   0.7
1
