Information: Updating design information... (UID-85)
Warning: Design 'FuseMax2DArray' contains 2 high-fanout nets. A fanout number of 1000 will be used for delay calculations involving these nets. (TIM-134)
 
****************************************
Report : timing
        -path full
        -delay max
        -nets
        -max_paths 1
        -transition_time
Design : FuseMax2DArray
Version: V-2023.12
Date   : Mon Apr  6 08:07:53 2026
****************************************

 # A fanout number of 1000 was used for high fanout net computations.

Operating Conditions: ffg0p99v0c   Library: tcbn28hpcplusbwp30p140ffg0p99v0c_ccs
Wire Load Model Mode: segmented

  Startpoint: pe_4_1/rf_3_bits_reg[10]
              (rising edge-triggered flip-flop clocked by ideal_clock1)
  Endpoint: pe_5_1/northReg_bits_reg[11]
            (rising edge-triggered flip-flop clocked by ideal_clock1)
  Path Group: ideal_clock1
  Path Type: max

  Des/Clust/Port     Wire Load Model       Library
  ------------------------------------------------
  FuseMax2DPE_142    ZeroWireload          tcbn28hpcplusbwp30p140ffg0p99v0c_ccs
  FuseMax2DPE_141    ZeroWireload          tcbn28hpcplusbwp30p140ffg0p99v0c_ccs
  FuseMax2DPE_140    ZeroWireload          tcbn28hpcplusbwp30p140ffg0p99v0c_ccs
  FuseMax2DPE_139    ZeroWireload          tcbn28hpcplusbwp30p140ffg0p99v0c_ccs
  FuseMax2DPE_138    ZeroWireload          tcbn28hpcplusbwp30p140ffg0p99v0c_ccs
  FuseMax2DPE_137    ZeroWireload          tcbn28hpcplusbwp30p140ffg0p99v0c_ccs
  FuseMax2DPE_136    ZeroWireload          tcbn28hpcplusbwp30p140ffg0p99v0c_ccs
  FuseMax2DPE_135    ZeroWireload          tcbn28hpcplusbwp30p140ffg0p99v0c_ccs
  FuseMax2DPE_134    ZeroWireload          tcbn28hpcplusbwp30p140ffg0p99v0c_ccs
  FuseMax2DPE_133    ZeroWireload          tcbn28hpcplusbwp30p140ffg0p99v0c_ccs
  FuseMax2DPE_131    ZeroWireload          tcbn28hpcplusbwp30p140ffg0p99v0c_ccs
  FuseMax2DPE_130    ZeroWireload          tcbn28hpcplusbwp30p140ffg0p99v0c_ccs
  FuseMax2DPE_129    ZeroWireload          tcbn28hpcplusbwp30p140ffg0p99v0c_ccs
  FuseMax2DPE_128    ZeroWireload          tcbn28hpcplusbwp30p140ffg0p99v0c_ccs
  FuseMax2DPE_127    ZeroWireload          tcbn28hpcplusbwp30p140ffg0p99v0c_ccs
  FuseMax2DPE_126    ZeroWireload          tcbn28hpcplusbwp30p140ffg0p99v0c_ccs
  FuseMax2DPE_125    ZeroWireload          tcbn28hpcplusbwp30p140ffg0p99v0c_ccs
  FuseMax2DPE_124    ZeroWireload          tcbn28hpcplusbwp30p140ffg0p99v0c_ccs
  FuseMax2DPE_123    ZeroWireload          tcbn28hpcplusbwp30p140ffg0p99v0c_ccs
  FuseMax2DPE_122    ZeroWireload          tcbn28hpcplusbwp30p140ffg0p99v0c_ccs
  FuseMax2DPE_121    ZeroWireload          tcbn28hpcplusbwp30p140ffg0p99v0c_ccs
  FuseMax2DPE_119    ZeroWireload          tcbn28hpcplusbwp30p140ffg0p99v0c_ccs
  FuseMax2DPE_118    ZeroWireload          tcbn28hpcplusbwp30p140ffg0p99v0c_ccs
  FuseMax2DPE_117    ZeroWireload          tcbn28hpcplusbwp30p140ffg0p99v0c_ccs
  FuseMax2DPE_116    ZeroWireload          tcbn28hpcplusbwp30p140ffg0p99v0c_ccs
  FuseMax2DPE_115    ZeroWireload          tcbn28hpcplusbwp30p140ffg0p99v0c_ccs
  FuseMax2DPE_114    ZeroWireload          tcbn28hpcplusbwp30p140ffg0p99v0c_ccs
  FuseMax2DPE_113    ZeroWireload          tcbn28hpcplusbwp30p140ffg0p99v0c_ccs
  FuseMax2DPE_112    ZeroWireload          tcbn28hpcplusbwp30p140ffg0p99v0c_ccs
  FuseMax2DPE_111    ZeroWireload          tcbn28hpcplusbwp30p140ffg0p99v0c_ccs
  FuseMax2DPE_110    ZeroWireload          tcbn28hpcplusbwp30p140ffg0p99v0c_ccs
  FuseMax2DPE_109    ZeroWireload          tcbn28hpcplusbwp30p140ffg0p99v0c_ccs
  FuseMax2DPE_107    ZeroWireload          tcbn28hpcplusbwp30p140ffg0p99v0c_ccs
  FuseMax2DPE_106    ZeroWireload          tcbn28hpcplusbwp30p140ffg0p99v0c_ccs
  FuseMax2DPE_105    ZeroWireload          tcbn28hpcplusbwp30p140ffg0p99v0c_ccs
  FuseMax2DPE_104    ZeroWireload          tcbn28hpcplusbwp30p140ffg0p99v0c_ccs
  FuseMax2DPE_103    ZeroWireload          tcbn28hpcplusbwp30p140ffg0p99v0c_ccs
  FuseMax2DPE_102    ZeroWireload          tcbn28hpcplusbwp30p140ffg0p99v0c_ccs
  FuseMax2DPE_101    ZeroWireload          tcbn28hpcplusbwp30p140ffg0p99v0c_ccs
  FuseMax2DPE_100    ZeroWireload          tcbn28hpcplusbwp30p140ffg0p99v0c_ccs
  FuseMax2DPE_99     ZeroWireload          tcbn28hpcplusbwp30p140ffg0p99v0c_ccs
  FuseMax2DPE_98     ZeroWireload          tcbn28hpcplusbwp30p140ffg0p99v0c_ccs
  FuseMax2DPE_97     ZeroWireload          tcbn28hpcplusbwp30p140ffg0p99v0c_ccs
  FuseMax2DPE_95     ZeroWireload          tcbn28hpcplusbwp30p140ffg0p99v0c_ccs
  FuseMax2DPE_94     ZeroWireload          tcbn28hpcplusbwp30p140ffg0p99v0c_ccs
  FuseMax2DPE_93     ZeroWireload          tcbn28hpcplusbwp30p140ffg0p99v0c_ccs
  FuseMax2DPE_92     ZeroWireload          tcbn28hpcplusbwp30p140ffg0p99v0c_ccs
  FuseMax2DPE_91     ZeroWireload          tcbn28hpcplusbwp30p140ffg0p99v0c_ccs
  FuseMax2DPE_90     ZeroWireload          tcbn28hpcplusbwp30p140ffg0p99v0c_ccs
  FuseMax2DPE_89     ZeroWireload          tcbn28hpcplusbwp30p140ffg0p99v0c_ccs
  FuseMax2DPE_88     ZeroWireload          tcbn28hpcplusbwp30p140ffg0p99v0c_ccs
  FuseMax2DPE_87     ZeroWireload          tcbn28hpcplusbwp30p140ffg0p99v0c_ccs
  FuseMax2DPE_86     ZeroWireload          tcbn28hpcplusbwp30p140ffg0p99v0c_ccs
  FuseMax2DPE_85     ZeroWireload          tcbn28hpcplusbwp30p140ffg0p99v0c_ccs
  FuseMax2DPE_83     ZeroWireload          tcbn28hpcplusbwp30p140ffg0p99v0c_ccs
  FuseMax2DPE_82     ZeroWireload          tcbn28hpcplusbwp30p140ffg0p99v0c_ccs
  FuseMax2DPE_81     ZeroWireload          tcbn28hpcplusbwp30p140ffg0p99v0c_ccs
  FuseMax2DPE_80     ZeroWireload          tcbn28hpcplusbwp30p140ffg0p99v0c_ccs
  FuseMax2DPE_79     ZeroWireload          tcbn28hpcplusbwp30p140ffg0p99v0c_ccs
  FuseMax2DPE_78     ZeroWireload          tcbn28hpcplusbwp30p140ffg0p99v0c_ccs
  FuseMax2DPE_77     ZeroWireload          tcbn28hpcplusbwp30p140ffg0p99v0c_ccs
  FuseMax2DPE_76     ZeroWireload          tcbn28hpcplusbwp30p140ffg0p99v0c_ccs
  FuseMax2DPE_75     ZeroWireload          tcbn28hpcplusbwp30p140ffg0p99v0c_ccs
  FuseMax2DPE_74     ZeroWireload          tcbn28hpcplusbwp30p140ffg0p99v0c_ccs
  FuseMax2DPE_73     ZeroWireload          tcbn28hpcplusbwp30p140ffg0p99v0c_ccs
  FuseMax2DPE_71     ZeroWireload          tcbn28hpcplusbwp30p140ffg0p99v0c_ccs
  FuseMax2DPE_70     ZeroWireload          tcbn28hpcplusbwp30p140ffg0p99v0c_ccs
  FuseMax2DPE_69     ZeroWireload          tcbn28hpcplusbwp30p140ffg0p99v0c_ccs
  FuseMax2DPE_68     ZeroWireload          tcbn28hpcplusbwp30p140ffg0p99v0c_ccs
  FuseMax2DPE_67     ZeroWireload          tcbn28hpcplusbwp30p140ffg0p99v0c_ccs
  FuseMax2DPE_66     ZeroWireload          tcbn28hpcplusbwp30p140ffg0p99v0c_ccs
  FuseMax2DPE_65     ZeroWireload          tcbn28hpcplusbwp30p140ffg0p99v0c_ccs
  FuseMax2DPE_64     ZeroWireload          tcbn28hpcplusbwp30p140ffg0p99v0c_ccs
  FuseMax2DPE_63     ZeroWireload          tcbn28hpcplusbwp30p140ffg0p99v0c_ccs
  FuseMax2DPE_62     ZeroWireload          tcbn28hpcplusbwp30p140ffg0p99v0c_ccs
  FuseMax2DPE_61     ZeroWireload          tcbn28hpcplusbwp30p140ffg0p99v0c_ccs
  FuseMax2DPE_59     ZeroWireload          tcbn28hpcplusbwp30p140ffg0p99v0c_ccs
  FuseMax2DPE_58     ZeroWireload          tcbn28hpcplusbwp30p140ffg0p99v0c_ccs
  FuseMax2DPE_57     ZeroWireload          tcbn28hpcplusbwp30p140ffg0p99v0c_ccs
  FuseMax2DPE_56     ZeroWireload          tcbn28hpcplusbwp30p140ffg0p99v0c_ccs
  FuseMax2DPE_55     ZeroWireload          tcbn28hpcplusbwp30p140ffg0p99v0c_ccs
  FuseMax2DPE_54     ZeroWireload          tcbn28hpcplusbwp30p140ffg0p99v0c_ccs
  FuseMax2DPE_53     ZeroWireload          tcbn28hpcplusbwp30p140ffg0p99v0c_ccs
  FuseMax2DPE_52     ZeroWireload          tcbn28hpcplusbwp30p140ffg0p99v0c_ccs
  FuseMax2DPE_51     ZeroWireload          tcbn28hpcplusbwp30p140ffg0p99v0c_ccs
  FuseMax2DPE_50     ZeroWireload          tcbn28hpcplusbwp30p140ffg0p99v0c_ccs
  FuseMax2DPE_49     ZeroWireload          tcbn28hpcplusbwp30p140ffg0p99v0c_ccs
  FuseMax2DPE_47     ZeroWireload          tcbn28hpcplusbwp30p140ffg0p99v0c_ccs
  FuseMax2DPE_46     ZeroWireload          tcbn28hpcplusbwp30p140ffg0p99v0c_ccs
  FuseMax2DPE_45     ZeroWireload          tcbn28hpcplusbwp30p140ffg0p99v0c_ccs
  FuseMax2DPE_44     ZeroWireload          tcbn28hpcplusbwp30p140ffg0p99v0c_ccs
  FuseMax2DPE_43     ZeroWireload          tcbn28hpcplusbwp30p140ffg0p99v0c_ccs
  FuseMax2DPE_42     ZeroWireload          tcbn28hpcplusbwp30p140ffg0p99v0c_ccs
  FuseMax2DPE_41     ZeroWireload          tcbn28hpcplusbwp30p140ffg0p99v0c_ccs
  FuseMax2DPE_40     ZeroWireload          tcbn28hpcplusbwp30p140ffg0p99v0c_ccs
  FuseMax2DPE_39     ZeroWireload          tcbn28hpcplusbwp30p140ffg0p99v0c_ccs
  FuseMax2DPE_38     ZeroWireload          tcbn28hpcplusbwp30p140ffg0p99v0c_ccs
  FuseMax2DPE_37     ZeroWireload          tcbn28hpcplusbwp30p140ffg0p99v0c_ccs
  FuseMax2DPE_35     ZeroWireload          tcbn28hpcplusbwp30p140ffg0p99v0c_ccs
  FuseMax2DPE_34     ZeroWireload          tcbn28hpcplusbwp30p140ffg0p99v0c_ccs
  FuseMax2DPE_33     ZeroWireload          tcbn28hpcplusbwp30p140ffg0p99v0c_ccs
  FuseMax2DPE_32     ZeroWireload          tcbn28hpcplusbwp30p140ffg0p99v0c_ccs
  FuseMax2DPE_31     ZeroWireload          tcbn28hpcplusbwp30p140ffg0p99v0c_ccs
  FuseMax2DPE_30     ZeroWireload          tcbn28hpcplusbwp30p140ffg0p99v0c_ccs
  FuseMax2DPE_29     ZeroWireload          tcbn28hpcplusbwp30p140ffg0p99v0c_ccs
  FuseMax2DPE_28     ZeroWireload          tcbn28hpcplusbwp30p140ffg0p99v0c_ccs
  FuseMax2DPE_27     ZeroWireload          tcbn28hpcplusbwp30p140ffg0p99v0c_ccs
  FuseMax2DPE_26     ZeroWireload          tcbn28hpcplusbwp30p140ffg0p99v0c_ccs
  FuseMax2DPE_25     ZeroWireload          tcbn28hpcplusbwp30p140ffg0p99v0c_ccs
  FuseMax2DPE_23     ZeroWireload          tcbn28hpcplusbwp30p140ffg0p99v0c_ccs
  FuseMax2DPE_22     ZeroWireload          tcbn28hpcplusbwp30p140ffg0p99v0c_ccs
  FuseMax2DPE_21     ZeroWireload          tcbn28hpcplusbwp30p140ffg0p99v0c_ccs
  FuseMax2DPE_20     ZeroWireload          tcbn28hpcplusbwp30p140ffg0p99v0c_ccs
  FuseMax2DPE_19     ZeroWireload          tcbn28hpcplusbwp30p140ffg0p99v0c_ccs
  FuseMax2DPE_18     ZeroWireload          tcbn28hpcplusbwp30p140ffg0p99v0c_ccs
  FuseMax2DPE_17     ZeroWireload          tcbn28hpcplusbwp30p140ffg0p99v0c_ccs
  FuseMax2DPE_16     ZeroWireload          tcbn28hpcplusbwp30p140ffg0p99v0c_ccs
  FuseMax2DPE_15     ZeroWireload          tcbn28hpcplusbwp30p140ffg0p99v0c_ccs
  FuseMax2DPE_14     ZeroWireload          tcbn28hpcplusbwp30p140ffg0p99v0c_ccs
  FuseMax2DPE_13     ZeroWireload          tcbn28hpcplusbwp30p140ffg0p99v0c_ccs
  FuseMax2DPE_11     ZeroWireload          tcbn28hpcplusbwp30p140ffg0p99v0c_ccs
  FuseMax2DPE_10     ZeroWireload          tcbn28hpcplusbwp30p140ffg0p99v0c_ccs
  FuseMax2DPE_9      ZeroWireload          tcbn28hpcplusbwp30p140ffg0p99v0c_ccs
  FuseMax2DPE_8      ZeroWireload          tcbn28hpcplusbwp30p140ffg0p99v0c_ccs
  FuseMax2DPE_7      ZeroWireload          tcbn28hpcplusbwp30p140ffg0p99v0c_ccs
  FuseMax2DPE_6      ZeroWireload          tcbn28hpcplusbwp30p140ffg0p99v0c_ccs
  FuseMax2DPE_5      ZeroWireload          tcbn28hpcplusbwp30p140ffg0p99v0c_ccs
  FuseMax2DPE_4      ZeroWireload          tcbn28hpcplusbwp30p140ffg0p99v0c_ccs
  FuseMax2DPE_3      ZeroWireload          tcbn28hpcplusbwp30p140ffg0p99v0c_ccs
  FuseMax2DPE_2      ZeroWireload          tcbn28hpcplusbwp30p140ffg0p99v0c_ccs
  FuseMax2DPE_1      ZeroWireload          tcbn28hpcplusbwp30p140ffg0p99v0c_ccs
  FuseMax2DPE_120    ZeroWireload          tcbn28hpcplusbwp30p140ffg0p99v0c_ccs
  FuseMax2DPE_108    ZeroWireload          tcbn28hpcplusbwp30p140ffg0p99v0c_ccs
  FuseMax2DPE_96     ZeroWireload          tcbn28hpcplusbwp30p140ffg0p99v0c_ccs
  FuseMax2DPE_84     ZeroWireload          tcbn28hpcplusbwp30p140ffg0p99v0c_ccs
  FuseMax2DPE_72     ZeroWireload          tcbn28hpcplusbwp30p140ffg0p99v0c_ccs
  FuseMax2DPE_60     ZeroWireload          tcbn28hpcplusbwp30p140ffg0p99v0c_ccs
  FuseMax2DPE_48     ZeroWireload          tcbn28hpcplusbwp30p140ffg0p99v0c_ccs
  FuseMax2DPE_36     ZeroWireload          tcbn28hpcplusbwp30p140ffg0p99v0c_ccs
  FuseMax2DPE_24     ZeroWireload          tcbn28hpcplusbwp30p140ffg0p99v0c_ccs
  FuseMax2DPE_12     ZeroWireload          tcbn28hpcplusbwp30p140ffg0p99v0c_ccs
  FuseMax2DPE_0      ZeroWireload          tcbn28hpcplusbwp30p140ffg0p99v0c_ccs
  FuseMax2DPE_132    ZeroWireload          tcbn28hpcplusbwp30p140ffg0p99v0c_ccs
  FuseMax2DArray     ZeroWireload          tcbn28hpcplusbwp30p140ffg0p99v0c_ccs
  FuseMax2DPE_143    ZeroWireload          tcbn28hpcplusbwp30p140ffg0p99v0c_ccs

Attributes:
    d - dont_touch
    u - dont_use
   mo - map_only
   so - size_only
    i - ideal_net or ideal_network
  inf - infeasible path

  Point                                                   Fanout     Trans      Incr       Path      Attributes
  ---------------------------------------------------------------------------------------------------------------------
  clock ideal_clock1 (rise edge)                                                0.00       0.00
  clock network delay (ideal)                                                   0.00       0.00
  pe_4_1/rf_3_bits_reg[10]/CP (DFQD4BWP30P140)                        0.00      0.00 #     0.00 r
  pe_4_1/rf_3_bits_reg[10]/Q (DFQD4BWP30P140)                         0.01      0.03       0.03 f
  pe_4_1/_GEN[3][10] (net)                                  4                   0.00       0.03 f
  pe_4_1/U1151/ZN (ND2D1BWP30P140)                                    0.01      0.00       0.04 r
  pe_4_1/n586 (net)                                         1                   0.00       0.04 r
  pe_4_1/U1152/ZN (ND2D1BWP30P140)                                    0.01      0.01       0.04 f
  pe_4_1/n589 (net)                                         1                   0.00       0.04 f
  pe_4_1/U1154/ZN (AOI211D1BWP30P140)                                 0.02      0.02       0.06 r
  pe_4_1/n592 (net)                                         1                   0.00       0.06 r
  pe_4_1/U1157/ZN (AOI31D1BWP30P140)                                  0.02      0.01       0.07 f
  pe_4_1/n597 (net)                                         1                   0.00       0.07 f
  pe_4_1/U1162/ZN (NR2D1BWP30P140)                                    0.01      0.01       0.08 r
  pe_4_1/n598 (net)                                         1                   0.00       0.08 r
  pe_4_1/U1163/ZN (OAI21OPTREPBD1BWP30P140)                           0.04      0.02       0.10 f
  pe_4_1/n2415 (net)                                        8                   0.00       0.10 f
  pe_4_1/U1164/ZN (INVD0BWP30P140)                                    0.01      0.01       0.12 r
  pe_4_1/n603 (net)                                         1                   0.00       0.12 r
  pe_4_1/U1165/Z (OR2D1BWP30P140)                                     0.01      0.02       0.14 r
  pe_4_1/n602 (net)                                         1                   0.00       0.14 r
  pe_4_1/U447/CO (FA1D1BWP30P140)                                     0.01      0.02       0.16 r
  pe_4_1/n604 (net)                                         1                   0.00       0.16 r
  pe_4_1/U444/CO (FA1D4BWP30P140)                                     0.01      0.02       0.18 r
  pe_4_1/n605 (net)                                         2                   0.00       0.18 r
  pe_4_1/U272/ZN (OAI21OPTREPBD2BWP30P140)                            0.01      0.01       0.19 f
  pe_4_1/n19 (net)                                          1                   0.00       0.19 f
  pe_4_1/U270/ZN (ND2D2BWP30P140)                                     0.01      0.01       0.19 r
  pe_4_1/n607 (net)                                         1                   0.00       0.19 r
  pe_4_1/U1167/CO (FA1OPTCD1BWP30P140)                                0.01      0.02       0.21 r
  pe_4_1/n610 (net)                                         2                   0.00       0.21 r
  pe_4_1/U1168/ZN (XNR2UD1BWP30P140)                                  0.03      0.02       0.23 r
  pe_4_1/n654 (net)                                         2                   0.00       0.23 r
  pe_4_1/U291/ZN (NR3D1P5BWP30P140)                                   0.02      0.01       0.24 f
  pe_4_1/n30 (net)                                          1                   0.00       0.24 f
  pe_4_1/U263/Z (XOR2OPTND4BWP30P140)                                 0.02      0.02       0.26 f
  pe_4_1/n2396 (net)                                        4                   0.00       0.26 f
  pe_4_1/U307/ZN (MUX2NOPTD2BWP30P140)                                0.02      0.02       0.27 f
  pe_4_1/n40 (net)                                          1                   0.00       0.27 f
  pe_4_1/U214/ZN (INR2D6BWP30P140)                                    0.02      0.02       0.29 r
  pe_4_1/n1696 (net)                                       16                   0.00       0.29 r
  pe_4_1/U60/ZN (MUX2NUD1BWP30P140)                                   0.02      0.02       0.31 r
  pe_4_1/n917 (net)                                         2                   0.00       0.31 r
  pe_4_1/U219/ZN (ND2D1BWP30P140)                                     0.01      0.01       0.32 f
  pe_4_1/n783 (net)                                         1                   0.00       0.32 f
  pe_4_1/U1338/ZN (OAI21D1BWP30P140)                                  0.01      0.01       0.33 r
  pe_4_1/n964 (net)                                         2                   0.00       0.33 r
  pe_4_1/U1339/ZN (MUX2ND0BWP30P140)                                  0.02      0.01       0.34 f
  pe_4_1/n1189 (net)                                        2                   0.00       0.34 f
  pe_4_1/U1561/ZN (INVD0BWP30P140)                                    0.01      0.01       0.35 r
  pe_4_1/n1241 (net)                                        2                   0.00       0.35 r
  pe_4_1/U1617/ZN (OAI222D1BWP30P140)                                 0.03      0.02       0.38 f
  pe_4_1/n1277 (net)                                        1                   0.00       0.38 f
  pe_4_1/U260/S (FA1D1BWP30P140)                                      0.01      0.05       0.42 r
  pe_4_1/n1790 (net)                                        3                   0.00       0.42 r
  pe_4_1/U1639/ZN (NR2D1BWP30P140)                                    0.01      0.01       0.43 f
  pe_4_1/n2369 (net)                                        4                   0.00       0.43 f
  pe_4_1/U255/ZN (NR2D1BWP30P140)                                     0.01      0.01       0.44 r
  pe_4_1/n1422 (net)                                        2                   0.00       0.44 r
  pe_4_1/U370/ZN (ND2D1BWP30P140)                                     0.01      0.01       0.45 f
  pe_4_1/n1424 (net)                                        2                   0.00       0.45 f
  pe_4_1/U1733/ZN (NR2D1BWP30P140)                                    0.01      0.01       0.46 r
  pe_4_1/n1426 (net)                                        1                   0.00       0.46 r
  pe_4_1/U346/ZN (AOI21OPTREPBD1BWP30P140)                            0.01      0.01       0.47 f
  pe_4_1/n1427 (net)                                        1                   0.00       0.47 f
  pe_4_1/U1745/Z (BUFFD6BWP30P140)                                    0.01      0.02       0.49 f
  pe_4_1/n2329 (net)                                       18                   0.00       0.49 f
  pe_4_1/U48/ZN (OAI21OPTREPBD1BWP30P140)                             0.02      0.02       0.50 r
  pe_4_1/n2106 (net)                                        1                   0.00       0.50 r
  pe_4_1/U2290/ZN (XNR2OPTND2BWP30P140)                               0.02      0.01       0.52 f
  pe_4_1/n3245 (net)                                        3                   0.00       0.52 f
  pe_4_1/U3247/Z (XOR2OPTND2BWP30P140)                                0.02      0.02       0.53 f
  pe_4_1/n3373 (net)                                        2                   0.00       0.53 f
  pe_4_1/sharedMacOut_mac/ULSD/U1/UORT0_1_12/ZN (NR2D1BWP30P140)      0.01      0.01       0.55 r    mo 
  pe_4_1/sharedMacOut_mac/ULSD/U1/enc_tree[1][1][24] (net)     2                0.00       0.55 r
  pe_4_1/sharedMacOut_mac/ULSD/U1/UORT1_2_6/ZN (ND2D1BWP30P140)       0.01      0.01       0.56 f    mo 
  pe_4_1/sharedMacOut_mac/ULSD/U1/enc_tree[2][2][24] (net)     3                0.00       0.56 f
  pe_4_1/U3244/ZN (INVD0BWP30P140)                                    0.01      0.01       0.57 r
  pe_4_1/sharedMacOut_mac/ULSD/U1/or2_inv[2][24] (net)      1                   0.00       0.57 r
  pe_4_1/U202/ZN (AOI21D1BWP30P140)                                   0.02      0.01       0.58 f
  pe_4_1/sharedMacOut_mac/ULSD/U1/enc_tree[2][3][24] (net)     2                0.00       0.58 f
  pe_4_1/U1960/Z (OA21D6BWP30P140)                                    0.01      0.02       0.60 f
  pe_4_1/n2579 (net)                                       15                   0.00       0.60 f
  pe_4_1/U36/ZN (INVD1BWP30P140)                                      0.05      0.03       0.63 r
  pe_4_1/n4 (net)                                           9                   0.00       0.63 r
  pe_4_1/U358/CO (FA1OPTCD2BWP30P140)                                 0.01      0.04       0.67 r
  pe_4_1/n1718 (net)                                        1                   0.00       0.67 r
  pe_4_1/U261/CO (FA1OPTCD2BWP30P140)                                 0.01      0.01       0.68 r
  pe_4_1/n2627 (net)                                        1                   0.00       0.68 r
  pe_4_1/U262/S (FA1OPTCD1BWP30P140)                                  0.01      0.03       0.71 f
  pe_4_1/n1716 (net)                                        1                   0.00       0.71 f
  pe_4_1/U24/ZN (ND2D1BWP30P140)                                      0.01      0.01       0.72 r
  pe_4_1/n1717 (net)                                        2                   0.00       0.72 r
  pe_4_1/U23/ZN (INVD1BWP30P140)                                      0.01      0.01       0.73 f
  pe_4_1/n2642 (net)                                        1                   0.00       0.73 f
  pe_4_1/U1997/ZN (NR2OPTPAD2BWP30P140)                               0.01      0.01       0.73 r
  pe_4_1/n1736 (net)                                        1                   0.00       0.73 r
  pe_4_1/U360/ZN (ND2D2BWP30P140)                                     0.01      0.01       0.74 f
  pe_4_1/n2634 (net)                                        1                   0.00       0.74 f
  pe_4_1/U295/ZN (NR2OPTPAD2BWP30P140)                                0.01      0.01       0.75 r
  pe_4_1/n33 (net)                                          1                   0.00       0.75 r
  pe_4_1/U292/ZN (ND2OPTIBD4BWP30P140)                                0.01      0.01       0.76 f
  pe_4_1/n31 (net)                                          1                   0.00       0.76 f
  pe_4_1/U22/ZN (ND2D4BWP30P140)                                      0.01      0.01       0.76 r
  pe_4_1/n2858 (net)                                        4                   0.00       0.76 r
  pe_4_1/U20/ZN (INR2D2BWP30P140)                                     0.01      0.01       0.77 f
  pe_4_1/n3114 (net)                                       10                   0.00       0.77 f
  pe_4_1/U3084/ZN (AOI21D1BWP30P140)                                  0.02      0.01       0.78 r
  pe_4_1/n3065 (net)                                        1                   0.00       0.78 r
  pe_4_1/U375/ZN (OAI21OPTREPBD2BWP30P140)                            0.01      0.01       0.79 f
  pe_4_1/n3067 (net)                                        1                   0.00       0.79 f
  pe_4_1/U376/Z (AO21D2BWP30P140)                                     0.01      0.02       0.81 f
  pe_4_1/n3232 (net)                                        5                   0.00       0.81 f
  pe_4_1/U112/ZN (INVD4BWP30P140)                                     0.01      0.01       0.82 r
  pe_4_1/n3213 (net)                                       12                   0.00       0.82 r
  pe_4_1/U3172/ZN (INR2D4BWP30P140)                                   0.01      0.01       0.83 r
  pe_4_1/n3162 (net)                                        3                   0.00       0.83 r
  pe_4_1/U9/ZN (INR2D2BWP30P140)                                      0.01      0.02       0.85 r
  pe_4_1/n3210 (net)                                        4                   0.00       0.85 r
  pe_4_1/U3191/ZN (ND2D1BWP30P140)                                    0.01      0.01       0.86 f
  pe_4_1/n3212 (net)                                        3                   0.00       0.86 f
  pe_4_1/U111/ZN (AOI21D1BWP30P140)                                   0.02      0.02       0.88 r
  pe_4_1/n3191 (net)                                        2                   0.00       0.88 r
  pe_4_1/U109/ZN (INVD1BWP30P140)                                     0.01      0.01       0.88 f
  pe_4_1/n3182 (net)                                        1                   0.00       0.88 f
  pe_4_1/U3192/ZN (ND2D1BWP30P140)                                    0.01      0.01       0.89 r
  pe_4_1/n3187 (net)                                        2                   0.00       0.89 r
  pe_4_1/U382/ZN (ND2D1BWP30P140)                                     0.01      0.01       0.90 f
  pe_4_1/n3334 (net)                                        3                   0.00       0.90 f
  pe_4_1/U320/ZN (ND2D1BWP30P140)                                     0.01      0.01       0.91 r
  pe_4_1/n3322 (net)                                        2                   0.00       0.91 r
  pe_4_1/U319/ZN (ND2D2BWP30P140)                                     0.01      0.01       0.92 f
  pe_4_1/n45 (net)                                          1                   0.00       0.92 f
  pe_4_1/U318/ZN (ND2OPTPAD2BWP30P140)                                0.01      0.01       0.93 r
  pe_4_1/n3201 (net)                                        2                   0.00       0.93 r
  pe_4_1/U3202/ZN (ND2OPTIBD4BWP30P140)                               0.02      0.01       0.94 f
  pe_4_1/n3337 (net)                                       10                   0.00       0.94 f
  pe_4_1/U3203/ZN (INVD1BWP30P140)                                    0.02      0.01       0.95 r
  pe_4_1/n3328 (net)                                        5                   0.00       0.95 r
  pe_4_1/U356/ZN (OAI21D1BWP30P140)                                   0.01      0.01       0.96 f
  pe_4_1/n3331 (net)                                        1                   0.00       0.96 f
  pe_4_1/U3290/ZN (OAI21D1BWP30P140)                                  0.02      0.01       0.97 r
  pe_4_1/io_out_s_bits[11] (net)                            1                   0.00       0.97 r
  pe_4_1/io_out_s_bits[11] (FuseMax2DPE_94)                                     0.00       0.97 r
  _pe_4_1_io_out_s_bits[11] (net)                                               0.00       0.97 r
  pe_5_1/io_in_n_bits[11] (FuseMax2DPE_82)                                      0.00       0.97 r
  pe_5_1/io_in_n_bits[11] (net)                                                 0.00       0.97 r
  pe_5_1/U3267/ZN (INR2D1BWP30P140)                                   0.01      0.01       0.99 r
  pe_5_1/N499 (net)                                         1                   0.00       0.99 r
  pe_5_1/northReg_bits_reg[11]/D (DFQD4BWP30P140)                     0.01      0.00       0.99 r
  data arrival time                                                                        0.99

  clock ideal_clock1 (rise edge)                                                1.00       1.00
  clock network delay (ideal)                                                   0.00       1.00
  pe_5_1/northReg_bits_reg[11]/CP (DFQD4BWP30P140)                              0.00       1.00 r
  library setup time                                                           -0.01       0.99
  data required time                                                                       0.99
  ---------------------------------------------------------------------------------------------------------------------
  data required time                                                                       0.99
  data arrival time                                                                       -0.99
  ---------------------------------------------------------------------------------------------------------------------
  slack (MET)                                                                              0.00


1
