 
****************************************
Report : area
Design : SystolicArray
Version: V-2023.12
Date   : Tue Apr  7 12:04:13 2026
****************************************

Library(s) Used:

    tcbn28hpcplusbwp30p140ffg0p99v0c_ccs (File: /hpc/Tech/TSMC/digital/N28/digital/Front_End/timing_power_noise/CCS/tcbn28hpcplusbwp30p140_180a/tcbn28hpcplusbwp30p140ffg0p99v0c_ccs.db)

Number of ports:                        79914
Number of nets:                        951940
Number of cells:                       795657
Number of combinational cells:         738817
Number of sequential cells:             56448
Number of macros/black boxes:               0
Number of buf/inv:                      83242
Number of references:                     397

Combinational area:             588935.714031
Buf/Inv area:                    21316.932321
Noncombinational area:          106772.903170
Macro/Black Box area:                0.000000
Net Interconnect area:      undefined  (Wire load has zero net area)

Total cell area:                695708.617201
Total area:                 undefined

Hierarchical area distribution
------------------------------

                                  Global cell area              Local cell area
                                  --------------------  -------------------------------- 
Hierarchical cell                 Absolute     Percent  Combi-       Noncombi-    Black-
                                  Total        Total    national     national     boxes   Design
--------------------------------  -----------  -------  -----------  -----------  ------  -------------
SystolicArray                     695708.6172    100.0     850.6260       0.0000  0.0000  SystolicArray
pairs_0                             1795.1220      0.3    1522.9620     272.1600  0.0000  StripPair_391
pairs_0_1                           1785.7980      0.3    1513.6380     272.1600  0.0000  StripPair_377
pairs_0_10                          1784.7900      0.3    1512.6300     272.1600  0.0000  StripPair_251
pairs_0_11                          1785.9240      0.3    1513.7640     272.1600  0.0000  StripPair_237
pairs_0_12                          1785.5460      0.3    1513.3860     272.1600  0.0000  StripPair_223
pairs_0_13                          1789.3260      0.3    1516.7880     272.5380  0.0000  StripPair_209
pairs_0_14                          1786.5540      0.3    1514.0160     272.5380  0.0000  StripPair_195
pairs_0_15                          1790.8380      0.3    1518.6780     272.1600  0.0000  StripPair_181
pairs_0_16                          1787.5620      0.3    1515.0240     272.5380  0.0000  StripPair_167
pairs_0_17                          1785.7980      0.3    1513.2600     272.5380  0.0000  StripPair_153
pairs_0_18                          1786.9320      0.3    1514.3940     272.5380  0.0000  StripPair_139
pairs_0_19                          1787.8140      0.3    1515.6540     272.1600  0.0000  StripPair_125
pairs_0_2                           1790.2080      0.3    1518.0480     272.1600  0.0000  StripPair_363
pairs_0_20                          1788.6960      0.3    1515.7800     272.9160  0.0000  StripPair_111
pairs_0_21                          1785.6720      0.3    1513.5120     272.1600  0.0000  StripPair_97
pairs_0_22                          1784.7900      0.3    1512.2520     272.5380  0.0000  StripPair_83
pairs_0_23                          1784.7900      0.3    1512.2520     272.5380  0.0000  StripPair_69
pairs_0_24                          1787.4360      0.3    1514.8980     272.5380  0.0000  StripPair_55
pairs_0_25                          1788.6960      0.3    1515.7800     272.9160  0.0000  StripPair_41
pairs_0_26                          1787.1840      0.3    1515.0240     272.1600  0.0000  StripPair_27
pairs_0_27                          1787.1840      0.3    1514.6460     272.5380  0.0000  StripPair_13
pairs_0_3                           1785.0420      0.3    1512.8820     272.1600  0.0000  StripPair_349
pairs_0_4                           1786.0500      0.3    1513.8900     272.1600  0.0000  StripPair_335
pairs_0_5                           1788.5700      0.3    1515.6540     272.9160  0.0000  StripPair_321
pairs_0_6                           1785.5460      0.3    1513.3860     272.1600  0.0000  StripPair_307
pairs_0_7                           1783.5300      0.3    1511.3700     272.1600  0.0000  StripPair_293
pairs_0_8                           1786.1760      0.3    1514.0160     272.1600  0.0000  StripPair_279
pairs_0_9                           1787.1840      0.3    1514.6460     272.5380  0.0000  StripPair_265
pairs_1                             1802.4300      0.3    1529.8920     272.5380  0.0000  StripPair_390
pairs_10                            1800.5400      0.3    1528.0020     272.5380  0.0000  StripPair_381
pairs_10_1                          1771.5600      0.3    1499.4000     272.1600  0.0000  StripPair_367
pairs_10_10                         1771.5600      0.3    1499.0220     272.5380  0.0000  StripPair_241
pairs_10_11                         1772.4420      0.3    1500.2820     272.1600  0.0000  StripPair_227
pairs_10_12                         1777.2300      0.3    1505.0700     272.1600  0.0000  StripPair_213
pairs_10_13                         1770.8040      0.3    1498.2660     272.5380  0.0000  StripPair_199
pairs_10_14                         1776.4740      0.3    1504.3140     272.1600  0.0000  StripPair_185
pairs_10_15                         1772.1900      0.3    1499.6520     272.5380  0.0000  StripPair_171
pairs_10_16                         1773.0720      0.3    1500.5340     272.5380  0.0000  StripPair_157
pairs_10_17                         1773.0720      0.3    1500.9120     272.1600  0.0000  StripPair_143
pairs_10_18                         1772.0640      0.3    1499.9040     272.1600  0.0000  StripPair_129
pairs_10_19                         1770.9300      0.3    1498.3920     272.5380  0.0000  StripPair_115
pairs_10_2                          1771.9380      0.3    1499.4000     272.5380  0.0000  StripPair_353
pairs_10_20                         1770.8040      0.3    1498.6440     272.1600  0.0000  StripPair_101
pairs_10_21                         1770.1740      0.3    1498.0140     272.1600  0.0000  StripPair_87
pairs_10_22                         1772.1900      0.3    1500.0300     272.1600  0.0000  StripPair_73
pairs_10_23                         1775.3400      0.3    1502.8020     272.5380  0.0000  StripPair_59
pairs_10_24                         1772.8200      0.3    1500.6600     272.1600  0.0000  StripPair_45
pairs_10_25                         1771.5600      0.3    1499.4000     272.1600  0.0000  StripPair_31
pairs_10_26                         1772.0640      0.3    1499.5260     272.5380  0.0000  StripPair_17
pairs_10_27                         1769.9220      0.3    1497.7620     272.1600  0.0000  StripPair_3
pairs_10_3                          1769.6700      0.3    1497.1320     272.5380  0.0000  StripPair_339
pairs_10_4                          1772.0640      0.3    1499.9040     272.1600  0.0000  StripPair_325
pairs_10_5                          1771.9380      0.3    1499.7780     272.1600  0.0000  StripPair_311
pairs_10_6                          1771.4340      0.3    1498.8960     272.5380  0.0000  StripPair_297
pairs_10_7                          1772.5680      0.3    1500.4080     272.1600  0.0000  StripPair_283
pairs_10_8                          1772.1900      0.3    1499.6520     272.5380  0.0000  StripPair_269
pairs_10_9                          1770.9300      0.3    1498.7700     272.1600  0.0000  StripPair_255
pairs_11                            1803.3120      0.3    1530.7740     272.5380  0.0000  StripPair_380
pairs_11_1                          1772.5680      0.3    1500.4080     272.1600  0.0000  StripPair_366
pairs_11_10                         1770.1740      0.3    1497.6360     272.5380  0.0000  StripPair_240
pairs_11_11                         1770.6780      0.3    1498.5180     272.1600  0.0000  StripPair_226
pairs_11_12                         1774.5840      0.3    1502.4240     272.1600  0.0000  StripPair_212
pairs_11_13                         1768.5360      0.3    1496.3760     272.1600  0.0000  StripPair_198
pairs_11_14                         1776.0960      0.3    1503.9360     272.1600  0.0000  StripPair_184
pairs_11_15                         1775.4660      0.3    1503.3060     272.1600  0.0000  StripPair_170
pairs_11_16                         1774.2060      0.3    1501.6680     272.5380  0.0000  StripPair_156
pairs_11_17                         1772.1900      0.3    1500.0300     272.1600  0.0000  StripPair_142
pairs_11_18                         1770.1740      0.3    1497.6360     272.5380  0.0000  StripPair_128
pairs_11_19                         1770.3000      0.3    1498.1400     272.1600  0.0000  StripPair_114
pairs_11_2                          1775.4660      0.3    1502.9280     272.5380  0.0000  StripPair_352
pairs_11_20                         1772.1900      0.3    1499.6520     272.5380  0.0000  StripPair_100
pairs_11_21                         1774.8360      0.3    1502.6760     272.1600  0.0000  StripPair_86
pairs_11_22                         1771.5600      0.3    1499.0220     272.5380  0.0000  StripPair_72
pairs_11_23                         1770.3000      0.3    1498.1400     272.1600  0.0000  StripPair_58
pairs_11_24                         1777.7340      0.3    1505.1960     272.5380  0.0000  StripPair_44
pairs_11_25                         1772.5680      0.3    1500.4080     272.1600  0.0000  StripPair_30
pairs_11_26                         1773.8280      0.3    1500.9120     272.9160  0.0000  StripPair_16
pairs_11_27                         1774.4580      0.3    1502.2980     272.1600  0.0000  StripPair_2
pairs_11_3                          1772.1900      0.3    1500.0300     272.1600  0.0000  StripPair_338
pairs_11_4                          1770.8040      0.3    1498.2660     272.5380  0.0000  StripPair_324
pairs_11_5                          1769.9220      0.3    1497.7620     272.1600  0.0000  StripPair_310
pairs_11_6                          1771.3080      0.3    1498.7700     272.5380  0.0000  StripPair_296
pairs_11_7                          1771.8120      0.3    1499.6520     272.1600  0.0000  StripPair_282
pairs_11_8                          1770.6780      0.3    1498.1400     272.5380  0.0000  StripPair_268
pairs_11_9                          1774.2060      0.3    1502.0460     272.1600  0.0000  StripPair_254
pairs_12                            1800.6660      0.3    1528.1280     272.5380  0.0000  StripPair_379
pairs_12_1                          1774.2060      0.3    1501.6680     272.5380  0.0000  StripPair_365
pairs_12_10                         1771.0560      0.3    1498.5180     272.5380  0.0000  StripPair_239
pairs_12_11                         1775.0880      0.3    1502.5500     272.5380  0.0000  StripPair_225
pairs_12_12                         1772.3160      0.3    1499.7780     272.5380  0.0000  StripPair_211
pairs_12_13                         1774.4580      0.3    1501.9200     272.5380  0.0000  StripPair_197
pairs_12_14                         1780.8840      0.3    1508.7240     272.1600  0.0000  StripPair_183
pairs_12_15                         1770.3000      0.3    1497.7620     272.5380  0.0000  StripPair_169
pairs_12_16                         1774.3320      0.3    1501.7940     272.5380  0.0000  StripPair_155
pairs_12_17                         1771.3080      0.3    1498.7700     272.5380  0.0000  StripPair_141
pairs_12_18                         1776.9780      0.3    1504.8180     272.1600  0.0000  StripPair_127
pairs_12_19                         1772.9460      0.3    1500.4080     272.5380  0.0000  StripPair_113
pairs_12_2                          1773.7020      0.3    1501.5420     272.1600  0.0000  StripPair_351
pairs_12_20                         1772.9460      0.3    1500.4080     272.5380  0.0000  StripPair_99
pairs_12_21                         1771.5600      0.3    1499.0220     272.5380  0.0000  StripPair_85
pairs_12_22                         1774.2060      0.3    1502.0460     272.1600  0.0000  StripPair_71
pairs_12_23                         1772.6940      0.3    1500.1560     272.5380  0.0000  StripPair_57
pairs_12_24                         1774.2060      0.3    1501.6680     272.5380  0.0000  StripPair_43
pairs_12_25                         1771.8120      0.3    1499.2740     272.5380  0.0000  StripPair_29
pairs_12_26                         1774.7100      0.3    1502.1720     272.5380  0.0000  StripPair_15
pairs_12_27                         1775.5920      0.3    1503.0540     272.5380  0.0000  StripPair_1
pairs_12_3                          1772.6940      0.3    1500.5340     272.1600  0.0000  StripPair_337
pairs_12_4                          1772.6940      0.3    1500.1560     272.5380  0.0000  StripPair_323
pairs_12_5                          1772.8200      0.3    1500.6600     272.1600  0.0000  StripPair_309
pairs_12_6                          1771.5600      0.3    1499.0220     272.5380  0.0000  StripPair_295
pairs_12_7                          1772.9460      0.3    1500.4080     272.5380  0.0000  StripPair_281
pairs_12_8                          1771.4340      0.3    1498.8960     272.5380  0.0000  StripPair_267
pairs_12_9                          1773.3240      0.3    1500.7860     272.5380  0.0000  StripPair_253
pairs_13                            1778.1120      0.3    1505.9520     272.1600  0.0000  StripPair_378
pairs_13_1                          1744.4700      0.3    1472.3100     272.1600  0.0000  StripPair_364
pairs_13_10                         1745.2260      0.3    1473.0660     272.1600  0.0000  StripPair_238
pairs_13_11                         1743.8400      0.3    1471.3020     272.5380  0.0000  StripPair_224
pairs_13_12                         1746.7380      0.3    1474.2000     272.5380  0.0000  StripPair_210
pairs_13_13                         1748.8800      0.3    1476.7200     272.1600  0.0000  StripPair_196
pairs_13_14                         1748.6280      0.3    1476.0900     272.5380  0.0000  StripPair_182
pairs_13_15                         1744.7220      0.3    1472.5620     272.1600  0.0000  StripPair_168
pairs_13_16                         1744.3440      0.3    1472.1840     272.1600  0.0000  StripPair_154
pairs_13_17                         1743.9660      0.3    1471.4280     272.5380  0.0000  StripPair_140
pairs_13_18                         1743.2100      0.3    1471.0500     272.1600  0.0000  StripPair_126
pairs_13_19                         1744.3440      0.3    1472.1840     272.1600  0.0000  StripPair_112
pairs_13_2                          1747.7460      0.3    1475.2080     272.5380  0.0000  StripPair_350
pairs_13_20                         1745.8560      0.3    1473.3180     272.5380  0.0000  StripPair_98
pairs_13_21                         1744.3440      0.3    1471.8060     272.5380  0.0000  StripPair_84
pairs_13_22                         1745.6040      0.3    1473.0660     272.5380  0.0000  StripPair_70
pairs_13_23                         1743.2100      0.3    1471.0500     272.1600  0.0000  StripPair_56
pairs_13_24                         1744.5960      0.3    1472.4360     272.1600  0.0000  StripPair_42
pairs_13_25                         1741.9500      0.3    1469.4120     272.5380  0.0000  StripPair_28
pairs_13_26                         1742.4540      0.3    1469.9160     272.5380  0.0000  StripPair_14
pairs_13_27                         1742.8320      0.3    1470.6720     272.1600  0.0000  StripPair_0
pairs_13_3                          1743.4620      0.3    1471.3020     272.1600  0.0000  StripPair_336
pairs_13_4                          1746.4860      0.3    1473.9480     272.5380  0.0000  StripPair_322
pairs_13_5                          1744.4700      0.3    1472.3100     272.1600  0.0000  StripPair_308
pairs_13_6                          1743.9660      0.3    1471.8060     272.1600  0.0000  StripPair_294
pairs_13_7                          1743.2100      0.3    1470.6720     272.5380  0.0000  StripPair_280
pairs_13_8                          1743.2100      0.3    1471.0500     272.1600  0.0000  StripPair_266
pairs_13_9                          1745.8560      0.3    1473.6960     272.1600  0.0000  StripPair_252
pairs_1_1                           1771.8120      0.3    1499.2740     272.5380  0.0000  StripPair_376
pairs_1_10                          1770.8040      0.3    1498.2660     272.5380  0.0000  StripPair_250
pairs_1_11                          1771.8120      0.3    1498.8960     272.9160  0.0000  StripPair_236
pairs_1_12                          1772.1900      0.3    1499.6520     272.5380  0.0000  StripPair_222
pairs_1_13                          1770.3000      0.3    1497.7620     272.5380  0.0000  StripPair_208
pairs_1_14                          1776.6000      0.3    1504.4400     272.1600  0.0000  StripPair_194
pairs_1_15                          1771.3080      0.3    1498.7700     272.5380  0.0000  StripPair_180
pairs_1_16                          1772.0640      0.3    1499.1480     272.9160  0.0000  StripPair_166
pairs_1_17                          1772.0640      0.3    1499.5260     272.5380  0.0000  StripPair_152
pairs_1_18                          1776.3480      0.3    1503.8100     272.5380  0.0000  StripPair_138
pairs_1_19                          1775.0880      0.3    1502.9280     272.1600  0.0000  StripPair_124
pairs_1_2                           1772.4420      0.3    1499.9040     272.5380  0.0000  StripPair_362
pairs_1_20                          1771.0560      0.3    1498.5180     272.5380  0.0000  StripPair_110
pairs_1_21                          1772.1900      0.3    1500.0300     272.1600  0.0000  StripPair_96
pairs_1_22                          1774.7100      0.3    1502.1720     272.5380  0.0000  StripPair_82
pairs_1_23                          1772.0640      0.3    1499.9040     272.1600  0.0000  StripPair_68
pairs_1_24                          1771.6860      0.3    1499.1480     272.5380  0.0000  StripPair_54
pairs_1_25                          1772.9460      0.3    1500.7860     272.1600  0.0000  StripPair_40
pairs_1_26                          1769.9220      0.3    1497.3840     272.5380  0.0000  StripPair_26
pairs_1_27                          1775.5920      0.3    1503.4320     272.1600  0.0000  StripPair_12
pairs_1_3                           1771.5600      0.3    1499.0220     272.5380  0.0000  StripPair_348
pairs_1_4                           1772.3160      0.3    1499.7780     272.5380  0.0000  StripPair_334
pairs_1_5                           1771.0560      0.3    1498.5180     272.5380  0.0000  StripPair_320
pairs_1_6                           1771.1820      0.3    1498.6440     272.5380  0.0000  StripPair_306
pairs_1_7                           1771.6860      0.3    1499.1480     272.5380  0.0000  StripPair_292
pairs_1_8                           1771.1820      0.3    1498.6440     272.5380  0.0000  StripPair_278
pairs_1_9                           1772.0640      0.3    1499.5260     272.5380  0.0000  StripPair_264
pairs_2                             1802.1780      0.3    1529.6400     272.5380  0.0000  StripPair_389
pairs_2_1                           1772.4420      0.3    1500.2820     272.1600  0.0000  StripPair_375
pairs_2_10                          1770.4260      0.3    1498.2660     272.1600  0.0000  StripPair_249
pairs_2_11                          1771.5600      0.3    1499.4000     272.1600  0.0000  StripPair_235
pairs_2_12                          1771.5600      0.3    1499.0220     272.5380  0.0000  StripPair_221
pairs_2_13                          1770.5520      0.3    1498.0140     272.5380  0.0000  StripPair_207
pairs_2_14                          1776.4740      0.3    1504.3140     272.1600  0.0000  StripPair_193
pairs_2_15                          1772.1900      0.3    1500.0300     272.1600  0.0000  StripPair_179
pairs_2_16                          1772.9460      0.3    1500.7860     272.1600  0.0000  StripPair_165
pairs_2_17                          1775.0880      0.3    1502.5500     272.5380  0.0000  StripPair_151
pairs_2_18                          1770.5520      0.3    1498.3920     272.1600  0.0000  StripPair_137
pairs_2_19                          1771.4340      0.3    1499.2740     272.1600  0.0000  StripPair_123
pairs_2_2                           1774.0800      0.3    1501.9200     272.1600  0.0000  StripPair_361
pairs_2_20                          1776.6000      0.3    1504.4400     272.1600  0.0000  StripPair_109
pairs_2_21                          1772.6940      0.3    1500.1560     272.5380  0.0000  StripPair_95
pairs_2_22                          1769.6700      0.3    1497.5100     272.1600  0.0000  StripPair_81
pairs_2_23                          1770.8040      0.3    1498.6440     272.1600  0.0000  StripPair_67
pairs_2_24                          1772.3160      0.3    1500.1560     272.1600  0.0000  StripPair_53
pairs_2_25                          1771.6860      0.3    1499.1480     272.5380  0.0000  StripPair_39
pairs_2_26                          1772.6940      0.3    1500.1560     272.5380  0.0000  StripPair_25
pairs_2_27                          1772.5680      0.3    1500.4080     272.1600  0.0000  StripPair_11
pairs_2_3                           1771.0560      0.3    1498.8960     272.1600  0.0000  StripPair_347
pairs_2_4                           1773.0720      0.3    1500.5340     272.5380  0.0000  StripPair_333
pairs_2_5                           1771.0560      0.3    1498.8960     272.1600  0.0000  StripPair_319
pairs_2_6                           1770.5520      0.3    1498.3920     272.1600  0.0000  StripPair_305
pairs_2_7                           1773.3240      0.3    1501.1640     272.1600  0.0000  StripPair_291
pairs_2_8                           1772.9460      0.3    1500.4080     272.5380  0.0000  StripPair_277
pairs_2_9                           1772.4420      0.3    1500.2820     272.1600  0.0000  StripPair_263
pairs_3                             1801.4220      0.3    1528.8840     272.5380  0.0000  StripPair_388
pairs_3_1                           1770.9300      0.3    1498.7700     272.1600  0.0000  StripPair_374
pairs_3_10                          1772.8200      0.3    1500.2820     272.5380  0.0000  StripPair_248
pairs_3_11                          1771.6860      0.3    1499.5260     272.1600  0.0000  StripPair_234
pairs_3_12                          1775.4660      0.3    1502.9280     272.5380  0.0000  StripPair_220
pairs_3_13                          1771.1820      0.3    1499.0220     272.1600  0.0000  StripPair_206
pairs_3_14                          1777.9860      0.3    1505.8260     272.1600  0.0000  StripPair_192
pairs_3_15                          1770.5520      0.3    1498.3920     272.1600  0.0000  StripPair_178
pairs_3_16                          1774.7100      0.3    1502.1720     272.5380  0.0000  StripPair_164
pairs_3_17                          1770.4260      0.3    1498.2660     272.1600  0.0000  StripPair_150
pairs_3_18                          1771.6860      0.3    1499.1480     272.5380  0.0000  StripPair_136
pairs_3_19                          1774.2060      0.3    1502.0460     272.1600  0.0000  StripPair_122
pairs_3_2                           1771.6860      0.3    1499.1480     272.5380  0.0000  StripPair_360
pairs_3_20                          1770.6780      0.3    1498.1400     272.5380  0.0000  StripPair_108
pairs_3_21                          1772.3160      0.3    1500.1560     272.1600  0.0000  StripPair_94
pairs_3_22                          1773.1980      0.3    1500.6600     272.5380  0.0000  StripPair_80
pairs_3_23                          1771.0560      0.3    1498.8960     272.1600  0.0000  StripPair_66
pairs_3_24                          1770.8040      0.3    1498.2660     272.5380  0.0000  StripPair_52
pairs_3_25                          1772.4420      0.3    1500.2820     272.1600  0.0000  StripPair_38
pairs_3_26                          1770.4260      0.3    1497.8880     272.5380  0.0000  StripPair_24
pairs_3_27                          1780.2540      0.3    1508.0940     272.1600  0.0000  StripPair_10
pairs_3_3                           1773.7020      0.3    1501.5420     272.1600  0.0000  StripPair_346
pairs_3_4                           1771.9380      0.3    1499.4000     272.5380  0.0000  StripPair_332
pairs_3_5                           1773.3240      0.3    1501.1640     272.1600  0.0000  StripPair_318
pairs_3_6                           1772.8200      0.3    1500.2820     272.5380  0.0000  StripPair_304
pairs_3_7                           1772.0640      0.3    1499.9040     272.1600  0.0000  StripPair_290
pairs_3_8                           1771.1820      0.3    1498.6440     272.5380  0.0000  StripPair_276
pairs_3_9                           1775.5920      0.3    1503.4320     272.1600  0.0000  StripPair_262
pairs_4                             1800.4140      0.3    1527.4980     272.9160  0.0000  StripPair_387
pairs_4_1                           1774.5840      0.3    1502.4240     272.1600  0.0000  StripPair_373
pairs_4_10                          1770.8040      0.3    1498.6440     272.1600  0.0000  StripPair_247
pairs_4_11                          1777.4820      0.3    1505.3220     272.1600  0.0000  StripPair_233
pairs_4_12                          1771.9380      0.3    1499.4000     272.5380  0.0000  StripPair_219
pairs_4_13                          1773.3240      0.3    1500.7860     272.5380  0.0000  StripPair_205
pairs_4_14                          1777.3560      0.3    1505.1960     272.1600  0.0000  StripPair_191
pairs_4_15                          1771.3080      0.3    1498.7700     272.5380  0.0000  StripPair_177
pairs_4_16                          1773.7020      0.3    1501.5420     272.1600  0.0000  StripPair_163
pairs_4_17                          1770.8040      0.3    1498.6440     272.1600  0.0000  StripPair_149
pairs_4_18                          1776.3480      0.3    1503.8100     272.5380  0.0000  StripPair_135
pairs_4_19                          1771.0560      0.3    1498.5180     272.5380  0.0000  StripPair_121
pairs_4_2                           1771.0560      0.3    1498.8960     272.1600  0.0000  StripPair_359
pairs_4_20                          1771.8120      0.3    1499.6520     272.1600  0.0000  StripPair_107
pairs_4_21                          1769.6700      0.3    1497.1320     272.5380  0.0000  StripPair_93
pairs_4_22                          1775.5920      0.3    1503.0540     272.5380  0.0000  StripPair_79
pairs_4_23                          1771.9380      0.3    1499.4000     272.5380  0.0000  StripPair_65
pairs_4_24                          1773.0720      0.3    1500.9120     272.1600  0.0000  StripPair_51
pairs_4_25                          1773.0720      0.3    1500.5340     272.5380  0.0000  StripPair_37
pairs_4_26                          1774.2060      0.3    1501.6680     272.5380  0.0000  StripPair_23
pairs_4_27                          1771.6860      0.3    1499.1480     272.5380  0.0000  StripPair_9
pairs_4_3                           1770.1740      0.3    1498.0140     272.1600  0.0000  StripPair_345
pairs_4_4                           1770.6780      0.3    1498.1400     272.5380  0.0000  StripPair_331
pairs_4_5                           1773.1980      0.3    1501.0380     272.1600  0.0000  StripPair_317
pairs_4_6                           1771.1820      0.3    1499.0220     272.1600  0.0000  StripPair_303
pairs_4_7                           1776.0960      0.3    1503.9360     272.1600  0.0000  StripPair_289
pairs_4_8                           1770.5520      0.3    1498.0140     272.5380  0.0000  StripPair_275
pairs_4_9                           1776.7260      0.3    1504.1880     272.5380  0.0000  StripPair_261
pairs_5                             1801.2960      0.3    1528.7580     272.5380  0.0000  StripPair_386
pairs_5_1                           1772.0640      0.3    1499.5260     272.5380  0.0000  StripPair_372
pairs_5_10                          1771.5600      0.3    1498.6440     272.9160  0.0000  StripPair_246
pairs_5_11                          1775.2140      0.3    1502.6760     272.5380  0.0000  StripPair_232
pairs_5_12                          1770.5520      0.3    1497.6360     272.9160  0.0000  StripPair_218
pairs_5_13                          1771.9380      0.3    1499.4000     272.5380  0.0000  StripPair_204
pairs_5_14                          1776.0960      0.3    1503.9360     272.1600  0.0000  StripPair_190
pairs_5_15                          1771.5600      0.3    1498.6440     272.9160  0.0000  StripPair_176
pairs_5_16                          1772.1900      0.3    1499.6520     272.5380  0.0000  StripPair_162
pairs_5_17                          1771.1820      0.3    1498.6440     272.5380  0.0000  StripPair_148
pairs_5_18                          1772.1900      0.3    1500.0300     272.1600  0.0000  StripPair_134
pairs_5_19                          1771.0560      0.3    1498.5180     272.5380  0.0000  StripPair_120
pairs_5_2                           1771.1820      0.3    1498.6440     272.5380  0.0000  StripPair_358
pairs_5_20                          1773.9540      0.3    1501.7940     272.1600  0.0000  StripPair_106
pairs_5_21                          1772.3160      0.3    1499.7780     272.5380  0.0000  StripPair_92
pairs_5_22                          1773.1980      0.3    1501.0380     272.1600  0.0000  StripPair_78
pairs_5_23                          1771.9380      0.3    1499.4000     272.5380  0.0000  StripPair_64
pairs_5_24                          1772.3160      0.3    1500.1560     272.1600  0.0000  StripPair_50
pairs_5_25                          1769.6700      0.3    1497.1320     272.5380  0.0000  StripPair_36
pairs_5_26                          1770.9300      0.3    1498.3920     272.5380  0.0000  StripPair_22
pairs_5_27                          1775.8440      0.3    1503.6840     272.1600  0.0000  StripPair_8
pairs_5_3                           1770.6780      0.3    1498.1400     272.5380  0.0000  StripPair_344
pairs_5_4                           1769.9220      0.3    1497.3840     272.5380  0.0000  StripPair_330
pairs_5_5                           1771.9380      0.3    1499.4000     272.5380  0.0000  StripPair_316
pairs_5_6                           1770.3000      0.3    1497.7620     272.5380  0.0000  StripPair_302
pairs_5_7                           1771.9380      0.3    1499.4000     272.5380  0.0000  StripPair_288
pairs_5_8                           1771.0560      0.3    1498.5180     272.5380  0.0000  StripPair_274
pairs_5_9                           1776.7260      0.3    1504.1880     272.5380  0.0000  StripPair_260
pairs_6                             1800.5400      0.3    1528.0020     272.5380  0.0000  StripPair_385
pairs_6_1                           1770.9300      0.3    1498.3920     272.5380  0.0000  StripPair_371
pairs_6_10                          1770.5520      0.3    1498.3920     272.1600  0.0000  StripPair_245
pairs_6_11                          1771.3080      0.3    1499.1480     272.1600  0.0000  StripPair_231
pairs_6_12                          1771.3080      0.3    1499.1480     272.1600  0.0000  StripPair_217
pairs_6_13                          1773.3240      0.3    1500.7860     272.5380  0.0000  StripPair_203
pairs_6_14                          1773.3240      0.3    1501.1640     272.1600  0.0000  StripPair_189
pairs_6_15                          1773.4500      0.3    1501.2900     272.1600  0.0000  StripPair_175
pairs_6_16                          1774.2060      0.3    1502.0460     272.1600  0.0000  StripPair_161
pairs_6_17                          1774.0800      0.3    1501.9200     272.1600  0.0000  StripPair_147
pairs_6_18                          1768.4100      0.3    1495.8720     272.5380  0.0000  StripPair_133
pairs_6_19                          1772.1900      0.3    1500.0300     272.1600  0.0000  StripPair_119
pairs_6_2                           1772.9460      0.3    1500.7860     272.1600  0.0000  StripPair_357
pairs_6_20                          1769.5440      0.3    1497.3840     272.1600  0.0000  StripPair_105
pairs_6_21                          1771.9380      0.3    1499.7780     272.1600  0.0000  StripPair_91
pairs_6_22                          1773.4500      0.3    1500.9120     272.5380  0.0000  StripPair_77
pairs_6_23                          1772.0640      0.3    1499.9040     272.1600  0.0000  StripPair_63
pairs_6_24                          1770.6780      0.3    1498.5180     272.1600  0.0000  StripPair_49
pairs_6_25                          1774.7100      0.3    1502.5500     272.1600  0.0000  StripPair_35
pairs_6_26                          1774.0800      0.3    1501.1640     272.9160  0.0000  StripPair_21
pairs_6_27                          1773.7020      0.3    1501.1640     272.5380  0.0000  StripPair_7
pairs_6_3                           1771.8120      0.3    1499.6520     272.1600  0.0000  StripPair_343
pairs_6_4                           1772.5680      0.3    1500.4080     272.1600  0.0000  StripPair_329
pairs_6_5                           1772.0640      0.3    1499.5260     272.5380  0.0000  StripPair_315
pairs_6_6                           1775.4660      0.3    1503.3060     272.1600  0.0000  StripPair_301
pairs_6_7                           1770.0480      0.3    1497.8880     272.1600  0.0000  StripPair_287
pairs_6_8                           1772.0640      0.3    1499.9040     272.1600  0.0000  StripPair_273
pairs_6_9                           1772.1900      0.3    1499.6520     272.5380  0.0000  StripPair_259
pairs_7                             1798.5240      0.3    1525.9860     272.5380  0.0000  StripPair_384
pairs_7_1                           1772.9460      0.3    1500.4080     272.5380  0.0000  StripPair_370
pairs_7_10                          1770.8040      0.3    1498.6440     272.1600  0.0000  StripPair_244
pairs_7_11                          1770.5520      0.3    1498.0140     272.5380  0.0000  StripPair_230
pairs_7_12                          1772.0640      0.3    1499.9040     272.1600  0.0000  StripPair_216
pairs_7_13                          1769.1660      0.3    1496.6280     272.5380  0.0000  StripPair_202
pairs_7_14                          1776.9780      0.3    1504.4400     272.5380  0.0000  StripPair_188
pairs_7_15                          1777.2300      0.3    1504.6920     272.5380  0.0000  StripPair_174
pairs_7_16                          1773.0720      0.3    1500.9120     272.1600  0.0000  StripPair_160
pairs_7_17                          1774.7100      0.3    1502.1720     272.5380  0.0000  StripPair_146
pairs_7_18                          1770.4260      0.3    1498.2660     272.1600  0.0000  StripPair_132
pairs_7_19                          1773.7020      0.3    1501.1640     272.5380  0.0000  StripPair_118
pairs_7_2                           1772.0640      0.3    1499.9040     272.1600  0.0000  StripPair_356
pairs_7_20                          1773.7020      0.3    1501.5420     272.1600  0.0000  StripPair_104
pairs_7_21                          1772.5680      0.3    1500.0300     272.5380  0.0000  StripPair_90
pairs_7_22                          1772.0640      0.3    1499.9040     272.1600  0.0000  StripPair_76
pairs_7_23                          1772.1900      0.3    1499.6520     272.5380  0.0000  StripPair_62
pairs_7_24                          1776.2220      0.3    1504.0620     272.1600  0.0000  StripPair_48
pairs_7_25                          1772.6940      0.3    1500.1560     272.5380  0.0000  StripPair_34
pairs_7_26                          1772.5680      0.3    1500.0300     272.5380  0.0000  StripPair_20
pairs_7_27                          1772.4420      0.3    1500.2820     272.1600  0.0000  StripPair_6
pairs_7_3                           1772.8200      0.3    1500.2820     272.5380  0.0000  StripPair_342
pairs_7_4                           1772.8200      0.3    1500.6600     272.1600  0.0000  StripPair_328
pairs_7_5                           1771.5600      0.3    1499.0220     272.5380  0.0000  StripPair_314
pairs_7_6                           1770.4260      0.3    1498.2660     272.1600  0.0000  StripPair_300
pairs_7_7                           1770.6780      0.3    1498.1400     272.5380  0.0000  StripPair_286
pairs_7_8                           1773.5760      0.3    1501.4160     272.1600  0.0000  StripPair_272
pairs_7_9                           1770.6780      0.3    1498.1400     272.5380  0.0000  StripPair_258
pairs_8                             1800.1620      0.3    1527.6240     272.5380  0.0000  StripPair_383
pairs_8_1                           1771.5600      0.3    1499.0220     272.5380  0.0000  StripPair_369
pairs_8_10                          1773.5760      0.3    1501.0380     272.5380  0.0000  StripPair_243
pairs_8_11                          1770.9300      0.3    1498.7700     272.1600  0.0000  StripPair_229
pairs_8_12                          1771.0560      0.3    1498.8960     272.1600  0.0000  StripPair_215
pairs_8_13                          1772.1900      0.3    1499.6520     272.5380  0.0000  StripPair_201
pairs_8_14                          1777.6080      0.3    1505.4480     272.1600  0.0000  StripPair_187
pairs_8_15                          1775.7180      0.3    1503.1800     272.5380  0.0000  StripPair_173
pairs_8_16                          1771.6860      0.3    1499.1480     272.5380  0.0000  StripPair_159
pairs_8_17                          1775.0880      0.3    1502.9280     272.1600  0.0000  StripPair_145
pairs_8_18                          1769.9220      0.3    1497.3840     272.5380  0.0000  StripPair_131
pairs_8_19                          1774.9620      0.3    1502.4240     272.5380  0.0000  StripPair_117
pairs_8_2                           1772.9460      0.3    1500.7860     272.1600  0.0000  StripPair_355
pairs_8_20                          1770.1740      0.3    1497.6360     272.5380  0.0000  StripPair_103
pairs_8_21                          1776.3480      0.3    1504.1880     272.1600  0.0000  StripPair_89
pairs_8_22                          1772.3160      0.3    1499.7780     272.5380  0.0000  StripPair_75
pairs_8_23                          1772.6940      0.3    1500.1560     272.5380  0.0000  StripPair_61
pairs_8_24                          1771.3080      0.3    1498.7700     272.5380  0.0000  StripPair_47
pairs_8_25                          1772.4420      0.3    1500.2820     272.1600  0.0000  StripPair_33
pairs_8_26                          1772.9460      0.3    1500.0300     272.9160  0.0000  StripPair_19
pairs_8_27                          1772.0640      0.3    1499.5260     272.5380  0.0000  StripPair_5
pairs_8_3                           1776.0960      0.3    1503.9360     272.1600  0.0000  StripPair_341
pairs_8_4                           1775.5920      0.3    1503.4320     272.1600  0.0000  StripPair_327
pairs_8_5                           1771.0560      0.3    1498.5180     272.5380  0.0000  StripPair_313
pairs_8_6                           1774.8360      0.3    1502.6760     272.1600  0.0000  StripPair_299
pairs_8_7                           1770.5520      0.3    1498.3920     272.1600  0.0000  StripPair_285
pairs_8_8                           1776.0960      0.3    1503.9360     272.1600  0.0000  StripPair_271
pairs_8_9                           1771.3080      0.3    1498.7700     272.5380  0.0000  StripPair_257
pairs_9                             1802.0520      0.3    1528.7580     273.2940  0.0000  StripPair_382
pairs_9_1                           1771.1820      0.3    1498.6440     272.5380  0.0000  StripPair_368
pairs_9_10                          1775.8440      0.3    1503.6840     272.1600  0.0000  StripPair_242
pairs_9_11                          1775.0880      0.3    1502.1720     272.9160  0.0000  StripPair_228
pairs_9_12                          1773.7020      0.3    1501.1640     272.5380  0.0000  StripPair_214
pairs_9_13                          1772.6940      0.3    1500.1560     272.5380  0.0000  StripPair_200
pairs_9_14                          1775.8440      0.3    1503.6840     272.1600  0.0000  StripPair_186
pairs_9_15                          1773.0720      0.3    1500.5340     272.5380  0.0000  StripPair_172
pairs_9_16                          1770.8040      0.3    1498.2660     272.5380  0.0000  StripPair_158
pairs_9_17                          1771.4340      0.3    1499.2740     272.1600  0.0000  StripPair_144
pairs_9_18                          1770.4260      0.3    1497.8880     272.5380  0.0000  StripPair_130
pairs_9_19                          1773.0720      0.3    1500.9120     272.1600  0.0000  StripPair_116
pairs_9_2                           1772.3160      0.3    1499.7780     272.5380  0.0000  StripPair_354
pairs_9_20                          1771.1820      0.3    1498.6440     272.5380  0.0000  StripPair_102
pairs_9_21                          1770.6780      0.3    1498.5180     272.1600  0.0000  StripPair_88
pairs_9_22                          1770.3000      0.3    1497.7620     272.5380  0.0000  StripPair_74
pairs_9_23                          1772.1900      0.3    1500.0300     272.1600  0.0000  StripPair_60
pairs_9_24                          1772.9460      0.3    1500.4080     272.5380  0.0000  StripPair_46
pairs_9_25                          1772.4420      0.3    1500.2820     272.1600  0.0000  StripPair_32
pairs_9_26                          1770.1740      0.3    1497.6360     272.5380  0.0000  StripPair_18
pairs_9_27                          1771.6860      0.3    1499.5260     272.1600  0.0000  StripPair_4
pairs_9_3                           1773.8280      0.3    1501.2900     272.5380  0.0000  StripPair_340
pairs_9_4                           1771.3080      0.3    1498.7700     272.5380  0.0000  StripPair_326
pairs_9_5                           1771.5600      0.3    1499.0220     272.5380  0.0000  StripPair_312
pairs_9_6                           1770.3000      0.3    1497.7620     272.5380  0.0000  StripPair_298
pairs_9_7                           1772.3160      0.3    1499.7780     272.5380  0.0000  StripPair_284
pairs_9_8                           1774.0800      0.3    1501.9200     272.1600  0.0000  StripPair_270
pairs_9_9                           1771.8120      0.3    1498.8960     272.9160  0.0000  StripPair_256
--------------------------------  -----------  -------  -----------  -----------  ------  -------------
Total                                                   588935.7140  106772.9032  0.0000

1
