 
****************************************
Report : area
Design : FuseMax2DArray
Version: V-2023.12
Date   : Mon Apr  6 03:22:31 2026
****************************************

Library(s) Used:

    tcbn28hpcplusbwp30p140ffg0p99v0c_ccs (File: /hpc/Tech/TSMC/digital/N28/digital/Front_End/timing_power_noise/CCS/tcbn28hpcplusbwp30p140_180a/tcbn28hpcplusbwp30p140ffg0p99v0c_ccs.db)

Number of ports:                         1986
Number of nets:                         56116
Number of cells:                        52285
Number of combinational cells:          49453
Number of sequential cells:              2816
Number of macros/black boxes:               0
Number of buf/inv:                      10055
Number of references:                      16

Combinational area:              28606.787936
Buf/Inv area:                     2676.492037
Noncombinational area:            5378.687947
Macro/Black Box area:                0.000000
Net Interconnect area:      undefined  (Wire load has zero net area)

Total cell area:                 33985.475883
Total area:                 undefined

Hierarchical area distribution
------------------------------

                                  Global cell area            Local cell area
                                  -------------------  ----------------------------- 
Hierarchical cell                 Absolute    Percent  Combi-      Noncombi-  Black-
                                  Total       Total    national    national   boxes   Design
--------------------------------  ----------  -------  ----------  ---------  ------  --------------
FuseMax2DArray                    33985.4759    100.0      0.0000     0.0000  0.0000  FuseMax2DArray
pe_0_0                             2094.3720      6.2   1757.1960   337.1760  0.0000  FuseMax2DPE_15
pe_0_1                             2106.0900      6.2   1768.4100   337.6800  0.0000  FuseMax2DPE_14
pe_0_2                             2101.5540      6.2   1766.7720   334.7820  0.0000  FuseMax2DPE_13
pe_0_3                             2103.6960      6.2   1769.4180   334.2780  0.0000  FuseMax2DPE_12
pe_1_0                             2115.5400      6.2   1779.4980   336.0420  0.0000  FuseMax2DPE_11
pe_1_1                             2106.0900      6.2   1769.4180   336.6720  0.0000  FuseMax2DPE_10
pe_1_2                             2095.6320      6.2   1758.2040   337.4280  0.0000  FuseMax2DPE_9
pe_1_3                             2107.9800      6.2   1768.5360   339.4440  0.0000  FuseMax2DPE_8
pe_2_0                             2109.4920      6.2   1772.6940   336.7980  0.0000  FuseMax2DPE_7
pe_2_1                             2097.6480      6.2   1762.1100   335.5380  0.0000  FuseMax2DPE_6
pe_2_2                             2106.3420      6.2   1769.0400   337.3020  0.0000  FuseMax2DPE_5
pe_2_3                             2097.9000      6.2   1761.7320   336.1680  0.0000  FuseMax2DPE_4
pe_3_0                             2161.7820      6.4   1826.8740   334.9080  0.0000  FuseMax2DPE_3
pe_3_1                             2178.5400      6.4   1841.6160   336.9240  0.0000  FuseMax2DPE_2
pe_3_2                             2187.1080      6.4   1853.9640   333.1440  0.0000  FuseMax2DPE_1
pe_3_3                             2215.7100      6.5   1881.3060   334.4040  0.0000  FuseMax2DPE_0
--------------------------------  ----------  -------  ----------  ---------  ------  --------------
Total                                                  28606.7879  5378.6879  0.0000

1
