 
****************************************
Report : power
        -hier
        -analysis_effort low
Design : FuseMax2DArray
Version: V-2023.12
Date   : Mon Apr  6 03:22:32 2026
****************************************


Library(s) Used:

    tcbn28hpcplusbwp30p140ffg0p99v0c_ccs (File: /hpc/Tech/TSMC/digital/N28/digital/Front_End/timing_power_noise/CCS/tcbn28hpcplusbwp30p140_180a/tcbn28hpcplusbwp30p140ffg0p99v0c_ccs.db)


Operating Conditions: ffg0p99v0c   Library: tcbn28hpcplusbwp30p140ffg0p99v0c_ccs
Wire Load Model Mode: segmented

Design        Wire Load Model            Library
------------------------------------------------
FuseMax2DArray         ZeroWireload      tcbn28hpcplusbwp30p140ffg0p99v0c_ccs
FuseMax2DPE_15         ZeroWireload      tcbn28hpcplusbwp30p140ffg0p99v0c_ccs
FuseMax2DPE_12         ZeroWireload      tcbn28hpcplusbwp30p140ffg0p99v0c_ccs
FuseMax2DPE_0          ZeroWireload      tcbn28hpcplusbwp30p140ffg0p99v0c_ccs
FuseMax2DPE_4          ZeroWireload      tcbn28hpcplusbwp30p140ffg0p99v0c_ccs
FuseMax2DPE_8          ZeroWireload      tcbn28hpcplusbwp30p140ffg0p99v0c_ccs
FuseMax2DPE_1          ZeroWireload      tcbn28hpcplusbwp30p140ffg0p99v0c_ccs
FuseMax2DPE_2          ZeroWireload      tcbn28hpcplusbwp30p140ffg0p99v0c_ccs
FuseMax2DPE_3          ZeroWireload      tcbn28hpcplusbwp30p140ffg0p99v0c_ccs
FuseMax2DPE_5          ZeroWireload      tcbn28hpcplusbwp30p140ffg0p99v0c_ccs
FuseMax2DPE_6          ZeroWireload      tcbn28hpcplusbwp30p140ffg0p99v0c_ccs
FuseMax2DPE_7          ZeroWireload      tcbn28hpcplusbwp30p140ffg0p99v0c_ccs
FuseMax2DPE_9          ZeroWireload      tcbn28hpcplusbwp30p140ffg0p99v0c_ccs
FuseMax2DPE_10         ZeroWireload      tcbn28hpcplusbwp30p140ffg0p99v0c_ccs
FuseMax2DPE_11         ZeroWireload      tcbn28hpcplusbwp30p140ffg0p99v0c_ccs
FuseMax2DPE_13         ZeroWireload      tcbn28hpcplusbwp30p140ffg0p99v0c_ccs
FuseMax2DPE_14         ZeroWireload      tcbn28hpcplusbwp30p140ffg0p99v0c_ccs


Global Operating Voltage = 0.99 
Power-specific unit information :
    Voltage Units = 1V
    Capacitance Units = 1.000000pf
    Time Units = 1ns
    Dynamic Power Units = 1mW    (derived from V,C,T units)
    Leakage Power Units = 1nW


--------------------------------------------------------------------------------
                                       Switch   Int      Leak     Total
Hierarchy                              Power    Power    Power    Power    %
--------------------------------------------------------------------------------
FuseMax2DArray                            1.381   11.826 1.73e+05   13.379 100.0
  pe_3_3 (FuseMax2DPE_0)               8.96e-02    0.735 1.18e+04    0.836   6.3
  pe_3_2 (FuseMax2DPE_1)               9.69e-02    0.738 1.16e+04    0.846   6.3
  pe_3_1 (FuseMax2DPE_2)               8.98e-02    0.738 1.15e+04    0.839   6.3
  pe_3_0 (FuseMax2DPE_3)               8.99e-02    0.735 1.14e+04    0.836   6.2
  pe_2_3 (FuseMax2DPE_4)               7.50e-02    0.728 1.04e+04    0.814   6.1
  pe_2_2 (FuseMax2DPE_5)               8.16e-02    0.738 1.06e+04    0.830   6.2
  pe_2_1 (FuseMax2DPE_6)               8.01e-02    0.734 1.05e+04    0.825   6.2
  pe_2_0 (FuseMax2DPE_7)               8.67e-02    0.743 1.06e+04    0.841   6.3
  pe_1_3 (FuseMax2DPE_8)               8.34e-02    0.743 1.06e+04    0.837   6.3
  pe_1_2 (FuseMax2DPE_9)               8.30e-02    0.740 1.04e+04    0.834   6.2
  pe_1_1 (FuseMax2DPE_10)              8.37e-02    0.739 1.06e+04    0.834   6.2
  pe_1_0 (FuseMax2DPE_11)              8.77e-02    0.743 1.06e+04    0.841   6.3
  pe_0_3 (FuseMax2DPE_12)              8.80e-02    0.740 1.05e+04    0.838   6.3
  pe_0_2 (FuseMax2DPE_13)              8.48e-02    0.736 1.05e+04    0.832   6.2
  pe_0_1 (FuseMax2DPE_14)              8.94e-02    0.746 1.06e+04    0.846   6.3
  pe_0_0 (FuseMax2DPE_15)              9.09e-02    0.749 1.05e+04    0.851   6.4
1
