Information: Updating design information... (UID-85)
Warning: Design 'FuseMax2DArray' contains 1 high-fanout nets. A fanout number of 1000 will be used for delay calculations involving these nets. (TIM-134)
 
****************************************
Report : timing
        -path full
        -delay max
        -nets
        -max_paths 1
        -transition_time
Design : FuseMax2DArray
Version: V-2023.12
Date   : Mon Apr  6 03:22:31 2026
****************************************

 # A fanout number of 1000 was used for high fanout net computations.

Operating Conditions: ffg0p99v0c   Library: tcbn28hpcplusbwp30p140ffg0p99v0c_ccs
Wire Load Model Mode: segmented

  Startpoint: pe_3_3/rf_5_bits_reg[13]
              (rising edge-triggered flip-flop clocked by ideal_clock1)
  Endpoint: pe_3_3/rf_9_bits_reg[9]
            (rising edge-triggered flip-flop clocked by ideal_clock1)
  Path Group: ideal_clock1
  Path Type: max

  Des/Clust/Port     Wire Load Model       Library
  ------------------------------------------------
  FuseMax2DPE_14     ZeroWireload          tcbn28hpcplusbwp30p140ffg0p99v0c_ccs
  FuseMax2DPE_13     ZeroWireload          tcbn28hpcplusbwp30p140ffg0p99v0c_ccs
  FuseMax2DPE_11     ZeroWireload          tcbn28hpcplusbwp30p140ffg0p99v0c_ccs
  FuseMax2DPE_10     ZeroWireload          tcbn28hpcplusbwp30p140ffg0p99v0c_ccs
  FuseMax2DPE_9      ZeroWireload          tcbn28hpcplusbwp30p140ffg0p99v0c_ccs
  FuseMax2DPE_7      ZeroWireload          tcbn28hpcplusbwp30p140ffg0p99v0c_ccs
  FuseMax2DPE_6      ZeroWireload          tcbn28hpcplusbwp30p140ffg0p99v0c_ccs
  FuseMax2DPE_5      ZeroWireload          tcbn28hpcplusbwp30p140ffg0p99v0c_ccs
  FuseMax2DPE_3      ZeroWireload          tcbn28hpcplusbwp30p140ffg0p99v0c_ccs
  FuseMax2DPE_2      ZeroWireload          tcbn28hpcplusbwp30p140ffg0p99v0c_ccs
  FuseMax2DPE_1      ZeroWireload          tcbn28hpcplusbwp30p140ffg0p99v0c_ccs
  FuseMax2DPE_8      ZeroWireload          tcbn28hpcplusbwp30p140ffg0p99v0c_ccs
  FuseMax2DPE_4      ZeroWireload          tcbn28hpcplusbwp30p140ffg0p99v0c_ccs
  FuseMax2DPE_0      ZeroWireload          tcbn28hpcplusbwp30p140ffg0p99v0c_ccs
  FuseMax2DPE_12     ZeroWireload          tcbn28hpcplusbwp30p140ffg0p99v0c_ccs
  FuseMax2DArray     ZeroWireload          tcbn28hpcplusbwp30p140ffg0p99v0c_ccs
  FuseMax2DPE_15     ZeroWireload          tcbn28hpcplusbwp30p140ffg0p99v0c_ccs

Attributes:
    d - dont_touch
    u - dont_use
   mo - map_only
   so - size_only
    i - ideal_net or ideal_network
  inf - infeasible path

  Point                                           Fanout     Trans      Incr       Path      Attributes
  -------------------------------------------------------------------------------------------------------------
  clock ideal_clock1 (rise edge)                                        0.00       0.00
  clock network delay (ideal)                                           0.00       0.00
  pe_3_3/rf_5_bits_reg[13]/CP (DFQD2BWP30P140)                0.00      0.00 #     0.00 r
  pe_3_3/rf_5_bits_reg[13]/Q (DFQD2BWP30P140)                 0.01      0.04       0.04 f
  pe_3_3/_GEN[5][13] (net)                          4                   0.00       0.04 f
  pe_3_3/U1029/ZN (AOI22D2BWP30P140)                          0.02      0.01       0.05 r
  pe_3_3/n136 (net)                                 1                   0.00       0.05 r
  pe_3_3/U268/ZN (ND2D2BWP30P140)                             0.01      0.01       0.06 f
  pe_3_3/n135 (net)                                 1                   0.00       0.06 f
  pe_3_3/U1028/ZN (NR3OPTPAD2BWP30P140)                       0.02      0.02       0.08 r
  pe_3_3/n715 (net)                                 6                   0.00       0.08 r
  pe_3_3/U1159/ZN (ND3OPTPAD2BWP30P140)                       0.02      0.01       0.09 f
  pe_3_3/n302 (net)                                 2                   0.00       0.09 f
  pe_3_3/U1158/ZN (ND2D2BWP30P140)                            0.01      0.01       0.10 r
  pe_3_3/n366 (net)                                 1                   0.00       0.10 r
  pe_3_3/U1018/ZN (ND2OPTIBD4BWP30P140)                       0.01      0.01       0.11 f
  pe_3_3/n1233 (net)                                3                   0.00       0.11 f
  pe_3_3/U1017/Z (AN2D4BWP30P140)                             0.02      0.02       0.13 f
  pe_3_3/n1463 (net)                               15                   0.00       0.13 f
  pe_3_3/U244/ZN (XNR2D2BWP30P140)                            0.02      0.03       0.16 r
  pe_3_3/n1606 (net)                               15                   0.00       0.16 r
  pe_3_3/U232/ZN (ND2D3BWP30P140)                             0.02      0.02       0.17 f
  pe_3_3/n1607 (net)                               13                   0.00       0.17 f
  pe_3_3/U2030/ZN (OAI22D1BWP30P140)                          0.02      0.01       0.19 r
  pe_3_3/n1384 (net)                                1                   0.00       0.19 r
  pe_3_3/U629/S (FA1D1BWP30P140)                              0.01      0.04       0.22 f
  pe_3_3/n1379 (net)                                1                   0.00       0.22 f
  pe_3_3/U2041/CO (FA1D1BWP30P140)                            0.01      0.02       0.25 f
  pe_3_3/n1472 (net)                                1                   0.00       0.25 f
  pe_3_3/U2116/S (FA1D1BWP30P140)                             0.01      0.04       0.29 r
  pe_3_3/n1393 (net)                                2                   0.00       0.29 r
  pe_3_3/U1179/ZN (INVD1BWP30P140)                            0.01      0.01       0.30 f
  pe_3_3/n328 (net)                                 1                   0.00       0.30 f
  pe_3_3/U877/ZN (ND2OPTIBD2BWP30P140)                        0.01      0.01       0.30 r
  pe_3_3/n1490 (net)                                4                   0.00       0.30 r
  pe_3_3/U220/ZN (ND2D1BWP30P140)                             0.02      0.01       0.32 f
  pe_3_3/n1499 (net)                                2                   0.00       0.32 f
  pe_3_3/U1130/ZN (NR2OPTPAD2BWP30P140)                       0.01      0.01       0.33 r
  pe_3_3/n260 (net)                                 2                   0.00       0.33 r
  pe_3_3/U439/ZN (AOI21D2BWP30P140)                           0.01      0.01       0.34 f
  pe_3_3/n1501 (net)                                2                   0.00       0.34 f
  pe_3_3/U209/ZN (NR2D1BWP30P140)                             0.01      0.01       0.35 r
  pe_3_3/n376 (net)                                 2                   0.00       0.35 r
  pe_3_3/U1209/ZN (OAI21D2BWP30P140)                          0.01      0.01       0.36 f
  pe_3_3/n373 (net)                                 1                   0.00       0.36 f
  pe_3_3/U1208/ZN (ND2OPTPAD2BWP30P140)                       0.01      0.01       0.37 r
  pe_3_3/n1993 (net)                                2                   0.00       0.37 r
  pe_3_3/U1207/ZN (ND2OPTIBD2BWP30P140)                       0.01      0.01       0.38 f
  pe_3_3/n1562 (net)                                1                   0.00       0.38 f
  pe_3_3/U2168/ZN (ND2OPTIBD2BWP30P140)                       0.01      0.01       0.39 r
  pe_3_3/n1775 (net)                                4                   0.00       0.39 r
  pe_3_3/U1222/ZN (ND2D1BWP30P140)                            0.01      0.01       0.40 f
  pe_3_3/n1790 (net)                                2                   0.00       0.40 f
  pe_3_3/U1188/ZN (INVD1BWP30P140)                            0.01      0.01       0.40 r
  pe_3_3/n355 (net)                                 1                   0.00       0.40 r
  pe_3_3/U1187/ZN (NR2D1BWP30P140)                            0.01      0.01       0.41 f
  pe_3_3/n354 (net)                                 1                   0.00       0.41 f
  pe_3_3/U811/ZN (AOI21OPTREPBD1BWP30P140)                    0.01      0.01       0.42 r
  pe_3_3/n1869 (net)                                2                   0.00       0.42 r
  pe_3_3/U2293/ZN (NR2D1BWP30P140)                            0.01      0.01       0.42 f
  pe_3_3/n1794 (net)                                1                   0.00       0.42 f
  pe_3_3/U803/ZN (INVD1BWP30P140)                             0.01      0.01       0.43 r
  pe_3_3/n1795 (net)                                1                   0.00       0.43 r
  pe_3_3/U1023/ZN (OAI21OPTREPBD2BWP30P140)                   0.01      0.01       0.44 f
  pe_3_3/n1972 (net)                                3                   0.00       0.44 f
  pe_3_3/U1022/ZN (NR2D1BWP30P140)                            0.01      0.01       0.45 r
  pe_3_3/n128 (net)                                 1                   0.00       0.45 r
  pe_3_3/U1021/ZN (OAI22D2BWP30P140)                          0.01      0.01       0.46 f
  pe_3_3/n127 (net)                                 1                   0.00       0.46 f
  pe_3_3/U1020/Z (XOR2UD1BWP30P140)                           0.03      0.02       0.48 f
  pe_3_3/n1839 (net)                                2                   0.00       0.48 f
  pe_3_3/U767/ZN (ND2OPTPAD2BWP30P140)                        0.01      0.01       0.48 r
  pe_3_3/n1856 (net)                                2                   0.00       0.48 r
  pe_3_3/U1119/ZN (INVD1BWP30P140)                            0.01      0.01       0.49 f
  pe_3_3/n239 (net)                                 1                   0.00       0.49 f
  pe_3_3/U1057/ZN (INR2D2BWP30P140)                           0.01      0.01       0.50 f
  pe_3_3/n170 (net)                                 1                   0.00       0.50 f
  pe_3_3/U761/ZN (AOI21D4BWP30P140)                           0.02      0.01       0.51 r
  pe_3_3/n253 (net)                                 4                   0.00       0.51 r
  pe_3_3/U1163/ZN (INVD1BWP30P140)                            0.01      0.01       0.52 f
  pe_3_3/n2053 (net)                                2                   0.00       0.52 f
  pe_3_3/U123/ZN (AOI21D1BWP30P140)                           0.01      0.01       0.53 r
  pe_3_3/n455 (net)                                 1                   0.00       0.53 r
  pe_3_3/U747/ZN (XNR2UD1BWP30P140)                           0.03      0.02       0.55 r
  pe_3_3/n202 (net)                                 4                   0.00       0.55 r
  pe_3_3/U566/ZN (ND2OPTIBD2BWP30P140)                        0.01      0.01       0.56 f
  pe_3_3/n2090 (net)                                2                   0.00       0.56 f
  pe_3_3/U112/ZN (NR2OPTPAD1BWP30P140)                        0.01      0.01       0.57 r
  pe_3_3/n201 (net)                                 1                   0.00       0.57 r
  pe_3_3/U735/ZN (ND2OPTPAD2BWP30P140)                        0.01      0.01       0.58 f
  pe_3_3/n2111 (net)                                2                   0.00       0.58 f
  pe_3_3/U104/ZN (INVD2BWP30P140)                             0.01      0.01       0.58 r
  pe_3_3/n24 (net)                                  4                   0.00       0.58 r
  pe_3_3/U1105/ZN (INR2D4BWP30P140)                           0.02      0.02       0.60 r
  pe_3_3/n2174 (net)                                8                   0.00       0.60 r
  pe_3_3/U1104/ZN (ND2D1BWP30P140)                            0.01      0.01       0.61 f
  pe_3_3/n234 (net)                                 1                   0.00       0.61 f
  pe_3_3/U101/ZN (NR2D1BWP30P140)                             0.01      0.01       0.62 r
  pe_3_3/n132 (net)                                 1                   0.00       0.62 r
  pe_3_3/U1026/Z (XOR2UD1BWP30P140)                           0.02      0.01       0.63 r
  pe_3_3/n131 (net)                                 1                   0.00       0.63 r
  pe_3_3/U479/ZN (AOI21D2BWP30P140)                           0.02      0.01       0.65 f
  pe_3_3/sharedMacOut_mac/U9/a[19] (net)            6                   0.00       0.65 f
  pe_3_3/U554/ZN (NR2D3BWP30P140)                             0.01      0.01       0.66 r
  pe_3_3/sharedMacOut_mac/U9/U1/enc_tree[1][1][24] (net)     2          0.00       0.66 r
  pe_3_3/U478/ZN (IND2D4BWP30P140)                            0.01      0.01       0.67 f
  pe_3_3/sharedMacOut_mac/U9/U1/enc_tree[2][2][24] (net)     3          0.00       0.67 f
  pe_3_3/U68/ZN (NR2D4BWP30P140)                              0.01      0.01       0.68 r
  pe_3_3/n124 (net)                                 2                   0.00       0.68 r
  pe_3_3/U412/ZN (ND2OPTIBD4BWP30P140)                        0.01      0.01       0.69 f
  pe_3_3/sharedMacOut_mac/U9/U1/enc_tree[3][4][16] (net)     3          0.00       0.69 f
  pe_3_3/U2462/ZN (ND2D1BWP30P140)                            0.01      0.01       0.69 r
  pe_3_3/n2265 (net)                                1                   0.00       0.69 r
  pe_3_3/U548/ZN (OAI21D2BWP30P140)                           0.01      0.01       0.70 f
  pe_3_3/n65 (net)                                  1                   0.00       0.70 f
  pe_3_3/U547/Z (AO21D1BWP30P140)                             0.01      0.02       0.72 f
  pe_3_3/n163 (net)                                 1                   0.00       0.72 f
  pe_3_3/U1048/ZN (ND2OPTPAD2BWP30P140)                       0.01      0.01       0.73 r
  pe_3_3/n160 (net)                                 1                   0.00       0.73 r
  pe_3_3/U1047/ZN (ND2OPTPAD6BWP30P140)                       0.01      0.01       0.74 f
  pe_3_3/n2326 (net)                                7                   0.00       0.74 f
  pe_3_3/U2466/ZN (MUX2NOPTD4BWP30P140)                       0.01      0.01       0.75 f
  pe_3_3/n2335 (net)                                2                   0.00       0.75 f
  pe_3_3/U54/Z (BUFFD8BWP30P140)                              0.01      0.02       0.77 f
  pe_3_3/n2409 (net)                               10                   0.00       0.77 f
  pe_3_3/U997/Z (AN2D8BWP30P140)                              0.01      0.01       0.78 f
  pe_3_3/n2520 (net)                               10                   0.00       0.78 f
  pe_3_3/U49/ZN (INVD3BWP30P140)                              0.01      0.01       0.78 r
  pe_3_3/n2427 (net)                                6                   0.00       0.78 r
  pe_3_3/U2532/ZN (OAI22D1BWP30P140)                          0.02      0.01       0.79 f
  pe_3_3/n2375 (net)                                1                   0.00       0.79 f
  pe_3_3/U474/ZN (NR2OPTPAD1BWP30P140)                        0.01      0.01       0.81 r
  pe_3_3/n2508 (net)                                2                   0.00       0.81 r
  pe_3_3/U2533/ZN (INVD2BWP30P140)                            0.01      0.01       0.81 f
  pe_3_3/n2478 (net)                                4                   0.00       0.81 f
  pe_3_3/U2534/ZN (NR2D1BWP30P140)                            0.01      0.01       0.82 r
  pe_3_3/n2376 (net)                                1                   0.00       0.82 r
  pe_3_3/U669/ZN (AOI211OPTREPBD1BWP30P140)                   0.01      0.01       0.83 f
  pe_3_3/n475 (net)                                 1                   0.00       0.83 f
  pe_3_3/U345/ZN (OAI21D1BWP30P140)                           0.02      0.01       0.84 r
  pe_3_3/n2458 (net)                                2                   0.00       0.84 r
  pe_3_3/U996/ZN (INR2D4BWP30P140)                            0.01      0.01       0.85 r
  pe_3_3/n2580 (net)                                2                   0.00       0.85 r
  pe_3_3/U357/ZN (ND2D1BWP30P140)                             0.02      0.01       0.87 f
  pe_3_3/n2593 (net)                                3                   0.00       0.87 f
  pe_3_3/U395/Z (OR2D1BWP30P140)                              0.01      0.02       0.88 f
  pe_3_3/n14 (net)                                  2                   0.00       0.88 f
  pe_3_3/U656/ZN (NR2OPTPAD1BWP30P140)                        0.01      0.01       0.89 r
  pe_3_3/n2601 (net)                                1                   0.00       0.89 r
  pe_3_3/U2653/ZN (XNR2UD1BWP30P140)                          0.02      0.01       0.91 r
  pe_3_3/n2604 (net)                                1                   0.00       0.91 r
  pe_3_3/U2655/ZN (AOI21D2BWP30P140)                          0.02      0.01       0.92 f
  pe_3_3/n2788 (net)                                2                   0.00       0.92 f
  pe_3_3/U2656/ZN (ND3OPTPAD2BWP30P140)                       0.01      0.01       0.93 r
  pe_3_3/n2626 (net)                                1                   0.00       0.93 r
  pe_3_3/U2666/ZN (NR2D4BWP30P140)                            0.01      0.01       0.94 f
  pe_3_3/n2839 (net)                                4                   0.00       0.94 f
  pe_3_3/U2765/ZN (NR2D4BWP30P140)                            0.01      0.01       0.95 r
  pe_3_3/n2843 (net)                                2                   0.00       0.95 r
  pe_3_3/U28/ZN (ND2OPTPAD6BWP30P140)                         0.02      0.01       0.96 f
  pe_3_3/n2831 (net)                               10                   0.00       0.96 f
  pe_3_3/U1320/ZN (OAI21D4BWP30P140)                          0.02      0.02       0.97 r
  pe_3_3/n3004 (net)                               13                   0.00       0.97 r
  pe_3_3/U3010/ZN (IOA22D2BWP30P140)                          0.02      0.02       0.99 r
  pe_3_3/n3176 (net)                                1                   0.00       0.99 r
  pe_3_3/rf_9_bits_reg[9]/D (DFQD1BWP30P140)                  0.02      0.00       0.99 r
  data arrival time                                                                0.99

  clock ideal_clock1 (rise edge)                                        1.00       1.00
  clock network delay (ideal)                                           0.00       1.00
  pe_3_3/rf_9_bits_reg[9]/CP (DFQD1BWP30P140)                           0.00       1.00 r
  library setup time                                                   -0.01       0.99
  data required time                                                               0.99
  -------------------------------------------------------------------------------------------------------------
  data required time                                                               0.99
  data arrival time                                                               -0.99
  -------------------------------------------------------------------------------------------------------------
  slack (MET)                                                                      0.00


1
