Information: Updating design information... (UID-85)
Warning: Design 'SystolicArray' contains 1 high-fanout nets. A fanout number of 1000 will be used for delay calculations involving these nets. (TIM-134)
 
****************************************
Report : timing
        -path full
        -delay max
        -nets
        -max_paths 1
        -transition_time
Design : SystolicArray
Version: V-2023.12
Date   : Mon Apr  6 10:03:24 2026
****************************************

 # A fanout number of 1000 was used for high fanout net computations.

Operating Conditions: ffg0p99v0c   Library: tcbn28hpcplusbwp30p140ffg0p99v0c_ccs
Wire Load Model Mode: segmented

  Startpoint: pairs_5_4/left/regS_bits_reg[1]
              (rising edge-triggered flip-flop clocked by ideal_clock1)
  Endpoint: pairs_5_4/right/regS_bits_reg[15]
            (rising edge-triggered flip-flop clocked by ideal_clock1)
  Path Group: ideal_clock1
  Path Type: max

  Des/Clust/Port     Wire Load Model       Library
  ------------------------------------------------
  StripPair_104      ZeroWireload          tcbn28hpcplusbwp30p140ffg0p99v0c_ccs
  StripPair_96       ZeroWireload          tcbn28hpcplusbwp30p140ffg0p99v0c_ccs
  StripPair_88       ZeroWireload          tcbn28hpcplusbwp30p140ffg0p99v0c_ccs
  StripPair_80       ZeroWireload          tcbn28hpcplusbwp30p140ffg0p99v0c_ccs
  StripPair_72       ZeroWireload          tcbn28hpcplusbwp30p140ffg0p99v0c_ccs
  StripPair_64       ZeroWireload          tcbn28hpcplusbwp30p140ffg0p99v0c_ccs
  StripPair_56       ZeroWireload          tcbn28hpcplusbwp30p140ffg0p99v0c_ccs
  StripPair_48       ZeroWireload          tcbn28hpcplusbwp30p140ffg0p99v0c_ccs
  StripPair_40       ZeroWireload          tcbn28hpcplusbwp30p140ffg0p99v0c_ccs
  StripPair_32       ZeroWireload          tcbn28hpcplusbwp30p140ffg0p99v0c_ccs
  StripPair_24       ZeroWireload          tcbn28hpcplusbwp30p140ffg0p99v0c_ccs
  StripPair_16       ZeroWireload          tcbn28hpcplusbwp30p140ffg0p99v0c_ccs
  StripPair_8        ZeroWireload          tcbn28hpcplusbwp30p140ffg0p99v0c_ccs
  StripPair_0        ZeroWireload          tcbn28hpcplusbwp30p140ffg0p99v0c_ccs
  StripPair_126      ZeroWireload          tcbn28hpcplusbwp30p140ffg0p99v0c_ccs
  StripPair_125      ZeroWireload          tcbn28hpcplusbwp30p140ffg0p99v0c_ccs
  StripPair_124      ZeroWireload          tcbn28hpcplusbwp30p140ffg0p99v0c_ccs
  StripPair_123      ZeroWireload          tcbn28hpcplusbwp30p140ffg0p99v0c_ccs
  StripPair_122      ZeroWireload          tcbn28hpcplusbwp30p140ffg0p99v0c_ccs
  StripPair_121      ZeroWireload          tcbn28hpcplusbwp30p140ffg0p99v0c_ccs
  StripPair_118      ZeroWireload          tcbn28hpcplusbwp30p140ffg0p99v0c_ccs
  StripPair_117      ZeroWireload          tcbn28hpcplusbwp30p140ffg0p99v0c_ccs
  StripPair_116      ZeroWireload          tcbn28hpcplusbwp30p140ffg0p99v0c_ccs
  StripPair_115      ZeroWireload          tcbn28hpcplusbwp30p140ffg0p99v0c_ccs
  StripPair_114      ZeroWireload          tcbn28hpcplusbwp30p140ffg0p99v0c_ccs
  StripPair_113      ZeroWireload          tcbn28hpcplusbwp30p140ffg0p99v0c_ccs
  StripPair_111      ZeroWireload          tcbn28hpcplusbwp30p140ffg0p99v0c_ccs
  StripPair_110      ZeroWireload          tcbn28hpcplusbwp30p140ffg0p99v0c_ccs
  StripPair_109      ZeroWireload          tcbn28hpcplusbwp30p140ffg0p99v0c_ccs
  StripPair_108      ZeroWireload          tcbn28hpcplusbwp30p140ffg0p99v0c_ccs
  StripPair_107      ZeroWireload          tcbn28hpcplusbwp30p140ffg0p99v0c_ccs
  StripPair_106      ZeroWireload          tcbn28hpcplusbwp30p140ffg0p99v0c_ccs
  StripPair_105      ZeroWireload          tcbn28hpcplusbwp30p140ffg0p99v0c_ccs
  StripPair_103      ZeroWireload          tcbn28hpcplusbwp30p140ffg0p99v0c_ccs
  StripPair_102      ZeroWireload          tcbn28hpcplusbwp30p140ffg0p99v0c_ccs
  StripPair_101      ZeroWireload          tcbn28hpcplusbwp30p140ffg0p99v0c_ccs
  StripPair_100      ZeroWireload          tcbn28hpcplusbwp30p140ffg0p99v0c_ccs
  StripPair_99       ZeroWireload          tcbn28hpcplusbwp30p140ffg0p99v0c_ccs
  StripPair_98       ZeroWireload          tcbn28hpcplusbwp30p140ffg0p99v0c_ccs
  StripPair_97       ZeroWireload          tcbn28hpcplusbwp30p140ffg0p99v0c_ccs
  StripPair_95       ZeroWireload          tcbn28hpcplusbwp30p140ffg0p99v0c_ccs
  StripPair_94       ZeroWireload          tcbn28hpcplusbwp30p140ffg0p99v0c_ccs
  StripPair_93       ZeroWireload          tcbn28hpcplusbwp30p140ffg0p99v0c_ccs
  StripPair_92       ZeroWireload          tcbn28hpcplusbwp30p140ffg0p99v0c_ccs
  StripPair_91       ZeroWireload          tcbn28hpcplusbwp30p140ffg0p99v0c_ccs
  StripPair_90       ZeroWireload          tcbn28hpcplusbwp30p140ffg0p99v0c_ccs
  StripPair_89       ZeroWireload          tcbn28hpcplusbwp30p140ffg0p99v0c_ccs
  StripPair_87       ZeroWireload          tcbn28hpcplusbwp30p140ffg0p99v0c_ccs
  StripPair_86       ZeroWireload          tcbn28hpcplusbwp30p140ffg0p99v0c_ccs
  StripPair_85       ZeroWireload          tcbn28hpcplusbwp30p140ffg0p99v0c_ccs
  StripPair_84       ZeroWireload          tcbn28hpcplusbwp30p140ffg0p99v0c_ccs
  StripPair_83       ZeroWireload          tcbn28hpcplusbwp30p140ffg0p99v0c_ccs
  StripPair_82       ZeroWireload          tcbn28hpcplusbwp30p140ffg0p99v0c_ccs
  StripPair_81       ZeroWireload          tcbn28hpcplusbwp30p140ffg0p99v0c_ccs
  StripPair_79       ZeroWireload          tcbn28hpcplusbwp30p140ffg0p99v0c_ccs
  StripPair_78       ZeroWireload          tcbn28hpcplusbwp30p140ffg0p99v0c_ccs
  StripPair_77       ZeroWireload          tcbn28hpcplusbwp30p140ffg0p99v0c_ccs
  StripPair_76       ZeroWireload          tcbn28hpcplusbwp30p140ffg0p99v0c_ccs
  StripPair_75       ZeroWireload          tcbn28hpcplusbwp30p140ffg0p99v0c_ccs
  StripPair_74       ZeroWireload          tcbn28hpcplusbwp30p140ffg0p99v0c_ccs
  StripPair_73       ZeroWireload          tcbn28hpcplusbwp30p140ffg0p99v0c_ccs
  StripPair_71       ZeroWireload          tcbn28hpcplusbwp30p140ffg0p99v0c_ccs
  StripPair_70       ZeroWireload          tcbn28hpcplusbwp30p140ffg0p99v0c_ccs
  StripPair_69       ZeroWireload          tcbn28hpcplusbwp30p140ffg0p99v0c_ccs
  StripPair_68       ZeroWireload          tcbn28hpcplusbwp30p140ffg0p99v0c_ccs
  StripPair_67       ZeroWireload          tcbn28hpcplusbwp30p140ffg0p99v0c_ccs
  StripPair_66       ZeroWireload          tcbn28hpcplusbwp30p140ffg0p99v0c_ccs
  StripPair_65       ZeroWireload          tcbn28hpcplusbwp30p140ffg0p99v0c_ccs
  StripPair_63       ZeroWireload          tcbn28hpcplusbwp30p140ffg0p99v0c_ccs
  StripPair_62       ZeroWireload          tcbn28hpcplusbwp30p140ffg0p99v0c_ccs
  StripPair_61       ZeroWireload          tcbn28hpcplusbwp30p140ffg0p99v0c_ccs
  StripPair_60       ZeroWireload          tcbn28hpcplusbwp30p140ffg0p99v0c_ccs
  StripPair_59       ZeroWireload          tcbn28hpcplusbwp30p140ffg0p99v0c_ccs
  StripPair_58       ZeroWireload          tcbn28hpcplusbwp30p140ffg0p99v0c_ccs
  StripPair_57       ZeroWireload          tcbn28hpcplusbwp30p140ffg0p99v0c_ccs
  StripPair_55       ZeroWireload          tcbn28hpcplusbwp30p140ffg0p99v0c_ccs
  StripPair_54       ZeroWireload          tcbn28hpcplusbwp30p140ffg0p99v0c_ccs
  StripPair_53       ZeroWireload          tcbn28hpcplusbwp30p140ffg0p99v0c_ccs
  StripPair_52       ZeroWireload          tcbn28hpcplusbwp30p140ffg0p99v0c_ccs
  StripPair_51       ZeroWireload          tcbn28hpcplusbwp30p140ffg0p99v0c_ccs
  StripPair_50       ZeroWireload          tcbn28hpcplusbwp30p140ffg0p99v0c_ccs
  StripPair_49       ZeroWireload          tcbn28hpcplusbwp30p140ffg0p99v0c_ccs
  StripPair_47       ZeroWireload          tcbn28hpcplusbwp30p140ffg0p99v0c_ccs
  StripPair_46       ZeroWireload          tcbn28hpcplusbwp30p140ffg0p99v0c_ccs
  StripPair_45       ZeroWireload          tcbn28hpcplusbwp30p140ffg0p99v0c_ccs
  StripPair_44       ZeroWireload          tcbn28hpcplusbwp30p140ffg0p99v0c_ccs
  StripPair_43       ZeroWireload          tcbn28hpcplusbwp30p140ffg0p99v0c_ccs
  StripPair_42       ZeroWireload          tcbn28hpcplusbwp30p140ffg0p99v0c_ccs
  StripPair_41       ZeroWireload          tcbn28hpcplusbwp30p140ffg0p99v0c_ccs
  StripPair_39       ZeroWireload          tcbn28hpcplusbwp30p140ffg0p99v0c_ccs
  StripPair_38       ZeroWireload          tcbn28hpcplusbwp30p140ffg0p99v0c_ccs
  StripPair_37       ZeroWireload          tcbn28hpcplusbwp30p140ffg0p99v0c_ccs
  StripPair_36       ZeroWireload          tcbn28hpcplusbwp30p140ffg0p99v0c_ccs
  StripPair_35       ZeroWireload          tcbn28hpcplusbwp30p140ffg0p99v0c_ccs
  StripPair_34       ZeroWireload          tcbn28hpcplusbwp30p140ffg0p99v0c_ccs
  StripPair_33       ZeroWireload          tcbn28hpcplusbwp30p140ffg0p99v0c_ccs
  StripPair_31       ZeroWireload          tcbn28hpcplusbwp30p140ffg0p99v0c_ccs
  StripPair_30       ZeroWireload          tcbn28hpcplusbwp30p140ffg0p99v0c_ccs
  StripPair_29       ZeroWireload          tcbn28hpcplusbwp30p140ffg0p99v0c_ccs
  StripPair_28       ZeroWireload          tcbn28hpcplusbwp30p140ffg0p99v0c_ccs
  StripPair_27       ZeroWireload          tcbn28hpcplusbwp30p140ffg0p99v0c_ccs
  StripPair_26       ZeroWireload          tcbn28hpcplusbwp30p140ffg0p99v0c_ccs
  StripPair_25       ZeroWireload          tcbn28hpcplusbwp30p140ffg0p99v0c_ccs
  StripPair_23       ZeroWireload          tcbn28hpcplusbwp30p140ffg0p99v0c_ccs
  StripPair_22       ZeroWireload          tcbn28hpcplusbwp30p140ffg0p99v0c_ccs
  StripPair_21       ZeroWireload          tcbn28hpcplusbwp30p140ffg0p99v0c_ccs
  StripPair_20       ZeroWireload          tcbn28hpcplusbwp30p140ffg0p99v0c_ccs
  StripPair_19       ZeroWireload          tcbn28hpcplusbwp30p140ffg0p99v0c_ccs
  StripPair_18       ZeroWireload          tcbn28hpcplusbwp30p140ffg0p99v0c_ccs
  StripPair_17       ZeroWireload          tcbn28hpcplusbwp30p140ffg0p99v0c_ccs
  StripPair_15       ZeroWireload          tcbn28hpcplusbwp30p140ffg0p99v0c_ccs
  StripPair_14       ZeroWireload          tcbn28hpcplusbwp30p140ffg0p99v0c_ccs
  StripPair_13       ZeroWireload          tcbn28hpcplusbwp30p140ffg0p99v0c_ccs
  StripPair_12       ZeroWireload          tcbn28hpcplusbwp30p140ffg0p99v0c_ccs
  StripPair_11       ZeroWireload          tcbn28hpcplusbwp30p140ffg0p99v0c_ccs
  StripPair_10       ZeroWireload          tcbn28hpcplusbwp30p140ffg0p99v0c_ccs
  StripPair_9        ZeroWireload          tcbn28hpcplusbwp30p140ffg0p99v0c_ccs
  StripPair_7        ZeroWireload          tcbn28hpcplusbwp30p140ffg0p99v0c_ccs
  StripPair_6        ZeroWireload          tcbn28hpcplusbwp30p140ffg0p99v0c_ccs
  StripPair_5        ZeroWireload          tcbn28hpcplusbwp30p140ffg0p99v0c_ccs
  StripPair_4        ZeroWireload          tcbn28hpcplusbwp30p140ffg0p99v0c_ccs
  StripPair_3        ZeroWireload          tcbn28hpcplusbwp30p140ffg0p99v0c_ccs
  StripPair_2        ZeroWireload          tcbn28hpcplusbwp30p140ffg0p99v0c_ccs
  StripPair_1        ZeroWireload          tcbn28hpcplusbwp30p140ffg0p99v0c_ccs
  StripPair_112      ZeroWireload          tcbn28hpcplusbwp30p140ffg0p99v0c_ccs
  StripPair_119      ZeroWireload          tcbn28hpcplusbwp30p140ffg0p99v0c_ccs
  StripPair_120      ZeroWireload          tcbn28hpcplusbwp30p140ffg0p99v0c_ccs
  SystolicArray      ZeroWireload          tcbn28hpcplusbwp30p140ffg0p99v0c_ccs
  StripPair_127      ZeroWireload          tcbn28hpcplusbwp30p140ffg0p99v0c_ccs

Attributes:
    d - dont_touch
    u - dont_use
   mo - map_only
   so - size_only
    i - ideal_net or ideal_network
  inf - infeasible path

  Point                                                    Fanout     Trans      Incr       Path      Attributes
  ----------------------------------------------------------------------------------------------------------------------
  clock ideal_clock1 (rise edge)                                                 0.00       0.00
  clock network delay (ideal)                                                    0.00       0.00
  pairs_5_4/left/regS_bits_reg[1]/CP (DFQD1BWP30P140)                  0.00      0.00 #     0.00 r
  pairs_5_4/left/regS_bits_reg[1]/Q (DFQD1BWP30P140)                   0.01      0.04       0.04 f
  pairs_5_4/_left_io_outRightP_bits[1] (net)                 4                   0.00       0.04 f
  pairs_5_4/U60/ZN (NR4D0BWP30P140)                                    0.02      0.02       0.05 r
  pairs_5_4/n438 (net)                                       1                   0.00       0.05 r
  pairs_5_4/U1388/ZN (ND2D1BWP30P140)                                  0.01      0.01       0.06 f
  pairs_5_4/n439 (net)                                       1                   0.00       0.06 f
  pairs_5_4/U58/Z (OA21D2BWP30P140)                                    0.01      0.02       0.08 f
  pairs_5_4/n512 (net)                                       5                   0.00       0.08 f
  pairs_5_4/U54/ZN (OAI21D2BWP30P140)                                  0.02      0.01       0.09 r
  pairs_5_4/n3812 (net)                                      4                   0.00       0.09 r
  pairs_5_4/U518/CO (HA1D1BWP30P140)                                   0.01      0.02       0.11 r
  pairs_5_4/n468 (net)                                       1                   0.00       0.11 r
  pairs_5_4/U951/CO (FA1D2BWP30P140)                                   0.01      0.02       0.13 r
  pairs_5_4/n463 (net)                                       1                   0.00       0.13 r
  pairs_5_4/U1421/CO (FA1OPTCD2BWP30P140)                              0.01      0.01       0.14 r
  pairs_5_4/n459 (net)                                       2                   0.00       0.14 r
  pairs_5_4/U42/ZN (ND2D1BWP30P140)                                    0.01      0.01       0.15 f
  pairs_5_4/n338 (net)                                       1                   0.00       0.15 f
  pairs_5_4/U38/ZN (ND2D1BWP30P140)                                    0.01      0.01       0.16 r
  pairs_5_4/n492 (net)                                       1                   0.00       0.16 r
  pairs_5_4/U606/S (FA1OPTCD1BWP30P140)                                0.01      0.03       0.19 r
  pairs_5_4/n461 (net)                                       1                   0.00       0.19 r
  pairs_5_4/U74/Z (AN2D2BWP30P140)                                     0.01      0.02       0.21 r
  pairs_5_4/n732 (net)                                       4                   0.00       0.21 r
  pairs_5_4/U608/ZN (NR2OPTPAD1BWP30P140)                              0.01      0.01       0.21 f
  pairs_5_4/n491 (net)                                       1                   0.00       0.21 f
  pairs_5_4/U639/ZN (OAI21D2BWP30P140)                                 0.01      0.01       0.22 r
  pairs_5_4/n497 (net)                                       1                   0.00       0.22 r
  pairs_5_4/U1440/ZN (AOI21D2BWP30P140)                                0.02      0.01       0.23 f
  pairs_5_4/n502 (net)                                       3                   0.00       0.23 f
  pairs_5_4/U763/Z (BUFFD8BWP30P140)                                   0.02      0.02       0.25 f
  pairs_5_4/n3794 (net)                                     58                   0.00       0.25 f
  pairs_5_4/U1247/ZN (MUX2NUD1BWP30P140)                               0.02      0.02       0.28 f
  pairs_5_4/n398 (net)                                       2                   0.00       0.28 f
  pairs_5_4/U1444/Z (OR2D1BWP30P140)                                   0.01      0.02       0.29 f
  pairs_5_4/n519 (net)                                       1                   0.00       0.29 f
  pairs_5_4/U955/S (FA1OPTCD2BWP30P140)                                0.02      0.04       0.34 r
  pairs_5_4/n1054 (net)                                      7                   0.00       0.34 r
  pairs_5_4/U31/ZN (INVD2BWP30P140)                                    0.01      0.01       0.35 f
  pairs_5_4/n1126 (net)                                      7                   0.00       0.35 f
  pairs_5_4/U213/ZN (ND2OPTIBD2BWP30P140)                              0.02      0.01       0.36 r
  pairs_5_4/n1103 (net)                                     12                   0.00       0.36 r
  pairs_5_4/U30/ZN (INVD1BWP30P140)                                    0.03      0.02       0.38 f
  pairs_5_4/n1115 (net)                                     10                   0.00       0.38 f
  pairs_5_4/U1807/ZN (AOI21D1BWP30P140)                                0.01      0.02       0.40 r
  pairs_5_4/n996 (net)                                       1                   0.00       0.40 r
  pairs_5_4/U85/ZN (OAI211D1BWP30P140)                                 0.02      0.02       0.41 f
  pairs_5_4/n1138 (net)                                      2                   0.00       0.41 f
  pairs_5_4/U1809/ZN (OAI21D1BWP30P140)                                0.01      0.01       0.43 r
  pairs_5_4/n1000 (net)                                      1                   0.00       0.43 r
  pairs_5_4/U464/ZN (OAI21D1BWP30P140)                                 0.02      0.01       0.44 f
  pairs_5_4/n130 (net)                                       1                   0.00       0.44 f
  pairs_5_4/U858/Z (AO21D1BWP30P140)                                   0.01      0.02       0.46 f
  pairs_5_4/n1001 (net)                                      1                   0.00       0.46 f
  pairs_5_4/U1815/ZN (MUX2NUD1BWP30P140)                               0.01      0.01       0.47 r
  pairs_5_4/n1003 (net)                                      1                   0.00       0.47 r
  pairs_5_4/U628/ZN (INVD1BWP30P140)                                   0.01      0.01       0.47 f
  pairs_5_4/n36 (net)                                        1                   0.00       0.47 f
  pairs_5_4/U437/ZN (NR2OPTPAD1BWP30P140)                              0.01      0.01       0.48 r
  pairs_5_4/n1004 (net)                                      1                   0.00       0.48 r
  pairs_5_4/U1816/Z (XOR2UD1BWP30P140)                                 0.03      0.01       0.49 r
  pairs_5_4/n1265 (net)                                      2                   0.00       0.49 r
  pairs_5_4/U895/ZN (ND2OPTIBD2BWP30P140)                              0.01      0.01       0.50 f
  pairs_5_4/n1050 (net)                                      1                   0.00       0.50 f
  pairs_5_4/U426/ZN (NR2D2BWP30P140)                                   0.01      0.01       0.51 r
  pairs_5_4/n1242 (net)                                      2                   0.00       0.51 r
  pairs_5_4/U1908/ZN (AOI21D2BWP30P140)                                0.01      0.01       0.52 f
  pairs_5_4/n1239 (net)                                      2                   0.00       0.52 f
  pairs_5_4/U643/ZN (OAI21OPTREPBD2BWP30P140)                          0.02      0.01       0.53 r
  pairs_5_4/n1382 (net)                                      3                   0.00       0.53 r
  pairs_5_4/U25/ZN (AOI21D1BWP30P140)                                  0.02      0.01       0.55 f
  pairs_5_4/n236 (net)                                       1                   0.00       0.55 f
  pairs_5_4/U416/Z (XOR2UD1BWP30P140)                                  0.02      0.02       0.56 f
  pairs_5_4/n3167 (net)                                      3                   0.00       0.56 f
  pairs_5_4/U289/ZN (INVD0BWP30P140)                                   0.01      0.01       0.57 r
  pairs_5_4/n1226 (net)                                      1                   0.00       0.57 r
  pairs_5_4/U833/ZN (ND2D1BWP30P140)                                   0.01      0.01       0.58 f
  pairs_5_4/n1238 (net)                                      1                   0.00       0.58 f
  pairs_5_4/U954/ZN (NR2OPTPAD1BWP30P140)                              0.01      0.01       0.59 r
  pairs_5_4/n1293 (net)                                      1                   0.00       0.59 r
  pairs_5_4/U19/ZN (CKND2D3BWP30P140)                                  0.01      0.01       0.60 f
  pairs_5_4/n3125 (net)                                      2                   0.00       0.60 f
  pairs_5_4/U1175/ZN (NR2OPTPAD2BWP30P140)                             0.01      0.01       0.60 r
  pairs_5_4/n346 (net)                                       1                   0.00       0.60 r
  pairs_5_4/U876/Z (AN2D4BWP30P140)                                    0.01      0.02       0.62 r
  pairs_5_4/n3251 (net)                                      7                   0.00       0.62 r
  pairs_5_4/U896/ZN (ND2D2BWP30P140)                                   0.01      0.01       0.63 f
  pairs_5_4/n3135 (net)                                      1                   0.00       0.63 f
  pairs_5_4/U396/Z (XOR2UD1BWP30P140)                                  0.02      0.01       0.64 f
  pairs_5_4/n3136 (net)                                      1                   0.00       0.64 f
  pairs_5_4/U389/Z (MUX2OPTD2BWP30P140)                                0.01      0.02       0.66 f
  pairs_5_4/right/sharedMacOut_mac/l00OOO0l[20] (net)        6                   0.00       0.66 f
  pairs_5_4/U283/ZN (NR2D4BWP30P140)                                   0.01      0.01       0.67 r
  pairs_5_4/right/sharedMacOut_mac/U9/U1/enc_tree[1][1][24] (net)     2          0.00       0.67 r
  pairs_5_4/U166/ZN (ND2OPTIBD2BWP30P140)                              0.01      0.01       0.68 f
  pairs_5_4/n295 (net)                                       2                   0.00       0.68 f
  pairs_5_4/U113/ZN (INVD1BWP30P140)                                   0.01      0.01       0.69 r
  pairs_5_4/n289 (net)                                       1                   0.00       0.69 r
  pairs_5_4/U1111/ZN (OAI21D1BWP30P140)                                0.01      0.01       0.70 f
  pairs_5_4/n288 (net)                                       1                   0.00       0.70 f
  pairs_5_4/U637/ZN (ND2D2BWP30P140)                                   0.01      0.01       0.71 r
  pairs_5_4/n3320 (net)                                      3                   0.00       0.71 r
  pairs_5_4/U3512/Z (OR2D1BWP30P140)                                   0.01      0.01       0.72 r
  pairs_5_4/n3322 (net)                                      1                   0.00       0.72 r
  pairs_5_4/U627/ZN (AOI21D2BWP30P140)                                 0.01      0.01       0.73 f
  pairs_5_4/n35 (net)                                        1                   0.00       0.73 f
  pairs_5_4/U599/ZN (OAI21OPTREPBD2BWP30P140)                          0.01      0.01       0.74 r
  pairs_5_4/n3345 (net)                                      1                   0.00       0.74 r
  pairs_5_4/U1063/ZN (ND2D3BWP30P140)                                  0.01      0.01       0.75 f
  pairs_5_4/n344 (net)                                       1                   0.00       0.75 f
  pairs_5_4/U770/ZN (ND2D6BWP30P140)                                   0.01      0.01       0.76 r
  pairs_5_4/n3422 (net)                                      5                   0.00       0.76 r
  pairs_5_4/U995/ZN (MUX2NOPTD2BWP30P140)                              0.01      0.01       0.77 r
  pairs_5_4/n3348 (net)                                      1                   0.00       0.77 r
  pairs_5_4/U3528/Z (BUFFD6BWP30P140)                                  0.01      0.02       0.79 r
  pairs_5_4/n3539 (net)                                     15                   0.00       0.79 r
  pairs_5_4/U631/ZN (INVD3BWP30P140)                                   0.01      0.01       0.79 f
  pairs_5_4/n3355 (net)                                      3                   0.00       0.79 f
  pairs_5_4/U3619/ZN (MUX2ND0BWP30P140)                                0.02      0.02       0.81 f
  pairs_5_4/n3498 (net)                                      2                   0.00       0.81 f
  pairs_5_4/U161/ZN (INVD0BWP30P140)                                   0.02      0.02       0.83 r
  pairs_5_4/n3612 (net)                                      3                   0.00       0.83 r
  pairs_5_4/U3680/ZN (OAI22D1BWP30P140)                                0.02      0.02       0.84 f
  pairs_5_4/n3499 (net)                                      1                   0.00       0.84 f
  pairs_5_4/U1068/ZN (NR3D1P5BWP30P140)                                0.02      0.02       0.86 r
  pairs_5_4/n3700 (net)                                      3                   0.00       0.86 r
  pairs_5_4/U1089/ZN (ND2OPTIBD2BWP30P140)                             0.01      0.01       0.87 f
  pairs_5_4/n3726 (net)                                      4                   0.00       0.87 f
  pairs_5_4/U900/ZN (NR2D1BWP30P140)                                   0.01      0.01       0.88 r
  pairs_5_4/n3692 (net)                                      2                   0.00       0.88 r
  pairs_5_4/U350/ZN (INVD1BWP30P140)                                   0.01      0.01       0.88 f
  pairs_5_4/n3693 (net)                                      1                   0.00       0.88 f
  pairs_5_4/U899/ZN (INR2D2BWP30P140)                                  0.01      0.01       0.89 r
  pairs_5_4/n3747 (net)                                      3                   0.00       0.89 r
  pairs_5_4/U1091/ZN (ND2D1BWP30P140)                                  0.01      0.01       0.90 f
  pairs_5_4/n3696 (net)                                      1                   0.00       0.90 f
  pairs_5_4/U344/ZN (XNR2UD0BWP30P140)                                 0.02      0.01       0.91 f
  pairs_5_4/n3698 (net)                                      1                   0.00       0.91 f
  pairs_5_4/U1087/ZN (OAI22D1BWP30P140)                                0.02      0.01       0.93 r
  pairs_5_4/n3746 (net)                                      2                   0.00       0.93 r
  pairs_5_4/U905/ZN (NR4D1BWP30P140)                                   0.02      0.01       0.94 f
  pairs_5_4/n280 (net)                                       1                   0.00       0.94 f
  pairs_5_4/U342/ZN (ND2D2BWP30P140)                                   0.01      0.01       0.95 r
  pairs_5_4/n3765 (net)                                      3                   0.00       0.95 r
  pairs_5_4/U983/ZN (ND2OPTIBD4BWP30P140)                              0.01      0.01       0.96 f
  pairs_5_4/n349 (net)                                       3                   0.00       0.96 f
  pairs_5_4/U1177/ZN (ND2D1BWP30P140)                                  0.01      0.01       0.97 r
  pairs_5_4/n3826 (net)                                      1                   0.00       0.97 r
  pairs_5_4/U1066/ZN (OAI211D1BWP30P140)                               0.02      0.01       0.98 f
  pairs_5_4/n3833 (net)                                      1                   0.00       0.98 f
  pairs_5_4/U536/ZN (NR2D1BWP30P140)                                   0.01      0.01       0.99 r
  pairs_5_4/n3920 (net)                                      1                   0.00       0.99 r
  pairs_5_4/right/regS_bits_reg[15]/D (DFQD1BWP30P140)                 0.01      0.00       0.99 r
  data arrival time                                                                         0.99

  clock ideal_clock1 (rise edge)                                                 1.00       1.00
  clock network delay (ideal)                                                    0.00       1.00
  pairs_5_4/right/regS_bits_reg[15]/CP (DFQD1BWP30P140)                          0.00       1.00 r
  library setup time                                                            -0.01       0.99
  data required time                                                                        0.99
  ----------------------------------------------------------------------------------------------------------------------
  data required time                                                                        0.99
  data arrival time                                                                        -0.99
  ----------------------------------------------------------------------------------------------------------------------
  slack (MET)                                                                               0.00


1
