 
****************************************
Report : area
Design : FuseMax2DArray
Version: V-2023.12
Date   : Mon Apr  6 04:46:29 2026
****************************************

Library(s) Used:

    tcbn28hpcplusbwp30p140ffg0p99v0c_ccs (File: /hpc/Tech/TSMC/digital/N28/digital/Front_End/timing_power_noise/CCS/tcbn28hpcplusbwp30p140_180a/tcbn28hpcplusbwp30p140ffg0p99v0c_ccs.db)

Number of ports:                         7618
Number of nets:                        224699
Number of cells:                       207195
Number of combinational cells:         195867
Number of sequential cells:             11264
Number of macros/black boxes:               0
Number of buf/inv:                      38109
Number of references:                      64

Combinational area:             113604.119711
Buf/Inv area:                    10047.366142
Noncombinational area:           21942.773751
Macro/Black Box area:                0.000000
Net Interconnect area:      undefined  (Wire load has zero net area)

Total cell area:                135546.893461
Total area:                 undefined

Hierarchical area distribution
------------------------------

                                  Global cell area              Local cell area
                                  --------------------  ------------------------------- 
Hierarchical cell                 Absolute     Percent  Combi-       Noncombi-   Black-
                                  Total        Total    national     national    boxes   Design
--------------------------------  -----------  -------  -----------  ----------  ------  --------------
FuseMax2DArray                    135546.8935    100.0       0.0000      0.0000  0.0000  FuseMax2DArray
pe_0_0                              2095.0020      1.5    1747.6200    347.3820  0.0000  FuseMax2DPE_63
pe_0_1                              2107.0980      1.6    1767.5280    339.5700  0.0000  FuseMax2DPE_62
pe_0_2                              2124.9900      1.6    1781.7660    343.2240  0.0000  FuseMax2DPE_61
pe_0_3                              2136.0780      1.6    1789.5780    346.5000  0.0000  FuseMax2DPE_60
pe_0_4                              2094.3720      1.5    1746.8640    347.5080  0.0000  FuseMax2DPE_59
pe_0_5                              2093.7420      1.5    1754.6760    339.0660  0.0000  FuseMax2DPE_58
pe_0_6                              2135.9520      1.6    1790.4600    345.4920  0.0000  FuseMax2DPE_57
pe_0_7                              2109.6180      1.6    1766.6460    342.9720  0.0000  FuseMax2DPE_56
pe_1_0                              2096.8920      1.5    1749.2580    347.6340  0.0000  FuseMax2DPE_55
pe_1_1                              2115.4140      1.6    1775.8440    339.5700  0.0000  FuseMax2DPE_54
pe_1_2                              2092.4820      1.5    1745.9820    346.5000  0.0000  FuseMax2DPE_53
pe_1_3                              2112.2640      1.6    1770.6780    341.5860  0.0000  FuseMax2DPE_52
pe_1_4                              2097.3960      1.5    1756.3140    341.0820  0.0000  FuseMax2DPE_51
pe_1_5                              2088.3240      1.5    1745.1000    343.2240  0.0000  FuseMax2DPE_50
pe_1_6                              2098.4040      1.5    1750.8960    347.5080  0.0000  FuseMax2DPE_49
pe_1_7                              2110.1220      1.6    1765.7640    344.3580  0.0000  FuseMax2DPE_48
pe_2_0                              2131.5420      1.6    1777.1040    354.4380  0.0000  FuseMax2DPE_47
pe_2_1                              2113.5240      1.6    1774.7100    338.8140  0.0000  FuseMax2DPE_46
pe_2_2                              2113.9020      1.6    1767.4020    346.5000  0.0000  FuseMax2DPE_45
pe_2_3                              2102.8140      1.6    1751.6520    351.1620  0.0000  FuseMax2DPE_44
pe_2_4                              2108.3580      1.6    1761.8580    346.5000  0.0000  FuseMax2DPE_43
pe_2_5                              2122.4700      1.6    1775.8440    346.6260  0.0000  FuseMax2DPE_42
pe_2_6                              2117.1780      1.6    1774.3320    342.8460  0.0000  FuseMax2DPE_41
pe_2_7                              2105.3340      1.6    1767.7800    337.5540  0.0000  FuseMax2DPE_40
pe_3_0                              2101.4280      1.6    1748.7540    352.6740  0.0000  FuseMax2DPE_39
pe_3_1                              2104.7040      1.6    1765.5120    339.1920  0.0000  FuseMax2DPE_38
pe_3_2                              2099.5380      1.5    1757.7000    341.8380  0.0000  FuseMax2DPE_37
pe_3_3                              2119.0680      1.6    1778.6160    340.4520  0.0000  FuseMax2DPE_36
pe_3_4                              2125.9980      1.6    1780.8840    345.1140  0.0000  FuseMax2DPE_35
pe_3_5                              2114.1540      1.6    1763.3700    350.7840  0.0000  FuseMax2DPE_34
pe_3_6                              2106.7200      1.6    1772.6940    334.0260  0.0000  FuseMax2DPE_33
pe_3_7                              2092.6080      1.5    1742.8320    349.7760  0.0000  FuseMax2DPE_32
pe_4_0                              2106.2160      1.6    1757.1960    349.0200  0.0000  FuseMax2DPE_31
pe_4_1                              2110.1220      1.6    1764.6300    345.4920  0.0000  FuseMax2DPE_30
pe_4_2                              2105.8380      1.6    1762.2360    343.6020  0.0000  FuseMax2DPE_29
pe_4_3                              2096.0100      1.5    1760.4720    335.5380  0.0000  FuseMax2DPE_28
pe_4_4                              2112.8940      1.6    1772.3160    340.5780  0.0000  FuseMax2DPE_27
pe_4_5                              2109.3660      1.6    1775.5920    333.7740  0.0000  FuseMax2DPE_26
pe_4_6                              2098.0260      1.5    1749.3840    348.6420  0.0000  FuseMax2DPE_25
pe_4_7                              2101.1760      1.6    1752.1560    349.0200  0.0000  FuseMax2DPE_24
pe_5_0                              2095.0020      1.5    1748.8800    346.1220  0.0000  FuseMax2DPE_23
pe_5_1                              2100.1680      1.5    1766.8980    333.2700  0.0000  FuseMax2DPE_22
pe_5_2                              2100.6720      1.5    1759.2120    341.4600  0.0000  FuseMax2DPE_21
pe_5_3                              2110.5000      1.6    1763.7480    346.7520  0.0000  FuseMax2DPE_20
pe_5_4                              2109.4920      1.6    1766.5200    342.9720  0.0000  FuseMax2DPE_19
pe_5_5                              2100.0420      1.5    1761.1020    338.9400  0.0000  FuseMax2DPE_18
pe_5_6                              2110.2480      1.6    1761.6060    348.6420  0.0000  FuseMax2DPE_17
pe_5_7                              2112.8940      1.6    1771.1820    341.7120  0.0000  FuseMax2DPE_16
pe_6_0                              2108.8620      1.6    1759.8420    349.0200  0.0000  FuseMax2DPE_15
pe_6_1                              2113.7760      1.6    1772.0640    341.7120  0.0000  FuseMax2DPE_14
pe_6_2                              2101.1760      1.6    1757.1960    343.9800  0.0000  FuseMax2DPE_13
pe_6_3                              2097.7740      1.5    1756.3140    341.4600  0.0000  FuseMax2DPE_12
pe_6_4                              2112.1380      1.6    1762.6140    349.5240  0.0000  FuseMax2DPE_11
pe_6_5                              2128.6440      1.6    1779.7500    348.8940  0.0000  FuseMax2DPE_10
pe_6_6                              2109.3660      1.6    1767.1500    342.2160  0.0000  FuseMax2DPE_9
pe_6_7                              2114.7840      1.6    1764.1260    350.6580  0.0000  FuseMax2DPE_8
pe_7_0                              2171.8620      1.6    1838.0880    333.7740  0.0000  FuseMax2DPE_7
pe_7_1                              2182.8240      1.6    1849.8060    333.0180  0.0000  FuseMax2DPE_6
pe_7_2                              2173.2480      1.6    1840.4820    332.7660  0.0000  FuseMax2DPE_5
pe_7_3                              2178.4140      1.6    1845.6480    332.7660  0.0000  FuseMax2DPE_4
pe_7_4                              2199.3300      1.6    1865.8080    333.5220  0.0000  FuseMax2DPE_3
pe_7_5                              2196.8100      1.6    1862.9100    333.9000  0.0000  FuseMax2DPE_2
pe_7_6                              2188.2420      1.6    1855.4760    332.7660  0.0000  FuseMax2DPE_1
pe_7_7                              2203.4880      1.6    1867.6980    335.7900  0.0000  FuseMax2DPE_0
--------------------------------  -----------  -------  -----------  ----------  ------  --------------
Total                                                   113604.1197  21942.7738  0.0000

1
