 
****************************************
Report : area
Design : FuseMax2DArray
Version: V-2023.12
Date   : Mon Apr  6 13:46:29 2026
****************************************

Library(s) Used:

    tcbn28hpcplusbwp30p140ffg0p99v0c_ccs (File: /hpc/Tech/TSMC/digital/N28/digital/Front_End/timing_power_noise/CCS/tcbn28hpcplusbwp30p140_180a/tcbn28hpcplusbwp30p140ffg0p99v0c_ccs.db)

Number of ports:                        38402
Number of nets:                        985704
Number of cells:                       914894
Number of combinational cells:         865486
Number of sequential cells:             49152
Number of macros/black boxes:               0
Number of buf/inv:                     180861
Number of references:                     256

Combinational area:             492753.617295
Buf/Inv area:                    47503.008657
Noncombinational area:           95221.726812
Macro/Black Box area:                0.000000
Net Interconnect area:      undefined  (Wire load has zero net area)

Total cell area:                587975.344108
Total area:                 undefined

Hierarchical area distribution
------------------------------

                                  Global cell area              Local cell area
                                  --------------------  ------------------------------- 
Hierarchical cell                 Absolute     Percent  Combi-       Noncombi-   Black-
                                  Total        Total    national     national    boxes   Design
--------------------------------  -----------  -------  -----------  ----------  ------  ---------------
FuseMax2DArray                    587975.3441    100.0       0.0000      0.0000  0.0000  FuseMax2DArray
pe_0_0                              2311.8480      0.4    1939.8960    371.9520  0.0000  FuseMax2DPE_255
pe_0_1                              2302.0200      0.4    1931.8320    370.1880  0.0000  FuseMax2DPE_254
pe_0_10                             2319.1560      0.4    1947.8340    371.3220  0.0000  FuseMax2DPE_245
pe_0_11                             2301.7680      0.4    1926.6660    375.1020  0.0000  FuseMax2DPE_244
pe_0_12                             2304.2880      0.4    1932.3360    371.9520  0.0000  FuseMax2DPE_243
pe_0_13                             2305.4220      0.4    1932.2100    373.2120  0.0000  FuseMax2DPE_242
pe_0_14                             2293.7040      0.4    1922.7600    370.9440  0.0000  FuseMax2DPE_241
pe_0_15                             2282.7420      0.4    1910.6640    372.0780  0.0000  FuseMax2DPE_240
pe_0_2                              2295.9720      0.4    1922.3820    373.5900  0.0000  FuseMax2DPE_253
pe_0_3                              2309.9580      0.4    1937.1240    372.8340  0.0000  FuseMax2DPE_252
pe_0_4                              2286.1440      0.4    1914.0660    372.0780  0.0000  FuseMax2DPE_251
pe_0_5                              2313.1080      0.4    1940.0220    373.0860  0.0000  FuseMax2DPE_250
pe_0_6                              2298.7440      0.4    1927.1700    371.5740  0.0000  FuseMax2DPE_249
pe_0_7                              2301.6420      0.4    1928.8080    372.8340  0.0000  FuseMax2DPE_248
pe_0_8                              2298.3660      0.4    1926.0360    372.3300  0.0000  FuseMax2DPE_247
pe_0_9                              2312.3520      0.4    1939.1400    373.2120  0.0000  FuseMax2DPE_246
pe_10_0                             2308.1940      0.4    1937.6280    370.5660  0.0000  FuseMax2DPE_95
pe_10_1                             2306.5560      0.4    1933.9740    372.5820  0.0000  FuseMax2DPE_94
pe_10_10                            2295.0900      0.4    1922.5080    372.5820  0.0000  FuseMax2DPE_85
pe_10_11                            2305.0440      0.4    1931.8320    373.2120  0.0000  FuseMax2DPE_84
pe_10_12                            2308.6980      0.4    1939.3920    369.3060  0.0000  FuseMax2DPE_83
pe_10_13                            2314.1160      0.4    1940.2740    373.8420  0.0000  FuseMax2DPE_82
pe_10_14                            2268.5040      0.4    1895.6700    372.8340  0.0000  FuseMax2DPE_81
pe_10_15                            2299.2480      0.4    1930.6980    368.5500  0.0000  FuseMax2DPE_80
pe_10_2                             2286.0180      0.4    1913.6880    372.3300  0.0000  FuseMax2DPE_93
pe_10_3                             2309.3280      0.4    1938.0060    371.3220  0.0000  FuseMax2DPE_92
pe_10_4                             2296.3500      0.4    1924.1460    372.2040  0.0000  FuseMax2DPE_91
pe_10_5                             2279.5920      0.4    1905.4980    374.0940  0.0000  FuseMax2DPE_90
pe_10_6                             2295.9720      0.4    1922.5080    373.4640  0.0000  FuseMax2DPE_89
pe_10_7                             2295.0900      0.4    1920.4920    374.5980  0.0000  FuseMax2DPE_88
pe_10_8                             2287.9080      0.4    1913.9400    373.9680  0.0000  FuseMax2DPE_87
pe_10_9                             2273.0400      0.4    1899.4500    373.5900  0.0000  FuseMax2DPE_86
pe_11_0                             2290.8060      0.4    1916.8380    373.9680  0.0000  FuseMax2DPE_79
pe_11_1                             2306.9340      0.4    1935.3600    371.5740  0.0000  FuseMax2DPE_78
pe_11_10                            2293.8300      0.4    1923.5160    370.3140  0.0000  FuseMax2DPE_69
pe_11_11                            2289.7980      0.4    1915.3260    374.4720  0.0000  FuseMax2DPE_68
pe_11_12                            2307.3120      0.4    1936.9980    370.3140  0.0000  FuseMax2DPE_67
pe_11_13                            2302.9020      0.4    1933.8480    369.0540  0.0000  FuseMax2DPE_66
pe_11_14                            2317.1400      0.4    1945.8180    371.3220  0.0000  FuseMax2DPE_65
pe_11_15                            2310.9660      0.4    1937.8800    373.0860  0.0000  FuseMax2DPE_64
pe_11_2                             2303.6580      0.4    1931.0760    372.5820  0.0000  FuseMax2DPE_77
pe_11_3                             2305.1700      0.4    1930.3200    374.8500  0.0000  FuseMax2DPE_76
pe_11_4                             2308.4460      0.4    1935.6120    372.8340  0.0000  FuseMax2DPE_75
pe_11_5                             2305.2960      0.4    1933.0920    372.2040  0.0000  FuseMax2DPE_74
pe_11_6                             2299.3740      0.4    1926.0360    373.3380  0.0000  FuseMax2DPE_73
pe_11_7                             2306.5560      0.4    1934.1000    372.4560  0.0000  FuseMax2DPE_72
pe_11_8                             2304.5400      0.4    1929.9420    374.5980  0.0000  FuseMax2DPE_71
pe_11_9                             2289.5460      0.4    1915.5780    373.9680  0.0000  FuseMax2DPE_70
pe_12_0                             2284.6320      0.4    1912.1760    372.4560  0.0000  FuseMax2DPE_63
pe_12_1                             2302.5240      0.4    1931.0760    371.4480  0.0000  FuseMax2DPE_62
pe_12_10                            2297.7360      0.4    1924.3980    373.3380  0.0000  FuseMax2DPE_53
pe_12_11                            2283.3720      0.4    1908.9000    374.4720  0.0000  FuseMax2DPE_52
pe_12_12                            2315.8800      0.4    1943.5500    372.3300  0.0000  FuseMax2DPE_51
pe_12_13                            2304.6660      0.4    1934.2260    370.4400  0.0000  FuseMax2DPE_50
pe_12_14                            2304.2880      0.4    1930.9500    373.3380  0.0000  FuseMax2DPE_49
pe_12_15                            2296.8540      0.4    1926.0360    370.8180  0.0000  FuseMax2DPE_48
pe_12_2                             2313.9900      0.4    1941.0300    372.9600  0.0000  FuseMax2DPE_61
pe_12_3                             2305.8000      0.4    1931.7060    374.0940  0.0000  FuseMax2DPE_60
pe_12_4                             2292.8220      0.4    1920.1140    372.7080  0.0000  FuseMax2DPE_59
pe_12_5                             2285.8920      0.4    1919.4840    366.4080  0.0000  FuseMax2DPE_58
pe_12_6                             2310.0840      0.4    1938.1320    371.9520  0.0000  FuseMax2DPE_57
pe_12_7                             2310.4620      0.4    1939.0140    371.4480  0.0000  FuseMax2DPE_56
pe_12_8                             2299.6260      0.4    1929.1860    370.4400  0.0000  FuseMax2DPE_55
pe_12_9                             2300.0040      0.4    1929.5640    370.4400  0.0000  FuseMax2DPE_54
pe_13_0                             2314.4940      0.4    1941.7860    372.7080  0.0000  FuseMax2DPE_47
pe_13_1                             2275.9380      0.4    1903.6080    372.3300  0.0000  FuseMax2DPE_46
pe_13_10                            2302.6500      0.4    1927.2960    375.3540  0.0000  FuseMax2DPE_37
pe_13_11                            2308.6980      0.4    1935.4860    373.2120  0.0000  FuseMax2DPE_36
pe_13_12                            2310.7140      0.4    1937.8800    372.8340  0.0000  FuseMax2DPE_35
pe_13_13                            2298.1140      0.4    1925.7840    372.3300  0.0000  FuseMax2DPE_34
pe_13_14                            2290.9320      0.4    1919.4840    371.4480  0.0000  FuseMax2DPE_33
pe_13_15                            2301.8940      0.4    1928.4300    373.4640  0.0000  FuseMax2DPE_32
pe_13_2                             2277.1980      0.4    1904.6160    372.5820  0.0000  FuseMax2DPE_45
pe_13_3                             2300.1300      0.4    1926.9180    373.2120  0.0000  FuseMax2DPE_44
pe_13_4                             2314.9980      0.4    1941.6600    373.3380  0.0000  FuseMax2DPE_43
pe_13_5                             2305.2960      0.4    1932.5880    372.7080  0.0000  FuseMax2DPE_42
pe_13_6                             2298.2400      0.4    1929.6900    368.5500  0.0000  FuseMax2DPE_41
pe_13_7                             2313.7380      0.4    1941.0300    372.7080  0.0000  FuseMax2DPE_40
pe_13_8                             2305.9260      0.4    1934.9820    370.9440  0.0000  FuseMax2DPE_39
pe_13_9                             2317.3920      0.4    1944.6840    372.7080  0.0000  FuseMax2DPE_38
pe_14_0                             2299.6260      0.4    1928.3040    371.3220  0.0000  FuseMax2DPE_31
pe_14_1                             2295.5940      0.4    1921.2480    374.3460  0.0000  FuseMax2DPE_30
pe_14_10                            2290.6800      0.4    1916.7120    373.9680  0.0000  FuseMax2DPE_21
pe_14_11                            2306.4300      0.4    1932.7140    373.7160  0.0000  FuseMax2DPE_20
pe_14_12                            2287.5300      0.4    1912.8060    374.7240  0.0000  FuseMax2DPE_19
pe_14_13                            2309.9580      0.4    1939.6440    370.3140  0.0000  FuseMax2DPE_18
pe_14_14                            2310.3360      0.4    1937.3760    372.9600  0.0000  FuseMax2DPE_17
pe_14_15                            2297.8620      0.4    1930.1940    367.6680  0.0000  FuseMax2DPE_16
pe_14_2                             2284.2540      0.4    1910.9160    373.3380  0.0000  FuseMax2DPE_29
pe_14_3                             2285.8920      0.4    1913.4360    372.4560  0.0000  FuseMax2DPE_28
pe_14_4                             2330.7480      0.4    1954.6380    376.1100  0.0000  FuseMax2DPE_27
pe_14_5                             2304.0360      0.4    1931.3280    372.7080  0.0000  FuseMax2DPE_26
pe_14_6                             2278.7100      0.4    1904.8680    373.8420  0.0000  FuseMax2DPE_25
pe_14_7                             2308.6980      0.4    1934.7300    373.9680  0.0000  FuseMax2DPE_24
pe_14_8                             2308.5720      0.4    1938.7620    369.8100  0.0000  FuseMax2DPE_23
pe_14_9                             2289.7980      0.4    1916.0820    373.7160  0.0000  FuseMax2DPE_22
pe_15_0                             2257.4160      0.4    1894.4100    363.0060  0.0000  FuseMax2DPE_15
pe_15_1                             2240.2800      0.4    1876.7700    363.5100  0.0000  FuseMax2DPE_14
pe_15_10                            2295.3420      0.4    1931.5800    363.7620  0.0000  FuseMax2DPE_5
pe_15_11                            2263.7160      0.4    1898.9460    364.7700  0.0000  FuseMax2DPE_4
pe_15_12                            2254.0140      0.4    1889.1180    364.8960  0.0000  FuseMax2DPE_3
pe_15_13                            2266.7400      0.4    1898.4420    368.2980  0.0000  FuseMax2DPE_2
pe_15_14                            2270.3940      0.4    1901.7180    368.6760  0.0000  FuseMax2DPE_1
pe_15_15                            2300.1300      0.4    1929.8160    370.3140  0.0000  FuseMax2DPE_0
pe_15_2                             2260.3140      0.4    1890.6300    369.6840  0.0000  FuseMax2DPE_13
pe_15_3                             2249.1000      0.4    1884.2040    364.8960  0.0000  FuseMax2DPE_12
pe_15_4                             2252.3760      0.4    1884.2040    368.1720  0.0000  FuseMax2DPE_11
pe_15_5                             2250.2340      0.4    1879.0380    371.1960  0.0000  FuseMax2DPE_10
pe_15_6                             2265.6060      0.4    1897.9380    367.6680  0.0000  FuseMax2DPE_9
pe_15_7                             2256.4080      0.4    1890.3780    366.0300  0.0000  FuseMax2DPE_8
pe_15_8                             2269.7640      0.4    1906.1280    363.6360  0.0000  FuseMax2DPE_7
pe_15_9                             2276.6940      0.4    1912.5540    364.1400  0.0000  FuseMax2DPE_6
pe_1_0                              2311.9740      0.4    1938.7620    373.2120  0.0000  FuseMax2DPE_239
pe_1_1                              2278.2060      0.4    1904.7420    373.4640  0.0000  FuseMax2DPE_238
pe_1_10                             2316.8880      0.4    1945.1880    371.7000  0.0000  FuseMax2DPE_229
pe_1_11                             2285.8920      0.4    1917.7200    368.1720  0.0000  FuseMax2DPE_228
pe_1_12                             2271.7800      0.4    1899.0720    372.7080  0.0000  FuseMax2DPE_227
pe_1_13                             2296.8540      0.4    1924.5240    372.3300  0.0000  FuseMax2DPE_226
pe_1_14                             2317.3920      0.4    1946.1960    371.1960  0.0000  FuseMax2DPE_225
pe_1_15                             2304.4140      0.4    1932.4620    371.9520  0.0000  FuseMax2DPE_224
pe_1_2                              2308.0680      0.4    1937.5020    370.5660  0.0000  FuseMax2DPE_237
pe_1_3                              2325.9600      0.4    1953.2520    372.7080  0.0000  FuseMax2DPE_236
pe_1_4                              2287.7820      0.4    1915.3260    372.4560  0.0000  FuseMax2DPE_235
pe_1_5                              2281.1040      0.4    1908.1440    372.9600  0.0000  FuseMax2DPE_234
pe_1_6                              2314.7460      0.4    1942.5420    372.2040  0.0000  FuseMax2DPE_233
pe_1_7                              2298.3660      0.4    1926.0360    372.3300  0.0000  FuseMax2DPE_232
pe_1_8                              2299.5000      0.4    1928.9340    370.5660  0.0000  FuseMax2DPE_231
pe_1_9                              2280.2220      0.4    1907.6400    372.5820  0.0000  FuseMax2DPE_230
pe_2_0                              2286.2700      0.4    1913.3100    372.9600  0.0000  FuseMax2DPE_223
pe_2_1                              2290.3020      0.4    1915.5780    374.7240  0.0000  FuseMax2DPE_222
pe_2_10                             2293.3260      0.4    1922.2560    371.0700  0.0000  FuseMax2DPE_213
pe_2_11                             2300.2560      0.4    1926.4140    373.8420  0.0000  FuseMax2DPE_212
pe_2_12                             2296.2240      0.4    1921.5000    374.7240  0.0000  FuseMax2DPE_211
pe_2_13                             2304.5400      0.4    1932.3360    372.2040  0.0000  FuseMax2DPE_210
pe_2_14                             2283.1200      0.4    1909.1520    373.9680  0.0000  FuseMax2DPE_209
pe_2_15                             2303.1540      0.4    1935.2340    367.9200  0.0000  FuseMax2DPE_208
pe_2_2                              2302.3980      0.4    1930.4460    371.9520  0.0000  FuseMax2DPE_221
pe_2_3                              2302.5240      0.4    1932.8400    369.6840  0.0000  FuseMax2DPE_220
pe_2_4                              2293.7040      0.4    1920.8700    372.8340  0.0000  FuseMax2DPE_219
pe_2_5                              2314.4940      0.4    1941.1560    373.3380  0.0000  FuseMax2DPE_218
pe_2_6                              2279.4660      0.4    1905.2460    374.2200  0.0000  FuseMax2DPE_217
pe_2_7                              2280.9780      0.4    1906.5060    374.4720  0.0000  FuseMax2DPE_216
pe_2_8                              2307.3120      0.4    1934.9820    372.3300  0.0000  FuseMax2DPE_215
pe_2_9                              2296.2240      0.4    1923.8940    372.3300  0.0000  FuseMax2DPE_214
pe_3_0                              2312.4780      0.4    1937.8800    374.5980  0.0000  FuseMax2DPE_207
pe_3_1                              2280.4740      0.4    1905.8760    374.5980  0.0000  FuseMax2DPE_206
pe_3_10                             2299.6260      0.4    1927.1700    372.4560  0.0000  FuseMax2DPE_197
pe_3_11                             2284.7580      0.4    1910.5380    374.2200  0.0000  FuseMax2DPE_196
pe_3_12                             2287.5300      0.4    1918.7280    368.8020  0.0000  FuseMax2DPE_195
pe_3_13                             2291.6880      0.4    1924.7760    366.9120  0.0000  FuseMax2DPE_194
pe_3_14                             2281.7340      0.4    1907.8920    373.8420  0.0000  FuseMax2DPE_193
pe_3_15                             2307.9420      0.4    1936.7460    371.1960  0.0000  FuseMax2DPE_192
pe_3_2                              2283.4980      0.4    1910.6640    372.8340  0.0000  FuseMax2DPE_205
pe_3_3                              2290.5540      0.4    1915.5780    374.9760  0.0000  FuseMax2DPE_204
pe_3_4                              2306.5560      0.4    1938.3840    368.1720  0.0000  FuseMax2DPE_203
pe_3_5                              2311.4700      0.4    1937.6280    373.8420  0.0000  FuseMax2DPE_202
pe_3_6                              2328.7320      0.4    1960.4340    368.2980  0.0000  FuseMax2DPE_201
pe_3_7                              2278.3320      0.4    1905.7500    372.5820  0.0000  FuseMax2DPE_200
pe_3_8                              2288.0340      0.4    1913.0580    374.9760  0.0000  FuseMax2DPE_199
pe_3_9                              2311.2180      0.4    1938.5100    372.7080  0.0000  FuseMax2DPE_198
pe_4_0                              2302.5240      0.4    1927.6740    374.8500  0.0000  FuseMax2DPE_191
pe_4_1                              2310.2100      0.4    1936.9980    373.2120  0.0000  FuseMax2DPE_190
pe_4_10                             2290.0500      0.4    1917.8460    372.2040  0.0000  FuseMax2DPE_181
pe_4_11                             2293.4520      0.4    1921.1220    372.3300  0.0000  FuseMax2DPE_180
pe_4_12                             2305.5480      0.4    1931.9580    373.5900  0.0000  FuseMax2DPE_179
pe_4_13                             2305.0440      0.4    1933.8480    371.1960  0.0000  FuseMax2DPE_178
pe_4_14                             2311.7220      0.4    1940.1480    371.5740  0.0000  FuseMax2DPE_177
pe_4_15                             2302.3980      0.4    1930.9500    371.4480  0.0000  FuseMax2DPE_176
pe_4_2                              2303.4060      0.4    1931.0760    372.3300  0.0000  FuseMax2DPE_189
pe_4_3                              2284.5060      0.4    1911.7980    372.7080  0.0000  FuseMax2DPE_188
pe_4_4                              2298.1140      0.4    1922.3820    375.7320  0.0000  FuseMax2DPE_187
pe_4_5                              2310.7140      0.4    1943.4240    367.2900  0.0000  FuseMax2DPE_186
pe_4_6                              2308.5720      0.4    1937.2500    371.3220  0.0000  FuseMax2DPE_185
pe_4_7                              2303.5320      0.4    1930.5720    372.9600  0.0000  FuseMax2DPE_184
pe_4_8                              2281.3560      0.4    1906.0020    375.3540  0.0000  FuseMax2DPE_183
pe_4_9                              2287.5300      0.4    1912.4280    375.1020  0.0000  FuseMax2DPE_182
pe_5_0                              2298.6180      0.4    1926.4140    372.2040  0.0000  FuseMax2DPE_175
pe_5_1                              2296.4760      0.4    1924.5240    371.9520  0.0000  FuseMax2DPE_174
pe_5_10                             2298.7440      0.4    1925.2800    373.4640  0.0000  FuseMax2DPE_165
pe_5_11                             2299.2480      0.4    1924.2720    374.9760  0.0000  FuseMax2DPE_164
pe_5_12                             2304.6660      0.4    1932.5880    372.0780  0.0000  FuseMax2DPE_163
pe_5_13                             2289.6720      0.4    1916.2080    373.4640  0.0000  FuseMax2DPE_162
pe_5_14                             2310.8400      0.4    1938.7620    372.0780  0.0000  FuseMax2DPE_161
pe_5_15                             2307.8160      0.4    1938.7620    369.0540  0.0000  FuseMax2DPE_160
pe_5_2                              2299.6260      0.4    1928.8080    370.8180  0.0000  FuseMax2DPE_173
pe_5_3                              2291.1840      0.4    1917.0900    374.0940  0.0000  FuseMax2DPE_172
pe_5_4                              2301.6420      0.4    1929.5640    372.0780  0.0000  FuseMax2DPE_171
pe_5_5                              2304.4140      0.4    1931.4540    372.9600  0.0000  FuseMax2DPE_170
pe_5_6                              2298.1140      0.4    1926.2880    371.8260  0.0000  FuseMax2DPE_169
pe_5_7                              2294.0820      0.4    1920.1140    373.9680  0.0000  FuseMax2DPE_168
pe_5_8                              2305.6740      0.4    1932.4620    373.2120  0.0000  FuseMax2DPE_167
pe_5_9                              2284.3800      0.4    1911.7980    372.5820  0.0000  FuseMax2DPE_166
pe_6_0                              2312.9820      0.4    1942.0380    370.9440  0.0000  FuseMax2DPE_159
pe_6_1                              2280.7260      0.4    1908.0180    372.7080  0.0000  FuseMax2DPE_158
pe_6_10                             2297.3580      0.4    1922.7600    374.5980  0.0000  FuseMax2DPE_149
pe_6_11                             2307.3120      0.4    1935.1080    372.2040  0.0000  FuseMax2DPE_148
pe_6_12                             2300.6340      0.4    1928.3040    372.3300  0.0000  FuseMax2DPE_147
pe_6_13                             2297.6100      0.4    1924.9020    372.7080  0.0000  FuseMax2DPE_146
pe_6_14                             2304.9180      0.4    1929.6900    375.2280  0.0000  FuseMax2DPE_145
pe_6_15                             2291.6880      0.4    1918.9800    372.7080  0.0000  FuseMax2DPE_144
pe_6_2                              2279.4660      0.4    1907.3880    372.0780  0.0000  FuseMax2DPE_157
pe_6_3                              2301.8940      0.4    1928.4300    373.4640  0.0000  FuseMax2DPE_156
pe_6_4                              2288.0340      0.4    1917.9720    370.0620  0.0000  FuseMax2DPE_155
pe_6_5                              2304.0360      0.4    1931.4540    372.5820  0.0000  FuseMax2DPE_154
pe_6_6                              2285.7660      0.4    1913.1840    372.5820  0.0000  FuseMax2DPE_153
pe_6_7                              2277.9540      0.4    1905.2460    372.7080  0.0000  FuseMax2DPE_152
pe_6_8                              2287.5300      0.4    1919.7360    367.7940  0.0000  FuseMax2DPE_151
pe_6_9                              2288.6640      0.4    1919.3580    369.3060  0.0000  FuseMax2DPE_150
pe_7_0                              2296.3500      0.4    1927.0440    369.3060  0.0000  FuseMax2DPE_143
pe_7_1                              2302.2720      0.4    1928.0520    374.2200  0.0000  FuseMax2DPE_142
pe_7_10                             2304.0360      0.4    1936.1160    367.9200  0.0000  FuseMax2DPE_133
pe_7_11                             2293.4520      0.4    1920.4920    372.9600  0.0000  FuseMax2DPE_132
pe_7_12                             2290.9320      0.4    1920.6180    370.3140  0.0000  FuseMax2DPE_131
pe_7_13                             2292.5700      0.4    1921.8780    370.6920  0.0000  FuseMax2DPE_130
pe_7_14                             2309.8320      0.4    1942.6680    367.1640  0.0000  FuseMax2DPE_129
pe_7_15                             2307.0600      0.4    1939.0140    368.0460  0.0000  FuseMax2DPE_128
pe_7_2                              2308.8240      0.4    1936.7460    372.0780  0.0000  FuseMax2DPE_141
pe_7_3                              2289.4200      0.4    1920.7440    368.6760  0.0000  FuseMax2DPE_140
pe_7_4                              2304.2880      0.4    1931.0760    373.2120  0.0000  FuseMax2DPE_139
pe_7_5                              2278.8360      0.4    1905.8760    372.9600  0.0000  FuseMax2DPE_138
pe_7_6                              2292.3180      0.4    1921.7520    370.5660  0.0000  FuseMax2DPE_137
pe_7_7                              2295.4680      0.4    1922.6340    372.8340  0.0000  FuseMax2DPE_136
pe_7_8                              2305.2960      0.4    1934.3520    370.9440  0.0000  FuseMax2DPE_135
pe_7_9                              2305.1700      0.4    1934.9820    370.1880  0.0000  FuseMax2DPE_134
pe_8_0                              2283.4980      0.4    1908.2700    375.2280  0.0000  FuseMax2DPE_127
pe_8_1                              2283.8760      0.4    1911.7980    372.0780  0.0000  FuseMax2DPE_126
pe_8_10                             2295.8460      0.4    1923.6420    372.2040  0.0000  FuseMax2DPE_117
pe_8_11                             2305.6740      0.4    1929.3120    376.3620  0.0000  FuseMax2DPE_116
pe_8_12                             2273.4180      0.4    1901.4660    371.9520  0.0000  FuseMax2DPE_115
pe_8_13                             2293.4520      0.4    1921.1220    372.3300  0.0000  FuseMax2DPE_114
pe_8_14                             2316.1320      0.4    1942.6680    373.4640  0.0000  FuseMax2DPE_113
pe_8_15                             2305.1700      0.4    1935.2340    369.9360  0.0000  FuseMax2DPE_112
pe_8_2                              2288.0340      0.4    1913.3100    374.7240  0.0000  FuseMax2DPE_125
pe_8_3                              2296.6020      0.4    1925.1540    371.4480  0.0000  FuseMax2DPE_124
pe_8_4                              2301.3900      0.4    1927.5480    373.8420  0.0000  FuseMax2DPE_123
pe_8_5                              2297.3580      0.4    1927.4220    369.9360  0.0000  FuseMax2DPE_122
pe_8_6                              2301.3900      0.4    1926.4140    374.9760  0.0000  FuseMax2DPE_121
pe_8_7                              2277.9540      0.4    1908.0180    369.9360  0.0000  FuseMax2DPE_120
pe_8_8                              2325.4560      0.4    1953.5040    371.9520  0.0000  FuseMax2DPE_119
pe_8_9                              2309.2020      0.4    1935.9900    373.2120  0.0000  FuseMax2DPE_118
pe_9_0                              2315.2500      0.4    1942.1640    373.0860  0.0000  FuseMax2DPE_111
pe_9_1                              2294.4600      0.4    1921.5000    372.9600  0.0000  FuseMax2DPE_110
pe_9_10                             2301.8940      0.4    1927.9260    373.9680  0.0000  FuseMax2DPE_101
pe_9_11                             2301.6420      0.4    1928.9340    372.7080  0.0000  FuseMax2DPE_100
pe_9_12                             2292.3180      0.4    1918.3500    373.9680  0.0000  FuseMax2DPE_99
pe_9_13                             2292.9480      0.4    1918.8540    374.0940  0.0000  FuseMax2DPE_98
pe_9_14                             2313.9900      0.4    1941.1560    372.8340  0.0000  FuseMax2DPE_97
pe_9_15                             2309.9580      0.4    1938.2580    371.7000  0.0000  FuseMax2DPE_96
pe_9_2                              2292.3180      0.4    1920.9960    371.3220  0.0000  FuseMax2DPE_109
pe_9_3                              2306.4300      0.4    1932.2100    374.2200  0.0000  FuseMax2DPE_108
pe_9_4                              2306.1780      0.4    1934.2260    371.9520  0.0000  FuseMax2DPE_107
pe_9_5                              2309.8320      0.4    1937.7540    372.0780  0.0000  FuseMax2DPE_106
pe_9_6                              2304.1620      0.4    1932.2100    371.9520  0.0000  FuseMax2DPE_105
pe_9_7                              2295.8460      0.4    1924.3980    371.4480  0.0000  FuseMax2DPE_104
pe_9_8                              2305.5480      0.4    1932.7140    372.8340  0.0000  FuseMax2DPE_103
pe_9_9                              2282.9940      0.4    1910.1600    372.8340  0.0000  FuseMax2DPE_102
--------------------------------  -----------  -------  -----------  ----------  ------  ---------------
Total                                                   492753.6173  95221.7268  0.0000

1
