Information: Updating design information... (UID-85)
Warning: Design 'FuseMax2DArray' contains 2 high-fanout nets. A fanout number of 1000 will be used for delay calculations involving these nets. (TIM-134)
 
****************************************
Report : timing
        -path full
        -delay max
        -nets
        -max_paths 1
        -transition_time
Design : FuseMax2DArray
Version: V-2023.12
Date   : Mon Apr  6 13:46:29 2026
****************************************

 # A fanout number of 1000 was used for high fanout net computations.

Operating Conditions: ffg0p99v0c   Library: tcbn28hpcplusbwp30p140ffg0p99v0c_ccs
Wire Load Model Mode: segmented

  Startpoint: pe_13_8/northReg_bits_reg[10]
              (rising edge-triggered flip-flop clocked by ideal_clock1)
  Endpoint: pe_14_8/northReg_bits_reg[4]
            (rising edge-triggered flip-flop clocked by ideal_clock1)
  Path Group: ideal_clock1
  Path Type: max

  Des/Clust/Port     Wire Load Model       Library
  ------------------------------------------------
  FuseMax2DPE_254    ZeroWireload          tcbn28hpcplusbwp30p140ffg0p99v0c_ccs
  FuseMax2DPE_253    ZeroWireload          tcbn28hpcplusbwp30p140ffg0p99v0c_ccs
  FuseMax2DPE_252    ZeroWireload          tcbn28hpcplusbwp30p140ffg0p99v0c_ccs
  FuseMax2DPE_251    ZeroWireload          tcbn28hpcplusbwp30p140ffg0p99v0c_ccs
  FuseMax2DPE_250    ZeroWireload          tcbn28hpcplusbwp30p140ffg0p99v0c_ccs
  FuseMax2DPE_249    ZeroWireload          tcbn28hpcplusbwp30p140ffg0p99v0c_ccs
  FuseMax2DPE_248    ZeroWireload          tcbn28hpcplusbwp30p140ffg0p99v0c_ccs
  FuseMax2DPE_247    ZeroWireload          tcbn28hpcplusbwp30p140ffg0p99v0c_ccs
  FuseMax2DPE_246    ZeroWireload          tcbn28hpcplusbwp30p140ffg0p99v0c_ccs
  FuseMax2DPE_245    ZeroWireload          tcbn28hpcplusbwp30p140ffg0p99v0c_ccs
  FuseMax2DPE_244    ZeroWireload          tcbn28hpcplusbwp30p140ffg0p99v0c_ccs
  FuseMax2DPE_243    ZeroWireload          tcbn28hpcplusbwp30p140ffg0p99v0c_ccs
  FuseMax2DPE_242    ZeroWireload          tcbn28hpcplusbwp30p140ffg0p99v0c_ccs
  FuseMax2DPE_241    ZeroWireload          tcbn28hpcplusbwp30p140ffg0p99v0c_ccs
  FuseMax2DPE_239    ZeroWireload          tcbn28hpcplusbwp30p140ffg0p99v0c_ccs
  FuseMax2DPE_238    ZeroWireload          tcbn28hpcplusbwp30p140ffg0p99v0c_ccs
  FuseMax2DPE_237    ZeroWireload          tcbn28hpcplusbwp30p140ffg0p99v0c_ccs
  FuseMax2DPE_236    ZeroWireload          tcbn28hpcplusbwp30p140ffg0p99v0c_ccs
  FuseMax2DPE_235    ZeroWireload          tcbn28hpcplusbwp30p140ffg0p99v0c_ccs
  FuseMax2DPE_234    ZeroWireload          tcbn28hpcplusbwp30p140ffg0p99v0c_ccs
  FuseMax2DPE_233    ZeroWireload          tcbn28hpcplusbwp30p140ffg0p99v0c_ccs
  FuseMax2DPE_232    ZeroWireload          tcbn28hpcplusbwp30p140ffg0p99v0c_ccs
  FuseMax2DPE_231    ZeroWireload          tcbn28hpcplusbwp30p140ffg0p99v0c_ccs
  FuseMax2DPE_230    ZeroWireload          tcbn28hpcplusbwp30p140ffg0p99v0c_ccs
  FuseMax2DPE_229    ZeroWireload          tcbn28hpcplusbwp30p140ffg0p99v0c_ccs
  FuseMax2DPE_228    ZeroWireload          tcbn28hpcplusbwp30p140ffg0p99v0c_ccs
  FuseMax2DPE_227    ZeroWireload          tcbn28hpcplusbwp30p140ffg0p99v0c_ccs
  FuseMax2DPE_226    ZeroWireload          tcbn28hpcplusbwp30p140ffg0p99v0c_ccs
  FuseMax2DPE_225    ZeroWireload          tcbn28hpcplusbwp30p140ffg0p99v0c_ccs
  FuseMax2DPE_223    ZeroWireload          tcbn28hpcplusbwp30p140ffg0p99v0c_ccs
  FuseMax2DPE_222    ZeroWireload          tcbn28hpcplusbwp30p140ffg0p99v0c_ccs
  FuseMax2DPE_221    ZeroWireload          tcbn28hpcplusbwp30p140ffg0p99v0c_ccs
  FuseMax2DPE_220    ZeroWireload          tcbn28hpcplusbwp30p140ffg0p99v0c_ccs
  FuseMax2DPE_219    ZeroWireload          tcbn28hpcplusbwp30p140ffg0p99v0c_ccs
  FuseMax2DPE_218    ZeroWireload          tcbn28hpcplusbwp30p140ffg0p99v0c_ccs
  FuseMax2DPE_217    ZeroWireload          tcbn28hpcplusbwp30p140ffg0p99v0c_ccs
  FuseMax2DPE_216    ZeroWireload          tcbn28hpcplusbwp30p140ffg0p99v0c_ccs
  FuseMax2DPE_215    ZeroWireload          tcbn28hpcplusbwp30p140ffg0p99v0c_ccs
  FuseMax2DPE_214    ZeroWireload          tcbn28hpcplusbwp30p140ffg0p99v0c_ccs
  FuseMax2DPE_213    ZeroWireload          tcbn28hpcplusbwp30p140ffg0p99v0c_ccs
  FuseMax2DPE_212    ZeroWireload          tcbn28hpcplusbwp30p140ffg0p99v0c_ccs
  FuseMax2DPE_211    ZeroWireload          tcbn28hpcplusbwp30p140ffg0p99v0c_ccs
  FuseMax2DPE_210    ZeroWireload          tcbn28hpcplusbwp30p140ffg0p99v0c_ccs
  FuseMax2DPE_209    ZeroWireload          tcbn28hpcplusbwp30p140ffg0p99v0c_ccs
  FuseMax2DPE_207    ZeroWireload          tcbn28hpcplusbwp30p140ffg0p99v0c_ccs
  FuseMax2DPE_206    ZeroWireload          tcbn28hpcplusbwp30p140ffg0p99v0c_ccs
  FuseMax2DPE_205    ZeroWireload          tcbn28hpcplusbwp30p140ffg0p99v0c_ccs
  FuseMax2DPE_204    ZeroWireload          tcbn28hpcplusbwp30p140ffg0p99v0c_ccs
  FuseMax2DPE_203    ZeroWireload          tcbn28hpcplusbwp30p140ffg0p99v0c_ccs
  FuseMax2DPE_202    ZeroWireload          tcbn28hpcplusbwp30p140ffg0p99v0c_ccs
  FuseMax2DPE_201    ZeroWireload          tcbn28hpcplusbwp30p140ffg0p99v0c_ccs
  FuseMax2DPE_200    ZeroWireload          tcbn28hpcplusbwp30p140ffg0p99v0c_ccs
  FuseMax2DPE_199    ZeroWireload          tcbn28hpcplusbwp30p140ffg0p99v0c_ccs
  FuseMax2DPE_198    ZeroWireload          tcbn28hpcplusbwp30p140ffg0p99v0c_ccs
  FuseMax2DPE_197    ZeroWireload          tcbn28hpcplusbwp30p140ffg0p99v0c_ccs
  FuseMax2DPE_196    ZeroWireload          tcbn28hpcplusbwp30p140ffg0p99v0c_ccs
  FuseMax2DPE_195    ZeroWireload          tcbn28hpcplusbwp30p140ffg0p99v0c_ccs
  FuseMax2DPE_194    ZeroWireload          tcbn28hpcplusbwp30p140ffg0p99v0c_ccs
  FuseMax2DPE_193    ZeroWireload          tcbn28hpcplusbwp30p140ffg0p99v0c_ccs
  FuseMax2DPE_191    ZeroWireload          tcbn28hpcplusbwp30p140ffg0p99v0c_ccs
  FuseMax2DPE_190    ZeroWireload          tcbn28hpcplusbwp30p140ffg0p99v0c_ccs
  FuseMax2DPE_189    ZeroWireload          tcbn28hpcplusbwp30p140ffg0p99v0c_ccs
  FuseMax2DPE_188    ZeroWireload          tcbn28hpcplusbwp30p140ffg0p99v0c_ccs
  FuseMax2DPE_187    ZeroWireload          tcbn28hpcplusbwp30p140ffg0p99v0c_ccs
  FuseMax2DPE_186    ZeroWireload          tcbn28hpcplusbwp30p140ffg0p99v0c_ccs
  FuseMax2DPE_185    ZeroWireload          tcbn28hpcplusbwp30p140ffg0p99v0c_ccs
  FuseMax2DPE_184    ZeroWireload          tcbn28hpcplusbwp30p140ffg0p99v0c_ccs
  FuseMax2DPE_183    ZeroWireload          tcbn28hpcplusbwp30p140ffg0p99v0c_ccs
  FuseMax2DPE_182    ZeroWireload          tcbn28hpcplusbwp30p140ffg0p99v0c_ccs
  FuseMax2DPE_181    ZeroWireload          tcbn28hpcplusbwp30p140ffg0p99v0c_ccs
  FuseMax2DPE_180    ZeroWireload          tcbn28hpcplusbwp30p140ffg0p99v0c_ccs
  FuseMax2DPE_179    ZeroWireload          tcbn28hpcplusbwp30p140ffg0p99v0c_ccs
  FuseMax2DPE_178    ZeroWireload          tcbn28hpcplusbwp30p140ffg0p99v0c_ccs
  FuseMax2DPE_177    ZeroWireload          tcbn28hpcplusbwp30p140ffg0p99v0c_ccs
  FuseMax2DPE_175    ZeroWireload          tcbn28hpcplusbwp30p140ffg0p99v0c_ccs
  FuseMax2DPE_174    ZeroWireload          tcbn28hpcplusbwp30p140ffg0p99v0c_ccs
  FuseMax2DPE_173    ZeroWireload          tcbn28hpcplusbwp30p140ffg0p99v0c_ccs
  FuseMax2DPE_172    ZeroWireload          tcbn28hpcplusbwp30p140ffg0p99v0c_ccs
  FuseMax2DPE_171    ZeroWireload          tcbn28hpcplusbwp30p140ffg0p99v0c_ccs
  FuseMax2DPE_170    ZeroWireload          tcbn28hpcplusbwp30p140ffg0p99v0c_ccs
  FuseMax2DPE_169    ZeroWireload          tcbn28hpcplusbwp30p140ffg0p99v0c_ccs
  FuseMax2DPE_168    ZeroWireload          tcbn28hpcplusbwp30p140ffg0p99v0c_ccs
  FuseMax2DPE_167    ZeroWireload          tcbn28hpcplusbwp30p140ffg0p99v0c_ccs
  FuseMax2DPE_166    ZeroWireload          tcbn28hpcplusbwp30p140ffg0p99v0c_ccs
  FuseMax2DPE_165    ZeroWireload          tcbn28hpcplusbwp30p140ffg0p99v0c_ccs
  FuseMax2DPE_164    ZeroWireload          tcbn28hpcplusbwp30p140ffg0p99v0c_ccs
  FuseMax2DPE_163    ZeroWireload          tcbn28hpcplusbwp30p140ffg0p99v0c_ccs
  FuseMax2DPE_162    ZeroWireload          tcbn28hpcplusbwp30p140ffg0p99v0c_ccs
  FuseMax2DPE_161    ZeroWireload          tcbn28hpcplusbwp30p140ffg0p99v0c_ccs
  FuseMax2DPE_159    ZeroWireload          tcbn28hpcplusbwp30p140ffg0p99v0c_ccs
  FuseMax2DPE_158    ZeroWireload          tcbn28hpcplusbwp30p140ffg0p99v0c_ccs
  FuseMax2DPE_157    ZeroWireload          tcbn28hpcplusbwp30p140ffg0p99v0c_ccs
  FuseMax2DPE_156    ZeroWireload          tcbn28hpcplusbwp30p140ffg0p99v0c_ccs
  FuseMax2DPE_155    ZeroWireload          tcbn28hpcplusbwp30p140ffg0p99v0c_ccs
  FuseMax2DPE_154    ZeroWireload          tcbn28hpcplusbwp30p140ffg0p99v0c_ccs
  FuseMax2DPE_153    ZeroWireload          tcbn28hpcplusbwp30p140ffg0p99v0c_ccs
  FuseMax2DPE_152    ZeroWireload          tcbn28hpcplusbwp30p140ffg0p99v0c_ccs
  FuseMax2DPE_151    ZeroWireload          tcbn28hpcplusbwp30p140ffg0p99v0c_ccs
  FuseMax2DPE_150    ZeroWireload          tcbn28hpcplusbwp30p140ffg0p99v0c_ccs
  FuseMax2DPE_149    ZeroWireload          tcbn28hpcplusbwp30p140ffg0p99v0c_ccs
  FuseMax2DPE_148    ZeroWireload          tcbn28hpcplusbwp30p140ffg0p99v0c_ccs
  FuseMax2DPE_147    ZeroWireload          tcbn28hpcplusbwp30p140ffg0p99v0c_ccs
  FuseMax2DPE_146    ZeroWireload          tcbn28hpcplusbwp30p140ffg0p99v0c_ccs
  FuseMax2DPE_145    ZeroWireload          tcbn28hpcplusbwp30p140ffg0p99v0c_ccs
  FuseMax2DPE_143    ZeroWireload          tcbn28hpcplusbwp30p140ffg0p99v0c_ccs
  FuseMax2DPE_142    ZeroWireload          tcbn28hpcplusbwp30p140ffg0p99v0c_ccs
  FuseMax2DPE_141    ZeroWireload          tcbn28hpcplusbwp30p140ffg0p99v0c_ccs
  FuseMax2DPE_140    ZeroWireload          tcbn28hpcplusbwp30p140ffg0p99v0c_ccs
  FuseMax2DPE_139    ZeroWireload          tcbn28hpcplusbwp30p140ffg0p99v0c_ccs
  FuseMax2DPE_138    ZeroWireload          tcbn28hpcplusbwp30p140ffg0p99v0c_ccs
  FuseMax2DPE_137    ZeroWireload          tcbn28hpcplusbwp30p140ffg0p99v0c_ccs
  FuseMax2DPE_136    ZeroWireload          tcbn28hpcplusbwp30p140ffg0p99v0c_ccs
  FuseMax2DPE_135    ZeroWireload          tcbn28hpcplusbwp30p140ffg0p99v0c_ccs
  FuseMax2DPE_134    ZeroWireload          tcbn28hpcplusbwp30p140ffg0p99v0c_ccs
  FuseMax2DPE_133    ZeroWireload          tcbn28hpcplusbwp30p140ffg0p99v0c_ccs
  FuseMax2DPE_132    ZeroWireload          tcbn28hpcplusbwp30p140ffg0p99v0c_ccs
  FuseMax2DPE_131    ZeroWireload          tcbn28hpcplusbwp30p140ffg0p99v0c_ccs
  FuseMax2DPE_130    ZeroWireload          tcbn28hpcplusbwp30p140ffg0p99v0c_ccs
  FuseMax2DPE_129    ZeroWireload          tcbn28hpcplusbwp30p140ffg0p99v0c_ccs
  FuseMax2DPE_127    ZeroWireload          tcbn28hpcplusbwp30p140ffg0p99v0c_ccs
  FuseMax2DPE_126    ZeroWireload          tcbn28hpcplusbwp30p140ffg0p99v0c_ccs
  FuseMax2DPE_125    ZeroWireload          tcbn28hpcplusbwp30p140ffg0p99v0c_ccs
  FuseMax2DPE_124    ZeroWireload          tcbn28hpcplusbwp30p140ffg0p99v0c_ccs
  FuseMax2DPE_123    ZeroWireload          tcbn28hpcplusbwp30p140ffg0p99v0c_ccs
  FuseMax2DPE_122    ZeroWireload          tcbn28hpcplusbwp30p140ffg0p99v0c_ccs
  FuseMax2DPE_121    ZeroWireload          tcbn28hpcplusbwp30p140ffg0p99v0c_ccs
  FuseMax2DPE_120    ZeroWireload          tcbn28hpcplusbwp30p140ffg0p99v0c_ccs
  FuseMax2DPE_119    ZeroWireload          tcbn28hpcplusbwp30p140ffg0p99v0c_ccs
  FuseMax2DPE_118    ZeroWireload          tcbn28hpcplusbwp30p140ffg0p99v0c_ccs
  FuseMax2DPE_117    ZeroWireload          tcbn28hpcplusbwp30p140ffg0p99v0c_ccs
  FuseMax2DPE_116    ZeroWireload          tcbn28hpcplusbwp30p140ffg0p99v0c_ccs
  FuseMax2DPE_115    ZeroWireload          tcbn28hpcplusbwp30p140ffg0p99v0c_ccs
  FuseMax2DPE_114    ZeroWireload          tcbn28hpcplusbwp30p140ffg0p99v0c_ccs
  FuseMax2DPE_113    ZeroWireload          tcbn28hpcplusbwp30p140ffg0p99v0c_ccs
  FuseMax2DPE_111    ZeroWireload          tcbn28hpcplusbwp30p140ffg0p99v0c_ccs
  FuseMax2DPE_110    ZeroWireload          tcbn28hpcplusbwp30p140ffg0p99v0c_ccs
  FuseMax2DPE_109    ZeroWireload          tcbn28hpcplusbwp30p140ffg0p99v0c_ccs
  FuseMax2DPE_108    ZeroWireload          tcbn28hpcplusbwp30p140ffg0p99v0c_ccs
  FuseMax2DPE_107    ZeroWireload          tcbn28hpcplusbwp30p140ffg0p99v0c_ccs
  FuseMax2DPE_106    ZeroWireload          tcbn28hpcplusbwp30p140ffg0p99v0c_ccs
  FuseMax2DPE_105    ZeroWireload          tcbn28hpcplusbwp30p140ffg0p99v0c_ccs
  FuseMax2DPE_104    ZeroWireload          tcbn28hpcplusbwp30p140ffg0p99v0c_ccs
  FuseMax2DPE_103    ZeroWireload          tcbn28hpcplusbwp30p140ffg0p99v0c_ccs
  FuseMax2DPE_102    ZeroWireload          tcbn28hpcplusbwp30p140ffg0p99v0c_ccs
  FuseMax2DPE_101    ZeroWireload          tcbn28hpcplusbwp30p140ffg0p99v0c_ccs
  FuseMax2DPE_100    ZeroWireload          tcbn28hpcplusbwp30p140ffg0p99v0c_ccs
  FuseMax2DPE_99     ZeroWireload          tcbn28hpcplusbwp30p140ffg0p99v0c_ccs
  FuseMax2DPE_98     ZeroWireload          tcbn28hpcplusbwp30p140ffg0p99v0c_ccs
  FuseMax2DPE_97     ZeroWireload          tcbn28hpcplusbwp30p140ffg0p99v0c_ccs
  FuseMax2DPE_95     ZeroWireload          tcbn28hpcplusbwp30p140ffg0p99v0c_ccs
  FuseMax2DPE_94     ZeroWireload          tcbn28hpcplusbwp30p140ffg0p99v0c_ccs
  FuseMax2DPE_93     ZeroWireload          tcbn28hpcplusbwp30p140ffg0p99v0c_ccs
  FuseMax2DPE_92     ZeroWireload          tcbn28hpcplusbwp30p140ffg0p99v0c_ccs
  FuseMax2DPE_91     ZeroWireload          tcbn28hpcplusbwp30p140ffg0p99v0c_ccs
  FuseMax2DPE_90     ZeroWireload          tcbn28hpcplusbwp30p140ffg0p99v0c_ccs
  FuseMax2DPE_89     ZeroWireload          tcbn28hpcplusbwp30p140ffg0p99v0c_ccs
  FuseMax2DPE_88     ZeroWireload          tcbn28hpcplusbwp30p140ffg0p99v0c_ccs
  FuseMax2DPE_87     ZeroWireload          tcbn28hpcplusbwp30p140ffg0p99v0c_ccs
  FuseMax2DPE_86     ZeroWireload          tcbn28hpcplusbwp30p140ffg0p99v0c_ccs
  FuseMax2DPE_85     ZeroWireload          tcbn28hpcplusbwp30p140ffg0p99v0c_ccs
  FuseMax2DPE_84     ZeroWireload          tcbn28hpcplusbwp30p140ffg0p99v0c_ccs
  FuseMax2DPE_83     ZeroWireload          tcbn28hpcplusbwp30p140ffg0p99v0c_ccs
  FuseMax2DPE_82     ZeroWireload          tcbn28hpcplusbwp30p140ffg0p99v0c_ccs
  FuseMax2DPE_81     ZeroWireload          tcbn28hpcplusbwp30p140ffg0p99v0c_ccs
  FuseMax2DPE_79     ZeroWireload          tcbn28hpcplusbwp30p140ffg0p99v0c_ccs
  FuseMax2DPE_78     ZeroWireload          tcbn28hpcplusbwp30p140ffg0p99v0c_ccs
  FuseMax2DPE_77     ZeroWireload          tcbn28hpcplusbwp30p140ffg0p99v0c_ccs
  FuseMax2DPE_76     ZeroWireload          tcbn28hpcplusbwp30p140ffg0p99v0c_ccs
  FuseMax2DPE_75     ZeroWireload          tcbn28hpcplusbwp30p140ffg0p99v0c_ccs
  FuseMax2DPE_74     ZeroWireload          tcbn28hpcplusbwp30p140ffg0p99v0c_ccs
  FuseMax2DPE_73     ZeroWireload          tcbn28hpcplusbwp30p140ffg0p99v0c_ccs
  FuseMax2DPE_72     ZeroWireload          tcbn28hpcplusbwp30p140ffg0p99v0c_ccs
  FuseMax2DPE_71     ZeroWireload          tcbn28hpcplusbwp30p140ffg0p99v0c_ccs
  FuseMax2DPE_70     ZeroWireload          tcbn28hpcplusbwp30p140ffg0p99v0c_ccs
  FuseMax2DPE_69     ZeroWireload          tcbn28hpcplusbwp30p140ffg0p99v0c_ccs
  FuseMax2DPE_68     ZeroWireload          tcbn28hpcplusbwp30p140ffg0p99v0c_ccs
  FuseMax2DPE_67     ZeroWireload          tcbn28hpcplusbwp30p140ffg0p99v0c_ccs
  FuseMax2DPE_66     ZeroWireload          tcbn28hpcplusbwp30p140ffg0p99v0c_ccs
  FuseMax2DPE_65     ZeroWireload          tcbn28hpcplusbwp30p140ffg0p99v0c_ccs
  FuseMax2DPE_63     ZeroWireload          tcbn28hpcplusbwp30p140ffg0p99v0c_ccs
  FuseMax2DPE_62     ZeroWireload          tcbn28hpcplusbwp30p140ffg0p99v0c_ccs
  FuseMax2DPE_61     ZeroWireload          tcbn28hpcplusbwp30p140ffg0p99v0c_ccs
  FuseMax2DPE_60     ZeroWireload          tcbn28hpcplusbwp30p140ffg0p99v0c_ccs
  FuseMax2DPE_59     ZeroWireload          tcbn28hpcplusbwp30p140ffg0p99v0c_ccs
  FuseMax2DPE_58     ZeroWireload          tcbn28hpcplusbwp30p140ffg0p99v0c_ccs
  FuseMax2DPE_57     ZeroWireload          tcbn28hpcplusbwp30p140ffg0p99v0c_ccs
  FuseMax2DPE_56     ZeroWireload          tcbn28hpcplusbwp30p140ffg0p99v0c_ccs
  FuseMax2DPE_55     ZeroWireload          tcbn28hpcplusbwp30p140ffg0p99v0c_ccs
  FuseMax2DPE_54     ZeroWireload          tcbn28hpcplusbwp30p140ffg0p99v0c_ccs
  FuseMax2DPE_53     ZeroWireload          tcbn28hpcplusbwp30p140ffg0p99v0c_ccs
  FuseMax2DPE_52     ZeroWireload          tcbn28hpcplusbwp30p140ffg0p99v0c_ccs
  FuseMax2DPE_51     ZeroWireload          tcbn28hpcplusbwp30p140ffg0p99v0c_ccs
  FuseMax2DPE_50     ZeroWireload          tcbn28hpcplusbwp30p140ffg0p99v0c_ccs
  FuseMax2DPE_49     ZeroWireload          tcbn28hpcplusbwp30p140ffg0p99v0c_ccs
  FuseMax2DPE_47     ZeroWireload          tcbn28hpcplusbwp30p140ffg0p99v0c_ccs
  FuseMax2DPE_46     ZeroWireload          tcbn28hpcplusbwp30p140ffg0p99v0c_ccs
  FuseMax2DPE_45     ZeroWireload          tcbn28hpcplusbwp30p140ffg0p99v0c_ccs
  FuseMax2DPE_44     ZeroWireload          tcbn28hpcplusbwp30p140ffg0p99v0c_ccs
  FuseMax2DPE_43     ZeroWireload          tcbn28hpcplusbwp30p140ffg0p99v0c_ccs
  FuseMax2DPE_42     ZeroWireload          tcbn28hpcplusbwp30p140ffg0p99v0c_ccs
  FuseMax2DPE_41     ZeroWireload          tcbn28hpcplusbwp30p140ffg0p99v0c_ccs
  FuseMax2DPE_40     ZeroWireload          tcbn28hpcplusbwp30p140ffg0p99v0c_ccs
  FuseMax2DPE_39     ZeroWireload          tcbn28hpcplusbwp30p140ffg0p99v0c_ccs
  FuseMax2DPE_38     ZeroWireload          tcbn28hpcplusbwp30p140ffg0p99v0c_ccs
  FuseMax2DPE_37     ZeroWireload          tcbn28hpcplusbwp30p140ffg0p99v0c_ccs
  FuseMax2DPE_36     ZeroWireload          tcbn28hpcplusbwp30p140ffg0p99v0c_ccs
  FuseMax2DPE_35     ZeroWireload          tcbn28hpcplusbwp30p140ffg0p99v0c_ccs
  FuseMax2DPE_34     ZeroWireload          tcbn28hpcplusbwp30p140ffg0p99v0c_ccs
  FuseMax2DPE_33     ZeroWireload          tcbn28hpcplusbwp30p140ffg0p99v0c_ccs
  FuseMax2DPE_31     ZeroWireload          tcbn28hpcplusbwp30p140ffg0p99v0c_ccs
  FuseMax2DPE_30     ZeroWireload          tcbn28hpcplusbwp30p140ffg0p99v0c_ccs
  FuseMax2DPE_29     ZeroWireload          tcbn28hpcplusbwp30p140ffg0p99v0c_ccs
  FuseMax2DPE_28     ZeroWireload          tcbn28hpcplusbwp30p140ffg0p99v0c_ccs
  FuseMax2DPE_27     ZeroWireload          tcbn28hpcplusbwp30p140ffg0p99v0c_ccs
  FuseMax2DPE_26     ZeroWireload          tcbn28hpcplusbwp30p140ffg0p99v0c_ccs
  FuseMax2DPE_25     ZeroWireload          tcbn28hpcplusbwp30p140ffg0p99v0c_ccs
  FuseMax2DPE_24     ZeroWireload          tcbn28hpcplusbwp30p140ffg0p99v0c_ccs
  FuseMax2DPE_23     ZeroWireload          tcbn28hpcplusbwp30p140ffg0p99v0c_ccs
  FuseMax2DPE_22     ZeroWireload          tcbn28hpcplusbwp30p140ffg0p99v0c_ccs
  FuseMax2DPE_21     ZeroWireload          tcbn28hpcplusbwp30p140ffg0p99v0c_ccs
  FuseMax2DPE_20     ZeroWireload          tcbn28hpcplusbwp30p140ffg0p99v0c_ccs
  FuseMax2DPE_19     ZeroWireload          tcbn28hpcplusbwp30p140ffg0p99v0c_ccs
  FuseMax2DPE_18     ZeroWireload          tcbn28hpcplusbwp30p140ffg0p99v0c_ccs
  FuseMax2DPE_17     ZeroWireload          tcbn28hpcplusbwp30p140ffg0p99v0c_ccs
  FuseMax2DPE_15     ZeroWireload          tcbn28hpcplusbwp30p140ffg0p99v0c_ccs
  FuseMax2DPE_14     ZeroWireload          tcbn28hpcplusbwp30p140ffg0p99v0c_ccs
  FuseMax2DPE_13     ZeroWireload          tcbn28hpcplusbwp30p140ffg0p99v0c_ccs
  FuseMax2DPE_12     ZeroWireload          tcbn28hpcplusbwp30p140ffg0p99v0c_ccs
  FuseMax2DPE_11     ZeroWireload          tcbn28hpcplusbwp30p140ffg0p99v0c_ccs
  FuseMax2DPE_10     ZeroWireload          tcbn28hpcplusbwp30p140ffg0p99v0c_ccs
  FuseMax2DPE_9      ZeroWireload          tcbn28hpcplusbwp30p140ffg0p99v0c_ccs
  FuseMax2DPE_8      ZeroWireload          tcbn28hpcplusbwp30p140ffg0p99v0c_ccs
  FuseMax2DPE_7      ZeroWireload          tcbn28hpcplusbwp30p140ffg0p99v0c_ccs
  FuseMax2DPE_6      ZeroWireload          tcbn28hpcplusbwp30p140ffg0p99v0c_ccs
  FuseMax2DPE_5      ZeroWireload          tcbn28hpcplusbwp30p140ffg0p99v0c_ccs
  FuseMax2DPE_4      ZeroWireload          tcbn28hpcplusbwp30p140ffg0p99v0c_ccs
  FuseMax2DPE_3      ZeroWireload          tcbn28hpcplusbwp30p140ffg0p99v0c_ccs
  FuseMax2DPE_2      ZeroWireload          tcbn28hpcplusbwp30p140ffg0p99v0c_ccs
  FuseMax2DPE_1      ZeroWireload          tcbn28hpcplusbwp30p140ffg0p99v0c_ccs
  FuseMax2DPE_224    ZeroWireload          tcbn28hpcplusbwp30p140ffg0p99v0c_ccs
  FuseMax2DPE_208    ZeroWireload          tcbn28hpcplusbwp30p140ffg0p99v0c_ccs
  FuseMax2DPE_192    ZeroWireload          tcbn28hpcplusbwp30p140ffg0p99v0c_ccs
  FuseMax2DPE_176    ZeroWireload          tcbn28hpcplusbwp30p140ffg0p99v0c_ccs
  FuseMax2DPE_160    ZeroWireload          tcbn28hpcplusbwp30p140ffg0p99v0c_ccs
  FuseMax2DPE_144    ZeroWireload          tcbn28hpcplusbwp30p140ffg0p99v0c_ccs
  FuseMax2DPE_128    ZeroWireload          tcbn28hpcplusbwp30p140ffg0p99v0c_ccs
  FuseMax2DPE_112    ZeroWireload          tcbn28hpcplusbwp30p140ffg0p99v0c_ccs
  FuseMax2DPE_96     ZeroWireload          tcbn28hpcplusbwp30p140ffg0p99v0c_ccs
  FuseMax2DPE_80     ZeroWireload          tcbn28hpcplusbwp30p140ffg0p99v0c_ccs
  FuseMax2DPE_64     ZeroWireload          tcbn28hpcplusbwp30p140ffg0p99v0c_ccs
  FuseMax2DPE_48     ZeroWireload          tcbn28hpcplusbwp30p140ffg0p99v0c_ccs
  FuseMax2DPE_32     ZeroWireload          tcbn28hpcplusbwp30p140ffg0p99v0c_ccs
  FuseMax2DPE_16     ZeroWireload          tcbn28hpcplusbwp30p140ffg0p99v0c_ccs
  FuseMax2DPE_0      ZeroWireload          tcbn28hpcplusbwp30p140ffg0p99v0c_ccs
  FuseMax2DPE_240    ZeroWireload          tcbn28hpcplusbwp30p140ffg0p99v0c_ccs
  FuseMax2DArray     ZeroWireload          tcbn28hpcplusbwp30p140ffg0p99v0c_ccs
  FuseMax2DPE_255    ZeroWireload          tcbn28hpcplusbwp30p140ffg0p99v0c_ccs

Attributes:
    d - dont_touch
    u - dont_use
   mo - map_only
   so - size_only
    i - ideal_net or ideal_network
  inf - infeasible path

  Point                                                      Fanout     Trans      Incr       Path      Attributes
  ------------------------------------------------------------------------------------------------------------------------
  clock ideal_clock1 (rise edge)                                                   0.00       0.00
  clock network delay (ideal)                                                      0.00       0.00
  pe_13_8/northReg_bits_reg[10]/CP (DFQD2BWP30P140)                      0.00      0.00 #     0.00 r
  pe_13_8/northReg_bits_reg[10]/Q (DFQD2BWP30P140)                       0.01      0.04       0.04 f
  pe_13_8/_GEN_0[2][10] (net)                                  4                   0.00       0.04 f
  pe_13_8/U1193/ZN (AOI22D1BWP30P140)                                    0.02      0.01       0.05 r
  pe_13_8/n463 (net)                                           1                   0.00       0.05 r
  pe_13_8/U58/ZN (ND2D1BWP30P140)                                        0.01      0.01       0.06 f
  pe_13_8/n464 (net)                                           1                   0.00       0.06 f
  pe_13_8/U506/ZN (NR3D1P5BWP30P140)                                     0.01      0.01       0.07 r
  pe_13_8/n2725 (net)                                          2                   0.00       0.07 r
  pe_13_8/U626/ZN (OAI21D2BWP30P140)                                     0.02      0.01       0.08 f
  pe_13_8/n620 (net)                                           2                   0.00       0.08 f
  pe_13_8/U1324/CO (HA1D2BWP30P140)                                      0.01      0.02       0.10 f
  pe_13_8/n632 (net)                                           1                   0.00       0.10 f
  pe_13_8/U625/CO (FA1D4BWP30P140)                                       0.01      0.02       0.11 f
  pe_13_8/n603 (net)                                           2                   0.00       0.11 f
  pe_13_8/U614/ZN (XNR2D1BWP30P140)                                      0.02      0.03       0.15 r
  pe_13_8/n2505 (net)                                          4                   0.00       0.15 r
  pe_13_8/U480/S (FA1OPTCD2BWP30P140)                                    0.01      0.05       0.20 f
  pe_13_8/n704 (net)                                           3                   0.00       0.20 f
  pe_13_8/U1381/Z (OR2D1BWP30P140)                                       0.01      0.01       0.21 f
  pe_13_8/n683 (net)                                           1                   0.00       0.21 f
  pe_13_8/U1382/Z (OR2D1BWP30P140)                                       0.01      0.01       0.23 f
  pe_13_8/n684 (net)                                           1                   0.00       0.23 f
  pe_13_8/U344/ZN (NR3D1P5BWP30P140)                                     0.02      0.01       0.24 r
  pe_13_8/n95 (net)                                            1                   0.00       0.24 r
  pe_13_8/U592/Z (XOR2OPTND2BWP30P140)                                   0.02      0.01       0.25 f
  pe_13_8/n819 (net)                                           2                   0.00       0.25 f
  pe_13_8/U591/ZN (INR2D2BWP30P140)                                      0.02      0.02       0.26 r
  pe_13_8/n712 (net)                                           3                   0.00       0.26 r
  pe_13_8/U329/ZN (INVD1BWP30P140)                                       0.02      0.01       0.28 f
  pe_13_8/n687 (net)                                           1                   0.00       0.28 f
  pe_13_8/U349/ZN (INR2D6BWP30P140)                                      0.02      0.02       0.29 r
  pe_13_8/n2173 (net)                                         17                   0.00       0.29 r
  pe_13_8/U535/ZN (MUX2NUD1BWP30P140)                                    0.02      0.02       0.31 r
  pe_13_8/n947 (net)                                           2                   0.00       0.31 r
  pe_13_8/U536/ZN (ND2D1BWP30P140)                                       0.01      0.01       0.32 f
  pe_13_8/n818 (net)                                           1                   0.00       0.32 f
  pe_13_8/U419/ZN (OAI21D1BWP30P140)                                     0.01      0.01       0.33 r
  pe_13_8/n997 (net)                                           2                   0.00       0.33 r
  pe_13_8/U417/ZN (MUX2ND0BWP30P140)                                     0.03      0.02       0.34 f
  pe_13_8/n1224 (net)                                          3                   0.00       0.34 f
  pe_13_8/U1515/ZN (MUX2NUD1BWP30P140)                                   0.02      0.02       0.36 r
  pe_13_8/n1489 (net)                                          2                   0.00       0.36 r
  pe_13_8/U1543/ZN (OAI22D1BWP30P140)                                    0.02      0.01       0.38 f
  pe_13_8/n927 (net)                                           1                   0.00       0.38 f
  pe_13_8/U275/S (FA1D1BWP30P140)                                        0.01      0.04       0.42 r
  pe_13_8/n1248 (net)                                          2                   0.00       0.42 r
  pe_13_8/U1571/ZN (NR2D1BWP30P140)                                      0.01      0.01       0.43 f
  pe_13_8/n1750 (net)                                          4                   0.00       0.43 f
  pe_13_8/U1600/ZN (NR2D1BWP30P140)                                      0.01      0.01       0.44 r
  pe_13_8/n1250 (net)                                          2                   0.00       0.44 r
  pe_13_8/U23/ZN (ND2D1BWP30P140)                                        0.02      0.01       0.45 f
  pe_13_8/n1252 (net)                                          1                   0.00       0.45 f
  pe_13_8/U384/ZN (OAI21OPTREPBD2BWP30P140)                              0.01      0.01       0.46 r
  pe_13_8/n1954 (net)                                          2                   0.00       0.46 r
  pe_13_8/U383/Z (AO21D4BWP30P140)                                       0.01      0.02       0.48 r
  pe_13_8/n64 (net)                                            1                   0.00       0.48 r
  pe_13_8/U448/ZN (INVD8BWP30P140)                                       0.01      0.01       0.49 f
  pe_13_8/n2472 (net)                                         18                   0.00       0.49 f
  pe_13_8/U21/ZN (OAI21D1BWP30P140)                                      0.02      0.01       0.50 r
  pe_13_8/n2270 (net)                                          1                   0.00       0.50 r
  pe_13_8/U2482/ZN (XNR2OPTND2BWP30P140)                                 0.02      0.02       0.51 r
  pe_13_8/n3235 (net)                                          4                   0.00       0.51 r
  pe_13_8/U3247/Z (XOR2UD1BWP30P140)                                     0.02      0.01       0.53 r
  pe_13_8/n3409 (net)                                          3                   0.00       0.53 r
  pe_13_8/U166/ZN (INVD0BWP30P140)                                       0.01      0.01       0.54 f
  pe_13_8/sharedMacOut_mac/ULSD/U1/or2_inv[0][22] (net)        1                   0.00       0.54 f
  pe_13_8/sharedMacOut_mac/ULSD/U1/UEN0_0_1_5/ZN (AOI21D1BWP30P140)      0.01      0.01       0.55 r    mo 
  pe_13_8/sharedMacOut_mac/ULSD/U1/enc_tree[0][1][22] (net)     1                  0.00       0.55 r
  pe_13_8/sharedMacOut_mac/ULSD/U1/UEN1_0_2_2/ZN (OAI21D1BWP30P140)      0.01      0.01       0.56 f    mo 
  pe_13_8/sharedMacOut_mac/ULSD/U1/enc_tree[0][2][20] (net)     1                  0.00       0.56 f
  pe_13_8/sharedMacOut_mac/ULSD/U1/UEN0_0_3_1/ZN (AOI21D2BWP30P140)      0.01      0.01       0.57 r    mo 
  pe_13_8/sharedMacOut_mac/ULSD/U1/enc_tree[0][3][24] (net)     1                  0.00       0.57 r
  pe_13_8/U98/Z (OA21D6BWP30P140)                                        0.01      0.02       0.59 r
  pe_13_8/n2600 (net)                                         13                   0.00       0.59 r
  pe_13_8/U368/ZN (IND2D6BWP30P140)                                      0.01      0.02       0.61 r
  pe_13_8/n2595 (net)                                         22                   0.00       0.61 r
  pe_13_8/U466/ZN (OAI22D0BWP30P140)                                     0.02      0.01       0.62 f
  pe_13_8/n2076 (net)                                          1                   0.00       0.62 f
  pe_13_8/U2345/ZN (NR2D1BWP30P140)                                      0.02      0.02       0.64 r
  pe_13_8/n2139 (net)                                          3                   0.00       0.64 r
  pe_13_8/U2359/ZN (MUX2NOPTD2BWP30P140)                                 0.02      0.01       0.65 f
  pe_13_8/n2124 (net)                                          3                   0.00       0.65 f
  pe_13_8/U2360/ZN (MUX2NOPTD2BWP30P140)                                 0.02      0.01       0.66 r
  pe_13_8/n2629 (net)                                          2                   0.00       0.66 r
  pe_13_8/U365/Z (BUFFD1BWP30P140)                                       0.01      0.01       0.68 r
  pe_13_8/n30 (net)                                            2                   0.00       0.68 r
  pe_13_8/U16/ZN (MOAI22D1BWP30P140)                                     0.02      0.02       0.69 r
  pe_13_8/n3145 (net)                                          3                   0.00       0.69 r
  pe_13_8/U573/Z (AN2D2BWP30P140)                                        0.01      0.01       0.71 r
  pe_13_8/n2648 (net)                                          1                   0.00       0.71 r
  pe_13_8/U459/ZN (ND3D1BWP30P140)                                       0.02      0.01       0.72 f
  pe_13_8/n2649 (net)                                          1                   0.00       0.72 f
  pe_13_8/U501/ZN (INR2D2BWP30P140)                                      0.01      0.01       0.73 r
  pe_13_8/n3068 (net)                                          2                   0.00       0.73 r
  pe_13_8/U206/ZN (ND2D2BWP30P140)                                       0.01      0.01       0.74 f
  pe_13_8/n3094 (net)                                          3                   0.00       0.74 f
  pe_13_8/U2862/ZN (INVD1BWP30P140)                                      0.01      0.01       0.75 r
  pe_13_8/n3075 (net)                                          2                   0.00       0.75 r
  pe_13_8/U2865/ZN (OAI21OPTREPBD1BWP30P140)                             0.02      0.02       0.77 f
  pe_13_8/n3102 (net)                                          4                   0.00       0.77 f
  pe_13_8/U2889/ZN (NR2D1BWP30P140)                                      0.01      0.01       0.78 r
  pe_13_8/n2855 (net)                                          1                   0.00       0.78 r
  pe_13_8/U2890/Z (XOR2UD0BWP30P140)                                     0.02      0.01       0.79 f
  pe_13_8/n2861 (net)                                          1                   0.00       0.79 f
  pe_13_8/U2893/ZN (AOI21D1BWP30P140)                                    0.02      0.01       0.80 r
  pe_13_8/n2862 (net)                                          1                   0.00       0.80 r
  pe_13_8/U2894/ZN (ND2OPTIBD2BWP30P140)                                 0.01      0.01       0.81 f
  pe_13_8/n3195 (net)                                          3                   0.00       0.81 f
  pe_13_8/U424/ZN (NR2D2BWP30P140)                                       0.01      0.01       0.82 r
  pe_13_8/n46 (net)                                            1                   0.00       0.82 r
  pe_13_8/U422/ZN (IND3D4BWP30P140)                                      0.03      0.02       0.84 f
  pe_13_8/n3316 (net)                                          9                   0.00       0.84 f
  pe_13_8/U3229/ZN (INVD2BWP30P140)                                      0.01      0.01       0.86 r
  pe_13_8/n3302 (net)                                          7                   0.00       0.86 r
  pe_13_8/U67/ZN (AOI21D1BWP30P140)                                      0.02      0.02       0.87 f
  pe_13_8/n3375 (net)                                          6                   0.00       0.87 f
  pe_13_8/U147/ZN (INVD0BWP30P140)                                       0.02      0.02       0.89 r
  pe_13_8/n3259 (net)                                          2                   0.00       0.89 r
  pe_13_8/U538/ZN (INR2D2BWP30P140)                                      0.01      0.02       0.91 r
  pe_13_8/n3378 (net)                                          6                   0.00       0.91 r
  pe_13_8/U142/ZN (INVD0BWP30P140)                                       0.02      0.01       0.92 f
  pe_13_8/n3381 (net)                                          5                   0.00       0.92 f
  pe_13_8/U3331/ZN (OAI22D0BWP30P140)                                    0.02      0.02       0.94 r
  pe_13_8/n3338 (net)                                          1                   0.00       0.94 r
  pe_13_8/U345/ZN (AOI21D1BWP30P140)                                     0.01      0.01       0.95 f
  pe_13_8/n3339 (net)                                          1                   0.00       0.95 f
  pe_13_8/U385/ZN (OAI21D1BWP30P140)                                     0.01      0.01       0.96 r
  pe_13_8/n3343 (net)                                          1                   0.00       0.96 r
  pe_13_8/U3334/ZN (AOI21D1BWP30P140)                                    0.01      0.01       0.97 f
  pe_13_8/n3344 (net)                                          1                   0.00       0.97 f
  pe_13_8/U3335/ZN (OAI31D1BWP30P140)                                    0.01      0.01       0.98 r
  pe_13_8/io_out_s_bits[4] (net)                               1                   0.00       0.98 r
  pe_13_8/io_out_s_bits[4] (FuseMax2DPE_39)                                        0.00       0.98 r
  _pe_13_8_io_out_s_bits[4] (net)                                                  0.00       0.98 r
  pe_14_8/io_in_n_bits[4] (FuseMax2DPE_23)                                         0.00       0.98 r
  pe_14_8/io_in_n_bits[4] (net)                                                    0.00       0.98 r
  pe_14_8/U373/ZN (INVD0BWP30P140)                                       0.01      0.01       0.98 f
  pe_14_8/n85 (net)                                            1                   0.00       0.98 f
  pe_14_8/U426/ZN (NR2D1BWP30P140)                                       0.01      0.01       0.99 r
  pe_14_8/N492 (net)                                           1                   0.00       0.99 r
  pe_14_8/northReg_bits_reg[4]/D (DFQD1BWP30P140)                        0.01      0.00       0.99 r
  data arrival time                                                                           0.99

  clock ideal_clock1 (rise edge)                                                   1.00       1.00
  clock network delay (ideal)                                                      0.00       1.00
  pe_14_8/northReg_bits_reg[4]/CP (DFQD1BWP30P140)                                 0.00       1.00 r
  library setup time                                                              -0.01       0.99
  data required time                                                                          0.99
  ------------------------------------------------------------------------------------------------------------------------
  data required time                                                                          0.99
  data arrival time                                                                          -0.99
  ------------------------------------------------------------------------------------------------------------------------
  slack (MET)                                                                                 0.00


1
