Information: Updating design information... (UID-85)
Warning: Design 'SystolicArray' contains 1 high-fanout nets. A fanout number of 1000 will be used for delay calculations involving these nets. (TIM-134)
 
****************************************
Report : timing
        -path full
        -delay max
        -nets
        -max_paths 1
        -transition_time
Design : SystolicArray
Version: V-2023.12
Date   : Mon Apr  6 03:19:25 2026
****************************************

 # A fanout number of 1000 was used for high fanout net computations.

Operating Conditions: ffg0p99v0c   Library: tcbn28hpcplusbwp30p140ffg0p99v0c_ccs
Wire Load Model Mode: segmented

  Startpoint: pes_6_2/regW_reg[3]
              (rising edge-triggered flip-flop clocked by ideal_clock1)
  Endpoint: pes_7_2/regS_reg[30]
            (rising edge-triggered flip-flop clocked by ideal_clock1)
  Path Group: ideal_clock1
  Path Type: max

  Des/Clust/Port     Wire Load Model       Library
  ------------------------------------------------
  PE_48              ZeroWireload          tcbn28hpcplusbwp30p140ffg0p99v0c_ccs
  PE_40              ZeroWireload          tcbn28hpcplusbwp30p140ffg0p99v0c_ccs
  PE_32              ZeroWireload          tcbn28hpcplusbwp30p140ffg0p99v0c_ccs
  PE_24              ZeroWireload          tcbn28hpcplusbwp30p140ffg0p99v0c_ccs
  PE_16              ZeroWireload          tcbn28hpcplusbwp30p140ffg0p99v0c_ccs
  PE_8               ZeroWireload          tcbn28hpcplusbwp30p140ffg0p99v0c_ccs
  PE_0               ZeroWireload          tcbn28hpcplusbwp30p140ffg0p99v0c_ccs
  PE_62              ZeroWireload          tcbn28hpcplusbwp30p140ffg0p99v0c_ccs
  PE_61              ZeroWireload          tcbn28hpcplusbwp30p140ffg0p99v0c_ccs
  PE_60              ZeroWireload          tcbn28hpcplusbwp30p140ffg0p99v0c_ccs
  PE_59              ZeroWireload          tcbn28hpcplusbwp30p140ffg0p99v0c_ccs
  PE_58              ZeroWireload          tcbn28hpcplusbwp30p140ffg0p99v0c_ccs
  PE_57              ZeroWireload          tcbn28hpcplusbwp30p140ffg0p99v0c_ccs
  PE_55              ZeroWireload          tcbn28hpcplusbwp30p140ffg0p99v0c_ccs
  PE_54              ZeroWireload          tcbn28hpcplusbwp30p140ffg0p99v0c_ccs
  PE_53              ZeroWireload          tcbn28hpcplusbwp30p140ffg0p99v0c_ccs
  PE_52              ZeroWireload          tcbn28hpcplusbwp30p140ffg0p99v0c_ccs
  PE_51              ZeroWireload          tcbn28hpcplusbwp30p140ffg0p99v0c_ccs
  PE_50              ZeroWireload          tcbn28hpcplusbwp30p140ffg0p99v0c_ccs
  PE_49              ZeroWireload          tcbn28hpcplusbwp30p140ffg0p99v0c_ccs
  PE_47              ZeroWireload          tcbn28hpcplusbwp30p140ffg0p99v0c_ccs
  PE_46              ZeroWireload          tcbn28hpcplusbwp30p140ffg0p99v0c_ccs
  PE_45              ZeroWireload          tcbn28hpcplusbwp30p140ffg0p99v0c_ccs
  PE_44              ZeroWireload          tcbn28hpcplusbwp30p140ffg0p99v0c_ccs
  PE_43              ZeroWireload          tcbn28hpcplusbwp30p140ffg0p99v0c_ccs
  PE_42              ZeroWireload          tcbn28hpcplusbwp30p140ffg0p99v0c_ccs
  PE_41              ZeroWireload          tcbn28hpcplusbwp30p140ffg0p99v0c_ccs
  PE_39              ZeroWireload          tcbn28hpcplusbwp30p140ffg0p99v0c_ccs
  PE_38              ZeroWireload          tcbn28hpcplusbwp30p140ffg0p99v0c_ccs
  PE_37              ZeroWireload          tcbn28hpcplusbwp30p140ffg0p99v0c_ccs
  PE_36              ZeroWireload          tcbn28hpcplusbwp30p140ffg0p99v0c_ccs
  PE_35              ZeroWireload          tcbn28hpcplusbwp30p140ffg0p99v0c_ccs
  PE_34              ZeroWireload          tcbn28hpcplusbwp30p140ffg0p99v0c_ccs
  PE_33              ZeroWireload          tcbn28hpcplusbwp30p140ffg0p99v0c_ccs
  PE_31              ZeroWireload          tcbn28hpcplusbwp30p140ffg0p99v0c_ccs
  PE_30              ZeroWireload          tcbn28hpcplusbwp30p140ffg0p99v0c_ccs
  PE_29              ZeroWireload          tcbn28hpcplusbwp30p140ffg0p99v0c_ccs
  PE_28              ZeroWireload          tcbn28hpcplusbwp30p140ffg0p99v0c_ccs
  PE_27              ZeroWireload          tcbn28hpcplusbwp30p140ffg0p99v0c_ccs
  PE_26              ZeroWireload          tcbn28hpcplusbwp30p140ffg0p99v0c_ccs
  PE_25              ZeroWireload          tcbn28hpcplusbwp30p140ffg0p99v0c_ccs
  PE_23              ZeroWireload          tcbn28hpcplusbwp30p140ffg0p99v0c_ccs
  PE_22              ZeroWireload          tcbn28hpcplusbwp30p140ffg0p99v0c_ccs
  PE_21              ZeroWireload          tcbn28hpcplusbwp30p140ffg0p99v0c_ccs
  PE_20              ZeroWireload          tcbn28hpcplusbwp30p140ffg0p99v0c_ccs
  PE_19              ZeroWireload          tcbn28hpcplusbwp30p140ffg0p99v0c_ccs
  PE_18              ZeroWireload          tcbn28hpcplusbwp30p140ffg0p99v0c_ccs
  PE_17              ZeroWireload          tcbn28hpcplusbwp30p140ffg0p99v0c_ccs
  PE_15              ZeroWireload          tcbn28hpcplusbwp30p140ffg0p99v0c_ccs
  PE_14              ZeroWireload          tcbn28hpcplusbwp30p140ffg0p99v0c_ccs
  PE_13              ZeroWireload          tcbn28hpcplusbwp30p140ffg0p99v0c_ccs
  PE_12              ZeroWireload          tcbn28hpcplusbwp30p140ffg0p99v0c_ccs
  PE_11              ZeroWireload          tcbn28hpcplusbwp30p140ffg0p99v0c_ccs
  PE_10              ZeroWireload          tcbn28hpcplusbwp30p140ffg0p99v0c_ccs
  PE_9               ZeroWireload          tcbn28hpcplusbwp30p140ffg0p99v0c_ccs
  PE_7               ZeroWireload          tcbn28hpcplusbwp30p140ffg0p99v0c_ccs
  PE_6               ZeroWireload          tcbn28hpcplusbwp30p140ffg0p99v0c_ccs
  PE_5               ZeroWireload          tcbn28hpcplusbwp30p140ffg0p99v0c_ccs
  PE_4               ZeroWireload          tcbn28hpcplusbwp30p140ffg0p99v0c_ccs
  PE_3               ZeroWireload          tcbn28hpcplusbwp30p140ffg0p99v0c_ccs
  PE_2               ZeroWireload          tcbn28hpcplusbwp30p140ffg0p99v0c_ccs
  PE_1               ZeroWireload          tcbn28hpcplusbwp30p140ffg0p99v0c_ccs
  PE_56              ZeroWireload          tcbn28hpcplusbwp30p140ffg0p99v0c_ccs
  SystolicArray      ZeroWireload          tcbn28hpcplusbwp30p140ffg0p99v0c_ccs
  PE_63              ZeroWireload          tcbn28hpcplusbwp30p140ffg0p99v0c_ccs

Attributes:
    d - dont_touch
    u - dont_use
   mo - map_only
   so - size_only
    i - ideal_net or ideal_network
  inf - infeasible path

  Point                                Fanout     Trans      Incr       Path      Attributes
  --------------------------------------------------------------------------------------------------
  clock ideal_clock1 (rise edge)                             0.00       0.00
  clock network delay (ideal)                                0.00       0.00
  pes_6_2/regW_reg[3]/CP (DFQD1BWP30P140)          0.00      0.00 #     0.00 r
  pes_6_2/regW_reg[3]/Q (DFQD1BWP30P140)           0.02      0.04       0.04 f
  pes_6_2/regW[3] (net)                  6                   0.00       0.04 f
  pes_6_2/U156/ZN (INVD1BWP30P140)                 0.02      0.01       0.06 r
  pes_6_2/n390 (net)                     7                   0.00       0.06 r
  pes_6_2/U526/ZN (MAOI22D1BWP30P140)              0.08      0.04       0.10 f
  pes_6_2/io_eastOut[3] (net)           18                   0.00       0.10 f
  pes_6_2/io_eastOut[3] (PE_41)                              0.00       0.10 f
  _pes_6_2_io_eastOut[3] (net)                               0.00       0.10 f
  pes_7_2/io_westIn[3] (PE_40)                               0.00       0.10 f
  pes_7_2/io_westIn[3] (net)                                 0.00       0.10 f
  pes_7_2/U19/ZN (INVD0BWP30P140)                  0.08      0.07       0.16 r
  pes_7_2/n447 (net)                    15                   0.00       0.16 r
  pes_7_2/U294/ZN (AOI22D1BWP30P140)               0.03      0.02       0.18 f
  pes_7_2/n139 (net)                     1                   0.00       0.18 f
  pes_7_2/U295/ZN (AOI221D1BWP30P140)              0.04      0.03       0.21 r
  pes_7_2/n162 (net)                     1                   0.00       0.21 r
  pes_7_2/U321/S (FA1D1BWP30P140)                  0.02      0.04       0.25 f
  pes_7_2/n167 (net)                     1                   0.00       0.25 f
  pes_7_2/U322/S (FA1D1BWP30P140)                  0.01      0.04       0.29 r
  pes_7_2/n143 (net)                     1                   0.00       0.29 r
  pes_7_2/U306/ZN (INVD0BWP30P140)                 0.02      0.01       0.31 f
  pes_7_2/intadd_1364/A[1] (net)         1                   0.00       0.31 f
  pes_7_2/intadd_1364/U13/CO (FA1D1BWP30P140)      0.01      0.03       0.33 f    mo 
  pes_7_2/intadd_1364/n12 (net)          1                   0.00       0.33 f
  pes_7_2/intadd_1364/U12/CO (FA1D1BWP30P140)      0.01      0.02       0.35 f    mo 
  pes_7_2/intadd_1364/n11 (net)          1                   0.00       0.35 f
  pes_7_2/intadd_1364/U11/CO (FA1D1BWP30P140)      0.01      0.02       0.37 f    mo 
  pes_7_2/intadd_1364/n10 (net)          1                   0.00       0.37 f
  pes_7_2/intadd_1364/U10/CO (FA1D1BWP30P140)      0.01      0.02       0.40 f    mo 
  pes_7_2/intadd_1364/n9 (net)           1                   0.00       0.40 f
  pes_7_2/intadd_1364/U9/CO (FA1D1BWP30P140)       0.01      0.02       0.42 f    mo 
  pes_7_2/intadd_1364/n8 (net)           1                   0.00       0.42 f
  pes_7_2/intadd_1364/U8/CO (FA1D1BWP30P140)       0.01      0.02       0.44 f    mo 
  pes_7_2/intadd_1364/n7 (net)           1                   0.00       0.44 f
  pes_7_2/intadd_1364/U7/CO (FA1D1BWP30P140)       0.01      0.02       0.46 f    mo 
  pes_7_2/intadd_1364/n6 (net)           1                   0.00       0.46 f
  pes_7_2/intadd_1364/U6/CO (FA1D1BWP30P140)       0.01      0.02       0.48 f    mo 
  pes_7_2/intadd_1364/n5 (net)           1                   0.00       0.48 f
  pes_7_2/intadd_1364/U5/CO (FA1D1BWP30P140)       0.01      0.02       0.50 f    mo 
  pes_7_2/intadd_1364/n4 (net)           1                   0.00       0.50 f
  pes_7_2/intadd_1364/U4/CO (FA1D1BWP30P140)       0.01      0.02       0.52 f    mo 
  pes_7_2/intadd_1364/n3 (net)           1                   0.00       0.52 f
  pes_7_2/U605/CO (FA1D1BWP30P140)                 0.01      0.02       0.54 f    mo 
  pes_7_2/intadd_1364/n2 (net)           1                   0.00       0.54 f
  pes_7_2/U604/CO (FA1D1BWP30P140)                 0.01      0.02       0.57 f    mo 
  pes_7_2/intadd_1364/n1 (net)           2                   0.00       0.57 f
  pes_7_2/U523/ZN (MAOI222D1BWP30P140)             0.03      0.02       0.59 r
  pes_7_2/intadd_1365/B[5] (net)         1                   0.00       0.59 r
  pes_7_2/intadd_1365/U2/CO (FA1D1BWP30P140)       0.01      0.03       0.61 r    mo 
  pes_7_2/intadd_1365/n1 (net)           3                   0.00       0.61 r
  pes_7_2/U113/ZN (NR2D1BWP30P140)                 0.01      0.01       0.62 f
  pes_7_2/n119 (net)                     2                   0.00       0.62 f
  pes_7_2/U116/ZN (AOI21D1BWP30P140)               0.02      0.02       0.64 r
  pes_7_2/intadd_1369/B[4] (net)         1                   0.00       0.64 r
  pes_7_2/intadd_1369/U2/CO (FA1D1BWP30P140)       0.01      0.03       0.66 r    mo 
  pes_7_2/intadd_1369/n1 (net)           3                   0.00       0.66 r
  pes_7_2/U519/ZN (MAOI222D1BWP30P140)             0.03      0.02       0.68 f
  pes_7_2/intadd_1368/B[4] (net)         1                   0.00       0.68 f
  pes_7_2/U603/CO (FA1D1BWP30P140)                 0.01      0.03       0.71 f    mo 
  pes_7_2/intadd_1368/n1 (net)           2                   0.00       0.71 f
  pes_7_2/U517/ZN (INVD1BWP30P140)                 0.01      0.01       0.72 r
  pes_7_2/n381 (net)                     1                   0.00       0.72 r
  pes_7_2/U518/ZN (MAOI222D1BWP30P140)             0.03      0.02       0.74 f
  pes_7_2/intadd_1367/B[4] (net)         1                   0.00       0.74 f
  pes_7_2/intadd_1367/U2/CO (FA1D1BWP30P140)       0.01      0.03       0.77 f    mo 
  pes_7_2/intadd_1367/n1 (net)           2                   0.00       0.77 f
  pes_7_2/U15/ZN (INVD0BWP30P140)                  0.01      0.01       0.78 r
  pes_7_2/n379 (net)                     1                   0.00       0.78 r
  pes_7_2/U516/ZN (MAOI222D1BWP30P140)             0.03      0.02       0.80 f
  pes_7_2/intadd_1366/B[4] (net)         1                   0.00       0.80 f
  pes_7_2/U602/CO (FA1D1BWP30P140)                 0.01      0.03       0.83 f    mo 
  pes_7_2/intadd_1366/n1 (net)           3                   0.00       0.83 f
  pes_7_2/U27/ZN (NR2D1BWP30P140)                  0.01      0.01       0.84 r
  pes_7_2/n104 (net)                     2                   0.00       0.84 r
  pes_7_2/U26/ZN (OAI21D1BWP30P140)                0.02      0.01       0.86 f
  pes_7_2/intadd_1380/B[2] (net)         1                   0.00       0.86 f
  pes_7_2/intadd_1380/U2/CO (FA1D1BWP30P140)       0.01      0.03       0.89 f    mo 
  pes_7_2/intadd_1380/n1 (net)           2                   0.00       0.89 f
  pes_7_2/U520/ZN (INVD1BWP30P140)                 0.01      0.01       0.90 r
  pes_7_2/n384 (net)                     1                   0.00       0.90 r
  pes_7_2/U521/ZN (MAOI222D1BWP30P140)             0.03      0.02       0.92 f
  pes_7_2/intadd_1379/B[2] (net)         1                   0.00       0.92 f
  pes_7_2/intadd_1379/U2/S (FA1D1BWP30P140)        0.01      0.05       0.96 r    mo 
  pes_7_2/intadd_1379/SUM[2] (net)       1                   0.00       0.96 r
  pes_7_2/U22/Z (AO22D0BWP30P140)                  0.01      0.02       0.98 r
  pes_7_2/n500 (net)                     1                   0.00       0.98 r
  pes_7_2/regS_reg[30]/D (DFQD1BWP30P140)          0.01      0.00       0.98 r
  data arrival time                                                     0.98

  clock ideal_clock1 (rise edge)                             1.00       1.00
  clock network delay (ideal)                                0.00       1.00
  pes_7_2/regS_reg[30]/CP (DFQD1BWP30P140)                   0.00       1.00 r
  library setup time                                        -0.01       0.99
  data required time                                                    0.99
  --------------------------------------------------------------------------------------------------
  data required time                                                    0.99
  data arrival time                                                    -0.98
  --------------------------------------------------------------------------------------------------
  slack (MET)                                                           0.01


1
