 
****************************************
Report : area
Design : SystolicArray
Version: V-2023.12
Date   : Mon Apr  6 03:39:33 2026
****************************************

Library(s) Used:

    tcbn28hpcplusbwp30p140ffg0p99v0c_ccs (File: /hpc/Tech/TSMC/digital/N28/digital/Front_End/timing_power_noise/CCS/tcbn28hpcplusbwp30p140_180a/tcbn28hpcplusbwp30p140ffg0p99v0c_ccs.db)

Number of ports:                         3666
Number of nets:                         78419
Number of cells:                        73716
Number of combinational cells:          71668
Number of sequential cells:              1984
Number of macros/black boxes:               0
Number of buf/inv:                      13888
Number of references:                      64

Combinational area:              38939.795998
Buf/Inv area:                     3728.214050
Noncombinational area:            3821.201953
Macro/Black Box area:                0.000000
Net Interconnect area:      undefined  (Wire load has zero net area)

Total cell area:                 42760.997952
Total area:                 undefined

Hierarchical area distribution
------------------------------

                                  Global cell area            Local cell area
                                  -------------------  ----------------------------- 
Hierarchical cell                 Absolute    Percent  Combi-      Noncombi-  Black-
                                  Total       Total    national    national   boxes   Design
--------------------------------  ----------  -------  ----------  ---------  ------  ---------
SystolicArray                     42760.9980    100.0      0.0000     0.0000  0.0000  SystolicArray
pes_0                               657.9720      1.5    595.9800    61.9920  0.0000  PE_63
pes_0_1                             658.9800      1.5    596.9880    61.9920  0.0000  PE_55
pes_0_2                             667.2960      1.6    604.5480    62.7480  0.0000  PE_47
pes_0_3                             654.9480      1.5    592.5780    62.3700  0.0000  PE_39
pes_0_4                             655.0740      1.5    591.9480    63.1260  0.0000  PE_31
pes_0_5                             657.7200      1.5    595.7280    61.9920  0.0000  PE_23
pes_0_6                             654.8220      1.5    592.8300    61.9920  0.0000  PE_15
pes_0_7                             657.9720      1.5    595.9800    61.9920  0.0000  PE_7
pes_1                               670.4460      1.6    609.5880    60.8580  0.0000  PE_62
pes_1_1                             678.5100      1.6    616.8960    61.6140  0.0000  PE_54
pes_1_2                             678.1320      1.6    616.8960    61.2360  0.0000  PE_46
pes_1_3                             674.4780      1.6    612.4860    61.9920  0.0000  PE_38
pes_1_4                             673.8480      1.6    612.9900    60.8580  0.0000  PE_30
pes_1_5                             673.8480      1.6    611.8560    61.9920  0.0000  PE_22
pes_1_6                             676.4940      1.6    614.1240    62.3700  0.0000  PE_14
pes_1_7                             677.8800      1.6    615.8880    61.9920  0.0000  PE_6
pes_2                               678.0060      1.6    615.6360    62.3700  0.0000  PE_61
pes_2_1                             676.4940      1.6    614.5020    61.9920  0.0000  PE_53
pes_2_2                             674.6040      1.6    612.6120    61.9920  0.0000  PE_45
pes_2_3                             673.2180      1.6    612.1080    61.1100  0.0000  PE_37
pes_2_4                             673.5960      1.6    611.6040    61.9920  0.0000  PE_29
pes_2_5                             674.8560      1.6    613.2420    61.6140  0.0000  PE_21
pes_2_6                             675.8640      1.6    615.0060    60.8580  0.0000  PE_13
pes_2_7                             676.7460      1.6    614.7540    61.9920  0.0000  PE_5
pes_3                               672.0840      1.6    610.4700    61.6140  0.0000  PE_60
pes_3_1                             680.6520      1.6    619.0380    61.6140  0.0000  PE_52
pes_3_2                             677.1240      1.6    615.1320    61.9920  0.0000  PE_44
pes_3_3                             677.7540      1.6    616.8960    60.8580  0.0000  PE_36
pes_3_4                             673.0920      1.6    611.8560    61.2360  0.0000  PE_28
pes_3_5                             678.2580      1.6    615.8880    62.3700  0.0000  PE_20
pes_3_6                             675.8640      1.6    614.2500    61.6140  0.0000  PE_12
pes_3_7                             670.8240      1.6    609.2100    61.6140  0.0000  PE_4
pes_4                               672.4620      1.6    609.7140    62.7480  0.0000  PE_59
pes_4_1                             673.5960      1.6    610.8480    62.7480  0.0000  PE_51
pes_4_2                             675.2340      1.6    612.8640    62.3700  0.0000  PE_43
pes_4_3                             679.7700      1.6    617.7780    61.9920  0.0000  PE_35
pes_4_4                             676.7460      1.6    613.6200    63.1260  0.0000  PE_27
pes_4_5                             675.7380      1.6    613.7460    61.9920  0.0000  PE_19
pes_4_6                             678.7620      1.6    616.7700    61.9920  0.0000  PE_11
pes_4_7                             671.7060      1.6    610.8480    60.8580  0.0000  PE_3
pes_5                               668.1780      1.6    606.9420    61.2360  0.0000  PE_58
pes_5_1                             674.8560      1.6    613.6200    61.2360  0.0000  PE_50
pes_5_2                             681.2820      1.6    619.2900    61.9920  0.0000  PE_42
pes_5_3                             672.5880      1.6    611.3520    61.2360  0.0000  PE_34
pes_5_4                             667.6740      1.6    606.8160    60.8580  0.0000  PE_26
pes_5_5                             669.9420      1.6    607.6980    62.2440  0.0000  PE_18
pes_5_6                             678.0060      1.6    616.0140    61.9920  0.0000  PE_10
pes_5_7                             673.0920      1.6    611.1000    61.9920  0.0000  PE_2
pes_6                               672.9660      1.6    612.1080    60.8580  0.0000  PE_57
pes_6_1                             674.1000      1.6    613.2420    60.8580  0.0000  PE_49
pes_6_2                             674.3520      1.6    613.4940    60.8580  0.0000  PE_41
pes_6_3                             674.1000      1.6    612.4860    61.6140  0.0000  PE_33
pes_6_4                             671.9580      1.6    610.3440    61.6140  0.0000  PE_25
pes_6_5                             665.7840      1.6    604.9260    60.8580  0.0000  PE_17
pes_6_6                             672.3360      1.6    611.1000    61.2360  0.0000  PE_9
pes_6_7                             676.4940      1.6    614.8800    61.6140  0.0000  PE_1
pes_7                               637.4340      1.5    592.0740    45.3600  0.0000  PE_56
pes_7_1                             638.3160      1.5    592.9560    45.3600  0.0000  PE_48
pes_7_2                             643.9860      1.5    598.6260    45.3600  0.0000  PE_40
pes_7_3                             634.7880      1.5    589.4280    45.3600  0.0000  PE_32
pes_7_4                             636.1740      1.5    590.5620    45.6120  0.0000  PE_24
pes_7_5                             643.9860      1.5    598.6260    45.3600  0.0000  PE_16
pes_7_6                             639.0720      1.5    593.7120    45.3600  0.0000  PE_8
pes_7_7                             638.0640      1.5    592.7040    45.3600  0.0000  PE_0
--------------------------------  ----------  -------  ----------  ---------  ------  ---------
Total                                                  38939.7960  3821.2020  0.0000

1
