Information: Updating design information... (UID-85)
Warning: Design 'SystolicArray' contains 1 high-fanout nets. A fanout number of 1000 will be used for delay calculations involving these nets. (TIM-134)
 
****************************************
Report : timing
        -path full
        -delay max
        -nets
        -max_paths 1
        -transition_time
Design : SystolicArray
Version: V-2023.12
Date   : Mon Apr  6 03:39:33 2026
****************************************

 # A fanout number of 1000 was used for high fanout net computations.

Operating Conditions: ffg0p99v0c   Library: tcbn28hpcplusbwp30p140ffg0p99v0c_ccs
Wire Load Model Mode: segmented

  Startpoint: pes_4_6/regW_bits_reg[2]
              (rising edge-triggered flip-flop clocked by ideal_clock1)
  Endpoint: pes_5_6/regS_bits_reg[10]
            (rising edge-triggered flip-flop clocked by ideal_clock1)
  Path Group: ideal_clock1
  Path Type: max

  Des/Clust/Port     Wire Load Model       Library
  ------------------------------------------------
  PE_48              ZeroWireload          tcbn28hpcplusbwp30p140ffg0p99v0c_ccs
  PE_40              ZeroWireload          tcbn28hpcplusbwp30p140ffg0p99v0c_ccs
  PE_32              ZeroWireload          tcbn28hpcplusbwp30p140ffg0p99v0c_ccs
  PE_24              ZeroWireload          tcbn28hpcplusbwp30p140ffg0p99v0c_ccs
  PE_16              ZeroWireload          tcbn28hpcplusbwp30p140ffg0p99v0c_ccs
  PE_8               ZeroWireload          tcbn28hpcplusbwp30p140ffg0p99v0c_ccs
  PE_0               ZeroWireload          tcbn28hpcplusbwp30p140ffg0p99v0c_ccs
  PE_62              ZeroWireload          tcbn28hpcplusbwp30p140ffg0p99v0c_ccs
  PE_61              ZeroWireload          tcbn28hpcplusbwp30p140ffg0p99v0c_ccs
  PE_60              ZeroWireload          tcbn28hpcplusbwp30p140ffg0p99v0c_ccs
  PE_59              ZeroWireload          tcbn28hpcplusbwp30p140ffg0p99v0c_ccs
  PE_58              ZeroWireload          tcbn28hpcplusbwp30p140ffg0p99v0c_ccs
  PE_57              ZeroWireload          tcbn28hpcplusbwp30p140ffg0p99v0c_ccs
  PE_55              ZeroWireload          tcbn28hpcplusbwp30p140ffg0p99v0c_ccs
  PE_54              ZeroWireload          tcbn28hpcplusbwp30p140ffg0p99v0c_ccs
  PE_53              ZeroWireload          tcbn28hpcplusbwp30p140ffg0p99v0c_ccs
  PE_52              ZeroWireload          tcbn28hpcplusbwp30p140ffg0p99v0c_ccs
  PE_51              ZeroWireload          tcbn28hpcplusbwp30p140ffg0p99v0c_ccs
  PE_50              ZeroWireload          tcbn28hpcplusbwp30p140ffg0p99v0c_ccs
  PE_49              ZeroWireload          tcbn28hpcplusbwp30p140ffg0p99v0c_ccs
  PE_47              ZeroWireload          tcbn28hpcplusbwp30p140ffg0p99v0c_ccs
  PE_46              ZeroWireload          tcbn28hpcplusbwp30p140ffg0p99v0c_ccs
  PE_45              ZeroWireload          tcbn28hpcplusbwp30p140ffg0p99v0c_ccs
  PE_44              ZeroWireload          tcbn28hpcplusbwp30p140ffg0p99v0c_ccs
  PE_43              ZeroWireload          tcbn28hpcplusbwp30p140ffg0p99v0c_ccs
  PE_42              ZeroWireload          tcbn28hpcplusbwp30p140ffg0p99v0c_ccs
  PE_41              ZeroWireload          tcbn28hpcplusbwp30p140ffg0p99v0c_ccs
  PE_39              ZeroWireload          tcbn28hpcplusbwp30p140ffg0p99v0c_ccs
  PE_38              ZeroWireload          tcbn28hpcplusbwp30p140ffg0p99v0c_ccs
  PE_37              ZeroWireload          tcbn28hpcplusbwp30p140ffg0p99v0c_ccs
  PE_36              ZeroWireload          tcbn28hpcplusbwp30p140ffg0p99v0c_ccs
  PE_35              ZeroWireload          tcbn28hpcplusbwp30p140ffg0p99v0c_ccs
  PE_34              ZeroWireload          tcbn28hpcplusbwp30p140ffg0p99v0c_ccs
  PE_33              ZeroWireload          tcbn28hpcplusbwp30p140ffg0p99v0c_ccs
  PE_31              ZeroWireload          tcbn28hpcplusbwp30p140ffg0p99v0c_ccs
  PE_30              ZeroWireload          tcbn28hpcplusbwp30p140ffg0p99v0c_ccs
  PE_29              ZeroWireload          tcbn28hpcplusbwp30p140ffg0p99v0c_ccs
  PE_28              ZeroWireload          tcbn28hpcplusbwp30p140ffg0p99v0c_ccs
  PE_27              ZeroWireload          tcbn28hpcplusbwp30p140ffg0p99v0c_ccs
  PE_26              ZeroWireload          tcbn28hpcplusbwp30p140ffg0p99v0c_ccs
  PE_25              ZeroWireload          tcbn28hpcplusbwp30p140ffg0p99v0c_ccs
  PE_23              ZeroWireload          tcbn28hpcplusbwp30p140ffg0p99v0c_ccs
  PE_22              ZeroWireload          tcbn28hpcplusbwp30p140ffg0p99v0c_ccs
  PE_21              ZeroWireload          tcbn28hpcplusbwp30p140ffg0p99v0c_ccs
  PE_20              ZeroWireload          tcbn28hpcplusbwp30p140ffg0p99v0c_ccs
  PE_19              ZeroWireload          tcbn28hpcplusbwp30p140ffg0p99v0c_ccs
  PE_18              ZeroWireload          tcbn28hpcplusbwp30p140ffg0p99v0c_ccs
  PE_17              ZeroWireload          tcbn28hpcplusbwp30p140ffg0p99v0c_ccs
  PE_15              ZeroWireload          tcbn28hpcplusbwp30p140ffg0p99v0c_ccs
  PE_14              ZeroWireload          tcbn28hpcplusbwp30p140ffg0p99v0c_ccs
  PE_13              ZeroWireload          tcbn28hpcplusbwp30p140ffg0p99v0c_ccs
  PE_12              ZeroWireload          tcbn28hpcplusbwp30p140ffg0p99v0c_ccs
  PE_11              ZeroWireload          tcbn28hpcplusbwp30p140ffg0p99v0c_ccs
  PE_10              ZeroWireload          tcbn28hpcplusbwp30p140ffg0p99v0c_ccs
  PE_9               ZeroWireload          tcbn28hpcplusbwp30p140ffg0p99v0c_ccs
  PE_7               ZeroWireload          tcbn28hpcplusbwp30p140ffg0p99v0c_ccs
  PE_6               ZeroWireload          tcbn28hpcplusbwp30p140ffg0p99v0c_ccs
  PE_5               ZeroWireload          tcbn28hpcplusbwp30p140ffg0p99v0c_ccs
  PE_4               ZeroWireload          tcbn28hpcplusbwp30p140ffg0p99v0c_ccs
  PE_3               ZeroWireload          tcbn28hpcplusbwp30p140ffg0p99v0c_ccs
  PE_2               ZeroWireload          tcbn28hpcplusbwp30p140ffg0p99v0c_ccs
  PE_1               ZeroWireload          tcbn28hpcplusbwp30p140ffg0p99v0c_ccs
  PE_56              ZeroWireload          tcbn28hpcplusbwp30p140ffg0p99v0c_ccs
  SystolicArray      ZeroWireload          tcbn28hpcplusbwp30p140ffg0p99v0c_ccs
  PE_63              ZeroWireload          tcbn28hpcplusbwp30p140ffg0p99v0c_ccs

Attributes:
    d - dont_touch
    u - dont_use
   mo - map_only
   so - size_only
    i - ideal_net or ideal_network
  inf - infeasible path

  Point                                            Fanout     Trans      Incr       Path      Attributes
  --------------------------------------------------------------------------------------------------------------
  clock ideal_clock1 (rise edge)                                         0.00       0.00
  clock network delay (ideal)                                            0.00       0.00
  pes_4_6/regW_bits_reg[2]/CP (DFQD2BWP30P140)                 0.00      0.00 #     0.00 r
  pes_4_6/regW_bits_reg[2]/Q (DFQD2BWP30P140)                  0.01      0.04       0.04 f
  pes_4_6/regW_bits[2] (net)                         5                   0.00       0.04 f
  pes_4_6/U1077/Z (MUX2OPTD2BWP30P140)                         0.01      0.02       0.06 f
  pes_4_6/io_eastOut_bits[2] (net)                   5                   0.00       0.06 f
  pes_4_6/io_eastOut_bits[2] (PE_11)                                     0.00       0.06 f
  _pes_4_6_io_eastOut_bits[2] (net)                                      0.00       0.06 f
  pes_5_6/io_westIn_bits[2] (PE_10)                                      0.00       0.06 f
  pes_5_6/io_westIn_bits[2] (net)                                        0.00       0.06 f
  pes_5_6/U289/CO (HA1D2BWP30P140)                             0.01      0.01       0.07 f
  pes_5_6/n81 (net)                                  1                   0.00       0.07 f
  pes_5_6/U283/CO (FA1D2BWP30P140)                             0.01      0.02       0.09 f
  pes_5_6/n77 (net)                                  1                   0.00       0.09 f
  pes_5_6/U277/CO (FA1OPTCD2BWP30P140)                         0.01      0.01       0.11 f
  pes_5_6/n70 (net)                                  1                   0.00       0.11 f
  pes_5_6/U270/CO (FA1OPTCD1BWP30P140)                         0.01      0.02       0.12 f
  pes_5_6/n103 (net)                                 1                   0.00       0.12 f
  pes_5_6/U303/S (FA1OPTCD1BWP30P140)                          0.01      0.03       0.15 f
  pes_5_6/n69 (net)                                  1                   0.00       0.15 f
  pes_5_6/U266/Z (CKAN2D1BWP30P140)                            0.01      0.02       0.17 f
  pes_5_6/n111 (net)                                 4                   0.00       0.17 f
  pes_5_6/U301/ZN (ND2D1BWP30P140)                             0.01      0.01       0.18 r
  pes_5_6/n100 (net)                                 1                   0.00       0.18 r
  pes_5_6/U302/ZN (OAI21D1BWP30P140)                           0.02      0.01       0.19 f
  pes_5_6/n107 (net)                                 1                   0.00       0.19 f
  pes_5_6/U306/ZN (AOI21D2BWP30P140)                           0.01      0.01       0.20 r
  pes_5_6/n108 (net)                                 1                   0.00       0.20 r
  pes_5_6/U307/Z (BUFFD12BWP30P140)                            0.01      0.01       0.21 r
  pes_5_6/n1014 (net)                               29                   0.00       0.21 r
  pes_5_6/U68/ZN (MUX2NUD1BWP30P140)                           0.02      0.02       0.23 r
  pes_5_6/n1 (net)                                   2                   0.00       0.23 r
  pes_5_6/U314/Z (OR2D2BWP30P140)                              0.01      0.02       0.25 r
  pes_5_6/n130 (net)                                 1                   0.00       0.25 r
  pes_5_6/U330/CO (FA1D4BWP30P140)                             0.01      0.02       0.27 r
  pes_5_6/n127 (net)                                 1                   0.00       0.27 r
  pes_5_6/U320/CO (FA1OPTCD1BWP30P140)                         0.01      0.02       0.29 r
  pes_5_6/n125 (net)                                 1                   0.00       0.29 r
  pes_5_6/U317/S (FA1OPTCD2BWP30P140)                          0.02      0.04       0.33 f
  pes_5_6/n126 (net)                                 9                   0.00       0.33 f
  pes_5_6/U414/ZN (NR2D1BWP30P140)                             0.01      0.01       0.34 r
  pes_5_6/n192 (net)                                 1                   0.00       0.34 r
  pes_5_6/U415/ZN (INR2D2BWP30P140)                            0.01      0.02       0.35 r
  pes_5_6/n242 (net)                                 4                   0.00       0.35 r
  pes_5_6/U464/ZN (INVD1BWP30P140)                             0.01      0.01       0.36 f
  pes_5_6/n243 (net)                                 2                   0.00       0.36 f
  pes_5_6/U469/ZN (ND2D1BWP30P140)                             0.01      0.01       0.37 r
  pes_5_6/n247 (net)                                 1                   0.00       0.37 r
  pes_5_6/U101/ZN (AOI211OPTREPBD1BWP30P140)                   0.02      0.01       0.37 f
  pes_5_6/n253 (net)                                 1                   0.00       0.37 f
  pes_5_6/U473/ZN (AOI211OPTREPBD1BWP30P140)                   0.02      0.01       0.39 r
  pes_5_6/n268 (net)                                 1                   0.00       0.39 r
  pes_5_6/U479/ZN (OAI211OPTREPBD2BWP30P140)                   0.02      0.01       0.40 f
  pes_5_6/n271 (net)                                 1                   0.00       0.40 f
  pes_5_6/U480/Z (XOR2OPTND2BWP30P140)                         0.02      0.01       0.42 f
  pes_5_6/n760 (net)                                 2                   0.00       0.42 f
  pes_5_6/U481/ZN (ND2D3BWP30P140)                             0.01      0.01       0.42 r
  pes_5_6/n761 (net)                                 4                   0.00       0.42 r
  pes_5_6/U492/ZN (NR2D1BWP30P140)                             0.01      0.01       0.43 f
  pes_5_6/n512 (net)                                 2                   0.00       0.43 f
  pes_5_6/U493/ZN (ND2OPTIBD2BWP30P140)                        0.01      0.01       0.44 r
  pes_5_6/n379 (net)                                 2                   0.00       0.44 r
  pes_5_6/U494/ZN (NR2D1BWP30P140)                             0.01      0.01       0.45 f
  pes_5_6/n376 (net)                                 2                   0.00       0.45 f
  pes_5_6/U158/ZN (INVD2BWP30P140)                             0.01      0.01       0.46 r
  pes_5_6/n461 (net)                                 4                   0.00       0.46 r
  pes_5_6/U46/ZN (OAI21D1BWP30P140)                            0.02      0.01       0.47 f
  pes_5_6/n424 (net)                                 2                   0.00       0.47 f
  pes_5_6/U578/ZN (INVD1BWP30P140)                             0.01      0.01       0.48 r
  pes_5_6/n435 (net)                                 2                   0.00       0.48 r
  pes_5_6/U50/ZN (OAI21D1BWP30P140)                            0.02      0.01       0.49 f
  pes_5_6/n441 (net)                                 2                   0.00       0.49 f
  pes_5_6/U597/ZN (XNR2UD1BWP30P140)                           0.02      0.02       0.51 f
  pes_5_6/n446 (net)                                 3                   0.00       0.51 f
  pes_5_6/U602/ZN (INVD0BWP30P140)                             0.01      0.01       0.52 r
  pes_5_6/n448 (net)                                 1                   0.00       0.52 r
  pes_5_6/U603/ZN (ND2D1BWP30P140)                             0.01      0.01       0.53 f
  pes_5_6/n449 (net)                                 1                   0.00       0.53 f
  pes_5_6/U604/ZN (NR2D1BWP30P140)                             0.01      0.01       0.53 r
  pes_5_6/n451 (net)                                 1                   0.00       0.53 r
  pes_5_6/U199/Z (CKAN2D1BWP30P140)                            0.01      0.02       0.55 r
  pes_5_6/n52 (net)                                  5                   0.00       0.55 r
  pes_5_6/U608/ZN (ND2D1BWP30P140)                             0.01      0.01       0.56 f
  pes_5_6/n467 (net)                                 1                   0.00       0.56 f
  pes_5_6/U141/Z (XOR2UD0BWP30P140)                            0.03      0.01       0.58 f
  pes_5_6/n468 (net)                                 1                   0.00       0.58 f
  pes_5_6/U140/Z (MUX2OPTD2BWP30P140)                          0.01      0.02       0.60 f
  pes_5_6/macOut_mac/l00OOO0l[21] (net)              6                   0.00       0.60 f
  pes_5_6/macOut_mac/U9/U1/UORT0_1_12/ZN (NR2D1BWP30P140)      0.01      0.01       0.61 r    mo 
  pes_5_6/macOut_mac/U9/U1/enc_tree[1][1][24] (net)     2                0.00       0.61 r
  pes_5_6/macOut_mac/U9/U1/UORT1_2_6/ZN (ND2D1BWP30P140)       0.01      0.01       0.62 f    mo 
  pes_5_6/macOut_mac/U9/U1/enc_tree[2][2][24] (net)     3                0.00       0.62 f
  pes_5_6/U1082/ZN (NR2D1BWP30P140)                            0.01      0.01       0.63 r    mo 
  pes_5_6/macOut_mac/U9/U1/enc_tree[3][3][24] (net)     2                0.00       0.63 r
  pes_5_6/U24/ZN (ND2D1BWP30P140)                              0.02      0.02       0.65 f    mo 
  pes_5_6/macOut_mac/U9/U1/enc_tree[4][4][16] (net)     3                0.00       0.65 f
  pes_5_6/U224/S (HA1D1BWP30P140)                              0.01      0.02       0.66 f
  pes_5_6/n562 (net)                                 2                   0.00       0.66 f
  pes_5_6/U668/ZN (NR2D1BWP30P140)                             0.01      0.01       0.67 r
  pes_5_6/n565 (net)                                 2                   0.00       0.67 r
  pes_5_6/U675/ZN (OAI21D1BWP30P140)                           0.02      0.01       0.69 f
  pes_5_6/n566 (net)                                 1                   0.00       0.69 f
  pes_5_6/U676/ZN (AOI21D2BWP30P140)                           0.01      0.01       0.70 r
  pes_5_6/n571 (net)                                 1                   0.00       0.70 r
  pes_5_6/U85/ZN (ND2D3BWP30P140)                              0.02      0.01       0.71 f
  pes_5_6/n612 (net)                                 7                   0.00       0.71 f
  pes_5_6/U23/ZN (INR2D2BWP30P140)                             0.01      0.01       0.72 r
  pes_5_6/n611 (net)                                 5                   0.00       0.72 r
  pes_5_6/U22/ZN (ND2D1BWP30P140)                              0.02      0.01       0.74 f
  pes_5_6/n582 (net)                                 1                   0.00       0.74 f
  pes_5_6/U136/ZN (ND2D4BWP30P140)                             0.01      0.01       0.75 r
  pes_5_6/n835 (net)                                10                   0.00       0.75 r
  pes_5_6/U688/ZN (INR2D4BWP30P140)                            0.02      0.02       0.77 r
  pes_5_6/n818 (net)                                12                   0.00       0.77 r
  pes_5_6/U689/ZN (INVD1BWP30P140)                             0.02      0.02       0.78 f
  pes_5_6/n736 (net)                                11                   0.00       0.78 f
  pes_5_6/U783/ZN (OAI22D1BWP30P140)                           0.02      0.01       0.80 r
  pes_5_6/n649 (net)                                 1                   0.00       0.80 r
  pes_5_6/U785/ZN (NR2D1BWP30P140)                             0.01      0.01       0.80 f
  pes_5_6/n718 (net)                                 3                   0.00       0.80 f
  pes_5_6/U861/ZN (INVD0BWP30P140)                             0.01      0.01       0.82 r
  pes_5_6/n750 (net)                                 2                   0.00       0.82 r
  pes_5_6/U885/ZN (AOI21D1BWP30P140)                           0.01      0.01       0.82 f
  pes_5_6/n753 (net)                                 1                   0.00       0.82 f
  pes_5_6/U887/ZN (AOI211D1BWP30P140)                          0.02      0.02       0.84 r
  pes_5_6/n771 (net)                                 1                   0.00       0.84 r
  pes_5_6/U895/ZN (ND4D1BWP30P140)                             0.02      0.02       0.86 f
  pes_5_6/n789 (net)                                 1                   0.00       0.86 f
  pes_5_6/U904/ZN (OAI31D1BWP30P140)                           0.02      0.02       0.87 r
  pes_5_6/n791 (net)                                 1                   0.00       0.87 r
  pes_5_6/U10/Z (BUFFD3BWP30P140)                              0.02      0.02       0.89 r
  pes_5_6/n942 (net)                                12                   0.00       0.89 r
  pes_5_6/U985/ZN (MUX2NUD1BWP30P140)                          0.02      0.02       0.91 r
  pes_5_6/n1000 (net)                                2                   0.00       0.91 r
  pes_5_6/U986/ZN (ND2D1BWP30P140)                             0.01      0.01       0.92 f
  pes_5_6/n935 (net)                                 1                   0.00       0.92 f
  pes_5_6/U988/ZN (NR4D0BWP30P140)                             0.02      0.02       0.93 r
  pes_5_6/n945 (net)                                 1                   0.00       0.93 r
  pes_5_6/U992/Z (AN4D2BWP30P140)                              0.01      0.03       0.96 r
  pes_5_6/n1045 (net)                                4                   0.00       0.96 r
  pes_5_6/U73/ZN (NR3D1P5BWP30P140)                            0.01      0.01       0.97 f
  pes_5_6/n973 (net)                                 1                   0.00       0.97 f
  pes_5_6/U1016/ZN (AOI22D2BWP30P140)                          0.02      0.01       0.98 r
  pes_5_6/n992 (net)                                 5                   0.00       0.98 r
  pes_5_6/U1027/ZN (OAI211D1BWP30P140)                         0.02      0.02       1.00 f
  pes_5_6/n1072 (net)                                1                   0.00       1.00 f
  pes_5_6/regS_bits_reg[10]/D (DFQD1BWP30P140)                 0.02      0.00       1.00 f
  data arrival time                                                                 1.00

  clock ideal_clock1 (rise edge)                                         1.00       1.00
  clock network delay (ideal)                                            0.00       1.00
  pes_5_6/regS_bits_reg[10]/CP (DFQD1BWP30P140)                          0.00       1.00 r
  library setup time                                                     0.00       1.00
  data required time                                                                1.00
  --------------------------------------------------------------------------------------------------------------
  data required time                                                                1.00
  data arrival time                                                                -1.00
  --------------------------------------------------------------------------------------------------------------
  slack (MET)                                                                       0.00


1
