 
****************************************
Report : area
Design : SystolicArray
Version: V-2023.12
Date   : Mon Apr  6 14:51:51 2026
****************************************

Library(s) Used:

    tcbn28hpcplusbwp30p140ffg0p99v0c_ccs (File: /hpc/Tech/TSMC/digital/N28/digital/Front_End/timing_power_noise/CCS/tcbn28hpcplusbwp30p140_180a/tcbn28hpcplusbwp30p140ffg0p99v0c_ccs.db)

Number of ports:                        21642
Number of nets:                        494352
Number of cells:                       465945
Number of combinational cells:         452905
Number of sequential cells:             12640
Number of macros/black boxes:               0
Number of buf/inv:                      89027
Number of references:                     402

Combinational area:             245231.028090
Buf/Inv area:                    23700.096319
Noncombinational area:           24130.133758
Macro/Black Box area:                0.000000
Net Interconnect area:      undefined  (Wire load has zero net area)

Total cell area:                269361.161848
Total area:                 undefined

Hierarchical area distribution
------------------------------

                                  Global cell area              Local cell area
                                  --------------------  ------------------------------- 
Hierarchical cell                 Absolute     Percent  Combi-       Noncombi-   Black-
                                  Total        Total    national     national    boxes   Design
--------------------------------  -----------  -------  -----------  ----------  ------  ---------
SystolicArray                     269361.1618    100.0       1.6380      0.0000  0.0000  SystolicArray
pes_0                                658.3500      0.2     596.7360     61.6140  0.0000  PE_399
pes_0_1                              658.4760      0.2     597.2400     61.2360  0.0000  PE_379
pes_0_10                             664.7760      0.2     602.4060     62.3700  0.0000  PE_199
pes_0_11                             659.7360      0.2     599.2560     60.4800  0.0000  PE_179
pes_0_12                             656.4600      0.2     594.8460     61.6140  0.0000  PE_159
pes_0_13                             658.6020      0.2     595.8540     62.7480  0.0000  PE_139
pes_0_14                             655.4520      0.2     593.8380     61.6140  0.0000  PE_119
pes_0_15                             657.3420      0.2     596.1060     61.2360  0.0000  PE_99
pes_0_16                             654.1920      0.2     592.9560     61.2360  0.0000  PE_79
pes_0_17                             660.2400      0.2     599.7600     60.4800  0.0000  PE_59
pes_0_18                             655.7040      0.2     594.0900     61.6140  0.0000  PE_39
pes_0_19                             657.9720      0.2     596.7360     61.2360  0.0000  PE_19
pes_0_2                              655.3260      0.2     593.7120     61.6140  0.0000  PE_359
pes_0_3                              657.5940      0.2     596.7360     60.8580  0.0000  PE_339
pes_0_4                              657.9720      0.2     596.7360     61.2360  0.0000  PE_319
pes_0_5                              659.1060      0.2     597.4920     61.6140  0.0000  PE_299
pes_0_6                              664.6500      0.2     603.7920     60.8580  0.0000  PE_279
pes_0_7                              660.7440      0.2     599.1300     61.6140  0.0000  PE_259
pes_0_8                              657.3420      0.2     594.7200     62.6220  0.0000  PE_239
pes_0_9                              663.8940      0.2     603.4140     60.4800  0.0000  PE_219
pes_1                                675.3600      0.3     614.8800     60.4800  0.0000  PE_398
pes_10                               675.2340      0.3     614.3760     60.8580  0.0000  PE_389
pes_10_1                             677.8800      0.3     616.6440     61.2360  0.0000  PE_369
pes_10_10                            677.1240      0.3     616.2660     60.8580  0.0000  PE_189
pes_10_11                            679.0140      0.3     618.1560     60.8580  0.0000  PE_169
pes_10_12                            677.1240      0.3     615.5100     61.6140  0.0000  PE_149
pes_10_13                            672.7140      0.2     611.4780     61.2360  0.0000  PE_129
pes_10_14                            672.2100      0.2     610.9740     61.2360  0.0000  PE_109
pes_10_15                            674.6040      0.3     614.1240     60.4800  0.0000  PE_89
pes_10_16                            675.1080      0.3     613.4940     61.6140  0.0000  PE_69
pes_10_17                            675.1080      0.3     614.2500     60.8580  0.0000  PE_49
pes_10_18                            677.3760      0.3     615.7620     61.6140  0.0000  PE_29
pes_10_19                            673.3440      0.2     612.8640     60.4800  0.0000  PE_9
pes_10_2                             674.9820      0.3     614.1240     60.8580  0.0000  PE_349
pes_10_3                             684.5580      0.3     623.3220     61.2360  0.0000  PE_329
pes_10_4                             676.4940      0.3     615.2580     61.2360  0.0000  PE_309
pes_10_5                             682.7940      0.3     622.3140     60.4800  0.0000  PE_289
pes_10_6                             673.4700      0.3     612.9900     60.4800  0.0000  PE_269
pes_10_7                             679.5180      0.3     618.6600     60.8580  0.0000  PE_249
pes_10_8                             673.0920      0.2     612.6120     60.4800  0.0000  PE_229
pes_10_9                             676.2420      0.3     615.0060     61.2360  0.0000  PE_209
pes_11                               681.4080      0.3     620.9280     60.4800  0.0000  PE_388
pes_11_1                             671.7060      0.2     610.8480     60.8580  0.0000  PE_368
pes_11_10                            677.2500      0.3     615.2580     61.9920  0.0000  PE_188
pes_11_11                            673.7220      0.3     612.4860     61.2360  0.0000  PE_168
pes_11_12                            675.4860      0.3     615.0060     60.4800  0.0000  PE_148
pes_11_13                            679.2660      0.3     618.0300     61.2360  0.0000  PE_128
pes_11_14                            677.2500      0.3     616.3920     60.8580  0.0000  PE_108
pes_11_15                            674.2260      0.3     612.9900     61.2360  0.0000  PE_88
pes_11_16                            673.4700      0.3     612.9900     60.4800  0.0000  PE_68
pes_11_17                            672.7140      0.2     612.2340     60.4800  0.0000  PE_48
pes_11_18                            681.2820      0.3     620.8020     60.4800  0.0000  PE_28
pes_11_19                            673.3440      0.2     612.4860     60.8580  0.0000  PE_8
pes_11_2                             683.1720      0.3     621.9360     61.2360  0.0000  PE_348
pes_11_3                             673.9740      0.3     613.4940     60.4800  0.0000  PE_328
pes_11_4                             676.4940      0.3     616.0140     60.4800  0.0000  PE_308
pes_11_5                             678.6360      0.3     617.0220     61.6140  0.0000  PE_288
pes_11_6                             678.3840      0.3     617.9040     60.4800  0.0000  PE_268
pes_11_7                             674.3520      0.3     612.3600     61.9920  0.0000  PE_248
pes_11_8                             673.8480      0.3     612.9900     60.8580  0.0000  PE_228
pes_11_9                             675.6120      0.3     615.1320     60.4800  0.0000  PE_208
pes_12                               674.2260      0.3     612.2340     61.9920  0.0000  PE_387
pes_12_1                             684.1800      0.3     623.3220     60.8580  0.0000  PE_367
pes_12_10                            673.9740      0.3     612.7380     61.2360  0.0000  PE_187
pes_12_11                            676.1160      0.3     614.8800     61.2360  0.0000  PE_167
pes_12_12                            673.0920      0.2     612.2340     60.8580  0.0000  PE_147
pes_12_13                            676.1160      0.3     614.8800     61.2360  0.0000  PE_127
pes_12_14                            673.4700      0.3     611.8560     61.6140  0.0000  PE_107
pes_12_15                            678.0060      0.3     617.1480     60.8580  0.0000  PE_87
pes_12_16                            678.6360      0.3     617.7780     60.8580  0.0000  PE_67
pes_12_17                            678.2580      0.3     617.4000     60.8580  0.0000  PE_47
pes_12_18                            679.6440      0.3     617.6520     61.9920  0.0000  PE_27
pes_12_19                            678.0060      0.3     616.7700     61.2360  0.0000  PE_7
pes_12_2                             673.3440      0.2     612.1080     61.2360  0.0000  PE_347
pes_12_3                             682.9200      0.3     622.4400     60.4800  0.0000  PE_327
pes_12_4                             673.7220      0.3     611.3520     62.3700  0.0000  PE_307
pes_12_5                             676.9980      0.3     616.1400     60.8580  0.0000  PE_287
pes_12_6                             675.9900      0.3     613.6200     62.3700  0.0000  PE_267
pes_12_7                             676.2420      0.3     615.3840     60.8580  0.0000  PE_247
pes_12_8                             676.6200      0.3     615.7620     60.8580  0.0000  PE_227
pes_12_9                             672.4620      0.2     611.6040     60.8580  0.0000  PE_207
pes_13                               678.7620      0.3     617.5260     61.2360  0.0000  PE_386
pes_13_1                             677.1240      0.3     616.2660     60.8580  0.0000  PE_366
pes_13_10                            673.7220      0.3     613.2420     60.4800  0.0000  PE_186
pes_13_11                            676.9980      0.3     615.7620     61.2360  0.0000  PE_166
pes_13_12                            679.5180      0.3     618.6600     60.8580  0.0000  PE_146
pes_13_13                            672.0840      0.2     611.2260     60.8580  0.0000  PE_126
pes_13_14                            674.8560      0.3     613.9980     60.8580  0.0000  PE_106
pes_13_15                            675.6120      0.3     613.9980     61.6140  0.0000  PE_86
pes_13_16                            679.5180      0.3     618.6600     60.8580  0.0000  PE_66
pes_13_17                            674.7300      0.3     613.1160     61.6140  0.0000  PE_46
pes_13_18                            676.7460      0.3     615.5100     61.2360  0.0000  PE_26
pes_13_19                            672.5880      0.2     610.9740     61.6140  0.0000  PE_6
pes_13_2                             680.5260      0.3     619.4160     61.1100  0.0000  PE_346
pes_13_3                             675.1080      0.3     614.6280     60.4800  0.0000  PE_326
pes_13_4                             677.3760      0.3     616.1400     61.2360  0.0000  PE_306
pes_13_5                             676.9980      0.3     615.7620     61.2360  0.0000  PE_286
pes_13_6                             671.9580      0.2     611.4780     60.4800  0.0000  PE_266
pes_13_7                             675.4860      0.3     614.6280     60.8580  0.0000  PE_246
pes_13_8                             672.4620      0.2     611.9820     60.4800  0.0000  PE_226
pes_13_9                             673.9740      0.3     613.4940     60.4800  0.0000  PE_206
pes_14                               676.8720      0.3     616.0140     60.8580  0.0000  PE_385
pes_14_1                             674.4780      0.3     613.9980     60.4800  0.0000  PE_365
pes_14_10                            674.9820      0.3     614.5020     60.4800  0.0000  PE_185
pes_14_11                            678.3840      0.3     617.5260     60.8580  0.0000  PE_165
pes_14_12                            673.8480      0.3     612.6120     61.2360  0.0000  PE_145
pes_14_13                            677.7540      0.3     616.8960     60.8580  0.0000  PE_125
pes_14_14                            674.6040      0.3     612.9900     61.6140  0.0000  PE_105
pes_14_15                            681.7860      0.3     620.9280     60.8580  0.0000  PE_85
pes_14_16                            672.5880      0.2     610.9740     61.6140  0.0000  PE_65
pes_14_17                            676.8720      0.3     615.6360     61.2360  0.0000  PE_45
pes_14_18                            668.1780      0.2     606.5640     61.6140  0.0000  PE_25
pes_14_19                            677.6280      0.3     616.7700     60.8580  0.0000  PE_5
pes_14_2                             673.2180      0.2     611.6040     61.6140  0.0000  PE_345
pes_14_3                             674.3520      0.3     613.8720     60.4800  0.0000  PE_325
pes_14_4                             672.2100      0.2     610.9740     61.2360  0.0000  PE_305
pes_14_5                             673.7220      0.3     612.8640     60.8580  0.0000  PE_285
pes_14_6                             674.9820      0.3     614.1240     60.8580  0.0000  PE_265
pes_14_7                             672.3360      0.2     611.4780     60.8580  0.0000  PE_245
pes_14_8                             679.8960      0.3     619.0380     60.8580  0.0000  PE_225
pes_14_9                             679.5180      0.3     619.0380     60.4800  0.0000  PE_205
pes_15                               677.3760      0.3     616.8960     60.4800  0.0000  PE_384
pes_15_1                             676.2420      0.3     614.6280     61.6140  0.0000  PE_364
pes_15_10                            680.1480      0.3     619.2900     60.8580  0.0000  PE_184
pes_15_11                            673.7220      0.3     612.8640     60.8580  0.0000  PE_164
pes_15_12                            681.6600      0.3     620.8020     60.8580  0.0000  PE_144
pes_15_13                            674.6040      0.3     612.9900     61.6140  0.0000  PE_124
pes_15_14                            679.2660      0.3     618.4080     60.8580  0.0000  PE_104
pes_15_15                            674.7300      0.3     612.7380     61.9920  0.0000  PE_84
pes_15_16                            677.3760      0.3     616.8960     60.4800  0.0000  PE_64
pes_15_17                            674.3520      0.3     611.9820     62.3700  0.0000  PE_44
pes_15_18                            679.8960      0.3     618.6600     61.2360  0.0000  PE_24
pes_15_19                            671.4540      0.2     609.8400     61.6140  0.0000  PE_4
pes_15_2                             676.2420      0.3     615.3840     60.8580  0.0000  PE_344
pes_15_3                             671.8320      0.2     610.2180     61.6140  0.0000  PE_324
pes_15_4                             671.0760      0.2     609.8400     61.2360  0.0000  PE_304
pes_15_5                             676.7460      0.3     615.1320     61.6140  0.0000  PE_284
pes_15_6                             676.7460      0.3     615.1320     61.6140  0.0000  PE_264
pes_15_7                             672.0840      0.2     611.2260     60.8580  0.0000  PE_244
pes_15_8                             673.3440      0.2     612.8640     60.4800  0.0000  PE_224
pes_15_9                             668.8080      0.2     607.9500     60.8580  0.0000  PE_204
pes_16                               673.7220      0.3     612.4860     61.2360  0.0000  PE_383
pes_16_1                             674.9820      0.3     614.1240     60.8580  0.0000  PE_363
pes_16_10                            674.1000      0.3     613.2420     60.8580  0.0000  PE_183
pes_16_11                            680.7780      0.3     619.9200     60.8580  0.0000  PE_163
pes_16_12                            676.7460      0.3     615.1320     61.6140  0.0000  PE_143
pes_16_13                            683.2980      0.3     622.8180     60.4800  0.0000  PE_123
pes_16_14                            677.8800      0.3     615.8880     61.9920  0.0000  PE_103
pes_16_15                            674.4780      0.3     613.2420     61.2360  0.0000  PE_83
pes_16_16                            673.8480      0.3     611.1000     62.7480  0.0000  PE_63
pes_16_17                            671.4540      0.2     610.9740     60.4800  0.0000  PE_43
pes_16_18                            671.3280      0.2     609.7140     61.6140  0.0000  PE_23
pes_16_19                            673.4700      0.3     612.2340     61.2360  0.0000  PE_3
pes_16_2                             677.1240      0.3     615.1320     61.9920  0.0000  PE_343
pes_16_3                             673.0920      0.2     611.8560     61.2360  0.0000  PE_323
pes_16_4                             674.9820      0.3     612.9900     61.9920  0.0000  PE_303
pes_16_5                             669.1860      0.2     607.9500     61.2360  0.0000  PE_283
pes_16_6                             677.5020      0.3     616.6440     60.8580  0.0000  PE_263
pes_16_7                             675.7380      0.3     615.2580     60.4800  0.0000  PE_243
pes_16_8                             671.0760      0.2     609.4620     61.6140  0.0000  PE_223
pes_16_9                             680.7780      0.3     619.5420     61.2360  0.0000  PE_203
pes_17                               669.0600      0.2     608.2020     60.8580  0.0000  PE_382
pes_17_1                             676.1160      0.3     614.5020     61.6140  0.0000  PE_362
pes_17_10                            675.9900      0.3     613.9980     61.9920  0.0000  PE_182
pes_17_11                            675.8640      0.3     615.0060     60.8580  0.0000  PE_162
pes_17_12                            682.0380      0.3     620.8020     61.2360  0.0000  PE_142
pes_17_13                            677.8800      0.3     617.0220     60.8580  0.0000  PE_122
pes_17_14                            672.8400      0.2     612.3600     60.4800  0.0000  PE_102
pes_17_15                            673.8480      0.3     612.2340     61.6140  0.0000  PE_82
pes_17_16                            678.2580      0.3     617.0220     61.2360  0.0000  PE_62
pes_17_17                            673.2180      0.2     611.6040     61.6140  0.0000  PE_42
pes_17_18                            677.7540      0.3     616.5180     61.2360  0.0000  PE_22
pes_17_19                            683.6760      0.3     622.4400     61.2360  0.0000  PE_2
pes_17_2                             675.6120      0.3     615.1320     60.4800  0.0000  PE_342
pes_17_3                             671.4540      0.2     610.9740     60.4800  0.0000  PE_322
pes_17_4                             674.9820      0.3     613.3680     61.6140  0.0000  PE_302
pes_17_5                             676.6200      0.3     615.3840     61.2360  0.0000  PE_282
pes_17_6                             677.8800      0.3     617.0220     60.8580  0.0000  PE_262
pes_17_7                             672.7140      0.2     611.1000     61.6140  0.0000  PE_242
pes_17_8                             676.6200      0.3     615.3840     61.2360  0.0000  PE_222
pes_17_9                             678.1320      0.3     616.5180     61.6140  0.0000  PE_202
pes_18                               674.8560      0.3     614.3760     60.4800  0.0000  PE_381
pes_18_1                             679.5180      0.3     618.6600     60.8580  0.0000  PE_361
pes_18_10                            673.5960      0.3     613.1160     60.4800  0.0000  PE_181
pes_18_11                            678.2580      0.3     617.7780     60.4800  0.0000  PE_161
pes_18_12                            677.1240      0.3     616.6440     60.4800  0.0000  PE_141
pes_18_13                            675.1080      0.3     614.6280     60.4800  0.0000  PE_121
pes_18_14                            672.0840      0.2     611.6040     60.4800  0.0000  PE_101
pes_18_15                            676.8720      0.3     616.3920     60.4800  0.0000  PE_81
pes_18_16                            671.7060      0.2     611.2260     60.4800  0.0000  PE_61
pes_18_17                            669.3120      0.2     608.8320     60.4800  0.0000  PE_41
pes_18_18                            676.7460      0.3     616.2660     60.4800  0.0000  PE_21
pes_18_19                            675.4860      0.3     615.0060     60.4800  0.0000  PE_1
pes_18_2                             677.3760      0.3     616.8960     60.4800  0.0000  PE_341
pes_18_3                             676.6200      0.3     616.1400     60.4800  0.0000  PE_321
pes_18_4                             674.1000      0.3     613.6200     60.4800  0.0000  PE_301
pes_18_5                             677.7540      0.3     617.2740     60.4800  0.0000  PE_281
pes_18_6                             673.9740      0.3     613.4940     60.4800  0.0000  PE_261
pes_18_7                             674.6040      0.3     614.1240     60.4800  0.0000  PE_241
pes_18_8                             670.1940      0.2     609.7140     60.4800  0.0000  PE_221
pes_18_9                             673.5960      0.3     613.1160     60.4800  0.0000  PE_201
pes_19                               643.4820      0.2     598.1220     45.3600  0.0000  PE_380
pes_19_1                             639.7020      0.2     594.3420     45.3600  0.0000  PE_360
pes_19_10                            642.7260      0.2     597.3660     45.3600  0.0000  PE_180
pes_19_11                            650.0340      0.2     604.6740     45.3600  0.0000  PE_160
pes_19_12                            647.6400      0.2     602.2800     45.3600  0.0000  PE_140
pes_19_13                            654.6960      0.2     609.3360     45.3600  0.0000  PE_120
pes_19_14                            642.2220      0.2     596.8620     45.3600  0.0000  PE_100
pes_19_15                            649.5300      0.2     604.1700     45.3600  0.0000  PE_80
pes_19_16                            646.6320      0.2     601.2720     45.3600  0.0000  PE_60
pes_19_17                            647.7660      0.2     602.4060     45.3600  0.0000  PE_40
pes_19_18                            647.5140      0.2     602.1540     45.3600  0.0000  PE_20
pes_19_19                            645.4980      0.2     600.1380     45.3600  0.0000  PE_0
pes_19_2                             646.8840      0.2     601.5240     45.3600  0.0000  PE_340
pes_19_3                             645.3720      0.2     600.0120     45.3600  0.0000  PE_320
pes_19_4                             643.8600      0.2     598.5000     45.3600  0.0000  PE_300
pes_19_5                             642.0960      0.2     596.7360     45.3600  0.0000  PE_280
pes_19_6                             642.8520      0.2     597.4920     45.3600  0.0000  PE_260
pes_19_7                             642.2220      0.2     596.8620     45.3600  0.0000  PE_240
pes_19_8                             648.9000      0.2     603.5400     45.3600  0.0000  PE_220
pes_19_9                             645.1200      0.2     599.7600     45.3600  0.0000  PE_200
pes_1_1                              670.0680      0.2     609.2100     60.8580  0.0000  PE_378
pes_1_10                             680.5260      0.3     618.5340     61.9920  0.0000  PE_198
pes_1_11                             675.1080      0.3     614.6280     60.4800  0.0000  PE_178
pes_1_12                             668.4300      0.2     607.9500     60.4800  0.0000  PE_158
pes_1_13                             669.1860      0.2     607.9500     61.2360  0.0000  PE_138
pes_1_14                             674.8560      0.3     614.3760     60.4800  0.0000  PE_118
pes_1_15                             675.3600      0.3     613.3680     61.9920  0.0000  PE_98
pes_1_16                             674.1000      0.3     612.8640     61.2360  0.0000  PE_78
pes_1_17                             677.1240      0.3     616.2660     60.8580  0.0000  PE_58
pes_1_18                             682.5420      0.3     621.6840     60.8580  0.0000  PE_38
pes_1_19                             671.7060      0.2     611.2260     60.4800  0.0000  PE_18
pes_1_2                              673.7220      0.3     612.8640     60.8580  0.0000  PE_358
pes_1_3                              674.7300      0.3     613.1160     61.6140  0.0000  PE_338
pes_1_4                              674.8560      0.3     613.2420     61.6140  0.0000  PE_318
pes_1_5                              675.4860      0.3     614.6280     60.8580  0.0000  PE_298
pes_1_6                              679.3920      0.3     618.1560     61.2360  0.0000  PE_278
pes_1_7                              679.6440      0.3     617.6520     61.9920  0.0000  PE_258
pes_1_8                              671.9580      0.2     610.7220     61.2360  0.0000  PE_238
pes_1_9                              679.6440      0.3     618.0300     61.6140  0.0000  PE_218
pes_2                                673.2180      0.2     611.6040     61.6140  0.0000  PE_397
pes_2_1                              677.8800      0.3     616.6440     61.2360  0.0000  PE_377
pes_2_10                             678.2580      0.3     617.7780     60.4800  0.0000  PE_197
pes_2_11                             677.2500      0.3     616.3920     60.8580  0.0000  PE_177
pes_2_12                             674.4780      0.3     613.9980     60.4800  0.0000  PE_157
pes_2_13                             672.3360      0.2     610.7220     61.6140  0.0000  PE_137
pes_2_14                             676.1160      0.3     614.5020     61.6140  0.0000  PE_117
pes_2_15                             672.7140      0.2     611.1000     61.6140  0.0000  PE_97
pes_2_16                             675.1080      0.3     613.4940     61.6140  0.0000  PE_77
pes_2_17                             677.1240      0.3     615.8880     61.2360  0.0000  PE_57
pes_2_18                             673.0920      0.2     611.8560     61.2360  0.0000  PE_37
pes_2_19                             673.0920      0.2     612.2340     60.8580  0.0000  PE_17
pes_2_2                              676.3680      0.3     614.7540     61.6140  0.0000  PE_357
pes_2_3                              680.2740      0.3     618.0300     62.2440  0.0000  PE_337
pes_2_4                              678.7620      0.3     617.9040     60.8580  0.0000  PE_317
pes_2_5                              676.9980      0.3     615.3840     61.6140  0.0000  PE_297
pes_2_6                              676.2420      0.3     615.0060     61.2360  0.0000  PE_277
pes_2_7                              674.4780      0.3     613.2420     61.2360  0.0000  PE_257
pes_2_8                              670.8240      0.2     608.9580     61.8660  0.0000  PE_237
pes_2_9                              674.9820      0.3     614.1240     60.8580  0.0000  PE_217
pes_3                                678.6360      0.3     617.7780     60.8580  0.0000  PE_396
pes_3_1                              681.0300      0.3     620.1720     60.8580  0.0000  PE_376
pes_3_10                             682.6680      0.3     622.1880     60.4800  0.0000  PE_196
pes_3_11                             681.7860      0.3     619.7940     61.9920  0.0000  PE_176
pes_3_12                             684.6840      0.3     623.4480     61.2360  0.0000  PE_156
pes_3_13                             673.3440      0.2     611.7300     61.6140  0.0000  PE_136
pes_3_14                             675.2340      0.3     613.6200     61.6140  0.0000  PE_116
pes_3_15                             677.6280      0.3     615.2580     62.3700  0.0000  PE_96
pes_3_16                             681.5340      0.3     619.9200     61.6140  0.0000  PE_76
pes_3_17                             673.2180      0.2     611.9820     61.2360  0.0000  PE_56
pes_3_18                             673.9740      0.3     613.4940     60.4800  0.0000  PE_36
pes_3_19                             674.4780      0.3     613.6200     60.8580  0.0000  PE_16
pes_3_2                              678.6360      0.3     618.1560     60.4800  0.0000  PE_356
pes_3_3                              676.2420      0.3     615.3840     60.8580  0.0000  PE_336
pes_3_4                              674.1000      0.3     612.8640     61.2360  0.0000  PE_316
pes_3_5                              674.2260      0.3     612.9900     61.2360  0.0000  PE_296
pes_3_6                              677.8800      0.3     616.2660     61.6140  0.0000  PE_276
pes_3_7                              671.0760      0.2     609.8400     61.2360  0.0000  PE_256
pes_3_8                              678.2580      0.3     617.4000     60.8580  0.0000  PE_236
pes_3_9                              675.1080      0.3     614.6280     60.4800  0.0000  PE_216
pes_4                                677.5020      0.3     615.8880     61.6140  0.0000  PE_395
pes_4_1                              676.6200      0.3     615.3840     61.2360  0.0000  PE_375
pes_4_10                             676.1160      0.3     614.5020     61.6140  0.0000  PE_195
pes_4_11                             675.6120      0.3     614.3760     61.2360  0.0000  PE_175
pes_4_12                             673.4700      0.3     611.1000     62.3700  0.0000  PE_155
pes_4_13                             676.1160      0.3     615.6360     60.4800  0.0000  PE_135
pes_4_14                             672.7140      0.2     610.3440     62.3700  0.0000  PE_115
pes_4_15                             676.7460      0.3     615.5100     61.2360  0.0000  PE_95
pes_4_16                             673.3440      0.2     612.4860     60.8580  0.0000  PE_75
pes_4_17                             677.2500      0.3     616.0140     61.2360  0.0000  PE_55
pes_4_18                             679.6440      0.3     618.0300     61.6140  0.0000  PE_35
pes_4_19                             678.1320      0.3     616.5180     61.6140  0.0000  PE_15
pes_4_2                              678.3840      0.3     617.5260     60.8580  0.0000  PE_355
pes_4_3                              675.4860      0.3     615.0060     60.4800  0.0000  PE_335
pes_4_4                              673.5960      0.3     612.3600     61.2360  0.0000  PE_315
pes_4_5                              674.8560      0.3     613.2420     61.6140  0.0000  PE_295
pes_4_6                              677.2500      0.3     616.3920     60.8580  0.0000  PE_275
pes_4_7                              673.9740      0.3     613.4940     60.4800  0.0000  PE_255
pes_4_8                              674.3520      0.3     613.1160     61.2360  0.0000  PE_235
pes_4_9                              671.5800      0.2     610.7220     60.8580  0.0000  PE_215
pes_5                                677.8800      0.3     616.6440     61.2360  0.0000  PE_394
pes_5_1                              673.8480      0.3     612.2340     61.6140  0.0000  PE_374
pes_5_10                             676.7460      0.3     615.5100     61.2360  0.0000  PE_194
pes_5_11                             675.2340      0.3     613.6200     61.6140  0.0000  PE_174
pes_5_12                             673.7220      0.3     613.2420     60.4800  0.0000  PE_154
pes_5_13                             670.8240      0.2     609.9660     60.8580  0.0000  PE_134
pes_5_14                             678.0060      0.3     616.3920     61.6140  0.0000  PE_114
pes_5_15                             680.1480      0.3     619.2900     60.8580  0.0000  PE_94
pes_5_16                             676.2420      0.3     614.2500     61.9920  0.0000  PE_74
pes_5_17                             681.1560      0.3     619.5420     61.6140  0.0000  PE_54
pes_5_18                             674.7300      0.3     614.2500     60.4800  0.0000  PE_34
pes_5_19                             671.3280      0.2     610.8480     60.4800  0.0000  PE_14
pes_5_2                              676.8720      0.3     616.0140     60.8580  0.0000  PE_354
pes_5_3                              672.7140      0.2     611.8560     60.8580  0.0000  PE_334
pes_5_4                              674.2260      0.3     612.9900     61.2360  0.0000  PE_314
pes_5_5                              678.6360      0.3     617.4000     61.2360  0.0000  PE_294
pes_5_6                              675.9900      0.3     615.1320     60.8580  0.0000  PE_274
pes_5_7                              674.4780      0.3     613.6200     60.8580  0.0000  PE_254
pes_5_8                              681.6600      0.3     621.1800     60.4800  0.0000  PE_234
pes_5_9                              680.9040      0.3     619.6680     61.2360  0.0000  PE_214
pes_6                                678.7620      0.3     618.2820     60.4800  0.0000  PE_393
pes_6_1                              678.6360      0.3     618.1560     60.4800  0.0000  PE_373
pes_6_10                             675.9900      0.3     613.9980     61.9920  0.0000  PE_193
pes_6_11                             673.4700      0.3     611.8560     61.6140  0.0000  PE_173
pes_6_12                             673.5960      0.3     611.9820     61.6140  0.0000  PE_153
pes_6_13                             676.7460      0.3     615.5100     61.2360  0.0000  PE_133
pes_6_14                             676.8720      0.3     616.3920     60.4800  0.0000  PE_113
pes_6_15                             673.5960      0.3     612.3600     61.2360  0.0000  PE_93
pes_6_16                             674.3520      0.3     613.1160     61.2360  0.0000  PE_73
pes_6_17                             670.4460      0.2     609.9660     60.4800  0.0000  PE_53
pes_6_18                             674.2260      0.3     612.2340     61.9920  0.0000  PE_33
pes_6_19                             677.3760      0.3     616.5180     60.8580  0.0000  PE_13
pes_6_2                              671.0760      0.2     609.0840     61.9920  0.0000  PE_353
pes_6_3                              680.5260      0.3     618.9120     61.6140  0.0000  PE_333
pes_6_4                              674.2260      0.3     613.3680     60.8580  0.0000  PE_313
pes_6_5                              675.8640      0.3     614.6280     61.2360  0.0000  PE_293
pes_6_6                              675.4860      0.3     615.0060     60.4800  0.0000  PE_273
pes_6_7                              678.7620      0.3     618.2820     60.4800  0.0000  PE_253
pes_6_8                              670.4460      0.2     609.9660     60.4800  0.0000  PE_233
pes_6_9                              674.4780      0.3     613.2420     61.2360  0.0000  PE_213
pes_7                                672.7140      0.2     612.2340     60.4800  0.0000  PE_392
pes_7_1                              678.0060      0.3     616.7700     61.2360  0.0000  PE_372
pes_7_10                             672.7140      0.2     611.8560     60.8580  0.0000  PE_192
pes_7_11                             673.3440      0.2     611.3520     61.9920  0.0000  PE_172
pes_7_12                             675.6120      0.3     615.1320     60.4800  0.0000  PE_152
pes_7_13                             673.0920      0.2     611.8560     61.2360  0.0000  PE_132
pes_7_14                             679.8960      0.3     619.4160     60.4800  0.0000  PE_112
pes_7_15                             681.0300      0.3     619.4160     61.6140  0.0000  PE_92
pes_7_16                             683.9280      0.3     622.3140     61.6140  0.0000  PE_72
pes_7_17                             672.7140      0.2     611.8560     60.8580  0.0000  PE_52
pes_7_18                             672.4620      0.2     611.2260     61.2360  0.0000  PE_32
pes_7_19                             670.0680      0.2     609.2100     60.8580  0.0000  PE_12
pes_7_2                              677.6280      0.3     616.7700     60.8580  0.0000  PE_352
pes_7_3                              678.7620      0.3     617.1480     61.6140  0.0000  PE_332
pes_7_4                              679.7700      0.3     618.9120     60.8580  0.0000  PE_312
pes_7_5                              672.7140      0.2     611.9820     60.7320  0.0000  PE_292
pes_7_6                              676.8720      0.3     616.0140     60.8580  0.0000  PE_272
pes_7_7                              676.7460      0.3     615.1320     61.6140  0.0000  PE_252
pes_7_8                              673.0920      0.2     612.2340     60.8580  0.0000  PE_232
pes_7_9                              675.1080      0.3     613.4940     61.6140  0.0000  PE_212
pes_8                                673.4700      0.3     611.1000     62.3700  0.0000  PE_391
pes_8_1                              672.8400      0.2     611.6040     61.2360  0.0000  PE_371
pes_8_10                             678.0060      0.3     616.0140     61.9920  0.0000  PE_191
pes_8_11                             675.1080      0.3     614.6280     60.4800  0.0000  PE_171
pes_8_12                             681.7860      0.3     620.9280     60.8580  0.0000  PE_151
pes_8_13                             678.7620      0.3     617.1480     61.6140  0.0000  PE_131
pes_8_14                             674.7300      0.3     613.8720     60.8580  0.0000  PE_111
pes_8_15                             676.4940      0.3     615.2580     61.2360  0.0000  PE_91
pes_8_16                             669.0600      0.2     607.8240     61.2360  0.0000  PE_71
pes_8_17                             674.3520      0.3     612.7380     61.6140  0.0000  PE_51
pes_8_18                             678.0060      0.3     617.1480     60.8580  0.0000  PE_31
pes_8_19                             676.6200      0.3     615.7620     60.8580  0.0000  PE_11
pes_8_2                              677.2500      0.3     615.6360     61.6140  0.0000  PE_351
pes_8_3                              674.9820      0.3     613.7460     61.2360  0.0000  PE_331
pes_8_4                              672.3360      0.2     611.8560     60.4800  0.0000  PE_311
pes_8_5                              683.0460      0.3     622.5660     60.4800  0.0000  PE_291
pes_8_6                              674.3520      0.3     613.1160     61.2360  0.0000  PE_271
pes_8_7                              680.1480      0.3     619.6680     60.4800  0.0000  PE_251
pes_8_8                              675.3600      0.3     612.6120     62.7480  0.0000  PE_231
pes_8_9                              674.9820      0.3     614.1240     60.8580  0.0000  PE_211
pes_9                                670.4460      0.2     609.9660     60.4800  0.0000  PE_390
pes_9_1                              671.7060      0.2     610.0920     61.6140  0.0000  PE_370
pes_9_10                             674.9820      0.3     614.5020     60.4800  0.0000  PE_190
pes_9_11                             678.8880      0.3     618.0300     60.8580  0.0000  PE_170
pes_9_12                             675.8640      0.3     614.2500     61.6140  0.0000  PE_150
pes_9_13                             679.0140      0.3     618.1560     60.8580  0.0000  PE_130
pes_9_14                             673.3440      0.2     612.1080     61.2360  0.0000  PE_110
pes_9_15                             670.6980      0.2     608.7060     61.9920  0.0000  PE_90
pes_9_16                             671.7060      0.2     610.0920     61.6140  0.0000  PE_70
pes_9_17                             672.8400      0.2     611.6040     61.2360  0.0000  PE_50
pes_9_18                             673.2180      0.2     611.2260     61.9920  0.0000  PE_30
pes_9_19                             676.9980      0.3     615.3840     61.6140  0.0000  PE_10
pes_9_2                              675.3600      0.3     613.7460     61.6140  0.0000  PE_350
pes_9_3                              669.8160      0.2     609.3360     60.4800  0.0000  PE_330
pes_9_4                              680.0220      0.3     619.5420     60.4800  0.0000  PE_310
pes_9_5                              673.8480      0.3     612.9900     60.8580  0.0000  PE_290
pes_9_6                              678.2580      0.3     617.7780     60.4800  0.0000  PE_270
pes_9_7                              673.5960      0.3     613.1160     60.4800  0.0000  PE_250
pes_9_8                              677.1240      0.3     615.8880     61.2360  0.0000  PE_230
pes_9_9                              672.3360      0.2     611.8560     60.4800  0.0000  PE_210
--------------------------------  -----------  -------  -----------  ----------  ------  ---------
Total                                                   245231.0281  24130.1338  0.0000

1
