Information: Updating design information... (UID-85)
Warning: Design 'SystolicArray' contains 1 high-fanout nets. A fanout number of 1000 will be used for delay calculations involving these nets. (TIM-134)
 
****************************************
Report : timing
        -path full
        -delay max
        -nets
        -max_paths 1
        -transition_time
Design : SystolicArray
Version: V-2023.12
Date   : Mon Apr  6 03:56:29 2026
****************************************

 # A fanout number of 1000 was used for high fanout net computations.

Operating Conditions: ffg0p99v0c   Library: tcbn28hpcplusbwp30p140ffg0p99v0c_ccs
Wire Load Model Mode: segmented

  Startpoint: pairs_3_2/left/regX_bits_reg[10]
              (rising edge-triggered flip-flop clocked by ideal_clock1)
  Endpoint: pairs_3_3/left/regS_bits_reg[13]
            (rising edge-triggered flip-flop clocked by ideal_clock1)
  Path Group: ideal_clock1
  Path Type: max

  Des/Clust/Port     Wire Load Model       Library
  ------------------------------------------------
  StripPair_20       ZeroWireload          tcbn28hpcplusbwp30p140ffg0p99v0c_ccs
  StripPair_16       ZeroWireload          tcbn28hpcplusbwp30p140ffg0p99v0c_ccs
  StripPair_12       ZeroWireload          tcbn28hpcplusbwp30p140ffg0p99v0c_ccs
  StripPair_8        ZeroWireload          tcbn28hpcplusbwp30p140ffg0p99v0c_ccs
  StripPair_4        ZeroWireload          tcbn28hpcplusbwp30p140ffg0p99v0c_ccs
  StripPair_0        ZeroWireload          tcbn28hpcplusbwp30p140ffg0p99v0c_ccs
  StripPair_30       ZeroWireload          tcbn28hpcplusbwp30p140ffg0p99v0c_ccs
  StripPair_29       ZeroWireload          tcbn28hpcplusbwp30p140ffg0p99v0c_ccs
  StripPair_26       ZeroWireload          tcbn28hpcplusbwp30p140ffg0p99v0c_ccs
  StripPair_25       ZeroWireload          tcbn28hpcplusbwp30p140ffg0p99v0c_ccs
  StripPair_23       ZeroWireload          tcbn28hpcplusbwp30p140ffg0p99v0c_ccs
  StripPair_22       ZeroWireload          tcbn28hpcplusbwp30p140ffg0p99v0c_ccs
  StripPair_21       ZeroWireload          tcbn28hpcplusbwp30p140ffg0p99v0c_ccs
  StripPair_19       ZeroWireload          tcbn28hpcplusbwp30p140ffg0p99v0c_ccs
  StripPair_18       ZeroWireload          tcbn28hpcplusbwp30p140ffg0p99v0c_ccs
  StripPair_17       ZeroWireload          tcbn28hpcplusbwp30p140ffg0p99v0c_ccs
  StripPair_15       ZeroWireload          tcbn28hpcplusbwp30p140ffg0p99v0c_ccs
  StripPair_14       ZeroWireload          tcbn28hpcplusbwp30p140ffg0p99v0c_ccs
  StripPair_13       ZeroWireload          tcbn28hpcplusbwp30p140ffg0p99v0c_ccs
  StripPair_11       ZeroWireload          tcbn28hpcplusbwp30p140ffg0p99v0c_ccs
  StripPair_10       ZeroWireload          tcbn28hpcplusbwp30p140ffg0p99v0c_ccs
  StripPair_9        ZeroWireload          tcbn28hpcplusbwp30p140ffg0p99v0c_ccs
  StripPair_7        ZeroWireload          tcbn28hpcplusbwp30p140ffg0p99v0c_ccs
  StripPair_6        ZeroWireload          tcbn28hpcplusbwp30p140ffg0p99v0c_ccs
  StripPair_5        ZeroWireload          tcbn28hpcplusbwp30p140ffg0p99v0c_ccs
  StripPair_3        ZeroWireload          tcbn28hpcplusbwp30p140ffg0p99v0c_ccs
  StripPair_2        ZeroWireload          tcbn28hpcplusbwp30p140ffg0p99v0c_ccs
  StripPair_1        ZeroWireload          tcbn28hpcplusbwp30p140ffg0p99v0c_ccs
  StripPair_24       ZeroWireload          tcbn28hpcplusbwp30p140ffg0p99v0c_ccs
  StripPair_27       ZeroWireload          tcbn28hpcplusbwp30p140ffg0p99v0c_ccs
  StripPair_28       ZeroWireload          tcbn28hpcplusbwp30p140ffg0p99v0c_ccs
  SystolicArray      ZeroWireload          tcbn28hpcplusbwp30p140ffg0p99v0c_ccs
  StripPair_31       ZeroWireload          tcbn28hpcplusbwp30p140ffg0p99v0c_ccs

Attributes:
    d - dont_touch
    u - dont_use
   mo - map_only
   so - size_only
    i - ideal_net or ideal_network
  inf - infeasible path

  Point                                                   Fanout     Trans      Incr       Path      Attributes
  ---------------------------------------------------------------------------------------------------------------------
  clock ideal_clock1 (rise edge)                                                0.00       0.00
  clock network delay (ideal)                                                   0.00       0.00
  pairs_3_2/left/regX_bits_reg[10]/CP (DFQD2BWP30P140)                0.00      0.00 #     0.00 r
  pairs_3_2/left/regX_bits_reg[10]/Q (DFQD2BWP30P140)                 0.01      0.04       0.04 f
  pairs_3_2/left/regX_bits[10] (net)                        2                   0.00       0.04 f
  pairs_3_2/U123/Z (MUX2D1BWP30P140)                                  0.02      0.02       0.06 f
  pairs_3_2/io_southOut_0_bits[10] (net)                    4                   0.00       0.06 f
  pairs_3_2/io_southOut_0_bits[10] (StripPair_20)                               0.00       0.06 f
  _pairs_3_2_io_southOut_0_bits[10] (net)                                       0.00       0.06 f
  pairs_3_3/io_northIn_0_bits[10] (StripPair_16)                                0.00       0.06 f
  pairs_3_3/io_northIn_0_bits[10] (net)                                         0.00       0.06 f
  pairs_3_3/U794/ZN (NR4D2BWP30P140)                                  0.02      0.01       0.07 r
  pairs_3_3/n51 (net)                                       1                   0.00       0.07 r
  pairs_3_3/U160/ZN (ND2OPTIBD4BWP30P140)                             0.01      0.01       0.08 f
  pairs_3_3/n48 (net)                                       2                   0.00       0.08 f
  pairs_3_3/U244/Z (AN2D4BWP30P140)                                   0.01      0.01       0.09 f
  pairs_3_3/n3 (net)                                        4                   0.00       0.09 f
  pairs_3_3/U948/ZN (ND2D6BWP30P140)                                  0.02      0.01       0.10 r
  pairs_3_3/n566 (net)                                      8                   0.00       0.10 r
  pairs_3_3/U145/ZN (OAI22OPTPBD1BWP30P140)                           0.02      0.01       0.11 f
  pairs_3_3/n495 (net)                                      1                   0.00       0.11 f
  pairs_3_3/U695/Z (BUFFD4BWP30P140)                                  0.02      0.02       0.13 f
  pairs_3_3/n34 (net)                                      15                   0.00       0.13 f
  pairs_3_3/U1277/ZN (XNR2OPTND4BWP30P140)                            0.03      0.02       0.15 f
  pairs_3_3/n905 (net)                                     15                   0.00       0.15 f
  pairs_3_3/U1276/ZN (ND2D3BWP30P140)                                 0.02      0.01       0.16 r
  pairs_3_3/n906 (net)                                     13                   0.00       0.16 r
  pairs_3_3/U1738/ZN (OAI22D1BWP30P140)                               0.02      0.02       0.18 f
  pairs_3_3/n821 (net)                                      1                   0.00       0.18 f
  pairs_3_3/U1806/CO (FA1D1BWP30P140)                                 0.01      0.03       0.21 f
  pairs_3_3/n826 (net)                                      1                   0.00       0.21 f
  pairs_3_3/U689/S (FA1D1BWP30P140)                                   0.01      0.04       0.25 r
  pairs_3_3/n839 (net)                                      1                   0.00       0.25 r
  pairs_3_3/U1813/S (FA1D1BWP30P140)                                  0.01      0.03       0.29 f
  pairs_3_3/n843 (net)                                      2                   0.00       0.29 f
  pairs_3_3/U1816/ZN (ND2D1BWP30P140)                                 0.01      0.01       0.30 r
  pairs_3_3/n941 (net)                                      2                   0.00       0.30 r
  pairs_3_3/U1817/ZN (INVD1BWP30P140)                                 0.01      0.01       0.30 f
  pairs_3_3/n948 (net)                                      2                   0.00       0.30 f
  pairs_3_3/U986/ZN (AOI21D1BWP30P140)                                0.01      0.01       0.31 r
  pairs_3_3/n847 (net)                                      1                   0.00       0.31 r
  pairs_3_3/U1819/ZN (OAI21D1BWP30P140)                               0.01      0.01       0.32 f
  pairs_3_3/n849 (net)                                      1                   0.00       0.32 f
  pairs_3_3/U503/ZN (AOI21D1BWP30P140)                                0.01      0.01       0.34 r
  pairs_3_3/n851 (net)                                      1                   0.00       0.34 r
  pairs_3_3/U186/ZN (OAI21D2BWP30P140)                                0.02      0.02       0.35 f
  pairs_3_3/n967 (net)                                      5                   0.00       0.35 f
  pairs_3_3/U1046/ZN (AOI21D2BWP30P140)                               0.01      0.01       0.37 r
  pairs_3_3/n931 (net)                                      1                   0.00       0.37 r
  pairs_3_3/U1862/Z (XOR2UD1BWP30P140)                                0.02      0.01       0.38 r
  pairs_3_3/n1339 (net)                                     3                   0.00       0.38 r
  pairs_3_3/U1863/Z (MUX2D2BWP30P140)                                 0.01      0.02       0.40 r
  pairs_3_3/n1073 (net)                                     5                   0.00       0.40 r
  pairs_3_3/U243/Z (OA22D1BWP30P140)                                  0.01      0.02       0.42 r
  pairs_3_3/n2 (net)                                        1                   0.00       0.42 r
  pairs_3_3/U1042/ZN (ND2D2BWP30P140)                                 0.01      0.01       0.43 f
  pairs_3_3/n1134 (net)                                     2                   0.00       0.43 f
  pairs_3_3/U1937/ZN (MUX2NOPTD2BWP30P140)                            0.02      0.01       0.44 r
  pairs_3_3/n1212 (net)                                     3                   0.00       0.44 r
  pairs_3_3/U90/Z (AO22D1BWP30P140)                                   0.01      0.02       0.46 r
  pairs_3_3/n1213 (net)                                     1                   0.00       0.46 r
  pairs_3_3/U652/Z (XOR2UD1BWP30P140)                                 0.03      0.01       0.48 r
  pairs_3_3/n1271 (net)                                     2                   0.00       0.48 r
  pairs_3_3/U990/ZN (NR2D1BWP30P140)                                  0.01      0.01       0.48 f
  pairs_3_3/n1216 (net)                                     1                   0.00       0.48 f
  pairs_3_3/U2064/ZN (INVD1BWP30P140)                                 0.01      0.01       0.49 r
  pairs_3_3/n1363 (net)                                     3                   0.00       0.49 r
  pairs_3_3/U988/ZN (ND2D1BWP30P140)                                  0.02      0.01       0.50 f
  pairs_3_3/n1373 (net)                                     4                   0.00       0.50 f
  pairs_3_3/U775/ZN (NR2D1BWP30P140)                                  0.01      0.01       0.52 r
  pairs_3_3/n1282 (net)                                     2                   0.00       0.52 r
  pairs_3_3/U987/ZN (ND2D1BWP30P140)                                  0.02      0.01       0.53 f
  pairs_3_3/n1284 (net)                                     2                   0.00       0.53 f
  pairs_3_3/U802/ZN (NR2D1BWP30P140)                                  0.02      0.02       0.54 r
  pairs_3_3/n55 (net)                                       1                   0.00       0.54 r
  pairs_3_3/U774/ZN (AOI21OPTREPBD2BWP30P140)                         0.02      0.02       0.56 f
  pairs_3_3/n1505 (net)                                     6                   0.00       0.56 f
  pairs_3_3/U1047/ZN (OAI21D2BWP30P140)                               0.01      0.01       0.57 r
  pairs_3_3/n1316 (net)                                     1                   0.00       0.57 r
  pairs_3_3/U2112/ZN (XNR2UD1BWP30P140)                               0.02      0.01       0.58 f
  pairs_3_3/n2627 (net)                                     4                   0.00       0.58 f
  pairs_3_3/U79/ZN (NR2D1BWP30P140)                                   0.01      0.01       0.60 r
  pairs_3_3/n1331 (net)                                     1                   0.00       0.60 r
  pairs_3_3/U624/ZN (ND2D2BWP30P140)                                  0.01      0.01       0.61 f
  pairs_3_3/n2622 (net)                                     2                   0.00       0.61 f
  pairs_3_3/U457/ZN (INVD1BWP30P140)                                  0.01      0.01       0.61 r
  pairs_3_3/n1347 (net)                                     1                   0.00       0.61 r
  pairs_3_3/U1049/ZN (ND2D1BWP30P140)                                 0.01      0.01       0.62 f
  pairs_3_3/n1499 (net)                                     1                   0.00       0.62 f
  pairs_3_3/U771/ZN (NR2OPTPAD2BWP30P140)                             0.01      0.01       0.63 r
  pairs_3_3/n45 (net)                                       1                   0.00       0.63 r
  pairs_3_3/U770/ZN (XNR2OPTND2BWP30P140)                             0.02      0.01       0.64 r
  pairs_3_3/n1527 (net)                                     1                   0.00       0.64 r
  pairs_3_3/U1240/Z (MUX2OPTD4BWP30P140)                              0.01      0.02       0.66 r
  pairs_3_3/left/sharedMacOut_mac/l00OOO0l[26] (net)        6                   0.00       0.66 r
  pairs_3_3/U66/ZN (INR2D2BWP30P140)                                  0.01      0.01       0.67 f
  pairs_3_3/left/sharedMacOut_mac/U9/U1/enc_tree[1][1][30] (net)     2          0.00       0.67 f
  pairs_3_3/U58/ZN (CKND2D3BWP30P140)                                 0.01      0.01       0.68 r
  pairs_3_3/left/sharedMacOut_mac/U9/U1/enc_tree[2][2][28] (net)     2          0.00       0.68 r
  pairs_3_3/U54/ZN (NR2D2BWP30P140)                                   0.01      0.01       0.68 f
  pairs_3_3/left/sharedMacOut_mac/U9/U1/enc_tree[3][3][24] (net)     2          0.00       0.68 f
  pairs_3_3/U48/ZN (CKND2D3BWP30P140)                                 0.01      0.01       0.69 r
  pairs_3_3/left/sharedMacOut_mac/U9/U1/enc_tree[4][4][16] (net)     3          0.00       0.69 r
  pairs_3_3/U443/S (HA1D1BWP30P140)                                   0.01      0.02       0.71 f
  pairs_3_3/n3267 (net)                                     2                   0.00       0.71 f
  pairs_3_3/U3486/ZN (ND2D1BWP30P140)                                 0.01      0.01       0.72 r
  pairs_3_3/n3268 (net)                                     1                   0.00       0.72 r
  pairs_3_3/U46/ZN (ND2D1BWP30P140)                                   0.01      0.01       0.73 f
  pairs_3_3/n342 (net)                                      1                   0.00       0.73 f
  pairs_3_3/U595/ZN (NR2D3BWP30P140)                                  0.02      0.02       0.74 r
  pairs_3_3/n341 (net)                                      1                   0.00       0.74 r
  pairs_3_3/U713/ZN (ND2OPTPAD6BWP30P140)                             0.01      0.01       0.75 f
  pairs_3_3/n3289 (net)                                     7                   0.00       0.75 f
  pairs_3_3/U712/ZN (MUX2NOPTD4BWP30P140)                             0.02      0.01       0.76 f
  pairs_3_3/n56 (net)                                       1                   0.00       0.76 f
  pairs_3_3/U436/ZN (INVD8BWP30P140)                                  0.01      0.01       0.77 r
  pairs_3_3/n3620 (net)                                    12                   0.00       0.77 r
  pairs_3_3/U590/ZN (INR2D4BWP30P140)                                 0.01      0.01       0.79 f
  pairs_3_3/n3538 (net)                                    18                   0.00       0.79 f
  pairs_3_3/U435/ZN (INVD2BWP30P140)                                  0.01      0.01       0.79 r
  pairs_3_3/n3408 (net)                                     5                   0.00       0.79 r
  pairs_3_3/U220/ZN (OAI22D0BWP30P140)                                0.02      0.01       0.81 f
  pairs_3_3/n3318 (net)                                     1                   0.00       0.81 f
  pairs_3_3/U798/ZN (NR2D1BWP30P140)                                  0.02      0.02       0.82 r
  pairs_3_3/n3461 (net)                                     4                   0.00       0.82 r
  pairs_3_3/U795/ZN (INVD0BWP30P140)                                  0.01      0.01       0.83 f
  pairs_3_3/n3355 (net)                                     1                   0.00       0.83 f
  pairs_3_3/U3557/ZN (OAI22D1BWP30P140)                               0.01      0.01       0.84 r
  pairs_3_3/n3323 (net)                                     1                   0.00       0.84 r
  pairs_3_3/U3558/ZN (NR2D1BWP30P140)                                 0.01      0.01       0.85 f
  pairs_3_3/n3492 (net)                                     2                   0.00       0.85 f
  pairs_3_3/U19/ZN (NR2OPTPAD1BWP30P140)                              0.02      0.01       0.86 r
  pairs_3_3/n3550 (net)                                     4                   0.00       0.86 r
  pairs_3_3/U901/ZN (ND2D1BWP30P140)                                  0.01      0.01       0.87 f
  pairs_3_3/n223 (net)                                      1                   0.00       0.87 f
  pairs_3_3/U897/ZN (NR4D1BWP30P140)                                  0.02      0.01       0.88 r
  pairs_3_3/n219 (net)                                      1                   0.00       0.88 r
  pairs_3_3/U425/ZN (ND2D3BWP30P140)                                  0.02      0.01       0.90 f
  pairs_3_3/n3716 (net)                                     4                   0.00       0.90 f
  pairs_3_3/U765/ZN (ND2OPTIBD4BWP30P140)                             0.01      0.01       0.91 r
  pairs_3_3/n3557 (net)                                    11                   0.00       0.91 r
  pairs_3_3/U3681/ZN (MOAI22D0BWP30P140)                              0.02      0.02       0.92 f
  pairs_3_3/n3745 (net)                                     2                   0.00       0.92 f
  pairs_3_3/U10/ZN (NR4D0BWP30P140)                                   0.02      0.02       0.94 r
  pairs_3_3/n3559 (net)                                     1                   0.00       0.94 r
  pairs_3_3/U749/ZN (ND3D2BWP30P140)                                  0.02      0.02       0.96 f
  pairs_3_3/n3671 (net)                                     2                   0.00       0.96 f
  pairs_3_3/U748/ZN (ND2OPTIBD4BWP30P140)                             0.01      0.01       0.97 r
  pairs_3_3/n3736 (net)                                     4                   0.00       0.97 r
  pairs_3_3/U5/ZN (INR2D1BWP30P140)                                   0.01      0.01       0.97 f
  pairs_3_3/n327 (net)                                      1                   0.00       0.97 f
  pairs_3_3/U750/ZN (NR2OPTPAD2BWP30P140)                             0.01      0.01       0.98 r
  pairs_3_3/n3733 (net)                                     5                   0.00       0.98 r
  pairs_3_3/U3796/ZN (OAI211D1BWP30P140)                              0.02      0.02       1.00 f
  pairs_3_3/n3864 (net)                                     1                   0.00       1.00 f
  pairs_3_3/left/regS_bits_reg[13]/D (DFQD2BWP30P140)                 0.02      0.00       1.00 f
  data arrival time                                                                        1.00

  clock ideal_clock1 (rise edge)                                                1.00       1.00
  clock network delay (ideal)                                                   0.00       1.00
  pairs_3_3/left/regS_bits_reg[13]/CP (DFQD2BWP30P140)                          0.00       1.00 r
  library setup time                                                            0.00       1.00
  data required time                                                                       1.00
  ---------------------------------------------------------------------------------------------------------------------
  data required time                                                                       1.00
  data arrival time                                                                       -1.00
  ---------------------------------------------------------------------------------------------------------------------
  slack (MET)                                                                              0.00


1
