Information: Updating design information... (UID-85)
Warning: Design 'OneSaArray' contains 1 high-fanout nets. A fanout number of 1000 will be used for delay calculations involving these nets. (TIM-134)
 
****************************************
Report : timing
        -path full
        -delay max
        -nets
        -max_paths 1
        -transition_time
Design : OneSaArray
Version: V-2023.12
Date   : Tue Apr  7 17:31:49 2026
****************************************

 # A fanout number of 1000 was used for high fanout net computations.

Operating Conditions: ffg0p99v0c   Library: tcbn28hpcplusbwp30p140ffg0p99v0c_ccs
Wire Load Model Mode: segmented

  Startpoint: mesh/pes_24_10/regEast_lanes_1_reg[3]
              (rising edge-triggered flip-flop clocked by ideal_clock1)
  Endpoint: mesh/pes_24_11/regSharedPairs_0_reg[31]
            (rising edge-triggered flip-flop clocked by ideal_clock1)
  Path Group: ideal_clock1
  Path Type: max

  Des/Clust/Port     Wire Load Model       Library
  ------------------------------------------------
  OneSaArray         ZeroWireload          tcbn28hpcplusbwp30p140ffg0p99v0c_ccs
  OneSaMesh          ZeroWireload          tcbn28hpcplusbwp30p140ffg0p99v0c_ccs

Attributes:
    d - dont_touch
    u - dont_use
   mo - map_only
   so - size_only
    i - ideal_net or ideal_network
  inf - infeasible path

  Point                                                Fanout     Trans      Incr       Path      Attributes
  ------------------------------------------------------------------------------------------------------------------
  clock ideal_clock1 (rise edge)                                             0.00       0.00
  clock network delay (ideal)                                                0.00       0.00
  mesh/pes_24_10/regEast_lanes_1_reg[3]/CP (DFKCND1BWP30P140)      0.00      0.00 #     0.00 r
  mesh/pes_24_10/regEast_lanes_1_reg[3]/Q (DFKCND1BWP30P140)       0.04      0.06       0.06 f
  mesh/_pes_24_10_io_eastOut_lanes_1[3] (net)           22                   0.00       0.06 f
  mesh/U641/Z (XOR2UD1BWP30P140)                                   0.08      0.06       0.12 f
  mesh/n596203 (net)                                    15                   0.00       0.12 f
  mesh/U139274/ZN (NR2D1BWP30P140)                                 0.06      0.05       0.17 r
  mesh/n596204 (net)                                    13                   0.00       0.17 r
  mesh/U882973/ZN (AOI22D1BWP30P140)                               0.03      0.02       0.19 f
  mesh/intadd_12200/B[0] (net)                           1                   0.00       0.19 f
  mesh/intadd_12200/U6/S (FA1D1BWP30P140)                          0.01      0.05       0.23 r    mo 
  mesh/intadd_12200/SUM[0] (net)                         1                   0.00       0.23 r
  mesh/U452867/ZN (INVD0BWP30P140)                                 0.02      0.01       0.25 f
  mesh/intadd_18517/A[1] (net)                           1                   0.00       0.25 f
  mesh/intadd_18517/U4/S (FA1D1BWP30P140)                          0.01      0.04       0.29 r    mo 
  mesh/intadd_18517/SUM[1] (net)                         1                   0.00       0.29 r
  mesh/U452864/ZN (INVD0BWP30P140)                                 0.02      0.01       0.30 f
  mesh/intadd_26626/A[2] (net)                           1                   0.00       0.30 f
  mesh/intadd_26626/U2/S (FA1D1BWP30P140)                          0.01      0.03       0.33 f    mo 
  mesh/intadd_26626/SUM[2] (net)                         1                   0.00       0.33 f
  mesh/U452808/ZN (INVD0BWP30P140)                                 0.02      0.01       0.34 r
  mesh/intadd_18519/A[3] (net)                           1                   0.00       0.34 r
  mesh/intadd_18519/U2/CO (FA1D1BWP30P140)                         0.01      0.02       0.36 r    mo 
  mesh/intadd_18519/n1 (net)                             3                   0.00       0.36 r
  mesh/U80338/ZN (NR2D1BWP30P140)                                  0.01      0.00       0.37 f
  mesh/n159104 (net)                                     1                   0.00       0.37 f
  mesh/U83936/ZN (MOAI22D0BWP30P140)                               0.03      0.02       0.39 r
  mesh/intadd_18517/B[3] (net)                           1                   0.00       0.39 r
  mesh/intadd_18517/U2/CO (FA1D1BWP30P140)                         0.01      0.03       0.41 r    mo 
  mesh/intadd_18517/n1 (net)                             2                   0.00       0.41 r
  mesh/U748971/ZN (MAOI222D1BWP30P140)                             0.03      0.02       0.43 f
  mesh/intadd_12200/B[4] (net)                           1                   0.00       0.43 f
  mesh/intadd_12200/U2/CO (FA1D1BWP30P140)                         0.01      0.03       0.47 f    mo 
  mesh/intadd_12200/n1 (net)                             1                   0.00       0.47 f
  mesh/intadd_8587/U2/CO (FA1D1BWP30P140)                          0.01      0.02       0.49 f    mo 
  mesh/intadd_8587/n1 (net)                              1                   0.00       0.49 f
  mesh/U452708/ZN (INVD1BWP30P140)                                 0.01      0.01       0.50 r
  mesh/intadd_8586/B[5] (net)                            1                   0.00       0.50 r
  mesh/intadd_8586/U2/CO (FA1D1BWP30P140)                          0.01      0.02       0.52 r    mo 
  mesh/intadd_8586/n1 (net)                              2                   0.00       0.52 r
  mesh/U748966/ZN (MAOI222D1BWP30P140)                             0.03      0.02       0.54 f
  mesh/intadd_4435/B[6] (net)                            1                   0.00       0.54 f
  mesh/intadd_4435/U2/CO (FA1D1BWP30P140)                          0.01      0.03       0.57 f    mo 
  mesh/intadd_4435/n1 (net)                              1                   0.00       0.57 f
  mesh/U452699/ZN (INVD1BWP30P140)                                 0.01      0.01       0.58 r
  mesh/intadd_1055/B[6] (net)                            1                   0.00       0.58 r
  mesh/intadd_1055/U4/CO (FA1D1BWP30P140)                          0.01      0.02       0.60 r    mo 
  mesh/intadd_1055/n3 (net)                              1                   0.00       0.60 r
  mesh/intadd_1055/U3/CO (FA1D1BWP30P140)                          0.01      0.02       0.62 r    mo 
  mesh/intadd_1055/n2 (net)                              1                   0.00       0.62 r
  mesh/intadd_1055/U2/CO (FA1D1BWP30P140)                          0.01      0.02       0.64 r    mo 
  mesh/intadd_1055/n1 (net)                              2                   0.00       0.64 r
  mesh/U748961/ZN (MAOI222D1BWP30P140)                             0.03      0.02       0.66 f
  mesh/intadd_2079/B[7] (net)                            1                   0.00       0.66 f
  mesh/intadd_2079/U2/CO (FA1D1BWP30P140)                          0.01      0.03       0.69 f    mo 
  mesh/intadd_2079/n1 (net)                              2                   0.00       0.69 f
  mesh/U748958/ZN (MAOI222D1BWP30P140)                             0.03      0.02       0.71 r
  mesh/intadd_4432/B[6] (net)                            1                   0.00       0.71 r
  mesh/intadd_4432/U2/CO (FA1D1BWP30P140)                          0.01      0.03       0.73 r    mo 
  mesh/intadd_4432/n1 (net)                              2                   0.00       0.73 r
  mesh/U748951/ZN (MAOI222D1BWP30P140)                             0.03      0.02       0.75 f
  mesh/intadd_2078/B[7] (net)                            1                   0.00       0.75 f
  mesh/intadd_2078/U2/CO (FA1D1BWP30P140)                          0.01      0.03       0.78 f    mo 
  mesh/intadd_2078/n1 (net)                              2                   0.00       0.78 f
  mesh/U452615/Z (CKAN2D1BWP30P140)                                0.01      0.01       0.80 f
  mesh/n358421 (net)                                     2                   0.00       0.80 f
  mesh/U452617/ZN (IAO21D2BWP30P140)                               0.01      0.02       0.81 f
  mesh/intadd_4431/B[6] (net)                            1                   0.00       0.81 f
  mesh/intadd_4431/U2/CO (FA1D1BWP30P140)                          0.01      0.02       0.84 f    mo 
  mesh/intadd_4431/n1 (net)                              2                   0.00       0.84 f
  mesh/U452571/Z (CKAN2D1BWP30P140)                                0.01      0.01       0.85 f
  mesh/n361241 (net)                                     2                   0.00       0.85 f
  mesh/U452573/ZN (IAO21D2BWP30P140)                               0.01      0.02       0.87 f
  mesh/intadd_8582/B[5] (net)                            1                   0.00       0.87 f
  mesh/intadd_8582/U2/CO (FA1D1BWP30P140)                          0.01      0.02       0.89 f    mo 
  mesh/intadd_8582/n1 (net)                              2                   0.00       0.89 f
  mesh/U452564/Z (CKAN2D1BWP30P140)                                0.01      0.01       0.90 f
  mesh/n364085 (net)                                     2                   0.00       0.90 f
  mesh/U452566/ZN (IAO21D2BWP30P140)                               0.01      0.02       0.92 f
  mesh/intadd_13783/A[3] (net)                           1                   0.00       0.92 f
  mesh/intadd_13783/U3/CO (FA1D1BWP30P140)                         0.01      0.02       0.94 f    mo 
  mesh/intadd_13783/n2 (net)                             1                   0.00       0.94 f
  mesh/intadd_13783/U2/CO (FA1D1BWP30P140)                         0.01      0.02       0.96 f    mo 
  mesh/intadd_13783/n1 (net)                             1                   0.00       0.96 f
  mesh/U3624/Z (XOR3UD1BWP30P140)                                  0.01      0.02       0.98 f
  mesh/n374095 (net)                                     1                   0.00       0.98 f
  mesh/U3191/ZN (MOAI22D1BWP30P140)                                0.03      0.01       0.99 r
  mesh/n17964 (net)                                      1                   0.00       0.99 r
  mesh/pes_24_11/regSharedPairs_0_reg[31]/D (DFQD1BWP30P140)       0.03      0.00       0.99 r
  data arrival time                                                                     0.99

  clock ideal_clock1 (rise edge)                                             1.00       1.00
  clock network delay (ideal)                                                0.00       1.00
  mesh/pes_24_11/regSharedPairs_0_reg[31]/CP (DFQD1BWP30P140)                0.00       1.00 r
  library setup time                                                        -0.01       0.99
  data required time                                                                    0.99
  ------------------------------------------------------------------------------------------------------------------
  data required time                                                                    0.99
  data arrival time                                                                    -0.99
  ------------------------------------------------------------------------------------------------------------------
  slack (MET)                                                                           0.00


1
