 
****************************************
Report : area
Design : FuseMax2DArray
Version: V-2023.12
Date   : Mon Apr  6 04:22:36 2026
****************************************

Library(s) Used:

    tcbn28hpcplusbwp30p140ffg0p99v0c_ccs (File: /hpc/Tech/TSMC/digital/N28/digital/Front_End/timing_power_noise/CCS/tcbn28hpcplusbwp30p140_180a/tcbn28hpcplusbwp30p140ffg0p99v0c_ccs.db)

Number of ports:                         8770
Number of nets:                        247019
Number of cells:                       227721
Number of combinational cells:         206153
Number of sequential cells:             21504
Number of macros/black boxes:               0
Number of buf/inv:                      34352
Number of references:                      64

Combinational area:             130494.293905
Buf/Inv area:                     8682.534138
Noncombinational area:           40693.841710
Macro/Black Box area:                0.000000
Net Interconnect area:      undefined  (Wire load has zero net area)

Total cell area:                171188.135616
Total area:                 undefined

Hierarchical area distribution
------------------------------

                                  Global cell area              Local cell area
                                  --------------------  ------------------------------- 
Hierarchical cell                 Absolute     Percent  Combi-       Noncombi-   Black-
                                  Total        Total    national     national    boxes   Design
--------------------------------  -----------  -------  -----------  ----------  ------  --------------
FuseMax2DArray                    171188.1356    100.0       0.0000      0.0000  0.0000  FuseMax2DArray
pe_0_0                              2684.5560      1.6    2049.5160    635.0400  0.0000  FuseMax2DPE_63
pe_0_1                              2681.1540      1.6    2045.2320    635.9220  0.0000  FuseMax2DPE_62
pe_0_2                              2682.6660      1.6    2046.8700    635.7960  0.0000  FuseMax2DPE_61
pe_0_3                              2681.7840      1.6    2045.8620    635.9220  0.0000  FuseMax2DPE_60
pe_0_4                              2682.1620      1.6    2046.3660    635.7960  0.0000  FuseMax2DPE_59
pe_0_5                              2682.9180      1.6    2047.1220    635.7960  0.0000  FuseMax2DPE_58
pe_0_6                              2681.9100      1.6    2046.1140    635.7960  0.0000  FuseMax2DPE_57
pe_0_7                              2684.3040      1.6    2048.5080    635.7960  0.0000  FuseMax2DPE_56
pe_1_0                              2686.1940      1.6    2051.1540    635.0400  0.0000  FuseMax2DPE_55
pe_1_1                              2683.4220      1.6    2047.6260    635.7960  0.0000  FuseMax2DPE_54
pe_1_2                              2683.2960      1.6    2047.3740    635.9220  0.0000  FuseMax2DPE_53
pe_1_3                              2683.4220      1.6    2047.5000    635.9220  0.0000  FuseMax2DPE_52
pe_1_4                              2685.6900      1.6    2049.7680    635.9220  0.0000  FuseMax2DPE_51
pe_1_5                              2683.6740      1.6    2047.7520    635.9220  0.0000  FuseMax2DPE_50
pe_1_6                              2683.4220      1.6    2047.5000    635.9220  0.0000  FuseMax2DPE_49
pe_1_7                              2682.4140      1.6    2046.4920    635.9220  0.0000  FuseMax2DPE_48
pe_2_0                              2686.3200      1.6    2051.2800    635.0400  0.0000  FuseMax2DPE_47
pe_2_1                              2683.4220      1.6    2047.5000    635.9220  0.0000  FuseMax2DPE_46
pe_2_2                              2683.5480      1.6    2047.6260    635.9220  0.0000  FuseMax2DPE_45
pe_2_3                              2683.4220      1.6    2047.5000    635.9220  0.0000  FuseMax2DPE_44
pe_2_4                              2683.5480      1.6    2047.6260    635.9220  0.0000  FuseMax2DPE_43
pe_2_5                              2683.0440      1.6    2047.1220    635.9220  0.0000  FuseMax2DPE_42
pe_2_6                              2683.0440      1.6    2047.1220    635.9220  0.0000  FuseMax2DPE_41
pe_2_7                              2682.0360      1.6    2046.1140    635.9220  0.0000  FuseMax2DPE_40
pe_3_0                              2687.2020      1.6    2052.1620    635.0400  0.0000  FuseMax2DPE_39
pe_3_1                              2683.2960      1.6    2047.3740    635.9220  0.0000  FuseMax2DPE_38
pe_3_2                              2684.5560      1.6    2048.6340    635.9220  0.0000  FuseMax2DPE_37
pe_3_3                              2683.1700      1.6    2047.2480    635.9220  0.0000  FuseMax2DPE_36
pe_3_4                              2683.1700      1.6    2047.2480    635.9220  0.0000  FuseMax2DPE_35
pe_3_5                              2683.4220      1.6    2047.5000    635.9220  0.0000  FuseMax2DPE_34
pe_3_6                              2683.0440      1.6    2047.1220    635.9220  0.0000  FuseMax2DPE_33
pe_3_7                              2681.7840      1.6    2045.8620    635.9220  0.0000  FuseMax2DPE_32
pe_4_0                              2686.3200      1.6    2051.2800    635.0400  0.0000  FuseMax2DPE_31
pe_4_1                              2683.5480      1.6    2047.6260    635.9220  0.0000  FuseMax2DPE_30
pe_4_2                              2683.5480      1.6    2047.6260    635.9220  0.0000  FuseMax2DPE_29
pe_4_3                              2685.4380      1.6    2049.5160    635.9220  0.0000  FuseMax2DPE_28
pe_4_4                              2686.0680      1.6    2050.1460    635.9220  0.0000  FuseMax2DPE_27
pe_4_5                              2683.1700      1.6    2047.2480    635.9220  0.0000  FuseMax2DPE_26
pe_4_6                              2683.2960      1.6    2047.3740    635.9220  0.0000  FuseMax2DPE_25
pe_4_7                              2682.1620      1.6    2046.2400    635.9220  0.0000  FuseMax2DPE_24
pe_5_0                              2686.6980      1.6    2051.6580    635.0400  0.0000  FuseMax2DPE_23
pe_5_1                              2683.8000      1.6    2047.8780    635.9220  0.0000  FuseMax2DPE_22
pe_5_2                              2683.2960      1.6    2047.3740    635.9220  0.0000  FuseMax2DPE_21
pe_5_3                              2683.2960      1.6    2047.3740    635.9220  0.0000  FuseMax2DPE_20
pe_5_4                              2684.3040      1.6    2048.3820    635.9220  0.0000  FuseMax2DPE_19
pe_5_5                              2683.1700      1.6    2047.2480    635.9220  0.0000  FuseMax2DPE_18
pe_5_6                              2683.4220      1.6    2047.5000    635.9220  0.0000  FuseMax2DPE_17
pe_5_7                              2681.7840      1.6    2045.8620    635.9220  0.0000  FuseMax2DPE_16
pe_6_0                              2686.4460      1.6    2051.4060    635.0400  0.0000  FuseMax2DPE_15
pe_6_1                              2683.8000      1.6    2047.8780    635.9220  0.0000  FuseMax2DPE_14
pe_6_2                              2683.1700      1.6    2047.2480    635.9220  0.0000  FuseMax2DPE_13
pe_6_3                              2685.9420      1.6    2050.0200    635.9220  0.0000  FuseMax2DPE_12
pe_6_4                              2683.2960      1.6    2047.3740    635.9220  0.0000  FuseMax2DPE_11
pe_6_5                              2682.9180      1.6    2046.9960    635.9220  0.0000  FuseMax2DPE_10
pe_6_6                              2683.1700      1.6    2047.2480    635.9220  0.0000  FuseMax2DPE_9
pe_6_7                              2682.5400      1.6    2046.6180    635.9220  0.0000  FuseMax2DPE_8
pe_7_0                              2615.3820      1.5    1980.3420    635.0400  0.0000  FuseMax2DPE_7
pe_7_1                              2607.4440      1.5    1971.2700    636.1740  0.0000  FuseMax2DPE_6
pe_7_2                              2610.8460      1.5    1973.9160    636.9300  0.0000  FuseMax2DPE_5
pe_7_3                              2609.7120      1.5    1973.5380    636.1740  0.0000  FuseMax2DPE_4
pe_7_4                              2605.6800      1.5    1969.1280    636.5520  0.0000  FuseMax2DPE_3
pe_7_5                              2610.5940      1.5    1974.4200    636.1740  0.0000  FuseMax2DPE_2
pe_7_6                              2615.1300      1.5    1978.9560    636.1740  0.0000  FuseMax2DPE_1
pe_7_7                              2627.7300      1.5    1991.8080    635.9220  0.0000  FuseMax2DPE_0
--------------------------------  -----------  -------  -----------  ----------  ------  --------------
Total                                                   130494.2939  40693.8417  0.0000

1
