 
****************************************
Report : power
        -hier
        -analysis_effort low
Design : FuseMax2DArray
Version: V-2023.12
Date   : Mon Apr  6 04:22:39 2026
****************************************


Library(s) Used:

    tcbn28hpcplusbwp30p140ffg0p99v0c_ccs (File: /hpc/Tech/TSMC/digital/N28/digital/Front_End/timing_power_noise/CCS/tcbn28hpcplusbwp30p140_180a/tcbn28hpcplusbwp30p140ffg0p99v0c_ccs.db)


Operating Conditions: ffg0p99v0c   Library: tcbn28hpcplusbwp30p140ffg0p99v0c_ccs
Wire Load Model Mode: segmented

Design        Wire Load Model            Library
------------------------------------------------
FuseMax2DArray         ZeroWireload      tcbn28hpcplusbwp30p140ffg0p99v0c_ccs
FuseMax2DPE_63         ZeroWireload      tcbn28hpcplusbwp30p140ffg0p99v0c_ccs
FuseMax2DPE_56         ZeroWireload      tcbn28hpcplusbwp30p140ffg0p99v0c_ccs
FuseMax2DPE_0          ZeroWireload      tcbn28hpcplusbwp30p140ffg0p99v0c_ccs
FuseMax2DPE_8          ZeroWireload      tcbn28hpcplusbwp30p140ffg0p99v0c_ccs
FuseMax2DPE_16         ZeroWireload      tcbn28hpcplusbwp30p140ffg0p99v0c_ccs
FuseMax2DPE_24         ZeroWireload      tcbn28hpcplusbwp30p140ffg0p99v0c_ccs
FuseMax2DPE_32         ZeroWireload      tcbn28hpcplusbwp30p140ffg0p99v0c_ccs
FuseMax2DPE_40         ZeroWireload      tcbn28hpcplusbwp30p140ffg0p99v0c_ccs
FuseMax2DPE_48         ZeroWireload      tcbn28hpcplusbwp30p140ffg0p99v0c_ccs
FuseMax2DPE_1          ZeroWireload      tcbn28hpcplusbwp30p140ffg0p99v0c_ccs
FuseMax2DPE_2          ZeroWireload      tcbn28hpcplusbwp30p140ffg0p99v0c_ccs
FuseMax2DPE_3          ZeroWireload      tcbn28hpcplusbwp30p140ffg0p99v0c_ccs
FuseMax2DPE_4          ZeroWireload      tcbn28hpcplusbwp30p140ffg0p99v0c_ccs
FuseMax2DPE_5          ZeroWireload      tcbn28hpcplusbwp30p140ffg0p99v0c_ccs
FuseMax2DPE_6          ZeroWireload      tcbn28hpcplusbwp30p140ffg0p99v0c_ccs
FuseMax2DPE_7          ZeroWireload      tcbn28hpcplusbwp30p140ffg0p99v0c_ccs
FuseMax2DPE_9          ZeroWireload      tcbn28hpcplusbwp30p140ffg0p99v0c_ccs
FuseMax2DPE_10         ZeroWireload      tcbn28hpcplusbwp30p140ffg0p99v0c_ccs
FuseMax2DPE_11         ZeroWireload      tcbn28hpcplusbwp30p140ffg0p99v0c_ccs
FuseMax2DPE_12         ZeroWireload      tcbn28hpcplusbwp30p140ffg0p99v0c_ccs
FuseMax2DPE_13         ZeroWireload      tcbn28hpcplusbwp30p140ffg0p99v0c_ccs
FuseMax2DPE_14         ZeroWireload      tcbn28hpcplusbwp30p140ffg0p99v0c_ccs
FuseMax2DPE_15         ZeroWireload      tcbn28hpcplusbwp30p140ffg0p99v0c_ccs
FuseMax2DPE_17         ZeroWireload      tcbn28hpcplusbwp30p140ffg0p99v0c_ccs
FuseMax2DPE_18         ZeroWireload      tcbn28hpcplusbwp30p140ffg0p99v0c_ccs
FuseMax2DPE_19         ZeroWireload      tcbn28hpcplusbwp30p140ffg0p99v0c_ccs
FuseMax2DPE_20         ZeroWireload      tcbn28hpcplusbwp30p140ffg0p99v0c_ccs
FuseMax2DPE_21         ZeroWireload      tcbn28hpcplusbwp30p140ffg0p99v0c_ccs
FuseMax2DPE_22         ZeroWireload      tcbn28hpcplusbwp30p140ffg0p99v0c_ccs
FuseMax2DPE_23         ZeroWireload      tcbn28hpcplusbwp30p140ffg0p99v0c_ccs
FuseMax2DPE_25         ZeroWireload      tcbn28hpcplusbwp30p140ffg0p99v0c_ccs
FuseMax2DPE_26         ZeroWireload      tcbn28hpcplusbwp30p140ffg0p99v0c_ccs
FuseMax2DPE_27         ZeroWireload      tcbn28hpcplusbwp30p140ffg0p99v0c_ccs
FuseMax2DPE_28         ZeroWireload      tcbn28hpcplusbwp30p140ffg0p99v0c_ccs
FuseMax2DPE_29         ZeroWireload      tcbn28hpcplusbwp30p140ffg0p99v0c_ccs
FuseMax2DPE_30         ZeroWireload      tcbn28hpcplusbwp30p140ffg0p99v0c_ccs
FuseMax2DPE_31         ZeroWireload      tcbn28hpcplusbwp30p140ffg0p99v0c_ccs
FuseMax2DPE_33         ZeroWireload      tcbn28hpcplusbwp30p140ffg0p99v0c_ccs
FuseMax2DPE_34         ZeroWireload      tcbn28hpcplusbwp30p140ffg0p99v0c_ccs
FuseMax2DPE_35         ZeroWireload      tcbn28hpcplusbwp30p140ffg0p99v0c_ccs
FuseMax2DPE_36         ZeroWireload      tcbn28hpcplusbwp30p140ffg0p99v0c_ccs
FuseMax2DPE_37         ZeroWireload      tcbn28hpcplusbwp30p140ffg0p99v0c_ccs
FuseMax2DPE_38         ZeroWireload      tcbn28hpcplusbwp30p140ffg0p99v0c_ccs
FuseMax2DPE_39         ZeroWireload      tcbn28hpcplusbwp30p140ffg0p99v0c_ccs
FuseMax2DPE_41         ZeroWireload      tcbn28hpcplusbwp30p140ffg0p99v0c_ccs
FuseMax2DPE_42         ZeroWireload      tcbn28hpcplusbwp30p140ffg0p99v0c_ccs
FuseMax2DPE_43         ZeroWireload      tcbn28hpcplusbwp30p140ffg0p99v0c_ccs
FuseMax2DPE_44         ZeroWireload      tcbn28hpcplusbwp30p140ffg0p99v0c_ccs
FuseMax2DPE_45         ZeroWireload      tcbn28hpcplusbwp30p140ffg0p99v0c_ccs
FuseMax2DPE_46         ZeroWireload      tcbn28hpcplusbwp30p140ffg0p99v0c_ccs
FuseMax2DPE_47         ZeroWireload      tcbn28hpcplusbwp30p140ffg0p99v0c_ccs
FuseMax2DPE_49         ZeroWireload      tcbn28hpcplusbwp30p140ffg0p99v0c_ccs
FuseMax2DPE_50         ZeroWireload      tcbn28hpcplusbwp30p140ffg0p99v0c_ccs
FuseMax2DPE_51         ZeroWireload      tcbn28hpcplusbwp30p140ffg0p99v0c_ccs
FuseMax2DPE_52         ZeroWireload      tcbn28hpcplusbwp30p140ffg0p99v0c_ccs
FuseMax2DPE_53         ZeroWireload      tcbn28hpcplusbwp30p140ffg0p99v0c_ccs
FuseMax2DPE_54         ZeroWireload      tcbn28hpcplusbwp30p140ffg0p99v0c_ccs
FuseMax2DPE_55         ZeroWireload      tcbn28hpcplusbwp30p140ffg0p99v0c_ccs
FuseMax2DPE_57         ZeroWireload      tcbn28hpcplusbwp30p140ffg0p99v0c_ccs
FuseMax2DPE_58         ZeroWireload      tcbn28hpcplusbwp30p140ffg0p99v0c_ccs
FuseMax2DPE_59         ZeroWireload      tcbn28hpcplusbwp30p140ffg0p99v0c_ccs
FuseMax2DPE_60         ZeroWireload      tcbn28hpcplusbwp30p140ffg0p99v0c_ccs
FuseMax2DPE_61         ZeroWireload      tcbn28hpcplusbwp30p140ffg0p99v0c_ccs
FuseMax2DPE_62         ZeroWireload      tcbn28hpcplusbwp30p140ffg0p99v0c_ccs


Global Operating Voltage = 0.99 
Power-specific unit information :
    Voltage Units = 1V
    Capacitance Units = 1.000000pf
    Time Units = 1ns
    Dynamic Power Units = 1mW    (derived from V,C,T units)
    Leakage Power Units = 1nW


--------------------------------------------------------------------------------
                                       Switch   Int      Leak     Total
Hierarchy                              Power    Power    Power    Power    %
--------------------------------------------------------------------------------
FuseMax2DArray                            6.270   84.565 7.34e+05   91.569 100.0
  pe_7_7 (FuseMax2DPE_0)               9.52e-02    1.311 9.82e+03    1.416   1.5
  pe_7_6 (FuseMax2DPE_1)               9.55e-02    1.311 9.73e+03    1.416   1.5
  pe_7_5 (FuseMax2DPE_2)               9.16e-02    1.307 9.73e+03    1.409   1.5
  pe_7_4 (FuseMax2DPE_3)               9.13e-02    1.309 9.73e+03    1.410   1.5
  pe_7_3 (FuseMax2DPE_4)               9.57e-02    1.312 9.69e+03    1.417   1.5
  pe_7_2 (FuseMax2DPE_5)               9.33e-02    1.311 9.74e+03    1.415   1.5
  pe_7_1 (FuseMax2DPE_6)               9.42e-02    1.311 9.70e+03    1.415   1.5
  pe_7_0 (FuseMax2DPE_7)               9.58e-02    1.312 9.71e+03    1.418   1.5
  pe_6_7 (FuseMax2DPE_8)               9.20e-02    1.315 1.17e+04    1.419   1.5
  pe_6_6 (FuseMax2DPE_9)               9.08e-02    1.314 1.17e+04    1.416   1.5
  pe_6_5 (FuseMax2DPE_10)              9.45e-02    1.318 1.17e+04    1.424   1.6
  pe_6_4 (FuseMax2DPE_11)              9.21e-02    1.315 1.17e+04    1.419   1.5
  pe_6_3 (FuseMax2DPE_12)              9.33e-02    1.316 1.17e+04    1.421   1.6
  pe_6_2 (FuseMax2DPE_13)              9.42e-02    1.317 1.17e+04    1.423   1.6
  pe_6_1 (FuseMax2DPE_14)              9.66e-02    1.320 1.17e+04    1.428   1.6
  pe_6_0 (FuseMax2DPE_15)              9.76e-02    1.322 1.17e+04    1.431   1.6
  pe_5_7 (FuseMax2DPE_16)              9.15e-02    1.315 1.17e+04    1.418   1.5
  pe_5_6 (FuseMax2DPE_17)              9.36e-02    1.317 1.17e+04    1.422   1.6
  pe_5_5 (FuseMax2DPE_18)              9.50e-02    1.318 1.17e+04    1.425   1.6
  pe_5_4 (FuseMax2DPE_19)              9.47e-02    1.318 1.17e+04    1.425   1.6
  pe_5_3 (FuseMax2DPE_20)              9.50e-02    1.318 1.17e+04    1.424   1.6
  pe_5_2 (FuseMax2DPE_21)              9.49e-02    1.317 1.17e+04    1.424   1.6
  pe_5_1 (FuseMax2DPE_22)              9.63e-02    1.319 1.17e+04    1.427   1.6
  pe_5_0 (FuseMax2DPE_23)              9.80e-02    1.322 1.17e+04    1.432   1.6
  pe_4_7 (FuseMax2DPE_24)              9.52e-02    1.318 1.17e+04    1.425   1.6
  pe_4_6 (FuseMax2DPE_25)              9.37e-02    1.317 1.17e+04    1.422   1.6
  pe_4_5 (FuseMax2DPE_26)              9.48e-02    1.319 1.17e+04    1.425   1.6
  pe_4_4 (FuseMax2DPE_27)              9.61e-02    1.321 1.17e+04    1.429   1.6
  pe_4_3 (FuseMax2DPE_28)              9.91e-02    1.322 1.17e+04    1.433   1.6
  pe_4_2 (FuseMax2DPE_29)              9.93e-02    1.324 1.17e+04    1.435   1.6
  pe_4_1 (FuseMax2DPE_30)              9.56e-02    1.319 1.17e+04    1.426   1.6
  pe_4_0 (FuseMax2DPE_31)              9.89e-02    1.323 1.17e+04    1.433   1.6
  pe_3_7 (FuseMax2DPE_32)              9.37e-02    1.318 1.17e+04    1.423   1.6
  pe_3_6 (FuseMax2DPE_33)              9.77e-02    1.322 1.17e+04    1.431   1.6
  pe_3_5 (FuseMax2DPE_34)              9.68e-02    1.320 1.17e+04    1.429   1.6
  pe_3_4 (FuseMax2DPE_35)              9.52e-02    1.319 1.17e+04    1.426   1.6
  pe_3_3 (FuseMax2DPE_36)              9.82e-02    1.323 1.17e+04    1.433   1.6
  pe_3_2 (FuseMax2DPE_37)              9.65e-02    1.321 1.17e+04    1.429   1.6
  pe_3_1 (FuseMax2DPE_38)              9.91e-02    1.323 1.17e+04    1.434   1.6
  pe_3_0 (FuseMax2DPE_39)                 0.101    1.326 1.17e+04    1.440   1.6
  pe_2_7 (FuseMax2DPE_40)              9.73e-02    1.322 1.17e+04    1.431   1.6
  pe_2_6 (FuseMax2DPE_41)              9.64e-02    1.322 1.17e+04    1.430   1.6
  pe_2_5 (FuseMax2DPE_42)              9.79e-02    1.323 1.17e+04    1.433   1.6
  pe_2_4 (FuseMax2DPE_43)              9.82e-02    1.322 1.17e+04    1.432   1.6
  pe_2_3 (FuseMax2DPE_44)                 0.102    1.327 1.17e+04    1.441   1.6
  pe_2_2 (FuseMax2DPE_45)                 0.101    1.327 1.17e+04    1.440   1.6
  pe_2_1 (FuseMax2DPE_46)                 0.102    1.328 1.17e+04    1.442   1.6
  pe_2_0 (FuseMax2DPE_47)                 0.105    1.331 1.17e+04    1.448   1.6
  pe_1_7 (FuseMax2DPE_48)                 0.102    1.327 1.17e+04    1.441   1.6
  pe_1_6 (FuseMax2DPE_49)                 0.101    1.326 1.17e+04    1.439   1.6
  pe_1_5 (FuseMax2DPE_50)                 0.101    1.327 1.17e+04    1.440   1.6
  pe_1_4 (FuseMax2DPE_51)                 0.103    1.328 1.17e+04    1.443   1.6
  pe_1_3 (FuseMax2DPE_52)                 0.103    1.329 1.17e+04    1.444   1.6
  pe_1_2 (FuseMax2DPE_53)                 0.103    1.328 1.17e+04    1.442   1.6
  pe_1_1 (FuseMax2DPE_54)                 0.102    1.327 1.17e+04    1.441   1.6
  pe_1_0 (FuseMax2DPE_55)                 0.105    1.332 1.17e+04    1.448   1.6
  pe_0_7 (FuseMax2DPE_56)              9.97e-02    1.324 1.17e+04    1.436   1.6
  pe_0_6 (FuseMax2DPE_57)                 0.103    1.329 1.17e+04    1.444   1.6
  pe_0_5 (FuseMax2DPE_58)                 0.103    1.329 1.17e+04    1.443   1.6
  pe_0_4 (FuseMax2DPE_59)                 0.106    1.331 1.17e+04    1.449   1.6
  pe_0_3 (FuseMax2DPE_60)                 0.104    1.329 1.17e+04    1.445   1.6
  pe_0_2 (FuseMax2DPE_61)                 0.106    1.331 1.17e+04    1.448   1.6
  pe_0_1 (FuseMax2DPE_62)                 0.104    1.330 1.17e+04    1.446   1.6
  pe_0_0 (FuseMax2DPE_63)                 0.110    1.337 1.17e+04    1.459   1.6
1
