 
****************************************
Report : area
Design : OneSaArray
Version: V-2023.12
Date   : Mon Apr  6 09:37:09 2026
****************************************

Library(s) Used:

    tcbn28hpcplusbwp30p140ffg0p99v0c_ccs (File: /hpc/Tech/TSMC/digital/N28/digital/Front_End/timing_power_noise/CCS/tcbn28hpcplusbwp30p140_180a/tcbn28hpcplusbwp30p140ffg0p99v0c_ccs.db)

Number of ports:                         5220
Number of nets:                        199119
Number of cells:                       180846
Number of combinational cells:         154605
Number of sequential cells:             26240
Number of macros/black boxes:               0
Number of buf/inv:                      36224
Number of references:                       1

Combinational area:             105828.658835
Buf/Inv area:                     9136.764146
Noncombinational area:           50143.841669
Macro/Black Box area:                0.000000
Net Interconnect area:      undefined  (Wire load has zero net area)

Total cell area:                155972.500504
Total area:                 undefined

Hierarchical area distribution
------------------------------

                                  Global cell area              Local cell area
                                  --------------------  ------------------------------- 
Hierarchical cell                 Absolute     Percent  Combi-       Noncombi-   Black-
                                  Total        Total    national     national    boxes   Design
--------------------------------  -----------  -------  -----------  ----------  ------  ---------
OneSaArray                        155972.5005    100.0       0.0000      0.0000  0.0000  OneSaArray
mesh                              155972.5005    100.0  105828.6588  50143.8417  0.0000  OneSaMesh
--------------------------------  -----------  -------  -----------  ----------  ------  ---------
Total                                                   105828.6588  50143.8417  0.0000

1
