Information: Updating design information... (UID-85)
Warning: Design 'OneSaArray' contains 1 high-fanout nets. A fanout number of 1000 will be used for delay calculations involving these nets. (TIM-134)
 
****************************************
Report : timing
        -path full
        -delay max
        -nets
        -max_paths 1
        -transition_time
Design : OneSaArray
Version: V-2023.12
Date   : Mon Apr  6 09:37:08 2026
****************************************

 # A fanout number of 1000 was used for high fanout net computations.

Operating Conditions: ffg0p99v0c   Library: tcbn28hpcplusbwp30p140ffg0p99v0c_ccs
Wire Load Model Mode: segmented

  Startpoint: mesh/pes_2_1/regPsum_reg[1]
              (rising edge-triggered flip-flop clocked by ideal_clock1)
  Endpoint: mesh/pes_3_1/regPsum_reg[31]
            (rising edge-triggered flip-flop clocked by ideal_clock1)
  Path Group: ideal_clock1
  Path Type: max

  Des/Clust/Port     Wire Load Model       Library
  ------------------------------------------------
  OneSaArray         ZeroWireload          tcbn28hpcplusbwp30p140ffg0p99v0c_ccs
  OneSaMesh          ZeroWireload          tcbn28hpcplusbwp30p140ffg0p99v0c_ccs

Attributes:
    d - dont_touch
    u - dont_use
   mo - map_only
   so - size_only
    i - ideal_net or ideal_network
  inf - infeasible path

  Point                                    Fanout     Trans      Incr       Path      Attributes
  ------------------------------------------------------------------------------------------------------
  clock ideal_clock1 (rise edge)                                 0.00       0.00
  clock network delay (ideal)                                    0.00       0.00
  mesh/pes_2_1/regPsum_reg[1]/CP (DFQD1BWP30P140)      0.00      0.00 #     0.00 r
  mesh/pes_2_1/regPsum_reg[1]/Q (DFQD1BWP30P140)       0.01      0.04       0.04 f
  mesh/_pes_2_1_io_psumOut[1] (net)          3                   0.00       0.04 f
  mesh/U23063/ZN (AOI21D1BWP30P140)                    0.01      0.01       0.05 r
  mesh/n102096 (net)                         2                   0.00       0.05 r
  mesh/U23066/ZN (OAI21D1BWP30P140)                    0.02      0.01       0.06 f
  mesh/n13981 (net)                          2                   0.00       0.06 f
  mesh/U7256/ZN (MAOI222D0BWP30P140)                   0.04      0.03       0.09 r
  mesh/n15235 (net)                          2                   0.00       0.09 r
  mesh/U6978/ZN (MAOI222D0BWP30P140)                   0.04      0.03       0.12 f
  mesh/n16100 (net)                          2                   0.00       0.12 f
  mesh/U6394/ZN (MAOI222D0BWP30P140)                   0.04      0.03       0.15 r
  mesh/n17195 (net)                          2                   0.00       0.15 r
  mesh/U6115/ZN (MAOI222D0BWP30P140)                   0.04      0.03       0.18 f
  mesh/n18596 (net)                          2                   0.00       0.18 f
  mesh/U5779/ZN (MAOI222D0BWP30P140)                   0.04      0.03       0.21 r
  mesh/n22996 (net)                          2                   0.00       0.21 r
  mesh/U5513/ZN (MAOI222D0BWP30P140)                   0.04      0.03       0.24 f
  mesh/n24574 (net)                          2                   0.00       0.24 f
  mesh/U5395/ZN (MAOI222D0BWP30P140)                   0.04      0.03       0.27 r
  mesh/n28880 (net)                          2                   0.00       0.27 r
  mesh/U4987/ZN (MAOI222D0BWP30P140)                   0.04      0.03       0.30 f
  mesh/n32216 (net)                          2                   0.00       0.30 f
  mesh/U4879/ZN (MAOI222D0BWP30P140)                   0.04      0.03       0.34 r
  mesh/n35122 (net)                          2                   0.00       0.34 r
  mesh/U4287/ZN (MAOI222D0BWP30P140)                   0.04      0.03       0.36 f
  mesh/n37405 (net)                          2                   0.00       0.36 f
  mesh/U55453/ZN (MAOI222D1BWP30P140)                  0.03      0.03       0.39 r
  mesh/n38885 (net)                          2                   0.00       0.39 r
  mesh/U3905/ZN (MAOI222D0BWP30P140)                   0.04      0.03       0.42 f
  mesh/n42235 (net)                          2                   0.00       0.42 f
  mesh/U60517/ZN (MAOI222D1BWP30P140)                  0.03      0.03       0.44 r
  mesh/n44690 (net)                          2                   0.00       0.44 r
  mesh/U3268/ZN (MAOI222D0BWP30P140)                   0.04      0.03       0.47 f
  mesh/n46727 (net)                          2                   0.00       0.47 f
  mesh/U65623/ZN (MAOI222D1BWP30P140)                  0.03      0.03       0.50 r
  mesh/n50836 (net)                          2                   0.00       0.50 r
  mesh/U69727/ZN (MAOI222D1BWP30P140)                  0.03      0.02       0.52 f
  mesh/n54295 (net)                          2                   0.00       0.52 f
  mesh/U74991/ZN (MAOI222D1BWP30P140)                  0.03      0.02       0.54 r
  mesh/n57771 (net)                          2                   0.00       0.54 r
  mesh/U80936/ZN (MAOI222D1BWP30P140)                  0.03      0.02       0.57 f
  mesh/n58932 (net)                          2                   0.00       0.57 f
  mesh/U82869/ZN (MAOI222D1BWP30P140)                  0.03      0.02       0.59 r
  mesh/n82896 (net)                          2                   0.00       0.59 r
  mesh/U118673/ZN (MAOI222D1BWP30P140)                 0.03      0.02       0.61 f
  mesh/n84072 (net)                          2                   0.00       0.61 f
  mesh/U120239/ZN (MAOI222D1BWP30P140)                 0.03      0.02       0.64 r
  mesh/n84610 (net)                          2                   0.00       0.64 r
  mesh/U120934/ZN (MAOI222D1BWP30P140)                 0.03      0.02       0.66 f
  mesh/n86456 (net)                          2                   0.00       0.66 f
  mesh/U123126/ZN (MAOI222D1BWP30P140)                 0.03      0.02       0.68 r
  mesh/n87487 (net)                          2                   0.00       0.68 r
  mesh/U124195/ZN (MAOI222D1BWP30P140)                 0.03      0.02       0.70 f
  mesh/n88735 (net)                          2                   0.00       0.70 f
  mesh/U125877/ZN (MAOI222D1BWP30P140)                 0.03      0.02       0.73 r
  mesh/n90063 (net)                          2                   0.00       0.73 r
  mesh/U127115/ZN (MAOI222D1BWP30P140)                 0.03      0.02       0.75 f
  mesh/n91020 (net)                          2                   0.00       0.75 f
  mesh/U128069/ZN (MAOI222D1BWP30P140)                 0.03      0.02       0.77 r
  mesh/n91467 (net)                          2                   0.00       0.77 r
  mesh/U2075/ZN (MAOI222D0BWP30P140)                   0.03      0.03       0.80 f
  mesh/n92949 (net)                          2                   0.00       0.80 f
  mesh/U1419/ZN (MAOI222D0BWP30P140)                   0.02      0.02       0.82 r
  mesh/n92950 (net)                          1                   0.00       0.82 r
  mesh/U1093/ZN (XNR2UD0BWP30P140)                     0.02      0.02       0.84 r
  mesh/n92951 (net)                          1                   0.00       0.84 r
  mesh/U665/ZN (XNR2UD0BWP30P140)                      0.02      0.02       0.86 r
  mesh/n92952 (net)                          1                   0.00       0.86 r
  mesh/U129023/Z (AO22D0BWP30P140)                     0.02      0.02       0.88 r
  mesh/pes_3_1/N292 (net)                    1                   0.00       0.88 r
  mesh/pes_3_1/regPsum_reg[31]/D (DFQD1BWP30P140)      0.02      0.00       0.88 r
  data arrival time                                                         0.88

  clock ideal_clock1 (rise edge)                                 1.00       1.00
  clock network delay (ideal)                                    0.00       1.00
  mesh/pes_3_1/regPsum_reg[31]/CP (DFQD1BWP30P140)               0.00       1.00 r
  library setup time                                            -0.01       0.99
  data required time                                                        0.99
  ------------------------------------------------------------------------------------------------------
  data required time                                                        0.99
  data arrival time                                                        -0.88
  ------------------------------------------------------------------------------------------------------
  slack (MET)                                                               0.10


1
