 
****************************************
Report : area
Design : SystolicArray
Version: V-2023.12
Date   : Mon Apr  6 02:57:27 2026
****************************************

Library(s) Used:

    tcbn28hpcplusbwp30p140ffg0p99v0c_ccs (File: /hpc/Tech/TSMC/digital/N28/digital/Front_End/timing_power_noise/CCS/tcbn28hpcplusbwp30p140_180a/tcbn28hpcplusbwp30p140ffg0p99v0c_ccs.db)

Number of ports:                         1914
Number of nets:                         19636
Number of cells:                        16356
Number of combinational cells:          15196
Number of sequential cells:              1152
Number of macros/black boxes:               0
Number of buf/inv:                       1647
Number of references:                      11

Combinational area:              12093.227912
Buf/Inv area:                      417.690007
Noncombinational area:            2177.657983
Macro/Black Box area:                0.000000
Net Interconnect area:      undefined  (Wire load has zero net area)

Total cell area:                 14270.885896
Total area:                 undefined

Hierarchical area distribution
------------------------------

                                  Global cell area            Local cell area
                                  -------------------  ----------------------------- 
Hierarchical cell                 Absolute    Percent  Combi-      Noncombi-  Black-
                                  Total       Total    national    national   boxes   Design
--------------------------------  ----------  -------  ----------  ---------  ------  -----------
SystolicArray                     14270.8859    100.0    120.9600     0.0000  0.0000  SystolicArray
pairs_0                            1793.9880     12.6   1521.8280   272.1600  0.0000  StripPair_7
pairs_0_1                          1785.0420     12.5   1512.8820   272.1600  0.0000  StripPair_5
pairs_0_2                          1784.4120     12.5   1512.2520   272.1600  0.0000  StripPair_3
pairs_0_3                          1784.2860     12.5   1512.1260   272.1600  0.0000  StripPair_1
pairs_1                            1770.6780     12.4   1498.5180   272.1600  0.0000  StripPair_6
pairs_1_1                          1743.4620     12.2   1471.3020   272.1600  0.0000  StripPair_4
pairs_1_2                          1744.9740     12.2   1472.4360   272.5380  0.0000  StripPair_2
pairs_1_3                          1743.0840     12.2   1470.9240   272.1600  0.0000  StripPair_0
--------------------------------  ----------  -------  ----------  ---------  ------  -----------
Total                                                  12093.2279  2177.6580  0.0000

1
