Information: Updating design information... (UID-85)
Warning: Design 'SystolicArray' contains 1 high-fanout nets. A fanout number of 1000 will be used for delay calculations involving these nets. (TIM-134)
 
****************************************
Report : timing
        -path full
        -delay max
        -nets
        -max_paths 1
        -transition_time
Design : SystolicArray
Version: V-2023.12
Date   : Mon Apr  6 02:57:27 2026
****************************************

 # A fanout number of 1000 was used for high fanout net computations.

Operating Conditions: ffg0p99v0c   Library: tcbn28hpcplusbwp30p140ffg0p99v0c_ccs
Wire Load Model Mode: segmented

  Startpoint: pairs_0_3/right/regW_reg[5]
              (rising edge-triggered flip-flop clocked by ideal_clock1)
  Endpoint: pairs_0_3/right/regS_reg[31]
            (rising edge-triggered flip-flop clocked by ideal_clock1)
  Path Group: ideal_clock1
  Path Type: max

  Des/Clust/Port     Wire Load Model       Library
  ------------------------------------------------
  StripPair_2        ZeroWireload          tcbn28hpcplusbwp30p140ffg0p99v0c_ccs
  StripPair_0        ZeroWireload          tcbn28hpcplusbwp30p140ffg0p99v0c_ccs
  StripPair_3        ZeroWireload          tcbn28hpcplusbwp30p140ffg0p99v0c_ccs
  StripPair_1        ZeroWireload          tcbn28hpcplusbwp30p140ffg0p99v0c_ccs
  StripPair_4        ZeroWireload          tcbn28hpcplusbwp30p140ffg0p99v0c_ccs
  StripPair_5        ZeroWireload          tcbn28hpcplusbwp30p140ffg0p99v0c_ccs
  StripPair_6        ZeroWireload          tcbn28hpcplusbwp30p140ffg0p99v0c_ccs
  SystolicArray      ZeroWireload          tcbn28hpcplusbwp30p140ffg0p99v0c_ccs
  StripPair_7        ZeroWireload          tcbn28hpcplusbwp30p140ffg0p99v0c_ccs

Attributes:
    d - dont_touch
    u - dont_use
   mo - map_only
   so - size_only
    i - ideal_net or ideal_network
  inf - infeasible path

  Point                                    Fanout     Trans      Incr       Path      Attributes
  ------------------------------------------------------------------------------------------------------
  clock ideal_clock1 (rise edge)                                 0.00       0.00
  clock network delay (ideal)                                    0.00       0.00
  pairs_0_3/right/regW_reg[5]/CP (DFQD1BWP30P140)      0.00      0.00 #     0.00 r
  pairs_0_3/right/regW_reg[5]/Q (DFQD1BWP30P140)       0.01      0.03       0.03 r
  pairs_0_3/right/regW[5] (net)              3                   0.00       0.03 r
  pairs_0_3/U380/ZN (INVD1BWP30P140)                   0.01      0.01       0.04 f
  pairs_0_3/n1212 (net)                      3                   0.00       0.04 f
  pairs_0_3/U495/ZN (NR2D2BWP30P140)                   0.03      0.02       0.06 r
  pairs_0_3/intadd_122/B[0] (net)           16                   0.00       0.06 r
  pairs_0_3/U551/ZN (INVD3BWP30P140)                   0.03      0.02       0.09 f
  pairs_0_3/n1260 (net)                     44                   0.00       0.09 f
  pairs_0_3/U705/ZN (MUX2ND0BWP30P140)                 0.04      0.03       0.12 r
  pairs_0_3/n151 (net)                       3                   0.00       0.12 r
  pairs_0_3/U710/ZN (NR2D1BWP30P140)                   0.03      0.02       0.14 f
  pairs_0_3/n150 (net)                      12                   0.00       0.14 f
  pairs_0_3/U1306/ZN (INVD0BWP30P140)                  0.05      0.04       0.18 r
  pairs_0_3/n1258 (net)                     15                   0.00       0.18 r
  pairs_0_3/U1651/ZN (OAI22D0BWP30P140)                0.03      0.02       0.20 f
  pairs_0_3/n1254 (net)                      2                   0.00       0.20 f
  pairs_0_3/U1652/ZN (OAI21D1BWP30P140)                0.01      0.01       0.21 r
  pairs_0_3/n1253 (net)                      1                   0.00       0.21 r
  pairs_0_3/U1653/ZN (OAI31D0BWP30P140)                0.04      0.02       0.23 f
  pairs_0_3/intadd_122/B[2] (net)            1                   0.00       0.23 f
  pairs_0_3/intadd_122/U27/S (FA1D1BWP30P140)          0.01      0.05       0.28 r    mo 
  pairs_0_3/intadd_122/SUM[2] (net)          1                   0.00       0.28 r
  pairs_0_3/U1654/ZN (INVD0BWP30P140)                  0.02      0.01       0.29 f
  pairs_0_3/intadd_139/A[2] (net)            1                   0.00       0.29 f
  pairs_0_3/U238/CO (FA1D1BWP30P140)                   0.01      0.03       0.32 f    mo 
  pairs_0_3/intadd_139/n1 (net)              3                   0.00       0.32 f
  pairs_0_3/U226/ZN (MAOI222D0BWP30P140)               0.04      0.02       0.34 r
  pairs_0_3/n526 (net)                       3                   0.00       0.34 r
  pairs_0_3/U754/ZN (MAOI222D0BWP30P140)               0.04      0.03       0.37 f
  pairs_0_3/n535 (net)                       3                   0.00       0.37 f
  pairs_0_3/U755/ZN (MAOI222D0BWP30P140)               0.02      0.02       0.40 r
  pairs_0_3/n306 (net)                       1                   0.00       0.40 r
  pairs_0_3/U756/ZN (INVD0BWP30P140)                   0.02      0.01       0.41 f
  pairs_0_3/intadd_138/A[0] (net)            1                   0.00       0.41 f
  pairs_0_3/intadd_138/U4/CO (FA1D0BWP30P140)          0.02      0.03       0.44 f    mo 
  pairs_0_3/intadd_138/n3 (net)              1                   0.00       0.44 f
  pairs_0_3/intadd_138/U3/CO (FA1OPTCD2BWP30P140)      0.01      0.02       0.46 f    mo 
  pairs_0_3/intadd_138/n2 (net)              1                   0.00       0.46 f
  pairs_0_3/U1701/CO (FA1OPTCD2BWP30P140)              0.01      0.01       0.47 f    mo 
  pairs_0_3/intadd_138/n1 (net)              3                   0.00       0.47 f
  pairs_0_3/U666/ZN (MAOI222D1BWP30P140)               0.03      0.02       0.49 r
  pairs_0_3/n553 (net)                       3                   0.00       0.49 r
  pairs_0_3/U667/ZN (MAOI222D1BWP30P140)               0.03      0.02       0.51 f
  pairs_0_3/n567 (net)                       3                   0.00       0.51 f
  pairs_0_3/U668/ZN (MAOI222D1BWP30P140)               0.02      0.02       0.53 r
  pairs_0_3/n121 (net)                       1                   0.00       0.53 r
  pairs_0_3/U669/ZN (INVD1BWP30P140)                   0.01      0.01       0.54 f
  pairs_0_3/n1287 (net)                      1                   0.00       0.54 f
  pairs_0_3/U472/CO (FA1D1BWP30P140)                   0.01      0.03       0.57 f
  pairs_0_3/n1296 (net)                      3                   0.00       0.57 f
  pairs_0_3/U456/ZN (INVD1BWP30P140)                   0.01      0.01       0.58 r
  pairs_0_3/n125 (net)                       1                   0.00       0.58 r
  pairs_0_3/U675/ZN (MAOI222D1BWP30P140)               0.03      0.02       0.60 f
  pairs_0_3/n610 (net)                       3                   0.00       0.60 f
  pairs_0_3/U676/ZN (MAOI222D1BWP30P140)               0.03      0.02       0.62 r
  pairs_0_3/n616 (net)                       3                   0.00       0.62 r
  pairs_0_3/U677/ZN (MAOI222D1BWP30P140)               0.03      0.02       0.64 f
  pairs_0_3/n622 (net)                       3                   0.00       0.64 f
  pairs_0_3/U678/ZN (MAOI222D1BWP30P140)               0.03      0.02       0.67 r
  pairs_0_3/n627 (net)                       3                   0.00       0.67 r
  pairs_0_3/U679/ZN (MAOI222D1BWP30P140)               0.03      0.02       0.69 f
  pairs_0_3/n633 (net)                       3                   0.00       0.69 f
  pairs_0_3/U680/ZN (MAOI222D1BWP30P140)               0.03      0.02       0.71 r
  pairs_0_3/n639 (net)                       3                   0.00       0.71 r
  pairs_0_3/U681/ZN (MAOI222D1BWP30P140)               0.03      0.02       0.74 f
  pairs_0_3/n644 (net)                       3                   0.00       0.74 f
  pairs_0_3/U133/ZN (MAOI222D1BWP30P140)               0.03      0.02       0.76 r
  pairs_0_3/n649 (net)                       3                   0.00       0.76 r
  pairs_0_3/U131/ZN (MAOI222D1BWP30P140)               0.03      0.02       0.78 f
  pairs_0_3/n654 (net)                       3                   0.00       0.78 f
  pairs_0_3/U682/ZN (MAOI222D1BWP30P140)               0.03      0.02       0.81 r
  pairs_0_3/n659 (net)                       3                   0.00       0.81 r
  pairs_0_3/U683/ZN (MAOI222D1BWP30P140)               0.03      0.02       0.83 f
  pairs_0_3/n665 (net)                       3                   0.00       0.83 f
  pairs_0_3/U685/ZN (MAOI222D1BWP30P140)               0.03      0.02       0.85 r
  pairs_0_3/n671 (net)                       3                   0.00       0.85 r
  pairs_0_3/U686/ZN (MAOI222D1BWP30P140)               0.03      0.02       0.88 f
  pairs_0_3/n676 (net)                       3                   0.00       0.88 f
  pairs_0_3/U688/ZN (MAOI222D1BWP30P140)               0.03      0.03       0.90 r
  pairs_0_3/n682 (net)                       3                   0.00       0.90 r
  pairs_0_3/U691/ZN (MAOI222D1BWP30P140)               0.02      0.02       0.92 f
  pairs_0_3/n139 (net)                       1                   0.00       0.92 f
  pairs_0_3/U122/Z (XOR2UD1BWP30P140)                  0.02      0.02       0.94 f
  pairs_0_3/n281 (net)                       1                   0.00       0.94 f
  pairs_0_3/U118/Z (XOR2UD1BWP30P140)                  0.02      0.02       0.96 f
  pairs_0_3/n283 (net)                       2                   0.00       0.96 f
  pairs_0_3/U733/ZN (AOI21D1BWP30P140)                 0.02      0.01       0.97 r
  pairs_0_3/n282 (net)                       1                   0.00       0.97 r
  pairs_0_3/U734/ZN (OAI21D1BWP30P140)                 0.01      0.01       0.98 f
  pairs_0_3/n285 (net)                       1                   0.00       0.98 f
  pairs_0_3/U735/ZN (IOA21D1BWP30P140)                 0.01      0.01       0.99 r
  pairs_0_3/n1429 (net)                      1                   0.00       0.99 r
  pairs_0_3/right/regS_reg[31]/D (DFQD1BWP30P140)      0.01      0.00       0.99 r
  data arrival time                                                         0.99

  clock ideal_clock1 (rise edge)                                 1.00       1.00
  clock network delay (ideal)                                    0.00       1.00
  pairs_0_3/right/regS_reg[31]/CP (DFQD1BWP30P140)               0.00       1.00 r
  library setup time                                            -0.01       0.99
  data required time                                                        0.99
  ------------------------------------------------------------------------------------------------------
  data required time                                                        0.99
  data arrival time                                                        -0.99
  ------------------------------------------------------------------------------------------------------
  slack (MET)                                                               0.00


1
