 
****************************************
Report : area
Design : SystolicArray
Version: V-2023.12
Date   : Mon Apr  6 05:49:16 2026
****************************************

Library(s) Used:

    tcbn28hpcplusbwp30p140ffg0p99v0c_ccs (File: /hpc/Tech/TSMC/digital/N28/digital/Front_End/timing_power_noise/CCS/tcbn28hpcplusbwp30p140_180a/tcbn28hpcplusbwp30p140ffg0p99v0c_ccs.db)

Number of ports:                        10394
Number of nets:                        292379
Number of cells:                       273388
Number of combinational cells:         266524
Number of sequential cells:              6720
Number of macros/black boxes:               0
Number of buf/inv:                      49595
Number of references:                     144

Combinational area:             158173.974047
Buf/Inv area:                    13556.592176
Noncombinational area:           13071.365808
Macro/Black Box area:                0.000000
Net Interconnect area:      undefined  (Wire load has zero net area)

Total cell area:                171245.339856
Total area:                 undefined

Hierarchical area distribution
------------------------------

                                  Global cell area              Local cell area
                                  --------------------  ------------------------------- 
Hierarchical cell                 Absolute     Percent  Combi-       Noncombi-   Black-
                                  Total        Total    national     national    boxes   Design
--------------------------------  -----------  -------  -----------  ----------  ------  ---------
SystolicArray                     171245.3399    100.0       0.0000      0.0000  0.0000  SystolicArray
pes_0                               1173.8160      0.7    1080.0720     93.7440  0.0000  PE_143
pes_0_1                             1162.6020      0.7    1068.1020     94.5000  0.0000  PE_131
pes_0_10                            1148.7420      0.7    1055.7540     92.9880  0.0000  PE_23
pes_0_11                            1156.6800      0.7    1063.6920     92.9880  0.0000  PE_11
pes_0_2                             1154.0340      0.7    1061.0460     92.9880  0.0000  PE_119
pes_0_3                             1164.1140      0.7    1070.3700     93.7440  0.0000  PE_107
pes_0_4                             1161.0900      0.7    1068.4800     92.6100  0.0000  PE_95
pes_0_5                             1162.4760      0.7    1068.3540     94.1220  0.0000  PE_83
pes_0_6                             1153.7820      0.7    1060.7940     92.9880  0.0000  PE_71
pes_0_7                             1156.8060      0.7    1064.1960     92.6100  0.0000  PE_59
pes_0_8                             1154.0340      0.7    1061.4240     92.6100  0.0000  PE_47
pes_0_9                             1171.6740      0.7    1077.5520     94.1220  0.0000  PE_35
pes_1                               1186.5420      0.7    1093.1760     93.3660  0.0000  PE_142
pes_10                              1191.0780      0.7    1098.0900     92.9880  0.0000  PE_133
pes_10_1                            1204.9380      0.7    1111.9500     92.9880  0.0000  PE_121
pes_10_10                           1199.2680      0.7    1106.6580     92.6100  0.0000  PE_13
pes_10_11                           1207.0800      0.7    1114.4700     92.6100  0.0000  PE_1
pes_10_2                            1188.4320      0.7    1095.8220     92.6100  0.0000  PE_109
pes_10_3                            1180.1160      0.7    1087.1280     92.9880  0.0000  PE_97
pes_10_4                            1194.4800      0.7    1101.4920     92.9880  0.0000  PE_85
pes_10_5                            1189.0620      0.7    1097.2080     91.8540  0.0000  PE_73
pes_10_6                            1200.7800      0.7    1108.1700     92.6100  0.0000  PE_61
pes_10_7                            1197.6300      0.7    1104.6420     92.9880  0.0000  PE_49
pes_10_8                            1197.3780      0.7    1104.7680     92.6100  0.0000  PE_37
pes_10_9                            1183.8960      0.7    1090.9080     92.9880  0.0000  PE_25
pes_11                              1169.5320      0.7    1106.7840     62.7480  0.0000  PE_132
pes_11_1                            1191.4560      0.7    1128.7080     62.7480  0.0000  PE_120
pes_11_10                           1182.7620      0.7    1120.3920     62.3700  0.0000  PE_12
pes_11_11                           1176.4620      0.7    1114.0920     62.3700  0.0000  PE_0
pes_11_2                            1186.6680      0.7    1124.2980     62.3700  0.0000  PE_108
pes_11_3                            1191.2040      0.7    1130.7240     60.4800  0.0000  PE_96
pes_11_4                            1175.5800      0.7    1112.8320     62.7480  0.0000  PE_84
pes_11_5                            1190.3220      0.7    1127.9520     62.3700  0.0000  PE_72
pes_11_6                            1184.2740      0.7    1122.6600     61.6140  0.0000  PE_60
pes_11_7                            1179.6120      0.7    1117.9980     61.6140  0.0000  PE_48
pes_11_8                            1191.8340      0.7    1129.4640     62.3700  0.0000  PE_36
pes_11_9                            1196.4960      0.7    1133.7480     62.7480  0.0000  PE_24
pes_1_1                             1192.9680      0.7    1098.8460     94.1220  0.0000  PE_130
pes_1_10                            1187.5500      0.7    1094.9400     92.6100  0.0000  PE_22
pes_1_11                            1193.0940      0.7    1099.7280     93.3660  0.0000  PE_10
pes_1_2                             1187.9280      0.7    1094.9400     92.9880  0.0000  PE_118
pes_1_3                             1195.9920      0.7    1103.0040     92.9880  0.0000  PE_106
pes_1_4                             1190.3220      0.7    1096.2000     94.1220  0.0000  PE_94
pes_1_5                             1189.3140      0.7    1094.8140     94.5000  0.0000  PE_82
pes_1_6                             1193.7240      0.7    1100.3580     93.3660  0.0000  PE_70
pes_1_7                             1193.8500      0.7    1100.8620     92.9880  0.0000  PE_58
pes_1_8                             1202.1660      0.7    1108.8000     93.3660  0.0000  PE_46
pes_1_9                             1196.2440      0.7    1103.2560     92.9880  0.0000  PE_34
pes_2                               1191.3300      0.7    1097.5860     93.7440  0.0000  PE_141
pes_2_1                             1187.5500      0.7    1093.8060     93.7440  0.0000  PE_129
pes_2_10                            1192.4640      0.7    1099.4760     92.9880  0.0000  PE_21
pes_2_11                            1179.4860      0.7    1086.8760     92.6100  0.0000  PE_9
pes_2_2                             1191.9600      0.7    1098.2160     93.7440  0.0000  PE_117
pes_2_3                             1188.6840      0.7    1094.1840     94.5000  0.0000  PE_105
pes_2_4                             1191.9600      0.7    1098.5940     93.3660  0.0000  PE_93
pes_2_5                             1192.4640      0.7    1097.9640     94.5000  0.0000  PE_81
pes_2_6                             1192.5900      0.7    1099.9800     92.6100  0.0000  PE_69
pes_2_7                             1190.1960      0.7    1096.8300     93.3660  0.0000  PE_57
pes_2_8                             1193.5980      0.7    1100.9880     92.6100  0.0000  PE_45
pes_2_9                             1185.2820      0.7    1091.9160     93.3660  0.0000  PE_33
pes_3                               1191.7080      0.7    1098.3420     93.3660  0.0000  PE_140
pes_3_1                             1182.2580      0.7    1089.2700     92.9880  0.0000  PE_128
pes_3_10                            1190.1960      0.7    1096.4520     93.7440  0.0000  PE_20
pes_3_11                            1207.5840      0.7    1115.3520     92.2320  0.0000  PE_8
pes_3_2                             1191.8340      0.7    1098.0900     93.7440  0.0000  PE_116
pes_3_3                             1189.8180      0.7    1096.8300     92.9880  0.0000  PE_104
pes_3_4                             1190.3220      0.7    1096.5780     93.7440  0.0000  PE_92
pes_3_5                             1195.3620      0.7    1101.9960     93.3660  0.0000  PE_80
pes_3_6                             1193.7240      0.7    1099.6020     94.1220  0.0000  PE_68
pes_3_7                             1193.0940      0.7    1098.9720     94.1220  0.0000  PE_56
pes_3_8                             1191.8340      0.7    1097.3340     94.5000  0.0000  PE_44
pes_3_9                             1189.3140      0.7    1095.9480     93.3660  0.0000  PE_32
pes_4                               1193.9760      0.7    1100.2320     93.7440  0.0000  PE_139
pes_4_1                             1207.2060      0.7    1112.7060     94.5000  0.0000  PE_127
pes_4_10                            1182.3840      0.7    1089.3960     92.9880  0.0000  PE_19
pes_4_11                            1196.2440      0.7    1103.6340     92.6100  0.0000  PE_7
pes_4_2                             1189.8180      0.7    1096.0740     93.7440  0.0000  PE_115
pes_4_3                             1198.2600      0.7    1105.6500     92.6100  0.0000  PE_103
pes_4_4                             1196.3700      0.7    1102.6260     93.7440  0.0000  PE_91
pes_4_5                             1208.5920      0.7    1114.3440     94.2480  0.0000  PE_79
pes_4_6                             1203.5520      0.7    1110.5640     92.9880  0.0000  PE_67
pes_4_7                             1195.3620      0.7    1101.9960     93.3660  0.0000  PE_55
pes_4_8                             1187.0460      0.7    1094.4360     92.6100  0.0000  PE_43
pes_4_9                             1199.5200      0.7    1106.1540     93.3660  0.0000  PE_31
pes_5                               1193.4720      0.7    1099.7280     93.7440  0.0000  PE_138
pes_5_1                             1191.2040      0.7    1097.8380     93.3660  0.0000  PE_126
pes_5_10                            1193.7240      0.7    1100.7360     92.9880  0.0000  PE_18
pes_5_11                            1190.8260      0.7    1098.2160     92.6100  0.0000  PE_6
pes_5_2                             1197.0000      0.7    1103.6340     93.3660  0.0000  PE_114
pes_5_3                             1197.1260      0.7    1103.0040     94.1220  0.0000  PE_102
pes_5_4                             1191.9600      0.7    1098.2160     93.7440  0.0000  PE_90
pes_5_5                             1192.5900      0.7    1098.4680     94.1220  0.0000  PE_78
pes_5_6                             1184.9040      0.7    1092.2940     92.6100  0.0000  PE_66
pes_5_7                             1192.9680      0.7    1099.6020     93.3660  0.0000  PE_54
pes_5_8                             1192.3380      0.7    1098.9720     93.3660  0.0000  PE_42
pes_5_9                             1188.0540      0.7    1094.6880     93.3660  0.0000  PE_30
pes_6                               1196.2440      0.7    1102.2480     93.9960  0.0000  PE_137
pes_6_1                             1189.0620      0.7    1095.6960     93.3660  0.0000  PE_125
pes_6_10                            1199.6460      0.7    1106.2800     93.3660  0.0000  PE_17
pes_6_11                            1191.3300      0.7    1097.9640     93.3660  0.0000  PE_5
pes_6_2                             1192.2120      0.7    1098.8460     93.3660  0.0000  PE_113
pes_6_3                             1193.5980      0.7    1099.0980     94.5000  0.0000  PE_101
pes_6_4                             1195.2360      0.7    1101.4920     93.7440  0.0000  PE_89
pes_6_5                             1183.1400      0.7    1090.1520     92.9880  0.0000  PE_77
pes_6_6                             1185.6600      0.7    1092.6720     92.9880  0.0000  PE_65
pes_6_7                             1192.5900      0.7    1099.9800     92.6100  0.0000  PE_53
pes_6_8                             1190.0700      0.7    1096.3260     93.7440  0.0000  PE_41
pes_6_9                             1188.1800      0.7    1094.4360     93.7440  0.0000  PE_29
pes_7                               1187.6760      0.7    1093.1760     94.5000  0.0000  PE_136
pes_7_1                             1181.1240      0.7    1086.6240     94.5000  0.0000  PE_124
pes_7_10                            1187.5500      0.7    1094.9400     92.6100  0.0000  PE_16
pes_7_11                            1187.4240      0.7    1094.0580     93.3660  0.0000  PE_4
pes_7_2                             1189.4400      0.7    1095.6960     93.7440  0.0000  PE_112
pes_7_3                             1189.0620      0.7    1096.0740     92.9880  0.0000  PE_100
pes_7_4                             1190.3220      0.7    1095.8220     94.5000  0.0000  PE_88
pes_7_5                             1198.0080      0.7    1104.6420     93.3660  0.0000  PE_76
pes_7_6                             1198.8900      0.7    1104.7680     94.1220  0.0000  PE_64
pes_7_7                             1183.7700      0.7    1091.1600     92.6100  0.0000  PE_52
pes_7_8                             1185.0300      0.7    1092.0420     92.9880  0.0000  PE_40
pes_7_9                             1187.1720      0.7    1093.8060     93.3660  0.0000  PE_28
pes_8                               1191.2040      0.7    1096.7040     94.5000  0.0000  PE_135
pes_8_1                             1184.9040      0.7    1091.5380     93.3660  0.0000  PE_123
pes_8_10                            1202.4180      0.7    1109.0520     93.3660  0.0000  PE_15
pes_8_11                            1202.5440      0.7    1109.5560     92.9880  0.0000  PE_3
pes_8_2                             1194.8580      0.7    1100.3580     94.5000  0.0000  PE_111
pes_8_3                             1188.5580      0.7    1095.1920     93.3660  0.0000  PE_99
pes_8_4                             1199.6460      0.7    1107.0360     92.6100  0.0000  PE_87
pes_8_5                             1188.6840      0.7    1094.9400     93.7440  0.0000  PE_75
pes_8_6                             1178.6040      0.7    1085.9940     92.6100  0.0000  PE_63
pes_8_7                             1204.9380      0.7    1111.1940     93.7440  0.0000  PE_51
pes_8_8                             1197.2520      0.7    1104.2640     92.9880  0.0000  PE_39
pes_8_9                             1200.7800      0.7    1107.0360     93.7440  0.0000  PE_27
pes_9                               1183.5180      0.7    1089.7740     93.7440  0.0000  PE_134
pes_9_1                             1203.5520      0.7    1110.1860     93.3660  0.0000  PE_122
pes_9_10                            1191.0780      0.7    1097.7120     93.3660  0.0000  PE_14
pes_9_11                            1188.3060      0.7    1093.6800     94.6260  0.0000  PE_2
pes_9_2                             1182.6360      0.7    1090.0260     92.6100  0.0000  PE_110
pes_9_3                             1196.8740      0.7    1102.7520     94.1220  0.0000  PE_98
pes_9_4                             1198.8900      0.7    1106.2800     92.6100  0.0000  PE_86
pes_9_5                             1199.0160      0.7    1105.6500     93.3660  0.0000  PE_74
pes_9_6                             1201.1580      0.7    1107.4140     93.7440  0.0000  PE_62
pes_9_7                             1185.1560      0.7    1091.7900     93.3660  0.0000  PE_50
pes_9_8                             1194.9840      0.7    1102.3740     92.6100  0.0000  PE_38
pes_9_9                             1194.3540      0.7    1101.3660     92.9880  0.0000  PE_26
--------------------------------  -----------  -------  -----------  ----------  ------  ---------
Total                                                   158173.9740  13071.3658  0.0000

1
