Information: Updating design information... (UID-85)
Warning: Design 'SystolicArray' contains 1 high-fanout nets. A fanout number of 1000 will be used for delay calculations involving these nets. (TIM-134)
 
****************************************
Report : timing
        -path full
        -delay max
        -nets
        -max_paths 1
        -transition_time
Design : SystolicArray
Version: V-2023.12
Date   : Mon Apr  6 05:49:16 2026
****************************************

 # A fanout number of 1000 was used for high fanout net computations.

Operating Conditions: ffg0p99v0c   Library: tcbn28hpcplusbwp30p140ffg0p99v0c_ccs
Wire Load Model Mode: segmented

  Startpoint: pes_4_11/regW_bits_reg[12]
              (rising edge-triggered flip-flop clocked by ideal_clock1)
  Endpoint: pes_4_11/regS_bits_reg[9]
            (rising edge-triggered flip-flop clocked by ideal_clock1)
  Path Group: ideal_clock1
  Path Type: max

  Des/Clust/Port     Wire Load Model       Library
  ------------------------------------------------
  PE_120             ZeroWireload          tcbn28hpcplusbwp30p140ffg0p99v0c_ccs
  PE_108             ZeroWireload          tcbn28hpcplusbwp30p140ffg0p99v0c_ccs
  PE_96              ZeroWireload          tcbn28hpcplusbwp30p140ffg0p99v0c_ccs
  PE_84              ZeroWireload          tcbn28hpcplusbwp30p140ffg0p99v0c_ccs
  PE_72              ZeroWireload          tcbn28hpcplusbwp30p140ffg0p99v0c_ccs
  PE_60              ZeroWireload          tcbn28hpcplusbwp30p140ffg0p99v0c_ccs
  PE_48              ZeroWireload          tcbn28hpcplusbwp30p140ffg0p99v0c_ccs
  PE_36              ZeroWireload          tcbn28hpcplusbwp30p140ffg0p99v0c_ccs
  PE_24              ZeroWireload          tcbn28hpcplusbwp30p140ffg0p99v0c_ccs
  PE_12              ZeroWireload          tcbn28hpcplusbwp30p140ffg0p99v0c_ccs
  PE_0               ZeroWireload          tcbn28hpcplusbwp30p140ffg0p99v0c_ccs
  PE_142             ZeroWireload          tcbn28hpcplusbwp30p140ffg0p99v0c_ccs
  PE_141             ZeroWireload          tcbn28hpcplusbwp30p140ffg0p99v0c_ccs
  PE_140             ZeroWireload          tcbn28hpcplusbwp30p140ffg0p99v0c_ccs
  PE_139             ZeroWireload          tcbn28hpcplusbwp30p140ffg0p99v0c_ccs
  PE_138             ZeroWireload          tcbn28hpcplusbwp30p140ffg0p99v0c_ccs
  PE_137             ZeroWireload          tcbn28hpcplusbwp30p140ffg0p99v0c_ccs
  PE_136             ZeroWireload          tcbn28hpcplusbwp30p140ffg0p99v0c_ccs
  PE_135             ZeroWireload          tcbn28hpcplusbwp30p140ffg0p99v0c_ccs
  PE_134             ZeroWireload          tcbn28hpcplusbwp30p140ffg0p99v0c_ccs
  PE_133             ZeroWireload          tcbn28hpcplusbwp30p140ffg0p99v0c_ccs
  PE_131             ZeroWireload          tcbn28hpcplusbwp30p140ffg0p99v0c_ccs
  PE_130             ZeroWireload          tcbn28hpcplusbwp30p140ffg0p99v0c_ccs
  PE_129             ZeroWireload          tcbn28hpcplusbwp30p140ffg0p99v0c_ccs
  PE_128             ZeroWireload          tcbn28hpcplusbwp30p140ffg0p99v0c_ccs
  PE_127             ZeroWireload          tcbn28hpcplusbwp30p140ffg0p99v0c_ccs
  PE_126             ZeroWireload          tcbn28hpcplusbwp30p140ffg0p99v0c_ccs
  PE_125             ZeroWireload          tcbn28hpcplusbwp30p140ffg0p99v0c_ccs
  PE_124             ZeroWireload          tcbn28hpcplusbwp30p140ffg0p99v0c_ccs
  PE_123             ZeroWireload          tcbn28hpcplusbwp30p140ffg0p99v0c_ccs
  PE_122             ZeroWireload          tcbn28hpcplusbwp30p140ffg0p99v0c_ccs
  PE_121             ZeroWireload          tcbn28hpcplusbwp30p140ffg0p99v0c_ccs
  PE_119             ZeroWireload          tcbn28hpcplusbwp30p140ffg0p99v0c_ccs
  PE_118             ZeroWireload          tcbn28hpcplusbwp30p140ffg0p99v0c_ccs
  PE_117             ZeroWireload          tcbn28hpcplusbwp30p140ffg0p99v0c_ccs
  PE_116             ZeroWireload          tcbn28hpcplusbwp30p140ffg0p99v0c_ccs
  PE_115             ZeroWireload          tcbn28hpcplusbwp30p140ffg0p99v0c_ccs
  PE_114             ZeroWireload          tcbn28hpcplusbwp30p140ffg0p99v0c_ccs
  PE_113             ZeroWireload          tcbn28hpcplusbwp30p140ffg0p99v0c_ccs
  PE_112             ZeroWireload          tcbn28hpcplusbwp30p140ffg0p99v0c_ccs
  PE_111             ZeroWireload          tcbn28hpcplusbwp30p140ffg0p99v0c_ccs
  PE_110             ZeroWireload          tcbn28hpcplusbwp30p140ffg0p99v0c_ccs
  PE_109             ZeroWireload          tcbn28hpcplusbwp30p140ffg0p99v0c_ccs
  PE_107             ZeroWireload          tcbn28hpcplusbwp30p140ffg0p99v0c_ccs
  PE_106             ZeroWireload          tcbn28hpcplusbwp30p140ffg0p99v0c_ccs
  PE_105             ZeroWireload          tcbn28hpcplusbwp30p140ffg0p99v0c_ccs
  PE_104             ZeroWireload          tcbn28hpcplusbwp30p140ffg0p99v0c_ccs
  PE_103             ZeroWireload          tcbn28hpcplusbwp30p140ffg0p99v0c_ccs
  PE_102             ZeroWireload          tcbn28hpcplusbwp30p140ffg0p99v0c_ccs
  PE_101             ZeroWireload          tcbn28hpcplusbwp30p140ffg0p99v0c_ccs
  PE_100             ZeroWireload          tcbn28hpcplusbwp30p140ffg0p99v0c_ccs
  PE_99              ZeroWireload          tcbn28hpcplusbwp30p140ffg0p99v0c_ccs
  PE_98              ZeroWireload          tcbn28hpcplusbwp30p140ffg0p99v0c_ccs
  PE_97              ZeroWireload          tcbn28hpcplusbwp30p140ffg0p99v0c_ccs
  PE_95              ZeroWireload          tcbn28hpcplusbwp30p140ffg0p99v0c_ccs
  PE_94              ZeroWireload          tcbn28hpcplusbwp30p140ffg0p99v0c_ccs
  PE_93              ZeroWireload          tcbn28hpcplusbwp30p140ffg0p99v0c_ccs
  PE_92              ZeroWireload          tcbn28hpcplusbwp30p140ffg0p99v0c_ccs
  PE_91              ZeroWireload          tcbn28hpcplusbwp30p140ffg0p99v0c_ccs
  PE_90              ZeroWireload          tcbn28hpcplusbwp30p140ffg0p99v0c_ccs
  PE_89              ZeroWireload          tcbn28hpcplusbwp30p140ffg0p99v0c_ccs
  PE_88              ZeroWireload          tcbn28hpcplusbwp30p140ffg0p99v0c_ccs
  PE_87              ZeroWireload          tcbn28hpcplusbwp30p140ffg0p99v0c_ccs
  PE_86              ZeroWireload          tcbn28hpcplusbwp30p140ffg0p99v0c_ccs
  PE_85              ZeroWireload          tcbn28hpcplusbwp30p140ffg0p99v0c_ccs
  PE_83              ZeroWireload          tcbn28hpcplusbwp30p140ffg0p99v0c_ccs
  PE_82              ZeroWireload          tcbn28hpcplusbwp30p140ffg0p99v0c_ccs
  PE_81              ZeroWireload          tcbn28hpcplusbwp30p140ffg0p99v0c_ccs
  PE_80              ZeroWireload          tcbn28hpcplusbwp30p140ffg0p99v0c_ccs
  PE_79              ZeroWireload          tcbn28hpcplusbwp30p140ffg0p99v0c_ccs
  PE_78              ZeroWireload          tcbn28hpcplusbwp30p140ffg0p99v0c_ccs
  PE_77              ZeroWireload          tcbn28hpcplusbwp30p140ffg0p99v0c_ccs
  PE_76              ZeroWireload          tcbn28hpcplusbwp30p140ffg0p99v0c_ccs
  PE_75              ZeroWireload          tcbn28hpcplusbwp30p140ffg0p99v0c_ccs
  PE_74              ZeroWireload          tcbn28hpcplusbwp30p140ffg0p99v0c_ccs
  PE_73              ZeroWireload          tcbn28hpcplusbwp30p140ffg0p99v0c_ccs
  PE_71              ZeroWireload          tcbn28hpcplusbwp30p140ffg0p99v0c_ccs
  PE_70              ZeroWireload          tcbn28hpcplusbwp30p140ffg0p99v0c_ccs
  PE_69              ZeroWireload          tcbn28hpcplusbwp30p140ffg0p99v0c_ccs
  PE_68              ZeroWireload          tcbn28hpcplusbwp30p140ffg0p99v0c_ccs
  PE_67              ZeroWireload          tcbn28hpcplusbwp30p140ffg0p99v0c_ccs
  PE_66              ZeroWireload          tcbn28hpcplusbwp30p140ffg0p99v0c_ccs
  PE_65              ZeroWireload          tcbn28hpcplusbwp30p140ffg0p99v0c_ccs
  PE_64              ZeroWireload          tcbn28hpcplusbwp30p140ffg0p99v0c_ccs
  PE_63              ZeroWireload          tcbn28hpcplusbwp30p140ffg0p99v0c_ccs
  PE_62              ZeroWireload          tcbn28hpcplusbwp30p140ffg0p99v0c_ccs
  PE_61              ZeroWireload          tcbn28hpcplusbwp30p140ffg0p99v0c_ccs
  PE_59              ZeroWireload          tcbn28hpcplusbwp30p140ffg0p99v0c_ccs
  PE_58              ZeroWireload          tcbn28hpcplusbwp30p140ffg0p99v0c_ccs
  PE_57              ZeroWireload          tcbn28hpcplusbwp30p140ffg0p99v0c_ccs
  PE_56              ZeroWireload          tcbn28hpcplusbwp30p140ffg0p99v0c_ccs
  PE_55              ZeroWireload          tcbn28hpcplusbwp30p140ffg0p99v0c_ccs
  PE_54              ZeroWireload          tcbn28hpcplusbwp30p140ffg0p99v0c_ccs
  PE_53              ZeroWireload          tcbn28hpcplusbwp30p140ffg0p99v0c_ccs
  PE_52              ZeroWireload          tcbn28hpcplusbwp30p140ffg0p99v0c_ccs
  PE_51              ZeroWireload          tcbn28hpcplusbwp30p140ffg0p99v0c_ccs
  PE_50              ZeroWireload          tcbn28hpcplusbwp30p140ffg0p99v0c_ccs
  PE_49              ZeroWireload          tcbn28hpcplusbwp30p140ffg0p99v0c_ccs
  PE_47              ZeroWireload          tcbn28hpcplusbwp30p140ffg0p99v0c_ccs
  PE_46              ZeroWireload          tcbn28hpcplusbwp30p140ffg0p99v0c_ccs
  PE_45              ZeroWireload          tcbn28hpcplusbwp30p140ffg0p99v0c_ccs
  PE_44              ZeroWireload          tcbn28hpcplusbwp30p140ffg0p99v0c_ccs
  PE_43              ZeroWireload          tcbn28hpcplusbwp30p140ffg0p99v0c_ccs
  PE_42              ZeroWireload          tcbn28hpcplusbwp30p140ffg0p99v0c_ccs
  PE_41              ZeroWireload          tcbn28hpcplusbwp30p140ffg0p99v0c_ccs
  PE_40              ZeroWireload          tcbn28hpcplusbwp30p140ffg0p99v0c_ccs
  PE_39              ZeroWireload          tcbn28hpcplusbwp30p140ffg0p99v0c_ccs
  PE_38              ZeroWireload          tcbn28hpcplusbwp30p140ffg0p99v0c_ccs
  PE_37              ZeroWireload          tcbn28hpcplusbwp30p140ffg0p99v0c_ccs
  PE_35              ZeroWireload          tcbn28hpcplusbwp30p140ffg0p99v0c_ccs
  PE_34              ZeroWireload          tcbn28hpcplusbwp30p140ffg0p99v0c_ccs
  PE_33              ZeroWireload          tcbn28hpcplusbwp30p140ffg0p99v0c_ccs
  PE_32              ZeroWireload          tcbn28hpcplusbwp30p140ffg0p99v0c_ccs
  PE_31              ZeroWireload          tcbn28hpcplusbwp30p140ffg0p99v0c_ccs
  PE_30              ZeroWireload          tcbn28hpcplusbwp30p140ffg0p99v0c_ccs
  PE_29              ZeroWireload          tcbn28hpcplusbwp30p140ffg0p99v0c_ccs
  PE_28              ZeroWireload          tcbn28hpcplusbwp30p140ffg0p99v0c_ccs
  PE_27              ZeroWireload          tcbn28hpcplusbwp30p140ffg0p99v0c_ccs
  PE_26              ZeroWireload          tcbn28hpcplusbwp30p140ffg0p99v0c_ccs
  PE_25              ZeroWireload          tcbn28hpcplusbwp30p140ffg0p99v0c_ccs
  PE_23              ZeroWireload          tcbn28hpcplusbwp30p140ffg0p99v0c_ccs
  PE_22              ZeroWireload          tcbn28hpcplusbwp30p140ffg0p99v0c_ccs
  PE_21              ZeroWireload          tcbn28hpcplusbwp30p140ffg0p99v0c_ccs
  PE_20              ZeroWireload          tcbn28hpcplusbwp30p140ffg0p99v0c_ccs
  PE_19              ZeroWireload          tcbn28hpcplusbwp30p140ffg0p99v0c_ccs
  PE_18              ZeroWireload          tcbn28hpcplusbwp30p140ffg0p99v0c_ccs
  PE_17              ZeroWireload          tcbn28hpcplusbwp30p140ffg0p99v0c_ccs
  PE_16              ZeroWireload          tcbn28hpcplusbwp30p140ffg0p99v0c_ccs
  PE_15              ZeroWireload          tcbn28hpcplusbwp30p140ffg0p99v0c_ccs
  PE_14              ZeroWireload          tcbn28hpcplusbwp30p140ffg0p99v0c_ccs
  PE_13              ZeroWireload          tcbn28hpcplusbwp30p140ffg0p99v0c_ccs
  PE_11              ZeroWireload          tcbn28hpcplusbwp30p140ffg0p99v0c_ccs
  PE_10              ZeroWireload          tcbn28hpcplusbwp30p140ffg0p99v0c_ccs
  PE_9               ZeroWireload          tcbn28hpcplusbwp30p140ffg0p99v0c_ccs
  PE_8               ZeroWireload          tcbn28hpcplusbwp30p140ffg0p99v0c_ccs
  PE_7               ZeroWireload          tcbn28hpcplusbwp30p140ffg0p99v0c_ccs
  PE_6               ZeroWireload          tcbn28hpcplusbwp30p140ffg0p99v0c_ccs
  PE_5               ZeroWireload          tcbn28hpcplusbwp30p140ffg0p99v0c_ccs
  PE_4               ZeroWireload          tcbn28hpcplusbwp30p140ffg0p99v0c_ccs
  PE_3               ZeroWireload          tcbn28hpcplusbwp30p140ffg0p99v0c_ccs
  PE_2               ZeroWireload          tcbn28hpcplusbwp30p140ffg0p99v0c_ccs
  PE_1               ZeroWireload          tcbn28hpcplusbwp30p140ffg0p99v0c_ccs
  PE_132             ZeroWireload          tcbn28hpcplusbwp30p140ffg0p99v0c_ccs
  SystolicArray      ZeroWireload          tcbn28hpcplusbwp30p140ffg0p99v0c_ccs
  PE_143             ZeroWireload          tcbn28hpcplusbwp30p140ffg0p99v0c_ccs

Attributes:
    d - dont_touch
    u - dont_use
   mo - map_only
   so - size_only
    i - ideal_net or ideal_network
  inf - infeasible path

  Point                                               Fanout     Trans      Incr       Path      Attributes
  -----------------------------------------------------------------------------------------------------------------
  clock ideal_clock1 (rise edge)                                            0.00       0.00
  clock network delay (ideal)                                               0.00       0.00
  pes_4_11/regW_bits_reg[12]/CP (DFQD4BWP30P140)                  0.00      0.00 #     0.00 r
  pes_4_11/regW_bits_reg[12]/Q (DFQD4BWP30P140)                   0.01      0.03       0.03 f
  pes_4_11/regW_bits[12] (net)                          5                   0.00       0.03 f
  pes_4_11/U48/ZN (NR2D1BWP30P140)                                0.01      0.01       0.04 r
  pes_4_11/n206 (net)                                   1                   0.00       0.04 r
  pes_4_11/U49/ZN (CKND2D3BWP30P140)                              0.02      0.02       0.06 f
  pes_4_11/n1801 (net)                                 13                   0.00       0.06 f
  pes_4_11/U46/Z (AN2D2BWP30P140)                                 0.02      0.02       0.08 f
  pes_4_11/n493 (net)                                  15                   0.00       0.08 f
  pes_4_11/U432/ZN (XNR2OPTND2BWP30P140)                          0.03      0.02       0.10 f
  pes_4_11/n611 (net)                                  15                   0.00       0.10 f
  pes_4_11/U44/ZN (ND2OPTIBD2BWP30P140)                           0.02      0.02       0.12 r
  pes_4_11/n612 (net)                                  13                   0.00       0.12 r
  pes_4_11/U777/ZN (OAI22D0BWP30P140)                             0.03      0.02       0.15 f
  pes_4_11/n362 (net)                                   1                   0.00       0.15 f
  pes_4_11/U506/CO (FA1D1BWP30P140)                               0.01      0.03       0.18 f
  pes_4_11/n302 (net)                                   1                   0.00       0.18 f
  pes_4_11/U781/S (FA1D1BWP30P140)                                0.02      0.04       0.22 r
  pes_4_11/n372 (net)                                   1                   0.00       0.22 r
  pes_4_11/U499/CO (FA1OPTCD2BWP30P140)                           0.01      0.01       0.23 r
  pes_4_11/n400 (net)                                   1                   0.00       0.23 r
  pes_4_11/U848/S (FA1D1BWP30P140)                                0.01      0.03       0.27 r
  pes_4_11/n381 (net)                                   2                   0.00       0.27 r
  pes_4_11/U538/ZN (ND2D1BWP30P140)                               0.02      0.01       0.28 f
  pes_4_11/n452 (net)                                   3                   0.00       0.28 f
  pes_4_11/U167/ZN (OAI21D2BWP30P140)                             0.01      0.01       0.29 r
  pes_4_11/n454 (net)                                   1                   0.00       0.29 r
  pes_4_11/U886/ZN (AOI21D2BWP30P140)                             0.01      0.01       0.30 f
  pes_4_11/n591 (net)                                   3                   0.00       0.30 f
  pes_4_11/U52/ZN (OAI21D2BWP30P140)                              0.02      0.01       0.31 r
  pes_4_11/n689 (net)                                   5                   0.00       0.31 r
  pes_4_11/U35/ZN (AOI21D1BWP30P140)                              0.01      0.01       0.32 f
  pes_4_11/n682 (net)                                   1                   0.00       0.32 f
  pes_4_11/U306/Z (XOR2UD1BWP30P140)                              0.02      0.02       0.34 f
  pes_4_11/n1198 (net)                                  2                   0.00       0.34 f
  pes_4_11/U153/ZN (ND2OPTIBD2BWP30P140)                          0.01      0.01       0.35 r
  pes_4_11/n789 (net)                                   2                   0.00       0.35 r
  pes_4_11/U32/Z (AN2D2BWP30P140)                                 0.01      0.02       0.36 r
  pes_4_11/n876 (net)                                   4                   0.00       0.36 r
  pes_4_11/U1038/ZN (MOAI22D1BWP30P140)                           0.02      0.01       0.38 r
  pes_4_11/n723 (net)                                   1                   0.00       0.38 r
  pes_4_11/U1041/ZN (NR2D1BWP30P140)                              0.01      0.01       0.39 f
  pes_4_11/n803 (net)                                   2                   0.00       0.39 f
  pes_4_11/U1112/ZN (INVD0BWP30P140)                              0.01      0.01       0.39 r
  pes_4_11/n804 (net)                                   1                   0.00       0.39 r
  pes_4_11/U1113/ZN (MUX2NUD1BWP30P140)                           0.02      0.01       0.41 f
  pes_4_11/n990 (net)                                   3                   0.00       0.41 f
  pes_4_11/U1173/ZN (AOI21D1BWP30P140)                            0.01      0.01       0.42 r
  pes_4_11/n909 (net)                                   1                   0.00       0.42 r
  pes_4_11/U429/ZN (OAI21D1BWP30P140)                             0.02      0.01       0.43 f
  pes_4_11/n88 (net)                                    1                   0.00       0.43 f
  pes_4_11/U138/Z (XOR2UD1BWP30P140)                              0.02      0.02       0.45 f
  pes_4_11/n941 (net)                                   2                   0.00       0.45 f
  pes_4_11/U131/ZN (ND2D1BWP30P140)                               0.01      0.01       0.46 r
  pes_4_11/n1083 (net)                                  2                   0.00       0.46 r
  pes_4_11/U128/ZN (INVD1BWP30P140)                               0.01      0.01       0.46 f
  pes_4_11/n1068 (net)                                  2                   0.00       0.46 f
  pes_4_11/U1200/ZN (AOI21D1BWP30P140)                            0.01      0.01       0.47 r
  pes_4_11/n945 (net)                                   1                   0.00       0.47 r
  pes_4_11/U656/ZN (OAI21D1BWP30P140)                             0.01      0.01       0.48 f
  pes_4_11/n947 (net)                                   1                   0.00       0.48 f
  pes_4_11/U435/ZN (AOI21D1BWP30P140)                             0.02      0.02       0.50 r
  pes_4_11/n949 (net)                                   1                   0.00       0.50 r
  pes_4_11/U120/ZN (OAI21D4BWP30P140)                             0.02      0.02       0.52 f
  pes_4_11/n1193 (net)                                  7                   0.00       0.52 f
  pes_4_11/U119/ZN (AOI21OPTREPBD2BWP30P140)                      0.01      0.01       0.53 r
  pes_4_11/n1311 (net)                                  2                   0.00       0.53 r
  pes_4_11/U436/ZN (OAI21D2BWP30P140)                             0.01      0.01       0.54 f
  pes_4_11/n1335 (net)                                  2                   0.00       0.54 f
  pes_4_11/U1361/Z (AO21D2BWP30P140)                              0.01      0.02       0.56 f
  pes_4_11/n1337 (net)                                  2                   0.00       0.56 f
  pes_4_11/U596/ZN (NR2OPTPAD8BWP30P140)                          0.02      0.01       0.58 r
  pes_4_11/n1789 (net)                                 20                   0.00       0.58 r
  pes_4_11/U595/ZN (INVD4BWP30P140)                               0.01      0.01       0.59 f
  pes_4_11/n1340 (net)                                  8                   0.00       0.59 f
  pes_4_11/U438/Z (CKMUX2D0BWP30P140)                             0.02      0.03       0.62 r
  pes_4_11/macOut_mac/l00OOO0l[9] (net)                 6                   0.00       0.62 r
  pes_4_11/macOut_mac/U9/U1/UORT0_1_6/ZN (NR2D1BWP30P140)         0.01      0.01       0.63 f    mo 
  pes_4_11/macOut_mac/U9/U1/enc_tree[1][1][12] (net)     3                  0.00       0.63 f
  pes_4_11/U439/ZN (INVD0BWP30P140)                               0.01      0.01       0.64 r
  pes_4_11/macOut_mac/U9/U1/or2_inv[1][12] (net)        1                   0.00       0.64 r
  pes_4_11/macOut_mac/U9/U1/UEN1_1_2_1/ZN (OAI21D1BWP30P140)      0.01      0.01       0.65 f    mo 
  pes_4_11/macOut_mac/U9/U1/enc_tree[1][2][12] (net)     1                  0.00       0.65 f
  pes_4_11/macOut_mac/U9/U1/UEN0_1_3_0/ZN (AOI21D1BWP30P140)      0.01      0.01       0.66 r    mo 
  pes_4_11/macOut_mac/U9/U1/enc_tree[1][3][8] (net)     1                   0.00       0.66 r
  pes_4_11/U235/ZN (NR3D0P7BWP30P140)                             0.01      0.01       0.67 f
  pes_4_11/n173 (net)                                   1                   0.00       0.67 f
  pes_4_11/U107/ZN (NR2D1BWP30P140)                               0.01      0.01       0.67 r
  pes_4_11/n171 (net)                                   1                   0.00       0.67 r
  pes_4_11/U583/ZN (ND2D1BWP30P140)                               0.01      0.01       0.69 f
  pes_4_11/n1341 (net)                                  3                   0.00       0.69 f
  pes_4_11/U1434/Z (CKAN2D1BWP30P140)                             0.01      0.01       0.70 f
  pes_4_11/n1342 (net)                                  1                   0.00       0.70 f
  pes_4_11/U286/ZN (AOI21D1BWP30P140)                             0.01      0.01       0.71 r
  pes_4_11/n87 (net)                                    1                   0.00       0.71 r
  pes_4_11/U352/ZN (OAI21D2BWP30P140)                             0.01      0.01       0.72 f
  pes_4_11/n84 (net)                                    1                   0.00       0.72 f
  pes_4_11/U427/ZN (ND2OPTPAD2BWP30P140)                          0.01      0.01       0.73 r
  pes_4_11/n81 (net)                                    1                   0.00       0.73 r
  pes_4_11/U426/ZN (ND2OPTPAD4BWP30P140)                          0.01      0.01       0.74 f
  pes_4_11/n1386 (net)                                  7                   0.00       0.74 f
  pes_4_11/U581/ZN (MUX2NOPTD2BWP30P140)                          0.02      0.01       0.75 f
  pes_4_11/n1374 (net)                                  1                   0.00       0.75 f
  pes_4_11/U351/Z (BUFFD12BWP30P140)                              0.01      0.02       0.77 f
  pes_4_11/n57 (net)                                   16                   0.00       0.77 f
  pes_4_11/U1481/ZN (MUX2ND0BWP30P140)                            0.02      0.02       0.79 f
  pes_4_11/n1413 (net)                                  2                   0.00       0.79 f
  pes_4_11/U85/ZN (MUX2NUD1BWP30P140)                             0.03      0.03       0.81 r
  pes_4_11/n1656 (net)                                  6                   0.00       0.81 r
  pes_4_11/U1533/ZN (MUX2ND0BWP30P140)                            0.02      0.01       0.83 f
  pes_4_11/n1432 (net)                                  1                   0.00       0.83 f
  pes_4_11/U488/ZN (NR2D1BWP30P140)                               0.01      0.01       0.84 r
  pes_4_11/n1433 (net)                                  1                   0.00       0.84 r
  pes_4_11/U276/ZN (MUX2NUD1BWP30P140)                            0.02      0.01       0.85 f
  pes_4_11/n1435 (net)                                  1                   0.00       0.85 f
  pes_4_11/U337/ZN (INR2D2BWP30P140)                              0.01      0.01       0.86 r
  pes_4_11/n1591 (net)                                  4                   0.00       0.86 r
  pes_4_11/U1559/ZN (ND3D1BWP30P140)                              0.02      0.01       0.87 f
  pes_4_11/n1530 (net)                                  1                   0.00       0.87 f
  pes_4_11/U1615/ZN (NR4D1BWP30P140)                              0.02      0.02       0.89 r
  pes_4_11/n1771 (net)                                  4                   0.00       0.89 r
  pes_4_11/U99/ZN (INVD0BWP30P140)                                0.01      0.01       0.90 f
  pes_4_11/n1615 (net)                                  1                   0.00       0.90 f
  pes_4_11/U535/ZN (NR2D1BWP30P140)                               0.01      0.01       0.91 r
  pes_4_11/n128 (net)                                   1                   0.00       0.91 r
  pes_4_11/U534/ZN (AOI211D2BWP30P140)                            0.01      0.01       0.92 f
  pes_4_11/n1670 (net)                                  2                   0.00       0.92 f
  pes_4_11/U453/ZN (NR2OPTPAD1BWP30P140)                          0.01      0.01       0.92 r
  pes_4_11/n1715 (net)                                  2                   0.00       0.92 r
  pes_4_11/U6/ZN (INR2D1BWP30P140)                                0.01      0.01       0.93 f
  pes_4_11/n1739 (net)                                  2                   0.00       0.93 f
  pes_4_11/U96/ZN (ND2D1BWP30P140)                                0.01      0.01       0.94 r
  pes_4_11/n146 (net)                                   2                   0.00       0.94 r
  pes_4_11/U554/Z (AN2D2BWP30P140)                                0.01      0.02       0.95 r
  pes_4_11/n138 (net)                                   1                   0.00       0.95 r
  pes_4_11/U274/ZN (ND2D4BWP30P140)                               0.01      0.01       0.96 f
  pes_4_11/n1819 (net)                                  3                   0.00       0.96 f
  pes_4_11/U553/ZN (INR2D4BWP30P140)                              0.01      0.01       0.97 r
  pes_4_11/n1768 (net)                                 10                   0.00       0.97 r
  pes_4_11/U1796/Z (AO22D0BWP30P140)                              0.01      0.02       0.99 r
  pes_4_11/n1862 (net)                                  1                   0.00       0.99 r
  pes_4_11/regS_bits_reg[9]/D (DFQD1BWP30P140)                    0.01      0.00       0.99 r
  data arrival time                                                                    0.99

  clock ideal_clock1 (rise edge)                                            1.00       1.00
  clock network delay (ideal)                                               0.00       1.00
  pes_4_11/regS_bits_reg[9]/CP (DFQD1BWP30P140)                             0.00       1.00 r
  library setup time                                                       -0.01       0.99
  data required time                                                                   0.99
  -----------------------------------------------------------------------------------------------------------------
  data required time                                                                   0.99
  data arrival time                                                                   -0.99
  -----------------------------------------------------------------------------------------------------------------
  slack (MET)                                                                          0.00


1
