 
****************************************
Report : area
Design : SystolicArray
Version: V-2023.12
Date   : Tue Apr  7 23:07:02 2026
****************************************

Library(s) Used:

    tcbn28hpcplusbwp30p140ffg0p99v0c_ccs (File: /hpc/Tech/TSMC/digital/N28/digital/Front_End/timing_power_noise/CCS/tcbn28hpcplusbwp30p140_180a/tcbn28hpcplusbwp30p140ffg0p99v0c_ccs.db)

Number of ports:                         2210
Number of nets:                         56340
Number of cells:                        52007
Number of combinational cells:          50995
Number of sequential cells:               992
Number of macros/black boxes:               0
Number of buf/inv:                       9707
Number of references:                      27

Combinational area:              30435.047952
Buf/Inv area:                     2594.214033
Noncombinational area:            1908.017978
Macro/Black Box area:                0.000000
Net Interconnect area:      undefined  (Wire load has zero net area)

Total cell area:                 32343.065929
Total area:                 undefined

Hierarchical area distribution
------------------------------

                                  Global cell area            Local cell area
                                  -------------------  ----------------------------- 
Hierarchical cell                 Absolute    Percent  Combi-      Noncombi-  Black-
                                  Total       Total    national    national   boxes   Design
--------------------------------  ----------  -------  ----------  ---------  ------  ---------
SystolicArray                     32343.0659    100.0      0.5040  1165.5000  0.0000  SystolicArray
cmpArray_0                          362.8800      1.1    302.4000    60.4800  0.0000  CMP_3
cmpArray_1                          362.8800      1.1    302.4000    60.4800  0.0000  CMP_2
cmpArray_2                          362.8800      1.1    302.4000    60.4800  0.0000  CMP_1
cmpArray_3                          362.8800      1.1    302.4000    60.4800  0.0000  CMP_0
mesh_0_0                           1878.9120      5.8   1848.0420    30.8700  0.0000  PE_15
mesh_0_1                           1923.8940      5.9   1892.8980    30.9960  0.0000  PE_14
mesh_0_2                           1934.2260      6.0   1903.2300    30.9960  0.0000  PE_13
mesh_0_3                           1939.0140      6.0   1907.7660    31.2480  0.0000  PE_12
mesh_1_0                           1873.9980      5.8   1843.0020    30.9960  0.0000  PE_11
mesh_1_1                           1827.1260      5.6   1796.1300    30.9960  0.0000  PE_10
mesh_1_2                           1838.2140      5.7   1806.4620    31.7520  0.0000  PE_9
mesh_1_3                           1832.7960      5.7   1801.4220    31.3740  0.0000  PE_8
mesh_2_0                           1864.1700      5.8   1833.1740    30.9960  0.0000  PE_7
mesh_2_1                           1830.4020      5.7   1799.7840    30.6180  0.0000  PE_6
mesh_2_2                           1822.3380      5.6   1790.5860    31.7520  0.0000  PE_5
mesh_2_3                           1823.2200      5.6   1791.8460    31.3740  0.0000  PE_4
mesh_3_0                           1825.2360      5.6   1793.8620    31.3740  0.0000  PE_3
mesh_3_1                           1838.7180      5.7   1806.9660    31.7520  0.0000  PE_2
mesh_3_2                           1837.3320      5.7   1805.2020    32.1300  0.0000  PE_1
mesh_3_3                           1835.9460      5.7   1804.5720    31.3740  0.0000  PE_0
--------------------------------  ----------  -------  ----------  ---------  ------  ---------
Total                                                  30435.0480  1908.0180  0.0000

1
