 
****************************************
Report : area
Design : SystolicArray
Version: V-2023.12
Date   : Mon Apr  6 21:14:20 2026
****************************************

Library(s) Used:

    tcbn28hpcplusbwp30p140ffg0p99v0c_ccs (File: /hpc/Tech/TSMC/digital/N28/digital/Front_End/timing_power_noise/CCS/tcbn28hpcplusbwp30p140_180a/tcbn28hpcplusbwp30p140ffg0p99v0c_ccs.db)

Number of ports:                        45922
Number of nets:                       1410537
Number of cells:                      1304612
Number of combinational cells:        1278272
Number of sequential cells:             25920
Number of macros/black boxes:               0
Number of buf/inv:                     236603
Number of references:                     429

Combinational area:             776010.310807
Buf/Inv area:                    63175.518807
Noncombinational area:           50159.969326
Macro/Black Box area:                0.000000
Net Interconnect area:      undefined  (Wire load has zero net area)

Total cell area:                826170.280132
Total area:                 undefined

Hierarchical area distribution
------------------------------

                                  Global cell area              Local cell area
                                  --------------------  ------------------------------- 
Hierarchical cell                 Absolute     Percent  Combi-       Noncombi-   Black-
                                  Total        Total    national     national    boxes   Design
--------------------------------  -----------  -------  -----------  ----------  ------  ---------
SystolicArray                     826170.2801    100.0       0.5040  36321.6416  0.0000  SystolicArray
cmpArray_0                           362.8800      0.0     302.4000     60.4800  0.0000  CMP_19
cmpArray_1                           362.8800      0.0     302.4000     60.4800  0.0000  CMP_18
cmpArray_10                          362.8800      0.0     302.4000     60.4800  0.0000  CMP_9
cmpArray_11                          362.8800      0.0     302.4000     60.4800  0.0000  CMP_8
cmpArray_12                          362.8800      0.0     302.4000     60.4800  0.0000  CMP_7
cmpArray_13                          362.8800      0.0     302.4000     60.4800  0.0000  CMP_6
cmpArray_14                          362.8800      0.0     302.4000     60.4800  0.0000  CMP_5
cmpArray_15                          362.8800      0.0     302.4000     60.4800  0.0000  CMP_4
cmpArray_16                          362.8800      0.0     302.4000     60.4800  0.0000  CMP_3
cmpArray_17                          362.8800      0.0     302.4000     60.4800  0.0000  CMP_2
cmpArray_18                          363.2580      0.0     302.6520     60.6060  0.0000  CMP_1
cmpArray_19                          362.8800      0.0     302.4000     60.4800  0.0000  CMP_0
cmpArray_2                           362.8800      0.0     302.4000     60.4800  0.0000  CMP_17
cmpArray_3                           362.8800      0.0     302.4000     60.4800  0.0000  CMP_16
cmpArray_4                           362.8800      0.0     302.4000     60.4800  0.0000  CMP_15
cmpArray_5                           362.8800      0.0     302.4000     60.4800  0.0000  CMP_14
cmpArray_6                           362.8800      0.0     302.4000     60.4800  0.0000  CMP_13
cmpArray_7                           362.8800      0.0     302.4000     60.4800  0.0000  CMP_12
cmpArray_8                           362.8800      0.0     302.4000     60.4800  0.0000  CMP_11
cmpArray_9                           362.8800      0.0     302.4000     60.4800  0.0000  CMP_10
mesh_0_0                            1996.3440      0.2    1965.3480     30.9960  0.0000  PE_399
mesh_0_1                            2013.1020      0.2    1981.7280     31.3740  0.0000  PE_398
mesh_0_10                           1992.1860      0.2    1961.1900     30.9960  0.0000  PE_389
mesh_0_11                           1981.6020      0.2    1949.8500     31.7520  0.0000  PE_388
mesh_0_12                           1977.4440      0.2    1946.4480     30.9960  0.0000  PE_387
mesh_0_13                           1973.7900      0.2    1942.0380     31.7520  0.0000  PE_386
mesh_0_14                           1981.9800      0.2    1950.9840     30.9960  0.0000  PE_385
mesh_0_15                           1982.9880      0.2    1952.3700     30.6180  0.0000  PE_384
mesh_0_16                           2012.5980      0.2    1981.2240     31.3740  0.0000  PE_383
mesh_0_17                           1977.1920      0.2    1945.4400     31.7520  0.0000  PE_382
mesh_0_18                           1972.0260      0.2    1940.2740     31.7520  0.0000  PE_381
mesh_0_19                           1944.1800      0.2    1913.5620     30.6180  0.0000  PE_380
mesh_0_2                            1992.6900      0.2    1961.3160     31.3740  0.0000  PE_397
mesh_0_3                            1980.7200      0.2    1948.9680     31.7520  0.0000  PE_396
mesh_0_4                            1976.8140      0.2    1945.4400     31.3740  0.0000  PE_395
mesh_0_5                            1976.1840      0.2    1944.8100     31.3740  0.0000  PE_394
mesh_0_6                            1976.4360      0.2    1945.8180     30.6180  0.0000  PE_393
mesh_0_7                            2001.5100      0.2    1970.1360     31.3740  0.0000  PE_392
mesh_0_8                            1973.4120      0.2    1942.4160     30.9960  0.0000  PE_391
mesh_0_9                            1980.3420      0.2    1948.5900     31.7520  0.0000  PE_390
mesh_10_0                           1995.9660      0.2    1964.9700     30.9960  0.0000  PE_199
mesh_10_1                           1956.6540      0.2    1924.9020     31.7520  0.0000  PE_198
mesh_10_10                          1948.8420      0.2    1917.4680     31.3740  0.0000  PE_189
mesh_10_11                          1962.9540      0.2    1931.5800     31.3740  0.0000  PE_188
mesh_10_12                          1945.9440      0.2    1913.8140     32.1300  0.0000  PE_187
mesh_10_13                          1961.3160      0.2    1929.5640     31.7520  0.0000  PE_186
mesh_10_14                          1945.8180      0.2    1914.0660     31.7520  0.0000  PE_185
mesh_10_15                          1956.0240      0.2    1924.2720     31.7520  0.0000  PE_184
mesh_10_16                          1950.4800      0.2    1918.3500     32.1300  0.0000  PE_183
mesh_10_17                          1951.6140      0.2    1920.2400     31.3740  0.0000  PE_182
mesh_10_18                          1958.6700      0.2    1926.9180     31.7520  0.0000  PE_181
mesh_10_19                          1985.0040      0.2    1953.6300     31.3740  0.0000  PE_180
mesh_10_2                           1963.0800      0.2    1930.9500     32.1300  0.0000  PE_197
mesh_10_3                           1938.6360      0.2    1907.2620     31.3740  0.0000  PE_196
mesh_10_4                           1960.5600      0.2    1928.8080     31.7520  0.0000  PE_195
mesh_10_5                           1942.1640      0.2    1911.1680     30.9960  0.0000  PE_194
mesh_10_6                           1954.1340      0.2    1922.7600     31.3740  0.0000  PE_193
mesh_10_7                           1943.8020      0.2    1912.8060     30.9960  0.0000  PE_192
mesh_10_8                           1944.6840      0.2    1913.3100     31.3740  0.0000  PE_191
mesh_10_9                           1930.8240      0.2    1898.6940     32.1300  0.0000  PE_190
mesh_11_0                           2000.2500      0.2    1969.6320     30.6180  0.0000  PE_179
mesh_11_1                           1957.0320      0.2    1925.6580     31.3740  0.0000  PE_178
mesh_11_10                          1956.0240      0.2    1924.6500     31.3740  0.0000  PE_169
mesh_11_11                          1983.2400      0.2    1951.4880     31.7520  0.0000  PE_168
mesh_11_12                          1944.6840      0.2    1912.9320     31.7520  0.0000  PE_167
mesh_11_13                          1952.3700      0.2    1920.9960     31.3740  0.0000  PE_166
mesh_11_14                          1958.4180      0.2    1927.0440     31.3740  0.0000  PE_165
mesh_11_15                          1939.1400      0.2    1907.3880     31.7520  0.0000  PE_164
mesh_11_16                          1953.7560      0.2    1921.6260     32.1300  0.0000  PE_163
mesh_11_17                          1937.1240      0.2    1905.3720     31.7520  0.0000  PE_162
mesh_11_18                          1955.2680      0.2    1923.5160     31.7520  0.0000  PE_161
mesh_11_19                          1983.7440      0.2    1953.1260     30.6180  0.0000  PE_160
mesh_11_2                           1941.0300      0.2    1909.6560     31.3740  0.0000  PE_177
mesh_11_3                           1949.9760      0.2    1918.2240     31.7520  0.0000  PE_176
mesh_11_4                           1940.4000      0.2    1909.0260     31.3740  0.0000  PE_175
mesh_11_5                           1943.4240      0.2    1911.6720     31.7520  0.0000  PE_174
mesh_11_6                           1949.5980      0.2    1917.4680     32.1300  0.0000  PE_173
mesh_11_7                           1959.0480      0.2    1927.6740     31.3740  0.0000  PE_172
mesh_11_8                           1945.3140      0.2    1913.5620     31.7520  0.0000  PE_171
mesh_11_9                           1955.2680      0.2    1923.5160     31.7520  0.0000  PE_170
mesh_12_0                           2014.9920      0.2    1983.6180     31.3740  0.0000  PE_159
mesh_12_1                           1943.8020      0.2    1912.4280     31.3740  0.0000  PE_158
mesh_12_10                          1945.0620      0.2    1913.3100     31.7520  0.0000  PE_149
mesh_12_11                          1940.7780      0.2    1909.4040     31.3740  0.0000  PE_148
mesh_12_12                          1961.9460      0.2    1930.5720     31.3740  0.0000  PE_147
mesh_12_13                          1941.4080      0.2    1910.0340     31.3740  0.0000  PE_146
mesh_12_14                          1954.1340      0.2    1922.3820     31.7520  0.0000  PE_145
mesh_12_15                          1949.3460      0.2    1917.2160     32.1300  0.0000  PE_144
mesh_12_16                          1946.9520      0.2    1915.9560     30.9960  0.0000  PE_143
mesh_12_17                          1947.3300      0.2    1915.5780     31.7520  0.0000  PE_142
mesh_12_18                          1941.7860      0.2    1910.4120     31.3740  0.0000  PE_141
mesh_12_19                          1964.0880      0.2    1933.0920     30.9960  0.0000  PE_140
mesh_12_2                           1964.8440      0.2    1933.4700     31.3740  0.0000  PE_157
mesh_12_3                           1959.0480      0.2    1928.0520     30.9960  0.0000  PE_156
mesh_12_4                           1942.5420      0.2    1911.1680     31.3740  0.0000  PE_155
mesh_12_5                           1941.9120      0.2    1909.7820     32.1300  0.0000  PE_154
mesh_12_6                           1946.3220      0.2    1914.5700     31.7520  0.0000  PE_153
mesh_12_7                           1949.9760      0.2    1918.2240     31.7520  0.0000  PE_152
mesh_12_8                           1959.5520      0.2    1927.8000     31.7520  0.0000  PE_151
mesh_12_9                           1981.3500      0.2    1949.2200     32.1300  0.0000  PE_150
mesh_13_0                           2043.5940      0.2    2012.9760     30.6180  0.0000  PE_139
mesh_13_1                           1948.4640      0.2    1917.0900     31.3740  0.0000  PE_138
mesh_13_10                          1959.9300      0.2    1928.1780     31.7520  0.0000  PE_129
mesh_13_11                          1961.1900      0.2    1928.6820     32.5080  0.0000  PE_128
mesh_13_12                          1942.5420      0.2    1910.4120     32.1300  0.0000  PE_127
mesh_13_13                          1960.4340      0.2    1928.6820     31.7520  0.0000  PE_126
mesh_13_14                          1952.3700      0.2    1920.6180     31.7520  0.0000  PE_125
mesh_13_15                          1940.6520      0.2    1909.2780     31.3740  0.0000  PE_124
mesh_13_16                          1947.7080      0.2    1916.7120     30.9960  0.0000  PE_123
mesh_13_17                          1947.3300      0.2    1915.9560     31.3740  0.0000  PE_122
mesh_13_18                          1953.7560      0.2    1922.3820     31.3740  0.0000  PE_121
mesh_13_19                          1991.8080      0.2    1960.8120     30.9960  0.0000  PE_120
mesh_13_2                           1976.6880      0.2    1944.9360     31.7520  0.0000  PE_137
mesh_13_3                           1966.6080      0.2    1935.6120     30.9960  0.0000  PE_136
mesh_13_4                           1934.2260      0.2    1902.4740     31.7520  0.0000  PE_135
mesh_13_5                           1961.5680      0.2    1930.5720     30.9960  0.0000  PE_134
mesh_13_6                           1941.6600      0.2    1909.9080     31.7520  0.0000  PE_133
mesh_13_7                           1962.1980      0.2    1930.4460     31.7520  0.0000  PE_132
mesh_13_8                           1951.9920      0.2    1919.8620     32.1300  0.0000  PE_131
mesh_13_9                           1982.3580      0.2    1950.6060     31.7520  0.0000  PE_130
mesh_14_0                           1989.4140      0.2    1958.4180     30.9960  0.0000  PE_119
mesh_14_1                           1960.8120      0.2    1929.4380     31.3740  0.0000  PE_118
mesh_14_10                          1946.5740      0.2    1915.2000     31.3740  0.0000  PE_109
mesh_14_11                          1948.3380      0.2    1916.9640     31.3740  0.0000  PE_108
mesh_14_12                          1940.7780      0.2    1909.0260     31.7520  0.0000  PE_107
mesh_14_13                          1937.6280      0.2    1905.4980     32.1300  0.0000  PE_106
mesh_14_14                          1948.0860      0.2    1916.3340     31.7520  0.0000  PE_105
mesh_14_15                          1970.6400      0.2    1938.8880     31.7520  0.0000  PE_104
mesh_14_16                          1952.4960      0.2    1920.7440     31.7520  0.0000  PE_103
mesh_14_17                          1958.2920      0.2    1926.1620     32.1300  0.0000  PE_102
mesh_14_18                          1941.0300      0.2    1908.9000     32.1300  0.0000  PE_101
mesh_14_19                          1997.4780      0.2    1966.4820     30.9960  0.0000  PE_100
mesh_14_2                           1965.3480      0.2    1933.9740     31.3740  0.0000  PE_117
mesh_14_3                           1941.2820      0.2    1909.5300     31.7520  0.0000  PE_116
mesh_14_4                           1957.2840      0.2    1926.2880     30.9960  0.0000  PE_115
mesh_14_5                           1932.7140      0.2    1900.9620     31.7520  0.0000  PE_114
mesh_14_6                           1937.6280      0.2    1905.4980     32.1300  0.0000  PE_113
mesh_14_7                           1946.8260      0.2    1915.0740     31.7520  0.0000  PE_112
mesh_14_8                           1933.2180      0.2    1901.0880     32.1300  0.0000  PE_111
mesh_14_9                           1951.8660      0.2    1919.7360     32.1300  0.0000  PE_110
mesh_15_0                           2010.7080      0.2    1979.7120     30.9960  0.0000  PE_99
mesh_15_1                           1950.6060      0.2    1918.8540     31.7520  0.0000  PE_98
mesh_15_10                          1951.2360      0.2    1919.4840     31.7520  0.0000  PE_89
mesh_15_11                          1956.6540      0.2    1925.2800     31.3740  0.0000  PE_88
mesh_15_12                          1958.4180      0.2    1927.0440     31.3740  0.0000  PE_87
mesh_15_13                          1964.3400      0.2    1932.5880     31.7520  0.0000  PE_86
mesh_15_14                          1957.0320      0.2    1925.6580     31.3740  0.0000  PE_85
mesh_15_15                          1959.8040      0.2    1928.4300     31.3740  0.0000  PE_84
mesh_15_16                          1962.5760      0.2    1931.2020     31.3740  0.0000  PE_83
mesh_15_17                          1947.2040      0.2    1915.4520     31.7520  0.0000  PE_82
mesh_15_18                          1945.4400      0.2    1913.6880     31.7520  0.0000  PE_81
mesh_15_19                          1978.2000      0.2    1947.2040     30.9960  0.0000  PE_80
mesh_15_2                           1950.6060      0.2    1919.6100     30.9960  0.0000  PE_97
mesh_15_3                           1936.6200      0.2    1904.4900     32.1300  0.0000  PE_96
mesh_15_4                           1928.4300      0.2    1897.0560     31.3740  0.0000  PE_95
mesh_15_5                           1950.9840      0.2    1919.6100     31.3740  0.0000  PE_94
mesh_15_6                           1949.7240      0.2    1917.5940     32.1300  0.0000  PE_93
mesh_15_7                           1965.0960      0.2    1933.3440     31.7520  0.0000  PE_92
mesh_15_8                           1960.5600      0.2    1928.8080     31.7520  0.0000  PE_91
mesh_15_9                           1953.6300      0.2    1922.2560     31.3740  0.0000  PE_90
mesh_16_0                           2005.0380      0.2    1974.4200     30.6180  0.0000  PE_79
mesh_16_1                           1964.3400      0.2    1932.9660     31.3740  0.0000  PE_78
mesh_16_10                          1955.0160      0.2    1923.2640     31.7520  0.0000  PE_69
mesh_16_11                          1965.4740      0.2    1934.1000     31.3740  0.0000  PE_68
mesh_16_12                          1952.7480      0.2    1920.9960     31.7520  0.0000  PE_67
mesh_16_13                          1956.2760      0.2    1924.5240     31.7520  0.0000  PE_66
mesh_16_14                          1939.8960      0.2    1908.1440     31.7520  0.0000  PE_65
mesh_16_15                          1954.3860      0.2    1923.0120     31.3740  0.0000  PE_64
mesh_16_16                          1954.1340      0.2    1922.3820     31.7520  0.0000  PE_63
mesh_16_17                          1968.3720      0.2    1936.6200     31.7520  0.0000  PE_62
mesh_16_18                          1938.5100      0.2    1907.5140     30.9960  0.0000  PE_61
mesh_16_19                          1979.5860      0.2    1948.5900     30.9960  0.0000  PE_60
mesh_16_2                           1928.4300      0.2    1896.3000     32.1300  0.0000  PE_77
mesh_16_3                           1942.6680      0.2    1911.2940     31.3740  0.0000  PE_76
mesh_16_4                           1948.8420      0.2    1917.0900     31.7520  0.0000  PE_75
mesh_16_5                           1957.1580      0.2    1925.0280     32.1300  0.0000  PE_74
mesh_16_6                           1949.3460      0.2    1916.8380     32.5080  0.0000  PE_73
mesh_16_7                           1960.5600      0.2    1929.1860     31.3740  0.0000  PE_72
mesh_16_8                           1954.0080      0.2    1922.2560     31.7520  0.0000  PE_71
mesh_16_9                           1942.1640      0.2    1910.0340     32.1300  0.0000  PE_70
mesh_17_0                           2002.3920      0.2    1971.0180     31.3740  0.0000  PE_59
mesh_17_1                           1945.6920      0.2    1913.9400     31.7520  0.0000  PE_58
mesh_17_10                          1942.6680      0.2    1911.2940     31.3740  0.0000  PE_49
mesh_17_11                          1961.5680      0.2    1929.8160     31.7520  0.0000  PE_48
mesh_17_12                          1947.5820      0.2    1916.2080     31.3740  0.0000  PE_47
mesh_17_13                          1947.8340      0.2    1916.0820     31.7520  0.0000  PE_46
mesh_17_14                          1940.0220      0.2    1908.2700     31.7520  0.0000  PE_45
mesh_17_15                          1968.2460      0.2    1936.8720     31.3740  0.0000  PE_44
mesh_17_16                          1959.5520      0.2    1927.8000     31.7520  0.0000  PE_43
mesh_17_17                          1963.9620      0.2    1931.8320     32.1300  0.0000  PE_42
mesh_17_18                          1947.7080      0.2    1916.3340     31.3740  0.0000  PE_41
mesh_17_19                          1972.5300      0.2    1941.9120     30.6180  0.0000  PE_40
mesh_17_2                           1948.8420      0.2    1917.4680     31.3740  0.0000  PE_57
mesh_17_3                           1949.8500      0.2    1918.0980     31.7520  0.0000  PE_56
mesh_17_4                           1953.6300      0.2    1921.8780     31.7520  0.0000  PE_55
mesh_17_5                           1958.2920      0.2    1927.2960     30.9960  0.0000  PE_54
mesh_17_6                           1950.1020      0.2    1918.3500     31.7520  0.0000  PE_53
mesh_17_7                           1955.2680      0.2    1923.1380     32.1300  0.0000  PE_52
mesh_17_8                           1953.3780      0.2    1921.2480     32.1300  0.0000  PE_51
mesh_17_9                           1948.5900      0.2    1917.5940     30.9960  0.0000  PE_50
mesh_18_0                           2008.6920      0.2    1977.6960     30.9960  0.0000  PE_39
mesh_18_1                           1959.3000      0.2    1927.5480     31.7520  0.0000  PE_38
mesh_18_10                          1937.5020      0.2    1905.7500     31.7520  0.0000  PE_29
mesh_18_11                          1948.5900      0.2    1917.9720     30.6180  0.0000  PE_28
mesh_18_12                          1958.1660      0.2    1926.4140     31.7520  0.0000  PE_27
mesh_18_13                          1945.3140      0.2    1913.9400     31.3740  0.0000  PE_26
mesh_18_14                          1942.0380      0.2    1910.2860     31.7520  0.0000  PE_25
mesh_18_15                          1953.8820      0.2    1922.1300     31.7520  0.0000  PE_24
mesh_18_16                          1946.5740      0.2    1914.4440     32.1300  0.0000  PE_23
mesh_18_17                          1961.5680      0.2    1930.1940     31.3740  0.0000  PE_22
mesh_18_18                          1950.9840      0.2    1919.2320     31.7520  0.0000  PE_21
mesh_18_19                          1990.4220      0.2    1959.4260     30.9960  0.0000  PE_20
mesh_18_2                           1936.7460      0.2    1904.9940     31.7520  0.0000  PE_37
mesh_18_3                           1957.2840      0.2    1925.5320     31.7520  0.0000  PE_36
mesh_18_4                           1940.6520      0.2    1909.2780     31.3740  0.0000  PE_35
mesh_18_5                           1945.3140      0.2    1913.5620     31.7520  0.0000  PE_34
mesh_18_6                           1945.1880      0.2    1913.8140     31.3740  0.0000  PE_33
mesh_18_7                           1940.7780      0.2    1909.0260     31.7520  0.0000  PE_32
mesh_18_8                           1956.1500      0.2    1924.7760     31.3740  0.0000  PE_31
mesh_18_9                           1958.7960      0.2    1927.0440     31.7520  0.0000  PE_30
mesh_19_0                           2017.3860      0.2    1986.3900     30.9960  0.0000  PE_19
mesh_19_1                           1935.2340      0.2    1903.8600     31.3740  0.0000  PE_18
mesh_19_10                          1953.8820      0.2    1922.1300     31.7520  0.0000  PE_9
mesh_19_11                          1960.8120      0.2    1929.8160     30.9960  0.0000  PE_8
mesh_19_12                          1940.0220      0.2    1908.6480     31.3740  0.0000  PE_7
mesh_19_13                          1950.3540      0.2    1918.6020     31.7520  0.0000  PE_6
mesh_19_14                          1959.5520      0.2    1927.8000     31.7520  0.0000  PE_5
mesh_19_15                          1949.2200      0.2    1917.4680     31.7520  0.0000  PE_4
mesh_19_16                          1965.4740      0.2    1933.7220     31.7520  0.0000  PE_3
mesh_19_17                          1938.7620      0.2    1907.0100     31.7520  0.0000  PE_2
mesh_19_18                          1941.0300      0.2    1909.2780     31.7520  0.0000  PE_1
mesh_19_19                          1979.8380      0.2    1948.0860     31.7520  0.0000  PE_0
mesh_19_2                           1945.5660      0.2    1913.8140     31.7520  0.0000  PE_17
mesh_19_3                           1944.5580      0.2    1912.8060     31.7520  0.0000  PE_16
mesh_19_4                           1938.5100      0.2    1906.3800     32.1300  0.0000  PE_15
mesh_19_5                           1946.5740      0.2    1915.2000     31.3740  0.0000  PE_14
mesh_19_6                           1948.7160      0.2    1916.5860     32.1300  0.0000  PE_13
mesh_19_7                           1969.3800      0.2    1937.6280     31.7520  0.0000  PE_12
mesh_19_8                           1948.9680      0.2    1917.2160     31.7520  0.0000  PE_11
mesh_19_9                           1944.6840      0.2    1913.3100     31.3740  0.0000  PE_10
mesh_1_0                            2003.5260      0.2    1972.9080     30.6180  0.0000  PE_379
mesh_1_1                            1950.7320      0.2    1918.9800     31.7520  0.0000  PE_378
mesh_1_10                           1943.9280      0.2    1912.1760     31.7520  0.0000  PE_369
mesh_1_11                           1962.8280      0.2    1930.6980     32.1300  0.0000  PE_368
mesh_1_12                           1933.3440      0.2    1901.9700     31.3740  0.0000  PE_367
mesh_1_13                           1964.9700      0.2    1933.2180     31.7520  0.0000  PE_366
mesh_1_14                           1938.5100      0.2    1907.1360     31.3740  0.0000  PE_365
mesh_1_15                           1951.1100      0.2    1919.3580     31.7520  0.0000  PE_364
mesh_1_16                           1938.3840      0.2    1906.6320     31.7520  0.0000  PE_363
mesh_1_17                           1953.1260      0.2    1922.1300     30.9960  0.0000  PE_362
mesh_1_18                           1945.9440      0.2    1914.5700     31.3740  0.0000  PE_361
mesh_1_19                           1984.5000      0.2    1953.5040     30.9960  0.0000  PE_360
mesh_1_2                            1955.3940      0.2    1924.0200     31.3740  0.0000  PE_377
mesh_1_3                            1967.6160      0.2    1936.2420     31.3740  0.0000  PE_376
mesh_1_4                            1935.1080      0.2    1902.9780     32.1300  0.0000  PE_375
mesh_1_5                            1947.8340      0.2    1916.0820     31.7520  0.0000  PE_374
mesh_1_6                            1956.9060      0.2    1924.7760     32.1300  0.0000  PE_373
mesh_1_7                            1937.6280      0.2    1905.8760     31.7520  0.0000  PE_372
mesh_1_8                            1957.0320      0.2    1925.6580     31.3740  0.0000  PE_371
mesh_1_9                            1947.7080      0.2    1915.5780     32.1300  0.0000  PE_370
mesh_2_0                            2006.9280      0.2    1975.9320     30.9960  0.0000  PE_359
mesh_2_1                            1968.3720      0.2    1936.2420     32.1300  0.0000  PE_358
mesh_2_10                           1944.4320      0.2    1912.6800     31.7520  0.0000  PE_349
mesh_2_11                           1948.9680      0.2    1917.5940     31.3740  0.0000  PE_348
mesh_2_12                           1959.8040      0.2    1928.0520     31.7520  0.0000  PE_347
mesh_2_13                           1942.4160      0.2    1910.6640     31.7520  0.0000  PE_346
mesh_2_14                           1932.4620      0.2    1900.7100     31.7520  0.0000  PE_345
mesh_2_15                           1978.4520      0.2    1946.3220     32.1300  0.0000  PE_344
mesh_2_16                           1937.2500      0.2    1905.1200     32.1300  0.0000  PE_343
mesh_2_17                           1944.5580      0.2    1912.8060     31.7520  0.0000  PE_342
mesh_2_18                           1953.1260      0.2    1920.9960     32.1300  0.0000  PE_341
mesh_2_19                           1987.6500      0.2    1955.8980     31.7520  0.0000  PE_340
mesh_2_2                            1957.9140      0.2    1926.5400     31.3740  0.0000  PE_357
mesh_2_3                            1953.2520      0.2    1921.8780     31.3740  0.0000  PE_356
mesh_2_4                            1959.5520      0.2    1928.1780     31.3740  0.0000  PE_355
mesh_2_5                            1961.8200      0.2    1930.0680     31.7520  0.0000  PE_354
mesh_2_6                            1933.2180      0.2    1901.4660     31.7520  0.0000  PE_353
mesh_2_7                            1951.3620      0.2    1919.9880     31.3740  0.0000  PE_352
mesh_2_8                            1961.6940      0.2    1929.9420     31.7520  0.0000  PE_351
mesh_2_9                            1947.8340      0.2    1916.0820     31.7520  0.0000  PE_350
mesh_3_0                            2008.1880      0.2    1977.1920     30.9960  0.0000  PE_339
mesh_3_1                            1955.0160      0.2    1923.6420     31.3740  0.0000  PE_338
mesh_3_10                           1938.1320      0.2    1906.7580     31.3740  0.0000  PE_329
mesh_3_11                           1976.8140      0.2    1945.0620     31.7520  0.0000  PE_328
mesh_3_12                           1957.5360      0.2    1925.7840     31.7520  0.0000  PE_327
mesh_3_13                           1969.1280      0.2    1937.3760     31.7520  0.0000  PE_326
mesh_3_14                           1943.5500      0.2    1911.7980     31.7520  0.0000  PE_325
mesh_3_15                           1954.3860      0.2    1923.0120     31.3740  0.0000  PE_324
mesh_3_16                           1946.0700      0.2    1914.3180     31.7520  0.0000  PE_323
mesh_3_17                           1961.3160      0.2    1929.5640     31.7520  0.0000  PE_322
mesh_3_18                           1944.0540      0.2    1912.6800     31.3740  0.0000  PE_321
mesh_3_19                           1979.9640      0.2    1948.5900     31.3740  0.0000  PE_320
mesh_3_2                            1956.9060      0.2    1925.1540     31.7520  0.0000  PE_337
mesh_3_3                            1962.1980      0.2    1931.2020     30.9960  0.0000  PE_336
mesh_3_4                            1952.6220      0.2    1921.2480     31.3740  0.0000  PE_335
mesh_3_5                            1934.2260      0.2    1903.2300     30.9960  0.0000  PE_334
mesh_3_6                            1941.0300      0.2    1909.2780     31.7520  0.0000  PE_333
mesh_3_7                            1949.0940      0.2    1917.3420     31.7520  0.0000  PE_332
mesh_3_8                            1964.9700      0.2    1933.2180     31.7520  0.0000  PE_331
mesh_3_9                            1967.6160      0.2    1935.8640     31.7520  0.0000  PE_330
mesh_4_0                            2001.1320      0.2    1969.7580     31.3740  0.0000  PE_319
mesh_4_1                            1939.2660      0.2    1907.1360     32.1300  0.0000  PE_318
mesh_4_10                           1940.1480      0.2    1908.7740     31.3740  0.0000  PE_309
mesh_4_11                           1956.0240      0.2    1924.6500     31.3740  0.0000  PE_308
mesh_4_12                           1945.0620      0.2    1912.9320     32.1300  0.0000  PE_307
mesh_4_13                           1960.6860      0.2    1928.5560     32.1300  0.0000  PE_306
mesh_4_14                           1943.9280      0.2    1911.7980     32.1300  0.0000  PE_305
mesh_4_15                           1942.5420      0.2    1910.7900     31.7520  0.0000  PE_304
mesh_4_16                           1953.1260      0.2    1921.3740     31.7520  0.0000  PE_303
mesh_4_17                           1941.0300      0.2    1909.6560     31.3740  0.0000  PE_302
mesh_4_18                           1947.4560      0.2    1916.0820     31.3740  0.0000  PE_301
mesh_4_19                           1989.6660      0.2    1958.2920     31.3740  0.0000  PE_300
mesh_4_2                            1968.8760      0.2    1937.5020     31.3740  0.0000  PE_317
mesh_4_3                            1958.4180      0.2    1926.6660     31.7520  0.0000  PE_316
mesh_4_4                            1959.6780      0.2    1928.3040     31.3740  0.0000  PE_315
mesh_4_5                            1948.7160      0.2    1916.9640     31.7520  0.0000  PE_314
mesh_4_6                            1941.1560      0.2    1909.0260     32.1300  0.0000  PE_313
mesh_4_7                            1951.9920      0.2    1920.2400     31.7520  0.0000  PE_312
mesh_4_8                            1942.9200      0.2    1911.5460     31.3740  0.0000  PE_311
mesh_4_9                            1961.5680      0.2    1929.8160     31.7520  0.0000  PE_310
mesh_5_0                            2005.2900      0.2    1973.9160     31.3740  0.0000  PE_299
mesh_5_1                            1949.5980      0.2    1917.8460     31.7520  0.0000  PE_298
mesh_5_10                           1955.8980      0.2    1924.5240     31.3740  0.0000  PE_289
mesh_5_11                           1939.7700      0.2    1908.3960     31.3740  0.0000  PE_288
mesh_5_12                           1936.6200      0.2    1904.8680     31.7520  0.0000  PE_287
mesh_5_13                           1946.9520      0.2    1915.5780     31.3740  0.0000  PE_286
mesh_5_14                           1949.3460      0.2    1917.2160     32.1300  0.0000  PE_285
mesh_5_15                           1964.7180      0.2    1932.9660     31.7520  0.0000  PE_284
mesh_5_16                           1954.2600      0.2    1922.8860     31.3740  0.0000  PE_283
mesh_5_17                           1950.9840      0.2    1919.6100     31.3740  0.0000  PE_282
mesh_5_18                           1952.4960      0.2    1920.7440     31.7520  0.0000  PE_281
mesh_5_19                           1989.9180      0.2    1958.9220     30.9960  0.0000  PE_280
mesh_5_2                            1936.1160      0.2    1904.7420     31.3740  0.0000  PE_297
mesh_5_3                            1958.5440      0.2    1926.7920     31.7520  0.0000  PE_296
mesh_5_4                            1952.2440      0.2    1920.8700     31.3740  0.0000  PE_295
mesh_5_5                            1945.6920      0.2    1914.6960     30.9960  0.0000  PE_294
mesh_5_6                            1946.0700      0.2    1914.6960     31.3740  0.0000  PE_293
mesh_5_7                            1942.0380      0.2    1910.6640     31.3740  0.0000  PE_292
mesh_5_8                            1947.0780      0.2    1915.3260     31.7520  0.0000  PE_291
mesh_5_9                            1945.0620      0.2    1912.9320     32.1300  0.0000  PE_290
mesh_6_0                            1999.7460      0.2    1967.9940     31.7520  0.0000  PE_279
mesh_6_1                            1939.7700      0.2    1908.0180     31.7520  0.0000  PE_278
mesh_6_10                           1937.7540      0.2    1906.0020     31.7520  0.0000  PE_269
mesh_6_11                           1933.3440      0.2    1901.9700     31.3740  0.0000  PE_268
mesh_6_12                           1954.2600      0.2    1922.5080     31.7520  0.0000  PE_267
mesh_6_13                           1966.6080      0.2    1935.6120     30.9960  0.0000  PE_266
mesh_6_14                           1936.3680      0.2    1904.6160     31.7520  0.0000  PE_265
mesh_6_15                           1953.3780      0.2    1921.2480     32.1300  0.0000  PE_264
mesh_6_16                           1940.5260      0.2    1909.1520     31.3740  0.0000  PE_263
mesh_6_17                           1954.3860      0.2    1923.0120     31.3740  0.0000  PE_262
mesh_6_18                           1954.0080      0.2    1922.6340     31.3740  0.0000  PE_261
mesh_6_19                           1982.8620      0.2    1951.8660     30.9960  0.0000  PE_260
mesh_6_2                            1942.6680      0.2    1911.6720     30.9960  0.0000  PE_277
mesh_6_3                            1956.7800      0.2    1925.4060     31.3740  0.0000  PE_276
mesh_6_4                            1948.5900      0.2    1916.8380     31.7520  0.0000  PE_275
mesh_6_5                            1936.1160      0.2    1904.3640     31.7520  0.0000  PE_274
mesh_6_6                            1946.1960      0.2    1914.0660     32.1300  0.0000  PE_273
mesh_6_7                            1946.1960      0.2    1914.4440     31.7520  0.0000  PE_272
mesh_6_8                            1961.4420      0.2    1929.6900     31.7520  0.0000  PE_271
mesh_6_9                            1930.6980      0.2    1898.9460     31.7520  0.0000  PE_270
mesh_7_0                            1993.8240      0.2    1962.8280     30.9960  0.0000  PE_259
mesh_7_1                            1954.3860      0.2    1922.2560     32.1300  0.0000  PE_258
mesh_7_10                           1949.9760      0.2    1918.6020     31.3740  0.0000  PE_249
mesh_7_11                           1947.5820      0.2    1915.4520     32.1300  0.0000  PE_248
mesh_7_12                           1942.7940      0.2    1911.4200     31.3740  0.0000  PE_247
mesh_7_13                           1938.6360      0.2    1906.8840     31.7520  0.0000  PE_246
mesh_7_14                           1965.9780      0.2    1933.8480     32.1300  0.0000  PE_245
mesh_7_15                           1967.7420      0.2    1935.6120     32.1300  0.0000  PE_244
mesh_7_16                           1952.4960      0.2    1920.3660     32.1300  0.0000  PE_243
mesh_7_17                           1951.4880      0.2    1920.1140     31.3740  0.0000  PE_242
mesh_7_18                           1948.7160      0.2    1916.9640     31.7520  0.0000  PE_241
mesh_7_19                           1983.6180      0.2    1952.6220     30.9960  0.0000  PE_240
mesh_7_2                            1958.6700      0.2    1927.2960     31.3740  0.0000  PE_257
mesh_7_3                            1956.0240      0.2    1924.6500     31.3740  0.0000  PE_256
mesh_7_4                            1943.0460      0.2    1910.9160     32.1300  0.0000  PE_255
mesh_7_5                            1952.2440      0.2    1920.4920     31.7520  0.0000  PE_254
mesh_7_6                            1949.2200      0.2    1917.4680     31.7520  0.0000  PE_253
mesh_7_7                            1938.3840      0.2    1906.6320     31.7520  0.0000  PE_252
mesh_7_8                            1957.4100      0.2    1926.4140     30.9960  0.0000  PE_251
mesh_7_9                            1952.4960      0.2    1921.1220     31.3740  0.0000  PE_250
mesh_8_0                            1999.3680      0.2    1967.9940     31.3740  0.0000  PE_239
mesh_8_1                            1963.3320      0.2    1931.9580     31.3740  0.0000  PE_238
mesh_8_10                           1963.2060      0.2    1931.8320     31.3740  0.0000  PE_229
mesh_8_11                           1954.5120      0.2    1923.1380     31.3740  0.0000  PE_228
mesh_8_12                           1949.8500      0.2    1918.0980     31.7520  0.0000  PE_227
mesh_8_13                           1945.6920      0.2    1914.3180     31.3740  0.0000  PE_226
mesh_8_14                           1946.3220      0.2    1914.1920     32.1300  0.0000  PE_225
mesh_8_15                           1937.2500      0.2    1905.8760     31.3740  0.0000  PE_224
mesh_8_16                           1940.0220      0.2    1907.8920     32.1300  0.0000  PE_223
mesh_8_17                           1966.1040      0.2    1934.7300     31.3740  0.0000  PE_222
mesh_8_18                           1941.2820      0.2    1909.1520     32.1300  0.0000  PE_221
mesh_8_19                           1984.2480      0.2    1953.6300     30.6180  0.0000  PE_220
mesh_8_2                            1928.9340      0.2    1896.8040     32.1300  0.0000  PE_237
mesh_8_3                            1952.7480      0.2    1921.3740     31.3740  0.0000  PE_236
mesh_8_4                            1938.8880      0.2    1907.1360     31.7520  0.0000  PE_235
mesh_8_5                            1948.9680      0.2    1917.5940     31.3740  0.0000  PE_234
mesh_8_6                            1952.3700      0.2    1920.2400     32.1300  0.0000  PE_233
mesh_8_7                            1963.3320      0.2    1931.9580     31.3740  0.0000  PE_232
mesh_8_8                            1952.4960      0.2    1920.7440     31.7520  0.0000  PE_231
mesh_8_9                            1945.9440      0.2    1913.8140     32.1300  0.0000  PE_230
mesh_9_0                            1995.7140      0.2    1964.7180     30.9960  0.0000  PE_219
mesh_9_1                            1958.2920      0.2    1926.9180     31.3740  0.0000  PE_218
mesh_9_10                           1941.0300      0.2    1910.0340     30.9960  0.0000  PE_209
mesh_9_11                           1941.2820      0.2    1910.2860     30.9960  0.0000  PE_208
mesh_9_12                           1960.9380      0.2    1928.8080     32.1300  0.0000  PE_207
mesh_9_13                           1948.4640      0.2    1916.7120     31.7520  0.0000  PE_206
mesh_9_14                           1939.5180      0.2    1907.7660     31.7520  0.0000  PE_205
mesh_9_15                           1935.2340      0.2    1903.4820     31.7520  0.0000  PE_204
mesh_9_16                           1954.8900      0.2    1923.1380     31.7520  0.0000  PE_203
mesh_9_17                           1944.0540      0.2    1912.6800     31.3740  0.0000  PE_202
mesh_9_18                           1946.5740      0.2    1915.2000     31.3740  0.0000  PE_201
mesh_9_19                           1980.9720      0.2    1949.5980     31.3740  0.0000  PE_200
mesh_9_2                            1946.5740      0.2    1915.5780     30.9960  0.0000  PE_217
mesh_9_3                            1967.9940      0.2    1936.2420     31.7520  0.0000  PE_216
mesh_9_4                            1950.6060      0.2    1918.4760     32.1300  0.0000  PE_215
mesh_9_5                            1956.9060      0.2    1925.5320     31.3740  0.0000  PE_214
mesh_9_6                            1950.6060      0.2    1918.8540     31.7520  0.0000  PE_213
mesh_9_7                            1966.7340      0.2    1934.9820     31.7520  0.0000  PE_212
mesh_9_8                            1947.2040      0.2    1915.4520     31.7520  0.0000  PE_211
mesh_9_9                            1940.4000      0.2    1909.0260     31.3740  0.0000  PE_210
--------------------------------  -----------  -------  -----------  ----------  ------  ---------
Total                                                   776010.3108  50159.9693  0.0000

1
