Information: Updating design information... (UID-85)
Warning: Design 'SystolicArray' contains 2 high-fanout nets. A fanout number of 1000 will be used for delay calculations involving these nets. (TIM-134)
 
****************************************
Report : timing
        -path full
        -delay max
        -nets
        -max_paths 1
        -transition_time
Design : SystolicArray
Version: V-2023.12
Date   : Mon Apr  6 21:14:20 2026
****************************************

 # A fanout number of 1000 was used for high fanout net computations.

Operating Conditions: ffg0p99v0c   Library: tcbn28hpcplusbwp30p140ffg0p99v0c_ccs
Wire Load Model Mode: segmented

  Startpoint: mesh_5_1/regVal_bits_reg[14]
              (rising edge-triggered flip-flop clocked by ideal_clock1)
  Endpoint: dIn_81_bits_reg[11]
            (rising edge-triggered flip-flop clocked by ideal_clock1)
  Path Group: ideal_clock1
  Path Type: max

  Des/Clust/Port     Wire Load Model       Library
  ------------------------------------------------
  CMP_18             ZeroWireload          tcbn28hpcplusbwp30p140ffg0p99v0c_ccs
  CMP_17             ZeroWireload          tcbn28hpcplusbwp30p140ffg0p99v0c_ccs
  CMP_16             ZeroWireload          tcbn28hpcplusbwp30p140ffg0p99v0c_ccs
  CMP_15             ZeroWireload          tcbn28hpcplusbwp30p140ffg0p99v0c_ccs
  CMP_14             ZeroWireload          tcbn28hpcplusbwp30p140ffg0p99v0c_ccs
  CMP_13             ZeroWireload          tcbn28hpcplusbwp30p140ffg0p99v0c_ccs
  CMP_12             ZeroWireload          tcbn28hpcplusbwp30p140ffg0p99v0c_ccs
  CMP_11             ZeroWireload          tcbn28hpcplusbwp30p140ffg0p99v0c_ccs
  CMP_10             ZeroWireload          tcbn28hpcplusbwp30p140ffg0p99v0c_ccs
  CMP_9              ZeroWireload          tcbn28hpcplusbwp30p140ffg0p99v0c_ccs
  CMP_8              ZeroWireload          tcbn28hpcplusbwp30p140ffg0p99v0c_ccs
  CMP_7              ZeroWireload          tcbn28hpcplusbwp30p140ffg0p99v0c_ccs
  CMP_6              ZeroWireload          tcbn28hpcplusbwp30p140ffg0p99v0c_ccs
  CMP_5              ZeroWireload          tcbn28hpcplusbwp30p140ffg0p99v0c_ccs
  CMP_4              ZeroWireload          tcbn28hpcplusbwp30p140ffg0p99v0c_ccs
  CMP_3              ZeroWireload          tcbn28hpcplusbwp30p140ffg0p99v0c_ccs
  CMP_2              ZeroWireload          tcbn28hpcplusbwp30p140ffg0p99v0c_ccs
  CMP_1              ZeroWireload          tcbn28hpcplusbwp30p140ffg0p99v0c_ccs
  CMP_0              ZeroWireload          tcbn28hpcplusbwp30p140ffg0p99v0c_ccs
  PE_0               ZeroWireload          tcbn28hpcplusbwp30p140ffg0p99v0c_ccs
  PE_1               ZeroWireload          tcbn28hpcplusbwp30p140ffg0p99v0c_ccs
  PE_2               ZeroWireload          tcbn28hpcplusbwp30p140ffg0p99v0c_ccs
  PE_3               ZeroWireload          tcbn28hpcplusbwp30p140ffg0p99v0c_ccs
  PE_4               ZeroWireload          tcbn28hpcplusbwp30p140ffg0p99v0c_ccs
  PE_5               ZeroWireload          tcbn28hpcplusbwp30p140ffg0p99v0c_ccs
  PE_6               ZeroWireload          tcbn28hpcplusbwp30p140ffg0p99v0c_ccs
  PE_7               ZeroWireload          tcbn28hpcplusbwp30p140ffg0p99v0c_ccs
  PE_8               ZeroWireload          tcbn28hpcplusbwp30p140ffg0p99v0c_ccs
  PE_9               ZeroWireload          tcbn28hpcplusbwp30p140ffg0p99v0c_ccs
  PE_10              ZeroWireload          tcbn28hpcplusbwp30p140ffg0p99v0c_ccs
  PE_11              ZeroWireload          tcbn28hpcplusbwp30p140ffg0p99v0c_ccs
  PE_12              ZeroWireload          tcbn28hpcplusbwp30p140ffg0p99v0c_ccs
  PE_13              ZeroWireload          tcbn28hpcplusbwp30p140ffg0p99v0c_ccs
  PE_14              ZeroWireload          tcbn28hpcplusbwp30p140ffg0p99v0c_ccs
  PE_15              ZeroWireload          tcbn28hpcplusbwp30p140ffg0p99v0c_ccs
  PE_16              ZeroWireload          tcbn28hpcplusbwp30p140ffg0p99v0c_ccs
  PE_17              ZeroWireload          tcbn28hpcplusbwp30p140ffg0p99v0c_ccs
  PE_18              ZeroWireload          tcbn28hpcplusbwp30p140ffg0p99v0c_ccs
  PE_19              ZeroWireload          tcbn28hpcplusbwp30p140ffg0p99v0c_ccs
  PE_20              ZeroWireload          tcbn28hpcplusbwp30p140ffg0p99v0c_ccs
  PE_21              ZeroWireload          tcbn28hpcplusbwp30p140ffg0p99v0c_ccs
  PE_22              ZeroWireload          tcbn28hpcplusbwp30p140ffg0p99v0c_ccs
  PE_23              ZeroWireload          tcbn28hpcplusbwp30p140ffg0p99v0c_ccs
  PE_24              ZeroWireload          tcbn28hpcplusbwp30p140ffg0p99v0c_ccs
  PE_25              ZeroWireload          tcbn28hpcplusbwp30p140ffg0p99v0c_ccs
  PE_26              ZeroWireload          tcbn28hpcplusbwp30p140ffg0p99v0c_ccs
  PE_27              ZeroWireload          tcbn28hpcplusbwp30p140ffg0p99v0c_ccs
  PE_28              ZeroWireload          tcbn28hpcplusbwp30p140ffg0p99v0c_ccs
  PE_29              ZeroWireload          tcbn28hpcplusbwp30p140ffg0p99v0c_ccs
  PE_30              ZeroWireload          tcbn28hpcplusbwp30p140ffg0p99v0c_ccs
  PE_31              ZeroWireload          tcbn28hpcplusbwp30p140ffg0p99v0c_ccs
  PE_32              ZeroWireload          tcbn28hpcplusbwp30p140ffg0p99v0c_ccs
  PE_33              ZeroWireload          tcbn28hpcplusbwp30p140ffg0p99v0c_ccs
  PE_34              ZeroWireload          tcbn28hpcplusbwp30p140ffg0p99v0c_ccs
  PE_35              ZeroWireload          tcbn28hpcplusbwp30p140ffg0p99v0c_ccs
  PE_36              ZeroWireload          tcbn28hpcplusbwp30p140ffg0p99v0c_ccs
  PE_37              ZeroWireload          tcbn28hpcplusbwp30p140ffg0p99v0c_ccs
  PE_38              ZeroWireload          tcbn28hpcplusbwp30p140ffg0p99v0c_ccs
  PE_39              ZeroWireload          tcbn28hpcplusbwp30p140ffg0p99v0c_ccs
  PE_40              ZeroWireload          tcbn28hpcplusbwp30p140ffg0p99v0c_ccs
  PE_41              ZeroWireload          tcbn28hpcplusbwp30p140ffg0p99v0c_ccs
  PE_42              ZeroWireload          tcbn28hpcplusbwp30p140ffg0p99v0c_ccs
  PE_43              ZeroWireload          tcbn28hpcplusbwp30p140ffg0p99v0c_ccs
  PE_44              ZeroWireload          tcbn28hpcplusbwp30p140ffg0p99v0c_ccs
  PE_45              ZeroWireload          tcbn28hpcplusbwp30p140ffg0p99v0c_ccs
  PE_46              ZeroWireload          tcbn28hpcplusbwp30p140ffg0p99v0c_ccs
  PE_47              ZeroWireload          tcbn28hpcplusbwp30p140ffg0p99v0c_ccs
  PE_48              ZeroWireload          tcbn28hpcplusbwp30p140ffg0p99v0c_ccs
  PE_49              ZeroWireload          tcbn28hpcplusbwp30p140ffg0p99v0c_ccs
  PE_50              ZeroWireload          tcbn28hpcplusbwp30p140ffg0p99v0c_ccs
  PE_51              ZeroWireload          tcbn28hpcplusbwp30p140ffg0p99v0c_ccs
  PE_52              ZeroWireload          tcbn28hpcplusbwp30p140ffg0p99v0c_ccs
  PE_53              ZeroWireload          tcbn28hpcplusbwp30p140ffg0p99v0c_ccs
  PE_54              ZeroWireload          tcbn28hpcplusbwp30p140ffg0p99v0c_ccs
  PE_55              ZeroWireload          tcbn28hpcplusbwp30p140ffg0p99v0c_ccs
  PE_56              ZeroWireload          tcbn28hpcplusbwp30p140ffg0p99v0c_ccs
  PE_57              ZeroWireload          tcbn28hpcplusbwp30p140ffg0p99v0c_ccs
  PE_58              ZeroWireload          tcbn28hpcplusbwp30p140ffg0p99v0c_ccs
  PE_59              ZeroWireload          tcbn28hpcplusbwp30p140ffg0p99v0c_ccs
  PE_60              ZeroWireload          tcbn28hpcplusbwp30p140ffg0p99v0c_ccs
  PE_61              ZeroWireload          tcbn28hpcplusbwp30p140ffg0p99v0c_ccs
  PE_62              ZeroWireload          tcbn28hpcplusbwp30p140ffg0p99v0c_ccs
  PE_63              ZeroWireload          tcbn28hpcplusbwp30p140ffg0p99v0c_ccs
  PE_64              ZeroWireload          tcbn28hpcplusbwp30p140ffg0p99v0c_ccs
  PE_65              ZeroWireload          tcbn28hpcplusbwp30p140ffg0p99v0c_ccs
  PE_66              ZeroWireload          tcbn28hpcplusbwp30p140ffg0p99v0c_ccs
  PE_67              ZeroWireload          tcbn28hpcplusbwp30p140ffg0p99v0c_ccs
  PE_68              ZeroWireload          tcbn28hpcplusbwp30p140ffg0p99v0c_ccs
  PE_69              ZeroWireload          tcbn28hpcplusbwp30p140ffg0p99v0c_ccs
  PE_70              ZeroWireload          tcbn28hpcplusbwp30p140ffg0p99v0c_ccs
  PE_71              ZeroWireload          tcbn28hpcplusbwp30p140ffg0p99v0c_ccs
  PE_72              ZeroWireload          tcbn28hpcplusbwp30p140ffg0p99v0c_ccs
  PE_73              ZeroWireload          tcbn28hpcplusbwp30p140ffg0p99v0c_ccs
  PE_74              ZeroWireload          tcbn28hpcplusbwp30p140ffg0p99v0c_ccs
  PE_75              ZeroWireload          tcbn28hpcplusbwp30p140ffg0p99v0c_ccs
  PE_76              ZeroWireload          tcbn28hpcplusbwp30p140ffg0p99v0c_ccs
  PE_77              ZeroWireload          tcbn28hpcplusbwp30p140ffg0p99v0c_ccs
  PE_78              ZeroWireload          tcbn28hpcplusbwp30p140ffg0p99v0c_ccs
  PE_79              ZeroWireload          tcbn28hpcplusbwp30p140ffg0p99v0c_ccs
  PE_80              ZeroWireload          tcbn28hpcplusbwp30p140ffg0p99v0c_ccs
  PE_81              ZeroWireload          tcbn28hpcplusbwp30p140ffg0p99v0c_ccs
  PE_82              ZeroWireload          tcbn28hpcplusbwp30p140ffg0p99v0c_ccs
  PE_83              ZeroWireload          tcbn28hpcplusbwp30p140ffg0p99v0c_ccs
  PE_84              ZeroWireload          tcbn28hpcplusbwp30p140ffg0p99v0c_ccs
  PE_85              ZeroWireload          tcbn28hpcplusbwp30p140ffg0p99v0c_ccs
  PE_86              ZeroWireload          tcbn28hpcplusbwp30p140ffg0p99v0c_ccs
  PE_87              ZeroWireload          tcbn28hpcplusbwp30p140ffg0p99v0c_ccs
  PE_88              ZeroWireload          tcbn28hpcplusbwp30p140ffg0p99v0c_ccs
  PE_89              ZeroWireload          tcbn28hpcplusbwp30p140ffg0p99v0c_ccs
  PE_90              ZeroWireload          tcbn28hpcplusbwp30p140ffg0p99v0c_ccs
  PE_91              ZeroWireload          tcbn28hpcplusbwp30p140ffg0p99v0c_ccs
  PE_92              ZeroWireload          tcbn28hpcplusbwp30p140ffg0p99v0c_ccs
  PE_93              ZeroWireload          tcbn28hpcplusbwp30p140ffg0p99v0c_ccs
  PE_94              ZeroWireload          tcbn28hpcplusbwp30p140ffg0p99v0c_ccs
  PE_95              ZeroWireload          tcbn28hpcplusbwp30p140ffg0p99v0c_ccs
  PE_96              ZeroWireload          tcbn28hpcplusbwp30p140ffg0p99v0c_ccs
  PE_97              ZeroWireload          tcbn28hpcplusbwp30p140ffg0p99v0c_ccs
  PE_98              ZeroWireload          tcbn28hpcplusbwp30p140ffg0p99v0c_ccs
  PE_99              ZeroWireload          tcbn28hpcplusbwp30p140ffg0p99v0c_ccs
  PE_100             ZeroWireload          tcbn28hpcplusbwp30p140ffg0p99v0c_ccs
  PE_101             ZeroWireload          tcbn28hpcplusbwp30p140ffg0p99v0c_ccs
  PE_102             ZeroWireload          tcbn28hpcplusbwp30p140ffg0p99v0c_ccs
  PE_103             ZeroWireload          tcbn28hpcplusbwp30p140ffg0p99v0c_ccs
  PE_104             ZeroWireload          tcbn28hpcplusbwp30p140ffg0p99v0c_ccs
  PE_105             ZeroWireload          tcbn28hpcplusbwp30p140ffg0p99v0c_ccs
  PE_106             ZeroWireload          tcbn28hpcplusbwp30p140ffg0p99v0c_ccs
  PE_107             ZeroWireload          tcbn28hpcplusbwp30p140ffg0p99v0c_ccs
  PE_108             ZeroWireload          tcbn28hpcplusbwp30p140ffg0p99v0c_ccs
  PE_109             ZeroWireload          tcbn28hpcplusbwp30p140ffg0p99v0c_ccs
  PE_110             ZeroWireload          tcbn28hpcplusbwp30p140ffg0p99v0c_ccs
  PE_111             ZeroWireload          tcbn28hpcplusbwp30p140ffg0p99v0c_ccs
  PE_112             ZeroWireload          tcbn28hpcplusbwp30p140ffg0p99v0c_ccs
  PE_113             ZeroWireload          tcbn28hpcplusbwp30p140ffg0p99v0c_ccs
  PE_114             ZeroWireload          tcbn28hpcplusbwp30p140ffg0p99v0c_ccs
  PE_115             ZeroWireload          tcbn28hpcplusbwp30p140ffg0p99v0c_ccs
  PE_116             ZeroWireload          tcbn28hpcplusbwp30p140ffg0p99v0c_ccs
  PE_117             ZeroWireload          tcbn28hpcplusbwp30p140ffg0p99v0c_ccs
  PE_118             ZeroWireload          tcbn28hpcplusbwp30p140ffg0p99v0c_ccs
  PE_119             ZeroWireload          tcbn28hpcplusbwp30p140ffg0p99v0c_ccs
  PE_120             ZeroWireload          tcbn28hpcplusbwp30p140ffg0p99v0c_ccs
  PE_121             ZeroWireload          tcbn28hpcplusbwp30p140ffg0p99v0c_ccs
  PE_122             ZeroWireload          tcbn28hpcplusbwp30p140ffg0p99v0c_ccs
  PE_123             ZeroWireload          tcbn28hpcplusbwp30p140ffg0p99v0c_ccs
  PE_124             ZeroWireload          tcbn28hpcplusbwp30p140ffg0p99v0c_ccs
  PE_125             ZeroWireload          tcbn28hpcplusbwp30p140ffg0p99v0c_ccs
  PE_126             ZeroWireload          tcbn28hpcplusbwp30p140ffg0p99v0c_ccs
  PE_127             ZeroWireload          tcbn28hpcplusbwp30p140ffg0p99v0c_ccs
  PE_128             ZeroWireload          tcbn28hpcplusbwp30p140ffg0p99v0c_ccs
  PE_129             ZeroWireload          tcbn28hpcplusbwp30p140ffg0p99v0c_ccs
  PE_130             ZeroWireload          tcbn28hpcplusbwp30p140ffg0p99v0c_ccs
  PE_131             ZeroWireload          tcbn28hpcplusbwp30p140ffg0p99v0c_ccs
  PE_132             ZeroWireload          tcbn28hpcplusbwp30p140ffg0p99v0c_ccs
  PE_133             ZeroWireload          tcbn28hpcplusbwp30p140ffg0p99v0c_ccs
  PE_134             ZeroWireload          tcbn28hpcplusbwp30p140ffg0p99v0c_ccs
  PE_135             ZeroWireload          tcbn28hpcplusbwp30p140ffg0p99v0c_ccs
  PE_136             ZeroWireload          tcbn28hpcplusbwp30p140ffg0p99v0c_ccs
  PE_137             ZeroWireload          tcbn28hpcplusbwp30p140ffg0p99v0c_ccs
  PE_138             ZeroWireload          tcbn28hpcplusbwp30p140ffg0p99v0c_ccs
  PE_139             ZeroWireload          tcbn28hpcplusbwp30p140ffg0p99v0c_ccs
  PE_140             ZeroWireload          tcbn28hpcplusbwp30p140ffg0p99v0c_ccs
  PE_141             ZeroWireload          tcbn28hpcplusbwp30p140ffg0p99v0c_ccs
  PE_142             ZeroWireload          tcbn28hpcplusbwp30p140ffg0p99v0c_ccs
  PE_143             ZeroWireload          tcbn28hpcplusbwp30p140ffg0p99v0c_ccs
  PE_144             ZeroWireload          tcbn28hpcplusbwp30p140ffg0p99v0c_ccs
  PE_145             ZeroWireload          tcbn28hpcplusbwp30p140ffg0p99v0c_ccs
  PE_146             ZeroWireload          tcbn28hpcplusbwp30p140ffg0p99v0c_ccs
  PE_147             ZeroWireload          tcbn28hpcplusbwp30p140ffg0p99v0c_ccs
  PE_148             ZeroWireload          tcbn28hpcplusbwp30p140ffg0p99v0c_ccs
  PE_149             ZeroWireload          tcbn28hpcplusbwp30p140ffg0p99v0c_ccs
  PE_150             ZeroWireload          tcbn28hpcplusbwp30p140ffg0p99v0c_ccs
  PE_151             ZeroWireload          tcbn28hpcplusbwp30p140ffg0p99v0c_ccs
  PE_152             ZeroWireload          tcbn28hpcplusbwp30p140ffg0p99v0c_ccs
  PE_153             ZeroWireload          tcbn28hpcplusbwp30p140ffg0p99v0c_ccs
  PE_154             ZeroWireload          tcbn28hpcplusbwp30p140ffg0p99v0c_ccs
  PE_155             ZeroWireload          tcbn28hpcplusbwp30p140ffg0p99v0c_ccs
  PE_156             ZeroWireload          tcbn28hpcplusbwp30p140ffg0p99v0c_ccs
  PE_157             ZeroWireload          tcbn28hpcplusbwp30p140ffg0p99v0c_ccs
  PE_158             ZeroWireload          tcbn28hpcplusbwp30p140ffg0p99v0c_ccs
  PE_159             ZeroWireload          tcbn28hpcplusbwp30p140ffg0p99v0c_ccs
  PE_160             ZeroWireload          tcbn28hpcplusbwp30p140ffg0p99v0c_ccs
  PE_161             ZeroWireload          tcbn28hpcplusbwp30p140ffg0p99v0c_ccs
  PE_162             ZeroWireload          tcbn28hpcplusbwp30p140ffg0p99v0c_ccs
  PE_163             ZeroWireload          tcbn28hpcplusbwp30p140ffg0p99v0c_ccs
  PE_164             ZeroWireload          tcbn28hpcplusbwp30p140ffg0p99v0c_ccs
  PE_165             ZeroWireload          tcbn28hpcplusbwp30p140ffg0p99v0c_ccs
  PE_166             ZeroWireload          tcbn28hpcplusbwp30p140ffg0p99v0c_ccs
  PE_167             ZeroWireload          tcbn28hpcplusbwp30p140ffg0p99v0c_ccs
  PE_168             ZeroWireload          tcbn28hpcplusbwp30p140ffg0p99v0c_ccs
  PE_169             ZeroWireload          tcbn28hpcplusbwp30p140ffg0p99v0c_ccs
  PE_170             ZeroWireload          tcbn28hpcplusbwp30p140ffg0p99v0c_ccs
  PE_171             ZeroWireload          tcbn28hpcplusbwp30p140ffg0p99v0c_ccs
  PE_172             ZeroWireload          tcbn28hpcplusbwp30p140ffg0p99v0c_ccs
  PE_173             ZeroWireload          tcbn28hpcplusbwp30p140ffg0p99v0c_ccs
  PE_174             ZeroWireload          tcbn28hpcplusbwp30p140ffg0p99v0c_ccs
  PE_175             ZeroWireload          tcbn28hpcplusbwp30p140ffg0p99v0c_ccs
  PE_176             ZeroWireload          tcbn28hpcplusbwp30p140ffg0p99v0c_ccs
  PE_177             ZeroWireload          tcbn28hpcplusbwp30p140ffg0p99v0c_ccs
  PE_178             ZeroWireload          tcbn28hpcplusbwp30p140ffg0p99v0c_ccs
  PE_179             ZeroWireload          tcbn28hpcplusbwp30p140ffg0p99v0c_ccs
  PE_180             ZeroWireload          tcbn28hpcplusbwp30p140ffg0p99v0c_ccs
  PE_181             ZeroWireload          tcbn28hpcplusbwp30p140ffg0p99v0c_ccs
  PE_182             ZeroWireload          tcbn28hpcplusbwp30p140ffg0p99v0c_ccs
  PE_183             ZeroWireload          tcbn28hpcplusbwp30p140ffg0p99v0c_ccs
  PE_184             ZeroWireload          tcbn28hpcplusbwp30p140ffg0p99v0c_ccs
  PE_185             ZeroWireload          tcbn28hpcplusbwp30p140ffg0p99v0c_ccs
  PE_186             ZeroWireload          tcbn28hpcplusbwp30p140ffg0p99v0c_ccs
  PE_187             ZeroWireload          tcbn28hpcplusbwp30p140ffg0p99v0c_ccs
  PE_188             ZeroWireload          tcbn28hpcplusbwp30p140ffg0p99v0c_ccs
  PE_189             ZeroWireload          tcbn28hpcplusbwp30p140ffg0p99v0c_ccs
  PE_190             ZeroWireload          tcbn28hpcplusbwp30p140ffg0p99v0c_ccs
  PE_191             ZeroWireload          tcbn28hpcplusbwp30p140ffg0p99v0c_ccs
  PE_192             ZeroWireload          tcbn28hpcplusbwp30p140ffg0p99v0c_ccs
  PE_193             ZeroWireload          tcbn28hpcplusbwp30p140ffg0p99v0c_ccs
  PE_194             ZeroWireload          tcbn28hpcplusbwp30p140ffg0p99v0c_ccs
  PE_195             ZeroWireload          tcbn28hpcplusbwp30p140ffg0p99v0c_ccs
  PE_196             ZeroWireload          tcbn28hpcplusbwp30p140ffg0p99v0c_ccs
  PE_197             ZeroWireload          tcbn28hpcplusbwp30p140ffg0p99v0c_ccs
  PE_198             ZeroWireload          tcbn28hpcplusbwp30p140ffg0p99v0c_ccs
  PE_199             ZeroWireload          tcbn28hpcplusbwp30p140ffg0p99v0c_ccs
  PE_200             ZeroWireload          tcbn28hpcplusbwp30p140ffg0p99v0c_ccs
  PE_201             ZeroWireload          tcbn28hpcplusbwp30p140ffg0p99v0c_ccs
  PE_202             ZeroWireload          tcbn28hpcplusbwp30p140ffg0p99v0c_ccs
  PE_203             ZeroWireload          tcbn28hpcplusbwp30p140ffg0p99v0c_ccs
  PE_204             ZeroWireload          tcbn28hpcplusbwp30p140ffg0p99v0c_ccs
  PE_205             ZeroWireload          tcbn28hpcplusbwp30p140ffg0p99v0c_ccs
  PE_206             ZeroWireload          tcbn28hpcplusbwp30p140ffg0p99v0c_ccs
  PE_207             ZeroWireload          tcbn28hpcplusbwp30p140ffg0p99v0c_ccs
  PE_208             ZeroWireload          tcbn28hpcplusbwp30p140ffg0p99v0c_ccs
  PE_209             ZeroWireload          tcbn28hpcplusbwp30p140ffg0p99v0c_ccs
  PE_210             ZeroWireload          tcbn28hpcplusbwp30p140ffg0p99v0c_ccs
  PE_211             ZeroWireload          tcbn28hpcplusbwp30p140ffg0p99v0c_ccs
  PE_212             ZeroWireload          tcbn28hpcplusbwp30p140ffg0p99v0c_ccs
  PE_213             ZeroWireload          tcbn28hpcplusbwp30p140ffg0p99v0c_ccs
  PE_214             ZeroWireload          tcbn28hpcplusbwp30p140ffg0p99v0c_ccs
  PE_215             ZeroWireload          tcbn28hpcplusbwp30p140ffg0p99v0c_ccs
  PE_216             ZeroWireload          tcbn28hpcplusbwp30p140ffg0p99v0c_ccs
  PE_217             ZeroWireload          tcbn28hpcplusbwp30p140ffg0p99v0c_ccs
  PE_218             ZeroWireload          tcbn28hpcplusbwp30p140ffg0p99v0c_ccs
  PE_219             ZeroWireload          tcbn28hpcplusbwp30p140ffg0p99v0c_ccs
  PE_220             ZeroWireload          tcbn28hpcplusbwp30p140ffg0p99v0c_ccs
  PE_221             ZeroWireload          tcbn28hpcplusbwp30p140ffg0p99v0c_ccs
  PE_222             ZeroWireload          tcbn28hpcplusbwp30p140ffg0p99v0c_ccs
  PE_223             ZeroWireload          tcbn28hpcplusbwp30p140ffg0p99v0c_ccs
  PE_224             ZeroWireload          tcbn28hpcplusbwp30p140ffg0p99v0c_ccs
  PE_225             ZeroWireload          tcbn28hpcplusbwp30p140ffg0p99v0c_ccs
  PE_226             ZeroWireload          tcbn28hpcplusbwp30p140ffg0p99v0c_ccs
  PE_227             ZeroWireload          tcbn28hpcplusbwp30p140ffg0p99v0c_ccs
  PE_228             ZeroWireload          tcbn28hpcplusbwp30p140ffg0p99v0c_ccs
  PE_229             ZeroWireload          tcbn28hpcplusbwp30p140ffg0p99v0c_ccs
  PE_230             ZeroWireload          tcbn28hpcplusbwp30p140ffg0p99v0c_ccs
  PE_231             ZeroWireload          tcbn28hpcplusbwp30p140ffg0p99v0c_ccs
  PE_232             ZeroWireload          tcbn28hpcplusbwp30p140ffg0p99v0c_ccs
  PE_233             ZeroWireload          tcbn28hpcplusbwp30p140ffg0p99v0c_ccs
  PE_234             ZeroWireload          tcbn28hpcplusbwp30p140ffg0p99v0c_ccs
  PE_235             ZeroWireload          tcbn28hpcplusbwp30p140ffg0p99v0c_ccs
  PE_236             ZeroWireload          tcbn28hpcplusbwp30p140ffg0p99v0c_ccs
  PE_237             ZeroWireload          tcbn28hpcplusbwp30p140ffg0p99v0c_ccs
  PE_238             ZeroWireload          tcbn28hpcplusbwp30p140ffg0p99v0c_ccs
  PE_239             ZeroWireload          tcbn28hpcplusbwp30p140ffg0p99v0c_ccs
  PE_240             ZeroWireload          tcbn28hpcplusbwp30p140ffg0p99v0c_ccs
  PE_241             ZeroWireload          tcbn28hpcplusbwp30p140ffg0p99v0c_ccs
  PE_242             ZeroWireload          tcbn28hpcplusbwp30p140ffg0p99v0c_ccs
  PE_243             ZeroWireload          tcbn28hpcplusbwp30p140ffg0p99v0c_ccs
  PE_244             ZeroWireload          tcbn28hpcplusbwp30p140ffg0p99v0c_ccs
  PE_245             ZeroWireload          tcbn28hpcplusbwp30p140ffg0p99v0c_ccs
  PE_246             ZeroWireload          tcbn28hpcplusbwp30p140ffg0p99v0c_ccs
  PE_247             ZeroWireload          tcbn28hpcplusbwp30p140ffg0p99v0c_ccs
  PE_248             ZeroWireload          tcbn28hpcplusbwp30p140ffg0p99v0c_ccs
  PE_249             ZeroWireload          tcbn28hpcplusbwp30p140ffg0p99v0c_ccs
  PE_250             ZeroWireload          tcbn28hpcplusbwp30p140ffg0p99v0c_ccs
  PE_251             ZeroWireload          tcbn28hpcplusbwp30p140ffg0p99v0c_ccs
  PE_252             ZeroWireload          tcbn28hpcplusbwp30p140ffg0p99v0c_ccs
  PE_253             ZeroWireload          tcbn28hpcplusbwp30p140ffg0p99v0c_ccs
  PE_254             ZeroWireload          tcbn28hpcplusbwp30p140ffg0p99v0c_ccs
  PE_255             ZeroWireload          tcbn28hpcplusbwp30p140ffg0p99v0c_ccs
  PE_256             ZeroWireload          tcbn28hpcplusbwp30p140ffg0p99v0c_ccs
  PE_257             ZeroWireload          tcbn28hpcplusbwp30p140ffg0p99v0c_ccs
  PE_258             ZeroWireload          tcbn28hpcplusbwp30p140ffg0p99v0c_ccs
  PE_259             ZeroWireload          tcbn28hpcplusbwp30p140ffg0p99v0c_ccs
  PE_260             ZeroWireload          tcbn28hpcplusbwp30p140ffg0p99v0c_ccs
  PE_261             ZeroWireload          tcbn28hpcplusbwp30p140ffg0p99v0c_ccs
  PE_262             ZeroWireload          tcbn28hpcplusbwp30p140ffg0p99v0c_ccs
  PE_263             ZeroWireload          tcbn28hpcplusbwp30p140ffg0p99v0c_ccs
  PE_264             ZeroWireload          tcbn28hpcplusbwp30p140ffg0p99v0c_ccs
  PE_265             ZeroWireload          tcbn28hpcplusbwp30p140ffg0p99v0c_ccs
  PE_266             ZeroWireload          tcbn28hpcplusbwp30p140ffg0p99v0c_ccs
  PE_267             ZeroWireload          tcbn28hpcplusbwp30p140ffg0p99v0c_ccs
  PE_268             ZeroWireload          tcbn28hpcplusbwp30p140ffg0p99v0c_ccs
  PE_269             ZeroWireload          tcbn28hpcplusbwp30p140ffg0p99v0c_ccs
  PE_270             ZeroWireload          tcbn28hpcplusbwp30p140ffg0p99v0c_ccs
  PE_271             ZeroWireload          tcbn28hpcplusbwp30p140ffg0p99v0c_ccs
  PE_272             ZeroWireload          tcbn28hpcplusbwp30p140ffg0p99v0c_ccs
  PE_273             ZeroWireload          tcbn28hpcplusbwp30p140ffg0p99v0c_ccs
  PE_274             ZeroWireload          tcbn28hpcplusbwp30p140ffg0p99v0c_ccs
  PE_275             ZeroWireload          tcbn28hpcplusbwp30p140ffg0p99v0c_ccs
  PE_276             ZeroWireload          tcbn28hpcplusbwp30p140ffg0p99v0c_ccs
  PE_277             ZeroWireload          tcbn28hpcplusbwp30p140ffg0p99v0c_ccs
  PE_278             ZeroWireload          tcbn28hpcplusbwp30p140ffg0p99v0c_ccs
  PE_279             ZeroWireload          tcbn28hpcplusbwp30p140ffg0p99v0c_ccs
  PE_280             ZeroWireload          tcbn28hpcplusbwp30p140ffg0p99v0c_ccs
  PE_281             ZeroWireload          tcbn28hpcplusbwp30p140ffg0p99v0c_ccs
  PE_282             ZeroWireload          tcbn28hpcplusbwp30p140ffg0p99v0c_ccs
  PE_283             ZeroWireload          tcbn28hpcplusbwp30p140ffg0p99v0c_ccs
  PE_284             ZeroWireload          tcbn28hpcplusbwp30p140ffg0p99v0c_ccs
  PE_285             ZeroWireload          tcbn28hpcplusbwp30p140ffg0p99v0c_ccs
  PE_286             ZeroWireload          tcbn28hpcplusbwp30p140ffg0p99v0c_ccs
  PE_287             ZeroWireload          tcbn28hpcplusbwp30p140ffg0p99v0c_ccs
  PE_288             ZeroWireload          tcbn28hpcplusbwp30p140ffg0p99v0c_ccs
  PE_289             ZeroWireload          tcbn28hpcplusbwp30p140ffg0p99v0c_ccs
  PE_290             ZeroWireload          tcbn28hpcplusbwp30p140ffg0p99v0c_ccs
  PE_291             ZeroWireload          tcbn28hpcplusbwp30p140ffg0p99v0c_ccs
  PE_292             ZeroWireload          tcbn28hpcplusbwp30p140ffg0p99v0c_ccs
  PE_293             ZeroWireload          tcbn28hpcplusbwp30p140ffg0p99v0c_ccs
  PE_294             ZeroWireload          tcbn28hpcplusbwp30p140ffg0p99v0c_ccs
  PE_295             ZeroWireload          tcbn28hpcplusbwp30p140ffg0p99v0c_ccs
  PE_296             ZeroWireload          tcbn28hpcplusbwp30p140ffg0p99v0c_ccs
  PE_297             ZeroWireload          tcbn28hpcplusbwp30p140ffg0p99v0c_ccs
  PE_298             ZeroWireload          tcbn28hpcplusbwp30p140ffg0p99v0c_ccs
  PE_299             ZeroWireload          tcbn28hpcplusbwp30p140ffg0p99v0c_ccs
  PE_300             ZeroWireload          tcbn28hpcplusbwp30p140ffg0p99v0c_ccs
  PE_301             ZeroWireload          tcbn28hpcplusbwp30p140ffg0p99v0c_ccs
  PE_302             ZeroWireload          tcbn28hpcplusbwp30p140ffg0p99v0c_ccs
  PE_303             ZeroWireload          tcbn28hpcplusbwp30p140ffg0p99v0c_ccs
  PE_304             ZeroWireload          tcbn28hpcplusbwp30p140ffg0p99v0c_ccs
  PE_305             ZeroWireload          tcbn28hpcplusbwp30p140ffg0p99v0c_ccs
  PE_306             ZeroWireload          tcbn28hpcplusbwp30p140ffg0p99v0c_ccs
  PE_307             ZeroWireload          tcbn28hpcplusbwp30p140ffg0p99v0c_ccs
  PE_308             ZeroWireload          tcbn28hpcplusbwp30p140ffg0p99v0c_ccs
  PE_309             ZeroWireload          tcbn28hpcplusbwp30p140ffg0p99v0c_ccs
  PE_310             ZeroWireload          tcbn28hpcplusbwp30p140ffg0p99v0c_ccs
  PE_311             ZeroWireload          tcbn28hpcplusbwp30p140ffg0p99v0c_ccs
  PE_312             ZeroWireload          tcbn28hpcplusbwp30p140ffg0p99v0c_ccs
  PE_313             ZeroWireload          tcbn28hpcplusbwp30p140ffg0p99v0c_ccs
  PE_314             ZeroWireload          tcbn28hpcplusbwp30p140ffg0p99v0c_ccs
  PE_315             ZeroWireload          tcbn28hpcplusbwp30p140ffg0p99v0c_ccs
  PE_316             ZeroWireload          tcbn28hpcplusbwp30p140ffg0p99v0c_ccs
  PE_317             ZeroWireload          tcbn28hpcplusbwp30p140ffg0p99v0c_ccs
  PE_318             ZeroWireload          tcbn28hpcplusbwp30p140ffg0p99v0c_ccs
  PE_319             ZeroWireload          tcbn28hpcplusbwp30p140ffg0p99v0c_ccs
  PE_320             ZeroWireload          tcbn28hpcplusbwp30p140ffg0p99v0c_ccs
  PE_321             ZeroWireload          tcbn28hpcplusbwp30p140ffg0p99v0c_ccs
  PE_322             ZeroWireload          tcbn28hpcplusbwp30p140ffg0p99v0c_ccs
  PE_323             ZeroWireload          tcbn28hpcplusbwp30p140ffg0p99v0c_ccs
  PE_324             ZeroWireload          tcbn28hpcplusbwp30p140ffg0p99v0c_ccs
  PE_325             ZeroWireload          tcbn28hpcplusbwp30p140ffg0p99v0c_ccs
  PE_326             ZeroWireload          tcbn28hpcplusbwp30p140ffg0p99v0c_ccs
  PE_327             ZeroWireload          tcbn28hpcplusbwp30p140ffg0p99v0c_ccs
  PE_328             ZeroWireload          tcbn28hpcplusbwp30p140ffg0p99v0c_ccs
  PE_329             ZeroWireload          tcbn28hpcplusbwp30p140ffg0p99v0c_ccs
  PE_330             ZeroWireload          tcbn28hpcplusbwp30p140ffg0p99v0c_ccs
  PE_331             ZeroWireload          tcbn28hpcplusbwp30p140ffg0p99v0c_ccs
  PE_332             ZeroWireload          tcbn28hpcplusbwp30p140ffg0p99v0c_ccs
  PE_333             ZeroWireload          tcbn28hpcplusbwp30p140ffg0p99v0c_ccs
  PE_334             ZeroWireload          tcbn28hpcplusbwp30p140ffg0p99v0c_ccs
  PE_335             ZeroWireload          tcbn28hpcplusbwp30p140ffg0p99v0c_ccs
  PE_336             ZeroWireload          tcbn28hpcplusbwp30p140ffg0p99v0c_ccs
  PE_337             ZeroWireload          tcbn28hpcplusbwp30p140ffg0p99v0c_ccs
  PE_338             ZeroWireload          tcbn28hpcplusbwp30p140ffg0p99v0c_ccs
  PE_339             ZeroWireload          tcbn28hpcplusbwp30p140ffg0p99v0c_ccs
  PE_340             ZeroWireload          tcbn28hpcplusbwp30p140ffg0p99v0c_ccs
  PE_341             ZeroWireload          tcbn28hpcplusbwp30p140ffg0p99v0c_ccs
  PE_342             ZeroWireload          tcbn28hpcplusbwp30p140ffg0p99v0c_ccs
  PE_343             ZeroWireload          tcbn28hpcplusbwp30p140ffg0p99v0c_ccs
  PE_344             ZeroWireload          tcbn28hpcplusbwp30p140ffg0p99v0c_ccs
  PE_345             ZeroWireload          tcbn28hpcplusbwp30p140ffg0p99v0c_ccs
  PE_346             ZeroWireload          tcbn28hpcplusbwp30p140ffg0p99v0c_ccs
  PE_347             ZeroWireload          tcbn28hpcplusbwp30p140ffg0p99v0c_ccs
  PE_348             ZeroWireload          tcbn28hpcplusbwp30p140ffg0p99v0c_ccs
  PE_349             ZeroWireload          tcbn28hpcplusbwp30p140ffg0p99v0c_ccs
  PE_350             ZeroWireload          tcbn28hpcplusbwp30p140ffg0p99v0c_ccs
  PE_351             ZeroWireload          tcbn28hpcplusbwp30p140ffg0p99v0c_ccs
  PE_352             ZeroWireload          tcbn28hpcplusbwp30p140ffg0p99v0c_ccs
  PE_353             ZeroWireload          tcbn28hpcplusbwp30p140ffg0p99v0c_ccs
  PE_354             ZeroWireload          tcbn28hpcplusbwp30p140ffg0p99v0c_ccs
  PE_355             ZeroWireload          tcbn28hpcplusbwp30p140ffg0p99v0c_ccs
  PE_356             ZeroWireload          tcbn28hpcplusbwp30p140ffg0p99v0c_ccs
  PE_357             ZeroWireload          tcbn28hpcplusbwp30p140ffg0p99v0c_ccs
  PE_358             ZeroWireload          tcbn28hpcplusbwp30p140ffg0p99v0c_ccs
  PE_359             ZeroWireload          tcbn28hpcplusbwp30p140ffg0p99v0c_ccs
  PE_360             ZeroWireload          tcbn28hpcplusbwp30p140ffg0p99v0c_ccs
  PE_361             ZeroWireload          tcbn28hpcplusbwp30p140ffg0p99v0c_ccs
  PE_362             ZeroWireload          tcbn28hpcplusbwp30p140ffg0p99v0c_ccs
  PE_363             ZeroWireload          tcbn28hpcplusbwp30p140ffg0p99v0c_ccs
  PE_364             ZeroWireload          tcbn28hpcplusbwp30p140ffg0p99v0c_ccs
  PE_365             ZeroWireload          tcbn28hpcplusbwp30p140ffg0p99v0c_ccs
  PE_366             ZeroWireload          tcbn28hpcplusbwp30p140ffg0p99v0c_ccs
  PE_367             ZeroWireload          tcbn28hpcplusbwp30p140ffg0p99v0c_ccs
  PE_368             ZeroWireload          tcbn28hpcplusbwp30p140ffg0p99v0c_ccs
  PE_369             ZeroWireload          tcbn28hpcplusbwp30p140ffg0p99v0c_ccs
  PE_370             ZeroWireload          tcbn28hpcplusbwp30p140ffg0p99v0c_ccs
  PE_371             ZeroWireload          tcbn28hpcplusbwp30p140ffg0p99v0c_ccs
  PE_372             ZeroWireload          tcbn28hpcplusbwp30p140ffg0p99v0c_ccs
  PE_373             ZeroWireload          tcbn28hpcplusbwp30p140ffg0p99v0c_ccs
  PE_374             ZeroWireload          tcbn28hpcplusbwp30p140ffg0p99v0c_ccs
  PE_375             ZeroWireload          tcbn28hpcplusbwp30p140ffg0p99v0c_ccs
  PE_376             ZeroWireload          tcbn28hpcplusbwp30p140ffg0p99v0c_ccs
  PE_377             ZeroWireload          tcbn28hpcplusbwp30p140ffg0p99v0c_ccs
  PE_378             ZeroWireload          tcbn28hpcplusbwp30p140ffg0p99v0c_ccs
  PE_379             ZeroWireload          tcbn28hpcplusbwp30p140ffg0p99v0c_ccs
  PE_380             ZeroWireload          tcbn28hpcplusbwp30p140ffg0p99v0c_ccs
  PE_381             ZeroWireload          tcbn28hpcplusbwp30p140ffg0p99v0c_ccs
  PE_382             ZeroWireload          tcbn28hpcplusbwp30p140ffg0p99v0c_ccs
  PE_383             ZeroWireload          tcbn28hpcplusbwp30p140ffg0p99v0c_ccs
  PE_384             ZeroWireload          tcbn28hpcplusbwp30p140ffg0p99v0c_ccs
  PE_385             ZeroWireload          tcbn28hpcplusbwp30p140ffg0p99v0c_ccs
  PE_386             ZeroWireload          tcbn28hpcplusbwp30p140ffg0p99v0c_ccs
  PE_387             ZeroWireload          tcbn28hpcplusbwp30p140ffg0p99v0c_ccs
  PE_388             ZeroWireload          tcbn28hpcplusbwp30p140ffg0p99v0c_ccs
  PE_389             ZeroWireload          tcbn28hpcplusbwp30p140ffg0p99v0c_ccs
  PE_390             ZeroWireload          tcbn28hpcplusbwp30p140ffg0p99v0c_ccs
  PE_391             ZeroWireload          tcbn28hpcplusbwp30p140ffg0p99v0c_ccs
  PE_392             ZeroWireload          tcbn28hpcplusbwp30p140ffg0p99v0c_ccs
  PE_393             ZeroWireload          tcbn28hpcplusbwp30p140ffg0p99v0c_ccs
  PE_394             ZeroWireload          tcbn28hpcplusbwp30p140ffg0p99v0c_ccs
  PE_395             ZeroWireload          tcbn28hpcplusbwp30p140ffg0p99v0c_ccs
  PE_396             ZeroWireload          tcbn28hpcplusbwp30p140ffg0p99v0c_ccs
  PE_397             ZeroWireload          tcbn28hpcplusbwp30p140ffg0p99v0c_ccs
  PE_398             ZeroWireload          tcbn28hpcplusbwp30p140ffg0p99v0c_ccs
  PE_399             ZeroWireload          tcbn28hpcplusbwp30p140ffg0p99v0c_ccs
  SystolicArray      ZeroWireload          tcbn28hpcplusbwp30p140ffg0p99v0c_ccs
  CMP_19             ZeroWireload          tcbn28hpcplusbwp30p140ffg0p99v0c_ccs

Attributes:
    d - dont_touch
    u - dont_use
   mo - map_only
   so - size_only
    i - ideal_net or ideal_network
  inf - infeasible path

  Point                                                       Fanout     Trans      Incr       Path      Attributes
  -------------------------------------------------------------------------------------------------------------------------
  clock ideal_clock1 (rise edge)                                                    0.00       0.00
  clock network delay (ideal)                                                       0.00       0.00
  mesh_5_1/regVal_bits_reg[14]/CP (DFQD2BWP30P140)                        0.00      0.00 #     0.00 r
  mesh_5_1/regVal_bits_reg[14]/Q (DFQD2BWP30P140)                         0.01      0.04       0.04 f
  mesh_5_1/regVal_bits[14] (net)                                7                   0.00       0.04 f
  mesh_5_1/U954/ZN (ND2D1BWP30P140)                                       0.03      0.01       0.04 r
  mesh_5_1/n263 (net)                                           1                   0.00       0.04 r
  mesh_5_1/U956/ZN (INR2D1BWP30P140)                                      0.01      0.02       0.06 r
  mesh_5_1/n264 (net)                                           1                   0.00       0.06 r
  mesh_5_1/U369/ZN (INVD2BWP30P140)                                       0.01      0.01       0.07 f
  mesh_5_1/n272 (net)                                           2                   0.00       0.07 f
  mesh_5_1/U517/ZN (INVD1BWP30P140)                                       0.01      0.01       0.07 r
  mesh_5_1/n279 (net)                                           2                   0.00       0.07 r
  mesh_5_1/U52/ZN (ND2OPTIBD2BWP30P140)                                   0.01      0.01       0.08 f
  mesh_5_1/n266 (net)                                           2                   0.00       0.08 f
  mesh_5_1/U381/ZN (INVD2BWP30P140)                                       0.01      0.01       0.09 r
  mesh_5_1/n335 (net)                                           3                   0.00       0.09 r
  mesh_5_1/U74/ZN (NR3D1P5BWP30P140)                                      0.01      0.01       0.10 f
  mesh_5_1/n350 (net)                                           3                   0.00       0.10 f
  mesh_5_1/U199/ZN (ND2D2BWP30P140)                                       0.01      0.01       0.11 r
  mesh_5_1/n293 (net)                                           3                   0.00       0.11 r
  mesh_5_1/U36/ZN (INVD3BWP30P140)                                        0.01      0.00       0.11 f
  mesh_5_1/n309 (net)                                           2                   0.00       0.11 f
  mesh_5_1/U37/ZN (ND2OPTIBD2BWP30P140)                                   0.01      0.01       0.12 r
  mesh_5_1/n358 (net)                                           4                   0.00       0.12 r
  mesh_5_1/U195/ZN (OAI22D0BWP30P140)                                     0.02      0.01       0.13 f
  mesh_5_1/n359 (net)                                           1                   0.00       0.13 f
  mesh_5_1/U445/ZN (IAO21D1BWP30P140)                                     0.01      0.01       0.14 r
  mesh_5_1/n370 (net)                                           1                   0.00       0.14 r
  mesh_5_1/U1051/ZN (INR2D2BWP30P140)                                     0.01      0.02       0.16 r
  mesh_5_1/n519 (net)                                           4                   0.00       0.16 r
  mesh_5_1/U32/ZN (CKND2D3BWP30P140)                                      0.01      0.01       0.17 f
  mesh_5_1/n394 (net)                                           4                   0.00       0.17 f
  mesh_5_1/U1058/ZN (INVD1BWP30P140)                                      0.01      0.01       0.18 r
  mesh_5_1/n384 (net)                                           1                   0.00       0.18 r
  mesh_5_1/U446/ZN (OAI211OPTREPBD2BWP30P140)                             0.02      0.02       0.19 f
  mesh_5_1/n452 (net)                                           3                   0.00       0.19 f
  mesh_5_1/U1074/ZN (XNR2UD1BWP30P140)                                    0.02      0.02       0.21 f
  mesh_5_1/n418 (net)                                           1                   0.00       0.21 f
  mesh_5_1/U1075/ZN (NR2D1BWP30P140)                                      0.03      0.01       0.22 r
  mesh_5_1/n419 (net)                                           1                   0.00       0.22 r
  mesh_5_1/U522/ZN (NR2D3BWP30P140)                                       0.02      0.02       0.24 f
  mesh_5_1/n2161 (net)                                          9                   0.00       0.24 f
  mesh_5_1/U1243/ZN (ND2D1BWP30P140)                                      0.02      0.01       0.25 r
  mesh_5_1/n600 (net)                                           3                   0.00       0.25 r
  mesh_5_1/U1244/ZN (OAI21D1BWP30P140)                                    0.01      0.01       0.26 f
  mesh_5_1/n574 (net)                                           1                   0.00       0.26 f
  mesh_5_1/U1245/Z (AO21D1BWP30P140)                                      0.01      0.02       0.28 f
  mesh_5_1/n585 (net)                                           2                   0.00       0.28 f
  mesh_5_1/U474/ZN (XNR2UD1BWP30P140)                                     0.02      0.01       0.29 f
  mesh_5_1/n84 (net)                                            2                   0.00       0.29 f
  mesh_5_1/U473/ZN (INR2D1BWP30P140)                                      0.02      0.02       0.31 r
  mesh_5_1/n83 (net)                                            2                   0.00       0.31 r
  mesh_5_1/U139/ZN (OAI21D1BWP30P140)                                     0.02      0.01       0.32 f
  mesh_5_1/n55 (net)                                            1                   0.00       0.32 f
  mesh_5_1/U307/ZN (OAI21D2BWP30P140)                                     0.01      0.01       0.33 r
  mesh_5_1/n634 (net)                                           2                   0.00       0.33 r
  mesh_5_1/U413/Z (AN2D4BWP30P140)                                        0.01      0.01       0.35 r
  mesh_5_1/n652 (net)                                           2                   0.00       0.35 r
  mesh_5_1/U480/ZN (INR2D4BWP30P140)                                      0.02      0.02       0.37 r
  mesh_5_1/n1308 (net)                                         10                   0.00       0.37 r
  mesh_5_1/U24/ZN (IND2D2BWP30P140)                                       0.01      0.02       0.38 r
  mesh_5_1/n763 (net)                                           7                   0.00       0.38 r
  mesh_5_1/U1319/ZN (OAI22D1BWP30P140)                                    0.01      0.01       0.39 f
  mesh_5_1/n679 (net)                                           1                   0.00       0.39 f
  mesh_5_1/U1320/ZN (NR2D1BWP30P140)                                      0.01      0.01       0.41 r
  mesh_5_1/n928 (net)                                           3                   0.00       0.41 r
  mesh_5_1/U179/ZN (NR2D1BWP30P140)                                       0.01      0.01       0.41 f
  mesh_5_1/n1000 (net)                                          2                   0.00       0.41 f
  mesh_5_1/U296/ZN (MUX2NUD1BWP30P140)                                    0.02      0.02       0.43 r
  mesh_5_1/n1158 (net)                                          2                   0.00       0.43 r
  mesh_5_1/U1682/ZN (INR3D0BWP30P140)                                     0.03      0.03       0.46 r
  mesh_5_1/n1168 (net)                                          1                   0.00       0.46 r
  mesh_5_1/U1690/S (FA1D0BWP30P140)                                       0.02      0.05       0.50 f
  mesh_5_1/n1475 (net)                                          3                   0.00       0.50 f
  mesh_5_1/U1759/ZN (ND2D1BWP30P140)                                      0.01      0.01       0.51 r
  mesh_5_1/n1853 (net)                                          3                   0.00       0.51 r
  mesh_5_1/U646/ZN (OAI21D1BWP30P140)                                     0.02      0.02       0.53 f
  mesh_5_1/n1811 (net)                                          3                   0.00       0.53 f
  mesh_5_1/U645/ZN (AOI21D2BWP30P140)                                     0.02      0.02       0.54 r
  mesh_5_1/n1761 (net)                                          7                   0.00       0.54 r
  mesh_5_1/U2146/ZN (OAI21D1BWP30P140)                                    0.01      0.01       0.55 f
  mesh_5_1/n1762 (net)                                          1                   0.00       0.55 f
  mesh_5_1/U126/ZN (AOI21D1BWP30P140)                                     0.01      0.01       0.57 r
  mesh_5_1/n1764 (net)                                          1                   0.00       0.57 r
  mesh_5_1/U2147/ZN (OAI21D1BWP30P140)                                    0.02      0.01       0.58 f
  mesh_5_1/n1769 (net)                                          1                   0.00       0.58 f
  mesh_5_1/U162/ZN (XNR2UD1BWP30P140)                                     0.03      0.02       0.60 f
  mesh_5_1/n3016 (net)                                          3                   0.00       0.60 f
  mesh_5_1/U3038/Z (XOR2OPTND2BWP30P140)                                  0.02      0.02       0.62 f
  mesh_5_1/n3140 (net)                                          2                   0.00       0.62 f
  mesh_5_1/expUnit/macOut_mac/ULSD/U1/UORT0_1_14/ZN (NR2D1BWP30P140)      0.02      0.01       0.63 r    mo 
  mesh_5_1/expUnit/macOut_mac/ULSD/U1/enc_tree[1][1][28] (net)     3                0.00       0.63 r
  mesh_5_1/expUnit/macOut_mac/ULSD/U1/UORT1_2_7/ZN (ND2D1BWP30P140)       0.01      0.01       0.64 f    mo 
  mesh_5_1/expUnit/macOut_mac/ULSD/U1/enc_tree[2][2][28] (net)     2                0.00       0.64 f
  mesh_5_1/expUnit/macOut_mac/ULSD/U1/UORT0_3_3/ZN (NR2D1BWP30P140)       0.02      0.02       0.66 r    mo 
  mesh_5_1/expUnit/macOut_mac/ULSD/U1/enc_tree[3][3][24] (net)     2                0.00       0.66 r
  mesh_5_1/U406/Z (OA21D4BWP30P140)                                       0.01      0.02       0.68 r
  mesh_5_1/n2393 (net)                                         16                   0.00       0.68 r
  mesh_5_1/U436/ZN (XNR2OPTND2BWP30P140)                                  0.02      0.01       0.70 r
  mesh_5_1/n1316 (net)                                          3                   0.00       0.70 r
  mesh_5_1/U386/ZN (INVD1BWP30P140)                                       0.01      0.01       0.70 f
  mesh_5_1/n1306 (net)                                          2                   0.00       0.70 f
  mesh_5_1/U1802/ZN (OAI21D1BWP30P140)                                    0.01      0.01       0.71 r
  mesh_5_1/n1300 (net)                                          1                   0.00       0.71 r
  mesh_5_1/U383/ZN (MUX2ND0BWP30P140)                                     0.02      0.01       0.72 f
  mesh_5_1/n1313 (net)                                          1                   0.00       0.72 f
  mesh_5_1/U486/ZN (ND2D1BWP30P140)                                       0.01      0.01       0.73 r
  mesh_5_1/n1349 (net)                                          2                   0.00       0.73 r
  mesh_5_1/U504/ZN (INVD0BWP30P140)                                       0.01      0.01       0.74 f
  mesh_5_1/n1351 (net)                                          1                   0.00       0.74 f
  mesh_5_1/U481/ZN (NR2D1BWP30P140)                                       0.03      0.02       0.76 r
  mesh_5_1/n2400 (net)                                          5                   0.00       0.76 r
  mesh_5_1/U502/ZN (INVD1BWP30P140)                                       0.02      0.02       0.77 f
  mesh_5_1/n2535 (net)                                          5                   0.00       0.77 f
  mesh_5_1/U2633/ZN (ND2D1BWP30P140)                                      0.01      0.01       0.78 r
  mesh_5_1/n2394 (net)                                          3                   0.00       0.78 r
  mesh_5_1/U234/ZN (OAI211OPTREPBD1BWP30P140)                             0.02      0.01       0.80 f
  mesh_5_1/n2397 (net)                                          1                   0.00       0.80 f
  mesh_5_1/U232/ZN (INVD1BWP30P140)                                       0.01      0.01       0.80 r
  mesh_5_1/n157 (net)                                           1                   0.00       0.80 r
  mesh_5_1/U534/ZN (NR2D1BWP30P140)                                       0.01      0.01       0.81 f
  mesh_5_1/n91 (net)                                            1                   0.00       0.81 f
  mesh_5_1/U533/ZN (NR3D1BWP30P140)                                       0.01      0.01       0.82 r
  mesh_5_1/n93 (net)                                            1                   0.00       0.82 r
  mesh_5_1/U414/ZN (OAI21D2BWP30P140)                                     0.02      0.01       0.83 f
  mesh_5_1/n2531 (net)                                          4                   0.00       0.83 f
  mesh_5_1/U639/ZN (IND2D2BWP30P140)                                      0.01      0.01       0.84 f
  mesh_5_1/n2425 (net)                                          2                   0.00       0.84 f
  mesh_5_1/U2642/ZN (XNR2UD1BWP30P140)                                    0.02      0.01       0.86 f
  mesh_5_1/n2401 (net)                                          1                   0.00       0.86 f
  mesh_5_1/U501/Z (AO21D4BWP30P140)                                       0.01      0.02       0.87 f
  mesh_5_1/n3034 (net)                                          5                   0.00       0.87 f
  mesh_5_1/U116/ZN (INR2D2BWP30P140)                                      0.01      0.01       0.88 r
  mesh_5_1/n2551 (net)                                          3                   0.00       0.88 r
  mesh_5_1/U41/ZN (OAI21OPTREPBD2BWP30P140)                               0.01      0.01       0.89 f
  mesh_5_1/n60 (net)                                            1                   0.00       0.89 f
  mesh_5_1/U438/ZN (AOI21D4BWP30P140)                                     0.02      0.01       0.91 r
  mesh_5_1/n2887 (net)                                          3                   0.00       0.91 r
  mesh_5_1/U463/ZN (OAI21D1BWP30P140)                                     0.02      0.01       0.92 f
  mesh_5_1/n73 (net)                                            1                   0.00       0.92 f
  mesh_5_1/U114/ZN (XNR2UD1BWP30P140)                                     0.03      0.01       0.93 f
  mesh_5_1/n72 (net)                                            1                   0.00       0.93 f
  mesh_5_1/U462/ZN (INR2D2BWP30P140)                                      0.02      0.02       0.95 r
  mesh_5_1/n3057 (net)                                          6                   0.00       0.95 r
  mesh_5_1/U3016/ZN (AOI22D1BWP30P140)                                    0.02      0.01       0.96 f
  mesh_5_1/n2973 (net)                                          1                   0.00       0.96 f
  mesh_5_1/U571/ZN (ND2OPTIBD2BWP30P140)                                  0.01      0.01       0.97 r
  mesh_5_1/n3110 (net)                                          3                   0.00       0.97 r
  mesh_5_1/U3/Z (CKMUX2D0BWP30P140)                                       0.01      0.02       0.99 r
  mesh_5_1/io_uOutput_bits[11] (net)                            1                   0.00       0.99 r
  mesh_5_1/io_uOutput_bits[11] (PE_298)                                             0.00       0.99 r
  _mesh_5_1_io_uOutput_bits[11] (net)                                               0.00       0.99 r
  dIn_81_bits_reg[11]/D (DFQD1BWP30P140)                                  0.01      0.00       0.99 r
  data arrival time                                                                            0.99

  clock ideal_clock1 (rise edge)                                                    1.00       1.00
  clock network delay (ideal)                                                       0.00       1.00
  dIn_81_bits_reg[11]/CP (DFQD1BWP30P140)                                           0.00       1.00 r
  library setup time                                                               -0.01       0.99
  data required time                                                                           0.99
  -------------------------------------------------------------------------------------------------------------------------
  data required time                                                                           0.99
  data arrival time                                                                           -0.99
  -------------------------------------------------------------------------------------------------------------------------
  slack (MET)                                                                                  0.00


1
