 
****************************************
Report : area
Design : SystolicArray
Version: V-2023.12
Date   : Tue Apr  7 12:42:30 2026
****************************************

Library(s) Used:

    tcbn28hpcplusbwp30p140ffg0p99v0c_ccs (File: /hpc/Tech/TSMC/digital/N28/digital/Front_End/timing_power_noise/CCS/tcbn28hpcplusbwp30p140_180a/tcbn28hpcplusbwp30p140ffg0p99v0c_ccs.db)

Number of ports:                        41946
Number of nets:                        973966
Number of cells:                       916431
Number of combinational cells:         890783
Number of sequential cells:             24864
Number of macros/black boxes:               0
Number of buf/inv:                     175509
Number of references:                     786

Combinational area:             486318.420094
Buf/Inv area:                    46080.720641
Noncombinational area:           47310.605563
Macro/Black Box area:                0.000000
Net Interconnect area:      undefined  (Wire load has zero net area)

Total cell area:                533629.025657
Total area:                 undefined

Hierarchical area distribution
------------------------------

                                  Global cell area              Local cell area
                                  --------------------  ------------------------------- 
Hierarchical cell                 Absolute     Percent  Combi-       Noncombi-   Black-
                                  Total        Total    national     national    boxes   Design
--------------------------------  -----------  -------  -----------  ----------  ------  ---------
SystolicArray                     533629.0257    100.0       4.4100      0.0000  0.0000  SystolicArray
pes_0                                666.7920      0.1     606.3120     60.4800  0.0000  PE_783
pes_0_1                              657.2160      0.1     596.3580     60.8580  0.0000  PE_755
pes_0_10                             660.9960      0.1     600.1380     60.8580  0.0000  PE_503
pes_0_11                             660.9960      0.1     599.7600     61.2360  0.0000  PE_475
pes_0_12                             663.2640      0.1     602.4060     60.8580  0.0000  PE_447
pes_0_13                             656.0820      0.1     594.2160     61.8660  0.0000  PE_419
pes_0_14                             657.9720      0.1     597.1140     60.8580  0.0000  PE_391
pes_0_15                             663.7680      0.1     603.2880     60.4800  0.0000  PE_363
pes_0_16                             662.1300      0.1     600.5160     61.6140  0.0000  PE_335
pes_0_17                             662.8860      0.1     602.0280     60.8580  0.0000  PE_307
pes_0_18                             661.3740      0.1     600.8940     60.4800  0.0000  PE_279
pes_0_19                             660.9960      0.1     600.1380     60.8580  0.0000  PE_251
pes_0_2                              662.0040      0.1     600.7680     61.2360  0.0000  PE_727
pes_0_20                             665.2800      0.1     604.0440     61.2360  0.0000  PE_223
pes_0_21                             660.2400      0.1     598.6260     61.6140  0.0000  PE_195
pes_0_22                             657.5940      0.1     596.3580     61.2360  0.0000  PE_167
pes_0_23                             662.8860      0.1     602.0280     60.8580  0.0000  PE_139
pes_0_24                             661.1220      0.1     599.8860     61.2360  0.0000  PE_111
pes_0_25                             661.2480      0.1     598.8780     62.3700  0.0000  PE_83
pes_0_26                             658.7280      0.1     597.4920     61.2360  0.0000  PE_55
pes_0_27                             659.6100      0.1     598.3740     61.2360  0.0000  PE_27
pes_0_3                              663.2640      0.1     601.6500     61.6140  0.0000  PE_699
pes_0_4                              660.9960      0.1     600.1380     60.8580  0.0000  PE_671
pes_0_5                              658.7280      0.1     596.7360     61.9920  0.0000  PE_643
pes_0_6                              661.2480      0.1     600.0120     61.2360  0.0000  PE_615
pes_0_7                              659.1060      0.1     598.2480     60.8580  0.0000  PE_587
pes_0_8                              656.7120      0.1     595.8540     60.8580  0.0000  PE_559
pes_0_9                              660.6180      0.1     599.3820     61.2360  0.0000  PE_531
pes_1                                678.6360      0.1     618.1560     60.4800  0.0000  PE_782
pes_10                               684.6840      0.1     623.4480     61.2360  0.0000  PE_773
pes_10_1                             686.9520      0.1     626.4720     60.4800  0.0000  PE_745
pes_10_10                            686.9520      0.1     626.4720     60.4800  0.0000  PE_493
pes_10_11                            689.9760      0.1     629.1180     60.8580  0.0000  PE_465
pes_10_12                            681.4080      0.1     620.5500     60.8580  0.0000  PE_437
pes_10_13                            680.1480      0.1     619.6680     60.4800  0.0000  PE_409
pes_10_14                            689.8500      0.1     628.9920     60.8580  0.0000  PE_381
pes_10_15                            684.4320      0.1     623.9520     60.4800  0.0000  PE_353
pes_10_16                            686.1960      0.1     624.9600     61.2360  0.0000  PE_325
pes_10_17                            683.8020      0.1     622.9440     60.8580  0.0000  PE_297
pes_10_18                            685.9440      0.1     625.4640     60.4800  0.0000  PE_269
pes_10_19                            680.9040      0.1     619.6680     61.2360  0.0000  PE_241
pes_10_2                             681.7860      0.1     621.3060     60.4800  0.0000  PE_717
pes_10_20                            677.8800      0.1     616.6440     61.2360  0.0000  PE_213
pes_10_21                            677.3760      0.1     616.1400     61.2360  0.0000  PE_185
pes_10_22                            684.1800      0.1     623.7000     60.4800  0.0000  PE_157
pes_10_23                            678.1320      0.1     617.2740     60.8580  0.0000  PE_129
pes_10_24                            676.3680      0.1     615.1320     61.2360  0.0000  PE_101
pes_10_25                            673.7220      0.1     613.2420     60.4800  0.0000  PE_73
pes_10_26                            679.2660      0.1     618.0300     61.2360  0.0000  PE_45
pes_10_27                            681.5340      0.1     620.6760     60.8580  0.0000  PE_17
pes_10_3                             682.2900      0.1     621.8100     60.4800  0.0000  PE_689
pes_10_4                             679.5180      0.1     618.6600     60.8580  0.0000  PE_661
pes_10_5                             690.7320      0.1     630.2520     60.4800  0.0000  PE_633
pes_10_6                             683.6760      0.1     622.8180     60.8580  0.0000  PE_605
pes_10_7                             686.5740      0.1     625.7160     60.8580  0.0000  PE_577
pes_10_8                             683.9280      0.1     622.6920     61.2360  0.0000  PE_549
pes_10_9                             682.9200      0.1     622.0620     60.8580  0.0000  PE_521
pes_11                               685.1880      0.1     623.9520     61.2360  0.0000  PE_772
pes_11_1                             684.6840      0.1     624.2040     60.4800  0.0000  PE_744
pes_11_10                            677.8800      0.1     617.4000     60.4800  0.0000  PE_492
pes_11_11                            688.0860      0.1     627.6060     60.4800  0.0000  PE_464
pes_11_12                            681.7860      0.1     620.9280     60.8580  0.0000  PE_436
pes_11_13                            683.4240      0.1     622.5660     60.8580  0.0000  PE_408
pes_11_14                            686.3220      0.1     625.4640     60.8580  0.0000  PE_380
pes_11_15                            684.1800      0.1     623.3220     60.8580  0.0000  PE_352
pes_11_16                            689.9760      0.1     628.7400     61.2360  0.0000  PE_324
pes_11_17                            678.8880      0.1     618.4080     60.4800  0.0000  PE_296
pes_11_18                            682.5420      0.1     620.9280     61.6140  0.0000  PE_268
pes_11_19                            685.6920      0.1     624.4560     61.2360  0.0000  PE_240
pes_11_2                             682.4160      0.1     621.1800     61.2360  0.0000  PE_716
pes_11_20                            681.9120      0.1     621.4320     60.4800  0.0000  PE_212
pes_11_21                            684.8100      0.1     623.5740     61.2360  0.0000  PE_184
pes_11_22                            683.5500      0.1     623.0700     60.4800  0.0000  PE_156
pes_11_23                            678.8880      0.1     617.6520     61.2360  0.0000  PE_128
pes_11_24                            680.1480      0.1     618.9120     61.2360  0.0000  PE_100
pes_11_25                            681.1560      0.1     620.2980     60.8580  0.0000  PE_72
pes_11_26                            679.8960      0.1     618.6600     61.2360  0.0000  PE_44
pes_11_27                            678.5100      0.1     617.6520     60.8580  0.0000  PE_16
pes_11_3                             687.8340      0.1     627.3540     60.4800  0.0000  PE_688
pes_11_4                             683.1720      0.1     622.3140     60.8580  0.0000  PE_660
pes_11_5                             681.7860      0.1     620.5500     61.2360  0.0000  PE_632
pes_11_6                             689.4720      0.1     628.2360     61.2360  0.0000  PE_604
pes_11_7                             682.2900      0.1     621.0540     61.2360  0.0000  PE_576
pes_11_8                             677.1240      0.1     616.6440     60.4800  0.0000  PE_548
pes_11_9                             688.2120      0.1     626.9760     61.2360  0.0000  PE_520
pes_12                               676.1160      0.1     615.6360     60.4800  0.0000  PE_771
pes_12_1                             682.5420      0.1     621.3060     61.2360  0.0000  PE_743
pes_12_10                            685.8180      0.1     624.2040     61.6140  0.0000  PE_491
pes_12_11                            684.6840      0.1     623.0700     61.6140  0.0000  PE_463
pes_12_12                            684.0540      0.1     623.5740     60.4800  0.0000  PE_435
pes_12_13                            680.9040      0.1     620.0460     60.8580  0.0000  PE_407
pes_12_14                            684.0540      0.1     623.1960     60.8580  0.0000  PE_379
pes_12_15                            686.3220      0.1     625.0860     61.2360  0.0000  PE_351
pes_12_16                            687.5820      0.1     627.1020     60.4800  0.0000  PE_323
pes_12_17                            678.6360      0.1     618.1560     60.4800  0.0000  PE_295
pes_12_18                            676.8720      0.1     616.3920     60.4800  0.0000  PE_267
pes_12_19                            683.1720      0.1     622.6920     60.4800  0.0000  PE_239
pes_12_2                             680.1480      0.1     618.9120     61.2360  0.0000  PE_715
pes_12_20                            683.4240      0.1     622.5660     60.8580  0.0000  PE_211
pes_12_21                            681.5340      0.1     621.0540     60.4800  0.0000  PE_183
pes_12_22                            678.2580      0.1     617.0220     61.2360  0.0000  PE_155
pes_12_23                            679.8960      0.1     619.4160     60.4800  0.0000  PE_127
pes_12_24                            684.5580      0.1     623.3220     61.2360  0.0000  PE_99
pes_12_25                            683.6760      0.1     622.4400     61.2360  0.0000  PE_71
pes_12_26                            679.3920      0.1     618.9120     60.4800  0.0000  PE_43
pes_12_27                            682.0380      0.1     620.8020     61.2360  0.0000  PE_15
pes_12_3                             686.3220      0.1     625.4640     60.8580  0.0000  PE_687
pes_12_4                             678.3840      0.1     617.1480     61.2360  0.0000  PE_659
pes_12_5                             682.0380      0.1     621.5580     60.4800  0.0000  PE_631
pes_12_6                             683.2980      0.1     622.8180     60.4800  0.0000  PE_603
pes_12_7                             682.2900      0.1     621.4320     60.8580  0.0000  PE_575
pes_12_8                             680.0220      0.1     619.1640     60.8580  0.0000  PE_547
pes_12_9                             686.3220      0.1     625.4640     60.8580  0.0000  PE_519
pes_13                               682.0380      0.1     621.1800     60.8580  0.0000  PE_770
pes_13_1                             684.4320      0.1     623.5740     60.8580  0.0000  PE_742
pes_13_10                            681.4080      0.1     620.1720     61.2360  0.0000  PE_490
pes_13_11                            688.5900      0.1     627.7320     60.8580  0.0000  PE_462
pes_13_12                            686.3220      0.1     624.7080     61.6140  0.0000  PE_434
pes_13_13                            693.3780      0.1     632.8980     60.4800  0.0000  PE_406
pes_13_14                            684.3060      0.1     623.0700     61.2360  0.0000  PE_378
pes_13_15                            677.2500      0.1     616.7700     60.4800  0.0000  PE_350
pes_13_16                            680.4000      0.1     619.5420     60.8580  0.0000  PE_322
pes_13_17                            684.1800      0.1     622.5660     61.6140  0.0000  PE_294
pes_13_18                            685.9440      0.1     625.4640     60.4800  0.0000  PE_266
pes_13_19                            675.4860      0.1     615.0060     60.4800  0.0000  PE_238
pes_13_2                             688.8420      0.1     628.3620     60.4800  0.0000  PE_714
pes_13_20                            683.6760      0.1     622.8180     60.8580  0.0000  PE_210
pes_13_21                            689.3460      0.1     627.7320     61.6140  0.0000  PE_182
pes_13_22                            679.5180      0.1     618.2820     61.2360  0.0000  PE_154
pes_13_23                            684.6840      0.1     623.4480     61.2360  0.0000  PE_126
pes_13_24                            675.3600      0.1     614.8800     60.4800  0.0000  PE_98
pes_13_25                            678.0060      0.1     616.7700     61.2360  0.0000  PE_70
pes_13_26                            681.0300      0.1     619.7940     61.2360  0.0000  PE_42
pes_13_27                            686.5740      0.1     625.3380     61.2360  0.0000  PE_14
pes_13_3                             683.1720      0.1     622.3140     60.8580  0.0000  PE_686
pes_13_4                             677.5020      0.1     616.6440     60.8580  0.0000  PE_658
pes_13_5                             684.3060      0.1     623.8260     60.4800  0.0000  PE_630
pes_13_6                             686.1960      0.1     625.3380     60.8580  0.0000  PE_602
pes_13_7                             688.3380      0.1     627.4800     60.8580  0.0000  PE_574
pes_13_8                             683.2980      0.1     622.8180     60.4800  0.0000  PE_546
pes_13_9                             679.3920      0.1     618.5340     60.8580  0.0000  PE_518
pes_14                               681.2820      0.1     620.8020     60.4800  0.0000  PE_769
pes_14_1                             687.5820      0.1     626.7240     60.8580  0.0000  PE_741
pes_14_10                            682.6680      0.1     622.1880     60.4800  0.0000  PE_489
pes_14_11                            685.1880      0.1     623.9520     61.2360  0.0000  PE_461
pes_14_12                            677.2500      0.1     616.7700     60.4800  0.0000  PE_433
pes_14_13                            684.1800      0.1     623.7000     60.4800  0.0000  PE_405
pes_14_14                            687.8340      0.1     626.5980     61.2360  0.0000  PE_377
pes_14_15                            690.7320      0.1     630.2520     60.4800  0.0000  PE_349
pes_14_16                            689.3460      0.1     628.1100     61.2360  0.0000  PE_321
pes_14_17                            688.2120      0.1     627.3540     60.8580  0.0000  PE_293
pes_14_18                            680.5260      0.1     619.6680     60.8580  0.0000  PE_265
pes_14_19                            685.8180      0.1     625.3380     60.4800  0.0000  PE_237
pes_14_2                             683.6760      0.1     623.1960     60.4800  0.0000  PE_713
pes_14_20                            681.5340      0.1     621.0540     60.4800  0.0000  PE_209
pes_14_21                            685.9440      0.1     625.0860     60.8580  0.0000  PE_181
pes_14_22                            684.1800      0.1     623.7000     60.4800  0.0000  PE_153
pes_14_23                            683.4240      0.1     622.1880     61.2360  0.0000  PE_125
pes_14_24                            684.1800      0.1     622.9440     61.2360  0.0000  PE_97
pes_14_25                            683.2980      0.1     622.0620     61.2360  0.0000  PE_69
pes_14_26                            691.8660      0.1     631.3860     60.4800  0.0000  PE_41
pes_14_27                            679.3920      0.1     618.1560     61.2360  0.0000  PE_13
pes_14_3                             686.3220      0.1     625.4640     60.8580  0.0000  PE_685
pes_14_4                             689.4720      0.1     628.9920     60.4800  0.0000  PE_657
pes_14_5                             687.3300      0.1     626.8500     60.4800  0.0000  PE_629
pes_14_6                             677.5020      0.1     617.0220     60.4800  0.0000  PE_601
pes_14_7                             682.7940      0.1     622.3140     60.4800  0.0000  PE_573
pes_14_8                             685.9440      0.1     624.7080     61.2360  0.0000  PE_545
pes_14_9                             686.4480      0.1     625.5900     60.8580  0.0000  PE_517
pes_15                               681.1560      0.1     620.2980     60.8580  0.0000  PE_768
pes_15_1                             684.0540      0.1     623.1960     60.8580  0.0000  PE_740
pes_15_10                            682.5420      0.1     621.3060     61.2360  0.0000  PE_488
pes_15_11                            683.1720      0.1     621.9360     61.2360  0.0000  PE_460
pes_15_12                            685.1880      0.1     624.3300     60.8580  0.0000  PE_432
pes_15_13                            681.0300      0.1     620.1720     60.8580  0.0000  PE_404
pes_15_14                            684.8100      0.1     624.3300     60.4800  0.0000  PE_376
pes_15_15                            681.6600      0.1     621.1800     60.4800  0.0000  PE_348
pes_15_16                            688.5900      0.1     628.1100     60.4800  0.0000  PE_320
pes_15_17                            685.8180      0.1     625.3380     60.4800  0.0000  PE_292
pes_15_18                            687.2040      0.1     626.3460     60.8580  0.0000  PE_264
pes_15_19                            684.8100      0.1     624.3300     60.4800  0.0000  PE_236
pes_15_2                             688.5900      0.1     628.1100     60.4800  0.0000  PE_712
pes_15_20                            690.6060      0.1     630.1260     60.4800  0.0000  PE_208
pes_15_21                            686.4480      0.1     625.5900     60.8580  0.0000  PE_180
pes_15_22                            683.6760      0.1     622.8180     60.8580  0.0000  PE_152
pes_15_23                            682.1640      0.1     621.3060     60.8580  0.0000  PE_124
pes_15_24                            682.6680      0.1     621.8100     60.8580  0.0000  PE_96
pes_15_25                            683.9280      0.1     623.4480     60.4800  0.0000  PE_68
pes_15_26                            679.1400      0.1     618.6600     60.4800  0.0000  PE_40
pes_15_27                            679.0140      0.1     618.5340     60.4800  0.0000  PE_12
pes_15_3                             685.5660      0.1     624.7080     60.8580  0.0000  PE_684
pes_15_4                             685.9440      0.1     625.0860     60.8580  0.0000  PE_656
pes_15_5                             688.7160      0.1     627.8580     60.8580  0.0000  PE_628
pes_15_6                             683.5500      0.1     623.0700     60.4800  0.0000  PE_600
pes_15_7                             679.0140      0.1     618.1560     60.8580  0.0000  PE_572
pes_15_8                             681.4080      0.1     620.5500     60.8580  0.0000  PE_544
pes_15_9                             683.1720      0.1     622.6920     60.4800  0.0000  PE_516
pes_16                               682.7940      0.1     621.9360     60.8580  0.0000  PE_767
pes_16_1                             679.6440      0.1     618.4080     61.2360  0.0000  PE_739
pes_16_10                            684.1800      0.1     623.3220     60.8580  0.0000  PE_487
pes_16_11                            680.5260      0.1     620.0460     60.4800  0.0000  PE_459
pes_16_12                            691.9920      0.1     630.7560     61.2360  0.0000  PE_431
pes_16_13                            686.0700      0.1     625.2120     60.8580  0.0000  PE_403
pes_16_14                            685.9440      0.1     625.0860     60.8580  0.0000  PE_375
pes_16_15                            687.8340      0.1     626.5980     61.2360  0.0000  PE_347
pes_16_16                            677.3760      0.1     616.5180     60.8580  0.0000  PE_319
pes_16_17                            680.1480      0.1     619.6680     60.4800  0.0000  PE_291
pes_16_18                            685.9440      0.1     625.4640     60.4800  0.0000  PE_263
pes_16_19                            684.8100      0.1     623.9520     60.8580  0.0000  PE_235
pes_16_2                             684.0540      0.1     623.1960     60.8580  0.0000  PE_711
pes_16_20                            686.3220      0.1     625.8420     60.4800  0.0000  PE_207
pes_16_21                            678.1320      0.1     617.2740     60.8580  0.0000  PE_179
pes_16_22                            678.0060      0.1     616.7700     61.2360  0.0000  PE_151
pes_16_23                            685.0620      0.1     624.5820     60.4800  0.0000  PE_123
pes_16_24                            678.2580      0.1     617.7780     60.4800  0.0000  PE_95
pes_16_25                            684.1800      0.1     623.3220     60.8580  0.0000  PE_67
pes_16_26                            679.0140      0.1     618.1560     60.8580  0.0000  PE_39
pes_16_27                            678.8880      0.1     618.0300     60.8580  0.0000  PE_11
pes_16_3                             681.7860      0.1     620.5500     61.2360  0.0000  PE_683
pes_16_4                             682.2900      0.1     621.4320     60.8580  0.0000  PE_655
pes_16_5                             680.2740      0.1     619.4160     60.8580  0.0000  PE_627
pes_16_6                             685.6920      0.1     624.4560     61.2360  0.0000  PE_599
pes_16_7                             690.2280      0.1     629.7480     60.4800  0.0000  PE_571
pes_16_8                             690.3540      0.1     629.4960     60.8580  0.0000  PE_543
pes_16_9                             687.2040      0.1     626.7240     60.4800  0.0000  PE_515
pes_17                               683.9280      0.1     622.6920     61.2360  0.0000  PE_766
pes_17_1                             680.2740      0.1     619.4160     60.8580  0.0000  PE_738
pes_17_10                            679.0140      0.1     617.4000     61.6140  0.0000  PE_486
pes_17_11                            686.0700      0.1     625.2120     60.8580  0.0000  PE_458
pes_17_12                            684.3060      0.1     623.0700     61.2360  0.0000  PE_430
pes_17_13                            689.3460      0.1     628.4880     60.8580  0.0000  PE_402
pes_17_14                            680.2740      0.1     619.7940     60.4800  0.0000  PE_374
pes_17_15                            687.2040      0.1     626.3460     60.8580  0.0000  PE_346
pes_17_16                            685.1880      0.1     624.3300     60.8580  0.0000  PE_318
pes_17_17                            677.8800      0.1     617.0220     60.8580  0.0000  PE_290
pes_17_18                            684.3060      0.1     623.4480     60.8580  0.0000  PE_262
pes_17_19                            676.7460      0.1     615.8880     60.8580  0.0000  PE_234
pes_17_2                             683.6760      0.1     622.4400     61.2360  0.0000  PE_710
pes_17_20                            687.0780      0.1     626.2200     60.8580  0.0000  PE_206
pes_17_21                            687.0780      0.1     626.2200     60.8580  0.0000  PE_178
pes_17_22                            678.8880      0.1     617.6520     61.2360  0.0000  PE_150
pes_17_23                            682.9200      0.1     622.4400     60.4800  0.0000  PE_122
pes_17_24                            684.4320      0.1     623.1960     61.2360  0.0000  PE_94
pes_17_25                            679.3920      0.1     618.9120     60.4800  0.0000  PE_66
pes_17_26                            679.0140      0.1     618.5340     60.4800  0.0000  PE_38
pes_17_27                            684.5580      0.1     623.7000     60.8580  0.0000  PE_10
pes_17_3                             680.2740      0.1     619.4160     60.8580  0.0000  PE_682
pes_17_4                             677.7540      0.1     616.8960     60.8580  0.0000  PE_654
pes_17_5                             685.3140      0.1     624.8340     60.4800  0.0000  PE_626
pes_17_6                             685.5660      0.1     624.7080     60.8580  0.0000  PE_598
pes_17_7                             695.2680      0.1     633.6540     61.6140  0.0000  PE_570
pes_17_8                             681.6600      0.1     621.1800     60.4800  0.0000  PE_542
pes_17_9                             679.6440      0.1     619.1640     60.4800  0.0000  PE_514
pes_18                               682.7940      0.1     621.1800     61.6140  0.0000  PE_765
pes_18_1                             684.1800      0.1     623.7000     60.4800  0.0000  PE_737
pes_18_10                            677.6280      0.1     616.7700     60.8580  0.0000  PE_485
pes_18_11                            680.2740      0.1     619.7940     60.4800  0.0000  PE_457
pes_18_12                            679.0140      0.1     618.5340     60.4800  0.0000  PE_429
pes_18_13                            688.3380      0.1     627.4800     60.8580  0.0000  PE_401
pes_18_14                            686.8260      0.1     625.9680     60.8580  0.0000  PE_373
pes_18_15                            685.1880      0.1     624.7080     60.4800  0.0000  PE_345
pes_18_16                            680.7780      0.1     620.2980     60.4800  0.0000  PE_317
pes_18_17                            685.3140      0.1     624.8340     60.4800  0.0000  PE_289
pes_18_18                            682.0380      0.1     621.5580     60.4800  0.0000  PE_261
pes_18_19                            682.6680      0.1     622.1880     60.4800  0.0000  PE_233
pes_18_2                             681.2820      0.1     620.4240     60.8580  0.0000  PE_709
pes_18_20                            679.3920      0.1     618.9120     60.4800  0.0000  PE_205
pes_18_21                            682.7940      0.1     621.5580     61.2360  0.0000  PE_177
pes_18_22                            681.5340      0.1     620.2980     61.2360  0.0000  PE_149
pes_18_23                            682.6680      0.1     621.4320     61.2360  0.0000  PE_121
pes_18_24                            678.1320      0.1     617.6520     60.4800  0.0000  PE_93
pes_18_25                            680.9040      0.1     620.0460     60.8580  0.0000  PE_65
pes_18_26                            681.1560      0.1     620.2980     60.8580  0.0000  PE_37
pes_18_27                            682.0380      0.1     621.5580     60.4800  0.0000  PE_9
pes_18_3                             683.5500      0.1     623.0700     60.4800  0.0000  PE_681
pes_18_4                             686.9520      0.1     625.7160     61.2360  0.0000  PE_653
pes_18_5                             682.7940      0.1     621.9360     60.8580  0.0000  PE_625
pes_18_6                             680.9040      0.1     619.6680     61.2360  0.0000  PE_597
pes_18_7                             681.4080      0.1     620.1720     61.2360  0.0000  PE_569
pes_18_8                             689.0940      0.1     628.6140     60.4800  0.0000  PE_541
pes_18_9                             685.9440      0.1     625.0860     60.8580  0.0000  PE_513
pes_19                               688.7160      0.1     628.2360     60.4800  0.0000  PE_764
pes_19_1                             686.5740      0.1     625.7160     60.8580  0.0000  PE_736
pes_19_10                            683.4240      0.1     622.5660     60.8580  0.0000  PE_484
pes_19_11                            680.1480      0.1     618.9120     61.2360  0.0000  PE_456
pes_19_12                            684.3060      0.1     623.0700     61.2360  0.0000  PE_428
pes_19_13                            681.0300      0.1     619.7940     61.2360  0.0000  PE_400
pes_19_14                            686.8260      0.1     625.9680     60.8580  0.0000  PE_372
pes_19_15                            682.0380      0.1     620.8020     61.2360  0.0000  PE_344
pes_19_16                            688.7160      0.1     627.8580     60.8580  0.0000  PE_316
pes_19_17                            682.9200      0.1     622.4400     60.4800  0.0000  PE_288
pes_19_18                            682.0380      0.1     620.8020     61.2360  0.0000  PE_260
pes_19_19                            683.8020      0.1     622.9440     60.8580  0.0000  PE_232
pes_19_2                             682.0380      0.1     621.1800     60.8580  0.0000  PE_708
pes_19_20                            683.9280      0.1     623.4480     60.4800  0.0000  PE_204
pes_19_21                            686.1960      0.1     624.9600     61.2360  0.0000  PE_176
pes_19_22                            680.0220      0.1     618.7860     61.2360  0.0000  PE_148
pes_19_23                            679.7700      0.1     619.2900     60.4800  0.0000  PE_120
pes_19_24                            685.5660      0.1     624.3300     61.2360  0.0000  PE_92
pes_19_25                            682.9200      0.1     622.0620     60.8580  0.0000  PE_64
pes_19_26                            682.9200      0.1     622.0620     60.8580  0.0000  PE_36
pes_19_27                            685.1880      0.1     624.7080     60.4800  0.0000  PE_8
pes_19_3                             685.4400      0.1     624.5820     60.8580  0.0000  PE_680
pes_19_4                             686.7000      0.1     625.8420     60.8580  0.0000  PE_652
pes_19_5                             694.6380      0.1     633.7800     60.8580  0.0000  PE_624
pes_19_6                             679.8960      0.1     619.0380     60.8580  0.0000  PE_596
pes_19_7                             679.2660      0.1     618.7860     60.4800  0.0000  PE_568
pes_19_8                             680.7780      0.1     619.9200     60.8580  0.0000  PE_540
pes_19_9                             684.1800      0.1     622.9440     61.2360  0.0000  PE_512
pes_1_1                              681.1560      0.1     620.6760     60.4800  0.0000  PE_754
pes_1_10                             678.3840      0.1     617.9040     60.4800  0.0000  PE_502
pes_1_11                             680.4000      0.1     619.1640     61.2360  0.0000  PE_474
pes_1_12                             680.0220      0.1     618.7860     61.2360  0.0000  PE_446
pes_1_13                             680.4000      0.1     619.5420     60.8580  0.0000  PE_418
pes_1_14                             683.0460      0.1     621.4320     61.6140  0.0000  PE_390
pes_1_15                             686.4480      0.1     625.5900     60.8580  0.0000  PE_362
pes_1_16                             684.0540      0.1     623.1960     60.8580  0.0000  PE_334
pes_1_17                             678.6360      0.1     618.1560     60.4800  0.0000  PE_306
pes_1_18                             677.3760      0.1     616.8960     60.4800  0.0000  PE_278
pes_1_19                             686.0700      0.1     625.2120     60.8580  0.0000  PE_250
pes_1_2                              680.0220      0.1     619.1640     60.8580  0.0000  PE_726
pes_1_20                             681.0300      0.1     620.1720     60.8580  0.0000  PE_222
pes_1_21                             676.6200      0.1     615.3840     61.2360  0.0000  PE_194
pes_1_22                             679.0140      0.1     617.7780     61.2360  0.0000  PE_166
pes_1_23                             680.9040      0.1     620.4240     60.4800  0.0000  PE_138
pes_1_24                             676.1160      0.1     615.6360     60.4800  0.0000  PE_110
pes_1_25                             676.6200      0.1     616.1400     60.4800  0.0000  PE_82
pes_1_26                             679.7700      0.1     619.2900     60.4800  0.0000  PE_54
pes_1_27                             678.6360      0.1     618.1560     60.4800  0.0000  PE_26
pes_1_3                              682.2900      0.1     621.0540     61.2360  0.0000  PE_698
pes_1_4                              682.2900      0.1     621.0540     61.2360  0.0000  PE_670
pes_1_5                              681.0300      0.1     619.4160     61.6140  0.0000  PE_642
pes_1_6                              685.0620      0.1     624.2040     60.8580  0.0000  PE_614
pes_1_7                              679.5180      0.1     618.6600     60.8580  0.0000  PE_586
pes_1_8                              680.9040      0.1     619.6680     61.2360  0.0000  PE_558
pes_1_9                              675.3600      0.1     614.1240     61.2360  0.0000  PE_530
pes_2                                682.4160      0.1     621.1800     61.2360  0.0000  PE_781
pes_20                               682.0380      0.1     621.1800     60.8580  0.0000  PE_763
pes_20_1                             684.5580      0.1     623.7000     60.8580  0.0000  PE_735
pes_20_10                            679.2660      0.1     618.0300     61.2360  0.0000  PE_483
pes_20_11                            683.4240      0.1     622.1880     61.2360  0.0000  PE_455
pes_20_12                            684.0540      0.1     623.1960     60.8580  0.0000  PE_427
pes_20_13                            684.8100      0.1     623.9520     60.8580  0.0000  PE_399
pes_20_14                            680.4000      0.1     619.5420     60.8580  0.0000  PE_371
pes_20_15                            682.0380      0.1     620.8020     61.2360  0.0000  PE_343
pes_20_16                            690.8580      0.1     630.0000     60.8580  0.0000  PE_315
pes_20_17                            686.3220      0.1     625.4640     60.8580  0.0000  PE_287
pes_20_18                            690.6060      0.1     629.3700     61.2360  0.0000  PE_259
pes_20_19                            687.7080      0.1     626.8500     60.8580  0.0000  PE_231
pes_20_2                             680.5260      0.1     619.6680     60.8580  0.0000  PE_707
pes_20_20                            685.1880      0.1     624.3300     60.8580  0.0000  PE_203
pes_20_21                            680.1480      0.1     619.2900     60.8580  0.0000  PE_175
pes_20_22                            678.1320      0.1     617.2740     60.8580  0.0000  PE_147
pes_20_23                            684.9360      0.1     624.0780     60.8580  0.0000  PE_119
pes_20_24                            680.6520      0.1     619.4160     61.2360  0.0000  PE_91
pes_20_25                            677.2500      0.1     615.3840     61.8660  0.0000  PE_63
pes_20_26                            678.5100      0.1     617.2740     61.2360  0.0000  PE_35
pes_20_27                            680.1480      0.1     618.9120     61.2360  0.0000  PE_7
pes_20_3                             680.5260      0.1     619.6680     60.8580  0.0000  PE_679
pes_20_4                             679.6440      0.1     618.7860     60.8580  0.0000  PE_651
pes_20_5                             678.0060      0.1     617.5260     60.4800  0.0000  PE_623
pes_20_6                             682.6680      0.1     621.4320     61.2360  0.0000  PE_595
pes_20_7                             687.4560      0.1     626.9760     60.4800  0.0000  PE_567
pes_20_8                             680.7780      0.1     619.9200     60.8580  0.0000  PE_539
pes_20_9                             683.9280      0.1     623.0700     60.8580  0.0000  PE_511
pes_21                               682.6680      0.1     621.4320     61.2360  0.0000  PE_762
pes_21_1                             682.1640      0.1     621.6840     60.4800  0.0000  PE_734
pes_21_10                            686.3220      0.1     625.8420     60.4800  0.0000  PE_482
pes_21_11                            682.7940      0.1     621.9360     60.8580  0.0000  PE_454
pes_21_12                            685.0620      0.1     624.5820     60.4800  0.0000  PE_426
pes_21_13                            685.5660      0.1     625.0860     60.4800  0.0000  PE_398
pes_21_14                            686.5740      0.1     625.3380     61.2360  0.0000  PE_370
pes_21_15                            678.8880      0.1     618.4080     60.4800  0.0000  PE_342
pes_21_16                            686.0700      0.1     625.5900     60.4800  0.0000  PE_314
pes_21_17                            678.5100      0.1     617.6520     60.8580  0.0000  PE_286
pes_21_18                            682.0380      0.1     621.5580     60.4800  0.0000  PE_258
pes_21_19                            679.7700      0.1     618.5340     61.2360  0.0000  PE_230
pes_21_2                             681.9120      0.1     621.4320     60.4800  0.0000  PE_706
pes_21_20                            683.9280      0.1     623.4480     60.4800  0.0000  PE_202
pes_21_21                            680.6520      0.1     619.4160     61.2360  0.0000  PE_174
pes_21_22                            683.9280      0.1     623.0700     60.8580  0.0000  PE_146
pes_21_23                            680.1480      0.1     618.9120     61.2360  0.0000  PE_118
pes_21_24                            672.9660      0.1     612.1080     60.8580  0.0000  PE_90
pes_21_25                            680.5260      0.1     619.6680     60.8580  0.0000  PE_62
pes_21_26                            684.0540      0.1     622.0620     61.9920  0.0000  PE_34
pes_21_27                            676.2420      0.1     615.7620     60.4800  0.0000  PE_6
pes_21_3                             684.5580      0.1     623.7000     60.8580  0.0000  PE_678
pes_21_4                             685.0620      0.1     623.8260     61.2360  0.0000  PE_650
pes_21_5                             683.8020      0.1     622.1880     61.6140  0.0000  PE_622
pes_21_6                             683.5500      0.1     622.6920     60.8580  0.0000  PE_594
pes_21_7                             681.7860      0.1     621.3060     60.4800  0.0000  PE_566
pes_21_8                             682.0380      0.1     621.1800     60.8580  0.0000  PE_538
pes_21_9                             684.8100      0.1     624.3300     60.4800  0.0000  PE_510
pes_22                               676.4940      0.1     616.0140     60.4800  0.0000  PE_761
pes_22_1                             684.6840      0.1     623.8260     60.8580  0.0000  PE_733
pes_22_10                            682.0380      0.1     621.1800     60.8580  0.0000  PE_481
pes_22_11                            682.0380      0.1     621.5580     60.4800  0.0000  PE_453
pes_22_12                            684.4320      0.1     623.1960     61.2360  0.0000  PE_425
pes_22_13                            678.0060      0.1     617.5260     60.4800  0.0000  PE_397
pes_22_14                            681.0300      0.1     620.1720     60.8580  0.0000  PE_369
pes_22_15                            678.7620      0.1     617.9040     60.8580  0.0000  PE_341
pes_22_16                            689.9760      0.1     629.1180     60.8580  0.0000  PE_313
pes_22_17                            685.4400      0.1     624.5820     60.8580  0.0000  PE_285
pes_22_18                            682.5420      0.1     621.3060     61.2360  0.0000  PE_257
pes_22_19                            682.2900      0.1     620.6760     61.6140  0.0000  PE_229
pes_22_2                             685.4400      0.1     624.5820     60.8580  0.0000  PE_705
pes_22_20                            684.6840      0.1     623.4480     61.2360  0.0000  PE_201
pes_22_21                            678.0060      0.1     617.1480     60.8580  0.0000  PE_173
pes_22_22                            683.2980      0.1     622.8180     60.4800  0.0000  PE_145
pes_22_23                            678.1320      0.1     616.8960     61.2360  0.0000  PE_117
pes_22_24                            677.7540      0.1     616.8960     60.8580  0.0000  PE_89
pes_22_25                            679.7700      0.1     619.2900     60.4800  0.0000  PE_61
pes_22_26                            674.6040      0.1     614.1240     60.4800  0.0000  PE_33
pes_22_27                            684.4320      0.1     623.1960     61.2360  0.0000  PE_5
pes_22_3                             687.7080      0.1     626.4720     61.2360  0.0000  PE_677
pes_22_4                             680.2740      0.1     619.4160     60.8580  0.0000  PE_649
pes_22_5                             687.7080      0.1     626.8500     60.8580  0.0000  PE_621
pes_22_6                             683.4240      0.1     622.5660     60.8580  0.0000  PE_593
pes_22_7                             683.0460      0.1     621.8100     61.2360  0.0000  PE_565
pes_22_8                             683.1720      0.1     622.6920     60.4800  0.0000  PE_537
pes_22_9                             688.2120      0.1     627.7320     60.4800  0.0000  PE_509
pes_23                               685.1880      0.1     624.3300     60.8580  0.0000  PE_760
pes_23_1                             686.4480      0.1     625.2120     61.2360  0.0000  PE_732
pes_23_10                            681.2820      0.1     620.0460     61.2360  0.0000  PE_480
pes_23_11                            682.4160      0.1     621.1800     61.2360  0.0000  PE_452
pes_23_12                            680.7780      0.1     620.2980     60.4800  0.0000  PE_424
pes_23_13                            688.2120      0.1     627.3540     60.8580  0.0000  PE_396
pes_23_14                            679.5180      0.1     618.6600     60.8580  0.0000  PE_368
pes_23_15                            686.1960      0.1     625.7160     60.4800  0.0000  PE_340
pes_23_16                            693.7560      0.1     632.5200     61.2360  0.0000  PE_312
pes_23_17                            685.8180      0.1     624.9600     60.8580  0.0000  PE_284
pes_23_18                            687.8340      0.1     627.3540     60.4800  0.0000  PE_256
pes_23_19                            680.6520      0.1     619.7940     60.8580  0.0000  PE_228
pes_23_2                             685.6920      0.1     625.2120     60.4800  0.0000  PE_704
pes_23_20                            680.9040      0.1     620.4240     60.4800  0.0000  PE_200
pes_23_21                            683.1720      0.1     621.9360     61.2360  0.0000  PE_172
pes_23_22                            684.6840      0.1     624.2040     60.4800  0.0000  PE_144
pes_23_23                            681.2820      0.1     620.8020     60.4800  0.0000  PE_116
pes_23_24                            678.5100      0.1     617.6520     60.8580  0.0000  PE_88
pes_23_25                            678.8880      0.1     617.6520     61.2360  0.0000  PE_60
pes_23_26                            679.6440      0.1     618.4080     61.2360  0.0000  PE_32
pes_23_27                            677.8800      0.1     617.0220     60.8580  0.0000  PE_4
pes_23_3                             690.6060      0.1     629.3700     61.2360  0.0000  PE_676
pes_23_4                             680.0220      0.1     618.7860     61.2360  0.0000  PE_648
pes_23_5                             679.8960      0.1     619.4160     60.4800  0.0000  PE_620
pes_23_6                             692.1180      0.1     630.8820     61.2360  0.0000  PE_592
pes_23_7                             686.3220      0.1     625.4640     60.8580  0.0000  PE_564
pes_23_8                             681.0300      0.1     620.1720     60.8580  0.0000  PE_536
pes_23_9                             680.0220      0.1     619.5420     60.4800  0.0000  PE_508
pes_24                               681.0300      0.1     620.1720     60.8580  0.0000  PE_759
pes_24_1                             676.6200      0.1     615.7620     60.8580  0.0000  PE_731
pes_24_10                            678.3840      0.1     617.5260     60.8580  0.0000  PE_479
pes_24_11                            677.6280      0.1     616.7700     60.8580  0.0000  PE_451
pes_24_12                            684.9360      0.1     623.7000     61.2360  0.0000  PE_423
pes_24_13                            682.0380      0.1     621.5580     60.4800  0.0000  PE_395
pes_24_14                            680.2740      0.1     619.7940     60.4800  0.0000  PE_367
pes_24_15                            692.1180      0.1     631.6380     60.4800  0.0000  PE_339
pes_24_16                            684.9360      0.1     623.7000     61.2360  0.0000  PE_311
pes_24_17                            677.6280      0.1     616.3920     61.2360  0.0000  PE_283
pes_24_18                            686.0700      0.1     625.2120     60.8580  0.0000  PE_255
pes_24_19                            682.2900      0.1     621.0540     61.2360  0.0000  PE_227
pes_24_2                             692.3700      0.1     631.1340     61.2360  0.0000  PE_703
pes_24_20                            689.0940      0.1     628.6140     60.4800  0.0000  PE_199
pes_24_21                            677.8800      0.1     617.0220     60.8580  0.0000  PE_171
pes_24_22                            682.0380      0.1     621.1800     60.8580  0.0000  PE_143
pes_24_23                            681.7860      0.1     620.9280     60.8580  0.0000  PE_115
pes_24_24                            679.6440      0.1     618.4080     61.2360  0.0000  PE_87
pes_24_25                            683.1720      0.1     621.9360     61.2360  0.0000  PE_59
pes_24_26                            678.3840      0.1     617.9040     60.4800  0.0000  PE_31
pes_24_27                            683.1720      0.1     621.9360     61.2360  0.0000  PE_3
pes_24_3                             683.1720      0.1     622.6920     60.4800  0.0000  PE_675
pes_24_4                             682.6680      0.1     622.1880     60.4800  0.0000  PE_647
pes_24_5                             684.9360      0.1     624.0780     60.8580  0.0000  PE_619
pes_24_6                             684.1800      0.1     623.3220     60.8580  0.0000  PE_591
pes_24_7                             678.2580      0.1     617.7780     60.4800  0.0000  PE_563
pes_24_8                             687.3300      0.1     626.8500     60.4800  0.0000  PE_535
pes_24_9                             687.0780      0.1     626.2200     60.8580  0.0000  PE_507
pes_25                               680.5260      0.1     619.2900     61.2360  0.0000  PE_758
pes_25_1                             684.4320      0.1     622.8180     61.6140  0.0000  PE_730
pes_25_10                            686.5740      0.1     624.9600     61.6140  0.0000  PE_478
pes_25_11                            679.5180      0.1     619.0380     60.4800  0.0000  PE_450
pes_25_12                            687.4560      0.1     626.9760     60.4800  0.0000  PE_422
pes_25_13                            677.6280      0.1     616.3920     61.2360  0.0000  PE_394
pes_25_14                            683.0460      0.1     622.1880     60.8580  0.0000  PE_366
pes_25_15                            683.6760      0.1     622.4400     61.2360  0.0000  PE_338
pes_25_16                            676.7460      0.1     616.2660     60.4800  0.0000  PE_310
pes_25_17                            678.2580      0.1     616.6440     61.6140  0.0000  PE_282
pes_25_18                            689.4720      0.1     628.9920     60.4800  0.0000  PE_254
pes_25_19                            684.5580      0.1     624.0780     60.4800  0.0000  PE_226
pes_25_2                             682.4160      0.1     621.5580     60.8580  0.0000  PE_702
pes_25_20                            680.1480      0.1     619.6680     60.4800  0.0000  PE_198
pes_25_21                            681.9120      0.1     620.6760     61.2360  0.0000  PE_170
pes_25_22                            682.7940      0.1     621.9360     60.8580  0.0000  PE_142
pes_25_23                            683.0460      0.1     622.5660     60.4800  0.0000  PE_114
pes_25_24                            675.9900      0.1     615.1320     60.8580  0.0000  PE_86
pes_25_25                            683.1720      0.1     622.6920     60.4800  0.0000  PE_58
pes_25_26                            683.6760      0.1     622.8180     60.8580  0.0000  PE_30
pes_25_27                            685.1880      0.1     624.7080     60.4800  0.0000  PE_2
pes_25_3                             684.9360      0.1     624.4560     60.4800  0.0000  PE_674
pes_25_4                             684.8100      0.1     623.5740     61.2360  0.0000  PE_646
pes_25_5                             684.5580      0.1     623.3220     61.2360  0.0000  PE_618
pes_25_6                             684.5580      0.1     622.9440     61.6140  0.0000  PE_590
pes_25_7                             691.1100      0.1     630.6300     60.4800  0.0000  PE_562
pes_25_8                             681.6600      0.1     620.8020     60.8580  0.0000  PE_534
pes_25_9                             684.9360      0.1     624.0780     60.8580  0.0000  PE_506
pes_26                               679.5180      0.1     617.9040     61.6140  0.0000  PE_757
pes_26_1                             684.0540      0.1     622.8180     61.2360  0.0000  PE_729
pes_26_10                            678.3840      0.1     617.9040     60.4800  0.0000  PE_477
pes_26_11                            686.5740      0.1     625.3380     61.2360  0.0000  PE_449
pes_26_12                            680.1480      0.1     619.2900     60.8580  0.0000  PE_421
pes_26_13                            683.8020      0.1     622.5660     61.2360  0.0000  PE_393
pes_26_14                            686.9520      0.1     625.7160     61.2360  0.0000  PE_365
pes_26_15                            684.1800      0.1     622.5660     61.6140  0.0000  PE_337
pes_26_16                            675.8640      0.1     615.3840     60.4800  0.0000  PE_309
pes_26_17                            685.6920      0.1     624.0780     61.6140  0.0000  PE_281
pes_26_18                            680.9040      0.1     618.9120     61.9920  0.0000  PE_253
pes_26_19                            676.9980      0.1     616.5180     60.4800  0.0000  PE_225
pes_26_2                             679.5180      0.1     617.9040     61.6140  0.0000  PE_701
pes_26_20                            680.0220      0.1     619.1640     60.8580  0.0000  PE_197
pes_26_21                            680.6520      0.1     619.0380     61.6140  0.0000  PE_169
pes_26_22                            675.3600      0.1     614.8800     60.4800  0.0000  PE_141
pes_26_23                            676.4940      0.1     615.6360     60.8580  0.0000  PE_113
pes_26_24                            675.4860      0.1     614.6280     60.8580  0.0000  PE_85
pes_26_25                            678.0060      0.1     616.7700     61.2360  0.0000  PE_57
pes_26_26                            688.4640      0.1     627.6060     60.8580  0.0000  PE_29
pes_26_27                            687.7080      0.1     626.4720     61.2360  0.0000  PE_1
pes_26_3                             681.6600      0.1     621.1800     60.4800  0.0000  PE_673
pes_26_4                             686.3220      0.1     624.7080     61.6140  0.0000  PE_645
pes_26_5                             683.2980      0.1     622.0620     61.2360  0.0000  PE_617
pes_26_6                             687.2040      0.1     625.9680     61.2360  0.0000  PE_589
pes_26_7                             687.7080      0.1     627.2280     60.4800  0.0000  PE_561
pes_26_8                             682.6680      0.1     620.6760     61.9920  0.0000  PE_533
pes_26_9                             679.8960      0.1     619.4160     60.4800  0.0000  PE_505
pes_27                               640.4580      0.1     595.0980     45.3600  0.0000  PE_756
pes_27_1                             645.4980      0.1     600.1380     45.3600  0.0000  PE_728
pes_27_10                            642.9780      0.1     597.6180     45.3600  0.0000  PE_476
pes_27_11                            642.2220      0.1     596.8620     45.3600  0.0000  PE_448
pes_27_12                            645.8760      0.1     600.5160     45.3600  0.0000  PE_420
pes_27_13                            638.4420      0.1     593.0820     45.3600  0.0000  PE_392
pes_27_14                            642.4740      0.1     597.1140     45.3600  0.0000  PE_364
pes_27_15                            632.5200      0.1     587.1600     45.3600  0.0000  PE_336
pes_27_16                            637.9380      0.1     592.5780     45.3600  0.0000  PE_308
pes_27_17                            639.7020      0.1     594.3420     45.3600  0.0000  PE_280
pes_27_18                            641.4660      0.1     596.1060     45.3600  0.0000  PE_252
pes_27_19                            640.3320      0.1     594.9720     45.3600  0.0000  PE_224
pes_27_2                             639.8280      0.1     594.4680     45.3600  0.0000  PE_700
pes_27_20                            644.4900      0.1     599.1300     45.3600  0.0000  PE_196
pes_27_21                            636.8040      0.1     591.4440     45.3600  0.0000  PE_168
pes_27_22                            632.1420      0.1     586.7820     45.3600  0.0000  PE_140
pes_27_23                            635.2920      0.1     589.9320     45.3600  0.0000  PE_112
pes_27_24                            638.8200      0.1     593.4600     45.3600  0.0000  PE_84
pes_27_25                            638.8200      0.1     593.4600     45.3600  0.0000  PE_56
pes_27_26                            639.0720      0.1     593.7120     45.3600  0.0000  PE_28
pes_27_27                            637.9380      0.1     592.5780     45.3600  0.0000  PE_0
pes_27_3                             637.8120      0.1     592.4520     45.3600  0.0000  PE_672
pes_27_4                             638.0640      0.1     592.7040     45.3600  0.0000  PE_644
pes_27_5                             638.5680      0.1     593.2080     45.3600  0.0000  PE_616
pes_27_6                             639.9540      0.1     594.5940     45.3600  0.0000  PE_588
pes_27_7                             642.3480      0.1     596.9880     45.3600  0.0000  PE_560
pes_27_8                             639.7020      0.1     594.2160     45.4860  0.0000  PE_532
pes_27_9                             644.9940      0.1     599.6340     45.3600  0.0000  PE_504
pes_2_1                              680.9040      0.1     620.0460     60.8580  0.0000  PE_753
pes_2_10                             688.9680      0.1     627.7320     61.2360  0.0000  PE_501
pes_2_11                             681.9120      0.1     621.4320     60.4800  0.0000  PE_473
pes_2_12                             685.1880      0.1     624.3300     60.8580  0.0000  PE_445
pes_2_13                             685.6920      0.1     624.4560     61.2360  0.0000  PE_417
pes_2_14                             685.4400      0.1     624.2040     61.2360  0.0000  PE_389
pes_2_15                             679.7700      0.1     619.2900     60.4800  0.0000  PE_361
pes_2_16                             679.3920      0.1     618.1560     61.2360  0.0000  PE_333
pes_2_17                             686.4480      0.1     625.5900     60.8580  0.0000  PE_305
pes_2_18                             686.5740      0.1     625.7160     60.8580  0.0000  PE_277
pes_2_19                             680.2740      0.1     619.7940     60.4800  0.0000  PE_249
pes_2_2                              682.0380      0.1     621.5580     60.4800  0.0000  PE_725
pes_2_20                             687.9600      0.1     626.7240     61.2360  0.0000  PE_221
pes_2_21                             689.2200      0.1     627.6060     61.6140  0.0000  PE_193
pes_2_22                             670.3200      0.1     608.4540     61.8660  0.0000  PE_165
pes_2_23                             685.0620      0.1     624.5820     60.4800  0.0000  PE_137
pes_2_24                             683.0460      0.1     621.8100     61.2360  0.0000  PE_109
pes_2_25                             681.0300      0.1     620.5500     60.4800  0.0000  PE_81
pes_2_26                             684.1800      0.1     623.3220     60.8580  0.0000  PE_53
pes_2_27                             679.0140      0.1     618.1560     60.8580  0.0000  PE_25
pes_2_3                              681.9120      0.1     620.6760     61.2360  0.0000  PE_697
pes_2_4                              684.3060      0.1     623.0700     61.2360  0.0000  PE_669
pes_2_5                              685.3140      0.1     624.0780     61.2360  0.0000  PE_641
pes_2_6                              686.5740      0.1     625.3380     61.2360  0.0000  PE_613
pes_2_7                              681.7860      0.1     621.3060     60.4800  0.0000  PE_585
pes_2_8                              685.5660      0.1     625.0860     60.4800  0.0000  PE_557
pes_2_9                              684.8100      0.1     624.3300     60.4800  0.0000  PE_529
pes_3                                685.4400      0.1     624.5820     60.8580  0.0000  PE_780
pes_3_1                              683.9280      0.1     623.0700     60.8580  0.0000  PE_752
pes_3_10                             682.0380      0.1     621.5580     60.4800  0.0000  PE_500
pes_3_11                             683.5500      0.1     622.3140     61.2360  0.0000  PE_472
pes_3_12                             681.1560      0.1     620.6760     60.4800  0.0000  PE_444
pes_3_13                             678.3840      0.1     617.1480     61.2360  0.0000  PE_416
pes_3_14                             675.1080      0.1     614.6280     60.4800  0.0000  PE_388
pes_3_15                             681.6600      0.1     620.8020     60.8580  0.0000  PE_360
pes_3_16                             684.9360      0.1     624.4560     60.4800  0.0000  PE_332
pes_3_17                             683.8020      0.1     622.5660     61.2360  0.0000  PE_304
pes_3_18                             675.7380      0.1     614.8800     60.8580  0.0000  PE_276
pes_3_19                             688.8420      0.1     628.3620     60.4800  0.0000  PE_248
pes_3_2                              684.0540      0.1     622.4400     61.6140  0.0000  PE_724
pes_3_20                             683.9280      0.1     623.0700     60.8580  0.0000  PE_220
pes_3_21                             684.3060      0.1     623.0700     61.2360  0.0000  PE_192
pes_3_22                             680.9040      0.1     619.6680     61.2360  0.0000  PE_164
pes_3_23                             679.5180      0.1     619.0380     60.4800  0.0000  PE_136
pes_3_24                             687.9600      0.1     627.1020     60.8580  0.0000  PE_108
pes_3_25                             681.6600      0.1     620.4240     61.2360  0.0000  PE_80
pes_3_26                             679.5180      0.1     618.6600     60.8580  0.0000  PE_52
pes_3_27                             686.9520      0.1     626.0940     60.8580  0.0000  PE_24
pes_3_3                              687.0780      0.1     626.2200     60.8580  0.0000  PE_696
pes_3_4                              692.6220      0.1     632.1420     60.4800  0.0000  PE_668
pes_3_5                              681.7860      0.1     620.9280     60.8580  0.0000  PE_640
pes_3_6                              680.1480      0.1     618.9120     61.2360  0.0000  PE_612
pes_3_7                              685.1880      0.1     624.3300     60.8580  0.0000  PE_584
pes_3_8                              679.1400      0.1     617.9040     61.2360  0.0000  PE_556
pes_3_9                              684.0540      0.1     623.1960     60.8580  0.0000  PE_528
pes_4                                683.9280      0.1     622.6920     61.2360  0.0000  PE_779
pes_4_1                              680.1480      0.1     619.6680     60.4800  0.0000  PE_751
pes_4_10                             685.0620      0.1     624.2040     60.8580  0.0000  PE_499
pes_4_11                             682.4160      0.1     621.1800     61.2360  0.0000  PE_471
pes_4_12                             689.5980      0.1     628.3620     61.2360  0.0000  PE_443
pes_4_13                             683.6760      0.1     623.1960     60.4800  0.0000  PE_415
pes_4_14                             681.9120      0.1     621.4320     60.4800  0.0000  PE_387
pes_4_15                             678.8880      0.1     618.0300     60.8580  0.0000  PE_359
pes_4_16                             682.5420      0.1     622.0620     60.4800  0.0000  PE_331
pes_4_17                             677.8800      0.1     616.6440     61.2360  0.0000  PE_303
pes_4_18                             688.9680      0.1     628.4880     60.4800  0.0000  PE_275
pes_4_19                             682.5420      0.1     622.0620     60.4800  0.0000  PE_247
pes_4_2                              683.0460      0.1     622.5660     60.4800  0.0000  PE_723
pes_4_20                             679.3920      0.1     618.9120     60.4800  0.0000  PE_219
pes_4_21                             682.2900      0.1     621.4320     60.8580  0.0000  PE_191
pes_4_22                             676.1160      0.1     615.2580     60.8580  0.0000  PE_163
pes_4_23                             683.6760      0.1     622.4400     61.2360  0.0000  PE_135
pes_4_24                             684.1800      0.1     621.4320     62.7480  0.0000  PE_107
pes_4_25                             676.2420      0.1     615.0060     61.2360  0.0000  PE_79
pes_4_26                             679.6440      0.1     619.1640     60.4800  0.0000  PE_51
pes_4_27                             682.2900      0.1     619.5420     62.7480  0.0000  PE_23
pes_4_3                              677.6280      0.1     617.1480     60.4800  0.0000  PE_695
pes_4_4                              686.8260      0.1     625.5900     61.2360  0.0000  PE_667
pes_4_5                              681.6600      0.1     621.1800     60.4800  0.0000  PE_639
pes_4_6                              679.8960      0.1     619.0380     60.8580  0.0000  PE_611
pes_4_7                              687.2040      0.1     626.3460     60.8580  0.0000  PE_583
pes_4_8                              677.1240      0.1     616.2660     60.8580  0.0000  PE_555
pes_4_9                              685.4400      0.1     624.2040     61.2360  0.0000  PE_527
pes_5                                678.6360      0.1     618.1560     60.4800  0.0000  PE_778
pes_5_1                              689.0940      0.1     627.8580     61.2360  0.0000  PE_750
pes_5_10                             683.0460      0.1     621.4320     61.6140  0.0000  PE_498
pes_5_11                             683.2980      0.1     622.4400     60.8580  0.0000  PE_470
pes_5_12                             691.4880      0.1     630.6300     60.8580  0.0000  PE_442
pes_5_13                             685.3140      0.1     624.4560     60.8580  0.0000  PE_414
pes_5_14                             689.2200      0.1     627.9840     61.2360  0.0000  PE_386
pes_5_15                             682.9200      0.1     621.6840     61.2360  0.0000  PE_358
pes_5_16                             688.9680      0.1     628.4880     60.4800  0.0000  PE_330
pes_5_17                             682.0380      0.1     621.1800     60.8580  0.0000  PE_302
pes_5_18                             685.3140      0.1     624.8340     60.4800  0.0000  PE_274
pes_5_19                             678.0060      0.1     617.1480     60.8580  0.0000  PE_246
pes_5_2                              687.4560      0.1     626.2200     61.2360  0.0000  PE_722
pes_5_20                             681.6600      0.1     620.8020     60.8580  0.0000  PE_218
pes_5_21                             682.6680      0.1     621.0540     61.6140  0.0000  PE_190
pes_5_22                             682.2900      0.1     621.8100     60.4800  0.0000  PE_162
pes_5_23                             685.6920      0.1     625.2120     60.4800  0.0000  PE_134
pes_5_24                             672.9660      0.1     612.4860     60.4800  0.0000  PE_106
pes_5_25                             680.6520      0.1     619.4160     61.2360  0.0000  PE_78
pes_5_26                             679.8960      0.1     619.0380     60.8580  0.0000  PE_50
pes_5_27                             675.3600      0.1     614.5020     60.8580  0.0000  PE_22
pes_5_3                              683.2980      0.1     622.4400     60.8580  0.0000  PE_694
pes_5_4                              679.5180      0.1     618.2820     61.2360  0.0000  PE_666
pes_5_5                              683.0460      0.1     622.1880     60.8580  0.0000  PE_638
pes_5_6                              679.3920      0.1     618.1560     61.2360  0.0000  PE_610
pes_5_7                              685.8180      0.1     625.3380     60.4800  0.0000  PE_582
pes_5_8                              679.6440      0.1     618.4080     61.2360  0.0000  PE_554
pes_5_9                              680.1480      0.1     619.2900     60.8580  0.0000  PE_526
pes_6                                681.0300      0.1     620.5500     60.4800  0.0000  PE_777
pes_6_1                              679.2660      0.1     618.4080     60.8580  0.0000  PE_749
pes_6_10                             680.0220      0.1     619.1640     60.8580  0.0000  PE_497
pes_6_11                             678.6360      0.1     617.7780     60.8580  0.0000  PE_469
pes_6_12                             691.6140      0.1     630.7560     60.8580  0.0000  PE_441
pes_6_13                             688.2120      0.1     627.7320     60.4800  0.0000  PE_413
pes_6_14                             687.4560      0.1     626.2200     61.2360  0.0000  PE_385
pes_6_15                             683.2980      0.1     622.8180     60.4800  0.0000  PE_357
pes_6_16                             691.1100      0.1     630.6300     60.4800  0.0000  PE_329
pes_6_17                             686.1960      0.1     625.3380     60.8580  0.0000  PE_301
pes_6_18                             690.3540      0.1     629.4960     60.8580  0.0000  PE_273
pes_6_19                             692.3700      0.1     631.1340     61.2360  0.0000  PE_245
pes_6_2                              682.2900      0.1     621.4320     60.8580  0.0000  PE_721
pes_6_20                             685.1880      0.1     623.9520     61.2360  0.0000  PE_217
pes_6_21                             687.8340      0.1     627.3540     60.4800  0.0000  PE_189
pes_6_22                             682.9200      0.1     622.0620     60.8580  0.0000  PE_161
pes_6_23                             679.1400      0.1     618.6600     60.4800  0.0000  PE_133
pes_6_24                             683.4240      0.1     622.1880     61.2360  0.0000  PE_105
pes_6_25                             685.8180      0.1     624.5820     61.2360  0.0000  PE_77
pes_6_26                             673.2180      0.1     612.7380     60.4800  0.0000  PE_49
pes_6_27                             680.5260      0.1     618.9120     61.6140  0.0000  PE_21
pes_6_3                              681.7860      0.1     620.5500     61.2360  0.0000  PE_693
pes_6_4                              679.2660      0.1     618.7860     60.4800  0.0000  PE_665
pes_6_5                              681.0300      0.1     620.5500     60.4800  0.0000  PE_637
pes_6_6                              685.3140      0.1     624.4560     60.8580  0.0000  PE_609
pes_6_7                              677.5020      0.1     616.6440     60.8580  0.0000  PE_581
pes_6_8                              680.7780      0.1     619.9200     60.8580  0.0000  PE_553
pes_6_9                              679.8960      0.1     619.0380     60.8580  0.0000  PE_525
pes_7                                684.8100      0.1     623.9520     60.8580  0.0000  PE_776
pes_7_1                              691.9920      0.1     631.1340     60.8580  0.0000  PE_748
pes_7_10                             682.1640      0.1     621.3060     60.8580  0.0000  PE_496
pes_7_11                             679.7700      0.1     618.9120     60.8580  0.0000  PE_468
pes_7_12                             679.7700      0.1     618.9120     60.8580  0.0000  PE_440
pes_7_13                             682.2900      0.1     620.6760     61.6140  0.0000  PE_412
pes_7_14                             680.5260      0.1     619.6680     60.8580  0.0000  PE_384
pes_7_15                             679.0140      0.1     617.7780     61.2360  0.0000  PE_356
pes_7_16                             682.6680      0.1     621.8100     60.8580  0.0000  PE_328
pes_7_17                             683.4240      0.1     622.5660     60.8580  0.0000  PE_300
pes_7_18                             686.8260      0.1     625.9680     60.8580  0.0000  PE_272
pes_7_19                             686.0700      0.1     625.5900     60.4800  0.0000  PE_244
pes_7_2                              684.5580      0.1     623.7000     60.8580  0.0000  PE_720
pes_7_20                             683.2980      0.1     622.4400     60.8580  0.0000  PE_216
pes_7_21                             683.0460      0.1     622.5660     60.4800  0.0000  PE_188
pes_7_22                             684.6840      0.1     623.4480     61.2360  0.0000  PE_160
pes_7_23                             681.9120      0.1     621.4320     60.4800  0.0000  PE_132
pes_7_24                             678.1320      0.1     617.2740     60.8580  0.0000  PE_104
pes_7_25                             682.2900      0.1     621.0540     61.2360  0.0000  PE_76
pes_7_26                             682.9200      0.1     621.6840     61.2360  0.0000  PE_48
pes_7_27                             671.9580      0.1     611.1000     60.8580  0.0000  PE_20
pes_7_3                              686.9520      0.1     625.7160     61.2360  0.0000  PE_692
pes_7_4                              684.9360      0.1     624.4560     60.4800  0.0000  PE_664
pes_7_5                              688.3380      0.1     627.1020     61.2360  0.0000  PE_636
pes_7_6                              681.0300      0.1     619.7940     61.2360  0.0000  PE_608
pes_7_7                              686.9520      0.1     626.0940     60.8580  0.0000  PE_580
pes_7_8                              683.9280      0.1     623.4480     60.4800  0.0000  PE_552
pes_7_9                              686.3220      0.1     625.0860     61.2360  0.0000  PE_524
pes_8                                686.1960      0.1     625.3380     60.8580  0.0000  PE_775
pes_8_1                              686.4480      0.1     625.9680     60.4800  0.0000  PE_747
pes_8_10                             686.0700      0.1     625.2120     60.8580  0.0000  PE_495
pes_8_11                             680.0220      0.1     618.7860     61.2360  0.0000  PE_467
pes_8_12                             686.8260      0.1     625.9680     60.8580  0.0000  PE_439
pes_8_13                             681.1560      0.1     620.6760     60.4800  0.0000  PE_411
pes_8_14                             680.7780      0.1     619.9200     60.8580  0.0000  PE_383
pes_8_15                             681.9120      0.1     620.6760     61.2360  0.0000  PE_355
pes_8_16                             685.9440      0.1     625.4640     60.4800  0.0000  PE_327
pes_8_17                             686.5740      0.1     625.3380     61.2360  0.0000  PE_299
pes_8_18                             684.6840      0.1     624.2040     60.4800  0.0000  PE_271
pes_8_19                             686.3220      0.1     625.4640     60.8580  0.0000  PE_243
pes_8_2                              682.4160      0.1     621.1800     61.2360  0.0000  PE_719
pes_8_20                             690.8580      0.1     629.6220     61.2360  0.0000  PE_215
pes_8_21                             684.6840      0.1     623.8260     60.8580  0.0000  PE_187
pes_8_22                             680.0220      0.1     619.5420     60.4800  0.0000  PE_159
pes_8_23                             679.8960      0.1     617.1480     62.7480  0.0000  PE_131
pes_8_24                             680.7780      0.1     619.9200     60.8580  0.0000  PE_103
pes_8_25                             673.9740      0.1     612.7380     61.2360  0.0000  PE_75
pes_8_26                             681.4080      0.1     620.1720     61.2360  0.0000  PE_47
pes_8_27                             682.6680      0.1     621.4320     61.2360  0.0000  PE_19
pes_8_3                              686.3220      0.1     624.7080     61.6140  0.0000  PE_691
pes_8_4                              687.5820      0.1     627.1020     60.4800  0.0000  PE_663
pes_8_5                              684.6840      0.1     623.4480     61.2360  0.0000  PE_635
pes_8_6                              686.8260      0.1     625.9680     60.8580  0.0000  PE_607
pes_8_7                              681.7860      0.1     620.5500     61.2360  0.0000  PE_579
pes_8_8                              685.5660      0.1     625.0860     60.4800  0.0000  PE_551
pes_8_9                              694.6380      0.1     633.4020     61.2360  0.0000  PE_523
pes_9                                682.9200      0.1     622.0620     60.8580  0.0000  PE_774
pes_9_1                              684.4320      0.1     623.5740     60.8580  0.0000  PE_746
pes_9_10                             678.7620      0.1     618.2820     60.4800  0.0000  PE_494
pes_9_11                             680.4000      0.1     619.5420     60.8580  0.0000  PE_466
pes_9_12                             689.4720      0.1     628.9920     60.4800  0.0000  PE_438
pes_9_13                             687.7080      0.1     626.4720     61.2360  0.0000  PE_410
pes_9_14                             680.7780      0.1     619.5420     61.2360  0.0000  PE_382
pes_9_15                             678.7620      0.1     617.1480     61.6140  0.0000  PE_354
pes_9_16                             676.6200      0.1     615.7620     60.8580  0.0000  PE_326
pes_9_17                             679.6440      0.1     618.4080     61.2360  0.0000  PE_298
pes_9_18                             676.3680      0.1     615.8880     60.4800  0.0000  PE_270
pes_9_19                             686.3220      0.1     625.4640     60.8580  0.0000  PE_242
pes_9_2                              677.1240      0.1     616.2660     60.8580  0.0000  PE_718
pes_9_20                             678.8880      0.1     618.4080     60.4800  0.0000  PE_214
pes_9_21                             684.4320      0.1     623.9520     60.4800  0.0000  PE_186
pes_9_22                             681.4080      0.1     620.1720     61.2360  0.0000  PE_158
pes_9_23                             680.4000      0.1     619.1640     61.2360  0.0000  PE_130
pes_9_24                             679.6440      0.1     618.4080     61.2360  0.0000  PE_102
pes_9_25                             678.8880      0.1     617.6520     61.2360  0.0000  PE_74
pes_9_26                             679.2660      0.1     618.7860     60.4800  0.0000  PE_46
pes_9_27                             685.1880      0.1     624.7080     60.4800  0.0000  PE_18
pes_9_3                              682.2900      0.1     621.8100     60.4800  0.0000  PE_690
pes_9_4                              687.7080      0.1     626.0940     61.6140  0.0000  PE_662
pes_9_5                              687.4560      0.1     626.2200     61.2360  0.0000  PE_634
pes_9_6                              687.3300      0.1     626.8500     60.4800  0.0000  PE_606
pes_9_7                              688.4640      0.1     627.6060     60.8580  0.0000  PE_578
pes_9_8                              685.1880      0.1     624.7080     60.4800  0.0000  PE_550
pes_9_9                              681.7860      0.1     621.3060     60.4800  0.0000  PE_522
--------------------------------  -----------  -------  -----------  ----------  ------  ---------
Total                                                   486318.4201  47310.6056  0.0000

1
