 
****************************************
Report : area
Design : SystolicArray
Version: V-2023.12
Date   : Tue Apr  7 18:39:59 2026
****************************************

Library(s) Used:

    tcbn28hpcplusbwp30p140ffg0p99v0c_ccs (File: /hpc/Tech/TSMC/digital/N28/digital/Front_End/timing_power_noise/CCS/tcbn28hpcplusbwp30p140_180a/tcbn28hpcplusbwp30p140ffg0p99v0c_ccs.db)

Number of ports:                        47658
Number of nets:                       1672292
Number of cells:                      1579971
Number of combinational cells:        1535675
Number of sequential cells:             43904
Number of macros/black boxes:               0
Number of buf/inv:                     294458
Number of references:                     406

Combinational area:             944729.731025
Buf/Inv area:                    83398.770970
Noncombinational area:           85710.112663
Macro/Black Box area:                0.000000
Net Interconnect area:      undefined  (Wire load has zero net area)

Total cell area:               1030439.843688
Total area:                 undefined

Hierarchical area distribution
------------------------------

                                  Global cell area               Local cell area
                                  ---------------------  ------------------------------- 
Hierarchical cell                 Absolute      Percent  Combi-       Noncombi-   Black-
                                  Total         Total    national     national    boxes   Design
--------------------------------  ------------  -------  -----------  ----------  ------  -------------
SystolicArray                     1030439.8437    100.0     450.7020      0.0000  0.0000  SystolicArray
pairs_0                              2389.2120      0.2    2169.9720    219.2400  0.0000  StripPair_391
pairs_0_1                            2573.5500      0.2    2355.0660    218.4840  0.0000  StripPair_377
pairs_0_10                           2595.0960      0.3    2378.8800    216.2160  0.0000  StripPair_251
pairs_0_11                           2563.4700      0.2    2346.1200    217.3500  0.0000  StripPair_237
pairs_0_12                           2565.4860      0.2    2345.8680    219.6180  0.0000  StripPair_223
pairs_0_13                           2595.2220      0.3    2377.1160    218.1060  0.0000  StripPair_209
pairs_0_14                           2657.7180      0.3    2437.7220    219.9960  0.0000  StripPair_195
pairs_0_15                           2626.5960      0.3    2406.6000    219.9960  0.0000  StripPair_181
pairs_0_16                           2594.0880      0.3    2375.2260    218.8620  0.0000  StripPair_167
pairs_0_17                           2568.3840      0.2    2349.1440    219.2400  0.0000  StripPair_153
pairs_0_18                           2567.6280      0.2    2349.9000    217.7280  0.0000  StripPair_139
pairs_0_19                           2559.3120      0.2    2340.4500    218.8620  0.0000  StripPair_125
pairs_0_2                            2576.9520      0.3    2356.9560    219.9960  0.0000  StripPair_363
pairs_0_20                           2600.2620      0.3    2383.2900    216.9720  0.0000  StripPair_111
pairs_0_21                           2588.4180      0.3    2370.6900    217.7280  0.0000  StripPair_97
pairs_0_22                           2590.0560      0.3    2370.0600    219.9960  0.0000  StripPair_83
pairs_0_23                           2585.7720      0.3    2366.9100    218.8620  0.0000  StripPair_69
pairs_0_24                           2563.8480      0.2    2345.3640    218.4840  0.0000  StripPair_55
pairs_0_25                           2604.5460      0.3    2385.3060    219.2400  0.0000  StripPair_41
pairs_0_26                           2586.0240      0.3    2366.0280    219.9960  0.0000  StripPair_27
pairs_0_27                           2625.9660      0.3    2407.1040    218.8620  0.0000  StripPair_13
pairs_0_3                            2567.8800      0.2    2346.3720    221.5080  0.0000  StripPair_349
pairs_0_4                            2575.5660      0.2    2354.4360    221.1300  0.0000  StripPair_335
pairs_0_5                            2554.9020      0.2    2335.6620    219.2400  0.0000  StripPair_321
pairs_0_6                            2590.4340      0.3    2372.7060    217.7280  0.0000  StripPair_307
pairs_0_7                            2595.6000      0.3    2377.1160    218.4840  0.0000  StripPair_293
pairs_0_8                            2579.9760      0.3    2360.7360    219.2400  0.0000  StripPair_279
pairs_0_9                            2580.7320      0.3    2359.6020    221.1300  0.0000  StripPair_265
pairs_1                              2414.2860      0.2    2192.7780    221.5080  0.0000  StripPair_390
pairs_10                             2397.2760      0.2    2176.5240    220.7520  0.0000  StripPair_381
pairs_10_1                           2629.8720      0.3    2411.3880    218.4840  0.0000  StripPair_367
pairs_10_10                          2644.7400      0.3    2427.3900    217.3500  0.0000  StripPair_241
pairs_10_11                          2634.1560      0.3    2414.1600    219.9960  0.0000  StripPair_227
pairs_10_12                          2632.6440      0.3    2416.8060    215.8380  0.0000  StripPair_213
pairs_10_13                          2648.0160      0.3    2431.0440    216.9720  0.0000  StripPair_199
pairs_10_14                          2583.7560      0.3    2366.0280    217.7280  0.0000  StripPair_185
pairs_10_15                          2568.8880      0.2    2348.5140    220.3740  0.0000  StripPair_171
pairs_10_16                          2637.8100      0.3    2418.9480    218.8620  0.0000  StripPair_157
pairs_10_17                          2639.3220      0.3    2419.8300    219.4920  0.0000  StripPair_143
pairs_10_18                          2625.4620      0.3    2407.3560    218.1060  0.0000  StripPair_129
pairs_10_19                          2640.5820      0.3    2420.2080    220.3740  0.0000  StripPair_115
pairs_10_2                           2644.1100      0.3    2425.2480    218.8620  0.0000  StripPair_353
pairs_10_20                          2662.3800      0.3    2443.5180    218.8620  0.0000  StripPair_101
pairs_10_21                          2646.2520      0.3    2427.0120    219.2400  0.0000  StripPair_87
pairs_10_22                          2654.9460      0.3    2437.5960    217.3500  0.0000  StripPair_73
pairs_10_23                          2646.2520      0.3    2427.3900    218.8620  0.0000  StripPair_59
pairs_10_24                          2651.1660      0.3    2432.3040    218.8620  0.0000  StripPair_45
pairs_10_25                          2645.7480      0.3    2429.1540    216.5940  0.0000  StripPair_31
pairs_10_26                          2629.4940      0.3    2412.9000    216.5940  0.0000  StripPair_17
pairs_10_27                          2563.9740      0.2    2348.5140    215.4600  0.0000  StripPair_3
pairs_10_3                           2651.9220      0.3    2432.3040    219.6180  0.0000  StripPair_339
pairs_10_4                           2633.7780      0.3    2414.1600    219.6180  0.0000  StripPair_325
pairs_10_5                           2633.7780      0.3    2413.4040    220.3740  0.0000  StripPair_311
pairs_10_6                           2642.0940      0.3    2420.5860    221.5080  0.0000  StripPair_297
pairs_10_7                           2630.1240      0.3    2412.7740    217.3500  0.0000  StripPair_283
pairs_10_8                           2638.6920      0.3    2420.9640    217.7280  0.0000  StripPair_269
pairs_10_9                           2644.2360      0.3    2425.3740    218.8620  0.0000  StripPair_255
pairs_11                             2393.1180      0.2    2171.9880    221.1300  0.0000  StripPair_380
pairs_11_1                           2643.4800      0.3    2424.9960    218.4840  0.0000  StripPair_366
pairs_11_10                          2643.2280      0.3    2423.9880    219.2400  0.0000  StripPair_240
pairs_11_11                          2646.0000      0.3    2426.7600    219.2400  0.0000  StripPair_226
pairs_11_12                          2668.6800      0.3    2449.4400    219.2400  0.0000  StripPair_212
pairs_11_13                          2638.5660      0.3    2418.9480    219.6180  0.0000  StripPair_198
pairs_11_14                          2581.8660      0.3    2364.5160    217.3500  0.0000  StripPair_184
pairs_11_15                          2575.6920      0.2    2359.0980    216.5940  0.0000  StripPair_170
pairs_11_16                          2663.1360      0.3    2443.5180    219.6180  0.0000  StripPair_156
pairs_11_17                          2644.2360      0.3    2427.5160    216.7200  0.0000  StripPair_142
pairs_11_18                          2646.2520      0.3    2428.1460    218.1060  0.0000  StripPair_128
pairs_11_19                          2648.6460      0.3    2429.7840    218.8620  0.0000  StripPair_114
pairs_11_2                           2638.3140      0.3    2421.3420    216.9720  0.0000  StripPair_352
pairs_11_20                          2644.8660      0.3    2425.6260    219.2400  0.0000  StripPair_100
pairs_11_21                          2669.9400      0.3    2449.9440    219.9960  0.0000  StripPair_86
pairs_11_22                          2644.6140      0.3    2426.1300    218.4840  0.0000  StripPair_72
pairs_11_23                          2670.8220      0.3    2454.2280    216.5940  0.0000  StripPair_58
pairs_11_24                          2658.7260      0.3    2439.1080    219.6180  0.0000  StripPair_44
pairs_11_25                          2650.4100      0.3    2431.1700    219.2400  0.0000  StripPair_30
pairs_11_26                          2654.3160      0.3    2436.2100    218.1060  0.0000  StripPair_16
pairs_11_27                          2546.4600      0.2    2330.2440    216.2160  0.0000  StripPair_2
pairs_11_3                           2673.3420      0.3    2455.6140    217.7280  0.0000  StripPair_338
pairs_11_4                           2633.4000      0.3    2413.4040    219.9960  0.0000  StripPair_324
pairs_11_5                           2623.5720      0.3    2405.4660    218.1060  0.0000  StripPair_310
pairs_11_6                           2667.6720      0.3    2447.6760    219.9960  0.0000  StripPair_296
pairs_11_7                           2654.9460      0.3    2436.0840    218.8620  0.0000  StripPair_282
pairs_11_8                           2647.1340      0.3    2429.0280    218.1060  0.0000  StripPair_268
pairs_11_9                           2644.6140      0.3    2424.9960    219.6180  0.0000  StripPair_254
pairs_12                             2384.0460      0.2    2164.0500    219.9960  0.0000  StripPair_379
pairs_12_1                           2662.3800      0.3    2441.2500    221.1300  0.0000  StripPair_365
pairs_12_10                          2624.2020      0.3    2404.9620    219.2400  0.0000  StripPair_239
pairs_12_11                          2670.8220      0.3    2450.0700    220.7520  0.0000  StripPair_225
pairs_12_12                          2651.0400      0.3    2431.8000    219.2400  0.0000  StripPair_211
pairs_12_13                          2638.0620      0.3    2419.9560    218.1060  0.0000  StripPair_197
pairs_12_14                          2591.6940      0.3    2374.3440    217.3500  0.0000  StripPair_183
pairs_12_15                          2578.0860      0.3    2359.2240    218.8620  0.0000  StripPair_169
pairs_12_16                          2621.3040      0.3    2401.3080    219.9960  0.0000  StripPair_155
pairs_12_17                          2655.1980      0.3    2435.2020    219.9960  0.0000  StripPair_141
pairs_12_18                          2650.2840      0.3    2429.9100    220.3740  0.0000  StripPair_127
pairs_12_19                          2639.1960      0.3    2420.7120    218.4840  0.0000  StripPair_113
pairs_12_2                           2643.3540      0.3    2421.8460    221.5080  0.0000  StripPair_351
pairs_12_20                          2668.6800      0.3    2447.9280    220.7520  0.0000  StripPair_99
pairs_12_21                          2637.5580      0.3    2415.6720    221.8860  0.0000  StripPair_85
pairs_12_22                          2668.6800      0.3    2448.3060    220.3740  0.0000  StripPair_71
pairs_12_23                          2640.9600      0.3    2420.9640    219.9960  0.0000  StripPair_57
pairs_12_24                          2644.3620      0.3    2424.3660    219.9960  0.0000  StripPair_43
pairs_12_25                          2637.0540      0.3    2420.0820    216.9720  0.0000  StripPair_29
pairs_12_26                          2649.2760      0.3    2432.6820    216.5940  0.0000  StripPair_15
pairs_12_27                          2564.4780      0.2    2349.3960    215.0820  0.0000  StripPair_1
pairs_12_3                           2649.0240      0.3    2430.1620    218.8620  0.0000  StripPair_337
pairs_12_4                           2647.7640      0.3    2429.6580    218.1060  0.0000  StripPair_323
pairs_12_5                           2648.2680      0.3    2428.6500    219.6180  0.0000  StripPair_309
pairs_12_6                           2610.7200      0.3    2390.7240    219.9960  0.0000  StripPair_295
pairs_12_7                           2663.2620      0.3    2444.7780    218.4840  0.0000  StripPair_281
pairs_12_8                           2645.2440      0.3    2425.6260    219.6180  0.0000  StripPair_267
pairs_12_9                           2642.2200      0.3    2421.4680    220.7520  0.0000  StripPair_253
pairs_13                             2400.4260      0.2    2182.6980    217.7280  0.0000  StripPair_378
pairs_13_1                           2616.3900      0.3    2400.5520    215.8380  0.0000  StripPair_364
pairs_13_10                          2635.1640      0.3    2417.4360    217.7280  0.0000  StripPair_238
pairs_13_11                          2618.4060      0.3    2399.9220    218.4840  0.0000  StripPair_224
pairs_13_12                          2636.2980      0.3    2421.2160    215.0820  0.0000  StripPair_210
pairs_13_13                          2636.2980      0.3    2421.5940    214.7040  0.0000  StripPair_196
pairs_13_14                          2575.0620      0.2    2358.8460    216.2160  0.0000  StripPair_182
pairs_13_15                          2616.1380      0.3    2398.7880    217.3500  0.0000  StripPair_168
pairs_13_16                          2652.3000      0.3    2435.7060    216.5940  0.0000  StripPair_154
pairs_13_17                          2619.4140      0.3    2403.1980    216.2160  0.0000  StripPair_140
pairs_13_18                          2614.7520      0.3    2400.4260    214.3260  0.0000  StripPair_126
pairs_13_19                          2619.2880      0.3    2403.8280    215.4600  0.0000  StripPair_112
pairs_13_2                           2650.6620      0.3    2432.9340    217.7280  0.0000  StripPair_350
pairs_13_20                          2650.7880      0.3    2436.8400    213.9480  0.0000  StripPair_98
pairs_13_21                          2609.7120      0.3    2395.0080    214.7040  0.0000  StripPair_84
pairs_13_22                          2637.4320      0.3    2423.1060    214.3260  0.0000  StripPair_70
pairs_13_23                          2654.8200      0.3    2438.6040    216.2160  0.0000  StripPair_56
pairs_13_24                          2618.5320      0.3    2402.6940    215.8380  0.0000  StripPair_42
pairs_13_25                          2630.8800      0.3    2413.1520    217.7280  0.0000  StripPair_28
pairs_13_26                          2672.9640      0.3    2457.8820    215.0820  0.0000  StripPair_14
pairs_13_27                          2585.0160      0.3    2372.9580    212.0580  0.0000  StripPair_0
pairs_13_3                           2645.3700      0.3    2428.7760    216.5940  0.0000  StripPair_336
pairs_13_4                           2614.7520      0.3    2400.8040    213.9480  0.0000  StripPair_322
pairs_13_5                           2638.4400      0.3    2421.8460    216.5940  0.0000  StripPair_308
pairs_13_6                           2633.1480      0.3    2419.2000    213.9480  0.0000  StripPair_294
pairs_13_7                           2605.5540      0.3    2390.8500    214.7040  0.0000  StripPair_280
pairs_13_8                           2633.5260      0.3    2416.9320    216.5940  0.0000  StripPair_266
pairs_13_9                           2640.3300      0.3    2424.1140    216.2160  0.0000  StripPair_252
pairs_1_1                            2650.4100      0.3    2432.3040    218.1060  0.0000  StripPair_376
pairs_1_10                           2655.7020      0.3    2436.0840    219.6180  0.0000  StripPair_250
pairs_1_11                           2637.6840      0.3    2417.3100    220.3740  0.0000  StripPair_236
pairs_1_12                           2645.1180      0.3    2425.5000    219.6180  0.0000  StripPair_222
pairs_1_13                           2651.7960      0.3    2433.6900    218.1060  0.0000  StripPair_208
pairs_1_14                           2580.7320      0.3    2362.3740    218.3580  0.0000  StripPair_194
pairs_1_15                           2592.1980      0.3    2371.8240    220.3740  0.0000  StripPair_180
pairs_1_16                           2663.1360      0.3    2442.7620    220.3740  0.0000  StripPair_166
pairs_1_17                           2634.5340      0.3    2416.0500    218.4840  0.0000  StripPair_152
pairs_1_18                           2655.1980      0.3    2435.5800    219.6180  0.0000  StripPair_138
pairs_1_19                           2659.9860      0.3    2443.3920    216.5940  0.0000  StripPair_124
pairs_1_2                            2651.1660      0.3    2430.1620    221.0040  0.0000  StripPair_362
pairs_1_20                           2646.5040      0.3    2427.6420    218.8620  0.0000  StripPair_110
pairs_1_21                           2659.4820      0.3    2439.8640    219.6180  0.0000  StripPair_96
pairs_1_22                           2662.8840      0.3    2442.8880    219.9960  0.0000  StripPair_82
pairs_1_23                           2657.9700      0.3    2442.5100    215.4600  0.0000  StripPair_68
pairs_1_24                           2658.4740      0.3    2438.8560    219.6180  0.0000  StripPair_54
pairs_1_25                           2640.8340      0.3    2420.8380    219.9960  0.0000  StripPair_40
pairs_1_26                           2645.1180      0.3    2428.5240    216.5940  0.0000  StripPair_26
pairs_1_27                           2585.0160      0.3    2369.9340    215.0820  0.0000  StripPair_12
pairs_1_3                            2644.9920      0.3    2426.8860    218.1060  0.0000  StripPair_348
pairs_1_4                            2662.0020      0.3    2443.5180    218.4840  0.0000  StripPair_334
pairs_1_5                            2664.6480      0.3    2444.2740    220.3740  0.0000  StripPair_320
pairs_1_6                            2658.4740      0.3    2438.8560    219.6180  0.0000  StripPair_306
pairs_1_7                            2628.8640      0.3    2411.8920    216.9720  0.0000  StripPair_292
pairs_1_8                            2656.8360      0.3    2438.3520    218.4840  0.0000  StripPair_278
pairs_1_9                            2673.4680      0.3    2452.3380    221.1300  0.0000  StripPair_264
pairs_2                              2401.9380      0.2    2180.8080    221.1300  0.0000  StripPair_389
pairs_2_1                            2644.8660      0.3    2425.2480    219.6180  0.0000  StripPair_375
pairs_2_10                           2656.5840      0.3    2438.1000    218.4840  0.0000  StripPair_249
pairs_2_11                           2643.3540      0.3    2425.6260    217.7280  0.0000  StripPair_235
pairs_2_12                           2665.9080      0.3    2445.1560    220.7520  0.0000  StripPair_221
pairs_2_13                           2654.5680      0.3    2434.5720    219.9960  0.0000  StripPair_207
pairs_2_14                           2624.4540      0.3    2407.4820    216.9720  0.0000  StripPair_193
pairs_2_15                           2580.9840      0.3    2361.3660    219.6180  0.0000  StripPair_179
pairs_2_16                           2661.3720      0.3    2442.8880    218.4840  0.0000  StripPair_165
pairs_2_17                           2646.5040      0.3    2426.5080    219.9960  0.0000  StripPair_151
pairs_2_18                           2629.2420      0.3    2410.0020    219.2400  0.0000  StripPair_137
pairs_2_19                           2632.7700      0.3    2414.2860    218.4840  0.0000  StripPair_123
pairs_2_2                            2666.0340      0.3    2447.5500    218.4840  0.0000  StripPair_361
pairs_2_20                           2671.8300      0.3    2454.4800    217.3500  0.0000  StripPair_109
pairs_2_21                           2643.7320      0.3    2422.2240    221.5080  0.0000  StripPair_95
pairs_2_22                           2652.5520      0.3    2435.9580    216.5940  0.0000  StripPair_81
pairs_2_23                           2629.8720      0.3    2412.5220    217.3500  0.0000  StripPair_67
pairs_2_24                           2675.2320      0.3    2454.4800    220.7520  0.0000  StripPair_53
pairs_2_25                           2646.3780      0.3    2429.0280    217.3500  0.0000  StripPair_39
pairs_2_26                           2650.9140      0.3    2433.9420    216.9720  0.0000  StripPair_25
pairs_2_27                           2574.3060      0.2    2358.0900    216.2160  0.0000  StripPair_11
pairs_2_3                            2667.6720      0.3    2451.0780    216.5940  0.0000  StripPair_347
pairs_2_4                            2640.2040      0.3    2419.4520    220.7520  0.0000  StripPair_333
pairs_2_5                            2640.0780      0.3    2419.7040    220.3740  0.0000  StripPair_319
pairs_2_6                            2629.8720      0.3    2411.7660    218.1060  0.0000  StripPair_305
pairs_2_7                            2663.3880      0.3    2442.6360    220.7520  0.0000  StripPair_291
pairs_2_8                            2664.3960      0.3    2445.5340    218.8620  0.0000  StripPair_277
pairs_2_9                            2647.2600      0.3    2426.1300    221.1300  0.0000  StripPair_263
pairs_3                              2409.2460      0.2    2187.3600    221.8860  0.0000  StripPair_388
pairs_3_1                            2663.0100      0.3    2445.2820    217.7280  0.0000  StripPair_374
pairs_3_10                           2633.2740      0.3    2413.2780    219.9960  0.0000  StripPair_248
pairs_3_11                           2623.1940      0.3    2404.7100    218.4840  0.0000  StripPair_234
pairs_3_12                           2647.2600      0.3    2427.6420    219.6180  0.0000  StripPair_220
pairs_3_13                           2656.5840      0.3    2439.2340    217.3500  0.0000  StripPair_206
pairs_3_14                           2590.1820      0.3    2372.4540    217.7280  0.0000  StripPair_192
pairs_3_15                           2569.3920      0.2    2350.5300    218.8620  0.0000  StripPair_178
pairs_3_16                           2639.3220      0.3    2418.9480    220.3740  0.0000  StripPair_164
pairs_3_17                           2664.2700      0.3    2443.8960    220.3740  0.0000  StripPair_150
pairs_3_18                           2643.4800      0.3    2425.3740    218.1060  0.0000  StripPair_136
pairs_3_19                           2647.0080      0.3    2426.2560    220.7520  0.0000  StripPair_122
pairs_3_2                            2636.8020      0.3    2420.5860    216.2160  0.0000  StripPair_360
pairs_3_20                           2657.8440      0.3    2439.3600    218.4840  0.0000  StripPair_108
pairs_3_21                           2644.4880      0.3    2426.3820    218.1060  0.0000  StripPair_94
pairs_3_22                           2670.8220      0.3    2451.2040    219.6180  0.0000  StripPair_80
pairs_3_23                           2623.1940      0.3    2403.5760    219.6180  0.0000  StripPair_66
pairs_3_24                           2634.9120      0.3    2416.4280    218.4840  0.0000  StripPair_52
pairs_3_25                           2672.0820      0.3    2452.4640    219.6180  0.0000  StripPair_38
pairs_3_26                           2644.2360      0.3    2424.6180    219.6180  0.0000  StripPair_24
pairs_3_27                           2575.1880      0.2    2359.7280    215.4600  0.0000  StripPair_10
pairs_3_3                            2647.6380      0.3    2428.0200    219.6180  0.0000  StripPair_346
pairs_3_4                            2626.2180      0.3    2408.1120    218.1060  0.0000  StripPair_332
pairs_3_5                            2680.9020      0.3    2465.4420    215.4600  0.0000  StripPair_318
pairs_3_6                            2673.8460      0.3    2451.9600    221.8860  0.0000  StripPair_304
pairs_3_7                            2650.9140      0.3    2428.6500    222.2640  0.0000  StripPair_290
pairs_3_8                            2655.8280      0.3    2437.3440    218.4840  0.0000  StripPair_276
pairs_3_9                            2661.8760      0.3    2442.2580    219.6180  0.0000  StripPair_262
pairs_4                              2403.4500      0.2    2184.2100    219.2400  0.0000  StripPair_387
pairs_4_1                            2645.8740      0.3    2427.7680    218.1060  0.0000  StripPair_373
pairs_4_10                           2633.9040      0.3    2415.4200    218.4840  0.0000  StripPair_247
pairs_4_11                           2669.1840      0.3    2448.8100    220.3740  0.0000  StripPair_233
pairs_4_12                           2637.6840      0.3    2419.5780    218.1060  0.0000  StripPair_219
pairs_4_13                           2671.3260      0.3    2451.7080    219.6180  0.0000  StripPair_205
pairs_4_14                           2579.0940      0.3    2361.7440    217.3500  0.0000  StripPair_191
pairs_4_15                           2587.0320      0.3    2367.0360    219.9960  0.0000  StripPair_177
pairs_4_16                           2665.2780      0.3    2446.7940    218.4840  0.0000  StripPair_163
pairs_4_17                           2659.9860      0.3    2439.9900    219.9960  0.0000  StripPair_149
pairs_4_18                           2646.6300      0.3    2428.9020    217.7280  0.0000  StripPair_135
pairs_4_19                           2647.8900      0.3    2426.7600    221.1300  0.0000  StripPair_121
pairs_4_2                            2654.8200      0.3    2437.0920    217.7280  0.0000  StripPair_359
pairs_4_20                           2643.8580      0.3    2424.6180    219.2400  0.0000  StripPair_107
pairs_4_21                           2671.0740      0.3    2449.5660    221.5080  0.0000  StripPair_93
pairs_4_22                           2657.4660      0.3    2435.9580    221.5080  0.0000  StripPair_79
pairs_4_23                           2653.6860      0.3    2435.5800    218.1060  0.0000  StripPair_65
pairs_4_24                           2669.1840      0.3    2452.2120    216.9720  0.0000  StripPair_51
pairs_4_25                           2679.3900      0.3    2463.9300    215.4600  0.0000  StripPair_37
pairs_4_26                           2648.3940      0.3    2431.0440    217.3500  0.0000  StripPair_23
pairs_4_27                           2555.4060      0.2    2340.7020    214.7040  0.0000  StripPair_9
pairs_4_3                            2633.7780      0.3    2414.9160    218.8620  0.0000  StripPair_345
pairs_4_4                            2650.7880      0.3    2429.6580    221.1300  0.0000  StripPair_331
pairs_4_5                            2633.6520      0.3    2412.9000    220.7520  0.0000  StripPair_317
pairs_4_6                            2643.8580      0.3    2422.7280    221.1300  0.0000  StripPair_303
pairs_4_7                            2642.3460      0.3    2421.9720    220.3740  0.0000  StripPair_289
pairs_4_8                            2645.7480      0.3    2425.7520    219.9960  0.0000  StripPair_275
pairs_4_9                            2649.7800      0.3    2430.5400    219.2400  0.0000  StripPair_261
pairs_5                              2421.0900      0.2    2200.7160    220.3740  0.0000  StripPair_386
pairs_5_1                            2673.4680      0.3    2455.3620    218.1060  0.0000  StripPair_372
pairs_5_10                           2622.8160      0.3    2401.3080    221.5080  0.0000  StripPair_246
pairs_5_11                           2627.2260      0.3    2408.3640    218.8620  0.0000  StripPair_232
pairs_5_12                           2624.4540      0.3    2403.7020    220.7520  0.0000  StripPair_218
pairs_5_13                           2687.5800      0.3    2469.4740    218.1060  0.0000  StripPair_204
pairs_5_14                           2585.6460      0.3    2367.9180    217.7280  0.0000  StripPair_190
pairs_5_15                           2567.2500      0.2    2348.3880    218.8620  0.0000  StripPair_176
pairs_5_16                           2641.0860      0.3    2425.2480    215.8380  0.0000  StripPair_162
pairs_5_17                           2664.7740      0.3    2444.7780    219.9960  0.0000  StripPair_148
pairs_5_18                           2668.0500      0.3    2445.7860    222.2640  0.0000  StripPair_134
pairs_5_19                           2628.2340      0.3    2406.7260    221.5080  0.0000  StripPair_120
pairs_5_2                            2670.0660      0.3    2453.4720    216.5940  0.0000  StripPair_358
pairs_5_20                           2643.3540      0.3    2422.9800    220.3740  0.0000  StripPair_106
pairs_5_21                           2636.5500      0.3    2416.1760    220.3740  0.0000  StripPair_92
pairs_5_22                           2617.1460      0.3    2398.2840    218.8620  0.0000  StripPair_78
pairs_5_23                           2663.0100      0.3    2445.2820    217.7280  0.0000  StripPair_64
pairs_5_24                           2652.6780      0.3    2436.8400    215.8380  0.0000  StripPair_50
pairs_5_25                           2632.7700      0.3    2413.9080    218.8620  0.0000  StripPair_36
pairs_5_26                           2662.1280      0.3    2444.7780    217.3500  0.0000  StripPair_22
pairs_5_27                           2546.8380      0.2    2332.1340    214.7040  0.0000  StripPair_8
pairs_5_3                            2669.4360      0.3    2449.8180    219.6180  0.0000  StripPair_344
pairs_5_4                            2644.3620      0.3    2425.5000    218.8620  0.0000  StripPair_330
pairs_5_5                            2642.0940      0.3    2421.3420    220.7520  0.0000  StripPair_316
pairs_5_6                            2636.4240      0.3    2416.4280    219.9960  0.0000  StripPair_302
pairs_5_7                            2683.0440      0.3    2464.9380    218.1060  0.0000  StripPair_288
pairs_5_8                            2659.2300      0.3    2439.2340    219.9960  0.0000  StripPair_274
pairs_5_9                            2639.8260      0.3    2419.4520    220.3740  0.0000  StripPair_260
pairs_6                              2410.6320      0.2    2190.6360    219.9960  0.0000  StripPair_385
pairs_6_1                            2664.0180      0.3    2444.4000    219.6180  0.0000  StripPair_371
pairs_6_10                           2655.5760      0.3    2436.3360    219.2400  0.0000  StripPair_245
pairs_6_11                           2684.3040      0.3    2465.4420    218.8620  0.0000  StripPair_231
pairs_6_12                           2621.3040      0.3    2400.5520    220.7520  0.0000  StripPair_217
pairs_6_13                           2640.2040      0.3    2421.3420    218.8620  0.0000  StripPair_203
pairs_6_14                           2601.9000      0.3    2383.7940    218.1060  0.0000  StripPair_189
pairs_6_15                           2583.7560      0.3    2366.0280    217.7280  0.0000  StripPair_175
pairs_6_16                           2692.3680      0.3    2474.2620    218.1060  0.0000  StripPair_161
pairs_6_17                           2688.5880      0.3    2469.3480    219.2400  0.0000  StripPair_147
pairs_6_18                           2636.9280      0.3    2418.8220    218.1060  0.0000  StripPair_133
pairs_6_19                           2657.0880      0.3    2436.3360    220.7520  0.0000  StripPair_119
pairs_6_2                            2635.5420      0.3    2417.0580    218.4840  0.0000  StripPair_357
pairs_6_20                           2641.9680      0.3    2424.6180    217.3500  0.0000  StripPair_105
pairs_6_21                           2674.4760      0.3    2455.2360    219.2400  0.0000  StripPair_91
pairs_6_22                           2655.9540      0.3    2437.0920    218.8620  0.0000  StripPair_77
pairs_6_23                           2639.9520      0.3    2419.5780    220.3740  0.0000  StripPair_63
pairs_6_24                           2657.8440      0.3    2440.1160    217.7280  0.0000  StripPair_49
pairs_6_25                           2660.1120      0.3    2442.3840    217.7280  0.0000  StripPair_35
pairs_6_26                           2669.8140      0.3    2452.0860    217.7280  0.0000  StripPair_21
pairs_6_27                           2573.4240      0.2    2357.9640    215.4600  0.0000  StripPair_7
pairs_6_3                            2642.7240      0.3    2424.2400    218.4840  0.0000  StripPair_343
pairs_6_4                            2651.2920      0.3    2432.8080    218.4840  0.0000  StripPair_329
pairs_6_5                            2636.9280      0.3    2415.4200    221.5080  0.0000  StripPair_315
pairs_6_6                            2637.4320      0.3    2420.4600    216.9720  0.0000  StripPair_301
pairs_6_7                            2660.6160      0.3    2444.0220    216.5940  0.0000  StripPair_287
pairs_6_8                            2619.9180      0.3    2400.3000    219.6180  0.0000  StripPair_273
pairs_6_9                            2639.5740      0.3    2421.0900    218.4840  0.0000  StripPair_259
pairs_7                              2414.1600      0.2    2192.2740    221.8860  0.0000  StripPair_384
pairs_7_1                            2677.8780      0.3    2459.0160    218.8620  0.0000  StripPair_370
pairs_7_10                           2652.9300      0.3    2432.9340    219.9960  0.0000  StripPair_244
pairs_7_11                           2627.2260      0.3    2409.8760    217.3500  0.0000  StripPair_230
pairs_7_12                           2628.3600      0.3    2407.9860    220.3740  0.0000  StripPair_216
pairs_7_13                           2633.6520      0.3    2415.1680    218.4840  0.0000  StripPair_202
pairs_7_14                           2596.2300      0.3    2379.2580    216.9720  0.0000  StripPair_188
pairs_7_15                           2578.5900      0.3    2360.1060    218.4840  0.0000  StripPair_174
pairs_7_16                           2655.7020      0.3    2439.4860    216.2160  0.0000  StripPair_160
pairs_7_17                           2652.9300      0.3    2435.9580    216.9720  0.0000  StripPair_146
pairs_7_18                           2659.9860      0.3    2439.9900    219.9960  0.0000  StripPair_132
pairs_7_19                           2624.2020      0.3    2406.0960    218.1060  0.0000  StripPair_118
pairs_7_2                            2612.8620      0.3    2394.7560    218.1060  0.0000  StripPair_356
pairs_7_20                           2647.8900      0.3    2427.1380    220.7520  0.0000  StripPair_104
pairs_7_21                           2629.7460      0.3    2409.3720    220.3740  0.0000  StripPair_90
pairs_7_22                           2647.1340      0.3    2429.0280    218.1060  0.0000  StripPair_76
pairs_7_23                           2650.1580      0.3    2430.9180    219.2400  0.0000  StripPair_62
pairs_7_24                           2652.1740      0.3    2430.2880    221.8860  0.0000  StripPair_48
pairs_7_25                           2631.0060      0.3    2411.7660    219.2400  0.0000  StripPair_34
pairs_7_26                           2638.4400      0.3    2419.9560    218.4840  0.0000  StripPair_20
pairs_7_27                           2578.3380      0.3    2363.6340    214.7040  0.0000  StripPair_6
pairs_7_3                            2635.6680      0.3    2416.0500    219.6180  0.0000  StripPair_342
pairs_7_4                            2648.7720      0.3    2429.1540    219.6180  0.0000  StripPair_328
pairs_7_5                            2659.7340      0.3    2442.3840    217.3500  0.0000  StripPair_314
pairs_7_6                            2635.7940      0.3    2419.2000    216.5940  0.0000  StripPair_300
pairs_7_7                            2658.4740      0.3    2437.7220    220.7520  0.0000  StripPair_286
pairs_7_8                            2651.2920      0.3    2433.9420    217.3500  0.0000  StripPair_272
pairs_7_9                            2642.0940      0.3    2421.7200    220.3740  0.0000  StripPair_258
pairs_8                              2406.9780      0.2    2187.7380    219.2400  0.0000  StripPair_383
pairs_8_1                            2673.5940      0.3    2455.1100    218.4840  0.0000  StripPair_369
pairs_8_10                           2643.4800      0.3    2426.5080    216.9720  0.0000  StripPair_243
pairs_8_11                           2642.2200      0.3    2421.8460    220.3740  0.0000  StripPair_229
pairs_8_12                           2635.5420      0.3    2414.0340    221.5080  0.0000  StripPair_215
pairs_8_13                           2667.2940      0.3    2449.9440    217.3500  0.0000  StripPair_201
pairs_8_14                           2598.6240      0.3    2380.5180    218.1060  0.0000  StripPair_187
pairs_8_15                           2576.3220      0.3    2356.7040    219.6180  0.0000  StripPair_173
pairs_8_16                           2635.7940      0.3    2417.3100    218.4840  0.0000  StripPair_159
pairs_8_17                           2643.2280      0.3    2425.8780    217.3500  0.0000  StripPair_145
pairs_8_18                           2632.6440      0.3    2414.5380    218.1060  0.0000  StripPair_131
pairs_8_19                           2664.9000      0.3    2443.3920    221.5080  0.0000  StripPair_117
pairs_8_2                            2631.2580      0.3    2412.3960    218.8620  0.0000  StripPair_355
pairs_8_20                           2647.7640      0.3    2427.3900    220.3740  0.0000  StripPair_103
pairs_8_21                           2648.6460      0.3    2429.4060    219.2400  0.0000  StripPair_89
pairs_8_22                           2675.8620      0.3    2456.6220    219.2400  0.0000  StripPair_75
pairs_8_23                           2630.2500      0.3    2410.2540    219.9960  0.0000  StripPair_61
pairs_8_24                           2664.7740      0.3    2445.5340    219.2400  0.0000  StripPair_47
pairs_8_25                           2632.8960      0.3    2414.4120    218.4840  0.0000  StripPair_33
pairs_8_26                           2657.0880      0.3    2439.3600    217.7280  0.0000  StripPair_19
pairs_8_27                           2588.7960      0.3    2373.7140    215.0820  0.0000  StripPair_5
pairs_8_3                            2667.2940      0.3    2447.2980    219.9960  0.0000  StripPair_341
pairs_8_4                            2634.4080      0.3    2417.8140    216.5940  0.0000  StripPair_327
pairs_8_5                            2675.9880      0.3    2457.5040    218.4840  0.0000  StripPair_313
pairs_8_6                            2633.7780      0.3    2416.8060    216.9720  0.0000  StripPair_299
pairs_8_7                            2633.2740      0.3    2414.7900    218.4840  0.0000  StripPair_285
pairs_8_8                            2644.2360      0.3    2427.2640    216.9720  0.0000  StripPair_271
pairs_8_9                            2658.4740      0.3    2438.4780    219.9960  0.0000  StripPair_257
pairs_9                              2394.3780      0.2    2174.3820    219.9960  0.0000  StripPair_382
pairs_9_1                            2639.4480      0.3    2421.3420    218.1060  0.0000  StripPair_368
pairs_9_10                           2627.9820      0.3    2407.9860    219.9960  0.0000  StripPair_242
pairs_9_11                           2630.6280      0.3    2412.5220    218.1060  0.0000  StripPair_228
pairs_9_12                           2666.7900      0.3    2448.6840    218.1060  0.0000  StripPair_214
pairs_9_13                           2654.5680      0.3    2434.1940    220.3740  0.0000  StripPair_200
pairs_9_14                           2571.1560      0.2    2353.8060    217.3500  0.0000  StripPair_186
pairs_9_15                           2579.0940      0.3    2360.9880    218.1060  0.0000  StripPair_172
pairs_9_16                           2624.7060      0.3    2406.6000    218.1060  0.0000  StripPair_158
pairs_9_17                           2627.2260      0.3    2408.7420    218.4840  0.0000  StripPair_144
pairs_9_18                           2642.9760      0.3    2420.7120    222.2640  0.0000  StripPair_130
pairs_9_19                           2637.3060      0.3    2417.3100    219.9960  0.0000  StripPair_116
pairs_9_2                            2630.3760      0.3    2413.0260    217.3500  0.0000  StripPair_354
pairs_9_20                           2632.8960      0.3    2411.3880    221.5080  0.0000  StripPair_102
pairs_9_21                           2635.4160      0.3    2417.3100    218.1060  0.0000  StripPair_88
pairs_9_22                           2657.5920      0.3    2440.6200    216.9720  0.0000  StripPair_74
pairs_9_23                           2668.8060      0.3    2450.3220    218.4840  0.0000  StripPair_60
pairs_9_24                           2627.1000      0.3    2408.9940    218.1060  0.0000  StripPair_46
pairs_9_25                           2650.2840      0.3    2430.6660    219.6180  0.0000  StripPair_32
pairs_9_26                           2628.2340      0.3    2410.5060    217.7280  0.0000  StripPair_18
pairs_9_27                           2557.8000      0.2    2342.7180    215.0820  0.0000  StripPair_4
pairs_9_3                            2647.8900      0.3    2427.5160    220.3740  0.0000  StripPair_340
pairs_9_4                            2635.0380      0.3    2415.0420    219.9960  0.0000  StripPair_326
pairs_9_5                            2636.5500      0.3    2419.5780    216.9720  0.0000  StripPair_312
pairs_9_6                            2648.5200      0.3    2428.5240    219.9960  0.0000  StripPair_298
pairs_9_7                            2652.1740      0.3    2431.4220    220.7520  0.0000  StripPair_284
pairs_9_8                            2638.8180      0.3    2422.9800    215.8380  0.0000  StripPair_270
pairs_9_9                            2637.0540      0.3    2418.9480    218.1060  0.0000  StripPair_256
--------------------------------  ------------  -------  -----------  ----------  ------  -------------
Total                                                    944729.7310  85710.1127  0.0000

1
