 
****************************************
Report : area
Design : OneSaArray
Version: V-2023.12
Date   : Mon Apr  6 03:52:19 2026
****************************************

Library(s) Used:

    tcbn28hpcplusbwp30p140ffg0p99v0c_ccs (File: /hpc/Tech/TSMC/digital/N28/digital/Front_End/timing_power_noise/CCS/tcbn28hpcplusbwp30p140_180a/tcbn28hpcplusbwp30p140ffg0p99v0c_ccs.db)

Number of ports:                         3124
Number of nets:                        112199
Number of cells:                        94000
Number of combinational cells:          85167
Number of sequential cells:              8832
Number of macros/black boxes:               0
Number of buf/inv:                      11806
Number of references:                       1

Combinational area:              72299.807128
Buf/Inv area:                     2978.640047
Noncombinational area:           16993.367883
Macro/Black Box area:                0.000000
Net Interconnect area:      undefined  (Wire load has zero net area)

Total cell area:                 89293.175011
Total area:                 undefined

Hierarchical area distribution
------------------------------

                                  Global cell area            Local cell area
                                  -------------------  ------------------------------ 
Hierarchical cell                 Absolute    Percent  Combi-      Noncombi-   Black-
                                  Total       Total    national    national    boxes   Design
--------------------------------  ----------  -------  ----------  ----------  ------  ---------
OneSaArray                        89293.1750    100.0      0.0000      0.0000  0.0000  OneSaArray
mesh                              89293.1750    100.0  72299.8071  16993.3679  0.0000  OneSaMesh
--------------------------------  ----------  -------  ----------  ----------  ------  ---------
Total                                                  72299.8071  16993.3679  0.0000

1
