Information: Updating design information... (UID-85)
Warning: Design 'OneSaArray' contains 1 high-fanout nets. A fanout number of 1000 will be used for delay calculations involving these nets. (TIM-134)
 
****************************************
Report : timing
        -path full
        -delay max
        -nets
        -max_paths 1
        -transition_time
Design : OneSaArray
Version: V-2023.12
Date   : Mon Apr  6 03:52:19 2026
****************************************

 # A fanout number of 1000 was used for high fanout net computations.

Operating Conditions: ffg0p99v0c   Library: tcbn28hpcplusbwp30p140ffg0p99v0c_ccs
Wire Load Model Mode: segmented

  Startpoint: mesh/pes_3_4/regEast_lanes_0_reg[3]
              (rising edge-triggered flip-flop clocked by ideal_clock1)
  Endpoint: mesh/pes_3_5/regSharedPairs_0_reg[31]
            (rising edge-triggered flip-flop clocked by ideal_clock1)
  Path Group: ideal_clock1
  Path Type: max

  Des/Clust/Port     Wire Load Model       Library
  ------------------------------------------------
  OneSaArray         ZeroWireload          tcbn28hpcplusbwp30p140ffg0p99v0c_ccs
  OneSaMesh          ZeroWireload          tcbn28hpcplusbwp30p140ffg0p99v0c_ccs

Attributes:
    d - dont_touch
    u - dont_use
   mo - map_only
   so - size_only
    i - ideal_net or ideal_network
  inf - infeasible path

  Point                                             Fanout     Trans      Incr       Path      Attributes
  ---------------------------------------------------------------------------------------------------------------
  clock ideal_clock1 (rise edge)                                          0.00       0.00
  clock network delay (ideal)                                             0.00       0.00
  mesh/pes_3_4/regEast_lanes_0_reg[3]/CP (DFQD2BWP30P140)       0.00      0.00 #     0.00 r
  mesh/pes_3_4/regEast_lanes_0_reg[3]/Q (DFQD2BWP30P140)        0.03      0.05       0.05 f
  mesh/_pes_3_4_io_eastOut_lanes_0[3] (net)          22                   0.00       0.05 f
  mesh/U807/ZN (INVD0BWP30P140)                                 0.09      0.06       0.11 r
  mesh/n56548 (net)                                  21                   0.00       0.11 r
  mesh/U5244/ZN (AOI22D1BWP30P140)                              0.04      0.03       0.14 f
  mesh/n56699 (net)                                   7                   0.00       0.14 f
  mesh/U5245/ZN (INVD1BWP30P140)                                0.03      0.03       0.17 r
  mesh/n56634 (net)                                  13                   0.00       0.17 r
  mesh/U5249/ZN (ND4D0BWP30P140)                                0.06      0.04       0.21 f
  mesh/intadd_2063/A[0] (net)                         2                   0.00       0.21 f
  mesh/U71935/ZN (OAI21D1BWP30P140)                             0.03      0.02       0.23 r
  mesh/intadd_2065/B[1] (net)                         1                   0.00       0.23 r
  mesh/intadd_2065/U3/S (FA1D1BWP30P140)                        0.01      0.04       0.27 f    mo 
  mesh/intadd_2065/SUM[1] (net)                       1                   0.00       0.27 f
  mesh/U63819/CO (FA1D0BWP30P140)                               0.02      0.03       0.30 f
  mesh/intadd_2065/B[2] (net)                         1                   0.00       0.30 f
  mesh/U74480/S (FA1D1BWP30P140)                                0.01      0.05       0.34 r    mo 
  mesh/intadd_2065/SUM[2] (net)                       2                   0.00       0.34 r
  mesh/U18256/ZN (ND2D1BWP30P140)                               0.01      0.01       0.35 f
  mesh/n10184 (net)                                   2                   0.00       0.35 f
  mesh/U18737/ZN (AOI21D1BWP30P140)                             0.02      0.01       0.37 r
  mesh/n10772 (net)                                   2                   0.00       0.37 r
  mesh/U19554/ZN (MAOI222D0BWP30P140)                           0.04      0.03       0.39 f
  mesh/n11393 (net)                                   2                   0.00       0.39 f
  mesh/U20222/ZN (MAOI222D0BWP30P140)                           0.03      0.03       0.42 r
  mesh/n11928 (net)                                   2                   0.00       0.42 r
  mesh/U20952/ZN (MAOI222D0BWP30P140)                           0.04      0.03       0.45 f
  mesh/n12683 (net)                                   2                   0.00       0.45 f
  mesh/U21736/ZN (MAOI222D0BWP30P140)                           0.04      0.03       0.48 r
  mesh/n13177 (net)                                   2                   0.00       0.48 r
  mesh/U22540/ZN (MAOI222D1BWP30P140)                           0.03      0.02       0.51 f
  mesh/n13804 (net)                                   2                   0.00       0.51 f
  mesh/U23185/ZN (MAOI222D1BWP30P140)                           0.02      0.02       0.53 r
  mesh/n14320 (net)                                   2                   0.00       0.53 r
  mesh/U24051/ZN (MAOI222D1BWP30P140)                           0.03      0.02       0.55 f
  mesh/n14701 (net)                                   2                   0.00       0.55 f
  mesh/U24375/ZN (MAOI222D1BWP30P140)                           0.02      0.02       0.57 r
  mesh/n15361 (net)                                   2                   0.00       0.57 r
  mesh/U25239/ZN (MAOI222D1BWP30P140)                           0.03      0.02       0.60 f
  mesh/n15901 (net)                                   2                   0.00       0.60 f
  mesh/U25909/ZN (MAOI222D1BWP30P140)                           0.03      0.02       0.62 r
  mesh/n16692 (net)                                   2                   0.00       0.62 r
  mesh/U26809/ZN (MAOI222D1BWP30P140)                           0.03      0.02       0.64 f
  mesh/n17360 (net)                                   2                   0.00       0.64 f
  mesh/U27672/ZN (MAOI222D1BWP30P140)                           0.03      0.02       0.67 r
  mesh/n17999 (net)                                   2                   0.00       0.67 r
  mesh/U28330/ZN (MAOI222D1BWP30P140)                           0.03      0.02       0.69 f
  mesh/n18480 (net)                                   2                   0.00       0.69 f
  mesh/U2405/ZN (MAOI222D1BWP30P140)                            0.02      0.02       0.71 r
  mesh/n18973 (net)                                   2                   0.00       0.71 r
  mesh/U2377/ZN (MAOI222D1BWP30P140)                            0.03      0.02       0.73 f
  mesh/n19802 (net)                                   2                   0.00       0.73 f
  mesh/U30841/ZN (MAOI222D1BWP30P140)                           0.02      0.02       0.75 r
  mesh/n21474 (net)                                   2                   0.00       0.75 r
  mesh/U2306/ZN (MAOI222D1BWP30P140)                            0.03      0.02       0.77 f
  mesh/n24117 (net)                                   2                   0.00       0.77 f
  mesh/U21/ZN (OAI22OPTPBD1BWP30P140)                           0.02      0.02       0.79 r
  mesh/n27166 (net)                                   2                   0.00       0.79 r
  mesh/U42917/ZN (MAOI222D2BWP30P140)                           0.02      0.02       0.80 f
  mesh/n30622 (net)                                   2                   0.00       0.80 f
  mesh/U47594/ZN (MAOI222D1BWP30P140)                           0.02      0.02       0.83 r
  mesh/n35151 (net)                                   2                   0.00       0.83 r
  mesh/U53912/ZN (MAOI222D1BWP30P140)                           0.03      0.02       0.85 f
  mesh/n38966 (net)                                   2                   0.00       0.85 f
  mesh/U58736/ZN (MAOI222D1BWP30P140)                           0.03      0.02       0.87 r
  mesh/n56773 (net)                                   2                   0.00       0.87 r
  mesh/U72071/ZN (MAOI222D1BWP30P140)                           0.03      0.02       0.90 f
  mesh/n56794 (net)                                   2                   0.00       0.90 f
  mesh/U72083/ZN (MAOI222D1BWP30P140)                           0.03      0.02       0.92 r
  mesh/n56802 (net)                                   2                   0.00       0.92 r
  mesh/U72088/ZN (MAOI222D1BWP30P140)                           0.02      0.02       0.94 f
  mesh/n56804 (net)                                   1                   0.00       0.94 f
  mesh/U72089/ZN (XNR2UD1BWP30P140)                             0.02      0.02       0.96 f
  mesh/n56807 (net)                                   2                   0.00       0.96 f
  mesh/U72090/ZN (INVD1BWP30P140)                               0.01      0.01       0.96 r
  mesh/n56810 (net)                                   1                   0.00       0.96 r
  mesh/U1031/ZN (IAO21D1BWP30P140)                              0.01      0.01       0.98 r
  mesh/n56811 (net)                                   1                   0.00       0.98 r
  mesh/U72093/Z (AO21D1BWP30P140)                               0.01      0.01       0.99 r
  mesh/n1273 (net)                                    1                   0.00       0.99 r
  mesh/pes_3_5/regSharedPairs_0_reg[31]/D (DFQD1BWP30P140)      0.01      0.00       0.99 r
  data arrival time                                                                  0.99

  clock ideal_clock1 (rise edge)                                          1.00       1.00
  clock network delay (ideal)                                             0.00       1.00
  mesh/pes_3_5/regSharedPairs_0_reg[31]/CP (DFQD1BWP30P140)               0.00       1.00 r
  library setup time                                                     -0.01       0.99
  data required time                                                                 0.99
  ---------------------------------------------------------------------------------------------------------------
  data required time                                                                 0.99
  data arrival time                                                                 -0.99
  ---------------------------------------------------------------------------------------------------------------
  slack (MET)                                                                        0.00


1
