 
****************************************
Report : power
        -hier
        -analysis_effort low
Design : FuseMax2DArray
Version: V-2023.12
Date   : Mon Apr  6 06:59:49 2026
****************************************


Library(s) Used:

    tcbn28hpcplusbwp30p140ffg0p99v0c_ccs (File: /hpc/Tech/TSMC/digital/N28/digital/Front_End/timing_power_noise/CCS/tcbn28hpcplusbwp30p140_180a/tcbn28hpcplusbwp30p140ffg0p99v0c_ccs.db)


Operating Conditions: ffg0p99v0c   Library: tcbn28hpcplusbwp30p140ffg0p99v0c_ccs
Wire Load Model Mode: segmented

Design        Wire Load Model            Library
------------------------------------------------
FuseMax2DArray         ZeroWireload      tcbn28hpcplusbwp30p140ffg0p99v0c_ccs
FuseMax2DPE_143        ZeroWireload      tcbn28hpcplusbwp30p140ffg0p99v0c_ccs
FuseMax2DPE_132        ZeroWireload      tcbn28hpcplusbwp30p140ffg0p99v0c_ccs
FuseMax2DPE_0          ZeroWireload      tcbn28hpcplusbwp30p140ffg0p99v0c_ccs
FuseMax2DPE_12         ZeroWireload      tcbn28hpcplusbwp30p140ffg0p99v0c_ccs
FuseMax2DPE_24         ZeroWireload      tcbn28hpcplusbwp30p140ffg0p99v0c_ccs
FuseMax2DPE_36         ZeroWireload      tcbn28hpcplusbwp30p140ffg0p99v0c_ccs
FuseMax2DPE_48         ZeroWireload      tcbn28hpcplusbwp30p140ffg0p99v0c_ccs
FuseMax2DPE_60         ZeroWireload      tcbn28hpcplusbwp30p140ffg0p99v0c_ccs
FuseMax2DPE_72         ZeroWireload      tcbn28hpcplusbwp30p140ffg0p99v0c_ccs
FuseMax2DPE_84         ZeroWireload      tcbn28hpcplusbwp30p140ffg0p99v0c_ccs
FuseMax2DPE_96         ZeroWireload      tcbn28hpcplusbwp30p140ffg0p99v0c_ccs
FuseMax2DPE_108        ZeroWireload      tcbn28hpcplusbwp30p140ffg0p99v0c_ccs
FuseMax2DPE_120        ZeroWireload      tcbn28hpcplusbwp30p140ffg0p99v0c_ccs
FuseMax2DPE_1          ZeroWireload      tcbn28hpcplusbwp30p140ffg0p99v0c_ccs
FuseMax2DPE_2          ZeroWireload      tcbn28hpcplusbwp30p140ffg0p99v0c_ccs
FuseMax2DPE_3          ZeroWireload      tcbn28hpcplusbwp30p140ffg0p99v0c_ccs
FuseMax2DPE_4          ZeroWireload      tcbn28hpcplusbwp30p140ffg0p99v0c_ccs
FuseMax2DPE_5          ZeroWireload      tcbn28hpcplusbwp30p140ffg0p99v0c_ccs
FuseMax2DPE_6          ZeroWireload      tcbn28hpcplusbwp30p140ffg0p99v0c_ccs
FuseMax2DPE_7          ZeroWireload      tcbn28hpcplusbwp30p140ffg0p99v0c_ccs
FuseMax2DPE_8          ZeroWireload      tcbn28hpcplusbwp30p140ffg0p99v0c_ccs
FuseMax2DPE_9          ZeroWireload      tcbn28hpcplusbwp30p140ffg0p99v0c_ccs
FuseMax2DPE_10         ZeroWireload      tcbn28hpcplusbwp30p140ffg0p99v0c_ccs
FuseMax2DPE_11         ZeroWireload      tcbn28hpcplusbwp30p140ffg0p99v0c_ccs
FuseMax2DPE_13         ZeroWireload      tcbn28hpcplusbwp30p140ffg0p99v0c_ccs
FuseMax2DPE_14         ZeroWireload      tcbn28hpcplusbwp30p140ffg0p99v0c_ccs
FuseMax2DPE_15         ZeroWireload      tcbn28hpcplusbwp30p140ffg0p99v0c_ccs
FuseMax2DPE_16         ZeroWireload      tcbn28hpcplusbwp30p140ffg0p99v0c_ccs
FuseMax2DPE_17         ZeroWireload      tcbn28hpcplusbwp30p140ffg0p99v0c_ccs
FuseMax2DPE_18         ZeroWireload      tcbn28hpcplusbwp30p140ffg0p99v0c_ccs
FuseMax2DPE_19         ZeroWireload      tcbn28hpcplusbwp30p140ffg0p99v0c_ccs
FuseMax2DPE_20         ZeroWireload      tcbn28hpcplusbwp30p140ffg0p99v0c_ccs
FuseMax2DPE_21         ZeroWireload      tcbn28hpcplusbwp30p140ffg0p99v0c_ccs
FuseMax2DPE_22         ZeroWireload      tcbn28hpcplusbwp30p140ffg0p99v0c_ccs
FuseMax2DPE_23         ZeroWireload      tcbn28hpcplusbwp30p140ffg0p99v0c_ccs
FuseMax2DPE_25         ZeroWireload      tcbn28hpcplusbwp30p140ffg0p99v0c_ccs
FuseMax2DPE_26         ZeroWireload      tcbn28hpcplusbwp30p140ffg0p99v0c_ccs
FuseMax2DPE_27         ZeroWireload      tcbn28hpcplusbwp30p140ffg0p99v0c_ccs
FuseMax2DPE_28         ZeroWireload      tcbn28hpcplusbwp30p140ffg0p99v0c_ccs
FuseMax2DPE_29         ZeroWireload      tcbn28hpcplusbwp30p140ffg0p99v0c_ccs
FuseMax2DPE_30         ZeroWireload      tcbn28hpcplusbwp30p140ffg0p99v0c_ccs
FuseMax2DPE_31         ZeroWireload      tcbn28hpcplusbwp30p140ffg0p99v0c_ccs
FuseMax2DPE_32         ZeroWireload      tcbn28hpcplusbwp30p140ffg0p99v0c_ccs
FuseMax2DPE_33         ZeroWireload      tcbn28hpcplusbwp30p140ffg0p99v0c_ccs
FuseMax2DPE_34         ZeroWireload      tcbn28hpcplusbwp30p140ffg0p99v0c_ccs
FuseMax2DPE_35         ZeroWireload      tcbn28hpcplusbwp30p140ffg0p99v0c_ccs
FuseMax2DPE_37         ZeroWireload      tcbn28hpcplusbwp30p140ffg0p99v0c_ccs
FuseMax2DPE_38         ZeroWireload      tcbn28hpcplusbwp30p140ffg0p99v0c_ccs
FuseMax2DPE_39         ZeroWireload      tcbn28hpcplusbwp30p140ffg0p99v0c_ccs
FuseMax2DPE_40         ZeroWireload      tcbn28hpcplusbwp30p140ffg0p99v0c_ccs
FuseMax2DPE_41         ZeroWireload      tcbn28hpcplusbwp30p140ffg0p99v0c_ccs
FuseMax2DPE_42         ZeroWireload      tcbn28hpcplusbwp30p140ffg0p99v0c_ccs
FuseMax2DPE_43         ZeroWireload      tcbn28hpcplusbwp30p140ffg0p99v0c_ccs
FuseMax2DPE_44         ZeroWireload      tcbn28hpcplusbwp30p140ffg0p99v0c_ccs
FuseMax2DPE_45         ZeroWireload      tcbn28hpcplusbwp30p140ffg0p99v0c_ccs
FuseMax2DPE_46         ZeroWireload      tcbn28hpcplusbwp30p140ffg0p99v0c_ccs
FuseMax2DPE_47         ZeroWireload      tcbn28hpcplusbwp30p140ffg0p99v0c_ccs
FuseMax2DPE_49         ZeroWireload      tcbn28hpcplusbwp30p140ffg0p99v0c_ccs
FuseMax2DPE_50         ZeroWireload      tcbn28hpcplusbwp30p140ffg0p99v0c_ccs
FuseMax2DPE_51         ZeroWireload      tcbn28hpcplusbwp30p140ffg0p99v0c_ccs
FuseMax2DPE_52         ZeroWireload      tcbn28hpcplusbwp30p140ffg0p99v0c_ccs
FuseMax2DPE_53         ZeroWireload      tcbn28hpcplusbwp30p140ffg0p99v0c_ccs
FuseMax2DPE_54         ZeroWireload      tcbn28hpcplusbwp30p140ffg0p99v0c_ccs
FuseMax2DPE_55         ZeroWireload      tcbn28hpcplusbwp30p140ffg0p99v0c_ccs
FuseMax2DPE_56         ZeroWireload      tcbn28hpcplusbwp30p140ffg0p99v0c_ccs
FuseMax2DPE_57         ZeroWireload      tcbn28hpcplusbwp30p140ffg0p99v0c_ccs
FuseMax2DPE_58         ZeroWireload      tcbn28hpcplusbwp30p140ffg0p99v0c_ccs
FuseMax2DPE_59         ZeroWireload      tcbn28hpcplusbwp30p140ffg0p99v0c_ccs
FuseMax2DPE_61         ZeroWireload      tcbn28hpcplusbwp30p140ffg0p99v0c_ccs
FuseMax2DPE_62         ZeroWireload      tcbn28hpcplusbwp30p140ffg0p99v0c_ccs
FuseMax2DPE_63         ZeroWireload      tcbn28hpcplusbwp30p140ffg0p99v0c_ccs
FuseMax2DPE_64         ZeroWireload      tcbn28hpcplusbwp30p140ffg0p99v0c_ccs
FuseMax2DPE_65         ZeroWireload      tcbn28hpcplusbwp30p140ffg0p99v0c_ccs
FuseMax2DPE_66         ZeroWireload      tcbn28hpcplusbwp30p140ffg0p99v0c_ccs
FuseMax2DPE_67         ZeroWireload      tcbn28hpcplusbwp30p140ffg0p99v0c_ccs
FuseMax2DPE_68         ZeroWireload      tcbn28hpcplusbwp30p140ffg0p99v0c_ccs
FuseMax2DPE_69         ZeroWireload      tcbn28hpcplusbwp30p140ffg0p99v0c_ccs
FuseMax2DPE_70         ZeroWireload      tcbn28hpcplusbwp30p140ffg0p99v0c_ccs
FuseMax2DPE_71         ZeroWireload      tcbn28hpcplusbwp30p140ffg0p99v0c_ccs
FuseMax2DPE_73         ZeroWireload      tcbn28hpcplusbwp30p140ffg0p99v0c_ccs
FuseMax2DPE_74         ZeroWireload      tcbn28hpcplusbwp30p140ffg0p99v0c_ccs
FuseMax2DPE_75         ZeroWireload      tcbn28hpcplusbwp30p140ffg0p99v0c_ccs
FuseMax2DPE_76         ZeroWireload      tcbn28hpcplusbwp30p140ffg0p99v0c_ccs
FuseMax2DPE_77         ZeroWireload      tcbn28hpcplusbwp30p140ffg0p99v0c_ccs
FuseMax2DPE_78         ZeroWireload      tcbn28hpcplusbwp30p140ffg0p99v0c_ccs
FuseMax2DPE_79         ZeroWireload      tcbn28hpcplusbwp30p140ffg0p99v0c_ccs
FuseMax2DPE_80         ZeroWireload      tcbn28hpcplusbwp30p140ffg0p99v0c_ccs
FuseMax2DPE_81         ZeroWireload      tcbn28hpcplusbwp30p140ffg0p99v0c_ccs
FuseMax2DPE_82         ZeroWireload      tcbn28hpcplusbwp30p140ffg0p99v0c_ccs
FuseMax2DPE_83         ZeroWireload      tcbn28hpcplusbwp30p140ffg0p99v0c_ccs
FuseMax2DPE_85         ZeroWireload      tcbn28hpcplusbwp30p140ffg0p99v0c_ccs
FuseMax2DPE_86         ZeroWireload      tcbn28hpcplusbwp30p140ffg0p99v0c_ccs
FuseMax2DPE_87         ZeroWireload      tcbn28hpcplusbwp30p140ffg0p99v0c_ccs
FuseMax2DPE_88         ZeroWireload      tcbn28hpcplusbwp30p140ffg0p99v0c_ccs
FuseMax2DPE_89         ZeroWireload      tcbn28hpcplusbwp30p140ffg0p99v0c_ccs
FuseMax2DPE_90         ZeroWireload      tcbn28hpcplusbwp30p140ffg0p99v0c_ccs
FuseMax2DPE_91         ZeroWireload      tcbn28hpcplusbwp30p140ffg0p99v0c_ccs
FuseMax2DPE_92         ZeroWireload      tcbn28hpcplusbwp30p140ffg0p99v0c_ccs
FuseMax2DPE_93         ZeroWireload      tcbn28hpcplusbwp30p140ffg0p99v0c_ccs
FuseMax2DPE_94         ZeroWireload      tcbn28hpcplusbwp30p140ffg0p99v0c_ccs
FuseMax2DPE_95         ZeroWireload      tcbn28hpcplusbwp30p140ffg0p99v0c_ccs
FuseMax2DPE_97         ZeroWireload      tcbn28hpcplusbwp30p140ffg0p99v0c_ccs
FuseMax2DPE_98         ZeroWireload      tcbn28hpcplusbwp30p140ffg0p99v0c_ccs
FuseMax2DPE_99         ZeroWireload      tcbn28hpcplusbwp30p140ffg0p99v0c_ccs
FuseMax2DPE_100        ZeroWireload      tcbn28hpcplusbwp30p140ffg0p99v0c_ccs
FuseMax2DPE_101        ZeroWireload      tcbn28hpcplusbwp30p140ffg0p99v0c_ccs
FuseMax2DPE_102        ZeroWireload      tcbn28hpcplusbwp30p140ffg0p99v0c_ccs
FuseMax2DPE_103        ZeroWireload      tcbn28hpcplusbwp30p140ffg0p99v0c_ccs
FuseMax2DPE_104        ZeroWireload      tcbn28hpcplusbwp30p140ffg0p99v0c_ccs
FuseMax2DPE_105        ZeroWireload      tcbn28hpcplusbwp30p140ffg0p99v0c_ccs
FuseMax2DPE_106        ZeroWireload      tcbn28hpcplusbwp30p140ffg0p99v0c_ccs
FuseMax2DPE_107        ZeroWireload      tcbn28hpcplusbwp30p140ffg0p99v0c_ccs
FuseMax2DPE_109        ZeroWireload      tcbn28hpcplusbwp30p140ffg0p99v0c_ccs
FuseMax2DPE_110        ZeroWireload      tcbn28hpcplusbwp30p140ffg0p99v0c_ccs
FuseMax2DPE_111        ZeroWireload      tcbn28hpcplusbwp30p140ffg0p99v0c_ccs
FuseMax2DPE_112        ZeroWireload      tcbn28hpcplusbwp30p140ffg0p99v0c_ccs
FuseMax2DPE_113        ZeroWireload      tcbn28hpcplusbwp30p140ffg0p99v0c_ccs
FuseMax2DPE_114        ZeroWireload      tcbn28hpcplusbwp30p140ffg0p99v0c_ccs
FuseMax2DPE_115        ZeroWireload      tcbn28hpcplusbwp30p140ffg0p99v0c_ccs
FuseMax2DPE_116        ZeroWireload      tcbn28hpcplusbwp30p140ffg0p99v0c_ccs
FuseMax2DPE_117        ZeroWireload      tcbn28hpcplusbwp30p140ffg0p99v0c_ccs
FuseMax2DPE_118        ZeroWireload      tcbn28hpcplusbwp30p140ffg0p99v0c_ccs
FuseMax2DPE_119        ZeroWireload      tcbn28hpcplusbwp30p140ffg0p99v0c_ccs
FuseMax2DPE_121        ZeroWireload      tcbn28hpcplusbwp30p140ffg0p99v0c_ccs
FuseMax2DPE_122        ZeroWireload      tcbn28hpcplusbwp30p140ffg0p99v0c_ccs
FuseMax2DPE_123        ZeroWireload      tcbn28hpcplusbwp30p140ffg0p99v0c_ccs
FuseMax2DPE_124        ZeroWireload      tcbn28hpcplusbwp30p140ffg0p99v0c_ccs
FuseMax2DPE_125        ZeroWireload      tcbn28hpcplusbwp30p140ffg0p99v0c_ccs
FuseMax2DPE_126        ZeroWireload      tcbn28hpcplusbwp30p140ffg0p99v0c_ccs
FuseMax2DPE_127        ZeroWireload      tcbn28hpcplusbwp30p140ffg0p99v0c_ccs
FuseMax2DPE_128        ZeroWireload      tcbn28hpcplusbwp30p140ffg0p99v0c_ccs
FuseMax2DPE_129        ZeroWireload      tcbn28hpcplusbwp30p140ffg0p99v0c_ccs
FuseMax2DPE_130        ZeroWireload      tcbn28hpcplusbwp30p140ffg0p99v0c_ccs
FuseMax2DPE_131        ZeroWireload      tcbn28hpcplusbwp30p140ffg0p99v0c_ccs
FuseMax2DPE_133        ZeroWireload      tcbn28hpcplusbwp30p140ffg0p99v0c_ccs
FuseMax2DPE_134        ZeroWireload      tcbn28hpcplusbwp30p140ffg0p99v0c_ccs
FuseMax2DPE_135        ZeroWireload      tcbn28hpcplusbwp30p140ffg0p99v0c_ccs
FuseMax2DPE_136        ZeroWireload      tcbn28hpcplusbwp30p140ffg0p99v0c_ccs
FuseMax2DPE_137        ZeroWireload      tcbn28hpcplusbwp30p140ffg0p99v0c_ccs
FuseMax2DPE_138        ZeroWireload      tcbn28hpcplusbwp30p140ffg0p99v0c_ccs
FuseMax2DPE_139        ZeroWireload      tcbn28hpcplusbwp30p140ffg0p99v0c_ccs
FuseMax2DPE_140        ZeroWireload      tcbn28hpcplusbwp30p140ffg0p99v0c_ccs
FuseMax2DPE_141        ZeroWireload      tcbn28hpcplusbwp30p140ffg0p99v0c_ccs
FuseMax2DPE_142        ZeroWireload      tcbn28hpcplusbwp30p140ffg0p99v0c_ccs


Global Operating Voltage = 0.99 
Power-specific unit information :
    Voltage Units = 1V
    Capacitance Units = 1.000000pf
    Time Units = 1ns
    Dynamic Power Units = 1mW    (derived from V,C,T units)
    Leakage Power Units = 1nW


--------------------------------------------------------------------------------
                                       Switch   Int      Leak     Total
Hierarchy                              Power    Power    Power    Power    %
--------------------------------------------------------------------------------
FuseMax2DArray                           14.163  190.329 1.66e+06  206.152 100.0
  pe_11_11 (FuseMax2DPE_0)             9.18e-02    1.308 9.83e+03    1.409   0.7
  pe_11_10 (FuseMax2DPE_1)             8.71e-02    1.303 9.69e+03    1.400   0.7
  pe_11_9 (FuseMax2DPE_2)              8.95e-02    1.306 9.70e+03    1.405   0.7
  pe_11_8 (FuseMax2DPE_3)              8.89e-02    1.307 9.69e+03    1.405   0.7
  pe_11_7 (FuseMax2DPE_4)              8.79e-02    1.305 9.74e+03    1.402   0.7
  pe_11_6 (FuseMax2DPE_5)              9.21e-02    1.309 9.73e+03    1.411   0.7
  pe_11_5 (FuseMax2DPE_6)              8.87e-02    1.305 9.73e+03    1.403   0.7
  pe_11_4 (FuseMax2DPE_7)              8.92e-02    1.306 9.63e+03    1.405   0.7
  pe_11_3 (FuseMax2DPE_8)              8.99e-02    1.306 9.60e+03    1.405   0.7
  pe_11_2 (FuseMax2DPE_9)              9.24e-02    1.308 9.73e+03    1.410   0.7
  pe_11_1 (FuseMax2DPE_10)             9.32e-02    1.310 9.68e+03    1.413   0.7
  pe_11_0 (FuseMax2DPE_11)             9.43e-02    1.313 9.72e+03    1.417   0.7
  pe_10_11 (FuseMax2DPE_12)            9.74e-02    1.321 1.17e+04    1.430   0.7
  pe_10_10 (FuseMax2DPE_13)            9.46e-02    1.316 1.17e+04    1.423   0.7
  pe_10_9 (FuseMax2DPE_14)             9.41e-02    1.316 1.17e+04    1.422   0.7
  pe_10_8 (FuseMax2DPE_15)             9.63e-02    1.319 1.17e+04    1.427   0.7
  pe_10_7 (FuseMax2DPE_16)             9.26e-02    1.315 1.17e+04    1.419   0.7
  pe_10_6 (FuseMax2DPE_17)             9.64e-02    1.319 1.17e+04    1.427   0.7
  pe_10_5 (FuseMax2DPE_18)             9.50e-02    1.319 1.17e+04    1.425   0.7
  pe_10_4 (FuseMax2DPE_19)             9.80e-02    1.321 1.17e+04    1.431   0.7
  pe_10_3 (FuseMax2DPE_20)             9.56e-02    1.318 1.17e+04    1.425   0.7
  pe_10_2 (FuseMax2DPE_21)             9.52e-02    1.318 1.17e+04    1.425   0.7
  pe_10_1 (FuseMax2DPE_22)             9.36e-02    1.317 1.17e+04    1.422   0.7
  pe_10_0 (FuseMax2DPE_23)             9.52e-02    1.318 1.17e+04    1.425   0.7
  pe_9_11 (FuseMax2DPE_24)             9.55e-02    1.318 1.17e+04    1.425   0.7
  pe_9_10 (FuseMax2DPE_25)             9.78e-02    1.321 1.17e+04    1.431   0.7
  pe_9_9 (FuseMax2DPE_26)              9.71e-02    1.319 1.17e+04    1.428   0.7
  pe_9_8 (FuseMax2DPE_27)              9.49e-02    1.318 1.17e+04    1.424   0.7
  pe_9_7 (FuseMax2DPE_28)              9.69e-02    1.320 1.17e+04    1.428   0.7
  pe_9_6 (FuseMax2DPE_29)              9.32e-02    1.315 1.17e+04    1.420   0.7
  pe_9_5 (FuseMax2DPE_30)              9.74e-02    1.321 1.17e+04    1.430   0.7
  pe_9_4 (FuseMax2DPE_31)              9.77e-02    1.320 1.17e+04    1.429   0.7
  pe_9_3 (FuseMax2DPE_32)              9.84e-02    1.321 1.17e+04    1.431   0.7
  pe_9_2 (FuseMax2DPE_33)              9.91e-02    1.322 1.17e+04    1.433   0.7
  pe_9_1 (FuseMax2DPE_34)              9.80e-02    1.322 1.17e+04    1.431   0.7
  pe_9_0 (FuseMax2DPE_35)              9.40e-02    1.318 1.17e+04    1.424   0.7
  pe_8_11 (FuseMax2DPE_36)             9.29e-02    1.315 1.17e+04    1.420   0.7
  pe_8_10 (FuseMax2DPE_37)             9.53e-02    1.318 1.17e+04    1.424   0.7
  pe_8_9 (FuseMax2DPE_38)              9.49e-02    1.318 1.17e+04    1.424   0.7
  pe_8_8 (FuseMax2DPE_39)              9.75e-02    1.320 1.17e+04    1.429   0.7
  pe_8_7 (FuseMax2DPE_40)              9.93e-02    1.323 1.17e+04    1.434   0.7
  pe_8_6 (FuseMax2DPE_41)              9.46e-02    1.317 1.17e+04    1.423   0.7
  pe_8_5 (FuseMax2DPE_42)              9.33e-02    1.316 1.17e+04    1.421   0.7
  pe_8_4 (FuseMax2DPE_43)              9.39e-02    1.317 1.17e+04    1.423   0.7
  pe_8_3 (FuseMax2DPE_44)              9.36e-02    1.317 1.17e+04    1.422   0.7
  pe_8_2 (FuseMax2DPE_45)              9.67e-02    1.320 1.17e+04    1.428   0.7
  pe_8_1 (FuseMax2DPE_46)              9.75e-02    1.320 1.17e+04    1.429   0.7
  pe_8_0 (FuseMax2DPE_47)              9.52e-02    1.319 1.17e+04    1.426   0.7
  pe_7_11 (FuseMax2DPE_48)             9.84e-02    1.322 1.17e+04    1.432   0.7
  pe_7_10 (FuseMax2DPE_49)             9.50e-02    1.318 1.17e+04    1.425   0.7
  pe_7_9 (FuseMax2DPE_50)              9.73e-02    1.321 1.17e+04    1.430   0.7
  pe_7_8 (FuseMax2DPE_51)              9.70e-02    1.320 1.17e+04    1.429   0.7
  pe_7_7 (FuseMax2DPE_52)              9.59e-02    1.319 1.17e+04    1.426   0.7
  pe_7_6 (FuseMax2DPE_53)              9.55e-02    1.319 1.17e+04    1.426   0.7
  pe_7_5 (FuseMax2DPE_54)              9.54e-02    1.318 1.17e+04    1.425   0.7
  pe_7_4 (FuseMax2DPE_55)              9.81e-02    1.321 1.17e+04    1.431   0.7
  pe_7_3 (FuseMax2DPE_56)              9.46e-02    1.318 1.17e+04    1.424   0.7
  pe_7_2 (FuseMax2DPE_57)              9.42e-02    1.317 1.17e+04    1.423   0.7
  pe_7_1 (FuseMax2DPE_58)              9.48e-02    1.318 1.17e+04    1.425   0.7
  pe_7_0 (FuseMax2DPE_59)              9.75e-02    1.322 1.17e+04    1.431   0.7
  pe_6_11 (FuseMax2DPE_60)             9.74e-02    1.322 1.17e+04    1.431   0.7
  pe_6_10 (FuseMax2DPE_61)             9.63e-02    1.320 1.17e+04    1.428   0.7
  pe_6_9 (FuseMax2DPE_62)              9.65e-02    1.319 1.17e+04    1.428   0.7
  pe_6_8 (FuseMax2DPE_63)              9.64e-02    1.320 1.17e+04    1.428   0.7
  pe_6_7 (FuseMax2DPE_64)              9.73e-02    1.321 1.17e+04    1.430   0.7
  pe_6_6 (FuseMax2DPE_65)              9.51e-02    1.319 1.17e+04    1.426   0.7
  pe_6_5 (FuseMax2DPE_66)              9.95e-02    1.323 1.17e+04    1.434   0.7
  pe_6_4 (FuseMax2DPE_67)                 0.101    1.325 1.17e+04    1.438   0.7
  pe_6_3 (FuseMax2DPE_68)              9.55e-02    1.318 1.17e+04    1.426   0.7
  pe_6_2 (FuseMax2DPE_69)              9.96e-02    1.323 1.17e+04    1.434   0.7
  pe_6_1 (FuseMax2DPE_70)              9.71e-02    1.320 1.17e+04    1.429   0.7
  pe_6_0 (FuseMax2DPE_71)              9.64e-02    1.321 1.17e+04    1.429   0.7
  pe_5_11 (FuseMax2DPE_72)             9.87e-02    1.322 1.17e+04    1.432   0.7
  pe_5_10 (FuseMax2DPE_73)             9.77e-02    1.321 1.17e+04    1.431   0.7
  pe_5_9 (FuseMax2DPE_74)              9.74e-02    1.321 1.17e+04    1.430   0.7
  pe_5_8 (FuseMax2DPE_75)              9.70e-02    1.320 1.17e+04    1.429   0.7
  pe_5_7 (FuseMax2DPE_76)              9.74e-02    1.320 1.17e+04    1.430   0.7
  pe_5_6 (FuseMax2DPE_77)              9.54e-02    1.319 1.17e+04    1.426   0.7
  pe_5_5 (FuseMax2DPE_78)              9.77e-02    1.322 1.17e+04    1.431   0.7
  pe_5_4 (FuseMax2DPE_79)              9.64e-02    1.319 1.17e+04    1.427   0.7
  pe_5_3 (FuseMax2DPE_80)              9.61e-02    1.319 1.17e+04    1.427   0.7
  pe_5_2 (FuseMax2DPE_81)              9.86e-02    1.322 1.17e+04    1.432   0.7
  pe_5_1 (FuseMax2DPE_82)              9.63e-02    1.320 1.17e+04    1.428   0.7
  pe_5_0 (FuseMax2DPE_83)                 0.101    1.326 1.17e+04    1.438   0.7
  pe_4_11 (FuseMax2DPE_84)             9.92e-02    1.323 1.17e+04    1.434   0.7
  pe_4_10 (FuseMax2DPE_85)             9.82e-02    1.322 1.17e+04    1.432   0.7
  pe_4_9 (FuseMax2DPE_86)              9.80e-02    1.322 1.17e+04    1.432   0.7
  pe_4_8 (FuseMax2DPE_87)                 0.103    1.327 1.17e+04    1.442   0.7
  pe_4_7 (FuseMax2DPE_88)              9.51e-02    1.318 1.17e+04    1.425   0.7
  pe_4_6 (FuseMax2DPE_89)              9.69e-02    1.321 1.17e+04    1.430   0.7
  pe_4_5 (FuseMax2DPE_90)              9.86e-02    1.322 1.17e+04    1.433   0.7
  pe_4_4 (FuseMax2DPE_91)              9.82e-02    1.321 1.17e+04    1.431   0.7
  pe_4_3 (FuseMax2DPE_92)              9.89e-02    1.323 1.17e+04    1.433   0.7
  pe_4_2 (FuseMax2DPE_93)              9.75e-02    1.322 1.17e+04    1.432   0.7
  pe_4_1 (FuseMax2DPE_94)              9.98e-02    1.324 1.17e+04    1.436   0.7
  pe_4_0 (FuseMax2DPE_95)                 0.100    1.325 1.17e+04    1.437   0.7
  pe_3_11 (FuseMax2DPE_96)                0.101    1.325 1.17e+04    1.437   0.7
  pe_3_10 (FuseMax2DPE_97)             9.79e-02    1.323 1.17e+04    1.433   0.7
  pe_3_9 (FuseMax2DPE_98)              9.89e-02    1.323 1.17e+04    1.433   0.7
  pe_3_8 (FuseMax2DPE_99)              9.91e-02    1.324 1.17e+04    1.435   0.7
  pe_3_7 (FuseMax2DPE_100)             9.74e-02    1.322 1.17e+04    1.431   0.7
  pe_3_6 (FuseMax2DPE_101)                0.101    1.325 1.17e+04    1.438   0.7
  pe_3_5 (FuseMax2DPE_102)             9.91e-02    1.323 1.17e+04    1.434   0.7
  pe_3_4 (FuseMax2DPE_103)             9.94e-02    1.324 1.17e+04    1.435   0.7
  pe_3_3 (FuseMax2DPE_104)             9.97e-02    1.325 1.17e+04    1.436   0.7
  pe_3_2 (FuseMax2DPE_105)             9.84e-02    1.322 1.17e+04    1.432   0.7
  pe_3_1 (FuseMax2DPE_106)                0.101    1.325 1.17e+04    1.437   0.7
  pe_3_0 (FuseMax2DPE_107)                0.102    1.327 1.17e+04    1.440   0.7
  pe_2_11 (FuseMax2DPE_108)               0.100    1.327 1.17e+04    1.439   0.7
  pe_2_10 (FuseMax2DPE_109)            1.00e-01    1.325 1.17e+04    1.437   0.7
  pe_2_9 (FuseMax2DPE_110)             9.96e-02    1.324 1.17e+04    1.436   0.7
  pe_2_8 (FuseMax2DPE_111)                0.102    1.327 1.17e+04    1.440   0.7
  pe_2_7 (FuseMax2DPE_112)                0.102    1.327 1.17e+04    1.441   0.7
  pe_2_6 (FuseMax2DPE_113)                0.103    1.328 1.17e+04    1.442   0.7
  pe_2_5 (FuseMax2DPE_114)                0.100    1.324 1.17e+04    1.436   0.7
  pe_2_4 (FuseMax2DPE_115)             9.84e-02    1.323 1.17e+04    1.433   0.7
  pe_2_3 (FuseMax2DPE_116)                0.101    1.326 1.17e+04    1.438   0.7
  pe_2_2 (FuseMax2DPE_117)                0.106    1.331 1.17e+04    1.450   0.7
  pe_2_1 (FuseMax2DPE_118)                0.101    1.325 1.17e+04    1.437   0.7
  pe_2_0 (FuseMax2DPE_119)                0.100    1.325 1.17e+04    1.438   0.7
  pe_1_11 (FuseMax2DPE_120)               0.104    1.330 1.17e+04    1.446   0.7
  pe_1_10 (FuseMax2DPE_121)               0.106    1.331 1.17e+04    1.449   0.7
  pe_1_9 (FuseMax2DPE_122)                0.105    1.331 1.17e+04    1.448   0.7
  pe_1_8 (FuseMax2DPE_123)                0.104    1.329 1.17e+04    1.445   0.7
  pe_1_7 (FuseMax2DPE_124)                0.105    1.331 1.17e+04    1.448   0.7
  pe_1_6 (FuseMax2DPE_125)                0.106    1.331 1.17e+04    1.449   0.7
  pe_1_5 (FuseMax2DPE_126)                0.107    1.334 1.17e+04    1.453   0.7
  pe_1_4 (FuseMax2DPE_127)                0.104    1.329 1.17e+04    1.445   0.7
  pe_1_3 (FuseMax2DPE_128)                0.104    1.331 1.17e+04    1.446   0.7
  pe_1_2 (FuseMax2DPE_129)                0.106    1.331 1.17e+04    1.449   0.7
  pe_1_1 (FuseMax2DPE_130)                0.104    1.329 1.17e+04    1.444   0.7
  pe_1_0 (FuseMax2DPE_131)                0.103    1.330 1.17e+04    1.445   0.7
  pe_0_11 (FuseMax2DPE_132)               0.108    1.334 1.17e+04    1.454   0.7
  pe_0_10 (FuseMax2DPE_133)               0.107    1.333 1.17e+04    1.452   0.7
  pe_0_9 (FuseMax2DPE_134)                0.106    1.332 1.17e+04    1.450   0.7
  pe_0_8 (FuseMax2DPE_135)                0.104    1.329 1.17e+04    1.445   0.7
  pe_0_7 (FuseMax2DPE_136)                0.105    1.330 1.17e+04    1.447   0.7
  pe_0_6 (FuseMax2DPE_137)                0.111    1.337 1.17e+04    1.460   0.7
  pe_0_5 (FuseMax2DPE_138)                0.109    1.335 1.17e+04    1.456   0.7
  pe_0_4 (FuseMax2DPE_139)                0.109    1.335 1.17e+04    1.456   0.7
  pe_0_3 (FuseMax2DPE_140)                0.105    1.331 1.17e+04    1.448   0.7
  pe_0_2 (FuseMax2DPE_141)                0.110    1.336 1.17e+04    1.458   0.7
  pe_0_1 (FuseMax2DPE_142)                0.106    1.331 1.17e+04    1.448   0.7
  pe_0_0 (FuseMax2DPE_143)                0.107    1.334 1.17e+04    1.453   0.7
1
