 
****************************************
Report : area
Design : FuseMax2DArray
Version: V-2023.12
Date   : Mon Apr  6 04:17:43 2026
****************************************

Library(s) Used:

    tcbn28hpcplusbwp30p140ffg0p99v0c_ccs (File: /hpc/Tech/TSMC/digital/N28/digital/Front_End/timing_power_noise/CCS/tcbn28hpcplusbwp30p140_180a/tcbn28hpcplusbwp30p140ffg0p99v0c_ccs.db)

Number of ports:                        11010
Number of nets:                        249364
Number of cells:                       227957
Number of combinational cells:         205365
Number of sequential cells:             22528
Number of macros/black boxes:               0
Number of buf/inv:                      33763
Number of references:                      64

Combinational area:             131176.205896
Buf/Inv area:                     8554.014135
Noncombinational area:           42693.335720
Macro/Black Box area:                0.000000
Net Interconnect area:      undefined  (Wire load has zero net area)

Total cell area:                173869.541616
Total area:                 undefined

Hierarchical area distribution
------------------------------

                                  Global cell area              Local cell area
                                  --------------------  ------------------------------- 
Hierarchical cell                 Absolute     Percent  Combi-       Noncombi-   Black-
                                  Total        Total    national     national    boxes   Design
--------------------------------  -----------  -------  -----------  ----------  ------  --------------
FuseMax2DArray                    173869.5416    100.0       0.0000      0.0000  0.0000  FuseMax2DArray
pe_0_0                              2728.7820      1.6    2063.5020    665.2800  0.0000  FuseMax2DPE_63
pe_0_1                              2722.4820      1.6    2055.1860    667.2960  0.0000  FuseMax2DPE_62
pe_0_2                              2721.8520      1.6    2054.5560    667.2960  0.0000  FuseMax2DPE_61
pe_0_3                              2722.3560      1.6    2055.0600    667.2960  0.0000  FuseMax2DPE_60
pe_0_4                              2722.8600      1.6    2055.5640    667.2960  0.0000  FuseMax2DPE_59
pe_0_5                              2722.6080      1.6    2055.3120    667.2960  0.0000  FuseMax2DPE_58
pe_0_6                              2722.4820      1.6    2055.1860    667.2960  0.0000  FuseMax2DPE_57
pe_0_7                              2721.6000      1.6    2054.3040    667.2960  0.0000  FuseMax2DPE_56
pe_1_0                              2726.8920      1.6    2061.6120    665.2800  0.0000  FuseMax2DPE_55
pe_1_1                              2721.3480      1.6    2053.9260    667.4220  0.0000  FuseMax2DPE_54
pe_1_2                              2720.7180      1.6    2053.2960    667.4220  0.0000  FuseMax2DPE_53
pe_1_3                              2719.9620      1.6    2052.5400    667.4220  0.0000  FuseMax2DPE_52
pe_1_4                              2721.3480      1.6    2053.9260    667.4220  0.0000  FuseMax2DPE_51
pe_1_5                              2719.5840      1.6    2052.1620    667.4220  0.0000  FuseMax2DPE_50
pe_1_6                              2722.4820      1.6    2055.0600    667.4220  0.0000  FuseMax2DPE_49
pe_1_7                              2718.9540      1.6    2051.6580    667.2960  0.0000  FuseMax2DPE_48
pe_2_0                              2726.1360      1.6    2060.8560    665.2800  0.0000  FuseMax2DPE_47
pe_2_1                              2720.8440      1.6    2053.5480    667.2960  0.0000  FuseMax2DPE_46
pe_2_2                              2720.4660      1.6    2053.1700    667.2960  0.0000  FuseMax2DPE_45
pe_2_3                              2722.7340      1.6    2055.4380    667.2960  0.0000  FuseMax2DPE_44
pe_2_4                              2721.8520      1.6    2054.5560    667.2960  0.0000  FuseMax2DPE_43
pe_2_5                              2721.2220      1.6    2053.9260    667.2960  0.0000  FuseMax2DPE_42
pe_2_6                              2722.7340      1.6    2055.4380    667.2960  0.0000  FuseMax2DPE_41
pe_2_7                              2719.3320      1.6    2052.0360    667.2960  0.0000  FuseMax2DPE_40
pe_3_0                              2726.1360      1.6    2060.8560    665.2800  0.0000  FuseMax2DPE_39
pe_3_1                              2720.0880      1.6    2052.7920    667.2960  0.0000  FuseMax2DPE_38
pe_3_2                              2721.2220      1.6    2053.9260    667.2960  0.0000  FuseMax2DPE_37
pe_3_3                              2723.8680      1.6    2056.5720    667.2960  0.0000  FuseMax2DPE_36
pe_3_4                              2721.6000      1.6    2054.3040    667.2960  0.0000  FuseMax2DPE_35
pe_3_5                              2720.3400      1.6    2053.0440    667.2960  0.0000  FuseMax2DPE_34
pe_3_6                              2721.4740      1.6    2054.1780    667.2960  0.0000  FuseMax2DPE_33
pe_3_7                              2718.9540      1.6    2051.6580    667.2960  0.0000  FuseMax2DPE_32
pe_4_0                              2729.0340      1.6    2063.7540    665.2800  0.0000  FuseMax2DPE_31
pe_4_1                              2720.5920      1.6    2053.2960    667.2960  0.0000  FuseMax2DPE_30
pe_4_2                              2720.7180      1.6    2053.4220    667.2960  0.0000  FuseMax2DPE_29
pe_4_3                              2721.2220      1.6    2053.9260    667.2960  0.0000  FuseMax2DPE_28
pe_4_4                              2722.6080      1.6    2055.3120    667.2960  0.0000  FuseMax2DPE_27
pe_4_5                              2723.3640      1.6    2056.0680    667.2960  0.0000  FuseMax2DPE_26
pe_4_6                              2722.3560      1.6    2055.0600    667.2960  0.0000  FuseMax2DPE_25
pe_4_7                              2719.7100      1.6    2052.4140    667.2960  0.0000  FuseMax2DPE_24
pe_5_0                              2726.6400      1.6    2061.3600    665.2800  0.0000  FuseMax2DPE_23
pe_5_1                              2721.0960      1.6    2053.8000    667.2960  0.0000  FuseMax2DPE_22
pe_5_2                              2720.9700      1.6    2053.6740    667.2960  0.0000  FuseMax2DPE_21
pe_5_3                              2720.3400      1.6    2053.0440    667.2960  0.0000  FuseMax2DPE_20
pe_5_4                              2720.9700      1.6    2053.6740    667.2960  0.0000  FuseMax2DPE_19
pe_5_5                              2720.5920      1.6    2053.2960    667.2960  0.0000  FuseMax2DPE_18
pe_5_6                              2720.4660      1.6    2053.1700    667.2960  0.0000  FuseMax2DPE_17
pe_5_7                              2719.2060      1.6    2051.9100    667.2960  0.0000  FuseMax2DPE_16
pe_6_0                              2727.0180      1.6    2061.7380    665.2800  0.0000  FuseMax2DPE_15
pe_6_1                              2719.9620      1.6    2052.6660    667.2960  0.0000  FuseMax2DPE_14
pe_6_2                              2719.7100      1.6    2052.4140    667.2960  0.0000  FuseMax2DPE_13
pe_6_3                              2720.8440      1.6    2053.5480    667.2960  0.0000  FuseMax2DPE_12
pe_6_4                              2719.8360      1.6    2052.5400    667.2960  0.0000  FuseMax2DPE_11
pe_6_5                              2721.2220      1.6    2053.9260    667.2960  0.0000  FuseMax2DPE_10
pe_6_6                              2720.2140      1.6    2052.9180    667.2960  0.0000  FuseMax2DPE_9
pe_6_7                              2719.9620      1.6    2052.6660    667.2960  0.0000  FuseMax2DPE_8
pe_7_0                              2680.1460      1.5    2014.8660    665.2800  0.0000  FuseMax2DPE_7
pe_7_1                              2679.6420      1.5    2011.8420    667.8000  0.0000  FuseMax2DPE_6
pe_7_2                              2669.3100      1.5    2001.5100    667.8000  0.0000  FuseMax2DPE_5
pe_7_3                              2689.0920      1.5    2021.7960    667.2960  0.0000  FuseMax2DPE_4
pe_7_4                              2697.1560      1.6    2029.4820    667.6740  0.0000  FuseMax2DPE_3
pe_7_5                              2681.2800      1.5    2013.9840    667.2960  0.0000  FuseMax2DPE_2
pe_7_6                              2669.9400      1.5    2002.2660    667.6740  0.0000  FuseMax2DPE_1
pe_7_7                              2679.0120      1.5    2011.7160    667.2960  0.0000  FuseMax2DPE_0
--------------------------------  -----------  -------  -----------  ----------  ------  --------------
Total                                                   131176.2059  42693.3357  0.0000

1
