Information: Updating design information... (UID-85)
Warning: Design 'FuseMax2DArray' contains 1 high-fanout nets. A fanout number of 1000 will be used for delay calculations involving these nets. (TIM-134)
 
****************************************
Report : timing
        -path full
        -delay max
        -nets
        -max_paths 1
        -transition_time
Design : FuseMax2DArray
Version: V-2023.12
Date   : Mon Apr  6 04:17:43 2026
****************************************

 # A fanout number of 1000 was used for high fanout net computations.

Operating Conditions: ffg0p99v0c   Library: tcbn28hpcplusbwp30p140ffg0p99v0c_ccs
Wire Load Model Mode: segmented

  Startpoint: pe_4_5/rf_8_reg[2]
              (rising edge-triggered flip-flop clocked by ideal_clock1)
  Endpoint: pe_5_5/northReg_reg[4]
            (rising edge-triggered flip-flop clocked by ideal_clock1)
  Path Group: ideal_clock1
  Path Type: max

  Des/Clust/Port     Wire Load Model       Library
  ------------------------------------------------
  FuseMax2DPE_62     ZeroWireload          tcbn28hpcplusbwp30p140ffg0p99v0c_ccs
  FuseMax2DPE_61     ZeroWireload          tcbn28hpcplusbwp30p140ffg0p99v0c_ccs
  FuseMax2DPE_60     ZeroWireload          tcbn28hpcplusbwp30p140ffg0p99v0c_ccs
  FuseMax2DPE_59     ZeroWireload          tcbn28hpcplusbwp30p140ffg0p99v0c_ccs
  FuseMax2DPE_58     ZeroWireload          tcbn28hpcplusbwp30p140ffg0p99v0c_ccs
  FuseMax2DPE_57     ZeroWireload          tcbn28hpcplusbwp30p140ffg0p99v0c_ccs
  FuseMax2DPE_55     ZeroWireload          tcbn28hpcplusbwp30p140ffg0p99v0c_ccs
  FuseMax2DPE_54     ZeroWireload          tcbn28hpcplusbwp30p140ffg0p99v0c_ccs
  FuseMax2DPE_53     ZeroWireload          tcbn28hpcplusbwp30p140ffg0p99v0c_ccs
  FuseMax2DPE_52     ZeroWireload          tcbn28hpcplusbwp30p140ffg0p99v0c_ccs
  FuseMax2DPE_51     ZeroWireload          tcbn28hpcplusbwp30p140ffg0p99v0c_ccs
  FuseMax2DPE_50     ZeroWireload          tcbn28hpcplusbwp30p140ffg0p99v0c_ccs
  FuseMax2DPE_49     ZeroWireload          tcbn28hpcplusbwp30p140ffg0p99v0c_ccs
  FuseMax2DPE_47     ZeroWireload          tcbn28hpcplusbwp30p140ffg0p99v0c_ccs
  FuseMax2DPE_46     ZeroWireload          tcbn28hpcplusbwp30p140ffg0p99v0c_ccs
  FuseMax2DPE_45     ZeroWireload          tcbn28hpcplusbwp30p140ffg0p99v0c_ccs
  FuseMax2DPE_44     ZeroWireload          tcbn28hpcplusbwp30p140ffg0p99v0c_ccs
  FuseMax2DPE_43     ZeroWireload          tcbn28hpcplusbwp30p140ffg0p99v0c_ccs
  FuseMax2DPE_42     ZeroWireload          tcbn28hpcplusbwp30p140ffg0p99v0c_ccs
  FuseMax2DPE_41     ZeroWireload          tcbn28hpcplusbwp30p140ffg0p99v0c_ccs
  FuseMax2DPE_39     ZeroWireload          tcbn28hpcplusbwp30p140ffg0p99v0c_ccs
  FuseMax2DPE_38     ZeroWireload          tcbn28hpcplusbwp30p140ffg0p99v0c_ccs
  FuseMax2DPE_37     ZeroWireload          tcbn28hpcplusbwp30p140ffg0p99v0c_ccs
  FuseMax2DPE_36     ZeroWireload          tcbn28hpcplusbwp30p140ffg0p99v0c_ccs
  FuseMax2DPE_35     ZeroWireload          tcbn28hpcplusbwp30p140ffg0p99v0c_ccs
  FuseMax2DPE_34     ZeroWireload          tcbn28hpcplusbwp30p140ffg0p99v0c_ccs
  FuseMax2DPE_33     ZeroWireload          tcbn28hpcplusbwp30p140ffg0p99v0c_ccs
  FuseMax2DPE_31     ZeroWireload          tcbn28hpcplusbwp30p140ffg0p99v0c_ccs
  FuseMax2DPE_30     ZeroWireload          tcbn28hpcplusbwp30p140ffg0p99v0c_ccs
  FuseMax2DPE_29     ZeroWireload          tcbn28hpcplusbwp30p140ffg0p99v0c_ccs
  FuseMax2DPE_28     ZeroWireload          tcbn28hpcplusbwp30p140ffg0p99v0c_ccs
  FuseMax2DPE_27     ZeroWireload          tcbn28hpcplusbwp30p140ffg0p99v0c_ccs
  FuseMax2DPE_26     ZeroWireload          tcbn28hpcplusbwp30p140ffg0p99v0c_ccs
  FuseMax2DPE_25     ZeroWireload          tcbn28hpcplusbwp30p140ffg0p99v0c_ccs
  FuseMax2DPE_23     ZeroWireload          tcbn28hpcplusbwp30p140ffg0p99v0c_ccs
  FuseMax2DPE_22     ZeroWireload          tcbn28hpcplusbwp30p140ffg0p99v0c_ccs
  FuseMax2DPE_21     ZeroWireload          tcbn28hpcplusbwp30p140ffg0p99v0c_ccs
  FuseMax2DPE_20     ZeroWireload          tcbn28hpcplusbwp30p140ffg0p99v0c_ccs
  FuseMax2DPE_19     ZeroWireload          tcbn28hpcplusbwp30p140ffg0p99v0c_ccs
  FuseMax2DPE_18     ZeroWireload          tcbn28hpcplusbwp30p140ffg0p99v0c_ccs
  FuseMax2DPE_17     ZeroWireload          tcbn28hpcplusbwp30p140ffg0p99v0c_ccs
  FuseMax2DPE_15     ZeroWireload          tcbn28hpcplusbwp30p140ffg0p99v0c_ccs
  FuseMax2DPE_14     ZeroWireload          tcbn28hpcplusbwp30p140ffg0p99v0c_ccs
  FuseMax2DPE_13     ZeroWireload          tcbn28hpcplusbwp30p140ffg0p99v0c_ccs
  FuseMax2DPE_12     ZeroWireload          tcbn28hpcplusbwp30p140ffg0p99v0c_ccs
  FuseMax2DPE_11     ZeroWireload          tcbn28hpcplusbwp30p140ffg0p99v0c_ccs
  FuseMax2DPE_10     ZeroWireload          tcbn28hpcplusbwp30p140ffg0p99v0c_ccs
  FuseMax2DPE_9      ZeroWireload          tcbn28hpcplusbwp30p140ffg0p99v0c_ccs
  FuseMax2DPE_7      ZeroWireload          tcbn28hpcplusbwp30p140ffg0p99v0c_ccs
  FuseMax2DPE_6      ZeroWireload          tcbn28hpcplusbwp30p140ffg0p99v0c_ccs
  FuseMax2DPE_5      ZeroWireload          tcbn28hpcplusbwp30p140ffg0p99v0c_ccs
  FuseMax2DPE_4      ZeroWireload          tcbn28hpcplusbwp30p140ffg0p99v0c_ccs
  FuseMax2DPE_3      ZeroWireload          tcbn28hpcplusbwp30p140ffg0p99v0c_ccs
  FuseMax2DPE_2      ZeroWireload          tcbn28hpcplusbwp30p140ffg0p99v0c_ccs
  FuseMax2DPE_1      ZeroWireload          tcbn28hpcplusbwp30p140ffg0p99v0c_ccs
  FuseMax2DPE_48     ZeroWireload          tcbn28hpcplusbwp30p140ffg0p99v0c_ccs
  FuseMax2DPE_40     ZeroWireload          tcbn28hpcplusbwp30p140ffg0p99v0c_ccs
  FuseMax2DPE_32     ZeroWireload          tcbn28hpcplusbwp30p140ffg0p99v0c_ccs
  FuseMax2DPE_24     ZeroWireload          tcbn28hpcplusbwp30p140ffg0p99v0c_ccs
  FuseMax2DPE_16     ZeroWireload          tcbn28hpcplusbwp30p140ffg0p99v0c_ccs
  FuseMax2DPE_8      ZeroWireload          tcbn28hpcplusbwp30p140ffg0p99v0c_ccs
  FuseMax2DPE_0      ZeroWireload          tcbn28hpcplusbwp30p140ffg0p99v0c_ccs
  FuseMax2DPE_56     ZeroWireload          tcbn28hpcplusbwp30p140ffg0p99v0c_ccs
  FuseMax2DArray     ZeroWireload          tcbn28hpcplusbwp30p140ffg0p99v0c_ccs
  FuseMax2DPE_63     ZeroWireload          tcbn28hpcplusbwp30p140ffg0p99v0c_ccs

Attributes:
    d - dont_touch
    u - dont_use
   mo - map_only
   so - size_only
    i - ideal_net or ideal_network
  inf - infeasible path

  Point                              Fanout     Trans      Incr       Path      Attributes
  ------------------------------------------------------------------------------------------------
  clock ideal_clock1 (rise edge)                           0.00       0.00
  clock network delay (ideal)                              0.00       0.00
  pe_4_5/rf_8_reg[2]/CP (DFQD1BWP30P140)         0.00      0.00 #     0.00 r
  pe_4_5/rf_8_reg[2]/Q (DFQD1BWP30P140)          0.01      0.03       0.03 r
  pe_4_5/_GEN[8][2] (net)              4                   0.00       0.03 r
  pe_4_5/U1222/ZN (AOI22D1BWP30P140)             0.03      0.01       0.04 f
  pe_4_5/n570 (net)                    1                   0.00       0.04 f
  pe_4_5/U1224/ZN (ND2D1BWP30P140)               0.01      0.01       0.05 r
  pe_4_5/n573 (net)                    1                   0.00       0.05 r
  pe_4_5/U1226/ZN (NR3D0P7BWP30P140)             0.01      0.01       0.06 f
  pe_4_5/n578 (net)                    1                   0.00       0.06 f
  pe_4_5/U1230/ZN (ND2D1BWP30P140)               0.01      0.01       0.07 r
  pe_4_5/n1083 (net)                   2                   0.00       0.07 r
  pe_4_5/U31/ZN (INVD1BWP30P140)                 0.01      0.01       0.07 f
  pe_4_5/n737 (net)                    3                   0.00       0.07 f
  pe_4_5/U66/ZN (NR2D1BWP30P140)                 0.13      0.07       0.15 r
  pe_4_5/n2882 (net)                  36                   0.00       0.15 r
  pe_4_5/U27/ZN (XNR2UD1BWP30P140)               0.04      0.02       0.17 f
  pe_4_5/n743 (net)                    4                   0.00       0.17 f
  pe_4_5/U23/ZN (IND2D1BWP30P140)                0.11      0.08       0.25 f
  pe_4_5/n2113 (net)                  29                   0.00       0.25 f
  pe_4_5/U1540/ZN (OAI21D1BWP30P140)             0.03      0.03       0.27 r
  pe_4_5/n879 (net)                    1                   0.00       0.27 r
  pe_4_5/U1541/Z (XOR2UD0BWP30P140)              0.05      0.02       0.29 f
  pe_4_5/n885 (net)                    1                   0.00       0.29 f
  pe_4_5/U1548/CO (FA1D1BWP30P140)               0.01      0.03       0.32 f
  pe_4_5/n880 (net)                    1                   0.00       0.32 f
  pe_4_5/U1543/S (FA1D1BWP30P140)                0.01      0.03       0.35 f
  pe_4_5/n941 (net)                    2                   0.00       0.35 f
  pe_4_5/U1620/ZN (ND2D1BWP30P140)               0.02      0.01       0.36 r
  pe_4_5/n1148 (net)                   2                   0.00       0.36 r
  pe_4_5/U1621/ZN (INVD0BWP30P140)               0.01      0.01       0.37 f
  pe_4_5/n942 (net)                    1                   0.00       0.37 f
  pe_4_5/U543/ZN (AOI21D1BWP30P140)              0.01      0.01       0.38 r
  pe_4_5/n1214 (net)                   2                   0.00       0.38 r
  pe_4_5/U1623/ZN (OAI21D1BWP30P140)             0.02      0.01       0.39 f
  pe_4_5/n1222 (net)                   2                   0.00       0.39 f
  pe_4_5/U544/ZN (AOI21D1BWP30P140)              0.01      0.01       0.40 r
  pe_4_5/n1054 (net)                   2                   0.00       0.40 r
  pe_4_5/U5/ZN (OAI21D1BWP30P140)                0.02      0.01       0.42 f
  pe_4_5/n1026 (net)                   2                   0.00       0.42 f
  pe_4_5/U1715/ZN (AOI21D1BWP30P140)             0.02      0.01       0.43 r
  pe_4_5/n1063 (net)                   2                   0.00       0.43 r
  pe_4_5/U32/ZN (OAI21D2BWP30P140)               0.01      0.01       0.44 f
  pe_4_5/n1088 (net)                   2                   0.00       0.44 f
  pe_4_5/U546/ZN (AOI21D1BWP30P140)              0.02      0.01       0.45 r
  pe_4_5/n1158 (net)                   2                   0.00       0.45 r
  pe_4_5/U1803/ZN (OAI21D1BWP30P140)             0.02      0.01       0.47 f
  pe_4_5/n1680 (net)                   2                   0.00       0.47 f
  pe_4_5/U3/ZN (AOI21D1BWP30P140)                0.02      0.02       0.48 r
  pe_4_5/n1787 (net)                   2                   0.00       0.48 r
  pe_4_5/U2125/ZN (OAI21D1BWP30P140)             0.02      0.01       0.50 f
  pe_4_5/n1856 (net)                   1                   0.00       0.50 f
  pe_4_5/U35/CO (FA1D2BWP30P140)                 0.01      0.02       0.52 f
  pe_4_5/n1920 (net)                   1                   0.00       0.52 f
  pe_4_5/U555/CO (FA1D1BWP30P140)                0.01      0.02       0.54 f
  pe_4_5/n1982 (net)                   1                   0.00       0.54 f
  pe_4_5/U36/CO (FA1D2BWP30P140)                 0.01      0.02       0.56 f
  pe_4_5/n2047 (net)                   1                   0.00       0.56 f
  pe_4_5/U2334/CO (FA1OPTCD1BWP30P140)           0.01      0.02       0.58 f
  pe_4_5/n2118 (net)                   1                   0.00       0.58 f
  pe_4_5/U37/CO (FA1D2BWP30P140)                 0.01      0.02       0.60 f
  pe_4_5/n2196 (net)                   1                   0.00       0.60 f
  pe_4_5/U556/CO (FA1D1BWP30P140)                0.01      0.02       0.62 f
  pe_4_5/n2258 (net)                   1                   0.00       0.62 f
  pe_4_5/U38/CO (FA1D2BWP30P140)                 0.01      0.02       0.64 f
  pe_4_5/n2332 (net)                   1                   0.00       0.64 f
  pe_4_5/U2538/CO (FA1OPTCD1BWP30P140)           0.01      0.02       0.66 f
  pe_4_5/n2404 (net)                   1                   0.00       0.66 f
  pe_4_5/U39/CO (FA1D2BWP30P140)                 0.01      0.02       0.68 f
  pe_4_5/n2481 (net)                   1                   0.00       0.68 f
  pe_4_5/U557/CO (FA1D1BWP30P140)                0.01      0.02       0.70 f
  pe_4_5/n2557 (net)                   1                   0.00       0.70 f
  pe_4_5/U40/CO (FA1D2BWP30P140)                 0.01      0.02       0.72 f
  pe_4_5/n2635 (net)                   1                   0.00       0.72 f
  pe_4_5/U2773/CO (FA1OPTCD1BWP30P140)           0.01      0.02       0.74 f
  pe_4_5/n2717 (net)                   1                   0.00       0.74 f
  pe_4_5/U33/CO (FA1D2BWP30P140)                 0.01      0.02       0.76 f
  pe_4_5/n2810 (net)                   1                   0.00       0.76 f
  pe_4_5/U2931/CO (FA1OPTCD1BWP30P140)           0.01      0.02       0.77 f
  pe_4_5/n2905 (net)                   1                   0.00       0.77 f
  pe_4_5/U34/CO (FA1D2BWP30P140)                 0.01      0.02       0.79 f
  pe_4_5/n3009 (net)                   1                   0.00       0.79 f
  pe_4_5/U3081/CO (FA1OPTCD1BWP30P140)           0.01      0.02       0.81 f
  pe_4_5/n3244 (net)                   1                   0.00       0.81 f
  pe_4_5/U3149/CO (FA1D1BWP30P140)               0.01      0.02       0.83 f
  pe_4_5/n3247 (net)                   1                   0.00       0.83 f
  pe_4_5/U41/Z (XOR2D1BWP30P140)                 0.01      0.02       0.85 f
  pe_4_5/n3252 (net)                   1                   0.00       0.85 f
  pe_4_5/U3151/ZN (AOI222D1BWP30P140)            0.07      0.05       0.89 r
  pe_4_5/n3256 (net)                  13                   0.00       0.89 r
  pe_4_5/U559/ZN (ND3D1BWP30P140)                0.09      0.06       0.95 f
  pe_4_5/n3350 (net)                  15                   0.00       0.95 f
  pe_4_5/U3204/ZN (OAI211D1BWP30P140)            0.03      0.02       0.97 r
  pe_4_5/io_out_s[4] (net)             1                   0.00       0.97 r
  pe_4_5/io_out_s[4] (FuseMax2DPE_26)                      0.00       0.97 r
  _pe_4_5_io_out_s[4] (net)                                0.00       0.97 r
  pe_5_5/io_in_n[4] (FuseMax2DPE_18)                       0.00       0.97 r
  pe_5_5/io_in_n[4] (net)                                  0.00       0.97 r
  pe_5_5/U574/ZN (INR2D1BWP30P140)               0.01      0.02       0.99 r
  pe_5_5/N954 (net)                    1                   0.00       0.99 r
  pe_5_5/northReg_reg[4]/D (DFQD1BWP30P140)      0.01      0.00       0.99 r
  data arrival time                                                   0.99

  clock ideal_clock1 (rise edge)                           1.00       1.00
  clock network delay (ideal)                              0.00       1.00
  pe_5_5/northReg_reg[4]/CP (DFQD1BWP30P140)               0.00       1.00 r
  library setup time                                      -0.01       0.99
  data required time                                                  0.99
  ------------------------------------------------------------------------------------------------
  data required time                                                  0.99
  data arrival time                                                  -0.99
  ------------------------------------------------------------------------------------------------
  slack (MET)                                                         0.00


1
