 
****************************************
Report : area
Design : SystolicArray
Version: V-2023.12
Date   : Mon Apr  6 05:24:45 2026
****************************************

Library(s) Used:

    tcbn28hpcplusbwp30p140ffg0p99v0c_ccs (File: /hpc/Tech/TSMC/digital/N28/digital/Front_End/timing_power_noise/CCS/tcbn28hpcplusbwp30p140_180a/tcbn28hpcplusbwp30p140ffg0p99v0c_ccs.db)

Number of ports:                         7994
Number of nets:                        176838
Number of cells:                       166387
Number of combinational cells:         161731
Number of sequential cells:              4512
Number of macros/black boxes:               0
Number of buf/inv:                      31678
Number of references:                     144

Combinational area:              87845.940005
Buf/Inv area:                     8516.592114
Noncombinational area:            8659.223901
Macro/Black Box area:                0.000000
Net Interconnect area:      undefined  (Wire load has zero net area)

Total cell area:                 96505.163906
Total area:                 undefined

Hierarchical area distribution
------------------------------

                                  Global cell area            Local cell area
                                  -------------------  ----------------------------- 
Hierarchical cell                 Absolute    Percent  Combi-      Noncombi-  Black-
                                  Total       Total    national    national   boxes   Design
--------------------------------  ----------  -------  ----------  ---------  ------  ---------
SystolicArray                     96505.1639    100.0      0.0000     0.0000  0.0000  SystolicArray
pes_0                               655.8300      0.7    594.2160    61.6140  0.0000  PE_143
pes_0_1                             662.2560      0.7    601.3980    60.8580  0.0000  PE_131
pes_0_10                            657.3420      0.7    595.7280    61.6140  0.0000  PE_23
pes_0_11                            658.8540      0.7    597.2400    61.6140  0.0000  PE_11
pes_0_2                             656.7120      0.7    595.8540    60.8580  0.0000  PE_119
pes_0_3                             658.8540      0.7    597.2400    61.6140  0.0000  PE_107
pes_0_4                             653.8140      0.7    592.2000    61.6140  0.0000  PE_95
pes_0_5                             658.4760      0.7    596.8620    61.6140  0.0000  PE_83
pes_0_6                             654.3180      0.7    593.0820    61.2360  0.0000  PE_71
pes_0_7                             656.5860      0.7    595.7280    60.8580  0.0000  PE_59
pes_0_8                             661.2480      0.7    598.8780    62.3700  0.0000  PE_47
pes_0_9                             664.3980      0.7    603.5400    60.8580  0.0000  PE_35
pes_1                               673.2180      0.7    612.3600    60.8580  0.0000  PE_142
pes_10                              669.8160      0.7    608.9580    60.8580  0.0000  PE_133
pes_10_1                            670.3200      0.7    609.4620    60.8580  0.0000  PE_121
pes_10_10                           675.4860      0.7    615.0060    60.4800  0.0000  PE_13
pes_10_11                           670.0680      0.7    609.2100    60.8580  0.0000  PE_1
pes_10_2                            672.2100      0.7    611.3520    60.8580  0.0000  PE_109
pes_10_3                            670.0680      0.7    609.5880    60.4800  0.0000  PE_97
pes_10_4                            667.4220      0.7    606.9420    60.4800  0.0000  PE_85
pes_10_5                            673.5960      0.7    613.1160    60.4800  0.0000  PE_73
pes_10_6                            675.3600      0.7    614.1240    61.2360  0.0000  PE_61
pes_10_7                            673.4700      0.7    612.9900    60.4800  0.0000  PE_49
pes_10_8                            672.7140      0.7    611.8560    60.8580  0.0000  PE_37
pes_10_9                            673.9740      0.7    613.4940    60.4800  0.0000  PE_25
pes_11                              641.2140      0.7    595.8540    45.3600  0.0000  PE_132
pes_11_1                            636.0480      0.7    590.6880    45.3600  0.0000  PE_120
pes_11_10                           644.8680      0.7    599.5080    45.3600  0.0000  PE_12
pes_11_11                           638.6940      0.7    593.3340    45.3600  0.0000  PE_0
pes_11_2                            638.6940      0.7    593.3340    45.3600  0.0000  PE_108
pes_11_3                            643.2300      0.7    597.8700    45.3600  0.0000  PE_96
pes_11_4                            643.4820      0.7    598.1220    45.3600  0.0000  PE_84
pes_11_5                            639.7020      0.7    594.3420    45.3600  0.0000  PE_72
pes_11_6                            642.8520      0.7    597.4920    45.3600  0.0000  PE_60
pes_11_7                            640.3320      0.7    594.9720    45.3600  0.0000  PE_48
pes_11_8                            641.2140      0.7    595.8540    45.3600  0.0000  PE_36
pes_11_9                            639.0720      0.7    593.7120    45.3600  0.0000  PE_24
pes_1_1                             668.9340      0.7    608.0760    60.8580  0.0000  PE_130
pes_1_10                            675.3600      0.7    614.1240    61.2360  0.0000  PE_22
pes_1_11                            671.4540      0.7    610.5960    60.8580  0.0000  PE_10
pes_1_2                             685.8180      0.7    624.5820    61.2360  0.0000  PE_118
pes_1_3                             674.9820      0.7    612.6120    62.3700  0.0000  PE_106
pes_1_4                             680.7780      0.7    619.1640    61.6140  0.0000  PE_94
pes_1_5                             671.9580      0.7    611.1000    60.8580  0.0000  PE_82
pes_1_6                             674.6040      0.7    612.2340    62.3700  0.0000  PE_70
pes_1_7                             675.3600      0.7    614.5020    60.8580  0.0000  PE_58
pes_1_8                             672.3360      0.7    610.7220    61.6140  0.0000  PE_46
pes_1_9                             672.2100      0.7    610.2180    61.9920  0.0000  PE_34
pes_2                               672.8400      0.7    610.8480    61.9920  0.0000  PE_141
pes_2_1                             674.9820      0.7    613.7460    61.2360  0.0000  PE_129
pes_2_10                            678.8880      0.7    616.8960    61.9920  0.0000  PE_21
pes_2_11                            676.8720      0.7    616.0140    60.8580  0.0000  PE_9
pes_2_2                             672.5880      0.7    610.2180    62.3700  0.0000  PE_117
pes_2_3                             673.5960      0.7    612.3600    61.2360  0.0000  PE_105
pes_2_4                             673.5960      0.7    612.7380    60.8580  0.0000  PE_93
pes_2_5                             669.6900      0.7    607.3200    62.3700  0.0000  PE_81
pes_2_6                             671.4540      0.7    609.8400    61.6140  0.0000  PE_69
pes_2_7                             674.6040      0.7    612.9900    61.6140  0.0000  PE_57
pes_2_8                             676.2420      0.7    614.6280    61.6140  0.0000  PE_45
pes_2_9                             674.1000      0.7    611.7300    62.3700  0.0000  PE_33
pes_3                               669.9420      0.7    608.7060    61.2360  0.0000  PE_140
pes_3_1                             672.8400      0.7    611.2260    61.6140  0.0000  PE_128
pes_3_10                            667.8000      0.7    606.5640    61.2360  0.0000  PE_20
pes_3_11                            671.2020      0.7    608.4540    62.7480  0.0000  PE_8
pes_3_2                             670.9500      0.7    610.0920    60.8580  0.0000  PE_116
pes_3_3                             673.0920      0.7    611.4780    61.6140  0.0000  PE_104
pes_3_4                             681.7860      0.7    620.1720    61.6140  0.0000  PE_92
pes_3_5                             676.7460      0.7    615.5100    61.2360  0.0000  PE_80
pes_3_6                             676.4940      0.7    614.8800    61.6140  0.0000  PE_68
pes_3_7                             677.8800      0.7    616.2660    61.6140  0.0000  PE_56
pes_3_8                             675.3600      0.7    614.1240    61.2360  0.0000  PE_44
pes_3_9                             673.7220      0.7    612.4860    61.2360  0.0000  PE_32
pes_4                               668.3040      0.7    606.6900    61.6140  0.0000  PE_139
pes_4_1                             672.3360      0.7    611.1000    61.2360  0.0000  PE_127
pes_4_10                            674.9820      0.7    613.3680    61.6140  0.0000  PE_19
pes_4_11                            673.9740      0.7    611.9820    61.9920  0.0000  PE_7
pes_4_2                             673.9740      0.7    613.1160    60.8580  0.0000  PE_115
pes_4_3                             674.3520      0.7    612.3600    61.9920  0.0000  PE_103
pes_4_4                             677.2500      0.7    615.6360    61.6140  0.0000  PE_91
pes_4_5                             674.8560      0.7    613.6200    61.2360  0.0000  PE_79
pes_4_6                             671.2020      0.7    609.9660    61.2360  0.0000  PE_67
pes_4_7                             671.0760      0.7    610.2180    60.8580  0.0000  PE_55
pes_4_8                             672.8400      0.7    611.2260    61.6140  0.0000  PE_43
pes_4_9                             671.9580      0.7    611.1000    60.8580  0.0000  PE_31
pes_5                               671.3280      0.7    609.7140    61.6140  0.0000  PE_138
pes_5_1                             675.4860      0.7    613.8720    61.6140  0.0000  PE_126
pes_5_10                            673.5960      0.7    611.6040    61.9920  0.0000  PE_18
pes_5_11                            667.0440      0.7    606.5640    60.4800  0.0000  PE_6
pes_5_2                             678.0060      0.7    616.0140    61.9920  0.0000  PE_114
pes_5_3                             680.1480      0.7    618.5340    61.6140  0.0000  PE_102
pes_5_4                             676.7460      0.7    615.1320    61.6140  0.0000  PE_90
pes_5_5                             675.2340      0.7    613.6200    61.6140  0.0000  PE_78
pes_5_6                             676.7460      0.7    615.8880    60.8580  0.0000  PE_66
pes_5_7                             676.4940      0.7    614.1240    62.3700  0.0000  PE_54
pes_5_8                             676.6200      0.7    615.3840    61.2360  0.0000  PE_42
pes_5_9                             673.3440      0.7    612.1080    61.2360  0.0000  PE_30
pes_6                               680.1480      0.7    618.5340    61.6140  0.0000  PE_137
pes_6_1                             671.0760      0.7    609.4620    61.6140  0.0000  PE_125
pes_6_10                            673.8480      0.7    611.4780    62.3700  0.0000  PE_17
pes_6_11                            680.2740      0.7    619.0380    61.2360  0.0000  PE_5
pes_6_2                             677.5020      0.7    615.1320    62.3700  0.0000  PE_113
pes_6_3                             672.7140      0.7    611.4780    61.2360  0.0000  PE_101
pes_6_4                             683.9280      0.7    621.5580    62.3700  0.0000  PE_89
pes_6_5                             675.9900      0.7    615.5100    60.4800  0.0000  PE_77
pes_6_6                             672.0840      0.7    610.4700    61.6140  0.0000  PE_65
pes_6_7                             670.5720      0.7    608.5800    61.9920  0.0000  PE_53
pes_6_8                             677.3760      0.7    615.7620    61.6140  0.0000  PE_41
pes_6_9                             671.2020      0.7    609.9660    61.2360  0.0000  PE_29
pes_7                               679.6440      0.7    617.6520    61.9920  0.0000  PE_136
pes_7_1                             677.7540      0.7    615.7620    61.9920  0.0000  PE_124
pes_7_10                            676.8720      0.7    614.8800    61.9920  0.0000  PE_16
pes_7_11                            670.0680      0.7    608.4540    61.6140  0.0000  PE_4
pes_7_2                             674.8560      0.7    612.8640    61.9920  0.0000  PE_112
pes_7_3                             675.9900      0.7    615.5100    60.4800  0.0000  PE_100
pes_7_4                             671.7060      0.7    610.8480    60.8580  0.0000  PE_88
pes_7_5                             674.9820      0.7    613.7460    61.2360  0.0000  PE_76
pes_7_6                             670.9500      0.7    609.7140    61.2360  0.0000  PE_64
pes_7_7                             672.8400      0.7    611.6040    61.2360  0.0000  PE_52
pes_7_8                             671.3280      0.7    609.7140    61.6140  0.0000  PE_40
pes_7_9                             676.4940      0.7    614.1240    62.3700  0.0000  PE_28
pes_8                               679.2660      0.7    616.8960    62.3700  0.0000  PE_135
pes_8_1                             678.2580      0.7    616.2660    61.9920  0.0000  PE_123
pes_8_10                            679.5180      0.7    617.5260    61.9920  0.0000  PE_15
pes_8_11                            680.0220      0.7    618.4080    61.6140  0.0000  PE_3
pes_8_2                             675.3600      0.7    614.1240    61.2360  0.0000  PE_111
pes_8_3                             673.5960      0.7    611.2260    62.3700  0.0000  PE_99
pes_8_4                             675.1080      0.7    613.4940    61.6140  0.0000  PE_87
pes_8_5                             672.4620      0.7    610.0920    62.3700  0.0000  PE_75
pes_8_6                             672.3360      0.7    610.7220    61.6140  0.0000  PE_63
pes_8_7                             672.5880      0.7    610.9740    61.6140  0.0000  PE_51
pes_8_8                             674.8560      0.7    613.2420    61.6140  0.0000  PE_39
pes_8_9                             672.7140      0.7    610.7220    61.9920  0.0000  PE_27
pes_9                               671.7060      0.7    610.4700    61.2360  0.0000  PE_134
pes_9_1                             684.4320      0.7    623.1960    61.2360  0.0000  PE_122
pes_9_10                            675.9900      0.7    614.3760    61.6140  0.0000  PE_14
pes_9_11                            672.7140      0.7    611.1000    61.6140  0.0000  PE_2
pes_9_2                             666.9180      0.7    605.6820    61.2360  0.0000  PE_110
pes_9_3                             674.6040      0.7    613.3680    61.2360  0.0000  PE_98
pes_9_4                             671.8320      0.7    610.5960    61.2360  0.0000  PE_86
pes_9_5                             672.9660      0.7    610.5960    62.3700  0.0000  PE_74
pes_9_6                             676.8720      0.7    614.8800    61.9920  0.0000  PE_62
pes_9_7                             679.6440      0.7    618.0300    61.6140  0.0000  PE_50
pes_9_8                             672.5880      0.7    610.2180    62.3700  0.0000  PE_38
pes_9_9                             673.8480      0.7    612.2340    61.6140  0.0000  PE_26
--------------------------------  ----------  -------  ----------  ---------  ------  ---------
Total                                                  87845.9400  8659.2239  0.0000

1
