 
****************************************
Report : power
        -hier
        -analysis_effort low
Design : SystolicArray
Version: V-2023.12
Date   : Mon Apr  6 05:24:47 2026
****************************************


Library(s) Used:

    tcbn28hpcplusbwp30p140ffg0p99v0c_ccs (File: /hpc/Tech/TSMC/digital/N28/digital/Front_End/timing_power_noise/CCS/tcbn28hpcplusbwp30p140_180a/tcbn28hpcplusbwp30p140ffg0p99v0c_ccs.db)


Operating Conditions: ffg0p99v0c   Library: tcbn28hpcplusbwp30p140ffg0p99v0c_ccs
Wire Load Model Mode: segmented

Design        Wire Load Model            Library
------------------------------------------------
SystolicArray          ZeroWireload      tcbn28hpcplusbwp30p140ffg0p99v0c_ccs
PE_143                 ZeroWireload      tcbn28hpcplusbwp30p140ffg0p99v0c_ccs
PE_132                 ZeroWireload      tcbn28hpcplusbwp30p140ffg0p99v0c_ccs
PE_1                   ZeroWireload      tcbn28hpcplusbwp30p140ffg0p99v0c_ccs
PE_2                   ZeroWireload      tcbn28hpcplusbwp30p140ffg0p99v0c_ccs
PE_3                   ZeroWireload      tcbn28hpcplusbwp30p140ffg0p99v0c_ccs
PE_4                   ZeroWireload      tcbn28hpcplusbwp30p140ffg0p99v0c_ccs
PE_5                   ZeroWireload      tcbn28hpcplusbwp30p140ffg0p99v0c_ccs
PE_6                   ZeroWireload      tcbn28hpcplusbwp30p140ffg0p99v0c_ccs
PE_7                   ZeroWireload      tcbn28hpcplusbwp30p140ffg0p99v0c_ccs
PE_8                   ZeroWireload      tcbn28hpcplusbwp30p140ffg0p99v0c_ccs
PE_9                   ZeroWireload      tcbn28hpcplusbwp30p140ffg0p99v0c_ccs
PE_10                  ZeroWireload      tcbn28hpcplusbwp30p140ffg0p99v0c_ccs
PE_11                  ZeroWireload      tcbn28hpcplusbwp30p140ffg0p99v0c_ccs
PE_13                  ZeroWireload      tcbn28hpcplusbwp30p140ffg0p99v0c_ccs
PE_14                  ZeroWireload      tcbn28hpcplusbwp30p140ffg0p99v0c_ccs
PE_15                  ZeroWireload      tcbn28hpcplusbwp30p140ffg0p99v0c_ccs
PE_16                  ZeroWireload      tcbn28hpcplusbwp30p140ffg0p99v0c_ccs
PE_17                  ZeroWireload      tcbn28hpcplusbwp30p140ffg0p99v0c_ccs
PE_18                  ZeroWireload      tcbn28hpcplusbwp30p140ffg0p99v0c_ccs
PE_19                  ZeroWireload      tcbn28hpcplusbwp30p140ffg0p99v0c_ccs
PE_20                  ZeroWireload      tcbn28hpcplusbwp30p140ffg0p99v0c_ccs
PE_21                  ZeroWireload      tcbn28hpcplusbwp30p140ffg0p99v0c_ccs
PE_22                  ZeroWireload      tcbn28hpcplusbwp30p140ffg0p99v0c_ccs
PE_23                  ZeroWireload      tcbn28hpcplusbwp30p140ffg0p99v0c_ccs
PE_25                  ZeroWireload      tcbn28hpcplusbwp30p140ffg0p99v0c_ccs
PE_26                  ZeroWireload      tcbn28hpcplusbwp30p140ffg0p99v0c_ccs
PE_27                  ZeroWireload      tcbn28hpcplusbwp30p140ffg0p99v0c_ccs
PE_28                  ZeroWireload      tcbn28hpcplusbwp30p140ffg0p99v0c_ccs
PE_29                  ZeroWireload      tcbn28hpcplusbwp30p140ffg0p99v0c_ccs
PE_30                  ZeroWireload      tcbn28hpcplusbwp30p140ffg0p99v0c_ccs
PE_31                  ZeroWireload      tcbn28hpcplusbwp30p140ffg0p99v0c_ccs
PE_32                  ZeroWireload      tcbn28hpcplusbwp30p140ffg0p99v0c_ccs
PE_33                  ZeroWireload      tcbn28hpcplusbwp30p140ffg0p99v0c_ccs
PE_34                  ZeroWireload      tcbn28hpcplusbwp30p140ffg0p99v0c_ccs
PE_35                  ZeroWireload      tcbn28hpcplusbwp30p140ffg0p99v0c_ccs
PE_37                  ZeroWireload      tcbn28hpcplusbwp30p140ffg0p99v0c_ccs
PE_38                  ZeroWireload      tcbn28hpcplusbwp30p140ffg0p99v0c_ccs
PE_39                  ZeroWireload      tcbn28hpcplusbwp30p140ffg0p99v0c_ccs
PE_40                  ZeroWireload      tcbn28hpcplusbwp30p140ffg0p99v0c_ccs
PE_41                  ZeroWireload      tcbn28hpcplusbwp30p140ffg0p99v0c_ccs
PE_42                  ZeroWireload      tcbn28hpcplusbwp30p140ffg0p99v0c_ccs
PE_43                  ZeroWireload      tcbn28hpcplusbwp30p140ffg0p99v0c_ccs
PE_44                  ZeroWireload      tcbn28hpcplusbwp30p140ffg0p99v0c_ccs
PE_45                  ZeroWireload      tcbn28hpcplusbwp30p140ffg0p99v0c_ccs
PE_46                  ZeroWireload      tcbn28hpcplusbwp30p140ffg0p99v0c_ccs
PE_47                  ZeroWireload      tcbn28hpcplusbwp30p140ffg0p99v0c_ccs
PE_49                  ZeroWireload      tcbn28hpcplusbwp30p140ffg0p99v0c_ccs
PE_50                  ZeroWireload      tcbn28hpcplusbwp30p140ffg0p99v0c_ccs
PE_51                  ZeroWireload      tcbn28hpcplusbwp30p140ffg0p99v0c_ccs
PE_52                  ZeroWireload      tcbn28hpcplusbwp30p140ffg0p99v0c_ccs
PE_53                  ZeroWireload      tcbn28hpcplusbwp30p140ffg0p99v0c_ccs
PE_54                  ZeroWireload      tcbn28hpcplusbwp30p140ffg0p99v0c_ccs
PE_55                  ZeroWireload      tcbn28hpcplusbwp30p140ffg0p99v0c_ccs
PE_56                  ZeroWireload      tcbn28hpcplusbwp30p140ffg0p99v0c_ccs
PE_57                  ZeroWireload      tcbn28hpcplusbwp30p140ffg0p99v0c_ccs
PE_58                  ZeroWireload      tcbn28hpcplusbwp30p140ffg0p99v0c_ccs
PE_59                  ZeroWireload      tcbn28hpcplusbwp30p140ffg0p99v0c_ccs
PE_61                  ZeroWireload      tcbn28hpcplusbwp30p140ffg0p99v0c_ccs
PE_62                  ZeroWireload      tcbn28hpcplusbwp30p140ffg0p99v0c_ccs
PE_63                  ZeroWireload      tcbn28hpcplusbwp30p140ffg0p99v0c_ccs
PE_64                  ZeroWireload      tcbn28hpcplusbwp30p140ffg0p99v0c_ccs
PE_65                  ZeroWireload      tcbn28hpcplusbwp30p140ffg0p99v0c_ccs
PE_66                  ZeroWireload      tcbn28hpcplusbwp30p140ffg0p99v0c_ccs
PE_67                  ZeroWireload      tcbn28hpcplusbwp30p140ffg0p99v0c_ccs
PE_68                  ZeroWireload      tcbn28hpcplusbwp30p140ffg0p99v0c_ccs
PE_69                  ZeroWireload      tcbn28hpcplusbwp30p140ffg0p99v0c_ccs
PE_70                  ZeroWireload      tcbn28hpcplusbwp30p140ffg0p99v0c_ccs
PE_71                  ZeroWireload      tcbn28hpcplusbwp30p140ffg0p99v0c_ccs
PE_73                  ZeroWireload      tcbn28hpcplusbwp30p140ffg0p99v0c_ccs
PE_74                  ZeroWireload      tcbn28hpcplusbwp30p140ffg0p99v0c_ccs
PE_75                  ZeroWireload      tcbn28hpcplusbwp30p140ffg0p99v0c_ccs
PE_76                  ZeroWireload      tcbn28hpcplusbwp30p140ffg0p99v0c_ccs
PE_77                  ZeroWireload      tcbn28hpcplusbwp30p140ffg0p99v0c_ccs
PE_78                  ZeroWireload      tcbn28hpcplusbwp30p140ffg0p99v0c_ccs
PE_79                  ZeroWireload      tcbn28hpcplusbwp30p140ffg0p99v0c_ccs
PE_80                  ZeroWireload      tcbn28hpcplusbwp30p140ffg0p99v0c_ccs
PE_81                  ZeroWireload      tcbn28hpcplusbwp30p140ffg0p99v0c_ccs
PE_82                  ZeroWireload      tcbn28hpcplusbwp30p140ffg0p99v0c_ccs
PE_83                  ZeroWireload      tcbn28hpcplusbwp30p140ffg0p99v0c_ccs
PE_85                  ZeroWireload      tcbn28hpcplusbwp30p140ffg0p99v0c_ccs
PE_86                  ZeroWireload      tcbn28hpcplusbwp30p140ffg0p99v0c_ccs
PE_87                  ZeroWireload      tcbn28hpcplusbwp30p140ffg0p99v0c_ccs
PE_88                  ZeroWireload      tcbn28hpcplusbwp30p140ffg0p99v0c_ccs
PE_89                  ZeroWireload      tcbn28hpcplusbwp30p140ffg0p99v0c_ccs
PE_90                  ZeroWireload      tcbn28hpcplusbwp30p140ffg0p99v0c_ccs
PE_91                  ZeroWireload      tcbn28hpcplusbwp30p140ffg0p99v0c_ccs
PE_92                  ZeroWireload      tcbn28hpcplusbwp30p140ffg0p99v0c_ccs
PE_93                  ZeroWireload      tcbn28hpcplusbwp30p140ffg0p99v0c_ccs
PE_94                  ZeroWireload      tcbn28hpcplusbwp30p140ffg0p99v0c_ccs
PE_95                  ZeroWireload      tcbn28hpcplusbwp30p140ffg0p99v0c_ccs
PE_97                  ZeroWireload      tcbn28hpcplusbwp30p140ffg0p99v0c_ccs
PE_98                  ZeroWireload      tcbn28hpcplusbwp30p140ffg0p99v0c_ccs
PE_99                  ZeroWireload      tcbn28hpcplusbwp30p140ffg0p99v0c_ccs
PE_100                 ZeroWireload      tcbn28hpcplusbwp30p140ffg0p99v0c_ccs
PE_101                 ZeroWireload      tcbn28hpcplusbwp30p140ffg0p99v0c_ccs
PE_102                 ZeroWireload      tcbn28hpcplusbwp30p140ffg0p99v0c_ccs
PE_103                 ZeroWireload      tcbn28hpcplusbwp30p140ffg0p99v0c_ccs
PE_104                 ZeroWireload      tcbn28hpcplusbwp30p140ffg0p99v0c_ccs
PE_105                 ZeroWireload      tcbn28hpcplusbwp30p140ffg0p99v0c_ccs
PE_106                 ZeroWireload      tcbn28hpcplusbwp30p140ffg0p99v0c_ccs
PE_107                 ZeroWireload      tcbn28hpcplusbwp30p140ffg0p99v0c_ccs
PE_109                 ZeroWireload      tcbn28hpcplusbwp30p140ffg0p99v0c_ccs
PE_110                 ZeroWireload      tcbn28hpcplusbwp30p140ffg0p99v0c_ccs
PE_111                 ZeroWireload      tcbn28hpcplusbwp30p140ffg0p99v0c_ccs
PE_112                 ZeroWireload      tcbn28hpcplusbwp30p140ffg0p99v0c_ccs
PE_113                 ZeroWireload      tcbn28hpcplusbwp30p140ffg0p99v0c_ccs
PE_114                 ZeroWireload      tcbn28hpcplusbwp30p140ffg0p99v0c_ccs
PE_115                 ZeroWireload      tcbn28hpcplusbwp30p140ffg0p99v0c_ccs
PE_116                 ZeroWireload      tcbn28hpcplusbwp30p140ffg0p99v0c_ccs
PE_117                 ZeroWireload      tcbn28hpcplusbwp30p140ffg0p99v0c_ccs
PE_118                 ZeroWireload      tcbn28hpcplusbwp30p140ffg0p99v0c_ccs
PE_119                 ZeroWireload      tcbn28hpcplusbwp30p140ffg0p99v0c_ccs
PE_121                 ZeroWireload      tcbn28hpcplusbwp30p140ffg0p99v0c_ccs
PE_122                 ZeroWireload      tcbn28hpcplusbwp30p140ffg0p99v0c_ccs
PE_123                 ZeroWireload      tcbn28hpcplusbwp30p140ffg0p99v0c_ccs
PE_124                 ZeroWireload      tcbn28hpcplusbwp30p140ffg0p99v0c_ccs
PE_125                 ZeroWireload      tcbn28hpcplusbwp30p140ffg0p99v0c_ccs
PE_126                 ZeroWireload      tcbn28hpcplusbwp30p140ffg0p99v0c_ccs
PE_127                 ZeroWireload      tcbn28hpcplusbwp30p140ffg0p99v0c_ccs
PE_128                 ZeroWireload      tcbn28hpcplusbwp30p140ffg0p99v0c_ccs
PE_129                 ZeroWireload      tcbn28hpcplusbwp30p140ffg0p99v0c_ccs
PE_130                 ZeroWireload      tcbn28hpcplusbwp30p140ffg0p99v0c_ccs
PE_131                 ZeroWireload      tcbn28hpcplusbwp30p140ffg0p99v0c_ccs
PE_133                 ZeroWireload      tcbn28hpcplusbwp30p140ffg0p99v0c_ccs
PE_134                 ZeroWireload      tcbn28hpcplusbwp30p140ffg0p99v0c_ccs
PE_135                 ZeroWireload      tcbn28hpcplusbwp30p140ffg0p99v0c_ccs
PE_136                 ZeroWireload      tcbn28hpcplusbwp30p140ffg0p99v0c_ccs
PE_137                 ZeroWireload      tcbn28hpcplusbwp30p140ffg0p99v0c_ccs
PE_138                 ZeroWireload      tcbn28hpcplusbwp30p140ffg0p99v0c_ccs
PE_139                 ZeroWireload      tcbn28hpcplusbwp30p140ffg0p99v0c_ccs
PE_140                 ZeroWireload      tcbn28hpcplusbwp30p140ffg0p99v0c_ccs
PE_141                 ZeroWireload      tcbn28hpcplusbwp30p140ffg0p99v0c_ccs
PE_142                 ZeroWireload      tcbn28hpcplusbwp30p140ffg0p99v0c_ccs
PE_0                   ZeroWireload      tcbn28hpcplusbwp30p140ffg0p99v0c_ccs
PE_12                  ZeroWireload      tcbn28hpcplusbwp30p140ffg0p99v0c_ccs
PE_24                  ZeroWireload      tcbn28hpcplusbwp30p140ffg0p99v0c_ccs
PE_36                  ZeroWireload      tcbn28hpcplusbwp30p140ffg0p99v0c_ccs
PE_48                  ZeroWireload      tcbn28hpcplusbwp30p140ffg0p99v0c_ccs
PE_60                  ZeroWireload      tcbn28hpcplusbwp30p140ffg0p99v0c_ccs
PE_72                  ZeroWireload      tcbn28hpcplusbwp30p140ffg0p99v0c_ccs
PE_84                  ZeroWireload      tcbn28hpcplusbwp30p140ffg0p99v0c_ccs
PE_96                  ZeroWireload      tcbn28hpcplusbwp30p140ffg0p99v0c_ccs
PE_108                 ZeroWireload      tcbn28hpcplusbwp30p140ffg0p99v0c_ccs
PE_120                 ZeroWireload      tcbn28hpcplusbwp30p140ffg0p99v0c_ccs


Global Operating Voltage = 0.99 
Power-specific unit information :
    Voltage Units = 1V
    Capacitance Units = 1.000000pf
    Time Units = 1ns
    Dynamic Power Units = 1mW    (derived from V,C,T units)
    Leakage Power Units = 1nW


--------------------------------------------------------------------------------
                                       Switch   Int      Leak     Total
Hierarchy                              Power    Power    Power    Power    %
--------------------------------------------------------------------------------
SystolicArray                             3.263   20.222 5.47e+05   24.032 100.0
  pes_11_11 (PE_0)                     4.65e-03 9.21e-02 3.62e+03    0.100   0.4
  pes_10_11 (PE_1)                     6.49e-03    0.124 3.76e+03    0.134   0.6
  pes_9_11 (PE_2)                      7.46e-03    0.126 3.80e+03    0.138   0.6
  pes_8_11 (PE_3)                      8.61e-03    0.128 3.87e+03    0.140   0.6
  pes_7_11 (PE_4)                      9.64e-03    0.129 3.78e+03    0.142   0.6
  pes_6_11 (PE_5)                      1.17e-02    0.130 3.87e+03    0.146   0.6
  pes_5_11 (PE_6)                      1.33e-02    0.131 3.76e+03    0.148   0.6
  pes_4_11 (PE_7)                      1.64e-02    0.137 3.82e+03    0.157   0.7
  pes_3_11 (PE_8)                      2.01e-02    0.143 3.84e+03    0.167   0.7
  pes_2_11 (PE_9)                      2.53e-02    0.145 3.85e+03    0.174   0.7
  pes_1_11 (PE_10)                     3.05e-02    0.151 3.81e+03    0.185   0.8
  pes_0_11 (PE_11)                     4.10e-02    0.164 3.81e+03    0.208   0.9
  pes_11_10 (PE_12)                    4.43e-03 9.19e-02 3.69e+03    0.100   0.4
  pes_10_10 (PE_13)                    6.12e-03    0.123 3.82e+03    0.133   0.6
  pes_9_10 (PE_14)                     6.86e-03    0.126 3.84e+03    0.136   0.6
  pes_8_10 (PE_15)                     8.16e-03    0.128 3.84e+03    0.140   0.6
  pes_7_10 (PE_16)                     9.69e-03    0.129 3.83e+03    0.143   0.6
  pes_6_10 (PE_17)                     1.12e-02    0.132 3.82e+03    0.147   0.6
  pes_5_10 (PE_18)                     1.36e-02    0.134 3.81e+03    0.151   0.6
  pes_4_10 (PE_19)                     1.68e-02    0.137 3.84e+03    0.158   0.7
  pes_3_10 (PE_20)                     1.97e-02    0.140 3.77e+03    0.163   0.7
  pes_2_10 (PE_21)                     2.50e-02    0.147 3.91e+03    0.176   0.7
  pes_1_10 (PE_22)                     3.08e-02    0.152 3.83e+03    0.187   0.8
  pes_0_10 (PE_23)                     4.11e-02    0.164 3.78e+03    0.209   0.9
  pes_11_9 (PE_24)                     4.55e-03 9.20e-02 3.62e+03    0.100   0.4
  pes_10_9 (PE_25)                     6.48e-03    0.123 3.79e+03    0.133   0.6
  pes_9_9 (PE_26)                      7.37e-03    0.126 3.80e+03    0.137   0.6
  pes_8_9 (PE_27)                      8.63e-03    0.128 3.80e+03    0.141   0.6
  pes_7_9 (PE_28)                      1.02e-02    0.131 3.83e+03    0.145   0.6
  pes_6_9 (PE_29)                      1.17e-02    0.130 3.79e+03    0.146   0.6
  pes_5_9 (PE_30)                      1.38e-02    0.133 3.84e+03    0.151   0.6
  pes_4_9 (PE_31)                      1.65e-02    0.135 3.76e+03    0.155   0.6
  pes_3_9 (PE_32)                      2.05e-02    0.140 3.81e+03    0.164   0.7
  pes_2_9 (PE_33)                      2.53e-02    0.147 3.81e+03    0.177   0.7
  pes_1_9 (PE_34)                      3.04e-02    0.153 3.82e+03    0.187   0.8
  pes_0_9 (PE_35)                      4.19e-02    0.164 3.85e+03    0.209   0.9
  pes_11_8 (PE_36)                     4.77e-03 9.23e-02 3.63e+03    0.101   0.4
  pes_10_8 (PE_37)                     6.73e-03    0.124 3.80e+03    0.135   0.6
  pes_9_8 (PE_38)                      7.48e-03    0.127 3.80e+03    0.139   0.6
  pes_8_8 (PE_39)                      8.58e-03    0.127 3.82e+03    0.140   0.6
  pes_7_8 (PE_40)                      1.00e-02    0.129 3.78e+03    0.143   0.6
  pes_6_8 (PE_41)                      1.19e-02    0.131 3.84e+03    0.147   0.6
  pes_5_8 (PE_42)                      1.44e-02    0.133 3.83e+03    0.152   0.6
  pes_4_8 (PE_43)                      1.69e-02    0.137 3.84e+03    0.158   0.7
  pes_3_8 (PE_44)                      2.07e-02    0.141 3.84e+03    0.165   0.7
  pes_2_8 (PE_45)                      2.49e-02    0.146 3.89e+03    0.175   0.7
  pes_1_8 (PE_46)                      3.04e-02    0.153 3.84e+03    0.187   0.8
  pes_0_8 (PE_47)                      4.12e-02    0.165 3.82e+03    0.210   0.9
  pes_11_7 (PE_48)                     4.59e-03 9.20e-02 3.64e+03    0.100   0.4
  pes_10_7 (PE_49)                     6.48e-03    0.123 3.79e+03    0.134   0.6
  pes_9_7 (PE_50)                      7.43e-03    0.126 3.84e+03    0.137   0.6
  pes_8_7 (PE_51)                      8.41e-03    0.127 3.80e+03    0.140   0.6
  pes_7_7 (PE_52)                      9.54e-03    0.128 3.82e+03    0.141   0.6
  pes_6_7 (PE_53)                      1.14e-02    0.131 3.76e+03    0.146   0.6
  pes_5_7 (PE_54)                      1.38e-02    0.135 3.88e+03    0.152   0.6
  pes_4_7 (PE_55)                      1.64e-02    0.135 3.75e+03    0.155   0.6
  pes_3_7 (PE_56)                      2.03e-02    0.141 3.83e+03    0.165   0.7
  pes_2_7 (PE_57)                      2.46e-02    0.145 3.85e+03    0.174   0.7
  pes_1_7 (PE_58)                      3.08e-02    0.151 3.83e+03    0.186   0.8
  pes_0_7 (PE_59)                      4.07e-02    0.162 3.76e+03    0.206   0.9
  pes_11_6 (PE_60)                     4.68e-03 9.22e-02 3.65e+03    0.101   0.4
  pes_10_6 (PE_61)                     6.78e-03    0.125 3.83e+03    0.135   0.6
  pes_9_6 (PE_62)                      7.73e-03    0.127 3.83e+03    0.139   0.6
  pes_8_6 (PE_63)                      8.61e-03    0.127 3.77e+03    0.140   0.6
  pes_7_6 (PE_64)                      9.99e-03    0.128 3.78e+03    0.142   0.6
  pes_6_6 (PE_65)                      1.18e-02    0.131 3.78e+03    0.147   0.6
  pes_5_6 (PE_66)                      1.43e-02    0.133 3.85e+03    0.151   0.6
  pes_4_6 (PE_67)                      1.72e-02    0.137 3.79e+03    0.158   0.7
  pes_3_6 (PE_68)                      2.11e-02    0.142 3.83e+03    0.166   0.7
  pes_2_6 (PE_69)                      2.49e-02    0.146 3.82e+03    0.175   0.7
  pes_1_6 (PE_70)                      3.05e-02    0.154 3.87e+03    0.188   0.8
  pes_0_6 (PE_71)                      4.08e-02    0.163 3.76e+03    0.207   0.9
  pes_11_5 (PE_72)                     5.12e-03 9.26e-02 3.65e+03    0.101   0.4
  pes_10_5 (PE_73)                     7.00e-03    0.124 3.76e+03    0.134   0.6
  pes_9_5 (PE_74)                      7.64e-03    0.128 3.82e+03    0.139   0.6
  pes_8_5 (PE_75)                      8.67e-03    0.129 3.81e+03    0.141   0.6
  pes_7_5 (PE_76)                      1.00e-02    0.128 3.82e+03    0.142   0.6
  pes_6_5 (PE_77)                      1.21e-02    0.129 3.82e+03    0.145   0.6
  pes_5_5 (PE_78)                      1.42e-02    0.134 3.82e+03    0.152   0.6
  pes_4_5 (PE_79)                      1.67e-02    0.136 3.83e+03    0.157   0.7
  pes_3_5 (PE_80)                      2.01e-02    0.140 3.85e+03    0.164   0.7
  pes_2_5 (PE_81)                      2.44e-02    0.147 3.78e+03    0.175   0.7
  pes_1_5 (PE_82)                      3.02e-02    0.151 3.81e+03    0.185   0.8
  pes_0_5 (PE_83)                      4.06e-02    0.163 3.81e+03    0.208   0.9
  pes_11_4 (PE_84)                     5.69e-03 9.32e-02 3.67e+03    0.103   0.4
  pes_10_4 (PE_85)                     7.59e-03    0.124 3.72e+03    0.136   0.6
  pes_9_4 (PE_86)                      8.44e-03    0.127 3.80e+03    0.139   0.6
  pes_8_4 (PE_87)                      9.47e-03    0.128 3.82e+03    0.142   0.6
  pes_7_4 (PE_88)                      1.06e-02    0.128 3.80e+03    0.143   0.6
  pes_6_4 (PE_89)                      1.24e-02    0.133 3.90e+03    0.149   0.6
  pes_5_4 (PE_90)                      1.41e-02    0.134 3.85e+03    0.152   0.6
  pes_4_4 (PE_91)                      1.70e-02    0.137 3.84e+03    0.158   0.7
  pes_3_4 (PE_92)                      2.05e-02    0.141 3.88e+03    0.165   0.7
  pes_2_4 (PE_93)                      2.46e-02    0.145 3.84e+03    0.173   0.7
  pes_1_4 (PE_94)                      3.07e-02    0.153 3.87e+03    0.188   0.8
  pes_0_4 (PE_95)                      3.94e-02    0.162 3.73e+03    0.205   0.9
  pes_11_3 (PE_96)                     8.14e-03 9.58e-02 3.66e+03    0.108   0.4
  pes_10_3 (PE_97)                     1.01e-02    0.127 3.76e+03    0.141   0.6
  pes_9_3 (PE_98)                      1.10e-02    0.129 3.81e+03    0.144   0.6
  pes_8_3 (PE_99)                      1.22e-02    0.133 3.81e+03    0.149   0.6
  pes_7_3 (PE_100)                     1.37e-02    0.131 3.81e+03    0.149   0.6
  pes_6_3 (PE_101)                     1.56e-02    0.134 3.81e+03    0.154   0.6
  pes_5_3 (PE_102)                     1.81e-02    0.138 3.86e+03    0.160   0.7
  pes_4_3 (PE_103)                     2.05e-02    0.141 3.82e+03    0.165   0.7
  pes_3_3 (PE_104)                     2.32e-02    0.144 3.83e+03    0.171   0.7
  pes_2_3 (PE_105)                     2.71e-02    0.148 3.80e+03    0.178   0.7
  pes_1_3 (PE_106)                     3.23e-02    0.155 3.84e+03    0.192   0.8
  pes_0_3 (PE_107)                     4.31e-02    0.166 3.79e+03    0.213   0.9
  pes_11_2 (PE_108)                    1.18e-02 9.97e-02 3.60e+03    0.115   0.5
  pes_10_2 (PE_109)                    1.38e-02    0.132 3.79e+03    0.150   0.6
  pes_9_2 (PE_110)                     1.45e-02    0.133 3.75e+03    0.151   0.6
  pes_8_2 (PE_111)                     1.59e-02    0.135 3.81e+03    0.154   0.6
  pes_7_2 (PE_112)                     1.70e-02    0.137 3.82e+03    0.158   0.7
  pes_6_2 (PE_113)                     1.87e-02    0.140 3.85e+03    0.162   0.7
  pes_5_2 (PE_114)                     2.08e-02    0.141 3.82e+03    0.166   0.7
  pes_4_2 (PE_115)                     2.32e-02    0.142 3.81e+03    0.169   0.7
  pes_3_2 (PE_116)                     2.65e-02    0.146 3.78e+03    0.176   0.7
  pes_2_2 (PE_117)                     3.08e-02    0.154 3.82e+03    0.188   0.8
  pes_1_2 (PE_118)                     3.68e-02    0.159 3.92e+03    0.199   0.8
  pes_0_2 (PE_119)                     4.50e-02    0.167 3.79e+03    0.216   0.9
  pes_11_1 (PE_120)                    2.22e-02    0.111 3.57e+03    0.137   0.6
  pes_10_1 (PE_121)                    2.43e-02    0.143 3.78e+03    0.171   0.7
  pes_9_1 (PE_122)                     2.58e-02    0.146 3.93e+03    0.175   0.7
  pes_8_1 (PE_123)                     2.62e-02    0.147 3.83e+03    0.177   0.7
  pes_7_1 (PE_124)                     2.75e-02    0.149 3.84e+03    0.180   0.8
  pes_6_1 (PE_125)                     2.91e-02    0.150 3.78e+03    0.183   0.8
  pes_5_1 (PE_126)                     3.10e-02    0.152 3.84e+03    0.187   0.8
  pes_4_1 (PE_127)                     3.34e-02    0.154 3.80e+03    0.191   0.8
  pes_3_1 (PE_128)                     3.61e-02    0.158 3.84e+03    0.198   0.8
  pes_2_1 (PE_129)                     4.08e-02    0.163 3.86e+03    0.208   0.9
  pes_1_1 (PE_130)                     4.47e-02    0.166 3.77e+03    0.215   0.9
  pes_0_1 (PE_131)                     5.73e-02    0.180 3.83e+03    0.241   1.0
  pes_11 (PE_132)                      5.05e-02    0.144 3.61e+03    0.198   0.8
  pes_10 (PE_133)                      5.32e-02    0.177 3.73e+03    0.234   1.0
  pes_9 (PE_134)                       5.38e-02    0.178 3.74e+03    0.235   1.0
  pes_8 (PE_135)                       5.73e-02    0.184 3.84e+03    0.245   1.0
  pes_7 (PE_136)                       5.83e-02    0.184 3.83e+03    0.246   1.0
  pes_6 (PE_137)                       6.08e-02    0.186 3.85e+03    0.251   1.0
  pes_5 (PE_138)                       6.25e-02    0.188 3.79e+03    0.255   1.1
  pes_4 (PE_139)                       6.49e-02    0.190 3.75e+03    0.258   1.1
  pes_3 (PE_140)                       6.95e-02    0.195 3.75e+03    0.268   1.1
  pes_2 (PE_141)                       7.46e-02    0.202 3.81e+03    0.280   1.2
  pes_1 (PE_142)                       8.14e-02    0.207 3.77e+03    0.293   1.2
  pes_0 (PE_143)                       9.40e-02    0.221 3.68e+03    0.319   1.3
1
