 
****************************************
Report : power
        -hier
        -analysis_effort low
Design : FuseMax2DArray
Version: V-2023.12
Date   : Mon Apr  6 23:27:27 2026
****************************************


Library(s) Used:

    tcbn28hpcplusbwp30p140ffg0p99v0c_ccs (File: /hpc/Tech/TSMC/digital/N28/digital/Front_End/timing_power_noise/CCS/tcbn28hpcplusbwp30p140_180a/tcbn28hpcplusbwp30p140ffg0p99v0c_ccs.db)


Operating Conditions: ffg0p99v0c   Library: tcbn28hpcplusbwp30p140ffg0p99v0c_ccs
Wire Load Model Mode: segmented

Design        Wire Load Model            Library
------------------------------------------------
FuseMax2DArray         ZeroWireload      tcbn28hpcplusbwp30p140ffg0p99v0c_ccs
FuseMax2DPE_399        ZeroWireload      tcbn28hpcplusbwp30p140ffg0p99v0c_ccs
FuseMax2DPE_380        ZeroWireload      tcbn28hpcplusbwp30p140ffg0p99v0c_ccs
FuseMax2DPE_0          ZeroWireload      tcbn28hpcplusbwp30p140ffg0p99v0c_ccs
FuseMax2DPE_20         ZeroWireload      tcbn28hpcplusbwp30p140ffg0p99v0c_ccs
FuseMax2DPE_40         ZeroWireload      tcbn28hpcplusbwp30p140ffg0p99v0c_ccs
FuseMax2DPE_60         ZeroWireload      tcbn28hpcplusbwp30p140ffg0p99v0c_ccs
FuseMax2DPE_80         ZeroWireload      tcbn28hpcplusbwp30p140ffg0p99v0c_ccs
FuseMax2DPE_100        ZeroWireload      tcbn28hpcplusbwp30p140ffg0p99v0c_ccs
FuseMax2DPE_120        ZeroWireload      tcbn28hpcplusbwp30p140ffg0p99v0c_ccs
FuseMax2DPE_140        ZeroWireload      tcbn28hpcplusbwp30p140ffg0p99v0c_ccs
FuseMax2DPE_160        ZeroWireload      tcbn28hpcplusbwp30p140ffg0p99v0c_ccs
FuseMax2DPE_180        ZeroWireload      tcbn28hpcplusbwp30p140ffg0p99v0c_ccs
FuseMax2DPE_200        ZeroWireload      tcbn28hpcplusbwp30p140ffg0p99v0c_ccs
FuseMax2DPE_220        ZeroWireload      tcbn28hpcplusbwp30p140ffg0p99v0c_ccs
FuseMax2DPE_240        ZeroWireload      tcbn28hpcplusbwp30p140ffg0p99v0c_ccs
FuseMax2DPE_260        ZeroWireload      tcbn28hpcplusbwp30p140ffg0p99v0c_ccs
FuseMax2DPE_280        ZeroWireload      tcbn28hpcplusbwp30p140ffg0p99v0c_ccs
FuseMax2DPE_300        ZeroWireload      tcbn28hpcplusbwp30p140ffg0p99v0c_ccs
FuseMax2DPE_320        ZeroWireload      tcbn28hpcplusbwp30p140ffg0p99v0c_ccs
FuseMax2DPE_340        ZeroWireload      tcbn28hpcplusbwp30p140ffg0p99v0c_ccs
FuseMax2DPE_360        ZeroWireload      tcbn28hpcplusbwp30p140ffg0p99v0c_ccs
FuseMax2DPE_1          ZeroWireload      tcbn28hpcplusbwp30p140ffg0p99v0c_ccs
FuseMax2DPE_2          ZeroWireload      tcbn28hpcplusbwp30p140ffg0p99v0c_ccs
FuseMax2DPE_3          ZeroWireload      tcbn28hpcplusbwp30p140ffg0p99v0c_ccs
FuseMax2DPE_4          ZeroWireload      tcbn28hpcplusbwp30p140ffg0p99v0c_ccs
FuseMax2DPE_5          ZeroWireload      tcbn28hpcplusbwp30p140ffg0p99v0c_ccs
FuseMax2DPE_6          ZeroWireload      tcbn28hpcplusbwp30p140ffg0p99v0c_ccs
FuseMax2DPE_7          ZeroWireload      tcbn28hpcplusbwp30p140ffg0p99v0c_ccs
FuseMax2DPE_8          ZeroWireload      tcbn28hpcplusbwp30p140ffg0p99v0c_ccs
FuseMax2DPE_9          ZeroWireload      tcbn28hpcplusbwp30p140ffg0p99v0c_ccs
FuseMax2DPE_10         ZeroWireload      tcbn28hpcplusbwp30p140ffg0p99v0c_ccs
FuseMax2DPE_11         ZeroWireload      tcbn28hpcplusbwp30p140ffg0p99v0c_ccs
FuseMax2DPE_12         ZeroWireload      tcbn28hpcplusbwp30p140ffg0p99v0c_ccs
FuseMax2DPE_13         ZeroWireload      tcbn28hpcplusbwp30p140ffg0p99v0c_ccs
FuseMax2DPE_14         ZeroWireload      tcbn28hpcplusbwp30p140ffg0p99v0c_ccs
FuseMax2DPE_15         ZeroWireload      tcbn28hpcplusbwp30p140ffg0p99v0c_ccs
FuseMax2DPE_16         ZeroWireload      tcbn28hpcplusbwp30p140ffg0p99v0c_ccs
FuseMax2DPE_17         ZeroWireload      tcbn28hpcplusbwp30p140ffg0p99v0c_ccs
FuseMax2DPE_18         ZeroWireload      tcbn28hpcplusbwp30p140ffg0p99v0c_ccs
FuseMax2DPE_19         ZeroWireload      tcbn28hpcplusbwp30p140ffg0p99v0c_ccs
FuseMax2DPE_21         ZeroWireload      tcbn28hpcplusbwp30p140ffg0p99v0c_ccs
FuseMax2DPE_22         ZeroWireload      tcbn28hpcplusbwp30p140ffg0p99v0c_ccs
FuseMax2DPE_23         ZeroWireload      tcbn28hpcplusbwp30p140ffg0p99v0c_ccs
FuseMax2DPE_24         ZeroWireload      tcbn28hpcplusbwp30p140ffg0p99v0c_ccs
FuseMax2DPE_25         ZeroWireload      tcbn28hpcplusbwp30p140ffg0p99v0c_ccs
FuseMax2DPE_26         ZeroWireload      tcbn28hpcplusbwp30p140ffg0p99v0c_ccs
FuseMax2DPE_27         ZeroWireload      tcbn28hpcplusbwp30p140ffg0p99v0c_ccs
FuseMax2DPE_28         ZeroWireload      tcbn28hpcplusbwp30p140ffg0p99v0c_ccs
FuseMax2DPE_29         ZeroWireload      tcbn28hpcplusbwp30p140ffg0p99v0c_ccs
FuseMax2DPE_30         ZeroWireload      tcbn28hpcplusbwp30p140ffg0p99v0c_ccs
FuseMax2DPE_31         ZeroWireload      tcbn28hpcplusbwp30p140ffg0p99v0c_ccs
FuseMax2DPE_32         ZeroWireload      tcbn28hpcplusbwp30p140ffg0p99v0c_ccs
FuseMax2DPE_33         ZeroWireload      tcbn28hpcplusbwp30p140ffg0p99v0c_ccs
FuseMax2DPE_34         ZeroWireload      tcbn28hpcplusbwp30p140ffg0p99v0c_ccs
FuseMax2DPE_35         ZeroWireload      tcbn28hpcplusbwp30p140ffg0p99v0c_ccs
FuseMax2DPE_36         ZeroWireload      tcbn28hpcplusbwp30p140ffg0p99v0c_ccs
FuseMax2DPE_37         ZeroWireload      tcbn28hpcplusbwp30p140ffg0p99v0c_ccs
FuseMax2DPE_38         ZeroWireload      tcbn28hpcplusbwp30p140ffg0p99v0c_ccs
FuseMax2DPE_39         ZeroWireload      tcbn28hpcplusbwp30p140ffg0p99v0c_ccs
FuseMax2DPE_41         ZeroWireload      tcbn28hpcplusbwp30p140ffg0p99v0c_ccs
FuseMax2DPE_42         ZeroWireload      tcbn28hpcplusbwp30p140ffg0p99v0c_ccs
FuseMax2DPE_43         ZeroWireload      tcbn28hpcplusbwp30p140ffg0p99v0c_ccs
FuseMax2DPE_44         ZeroWireload      tcbn28hpcplusbwp30p140ffg0p99v0c_ccs
FuseMax2DPE_45         ZeroWireload      tcbn28hpcplusbwp30p140ffg0p99v0c_ccs
FuseMax2DPE_46         ZeroWireload      tcbn28hpcplusbwp30p140ffg0p99v0c_ccs
FuseMax2DPE_47         ZeroWireload      tcbn28hpcplusbwp30p140ffg0p99v0c_ccs
FuseMax2DPE_48         ZeroWireload      tcbn28hpcplusbwp30p140ffg0p99v0c_ccs
FuseMax2DPE_49         ZeroWireload      tcbn28hpcplusbwp30p140ffg0p99v0c_ccs
FuseMax2DPE_50         ZeroWireload      tcbn28hpcplusbwp30p140ffg0p99v0c_ccs
FuseMax2DPE_51         ZeroWireload      tcbn28hpcplusbwp30p140ffg0p99v0c_ccs
FuseMax2DPE_52         ZeroWireload      tcbn28hpcplusbwp30p140ffg0p99v0c_ccs
FuseMax2DPE_53         ZeroWireload      tcbn28hpcplusbwp30p140ffg0p99v0c_ccs
FuseMax2DPE_54         ZeroWireload      tcbn28hpcplusbwp30p140ffg0p99v0c_ccs
FuseMax2DPE_55         ZeroWireload      tcbn28hpcplusbwp30p140ffg0p99v0c_ccs
FuseMax2DPE_56         ZeroWireload      tcbn28hpcplusbwp30p140ffg0p99v0c_ccs
FuseMax2DPE_57         ZeroWireload      tcbn28hpcplusbwp30p140ffg0p99v0c_ccs
FuseMax2DPE_58         ZeroWireload      tcbn28hpcplusbwp30p140ffg0p99v0c_ccs
FuseMax2DPE_59         ZeroWireload      tcbn28hpcplusbwp30p140ffg0p99v0c_ccs
FuseMax2DPE_61         ZeroWireload      tcbn28hpcplusbwp30p140ffg0p99v0c_ccs
FuseMax2DPE_62         ZeroWireload      tcbn28hpcplusbwp30p140ffg0p99v0c_ccs
FuseMax2DPE_63         ZeroWireload      tcbn28hpcplusbwp30p140ffg0p99v0c_ccs
FuseMax2DPE_64         ZeroWireload      tcbn28hpcplusbwp30p140ffg0p99v0c_ccs
FuseMax2DPE_65         ZeroWireload      tcbn28hpcplusbwp30p140ffg0p99v0c_ccs
FuseMax2DPE_66         ZeroWireload      tcbn28hpcplusbwp30p140ffg0p99v0c_ccs
FuseMax2DPE_67         ZeroWireload      tcbn28hpcplusbwp30p140ffg0p99v0c_ccs
FuseMax2DPE_68         ZeroWireload      tcbn28hpcplusbwp30p140ffg0p99v0c_ccs
FuseMax2DPE_69         ZeroWireload      tcbn28hpcplusbwp30p140ffg0p99v0c_ccs
FuseMax2DPE_70         ZeroWireload      tcbn28hpcplusbwp30p140ffg0p99v0c_ccs
FuseMax2DPE_71         ZeroWireload      tcbn28hpcplusbwp30p140ffg0p99v0c_ccs
FuseMax2DPE_72         ZeroWireload      tcbn28hpcplusbwp30p140ffg0p99v0c_ccs
FuseMax2DPE_73         ZeroWireload      tcbn28hpcplusbwp30p140ffg0p99v0c_ccs
FuseMax2DPE_74         ZeroWireload      tcbn28hpcplusbwp30p140ffg0p99v0c_ccs
FuseMax2DPE_75         ZeroWireload      tcbn28hpcplusbwp30p140ffg0p99v0c_ccs
FuseMax2DPE_76         ZeroWireload      tcbn28hpcplusbwp30p140ffg0p99v0c_ccs
FuseMax2DPE_77         ZeroWireload      tcbn28hpcplusbwp30p140ffg0p99v0c_ccs
FuseMax2DPE_78         ZeroWireload      tcbn28hpcplusbwp30p140ffg0p99v0c_ccs
FuseMax2DPE_79         ZeroWireload      tcbn28hpcplusbwp30p140ffg0p99v0c_ccs
FuseMax2DPE_81         ZeroWireload      tcbn28hpcplusbwp30p140ffg0p99v0c_ccs
FuseMax2DPE_82         ZeroWireload      tcbn28hpcplusbwp30p140ffg0p99v0c_ccs
FuseMax2DPE_83         ZeroWireload      tcbn28hpcplusbwp30p140ffg0p99v0c_ccs
FuseMax2DPE_84         ZeroWireload      tcbn28hpcplusbwp30p140ffg0p99v0c_ccs
FuseMax2DPE_85         ZeroWireload      tcbn28hpcplusbwp30p140ffg0p99v0c_ccs
FuseMax2DPE_86         ZeroWireload      tcbn28hpcplusbwp30p140ffg0p99v0c_ccs
FuseMax2DPE_87         ZeroWireload      tcbn28hpcplusbwp30p140ffg0p99v0c_ccs
FuseMax2DPE_88         ZeroWireload      tcbn28hpcplusbwp30p140ffg0p99v0c_ccs
FuseMax2DPE_89         ZeroWireload      tcbn28hpcplusbwp30p140ffg0p99v0c_ccs
FuseMax2DPE_90         ZeroWireload      tcbn28hpcplusbwp30p140ffg0p99v0c_ccs
FuseMax2DPE_91         ZeroWireload      tcbn28hpcplusbwp30p140ffg0p99v0c_ccs
FuseMax2DPE_92         ZeroWireload      tcbn28hpcplusbwp30p140ffg0p99v0c_ccs
FuseMax2DPE_93         ZeroWireload      tcbn28hpcplusbwp30p140ffg0p99v0c_ccs
FuseMax2DPE_94         ZeroWireload      tcbn28hpcplusbwp30p140ffg0p99v0c_ccs
FuseMax2DPE_95         ZeroWireload      tcbn28hpcplusbwp30p140ffg0p99v0c_ccs
FuseMax2DPE_96         ZeroWireload      tcbn28hpcplusbwp30p140ffg0p99v0c_ccs
FuseMax2DPE_97         ZeroWireload      tcbn28hpcplusbwp30p140ffg0p99v0c_ccs
FuseMax2DPE_98         ZeroWireload      tcbn28hpcplusbwp30p140ffg0p99v0c_ccs
FuseMax2DPE_99         ZeroWireload      tcbn28hpcplusbwp30p140ffg0p99v0c_ccs
FuseMax2DPE_101        ZeroWireload      tcbn28hpcplusbwp30p140ffg0p99v0c_ccs
FuseMax2DPE_102        ZeroWireload      tcbn28hpcplusbwp30p140ffg0p99v0c_ccs
FuseMax2DPE_103        ZeroWireload      tcbn28hpcplusbwp30p140ffg0p99v0c_ccs
FuseMax2DPE_104        ZeroWireload      tcbn28hpcplusbwp30p140ffg0p99v0c_ccs
FuseMax2DPE_105        ZeroWireload      tcbn28hpcplusbwp30p140ffg0p99v0c_ccs
FuseMax2DPE_106        ZeroWireload      tcbn28hpcplusbwp30p140ffg0p99v0c_ccs
FuseMax2DPE_107        ZeroWireload      tcbn28hpcplusbwp30p140ffg0p99v0c_ccs
FuseMax2DPE_108        ZeroWireload      tcbn28hpcplusbwp30p140ffg0p99v0c_ccs
FuseMax2DPE_109        ZeroWireload      tcbn28hpcplusbwp30p140ffg0p99v0c_ccs
FuseMax2DPE_110        ZeroWireload      tcbn28hpcplusbwp30p140ffg0p99v0c_ccs
FuseMax2DPE_111        ZeroWireload      tcbn28hpcplusbwp30p140ffg0p99v0c_ccs
FuseMax2DPE_112        ZeroWireload      tcbn28hpcplusbwp30p140ffg0p99v0c_ccs
FuseMax2DPE_113        ZeroWireload      tcbn28hpcplusbwp30p140ffg0p99v0c_ccs
FuseMax2DPE_114        ZeroWireload      tcbn28hpcplusbwp30p140ffg0p99v0c_ccs
FuseMax2DPE_115        ZeroWireload      tcbn28hpcplusbwp30p140ffg0p99v0c_ccs
FuseMax2DPE_116        ZeroWireload      tcbn28hpcplusbwp30p140ffg0p99v0c_ccs
FuseMax2DPE_117        ZeroWireload      tcbn28hpcplusbwp30p140ffg0p99v0c_ccs
FuseMax2DPE_118        ZeroWireload      tcbn28hpcplusbwp30p140ffg0p99v0c_ccs
FuseMax2DPE_119        ZeroWireload      tcbn28hpcplusbwp30p140ffg0p99v0c_ccs
FuseMax2DPE_121        ZeroWireload      tcbn28hpcplusbwp30p140ffg0p99v0c_ccs
FuseMax2DPE_122        ZeroWireload      tcbn28hpcplusbwp30p140ffg0p99v0c_ccs
FuseMax2DPE_123        ZeroWireload      tcbn28hpcplusbwp30p140ffg0p99v0c_ccs
FuseMax2DPE_124        ZeroWireload      tcbn28hpcplusbwp30p140ffg0p99v0c_ccs
FuseMax2DPE_125        ZeroWireload      tcbn28hpcplusbwp30p140ffg0p99v0c_ccs
FuseMax2DPE_126        ZeroWireload      tcbn28hpcplusbwp30p140ffg0p99v0c_ccs
FuseMax2DPE_127        ZeroWireload      tcbn28hpcplusbwp30p140ffg0p99v0c_ccs
FuseMax2DPE_128        ZeroWireload      tcbn28hpcplusbwp30p140ffg0p99v0c_ccs
FuseMax2DPE_129        ZeroWireload      tcbn28hpcplusbwp30p140ffg0p99v0c_ccs
FuseMax2DPE_130        ZeroWireload      tcbn28hpcplusbwp30p140ffg0p99v0c_ccs
FuseMax2DPE_131        ZeroWireload      tcbn28hpcplusbwp30p140ffg0p99v0c_ccs
FuseMax2DPE_132        ZeroWireload      tcbn28hpcplusbwp30p140ffg0p99v0c_ccs
FuseMax2DPE_133        ZeroWireload      tcbn28hpcplusbwp30p140ffg0p99v0c_ccs
FuseMax2DPE_134        ZeroWireload      tcbn28hpcplusbwp30p140ffg0p99v0c_ccs
FuseMax2DPE_135        ZeroWireload      tcbn28hpcplusbwp30p140ffg0p99v0c_ccs
FuseMax2DPE_136        ZeroWireload      tcbn28hpcplusbwp30p140ffg0p99v0c_ccs
FuseMax2DPE_137        ZeroWireload      tcbn28hpcplusbwp30p140ffg0p99v0c_ccs
FuseMax2DPE_138        ZeroWireload      tcbn28hpcplusbwp30p140ffg0p99v0c_ccs
FuseMax2DPE_139        ZeroWireload      tcbn28hpcplusbwp30p140ffg0p99v0c_ccs
FuseMax2DPE_141        ZeroWireload      tcbn28hpcplusbwp30p140ffg0p99v0c_ccs
FuseMax2DPE_142        ZeroWireload      tcbn28hpcplusbwp30p140ffg0p99v0c_ccs
FuseMax2DPE_143        ZeroWireload      tcbn28hpcplusbwp30p140ffg0p99v0c_ccs
FuseMax2DPE_144        ZeroWireload      tcbn28hpcplusbwp30p140ffg0p99v0c_ccs
FuseMax2DPE_145        ZeroWireload      tcbn28hpcplusbwp30p140ffg0p99v0c_ccs
FuseMax2DPE_146        ZeroWireload      tcbn28hpcplusbwp30p140ffg0p99v0c_ccs
FuseMax2DPE_147        ZeroWireload      tcbn28hpcplusbwp30p140ffg0p99v0c_ccs
FuseMax2DPE_148        ZeroWireload      tcbn28hpcplusbwp30p140ffg0p99v0c_ccs
FuseMax2DPE_149        ZeroWireload      tcbn28hpcplusbwp30p140ffg0p99v0c_ccs
FuseMax2DPE_150        ZeroWireload      tcbn28hpcplusbwp30p140ffg0p99v0c_ccs
FuseMax2DPE_151        ZeroWireload      tcbn28hpcplusbwp30p140ffg0p99v0c_ccs
FuseMax2DPE_152        ZeroWireload      tcbn28hpcplusbwp30p140ffg0p99v0c_ccs
FuseMax2DPE_153        ZeroWireload      tcbn28hpcplusbwp30p140ffg0p99v0c_ccs
FuseMax2DPE_154        ZeroWireload      tcbn28hpcplusbwp30p140ffg0p99v0c_ccs
FuseMax2DPE_155        ZeroWireload      tcbn28hpcplusbwp30p140ffg0p99v0c_ccs
FuseMax2DPE_156        ZeroWireload      tcbn28hpcplusbwp30p140ffg0p99v0c_ccs
FuseMax2DPE_157        ZeroWireload      tcbn28hpcplusbwp30p140ffg0p99v0c_ccs
FuseMax2DPE_158        ZeroWireload      tcbn28hpcplusbwp30p140ffg0p99v0c_ccs
FuseMax2DPE_159        ZeroWireload      tcbn28hpcplusbwp30p140ffg0p99v0c_ccs
FuseMax2DPE_161        ZeroWireload      tcbn28hpcplusbwp30p140ffg0p99v0c_ccs
FuseMax2DPE_162        ZeroWireload      tcbn28hpcplusbwp30p140ffg0p99v0c_ccs
FuseMax2DPE_163        ZeroWireload      tcbn28hpcplusbwp30p140ffg0p99v0c_ccs
FuseMax2DPE_164        ZeroWireload      tcbn28hpcplusbwp30p140ffg0p99v0c_ccs
FuseMax2DPE_165        ZeroWireload      tcbn28hpcplusbwp30p140ffg0p99v0c_ccs
FuseMax2DPE_166        ZeroWireload      tcbn28hpcplusbwp30p140ffg0p99v0c_ccs
FuseMax2DPE_167        ZeroWireload      tcbn28hpcplusbwp30p140ffg0p99v0c_ccs
FuseMax2DPE_168        ZeroWireload      tcbn28hpcplusbwp30p140ffg0p99v0c_ccs
FuseMax2DPE_169        ZeroWireload      tcbn28hpcplusbwp30p140ffg0p99v0c_ccs
FuseMax2DPE_170        ZeroWireload      tcbn28hpcplusbwp30p140ffg0p99v0c_ccs
FuseMax2DPE_171        ZeroWireload      tcbn28hpcplusbwp30p140ffg0p99v0c_ccs
FuseMax2DPE_172        ZeroWireload      tcbn28hpcplusbwp30p140ffg0p99v0c_ccs
FuseMax2DPE_173        ZeroWireload      tcbn28hpcplusbwp30p140ffg0p99v0c_ccs
FuseMax2DPE_174        ZeroWireload      tcbn28hpcplusbwp30p140ffg0p99v0c_ccs
FuseMax2DPE_175        ZeroWireload      tcbn28hpcplusbwp30p140ffg0p99v0c_ccs
FuseMax2DPE_176        ZeroWireload      tcbn28hpcplusbwp30p140ffg0p99v0c_ccs
FuseMax2DPE_177        ZeroWireload      tcbn28hpcplusbwp30p140ffg0p99v0c_ccs
FuseMax2DPE_178        ZeroWireload      tcbn28hpcplusbwp30p140ffg0p99v0c_ccs
FuseMax2DPE_179        ZeroWireload      tcbn28hpcplusbwp30p140ffg0p99v0c_ccs
FuseMax2DPE_181        ZeroWireload      tcbn28hpcplusbwp30p140ffg0p99v0c_ccs
FuseMax2DPE_182        ZeroWireload      tcbn28hpcplusbwp30p140ffg0p99v0c_ccs
FuseMax2DPE_183        ZeroWireload      tcbn28hpcplusbwp30p140ffg0p99v0c_ccs
FuseMax2DPE_184        ZeroWireload      tcbn28hpcplusbwp30p140ffg0p99v0c_ccs
FuseMax2DPE_185        ZeroWireload      tcbn28hpcplusbwp30p140ffg0p99v0c_ccs
FuseMax2DPE_186        ZeroWireload      tcbn28hpcplusbwp30p140ffg0p99v0c_ccs
FuseMax2DPE_187        ZeroWireload      tcbn28hpcplusbwp30p140ffg0p99v0c_ccs
FuseMax2DPE_188        ZeroWireload      tcbn28hpcplusbwp30p140ffg0p99v0c_ccs
FuseMax2DPE_189        ZeroWireload      tcbn28hpcplusbwp30p140ffg0p99v0c_ccs
FuseMax2DPE_190        ZeroWireload      tcbn28hpcplusbwp30p140ffg0p99v0c_ccs
FuseMax2DPE_191        ZeroWireload      tcbn28hpcplusbwp30p140ffg0p99v0c_ccs
FuseMax2DPE_192        ZeroWireload      tcbn28hpcplusbwp30p140ffg0p99v0c_ccs
FuseMax2DPE_193        ZeroWireload      tcbn28hpcplusbwp30p140ffg0p99v0c_ccs
FuseMax2DPE_194        ZeroWireload      tcbn28hpcplusbwp30p140ffg0p99v0c_ccs
FuseMax2DPE_195        ZeroWireload      tcbn28hpcplusbwp30p140ffg0p99v0c_ccs
FuseMax2DPE_196        ZeroWireload      tcbn28hpcplusbwp30p140ffg0p99v0c_ccs
FuseMax2DPE_197        ZeroWireload      tcbn28hpcplusbwp30p140ffg0p99v0c_ccs
FuseMax2DPE_198        ZeroWireload      tcbn28hpcplusbwp30p140ffg0p99v0c_ccs
FuseMax2DPE_199        ZeroWireload      tcbn28hpcplusbwp30p140ffg0p99v0c_ccs
FuseMax2DPE_201        ZeroWireload      tcbn28hpcplusbwp30p140ffg0p99v0c_ccs
FuseMax2DPE_202        ZeroWireload      tcbn28hpcplusbwp30p140ffg0p99v0c_ccs
FuseMax2DPE_203        ZeroWireload      tcbn28hpcplusbwp30p140ffg0p99v0c_ccs
FuseMax2DPE_204        ZeroWireload      tcbn28hpcplusbwp30p140ffg0p99v0c_ccs
FuseMax2DPE_205        ZeroWireload      tcbn28hpcplusbwp30p140ffg0p99v0c_ccs
FuseMax2DPE_206        ZeroWireload      tcbn28hpcplusbwp30p140ffg0p99v0c_ccs
FuseMax2DPE_207        ZeroWireload      tcbn28hpcplusbwp30p140ffg0p99v0c_ccs
FuseMax2DPE_208        ZeroWireload      tcbn28hpcplusbwp30p140ffg0p99v0c_ccs
FuseMax2DPE_209        ZeroWireload      tcbn28hpcplusbwp30p140ffg0p99v0c_ccs
FuseMax2DPE_210        ZeroWireload      tcbn28hpcplusbwp30p140ffg0p99v0c_ccs
FuseMax2DPE_211        ZeroWireload      tcbn28hpcplusbwp30p140ffg0p99v0c_ccs
FuseMax2DPE_212        ZeroWireload      tcbn28hpcplusbwp30p140ffg0p99v0c_ccs
FuseMax2DPE_213        ZeroWireload      tcbn28hpcplusbwp30p140ffg0p99v0c_ccs
FuseMax2DPE_214        ZeroWireload      tcbn28hpcplusbwp30p140ffg0p99v0c_ccs
FuseMax2DPE_215        ZeroWireload      tcbn28hpcplusbwp30p140ffg0p99v0c_ccs
FuseMax2DPE_216        ZeroWireload      tcbn28hpcplusbwp30p140ffg0p99v0c_ccs
FuseMax2DPE_217        ZeroWireload      tcbn28hpcplusbwp30p140ffg0p99v0c_ccs
FuseMax2DPE_218        ZeroWireload      tcbn28hpcplusbwp30p140ffg0p99v0c_ccs
FuseMax2DPE_219        ZeroWireload      tcbn28hpcplusbwp30p140ffg0p99v0c_ccs
FuseMax2DPE_221        ZeroWireload      tcbn28hpcplusbwp30p140ffg0p99v0c_ccs
FuseMax2DPE_222        ZeroWireload      tcbn28hpcplusbwp30p140ffg0p99v0c_ccs
FuseMax2DPE_223        ZeroWireload      tcbn28hpcplusbwp30p140ffg0p99v0c_ccs
FuseMax2DPE_224        ZeroWireload      tcbn28hpcplusbwp30p140ffg0p99v0c_ccs
FuseMax2DPE_225        ZeroWireload      tcbn28hpcplusbwp30p140ffg0p99v0c_ccs
FuseMax2DPE_226        ZeroWireload      tcbn28hpcplusbwp30p140ffg0p99v0c_ccs
FuseMax2DPE_227        ZeroWireload      tcbn28hpcplusbwp30p140ffg0p99v0c_ccs
FuseMax2DPE_228        ZeroWireload      tcbn28hpcplusbwp30p140ffg0p99v0c_ccs
FuseMax2DPE_229        ZeroWireload      tcbn28hpcplusbwp30p140ffg0p99v0c_ccs
FuseMax2DPE_230        ZeroWireload      tcbn28hpcplusbwp30p140ffg0p99v0c_ccs
FuseMax2DPE_231        ZeroWireload      tcbn28hpcplusbwp30p140ffg0p99v0c_ccs
FuseMax2DPE_232        ZeroWireload      tcbn28hpcplusbwp30p140ffg0p99v0c_ccs
FuseMax2DPE_233        ZeroWireload      tcbn28hpcplusbwp30p140ffg0p99v0c_ccs
FuseMax2DPE_234        ZeroWireload      tcbn28hpcplusbwp30p140ffg0p99v0c_ccs
FuseMax2DPE_235        ZeroWireload      tcbn28hpcplusbwp30p140ffg0p99v0c_ccs
FuseMax2DPE_236        ZeroWireload      tcbn28hpcplusbwp30p140ffg0p99v0c_ccs
FuseMax2DPE_237        ZeroWireload      tcbn28hpcplusbwp30p140ffg0p99v0c_ccs
FuseMax2DPE_238        ZeroWireload      tcbn28hpcplusbwp30p140ffg0p99v0c_ccs
FuseMax2DPE_239        ZeroWireload      tcbn28hpcplusbwp30p140ffg0p99v0c_ccs
FuseMax2DPE_241        ZeroWireload      tcbn28hpcplusbwp30p140ffg0p99v0c_ccs
FuseMax2DPE_242        ZeroWireload      tcbn28hpcplusbwp30p140ffg0p99v0c_ccs
FuseMax2DPE_243        ZeroWireload      tcbn28hpcplusbwp30p140ffg0p99v0c_ccs
FuseMax2DPE_244        ZeroWireload      tcbn28hpcplusbwp30p140ffg0p99v0c_ccs
FuseMax2DPE_245        ZeroWireload      tcbn28hpcplusbwp30p140ffg0p99v0c_ccs
FuseMax2DPE_246        ZeroWireload      tcbn28hpcplusbwp30p140ffg0p99v0c_ccs
FuseMax2DPE_247        ZeroWireload      tcbn28hpcplusbwp30p140ffg0p99v0c_ccs
FuseMax2DPE_248        ZeroWireload      tcbn28hpcplusbwp30p140ffg0p99v0c_ccs
FuseMax2DPE_249        ZeroWireload      tcbn28hpcplusbwp30p140ffg0p99v0c_ccs
FuseMax2DPE_250        ZeroWireload      tcbn28hpcplusbwp30p140ffg0p99v0c_ccs
FuseMax2DPE_251        ZeroWireload      tcbn28hpcplusbwp30p140ffg0p99v0c_ccs
FuseMax2DPE_252        ZeroWireload      tcbn28hpcplusbwp30p140ffg0p99v0c_ccs
FuseMax2DPE_253        ZeroWireload      tcbn28hpcplusbwp30p140ffg0p99v0c_ccs
FuseMax2DPE_254        ZeroWireload      tcbn28hpcplusbwp30p140ffg0p99v0c_ccs
FuseMax2DPE_255        ZeroWireload      tcbn28hpcplusbwp30p140ffg0p99v0c_ccs
FuseMax2DPE_256        ZeroWireload      tcbn28hpcplusbwp30p140ffg0p99v0c_ccs
FuseMax2DPE_257        ZeroWireload      tcbn28hpcplusbwp30p140ffg0p99v0c_ccs
FuseMax2DPE_258        ZeroWireload      tcbn28hpcplusbwp30p140ffg0p99v0c_ccs
FuseMax2DPE_259        ZeroWireload      tcbn28hpcplusbwp30p140ffg0p99v0c_ccs
FuseMax2DPE_261        ZeroWireload      tcbn28hpcplusbwp30p140ffg0p99v0c_ccs
FuseMax2DPE_262        ZeroWireload      tcbn28hpcplusbwp30p140ffg0p99v0c_ccs
FuseMax2DPE_263        ZeroWireload      tcbn28hpcplusbwp30p140ffg0p99v0c_ccs
FuseMax2DPE_264        ZeroWireload      tcbn28hpcplusbwp30p140ffg0p99v0c_ccs
FuseMax2DPE_265        ZeroWireload      tcbn28hpcplusbwp30p140ffg0p99v0c_ccs
FuseMax2DPE_266        ZeroWireload      tcbn28hpcplusbwp30p140ffg0p99v0c_ccs
FuseMax2DPE_267        ZeroWireload      tcbn28hpcplusbwp30p140ffg0p99v0c_ccs
FuseMax2DPE_268        ZeroWireload      tcbn28hpcplusbwp30p140ffg0p99v0c_ccs
FuseMax2DPE_269        ZeroWireload      tcbn28hpcplusbwp30p140ffg0p99v0c_ccs
FuseMax2DPE_270        ZeroWireload      tcbn28hpcplusbwp30p140ffg0p99v0c_ccs
FuseMax2DPE_271        ZeroWireload      tcbn28hpcplusbwp30p140ffg0p99v0c_ccs
FuseMax2DPE_272        ZeroWireload      tcbn28hpcplusbwp30p140ffg0p99v0c_ccs
FuseMax2DPE_273        ZeroWireload      tcbn28hpcplusbwp30p140ffg0p99v0c_ccs
FuseMax2DPE_274        ZeroWireload      tcbn28hpcplusbwp30p140ffg0p99v0c_ccs
FuseMax2DPE_275        ZeroWireload      tcbn28hpcplusbwp30p140ffg0p99v0c_ccs
FuseMax2DPE_276        ZeroWireload      tcbn28hpcplusbwp30p140ffg0p99v0c_ccs
FuseMax2DPE_277        ZeroWireload      tcbn28hpcplusbwp30p140ffg0p99v0c_ccs
FuseMax2DPE_278        ZeroWireload      tcbn28hpcplusbwp30p140ffg0p99v0c_ccs
FuseMax2DPE_279        ZeroWireload      tcbn28hpcplusbwp30p140ffg0p99v0c_ccs
FuseMax2DPE_281        ZeroWireload      tcbn28hpcplusbwp30p140ffg0p99v0c_ccs
FuseMax2DPE_282        ZeroWireload      tcbn28hpcplusbwp30p140ffg0p99v0c_ccs
FuseMax2DPE_283        ZeroWireload      tcbn28hpcplusbwp30p140ffg0p99v0c_ccs
FuseMax2DPE_284        ZeroWireload      tcbn28hpcplusbwp30p140ffg0p99v0c_ccs
FuseMax2DPE_285        ZeroWireload      tcbn28hpcplusbwp30p140ffg0p99v0c_ccs
FuseMax2DPE_286        ZeroWireload      tcbn28hpcplusbwp30p140ffg0p99v0c_ccs
FuseMax2DPE_287        ZeroWireload      tcbn28hpcplusbwp30p140ffg0p99v0c_ccs
FuseMax2DPE_288        ZeroWireload      tcbn28hpcplusbwp30p140ffg0p99v0c_ccs
FuseMax2DPE_289        ZeroWireload      tcbn28hpcplusbwp30p140ffg0p99v0c_ccs
FuseMax2DPE_290        ZeroWireload      tcbn28hpcplusbwp30p140ffg0p99v0c_ccs
FuseMax2DPE_291        ZeroWireload      tcbn28hpcplusbwp30p140ffg0p99v0c_ccs
FuseMax2DPE_292        ZeroWireload      tcbn28hpcplusbwp30p140ffg0p99v0c_ccs
FuseMax2DPE_293        ZeroWireload      tcbn28hpcplusbwp30p140ffg0p99v0c_ccs
FuseMax2DPE_294        ZeroWireload      tcbn28hpcplusbwp30p140ffg0p99v0c_ccs
FuseMax2DPE_295        ZeroWireload      tcbn28hpcplusbwp30p140ffg0p99v0c_ccs
FuseMax2DPE_296        ZeroWireload      tcbn28hpcplusbwp30p140ffg0p99v0c_ccs
FuseMax2DPE_297        ZeroWireload      tcbn28hpcplusbwp30p140ffg0p99v0c_ccs
FuseMax2DPE_298        ZeroWireload      tcbn28hpcplusbwp30p140ffg0p99v0c_ccs
FuseMax2DPE_299        ZeroWireload      tcbn28hpcplusbwp30p140ffg0p99v0c_ccs
FuseMax2DPE_301        ZeroWireload      tcbn28hpcplusbwp30p140ffg0p99v0c_ccs
FuseMax2DPE_302        ZeroWireload      tcbn28hpcplusbwp30p140ffg0p99v0c_ccs
FuseMax2DPE_303        ZeroWireload      tcbn28hpcplusbwp30p140ffg0p99v0c_ccs
FuseMax2DPE_304        ZeroWireload      tcbn28hpcplusbwp30p140ffg0p99v0c_ccs
FuseMax2DPE_305        ZeroWireload      tcbn28hpcplusbwp30p140ffg0p99v0c_ccs
FuseMax2DPE_306        ZeroWireload      tcbn28hpcplusbwp30p140ffg0p99v0c_ccs
FuseMax2DPE_307        ZeroWireload      tcbn28hpcplusbwp30p140ffg0p99v0c_ccs
FuseMax2DPE_308        ZeroWireload      tcbn28hpcplusbwp30p140ffg0p99v0c_ccs
FuseMax2DPE_309        ZeroWireload      tcbn28hpcplusbwp30p140ffg0p99v0c_ccs
FuseMax2DPE_310        ZeroWireload      tcbn28hpcplusbwp30p140ffg0p99v0c_ccs
FuseMax2DPE_311        ZeroWireload      tcbn28hpcplusbwp30p140ffg0p99v0c_ccs
FuseMax2DPE_312        ZeroWireload      tcbn28hpcplusbwp30p140ffg0p99v0c_ccs
FuseMax2DPE_313        ZeroWireload      tcbn28hpcplusbwp30p140ffg0p99v0c_ccs
FuseMax2DPE_314        ZeroWireload      tcbn28hpcplusbwp30p140ffg0p99v0c_ccs
FuseMax2DPE_315        ZeroWireload      tcbn28hpcplusbwp30p140ffg0p99v0c_ccs
FuseMax2DPE_316        ZeroWireload      tcbn28hpcplusbwp30p140ffg0p99v0c_ccs
FuseMax2DPE_317        ZeroWireload      tcbn28hpcplusbwp30p140ffg0p99v0c_ccs
FuseMax2DPE_318        ZeroWireload      tcbn28hpcplusbwp30p140ffg0p99v0c_ccs
FuseMax2DPE_319        ZeroWireload      tcbn28hpcplusbwp30p140ffg0p99v0c_ccs
FuseMax2DPE_321        ZeroWireload      tcbn28hpcplusbwp30p140ffg0p99v0c_ccs
FuseMax2DPE_322        ZeroWireload      tcbn28hpcplusbwp30p140ffg0p99v0c_ccs
FuseMax2DPE_323        ZeroWireload      tcbn28hpcplusbwp30p140ffg0p99v0c_ccs
FuseMax2DPE_324        ZeroWireload      tcbn28hpcplusbwp30p140ffg0p99v0c_ccs
FuseMax2DPE_325        ZeroWireload      tcbn28hpcplusbwp30p140ffg0p99v0c_ccs
FuseMax2DPE_326        ZeroWireload      tcbn28hpcplusbwp30p140ffg0p99v0c_ccs
FuseMax2DPE_327        ZeroWireload      tcbn28hpcplusbwp30p140ffg0p99v0c_ccs
FuseMax2DPE_328        ZeroWireload      tcbn28hpcplusbwp30p140ffg0p99v0c_ccs
FuseMax2DPE_329        ZeroWireload      tcbn28hpcplusbwp30p140ffg0p99v0c_ccs
FuseMax2DPE_330        ZeroWireload      tcbn28hpcplusbwp30p140ffg0p99v0c_ccs
FuseMax2DPE_331        ZeroWireload      tcbn28hpcplusbwp30p140ffg0p99v0c_ccs
FuseMax2DPE_332        ZeroWireload      tcbn28hpcplusbwp30p140ffg0p99v0c_ccs
FuseMax2DPE_333        ZeroWireload      tcbn28hpcplusbwp30p140ffg0p99v0c_ccs
FuseMax2DPE_334        ZeroWireload      tcbn28hpcplusbwp30p140ffg0p99v0c_ccs
FuseMax2DPE_335        ZeroWireload      tcbn28hpcplusbwp30p140ffg0p99v0c_ccs
FuseMax2DPE_336        ZeroWireload      tcbn28hpcplusbwp30p140ffg0p99v0c_ccs
FuseMax2DPE_337        ZeroWireload      tcbn28hpcplusbwp30p140ffg0p99v0c_ccs
FuseMax2DPE_338        ZeroWireload      tcbn28hpcplusbwp30p140ffg0p99v0c_ccs
FuseMax2DPE_339        ZeroWireload      tcbn28hpcplusbwp30p140ffg0p99v0c_ccs
FuseMax2DPE_341        ZeroWireload      tcbn28hpcplusbwp30p140ffg0p99v0c_ccs
FuseMax2DPE_342        ZeroWireload      tcbn28hpcplusbwp30p140ffg0p99v0c_ccs
FuseMax2DPE_343        ZeroWireload      tcbn28hpcplusbwp30p140ffg0p99v0c_ccs
FuseMax2DPE_344        ZeroWireload      tcbn28hpcplusbwp30p140ffg0p99v0c_ccs
FuseMax2DPE_345        ZeroWireload      tcbn28hpcplusbwp30p140ffg0p99v0c_ccs
FuseMax2DPE_346        ZeroWireload      tcbn28hpcplusbwp30p140ffg0p99v0c_ccs
FuseMax2DPE_347        ZeroWireload      tcbn28hpcplusbwp30p140ffg0p99v0c_ccs
FuseMax2DPE_348        ZeroWireload      tcbn28hpcplusbwp30p140ffg0p99v0c_ccs
FuseMax2DPE_349        ZeroWireload      tcbn28hpcplusbwp30p140ffg0p99v0c_ccs
FuseMax2DPE_350        ZeroWireload      tcbn28hpcplusbwp30p140ffg0p99v0c_ccs
FuseMax2DPE_351        ZeroWireload      tcbn28hpcplusbwp30p140ffg0p99v0c_ccs
FuseMax2DPE_352        ZeroWireload      tcbn28hpcplusbwp30p140ffg0p99v0c_ccs
FuseMax2DPE_353        ZeroWireload      tcbn28hpcplusbwp30p140ffg0p99v0c_ccs
FuseMax2DPE_354        ZeroWireload      tcbn28hpcplusbwp30p140ffg0p99v0c_ccs
FuseMax2DPE_355        ZeroWireload      tcbn28hpcplusbwp30p140ffg0p99v0c_ccs
FuseMax2DPE_356        ZeroWireload      tcbn28hpcplusbwp30p140ffg0p99v0c_ccs
FuseMax2DPE_357        ZeroWireload      tcbn28hpcplusbwp30p140ffg0p99v0c_ccs
FuseMax2DPE_358        ZeroWireload      tcbn28hpcplusbwp30p140ffg0p99v0c_ccs
FuseMax2DPE_359        ZeroWireload      tcbn28hpcplusbwp30p140ffg0p99v0c_ccs
FuseMax2DPE_361        ZeroWireload      tcbn28hpcplusbwp30p140ffg0p99v0c_ccs
FuseMax2DPE_362        ZeroWireload      tcbn28hpcplusbwp30p140ffg0p99v0c_ccs
FuseMax2DPE_363        ZeroWireload      tcbn28hpcplusbwp30p140ffg0p99v0c_ccs
FuseMax2DPE_364        ZeroWireload      tcbn28hpcplusbwp30p140ffg0p99v0c_ccs
FuseMax2DPE_365        ZeroWireload      tcbn28hpcplusbwp30p140ffg0p99v0c_ccs
FuseMax2DPE_366        ZeroWireload      tcbn28hpcplusbwp30p140ffg0p99v0c_ccs
FuseMax2DPE_367        ZeroWireload      tcbn28hpcplusbwp30p140ffg0p99v0c_ccs
FuseMax2DPE_368        ZeroWireload      tcbn28hpcplusbwp30p140ffg0p99v0c_ccs
FuseMax2DPE_369        ZeroWireload      tcbn28hpcplusbwp30p140ffg0p99v0c_ccs
FuseMax2DPE_370        ZeroWireload      tcbn28hpcplusbwp30p140ffg0p99v0c_ccs
FuseMax2DPE_371        ZeroWireload      tcbn28hpcplusbwp30p140ffg0p99v0c_ccs
FuseMax2DPE_372        ZeroWireload      tcbn28hpcplusbwp30p140ffg0p99v0c_ccs
FuseMax2DPE_373        ZeroWireload      tcbn28hpcplusbwp30p140ffg0p99v0c_ccs
FuseMax2DPE_374        ZeroWireload      tcbn28hpcplusbwp30p140ffg0p99v0c_ccs
FuseMax2DPE_375        ZeroWireload      tcbn28hpcplusbwp30p140ffg0p99v0c_ccs
FuseMax2DPE_376        ZeroWireload      tcbn28hpcplusbwp30p140ffg0p99v0c_ccs
FuseMax2DPE_377        ZeroWireload      tcbn28hpcplusbwp30p140ffg0p99v0c_ccs
FuseMax2DPE_378        ZeroWireload      tcbn28hpcplusbwp30p140ffg0p99v0c_ccs
FuseMax2DPE_379        ZeroWireload      tcbn28hpcplusbwp30p140ffg0p99v0c_ccs
FuseMax2DPE_381        ZeroWireload      tcbn28hpcplusbwp30p140ffg0p99v0c_ccs
FuseMax2DPE_382        ZeroWireload      tcbn28hpcplusbwp30p140ffg0p99v0c_ccs
FuseMax2DPE_383        ZeroWireload      tcbn28hpcplusbwp30p140ffg0p99v0c_ccs
FuseMax2DPE_384        ZeroWireload      tcbn28hpcplusbwp30p140ffg0p99v0c_ccs
FuseMax2DPE_385        ZeroWireload      tcbn28hpcplusbwp30p140ffg0p99v0c_ccs
FuseMax2DPE_386        ZeroWireload      tcbn28hpcplusbwp30p140ffg0p99v0c_ccs
FuseMax2DPE_387        ZeroWireload      tcbn28hpcplusbwp30p140ffg0p99v0c_ccs
FuseMax2DPE_388        ZeroWireload      tcbn28hpcplusbwp30p140ffg0p99v0c_ccs
FuseMax2DPE_389        ZeroWireload      tcbn28hpcplusbwp30p140ffg0p99v0c_ccs
FuseMax2DPE_390        ZeroWireload      tcbn28hpcplusbwp30p140ffg0p99v0c_ccs
FuseMax2DPE_391        ZeroWireload      tcbn28hpcplusbwp30p140ffg0p99v0c_ccs
FuseMax2DPE_392        ZeroWireload      tcbn28hpcplusbwp30p140ffg0p99v0c_ccs
FuseMax2DPE_393        ZeroWireload      tcbn28hpcplusbwp30p140ffg0p99v0c_ccs
FuseMax2DPE_394        ZeroWireload      tcbn28hpcplusbwp30p140ffg0p99v0c_ccs
FuseMax2DPE_395        ZeroWireload      tcbn28hpcplusbwp30p140ffg0p99v0c_ccs
FuseMax2DPE_396        ZeroWireload      tcbn28hpcplusbwp30p140ffg0p99v0c_ccs
FuseMax2DPE_397        ZeroWireload      tcbn28hpcplusbwp30p140ffg0p99v0c_ccs
FuseMax2DPE_398        ZeroWireload      tcbn28hpcplusbwp30p140ffg0p99v0c_ccs


Global Operating Voltage = 0.99 
Power-specific unit information :
    Voltage Units = 1V
    Capacitance Units = 1.000000pf
    Time Units = 1ns
    Dynamic Power Units = 1mW    (derived from V,C,T units)
    Leakage Power Units = 1nW


--------------------------------------------------------------------------------
                                       Switch   Int      Leak     Total
Hierarchy                              Power    Power    Power    Power    %
--------------------------------------------------------------------------------
FuseMax2DArray                           32.886  321.427 4.67e+06  358.980 100.0
  pe_19_19 (FuseMax2DPE_0)             7.75e-02    0.791 1.21e+04    0.880   0.2
  pe_19_18 (FuseMax2DPE_1)             7.16e-02    0.777 1.18e+04    0.861   0.2
  pe_19_17 (FuseMax2DPE_2)             7.51e-02    0.780 1.21e+04    0.867   0.2
  pe_19_16 (FuseMax2DPE_3)             7.43e-02    0.773 1.18e+04    0.859   0.2
  pe_19_15 (FuseMax2DPE_4)             7.49e-02    0.775 1.18e+04    0.862   0.2
  pe_19_14 (FuseMax2DPE_5)             7.67e-02    0.786 1.19e+04    0.875   0.2
  pe_19_13 (FuseMax2DPE_6)             7.80e-02    0.784 1.17e+04    0.874   0.2
  pe_19_12 (FuseMax2DPE_7)             7.70e-02    0.791 1.18e+04    0.879   0.2
  pe_19_11 (FuseMax2DPE_8)             7.50e-02    0.776 1.17e+04    0.863   0.2
  pe_19_10 (FuseMax2DPE_9)             7.78e-02    0.782 1.15e+04    0.871   0.2
  pe_19_9 (FuseMax2DPE_10)             7.88e-02    0.786 1.18e+04    0.876   0.2
  pe_19_8 (FuseMax2DPE_11)             7.84e-02    0.786 1.17e+04    0.876   0.2
  pe_19_7 (FuseMax2DPE_12)             8.05e-02    0.783 1.18e+04    0.875   0.2
  pe_19_6 (FuseMax2DPE_13)             8.01e-02    0.784 1.19e+04    0.876   0.2
  pe_19_5 (FuseMax2DPE_14)             8.40e-02    0.786 1.18e+04    0.882   0.2
  pe_19_4 (FuseMax2DPE_15)             8.39e-02    0.791 1.18e+04    0.887   0.2
  pe_19_3 (FuseMax2DPE_16)             8.93e-02    0.793 1.19e+04    0.894   0.2
  pe_19_2 (FuseMax2DPE_17)             8.72e-02    0.793 1.17e+04    0.892   0.2
  pe_19_1 (FuseMax2DPE_18)             8.89e-02    0.794 1.15e+04    0.894   0.2
  pe_19_0 (FuseMax2DPE_19)             9.16e-02    0.798 1.19e+04    0.901   0.3
  pe_18_19 (FuseMax2DPE_20)            7.13e-02    0.792 1.16e+04    0.875   0.2
  pe_18_18 (FuseMax2DPE_21)            7.13e-02    0.783 1.16e+04    0.866   0.2
  pe_18_17 (FuseMax2DPE_22)            6.86e-02    0.790 1.16e+04    0.870   0.2
  pe_18_16 (FuseMax2DPE_23)            7.23e-02    0.792 1.16e+04    0.876   0.2
  pe_18_15 (FuseMax2DPE_24)            7.29e-02    0.791 1.19e+04    0.875   0.2
  pe_18_14 (FuseMax2DPE_25)            7.24e-02    0.788 1.16e+04    0.872   0.2
  pe_18_13 (FuseMax2DPE_26)            7.59e-02    0.797 1.18e+04    0.885   0.2
  pe_18_12 (FuseMax2DPE_27)            7.04e-02    0.792 1.15e+04    0.874   0.2
  pe_18_11 (FuseMax2DPE_28)            7.49e-02    0.795 1.17e+04    0.881   0.2
  pe_18_10 (FuseMax2DPE_29)            7.56e-02    0.796 1.17e+04    0.884   0.2
  pe_18_9 (FuseMax2DPE_30)             7.58e-02    0.794 1.17e+04    0.881   0.2
  pe_18_8 (FuseMax2DPE_31)             8.12e-02    0.802 1.18e+04    0.895   0.2
  pe_18_7 (FuseMax2DPE_32)             8.12e-02    0.804 1.15e+04    0.896   0.2
  pe_18_6 (FuseMax2DPE_33)             8.24e-02    0.809 1.18e+04    0.904   0.3
  pe_18_5 (FuseMax2DPE_34)             7.98e-02    0.798 1.18e+04    0.890   0.2
  pe_18_4 (FuseMax2DPE_35)             8.18e-02    0.803 1.15e+04    0.897   0.2
  pe_18_3 (FuseMax2DPE_36)             8.65e-02    0.808 1.17e+04    0.906   0.3
  pe_18_2 (FuseMax2DPE_37)             8.45e-02    0.809 1.17e+04    0.905   0.3
  pe_18_1 (FuseMax2DPE_38)             8.84e-02    0.814 1.18e+04    0.914   0.3
  pe_18_0 (FuseMax2DPE_39)             9.11e-02    0.817 1.15e+04    0.920   0.3
  pe_17_19 (FuseMax2DPE_40)            7.28e-02    0.792 1.18e+04    0.877   0.2
  pe_17_18 (FuseMax2DPE_41)            7.28e-02    0.792 1.17e+04    0.877   0.2
  pe_17_17 (FuseMax2DPE_42)            7.32e-02    0.792 1.17e+04    0.877   0.2
  pe_17_16 (FuseMax2DPE_43)            7.18e-02    0.783 1.16e+04    0.866   0.2
  pe_17_15 (FuseMax2DPE_44)            7.40e-02    0.797 1.17e+04    0.882   0.2
  pe_17_14 (FuseMax2DPE_45)            7.17e-02    0.790 1.15e+04    0.873   0.2
  pe_17_13 (FuseMax2DPE_46)            7.38e-02    0.797 1.18e+04    0.883   0.2
  pe_17_12 (FuseMax2DPE_47)            7.26e-02    0.792 1.16e+04    0.876   0.2
  pe_17_11 (FuseMax2DPE_48)            7.38e-02    0.794 1.16e+04    0.880   0.2
  pe_17_10 (FuseMax2DPE_49)            7.86e-02    0.800 1.15e+04    0.890   0.2
  pe_17_9 (FuseMax2DPE_50)             7.83e-02    0.801 1.15e+04    0.891   0.2
  pe_17_8 (FuseMax2DPE_51)             7.68e-02    0.796 1.15e+04    0.885   0.2
  pe_17_7 (FuseMax2DPE_52)             7.99e-02    0.798 1.15e+04    0.889   0.2
  pe_17_6 (FuseMax2DPE_53)             8.16e-02    0.803 1.19e+04    0.896   0.2
  pe_17_5 (FuseMax2DPE_54)             7.81e-02    0.802 1.15e+04    0.892   0.2
  pe_17_4 (FuseMax2DPE_55)             8.34e-02    0.807 1.16e+04    0.902   0.3
  pe_17_3 (FuseMax2DPE_56)             8.61e-02    0.810 1.15e+04    0.907   0.3
  pe_17_2 (FuseMax2DPE_57)             8.79e-02    0.811 1.16e+04    0.911   0.3
  pe_17_1 (FuseMax2DPE_58)             8.89e-02    0.816 1.18e+04    0.917   0.3
  pe_17_0 (FuseMax2DPE_59)             9.05e-02    0.816 1.16e+04    0.918   0.3
  pe_16_19 (FuseMax2DPE_60)            7.30e-02    0.789 1.16e+04    0.874   0.2
  pe_16_18 (FuseMax2DPE_61)            7.22e-02    0.792 1.19e+04    0.876   0.2
  pe_16_17 (FuseMax2DPE_62)            7.04e-02    0.790 1.16e+04    0.872   0.2
  pe_16_16 (FuseMax2DPE_63)            7.00e-02    0.785 1.15e+04    0.867   0.2
  pe_16_15 (FuseMax2DPE_64)            7.58e-02    0.792 1.17e+04    0.879   0.2
  pe_16_14 (FuseMax2DPE_65)            7.34e-02    0.787 1.17e+04    0.872   0.2
  pe_16_13 (FuseMax2DPE_66)            7.46e-02    0.784 1.17e+04    0.870   0.2
  pe_16_12 (FuseMax2DPE_67)            7.46e-02    0.794 1.18e+04    0.880   0.2
  pe_16_11 (FuseMax2DPE_68)            7.58e-02    0.797 1.17e+04    0.885   0.2
  pe_16_10 (FuseMax2DPE_69)            7.53e-02    0.796 1.15e+04    0.883   0.2
  pe_16_9 (FuseMax2DPE_70)             7.87e-02    0.800 1.17e+04    0.891   0.2
  pe_16_8 (FuseMax2DPE_71)             7.64e-02    0.800 1.17e+04    0.888   0.2
  pe_16_7 (FuseMax2DPE_72)             7.88e-02    0.797 1.17e+04    0.888   0.2
  pe_16_6 (FuseMax2DPE_73)             8.41e-02    0.807 1.18e+04    0.903   0.3
  pe_16_5 (FuseMax2DPE_74)             8.39e-02    0.806 1.19e+04    0.902   0.3
  pe_16_4 (FuseMax2DPE_75)             8.29e-02    0.808 1.17e+04    0.903   0.3
  pe_16_3 (FuseMax2DPE_76)             8.50e-02    0.808 1.16e+04    0.904   0.3
  pe_16_2 (FuseMax2DPE_77)             8.58e-02    0.810 1.15e+04    0.907   0.3
  pe_16_1 (FuseMax2DPE_78)             9.23e-02    0.816 1.16e+04    0.920   0.3
  pe_16_0 (FuseMax2DPE_79)             9.70e-02    0.824 1.18e+04    0.932   0.3
  pe_15_19 (FuseMax2DPE_80)            7.02e-02    0.784 1.15e+04    0.866   0.2
  pe_15_18 (FuseMax2DPE_81)            7.01e-02    0.785 1.16e+04    0.867   0.2
  pe_15_17 (FuseMax2DPE_82)            7.26e-02    0.791 1.18e+04    0.876   0.2
  pe_15_16 (FuseMax2DPE_83)            7.11e-02    0.787 1.17e+04    0.870   0.2
  pe_15_15 (FuseMax2DPE_84)            7.02e-02    0.784 1.16e+04    0.866   0.2
  pe_15_14 (FuseMax2DPE_85)            7.26e-02    0.793 1.16e+04    0.877   0.2
  pe_15_13 (FuseMax2DPE_86)            7.15e-02    0.792 1.15e+04    0.876   0.2
  pe_15_12 (FuseMax2DPE_87)            7.23e-02    0.794 1.16e+04    0.878   0.2
  pe_15_11 (FuseMax2DPE_88)            7.80e-02    0.793 1.18e+04    0.883   0.2
  pe_15_10 (FuseMax2DPE_89)            7.49e-02    0.795 1.15e+04    0.881   0.2
  pe_15_9 (FuseMax2DPE_90)             7.87e-02    0.797 1.16e+04    0.887   0.2
  pe_15_8 (FuseMax2DPE_91)             8.05e-02    0.801 1.17e+04    0.893   0.2
  pe_15_7 (FuseMax2DPE_92)             8.01e-02    0.804 1.18e+04    0.896   0.2
  pe_15_6 (FuseMax2DPE_93)             7.65e-02    0.798 1.16e+04    0.886   0.2
  pe_15_5 (FuseMax2DPE_94)             8.02e-02    0.803 1.15e+04    0.894   0.2
  pe_15_4 (FuseMax2DPE_95)             8.18e-02    0.802 1.15e+04    0.896   0.2
  pe_15_3 (FuseMax2DPE_96)             8.30e-02    0.803 1.17e+04    0.898   0.3
  pe_15_2 (FuseMax2DPE_97)             8.73e-02    0.812 1.18e+04    0.911   0.3
  pe_15_1 (FuseMax2DPE_98)             8.82e-02    0.813 1.17e+04    0.913   0.3
  pe_15_0 (FuseMax2DPE_99)             8.81e-02    0.813 1.16e+04    0.913   0.3
  pe_14_19 (FuseMax2DPE_100)           6.91e-02    0.791 1.17e+04    0.872   0.2
  pe_14_18 (FuseMax2DPE_101)           6.89e-02    0.789 1.16e+04    0.869   0.2
  pe_14_17 (FuseMax2DPE_102)           7.27e-02    0.789 1.17e+04    0.874   0.2
  pe_14_16 (FuseMax2DPE_103)           6.94e-02    0.790 1.16e+04    0.871   0.2
  pe_14_15 (FuseMax2DPE_104)           7.24e-02    0.793 1.18e+04    0.877   0.2
  pe_14_14 (FuseMax2DPE_105)           7.19e-02    0.794 1.15e+04    0.878   0.2
  pe_14_13 (FuseMax2DPE_106)           7.37e-02    0.797 1.17e+04    0.882   0.2
  pe_14_12 (FuseMax2DPE_107)           7.50e-02    0.794 1.16e+04    0.881   0.2
  pe_14_11 (FuseMax2DPE_108)           7.54e-02    0.796 1.17e+04    0.883   0.2
  pe_14_10 (FuseMax2DPE_109)           7.55e-02    0.795 1.17e+04    0.883   0.2
  pe_14_9 (FuseMax2DPE_110)            7.85e-02    0.800 1.17e+04    0.890   0.2
  pe_14_8 (FuseMax2DPE_111)            7.59e-02    0.795 1.15e+04    0.883   0.2
  pe_14_7 (FuseMax2DPE_112)            7.89e-02    0.801 1.17e+04    0.891   0.2
  pe_14_6 (FuseMax2DPE_113)            8.27e-02    0.805 1.18e+04    0.900   0.3
  pe_14_5 (FuseMax2DPE_114)            7.88e-02    0.800 1.16e+04    0.890   0.2
  pe_14_4 (FuseMax2DPE_115)            8.32e-02    0.804 1.17e+04    0.898   0.3
  pe_14_3 (FuseMax2DPE_116)            8.34e-02    0.807 1.16e+04    0.902   0.3
  pe_14_2 (FuseMax2DPE_117)            8.81e-02    0.812 1.19e+04    0.912   0.3
  pe_14_1 (FuseMax2DPE_118)            8.72e-02    0.813 1.15e+04    0.912   0.3
  pe_14_0 (FuseMax2DPE_119)            9.07e-02    0.815 1.16e+04    0.917   0.3
  pe_13_19 (FuseMax2DPE_120)           7.05e-02    0.792 1.16e+04    0.874   0.2
  pe_13_18 (FuseMax2DPE_121)           7.15e-02    0.788 1.16e+04    0.871   0.2
  pe_13_17 (FuseMax2DPE_122)           7.05e-02    0.790 1.15e+04    0.872   0.2
  pe_13_16 (FuseMax2DPE_123)           7.65e-02    0.795 1.17e+04    0.883   0.2
  pe_13_15 (FuseMax2DPE_124)           7.15e-02    0.789 1.16e+04    0.872   0.2
  pe_13_14 (FuseMax2DPE_125)           7.32e-02    0.791 1.18e+04    0.876   0.2
  pe_13_13 (FuseMax2DPE_126)           7.58e-02    0.792 1.17e+04    0.879   0.2
  pe_13_12 (FuseMax2DPE_127)           7.86e-02    0.797 1.17e+04    0.887   0.2
  pe_13_11 (FuseMax2DPE_128)           7.44e-02    0.794 1.16e+04    0.880   0.2
  pe_13_10 (FuseMax2DPE_129)           7.27e-02    0.792 1.18e+04    0.877   0.2
  pe_13_9 (FuseMax2DPE_130)            7.60e-02    0.799 1.17e+04    0.887   0.2
  pe_13_8 (FuseMax2DPE_131)            8.00e-02    0.801 1.18e+04    0.892   0.2
  pe_13_7 (FuseMax2DPE_132)            7.89e-02    0.800 1.18e+04    0.891   0.2
  pe_13_6 (FuseMax2DPE_133)            7.85e-02    0.801 1.17e+04    0.891   0.2
  pe_13_5 (FuseMax2DPE_134)            8.04e-02    0.802 1.16e+04    0.894   0.2
  pe_13_4 (FuseMax2DPE_135)            8.27e-02    0.788 1.15e+04    0.882   0.2
  pe_13_3 (FuseMax2DPE_136)            8.54e-02    0.808 1.16e+04    0.905   0.3
  pe_13_2 (FuseMax2DPE_137)            8.61e-02    0.813 1.17e+04    0.910   0.3
  pe_13_1 (FuseMax2DPE_138)            9.11e-02    0.815 1.16e+04    0.917   0.3
  pe_13_0 (FuseMax2DPE_139)            9.03e-02    0.818 1.17e+04    0.920   0.3
  pe_12_19 (FuseMax2DPE_140)           6.98e-02    0.784 1.16e+04    0.866   0.2
  pe_12_18 (FuseMax2DPE_141)           7.16e-02    0.792 1.18e+04    0.876   0.2
  pe_12_17 (FuseMax2DPE_142)           7.12e-02    0.790 1.17e+04    0.873   0.2
  pe_12_16 (FuseMax2DPE_143)           7.48e-02    0.794 1.17e+04    0.880   0.2
  pe_12_15 (FuseMax2DPE_144)           7.42e-02    0.798 1.19e+04    0.884   0.2
  pe_12_14 (FuseMax2DPE_145)           7.30e-02    0.795 1.15e+04    0.879   0.2
  pe_12_13 (FuseMax2DPE_146)           7.39e-02    0.787 1.17e+04    0.873   0.2
  pe_12_12 (FuseMax2DPE_147)           7.55e-02    0.799 1.17e+04    0.886   0.2
  pe_12_11 (FuseMax2DPE_148)           7.75e-02    0.788 1.15e+04    0.877   0.2
  pe_12_10 (FuseMax2DPE_149)           7.74e-02    0.799 1.17e+04    0.888   0.2
  pe_12_9 (FuseMax2DPE_150)            7.67e-02    0.796 1.16e+04    0.884   0.2
  pe_12_8 (FuseMax2DPE_151)            7.74e-02    0.800 1.15e+04    0.889   0.2
  pe_12_7 (FuseMax2DPE_152)            8.03e-02    0.803 1.16e+04    0.894   0.2
  pe_12_6 (FuseMax2DPE_153)            8.23e-02    0.803 1.17e+04    0.897   0.2
  pe_12_5 (FuseMax2DPE_154)            8.02e-02    0.799 1.15e+04    0.891   0.2
  pe_12_4 (FuseMax2DPE_155)            8.21e-02    0.807 1.18e+04    0.901   0.3
  pe_12_3 (FuseMax2DPE_156)            8.68e-02    0.808 1.17e+04    0.907   0.3
  pe_12_2 (FuseMax2DPE_157)            8.11e-02    0.805 1.15e+04    0.897   0.2
  pe_12_1 (FuseMax2DPE_158)            8.93e-02    0.812 1.17e+04    0.913   0.3
  pe_12_0 (FuseMax2DPE_159)            9.36e-02    0.813 1.17e+04    0.918   0.3
  pe_11_19 (FuseMax2DPE_160)           7.10e-02    0.784 1.17e+04    0.867   0.2
  pe_11_18 (FuseMax2DPE_161)           7.08e-02    0.791 1.17e+04    0.874   0.2
  pe_11_17 (FuseMax2DPE_162)           7.01e-02    0.791 1.16e+04    0.873   0.2
  pe_11_16 (FuseMax2DPE_163)           7.26e-02    0.791 1.16e+04    0.875   0.2
  pe_11_15 (FuseMax2DPE_164)           7.13e-02    0.788 1.15e+04    0.870   0.2
  pe_11_14 (FuseMax2DPE_165)           7.42e-02    0.793 1.18e+04    0.879   0.2
  pe_11_13 (FuseMax2DPE_166)           7.26e-02    0.792 1.17e+04    0.876   0.2
  pe_11_12 (FuseMax2DPE_167)           7.35e-02    0.796 1.16e+04    0.881   0.2
  pe_11_11 (FuseMax2DPE_168)           7.36e-02    0.795 1.16e+04    0.880   0.2
  pe_11_10 (FuseMax2DPE_169)           7.95e-02    0.797 1.16e+04    0.888   0.2
  pe_11_9 (FuseMax2DPE_170)            7.65e-02    0.800 1.16e+04    0.888   0.2
  pe_11_8 (FuseMax2DPE_171)            7.81e-02    0.798 1.17e+04    0.888   0.2
  pe_11_7 (FuseMax2DPE_172)            8.01e-02    0.805 1.16e+04    0.897   0.2
  pe_11_6 (FuseMax2DPE_173)            8.04e-02    0.803 1.16e+04    0.895   0.2
  pe_11_5 (FuseMax2DPE_174)            8.10e-02    0.802 1.15e+04    0.894   0.2
  pe_11_4 (FuseMax2DPE_175)            8.25e-02    0.806 1.18e+04    0.900   0.3
  pe_11_3 (FuseMax2DPE_176)            8.70e-02    0.814 1.17e+04    0.913   0.3
  pe_11_2 (FuseMax2DPE_177)            8.64e-02    0.812 1.19e+04    0.911   0.3
  pe_11_1 (FuseMax2DPE_178)            9.16e-02    0.812 1.19e+04    0.915   0.3
  pe_11_0 (FuseMax2DPE_179)            9.22e-02    0.821 1.15e+04    0.924   0.3
  pe_10_19 (FuseMax2DPE_180)           6.96e-02    0.792 1.18e+04    0.873   0.2
  pe_10_18 (FuseMax2DPE_181)           7.21e-02    0.791 1.17e+04    0.875   0.2
  pe_10_17 (FuseMax2DPE_182)           7.32e-02    0.794 1.16e+04    0.879   0.2
  pe_10_16 (FuseMax2DPE_183)           7.23e-02    0.786 1.17e+04    0.870   0.2
  pe_10_15 (FuseMax2DPE_184)           7.26e-02    0.794 1.16e+04    0.878   0.2
  pe_10_14 (FuseMax2DPE_185)           7.16e-02    0.791 1.16e+04    0.874   0.2
  pe_10_13 (FuseMax2DPE_186)           7.22e-02    0.793 1.15e+04    0.877   0.2
  pe_10_12 (FuseMax2DPE_187)           7.61e-02    0.796 1.15e+04    0.884   0.2
  pe_10_11 (FuseMax2DPE_188)           7.66e-02    0.796 1.16e+04    0.884   0.2
  pe_10_10 (FuseMax2DPE_189)           7.80e-02    0.799 1.15e+04    0.889   0.2
  pe_10_9 (FuseMax2DPE_190)            7.63e-02    0.798 1.17e+04    0.886   0.2
  pe_10_8 (FuseMax2DPE_191)            7.53e-02    0.798 1.15e+04    0.885   0.2
  pe_10_7 (FuseMax2DPE_192)            7.93e-02    0.805 1.17e+04    0.896   0.2
  pe_10_6 (FuseMax2DPE_193)            8.17e-02    0.807 1.18e+04    0.900   0.3
  pe_10_5 (FuseMax2DPE_194)            8.40e-02    0.808 1.17e+04    0.903   0.3
  pe_10_4 (FuseMax2DPE_195)            8.43e-02    0.806 1.17e+04    0.902   0.3
  pe_10_3 (FuseMax2DPE_196)            8.31e-02    0.795 1.16e+04    0.890   0.2
  pe_10_2 (FuseMax2DPE_197)            8.75e-02    0.812 1.16e+04    0.911   0.3
  pe_10_1 (FuseMax2DPE_198)            8.98e-02    0.813 1.16e+04    0.914   0.3
  pe_10_0 (FuseMax2DPE_199)            9.09e-02    0.815 1.17e+04    0.918   0.3
  pe_9_19 (FuseMax2DPE_200)            7.10e-02    0.788 1.17e+04    0.870   0.2
  pe_9_18 (FuseMax2DPE_201)            7.37e-02    0.795 1.16e+04    0.880   0.2
  pe_9_17 (FuseMax2DPE_202)            7.37e-02    0.797 1.18e+04    0.882   0.2
  pe_9_16 (FuseMax2DPE_203)            7.31e-02    0.787 1.18e+04    0.872   0.2
  pe_9_15 (FuseMax2DPE_204)            7.55e-02    0.793 1.17e+04    0.880   0.2
  pe_9_14 (FuseMax2DPE_205)            7.74e-02    0.799 1.18e+04    0.889   0.2
  pe_9_13 (FuseMax2DPE_206)            7.56e-02    0.797 1.16e+04    0.884   0.2
  pe_9_12 (FuseMax2DPE_207)            7.70e-02    0.795 1.17e+04    0.884   0.2
  pe_9_11 (FuseMax2DPE_208)            7.66e-02    0.796 1.17e+04    0.885   0.2
  pe_9_10 (FuseMax2DPE_209)            8.11e-02    0.790 1.15e+04    0.882   0.2
  pe_9_9 (FuseMax2DPE_210)             7.69e-02    0.802 1.17e+04    0.891   0.2
  pe_9_8 (FuseMax2DPE_211)             8.11e-02    0.804 1.17e+04    0.896   0.2
  pe_9_7 (FuseMax2DPE_212)             7.84e-02    0.799 1.14e+04    0.889   0.2
  pe_9_6 (FuseMax2DPE_213)             8.24e-02    0.803 1.17e+04    0.897   0.3
  pe_9_5 (FuseMax2DPE_214)             8.55e-02    0.805 1.17e+04    0.902   0.3
  pe_9_4 (FuseMax2DPE_215)             8.27e-02    0.804 1.17e+04    0.899   0.3
  pe_9_3 (FuseMax2DPE_216)             8.60e-02    0.812 1.17e+04    0.910   0.3
  pe_9_2 (FuseMax2DPE_217)             8.40e-02    0.805 1.16e+04    0.900   0.3
  pe_9_1 (FuseMax2DPE_218)             8.72e-02    0.810 1.18e+04    0.909   0.3
  pe_9_0 (FuseMax2DPE_219)             8.84e-02    0.814 1.14e+04    0.914   0.3
  pe_8_19 (FuseMax2DPE_220)            7.22e-02    0.790 1.18e+04    0.874   0.2
  pe_8_18 (FuseMax2DPE_221)            7.05e-02    0.791 1.16e+04    0.873   0.2
  pe_8_17 (FuseMax2DPE_222)            7.25e-02    0.792 1.15e+04    0.876   0.2
  pe_8_16 (FuseMax2DPE_223)            7.51e-02    0.792 1.15e+04    0.878   0.2
  pe_8_15 (FuseMax2DPE_224)            7.45e-02    0.786 1.14e+04    0.872   0.2
  pe_8_14 (FuseMax2DPE_225)            7.49e-02    0.794 1.14e+04    0.880   0.2
  pe_8_13 (FuseMax2DPE_226)            7.61e-02    0.798 1.17e+04    0.886   0.2
  pe_8_12 (FuseMax2DPE_227)            7.84e-02    0.798 1.16e+04    0.888   0.2
  pe_8_11 (FuseMax2DPE_228)            7.86e-02    0.798 1.15e+04    0.888   0.2
  pe_8_10 (FuseMax2DPE_229)            7.77e-02    0.799 1.15e+04    0.888   0.2
  pe_8_9 (FuseMax2DPE_230)             7.90e-02    0.798 1.17e+04    0.889   0.2
  pe_8_8 (FuseMax2DPE_231)             7.70e-02    0.796 1.16e+04    0.884   0.2
  pe_8_7 (FuseMax2DPE_232)             7.87e-02    0.802 1.16e+04    0.893   0.2
  pe_8_6 (FuseMax2DPE_233)             8.12e-02    0.801 1.17e+04    0.894   0.2
  pe_8_5 (FuseMax2DPE_234)             7.92e-02    0.801 1.15e+04    0.892   0.2
  pe_8_4 (FuseMax2DPE_235)             9.00e-02    0.816 1.18e+04    0.918   0.3
  pe_8_3 (FuseMax2DPE_236)             8.56e-02    0.806 1.16e+04    0.903   0.3
  pe_8_2 (FuseMax2DPE_237)             8.88e-02    0.811 1.14e+04    0.912   0.3
  pe_8_1 (FuseMax2DPE_238)             9.45e-02    0.821 1.16e+04    0.927   0.3
  pe_8_0 (FuseMax2DPE_239)             9.13e-02    0.818 1.16e+04    0.921   0.3
  pe_7_19 (FuseMax2DPE_240)            7.37e-02    0.797 1.17e+04    0.882   0.2
  pe_7_18 (FuseMax2DPE_241)            7.35e-02    0.796 1.16e+04    0.881   0.2
  pe_7_17 (FuseMax2DPE_242)            7.38e-02    0.793 1.15e+04    0.879   0.2
  pe_7_16 (FuseMax2DPE_243)            7.48e-02    0.794 1.16e+04    0.880   0.2
  pe_7_15 (FuseMax2DPE_244)            7.28e-02    0.795 1.17e+04    0.880   0.2
  pe_7_14 (FuseMax2DPE_245)            7.83e-02    0.804 1.17e+04    0.894   0.2
  pe_7_13 (FuseMax2DPE_246)            7.91e-02    0.797 1.17e+04    0.888   0.2
  pe_7_12 (FuseMax2DPE_247)            7.89e-02    0.798 1.15e+04    0.889   0.2
  pe_7_11 (FuseMax2DPE_248)            8.09e-02    0.801 1.18e+04    0.894   0.2
  pe_7_10 (FuseMax2DPE_249)            8.02e-02    0.803 1.17e+04    0.895   0.2
  pe_7_9 (FuseMax2DPE_250)             8.02e-02    0.804 1.17e+04    0.896   0.2
  pe_7_8 (FuseMax2DPE_251)             8.07e-02    0.804 1.16e+04    0.897   0.2
  pe_7_7 (FuseMax2DPE_252)             7.95e-02    0.800 1.16e+04    0.892   0.2
  pe_7_6 (FuseMax2DPE_253)             8.43e-02    0.806 1.16e+04    0.902   0.3
  pe_7_5 (FuseMax2DPE_254)             8.71e-02    0.812 1.16e+04    0.910   0.3
  pe_7_4 (FuseMax2DPE_255)             8.57e-02    0.809 1.17e+04    0.907   0.3
  pe_7_3 (FuseMax2DPE_256)             8.71e-02    0.814 1.17e+04    0.912   0.3
  pe_7_2 (FuseMax2DPE_257)             8.90e-02    0.815 1.18e+04    0.916   0.3
  pe_7_1 (FuseMax2DPE_258)             9.23e-02    0.818 1.16e+04    0.922   0.3
  pe_7_0 (FuseMax2DPE_259)             9.55e-02    0.822 1.17e+04    0.929   0.3
  pe_6_19 (FuseMax2DPE_260)            7.83e-02    0.798 1.18e+04    0.888   0.2
  pe_6_18 (FuseMax2DPE_261)            7.93e-02    0.795 1.19e+04    0.886   0.2
  pe_6_17 (FuseMax2DPE_262)            7.51e-02    0.798 1.18e+04    0.885   0.2
  pe_6_16 (FuseMax2DPE_263)            7.42e-02    0.795 1.18e+04    0.881   0.2
  pe_6_15 (FuseMax2DPE_264)            7.16e-02    0.792 1.16e+04    0.875   0.2
  pe_6_14 (FuseMax2DPE_265)            7.82e-02    0.799 1.17e+04    0.889   0.2
  pe_6_13 (FuseMax2DPE_266)            7.74e-02    0.799 1.16e+04    0.888   0.2
  pe_6_12 (FuseMax2DPE_267)            7.88e-02    0.801 1.15e+04    0.891   0.2
  pe_6_11 (FuseMax2DPE_268)            7.97e-02    0.801 1.16e+04    0.892   0.2
  pe_6_10 (FuseMax2DPE_269)            7.93e-02    0.802 1.19e+04    0.893   0.2
  pe_6_9 (FuseMax2DPE_270)             8.19e-02    0.804 1.16e+04    0.897   0.2
  pe_6_8 (FuseMax2DPE_271)             8.02e-02    0.804 1.15e+04    0.896   0.2
  pe_6_7 (FuseMax2DPE_272)             8.45e-02    0.810 1.17e+04    0.906   0.3
  pe_6_6 (FuseMax2DPE_273)             8.38e-02    0.806 1.17e+04    0.902   0.3
  pe_6_5 (FuseMax2DPE_274)             8.22e-02    0.805 1.17e+04    0.899   0.3
  pe_6_4 (FuseMax2DPE_275)             8.72e-02    0.810 1.17e+04    0.909   0.3
  pe_6_3 (FuseMax2DPE_276)             8.85e-02    0.813 1.16e+04    0.914   0.3
  pe_6_2 (FuseMax2DPE_277)             9.03e-02    0.816 1.17e+04    0.918   0.3
  pe_6_1 (FuseMax2DPE_278)             9.71e-02    0.825 1.19e+04    0.934   0.3
  pe_6_0 (FuseMax2DPE_279)             9.41e-02    0.822 1.16e+04    0.928   0.3
  pe_5_19 (FuseMax2DPE_280)            7.54e-02    0.797 1.17e+04    0.885   0.2
  pe_5_18 (FuseMax2DPE_281)            7.42e-02    0.788 1.17e+04    0.874   0.2
  pe_5_17 (FuseMax2DPE_282)            7.70e-02    0.798 1.19e+04    0.887   0.2
  pe_5_16 (FuseMax2DPE_283)            7.71e-02    0.793 1.16e+04    0.881   0.2
  pe_5_15 (FuseMax2DPE_284)            7.94e-02    0.800 1.17e+04    0.891   0.2
  pe_5_14 (FuseMax2DPE_285)            7.76e-02    0.803 1.17e+04    0.893   0.2
  pe_5_13 (FuseMax2DPE_286)            7.71e-02    0.799 1.15e+04    0.888   0.2
  pe_5_12 (FuseMax2DPE_287)            7.75e-02    0.800 1.15e+04    0.889   0.2
  pe_5_11 (FuseMax2DPE_288)            7.62e-02    0.799 1.15e+04    0.887   0.2
  pe_5_10 (FuseMax2DPE_289)            7.86e-02    0.799 1.16e+04    0.889   0.2
  pe_5_9 (FuseMax2DPE_290)             8.07e-02    0.802 1.17e+04    0.895   0.2
  pe_5_8 (FuseMax2DPE_291)             8.20e-02    0.805 1.16e+04    0.899   0.3
  pe_5_7 (FuseMax2DPE_292)             7.87e-02    0.802 1.15e+04    0.892   0.2
  pe_5_6 (FuseMax2DPE_293)             8.60e-02    0.809 1.17e+04    0.906   0.3
  pe_5_5 (FuseMax2DPE_294)             8.68e-02    0.810 1.18e+04    0.909   0.3
  pe_5_4 (FuseMax2DPE_295)             9.09e-02    0.815 1.18e+04    0.918   0.3
  pe_5_3 (FuseMax2DPE_296)             9.18e-02    0.819 1.17e+04    0.923   0.3
  pe_5_2 (FuseMax2DPE_297)             8.96e-02    0.816 1.17e+04    0.917   0.3
  pe_5_1 (FuseMax2DPE_298)             9.38e-02    0.820 1.17e+04    0.925   0.3
  pe_5_0 (FuseMax2DPE_299)             9.48e-02    0.817 1.17e+04    0.924   0.3
  pe_4_19 (FuseMax2DPE_300)            7.98e-02    0.802 1.17e+04    0.894   0.2
  pe_4_18 (FuseMax2DPE_301)            7.66e-02    0.801 1.16e+04    0.889   0.2
  pe_4_17 (FuseMax2DPE_302)            7.89e-02    0.800 1.16e+04    0.890   0.2
  pe_4_16 (FuseMax2DPE_303)            7.55e-02    0.798 1.16e+04    0.886   0.2
  pe_4_15 (FuseMax2DPE_304)            7.55e-02    0.797 1.15e+04    0.884   0.2
  pe_4_14 (FuseMax2DPE_305)            8.09e-02    0.796 1.17e+04    0.889   0.2
  pe_4_13 (FuseMax2DPE_306)            8.00e-02    0.803 1.17e+04    0.894   0.2
  pe_4_12 (FuseMax2DPE_307)            8.28e-02    0.806 1.15e+04    0.900   0.3
  pe_4_11 (FuseMax2DPE_308)            8.22e-02    0.804 1.16e+04    0.898   0.3
  pe_4_10 (FuseMax2DPE_309)            8.07e-02    0.804 1.16e+04    0.896   0.2
  pe_4_9 (FuseMax2DPE_310)             8.46e-02    0.809 1.17e+04    0.905   0.3
  pe_4_8 (FuseMax2DPE_311)             8.49e-02    0.805 1.18e+04    0.901   0.3
  pe_4_7 (FuseMax2DPE_312)             8.40e-02    0.810 1.17e+04    0.906   0.3
  pe_4_6 (FuseMax2DPE_313)             8.45e-02    0.813 1.17e+04    0.909   0.3
  pe_4_5 (FuseMax2DPE_314)             8.90e-02    0.813 1.14e+04    0.914   0.3
  pe_4_4 (FuseMax2DPE_315)             9.16e-02    0.818 1.18e+04    0.921   0.3
  pe_4_3 (FuseMax2DPE_316)             8.97e-02    0.815 1.16e+04    0.916   0.3
  pe_4_2 (FuseMax2DPE_317)             9.55e-02    0.822 1.16e+04    0.929   0.3
  pe_4_1 (FuseMax2DPE_318)             9.78e-02    0.825 1.17e+04    0.934   0.3
  pe_4_0 (FuseMax2DPE_319)             9.71e-02    0.823 1.15e+04    0.932   0.3
  pe_3_19 (FuseMax2DPE_320)            8.02e-02    0.805 1.16e+04    0.897   0.2
  pe_3_18 (FuseMax2DPE_321)            8.00e-02    0.802 1.15e+04    0.893   0.2
  pe_3_17 (FuseMax2DPE_322)            8.12e-02    0.804 1.15e+04    0.896   0.2
  pe_3_16 (FuseMax2DPE_323)            8.41e-02    0.804 1.18e+04    0.900   0.3
  pe_3_15 (FuseMax2DPE_324)            8.22e-02    0.806 1.15e+04    0.900   0.3
  pe_3_14 (FuseMax2DPE_325)            8.39e-02    0.806 1.18e+04    0.902   0.3
  pe_3_13 (FuseMax2DPE_326)            8.06e-02    0.807 1.15e+04    0.899   0.3
  pe_3_12 (FuseMax2DPE_327)            8.54e-02    0.809 1.17e+04    0.906   0.3
  pe_3_11 (FuseMax2DPE_328)            8.66e-02    0.812 1.18e+04    0.910   0.3
  pe_3_10 (FuseMax2DPE_329)            8.64e-02    0.810 1.18e+04    0.909   0.3
  pe_3_9 (FuseMax2DPE_330)             8.65e-02    0.813 1.16e+04    0.911   0.3
  pe_3_8 (FuseMax2DPE_331)             8.83e-02    0.816 1.18e+04    0.916   0.3
  pe_3_7 (FuseMax2DPE_332)             8.65e-02    0.815 1.18e+04    0.914   0.3
  pe_3_6 (FuseMax2DPE_333)             9.14e-02    0.817 1.18e+04    0.920   0.3
  pe_3_5 (FuseMax2DPE_334)             9.35e-02    0.819 1.17e+04    0.924   0.3
  pe_3_4 (FuseMax2DPE_335)             9.09e-02    0.817 1.18e+04    0.920   0.3
  pe_3_3 (FuseMax2DPE_336)             9.63e-02    0.825 1.19e+04    0.933   0.3
  pe_3_2 (FuseMax2DPE_337)             9.99e-02    0.825 1.17e+04    0.936   0.3
  pe_3_1 (FuseMax2DPE_338)             9.60e-02    0.822 1.16e+04    0.929   0.3
  pe_3_0 (FuseMax2DPE_339)                0.101    0.828 1.18e+04    0.940   0.3
  pe_2_19 (FuseMax2DPE_340)            8.56e-02    0.808 1.18e+04    0.905   0.3
  pe_2_18 (FuseMax2DPE_341)            8.42e-02    0.808 1.19e+04    0.904   0.3
  pe_2_17 (FuseMax2DPE_342)            8.43e-02    0.803 1.16e+04    0.899   0.3
  pe_2_16 (FuseMax2DPE_343)            8.43e-02    0.812 1.17e+04    0.908   0.3
  pe_2_15 (FuseMax2DPE_344)            8.03e-02    0.803 1.15e+04    0.895   0.2
  pe_2_14 (FuseMax2DPE_345)            8.64e-02    0.808 1.17e+04    0.906   0.3
  pe_2_13 (FuseMax2DPE_346)            8.87e-02    0.812 1.18e+04    0.912   0.3
  pe_2_12 (FuseMax2DPE_347)            8.72e-02    0.812 1.16e+04    0.911   0.3
  pe_2_11 (FuseMax2DPE_348)            8.85e-02    0.810 1.18e+04    0.910   0.3
  pe_2_10 (FuseMax2DPE_349)            9.25e-02    0.817 1.19e+04    0.921   0.3
  pe_2_9 (FuseMax2DPE_350)             8.79e-02    0.811 1.17e+04    0.910   0.3
  pe_2_8 (FuseMax2DPE_351)             9.16e-02    0.818 1.18e+04    0.922   0.3
  pe_2_7 (FuseMax2DPE_352)             9.27e-02    0.820 1.16e+04    0.924   0.3
  pe_2_6 (FuseMax2DPE_353)             9.13e-02    0.814 1.18e+04    0.917   0.3
  pe_2_5 (FuseMax2DPE_354)             9.17e-02    0.820 1.16e+04    0.924   0.3
  pe_2_4 (FuseMax2DPE_355)             9.29e-02    0.819 1.15e+04    0.924   0.3
  pe_2_3 (FuseMax2DPE_356)             9.38e-02    0.824 1.15e+04    0.929   0.3
  pe_2_2 (FuseMax2DPE_357)             9.98e-02    0.828 1.18e+04    0.940   0.3
  pe_2_1 (FuseMax2DPE_358)                0.101    0.830 1.16e+04    0.943   0.3
  pe_2_0 (FuseMax2DPE_359)                0.103    0.835 1.16e+04    0.949   0.3
  pe_1_19 (FuseMax2DPE_360)            8.65e-02    0.806 1.16e+04    0.904   0.3
  pe_1_18 (FuseMax2DPE_361)            8.63e-02    0.809 1.16e+04    0.907   0.3
  pe_1_17 (FuseMax2DPE_362)            8.82e-02    0.815 1.18e+04    0.915   0.3
  pe_1_16 (FuseMax2DPE_363)            8.71e-02    0.810 1.17e+04    0.908   0.3
  pe_1_15 (FuseMax2DPE_364)            8.30e-02    0.808 1.15e+04    0.902   0.3
  pe_1_14 (FuseMax2DPE_365)            8.55e-02    0.810 1.16e+04    0.907   0.3
  pe_1_13 (FuseMax2DPE_366)            9.17e-02    0.810 1.16e+04    0.913   0.3
  pe_1_12 (FuseMax2DPE_367)            9.07e-02    0.816 1.17e+04    0.919   0.3
  pe_1_11 (FuseMax2DPE_368)            9.36e-02    0.822 1.18e+04    0.928   0.3
  pe_1_10 (FuseMax2DPE_369)            8.90e-02    0.816 1.17e+04    0.917   0.3
  pe_1_9 (FuseMax2DPE_370)             9.74e-02    0.824 1.18e+04    0.933   0.3
  pe_1_8 (FuseMax2DPE_371)             9.64e-02    0.824 1.16e+04    0.932   0.3
  pe_1_7 (FuseMax2DPE_372)             9.19e-02    0.817 1.15e+04    0.920   0.3
  pe_1_6 (FuseMax2DPE_373)                0.100    0.829 1.19e+04    0.941   0.3
  pe_1_5 (FuseMax2DPE_374)             9.41e-02    0.824 1.17e+04    0.930   0.3
  pe_1_4 (FuseMax2DPE_375)             9.76e-02    0.824 1.18e+04    0.934   0.3
  pe_1_3 (FuseMax2DPE_376)             9.96e-02    0.822 1.16e+04    0.933   0.3
  pe_1_2 (FuseMax2DPE_377)                0.102    0.826 1.16e+04    0.940   0.3
  pe_1_1 (FuseMax2DPE_378)                0.112    0.839 1.18e+04    0.963   0.3
  pe_1_0 (FuseMax2DPE_379)                0.107    0.834 1.17e+04    0.952   0.3
  pe_0_19 (FuseMax2DPE_380)            9.36e-02    0.820 1.17e+04    0.925   0.3
  pe_0_18 (FuseMax2DPE_381)            9.20e-02    0.821 1.17e+04    0.924   0.3
  pe_0_17 (FuseMax2DPE_382)            8.84e-02    0.815 1.16e+04    0.915   0.3
  pe_0_16 (FuseMax2DPE_383)            9.16e-02    0.817 1.18e+04    0.921   0.3
  pe_0_15 (FuseMax2DPE_384)            9.39e-02    0.818 1.17e+04    0.923   0.3
  pe_0_14 (FuseMax2DPE_385)            9.60e-02    0.822 1.16e+04    0.929   0.3
  pe_0_13 (FuseMax2DPE_386)            9.46e-02    0.822 1.16e+04    0.928   0.3
  pe_0_12 (FuseMax2DPE_387)               0.100    0.831 1.18e+04    0.943   0.3
  pe_0_11 (FuseMax2DPE_388)            9.45e-02    0.821 1.15e+04    0.927   0.3
  pe_0_10 (FuseMax2DPE_389)            9.62e-02    0.821 1.15e+04    0.929   0.3
  pe_0_9 (FuseMax2DPE_390)             9.61e-02    0.825 1.16e+04    0.933   0.3
  pe_0_8 (FuseMax2DPE_391)             9.49e-02    0.819 1.15e+04    0.926   0.3
  pe_0_7 (FuseMax2DPE_392)                0.101    0.828 1.17e+04    0.941   0.3
  pe_0_6 (FuseMax2DPE_393)                0.100    0.829 1.15e+04    0.940   0.3
  pe_0_5 (FuseMax2DPE_394)             9.91e-02    0.827 1.15e+04    0.938   0.3
  pe_0_4 (FuseMax2DPE_395)                0.106    0.835 1.18e+04    0.952   0.3
  pe_0_3 (FuseMax2DPE_396)                0.107    0.839 1.19e+04    0.957   0.3
  pe_0_2 (FuseMax2DPE_397)                0.109    0.839 1.17e+04    0.960   0.3
  pe_0_1 (FuseMax2DPE_398)                0.108    0.840 1.16e+04    0.960   0.3
  pe_0_0 (FuseMax2DPE_399)                0.118    0.854 1.18e+04    0.983   0.3
1
