Information: Updating design information... (UID-85)
Warning: Design 'OneSaArray' contains 1 high-fanout nets. A fanout number of 1000 will be used for delay calculations involving these nets. (TIM-134)
 
****************************************
Report : timing
        -path full
        -delay max
        -nets
        -max_paths 1
        -transition_time
Design : OneSaArray
Version: V-2023.12
Date   : Mon Apr  6 23:30:40 2026
****************************************

 # A fanout number of 1000 was used for high fanout net computations.

Operating Conditions: ffg0p99v0c   Library: tcbn28hpcplusbwp30p140ffg0p99v0c_ccs
Wire Load Model Mode: segmented

  Startpoint: mesh/pes_7_7/regSharedPairs_0_bits_reg[12]
              (rising edge-triggered flip-flop clocked by ideal_clock1)
  Endpoint: mesh/pes_7_7/regPsum_bits_reg[0]
            (rising edge-triggered flip-flop clocked by ideal_clock1)
  Path Group: ideal_clock1
  Path Type: max

  Des/Clust/Port     Wire Load Model       Library
  ------------------------------------------------
  OneSaArray         ZeroWireload          tcbn28hpcplusbwp30p140ffg0p99v0c_ccs
  OneSaMesh          ZeroWireload          tcbn28hpcplusbwp30p140ffg0p99v0c_ccs

Attributes:
    d - dont_touch
    u - dont_use
   mo - map_only
   so - size_only
    i - ideal_net or ideal_network
  inf - infeasible path

  Point                                                   Fanout     Trans      Incr       Path      Attributes
  ---------------------------------------------------------------------------------------------------------------------
  clock ideal_clock1 (rise edge)                                                0.00       0.00
  clock network delay (ideal)                                                   0.00       0.00
  mesh/pes_7_7/regSharedPairs_0_bits_reg[12]/CP (DFQD2BWP30P140)      0.00      0.00 #     0.00 r
  mesh/pes_7_7/regSharedPairs_0_bits_reg[12]/Q (DFQD2BWP30P140)       0.01      0.04       0.04 f
  mesh/pes_7_7/regSharedPairs_0_bits[12] (net)              5                   0.00       0.04 f
  mesh/U289402/ZN (NR2D1BWP30P140)                                    0.01      0.01       0.05 r
  mesh/n222465 (net)                                        1                   0.00       0.05 r
  mesh/U289403/Z (AN2D4BWP30P140)                                     0.01      0.02       0.07 r
  mesh/n617613 (net)                                       14                   0.00       0.07 r
  mesh/U289404/ZN (INVD1BWP30P140)                                    0.02      0.01       0.08 f
  mesh/n617620 (net)                                        7                   0.00       0.08 f
  mesh/U289417/Z (CKAN2D1BWP30P140)                                   0.01      0.02       0.10 f
  mesh/n222508 (net)                                        4                   0.00       0.10 f
  mesh/U289419/ZN (ND2D1BWP30P140)                                    0.01      0.01       0.10 r
  mesh/n222476 (net)                                        1                   0.00       0.10 r
  mesh/U289420/ZN (INVD0BWP30P140)                                    0.01      0.01       0.11 f
  mesh/n222477 (net)                                        1                   0.00       0.11 f
  mesh/U289421/ZN (AOI21D1BWP30P140)                                  0.01      0.01       0.12 r
  mesh/n222487 (net)                                        1                   0.00       0.12 r
  mesh/U289429/ZN (OAI21D1BWP30P140)                                  0.01      0.01       0.13 f
  mesh/n222489 (net)                                        1                   0.00       0.13 f
  mesh/U289430/ZN (AOI21D1BWP30P140)                                  0.01      0.01       0.14 r
  mesh/n222496 (net)                                        1                   0.00       0.14 r
  mesh/U289436/Z (OA21D1BWP30P140)                                    0.01      0.01       0.15 r
  mesh/n222497 (net)                                        1                   0.00       0.15 r
  mesh/U289437/ZN (INVD2BWP30P140)                                    0.01      0.01       0.16 f
  mesh/n222498 (net)                                        1                   0.00       0.16 f
  mesh/U289438/ZN (INVD8BWP30P140)                                    0.02      0.01       0.17 r
  mesh/n617612 (net)                                       36                   0.00       0.17 r
  mesh/U289448/ZN (MUX2NUD1BWP30P140)                                 0.02      0.02       0.19 r
  mesh/n222519 (net)                                        2                   0.00       0.19 r
  mesh/U289450/Z (OR2D1BWP30P140)                                     0.01      0.02       0.21 r
  mesh/n222520 (net)                                        1                   0.00       0.21 r
  mesh/U45722/CO (FA1D1BWP30P140)                                     0.01      0.02       0.23 r
  mesh/n222516 (net)                                        1                   0.00       0.23 r
  mesh/U289456/CO (FA1OPTCD1BWP30P140)                                0.01      0.02       0.25 r
  mesh/n222515 (net)                                        1                   0.00       0.25 r
  mesh/U46300/CO (FA1OPTCD1BWP30P140)                                 0.01      0.02       0.27 r
  mesh/n222514 (net)                                        1                   0.00       0.27 r
  mesh/U46299/S (FA1D4BWP30P140)                                      0.01      0.04       0.31 f
  mesh/n222635 (net)                                        8                   0.00       0.31 f
  mesh/U289452/ZN (NR2D3BWP30P140)                                    0.01      0.01       0.32 r
  mesh/n222606 (net)                                        5                   0.00       0.32 r
  mesh/U289502/ZN (ND2OPTIBD2BWP30P140)                               0.02      0.01       0.33 f
  mesh/n222670 (net)                                       10                   0.00       0.33 f
  mesh/U289524/ZN (NR2D1BWP30P140)                                    0.01      0.01       0.34 r
  mesh/n222592 (net)                                        2                   0.00       0.34 r
  mesh/U289595/ZN (INVD0BWP30P140)                                    0.01      0.01       0.35 f
  mesh/n222646 (net)                                        3                   0.00       0.35 f
  mesh/U289626/ZN (OAI22D0BWP30P140)                                  0.03      0.02       0.37 r
  mesh/n222647 (net)                                        1                   0.00       0.37 r
  mesh/U289627/Z (XOR2UD1BWP30P140)                                   0.03      0.01       0.38 r
  mesh/n272334 (net)                                        2                   0.00       0.38 r
  mesh/U289630/ZN (ND2D1BWP30P140)                                    0.02      0.01       0.40 f
  mesh/n272325 (net)                                        2                   0.00       0.40 f
  mesh/U289638/ZN (NR2D1BWP30P140)                                    0.01      0.01       0.41 r
  mesh/n222663 (net)                                        1                   0.00       0.41 r
  mesh/U289639/ZN (ND2D1BWP30P140)                                    0.01      0.01       0.41 f
  mesh/n222738 (net)                                        2                   0.00       0.41 f
  mesh/U289700/ZN (INVD1BWP30P140)                                    0.01      0.01       0.43 r
  mesh/n272359 (net)                                        4                   0.00       0.43 r
  mesh/U340104/ZN (ND2D1BWP30P140)                                    0.01      0.01       0.44 f
  mesh/n272362 (net)                                        2                   0.00       0.44 f
  mesh/U340105/ZN (INVD1BWP30P140)                                    0.01      0.01       0.45 r
  mesh/n272368 (net)                                        2                   0.00       0.45 r
  mesh/U340113/ZN (ND2D1BWP30P140)                                    0.01      0.01       0.46 f
  mesh/n272375 (net)                                        2                   0.00       0.46 f
  mesh/U340120/ZN (NR2D1BWP30P140)                                    0.01      0.01       0.47 r
  mesh/n272378 (net)                                        1                   0.00       0.47 r
  mesh/U340122/ZN (XNR2UD1BWP30P140)                                  0.02      0.01       0.48 f
  mesh/n432173 (net)                                        3                   0.00       0.48 f
  mesh/U340123/ZN (INVD0BWP30P140)                                    0.01      0.01       0.49 r
  mesh/n272390 (net)                                        1                   0.00       0.49 r
  mesh/U63362/ZN (ND2D1BWP30P140)                                     0.01      0.01       0.50 f
  mesh/n443250 (net)                                        3                   0.00       0.50 f
  mesh/U488019/ZN (INVD0BWP30P140)                                    0.01      0.01       0.51 r
  mesh/n443252 (net)                                        1                   0.00       0.51 r
  mesh/U488020/ZN (ND2D1BWP30P140)                                    0.01      0.01       0.52 f
  mesh/n443254 (net)                                        1                   0.00       0.52 f
  mesh/U488021/ZN (NR2D1BWP30P140)                                    0.01      0.01       0.53 r
  mesh/n443266 (net)                                        2                   0.00       0.53 r
  mesh/U488031/ZN (ND2D1BWP30P140)                                    0.01      0.01       0.54 f
  mesh/n443267 (net)                                        1                   0.00       0.54 f
  mesh/U488032/Z (XOR2UD0BWP30P140)                                   0.02      0.01       0.55 f
  mesh/n443268 (net)                                        1                   0.00       0.55 f
  mesh/U488033/Z (CKMUX2D0BWP30P140)                                  0.02      0.03       0.58 f
  mesh/pes_7_7/regPsum_mac/l00OOO0l[20] (net)               6                   0.00       0.58 f
  mesh/pes_7_7/regPsum_mac/U9/U1/UORT0_1_12/ZN (NR2D1BWP30P140)       0.01      0.01       0.59 r    mo 
  mesh/pes_7_7/regPsum_mac/U9/U1/enc_tree[1][1][24] (net)     2                 0.00       0.59 r
  mesh/pes_7_7/regPsum_mac/U9/U1/UORT1_2_6/ZN (ND2D1BWP30P140)        0.02      0.01       0.61 f    mo 
  mesh/pes_7_7/regPsum_mac/U9/U1/enc_tree[2][2][24] (net)     3                 0.00       0.61 f
  mesh/pes_7_7/regPsum_mac/U9/U1/UORT0_3_3/ZN (NR2D1BWP30P140)        0.01      0.01       0.62 r    mo 
  mesh/pes_7_7/regPsum_mac/U9/U1/enc_tree[3][3][24] (net)     2                 0.00       0.62 r
  mesh/U552668/Z (OA21D2BWP30P140)                                    0.01      0.02       0.64 r
  mesh/n519556 (net)                                        3                   0.00       0.64 r
  mesh/U552669/ZN (INVD1BWP30P140)                                    0.01      0.01       0.64 f
  mesh/n519237 (net)                                        2                   0.00       0.64 f
  mesh/U552671/ZN (NR2D1BWP30P140)                                    0.01      0.01       0.65 r
  mesh/n519240 (net)                                        2                   0.00       0.65 r
  mesh/U552691/ZN (OAI21D1BWP30P140)                                  0.01      0.01       0.66 f
  mesh/n519241 (net)                                        1                   0.00       0.66 f
  mesh/U552692/ZN (AOI21D1BWP30P140)                                  0.01      0.01       0.67 r
  mesh/n519252 (net)                                        1                   0.00       0.67 r
  mesh/U552697/ZN (OAI21D2BWP30P140)                                  0.02      0.02       0.69 f
  mesh/n519289 (net)                                        7                   0.00       0.69 f
  mesh/U552714/ZN (ND2D1BWP30P140)                                    0.01      0.01       0.70 r
  mesh/n519265 (net)                                        1                   0.00       0.70 r
  mesh/U19273/ZN (ND2D3BWP30P140)                                     0.03      0.02       0.72 f
  mesh/n519521 (net)                                       11                   0.00       0.72 f
  mesh/U552718/ZN (IND2D2BWP30P140)                                   0.03      0.03       0.75 f
  mesh/n519382 (net)                                       17                   0.00       0.75 f
  mesh/U552760/ZN (INVD0BWP30P140)                                    0.03      0.03       0.77 r
  mesh/n519483 (net)                                        6                   0.00       0.77 r
  mesh/U552833/ZN (AOI21D1BWP30P140)                                  0.01      0.01       0.78 f
  mesh/n519347 (net)                                        1                   0.00       0.78 f
  mesh/U552834/ZN (ND2D1BWP30P140)                                    0.01      0.01       0.79 r
  mesh/n519436 (net)                                        3                   0.00       0.79 r
  mesh/U10663/ZN (INVD0BWP30P140)                                     0.01      0.01       0.80 f
  mesh/n519440 (net)                                        2                   0.00       0.80 f
  mesh/U552924/ZN (AOI22D1BWP30P140)                                  0.02      0.01       0.81 r
  mesh/n519445 (net)                                        1                   0.00       0.81 r
  mesh/U552926/ZN (ND2D1BWP30P140)                                    0.01      0.01       0.82 f
  mesh/n519463 (net)                                        1                   0.00       0.82 f
  mesh/U552937/ZN (NR4D0BWP30P140)                                    0.02      0.02       0.84 r
  mesh/n519474 (net)                                        1                   0.00       0.84 r
  mesh/U552944/ZN (AOI31D2BWP30P140)                                  0.04      0.03       0.86 f
  mesh/n519591 (net)                                        8                   0.00       0.86 f
  mesh/U552993/ZN (INVD2BWP30P140)                                    0.02      0.02       0.88 r
  mesh/n519608 (net)                                        5                   0.00       0.88 r
  mesh/U553004/ZN (MUX2ND0BWP30P140)                                  0.02      0.02       0.90 r
  mesh/n519624 (net)                                        2                   0.00       0.90 r
  mesh/U553012/ZN (NR4D0BWP30P140)                                    0.02      0.01       0.91 f
  mesh/n519603 (net)                                        1                   0.00       0.91 f
  mesh/U553019/ZN (ND4D1BWP30P140)                                    0.01      0.01       0.92 r
  mesh/n519611 (net)                                        1                   0.00       0.92 r
  mesh/U553024/ZN (NR4D1BWP30P140)                                    0.02      0.01       0.93 f
  mesh/n617632 (net)                                        4                   0.00       0.93 f
  mesh/U553025/ZN (NR2D1BWP30P140)                                    0.01      0.01       0.95 r
  mesh/n617635 (net)                                        2                   0.00       0.95 r
  mesh/U553035/Z (AN3D2BWP30P140)                                     0.01      0.02       0.97 r
  mesh/n617579 (net)                                        9                   0.00       0.97 r
  mesh/U553036/Z (AO22D0BWP30P140)                                    0.01      0.02       0.99 r
  mesh/pes_7_7/N63 (net)                                    1                   0.00       0.99 r
  mesh/pes_7_7/regPsum_bits_reg[0]/D (DFQD1BWP30P140)                 0.01      0.00       0.99 r
  data arrival time                                                                        0.99

  clock ideal_clock1 (rise edge)                                                1.00       1.00
  clock network delay (ideal)                                                   0.00       1.00
  mesh/pes_7_7/regPsum_bits_reg[0]/CP (DFQD1BWP30P140)                          0.00       1.00 r
  library setup time                                                           -0.01       0.99
  data required time                                                                       0.99
  ---------------------------------------------------------------------------------------------------------------------
  data required time                                                                       0.99
  data arrival time                                                                       -0.99
  ---------------------------------------------------------------------------------------------------------------------
  slack (MET)                                                                              0.00


1
