 
****************************************
Report : area
Design : OneSaArray
Version: V-2023.12
Date   : Mon Apr  6 13:59:53 2026
****************************************

Library(s) Used:

    tcbn28hpcplusbwp30p140ffg0p99v0c_ccs (File: /hpc/Tech/TSMC/digital/N28/digital/Front_End/timing_power_noise/CCS/tcbn28hpcplusbwp30p140_180a/tcbn28hpcplusbwp30p140ffg0p99v0c_ccs.db)

Number of ports:                         4196
Number of nets:                        840641
Number of cells:                       802704
Number of combinational cells:         774799
Number of sequential cells:             27904
Number of macros/black boxes:               0
Number of buf/inv:                     137231
Number of references:                       1

Combinational area:             476726.670262
Buf/Inv area:                    35666.946505
Noncombinational area:           55513.205130
Macro/Black Box area:                0.000000
Net Interconnect area:      undefined  (Wire load has zero net area)

Total cell area:                532239.875393
Total area:                 undefined

Hierarchical area distribution
------------------------------

                                  Global cell area              Local cell area
                                  --------------------  ------------------------------- 
Hierarchical cell                 Absolute     Percent  Combi-       Noncombi-   Black-
                                  Total        Total    national     national    boxes   Design
--------------------------------  -----------  -------  -----------  ----------  ------  ---------
OneSaArray                        532239.8754    100.0       0.0000      0.0000  0.0000  OneSaArray
mesh                              532239.8754    100.0  476726.6703  55513.2051  0.0000  OneSaMesh
--------------------------------  -----------  -------  -----------  ----------  ------  ---------
Total                                                   476726.6703  55513.2051  0.0000

1
