Information: Updating design information... (UID-85)
Warning: Design 'OneSaArray' contains 1 high-fanout nets. A fanout number of 1000 will be used for delay calculations involving these nets. (TIM-134)
 
****************************************
Report : timing
        -path full
        -delay max
        -nets
        -max_paths 1
        -transition_time
Design : OneSaArray
Version: V-2023.12
Date   : Mon Apr  6 13:59:53 2026
****************************************

 # A fanout number of 1000 was used for high fanout net computations.

Operating Conditions: ffg0p99v0c   Library: tcbn28hpcplusbwp30p140ffg0p99v0c_ccs
Wire Load Model Mode: segmented

  Startpoint: mesh/pes_4_13/regEast_lanes_1_bits_reg[2]
              (rising edge-triggered flip-flop clocked by ideal_clock1)
  Endpoint: mesh/pes_4_14/regSharedPairs_0_bits_reg[14]
            (rising edge-triggered flip-flop clocked by ideal_clock1)
  Path Group: ideal_clock1
  Path Type: max

  Des/Clust/Port     Wire Load Model       Library
  ------------------------------------------------
  OneSaArray         ZeroWireload          tcbn28hpcplusbwp30p140ffg0p99v0c_ccs
  OneSaMesh          ZeroWireload          tcbn28hpcplusbwp30p140ffg0p99v0c_ccs

Attributes:
    d - dont_touch
    u - dont_use
   mo - map_only
   so - size_only
    i - ideal_net or ideal_network
  inf - infeasible path

  Point                                                   Fanout     Trans      Incr       Path      Attributes
  ---------------------------------------------------------------------------------------------------------------------
  clock ideal_clock1 (rise edge)                                                0.00       0.00
  clock network delay (ideal)                                                   0.00       0.00
  mesh/pes_4_13/regEast_lanes_1_bits_reg[2]/CP (DFQD2BWP30P140)       0.00      0.00 #     0.00 r
  mesh/pes_4_13/regEast_lanes_1_bits_reg[2]/Q (DFQD2BWP30P140)        0.01      0.04       0.04 f
  mesh/_pes_4_13_io_eastOut_lanes_1_bits[2] (net)           6                   0.00       0.04 f
  mesh/U6724/ZN (XNR2OPTND2BWP30P140)                                 0.03      0.02       0.06 f
  mesh/n237768 (net)                                       15                   0.00       0.06 f
  mesh/U326992/ZN (CKND2D2BWP30P140)                                  0.03      0.02       0.08 r
  mesh/n237770 (net)                                       13                   0.00       0.08 r
  mesh/U327102/ZN (MUX2ND0BWP30P140)                                  0.03      0.02       0.11 f
  mesh/n237755 (net)                                        1                   0.00       0.11 f
  mesh/U327106/S (FA1D1BWP30P140)                                     0.01      0.05       0.15 r
  mesh/n237781 (net)                                        1                   0.00       0.15 r
  mesh/U327122/S (FA1D0BWP30P140)                                     0.02      0.04       0.20 f
  mesh/n237784 (net)                                        1                   0.00       0.20 f
  mesh/U40815/S (FA1D1BWP30P140)                                      0.02      0.04       0.24 r
  mesh/n237819 (net)                                        2                   0.00       0.24 r
  mesh/U66725/Z (XOR2UD1BWP30P140)                                    0.02      0.02       0.25 r
  mesh/n238074 (net)                                        4                   0.00       0.25 r
  mesh/U39119/ZN (ND2D1BWP30P140)                                     0.02      0.01       0.27 f
  mesh/n238711 (net)                                        3                   0.00       0.27 f
  mesh/U327151/ZN (OAI21D1BWP30P140)                                  0.01      0.01       0.28 r
  mesh/n238583 (net)                                        2                   0.00       0.28 r
  mesh/U327154/ZN (AOI21D1BWP30P140)                                  0.01      0.01       0.29 f
  mesh/n238612 (net)                                        2                   0.00       0.29 f
  mesh/U327200/ZN (OAI21D1BWP30P140)                                  0.01      0.01       0.30 r
  mesh/n237914 (net)                                        1                   0.00       0.30 r
  mesh/U4581/ZN (AOI21D1BWP30P140)                                    0.01      0.01       0.31 f
  mesh/n237924 (net)                                        1                   0.00       0.31 f
  mesh/U4513/Z (XOR2UD1BWP30P140)                                     0.02      0.02       0.33 f
  mesh/n238077 (net)                                        2                   0.00       0.33 f
  mesh/U327207/ZN (INR2D2BWP30P140)                                   0.01      0.01       0.34 r
  mesh/n238013 (net)                                        3                   0.00       0.34 r
  mesh/U4317/ZN (NR2D1BWP30P140)                                      0.01      0.01       0.35 f
  mesh/n238076 (net)                                        2                   0.00       0.35 f
  mesh/U35150/ZN (INVD0BWP30P140)                                     0.01      0.01       0.35 r
  mesh/n237928 (net)                                        1                   0.00       0.35 r
  mesh/U327210/Z (OA21D1BWP30P140)                                    0.01      0.02       0.37 r
  mesh/n238017 (net)                                        1                   0.00       0.37 r
  mesh/U4044/ZN (ND2D1BWP30P140)                                      0.01      0.01       0.38 f
  mesh/n238106 (net)                                        3                   0.00       0.38 f
  mesh/U3947/ZN (AOI21D1BWP30P140)                                    0.02      0.02       0.40 r
  mesh/n238829 (net)                                        2                   0.00       0.40 r
  mesh/U162305/ZN (NR3D1P5BWP30P140)                                  0.01      0.01       0.41 f
  mesh/n238837 (net)                                        3                   0.00       0.41 f
  mesh/U3433/Z (CKAN2D1BWP30P140)                                     0.01      0.02       0.42 f
  mesh/n238893 (net)                                        5                   0.00       0.42 f
  mesh/U9479/ZN (MUX2NUD1BWP30P140)                                   0.02      0.01       0.44 r
  mesh/n238887 (net)                                        1                   0.00       0.44 r
  mesh/U32059/ZN (ND2D1BWP30P140)                                     0.03      0.02       0.46 f
  mesh/n239258 (net)                                        7                   0.00       0.46 f
  mesh/U327958/ZN (IND2D2BWP30P140)                                   0.01      0.01       0.47 r
  mesh/n238931 (net)                                        2                   0.00       0.47 r
  mesh/U327959/ZN (MOAI22D1BWP30P140)                                 0.02      0.01       0.49 f
  mesh/n238934 (net)                                        2                   0.00       0.49 f
  mesh/U91704/ZN (MOAI22D1BWP30P140)                                  0.02      0.02       0.50 r
  mesh/n238941 (net)                                        2                   0.00       0.50 r
  mesh/U9375/ZN (OAI22D2BWP30P140)                                    0.02      0.01       0.51 f
  mesh/n238940 (net)                                        2                   0.00       0.51 f
  mesh/U327961/ZN (IOA22D2BWP30P140)                                  0.02      0.02       0.53 r
  mesh/n238963 (net)                                        4                   0.00       0.53 r
  mesh/U327965/ZN (NR2D1BWP30P140)                                    0.01      0.01       0.54 f
  mesh/n238936 (net)                                        1                   0.00       0.54 f
  mesh/U89774/Z (XOR2UD1BWP30P140)                                    0.05      0.03       0.57 f
  mesh/n239066 (net)                                        6                   0.00       0.57 f
  mesh/U29217/ZN (INVD2BWP30P140)                                     0.02      0.02       0.58 r
  mesh/n239036 (net)                                        5                   0.00       0.58 r
  mesh/U9220/ZN (INR2D2BWP30P140)                                     0.01      0.02       0.60 r
  mesh/n238955 (net)                                        2                   0.00       0.60 r
  mesh/U327994/ZN (OAI211D1BWP30P140)                                 0.02      0.01       0.61 f
  mesh/n238956 (net)                                        1                   0.00       0.61 f
  mesh/U327995/ZN (AOI21D1BWP30P140)                                  0.02      0.01       0.62 r
  mesh/n238968 (net)                                        1                   0.00       0.62 r
  mesh/U328008/ZN (AOI31D1BWP30P140)                                  0.02      0.01       0.63 f
  mesh/n238969 (net)                                        1                   0.00       0.63 f
  mesh/U328009/ZN (AOI21D1BWP30P140)                                  0.02      0.01       0.65 r
  mesh/n238986 (net)                                        1                   0.00       0.65 r
  mesh/U328015/ZN (AOI21D1BWP30P140)                                  0.02      0.02       0.66 f
  mesh/pes_4_14/sharedPairs_pairs_adder/U1/U2/a[0] (net)     4                  0.00       0.66 f
  mesh/U26350/ZN (XNR2UD1BWP30P140)                                   0.03      0.01       0.68 r
  mesh/n16362 (net)                                         2                   0.00       0.68 r
  mesh/U26215/ZN (ND2D2BWP30P140)                                     0.02      0.01       0.69 f
  mesh/n239249 (net)                                        4                   0.00       0.69 f
  mesh/U9300/ZN (NR2OPTPAD1BWP30P140)                                 0.01      0.01       0.70 r
  mesh/n239085 (net)                                        2                   0.00       0.70 r
  mesh/U328078/ZN (AOI21D1BWP30P140)                                  0.02      0.01       0.72 f
  mesh/n239188 (net)                                        2                   0.00       0.72 f
  mesh/U328079/ZN (INVD2BWP30P140)                                    0.01      0.01       0.73 r
  mesh/n239166 (net)                                        6                   0.00       0.73 r
  mesh/U328159/ZN (AOI21D1BWP30P140)                                  0.01      0.01       0.74 f
  mesh/n239169 (net)                                        1                   0.00       0.74 f
  mesh/U328161/Z (XOR2UD1BWP30P140)                                   0.04      0.03       0.76 f
  mesh/n239342 (net)                                        8                   0.00       0.76 f
  mesh/U328163/ZN (AOI22D1BWP30P140)                                  0.02      0.02       0.78 r
  mesh/n239170 (net)                                        1                   0.00       0.78 r
  mesh/U328164/Z (CKAN2D1BWP30P140)                                   0.01      0.01       0.79 r
  mesh/n239305 (net)                                        2                   0.00       0.79 r
  mesh/U328182/ZN (OAI22D1BWP30P140)                                  0.02      0.01       0.81 f
  mesh/n239196 (net)                                        1                   0.00       0.81 f
  mesh/U22768/ZN (AOI21D2BWP30P140)                                   0.02      0.02       0.82 r
  mesh/n239279 (net)                                        5                   0.00       0.82 r
  mesh/U9850/Z (CKAN2D1BWP30P140)                                     0.01      0.02       0.84 r
  mesh/n239223 (net)                                        3                   0.00       0.84 r
  mesh/U115499/ZN (OAI31D1BWP30P140)                                  0.02      0.01       0.85 f
  mesh/n239220 (net)                                        1                   0.00       0.85 f
  mesh/U328202/ZN (ND2D1BWP30P140)                                    0.01      0.01       0.86 r
  mesh/n239236 (net)                                        2                   0.00       0.86 r
  mesh/U328207/ZN (MAOI222D1BWP30P140)                                0.03      0.02       0.88 f
  mesh/n239229 (net)                                        2                   0.00       0.88 f
  mesh/U9660/ZN (INVD1BWP30P140)                                      0.01      0.01       0.89 r
  mesh/n239227 (net)                                        1                   0.00       0.89 r
  mesh/U328213/ZN (OAI22D1BWP30P140)                                  0.02      0.01       0.90 f
  mesh/n239235 (net)                                        2                   0.00       0.90 f
  mesh/U328216/ZN (XNR2UD1BWP30P140)                                  0.02      0.02       0.92 f
  mesh/n607280 (net)                                        2                   0.00       0.92 f
  mesh/U328218/ZN (NR4D0BWP30P140)                                    0.02      0.02       0.93 r
  mesh/n239241 (net)                                        1                   0.00       0.93 r
  mesh/U75780/ZN (IND2D1BWP30P140)                                    0.01      0.01       0.95 r
  mesh/n16418 (net)                                         1                   0.00       0.95 r
  mesh/U115160/ZN (ND2D1BWP30P140)                                    0.01      0.01       0.96 f
  mesh/n607270 (net)                                        2                   0.00       0.96 f
  mesh/U19337/Z (OA21D1BWP30P140)                                     0.01      0.02       0.98 f
  mesh/n607303 (net)                                        5                   0.00       0.98 f
  mesh/U19256/ZN (ND2D1BWP30P140)                                     0.01      0.01       0.98 r
  mesh/n607278 (net)                                        1                   0.00       0.98 r
  mesh/U642133/ZN (OAI211D1BWP30P140)                                 0.02      0.01       1.00 f
  mesh/n7985 (net)                                          1                   0.00       1.00 f
  mesh/pes_4_14/regSharedPairs_0_bits_reg[14]/D (DFQD2BWP30P140)      0.02      0.00       1.00 f
  data arrival time                                                                        1.00

  clock ideal_clock1 (rise edge)                                                1.00       1.00
  clock network delay (ideal)                                                   0.00       1.00
  mesh/pes_4_14/regSharedPairs_0_bits_reg[14]/CP (DFQD2BWP30P140)               0.00       1.00 r
  library setup time                                                            0.00       1.00
  data required time                                                                       1.00
  ---------------------------------------------------------------------------------------------------------------------
  data required time                                                                       1.00
  data arrival time                                                                       -1.00
  ---------------------------------------------------------------------------------------------------------------------
  slack (MET)                                                                              0.00


1
