 
****************************************
Report : area
Design : SystolicArray
Version: V-2023.12
Date   : Mon Apr  6 06:04:37 2026
****************************************

Library(s) Used:

    tcbn28hpcplusbwp30p140ffg0p99v0c_ccs (File: /hpc/Tech/TSMC/digital/N28/digital/Front_End/timing_power_noise/CCS/tcbn28hpcplusbwp30p140_180a/tcbn28hpcplusbwp30p140ffg0p99v0c_ccs.db)

Number of ports:                         9098
Number of nets:                        305966
Number of cells:                       288924
Number of combinational cells:         280788
Number of sequential cells:              8064
Number of macros/black boxes:               0
Number of buf/inv:                      52819
Number of references:                      84

Combinational area:             169997.436132
Buf/Inv area:                    14621.166178
Noncombinational area:           15598.673792
Macro/Black Box area:                0.000000
Net Interconnect area:      undefined  (Wire load has zero net area)

Total cell area:                185596.109924
Total area:                 undefined

Hierarchical area distribution
------------------------------

                                  Global cell area              Local cell area
                                  --------------------  ------------------------------- 
Hierarchical cell                 Absolute     Percent  Combi-       Noncombi-   Black-
                                  Total        Total    national     national    boxes   Design
--------------------------------  -----------  -------  -----------  ----------  ------  ------------
SystolicArray                     185596.1099    100.0     191.1420      0.0000  0.0000  SystolicArray
pairs_0                             2384.5500      1.3    2165.3100    219.2400  0.0000  StripPair_71
pairs_0_1                           2541.1680      1.4    2320.7940    220.3740  0.0000  StripPair_65
pairs_0_10                          2533.1040      1.4    2313.1080    219.9960  0.0000  StripPair_11
pairs_0_11                          2634.0300      1.4    2417.1840    216.8460  0.0000  StripPair_5
pairs_0_2                           2535.4980      1.4    2317.0140    218.4840  0.0000  StripPair_59
pairs_0_3                           2550.1140      1.4    2331.6300    218.4840  0.0000  StripPair_53
pairs_0_4                           2552.6340      1.4    2333.7720    218.8620  0.0000  StripPair_47
pairs_0_5                           2556.0360      1.4    2337.5520    218.4840  0.0000  StripPair_41
pairs_0_6                           2619.5400      1.4    2400.6780    218.8620  0.0000  StripPair_35
pairs_0_7                           2604.7980      1.4    2385.9360    218.8620  0.0000  StripPair_29
pairs_0_8                           2560.4460      1.4    2342.3400    218.1060  0.0000  StripPair_23
pairs_0_9                           2554.0200      1.4    2335.9140    218.1060  0.0000  StripPair_17
pairs_1                             2389.5900      1.3    2171.1060    218.4840  0.0000  StripPair_70
pairs_1_1                           2627.3520      1.4    2409.6240    217.7280  0.0000  StripPair_64
pairs_1_10                          2607.5700      1.4    2390.5980    216.9720  0.0000  StripPair_10
pairs_1_11                          2536.5060      1.4    2321.8020    214.7040  0.0000  StripPair_4
pairs_1_2                           2632.2660      1.4    2413.0260    219.2400  0.0000  StripPair_58
pairs_1_3                           2623.1940      1.4    2403.9540    219.2400  0.0000  StripPair_52
pairs_1_4                           2643.7320      1.4    2427.5160    216.2160  0.0000  StripPair_46
pairs_1_5                           2632.1400      1.4    2417.4360    214.7040  0.0000  StripPair_40
pairs_1_6                           2578.2120      1.4    2360.4840    217.7280  0.0000  StripPair_34
pairs_1_7                           2561.9580      1.4    2347.2540    214.7040  0.0000  StripPair_28
pairs_1_8                           2607.8220      1.4    2389.7160    218.1060  0.0000  StripPair_22
pairs_1_9                           2596.6080      1.4    2380.7700    215.8380  0.0000  StripPair_16
pairs_2                             2387.4480      1.3    2167.4520    219.9960  0.0000  StripPair_69
pairs_2_1                           2618.9100      1.4    2403.4500    215.4600  0.0000  StripPair_63
pairs_2_10                          2629.8720      1.4    2411.7660    218.1060  0.0000  StripPair_9
pairs_2_11                          2548.2240      1.4    2333.1420    215.0820  0.0000  StripPair_3
pairs_2_2                           2644.2360      1.4    2427.6420    216.5940  0.0000  StripPair_57
pairs_2_3                           2620.6740      1.4    2401.8120    218.8620  0.0000  StripPair_51
pairs_2_4                           2607.8220      1.4    2391.6060    216.2160  0.0000  StripPair_45
pairs_2_5                           2621.9340      1.4    2406.8520    215.0820  0.0000  StripPair_39
pairs_2_6                           2563.9740      1.4    2348.8920    215.0820  0.0000  StripPair_33
pairs_2_7                           2546.9640      1.4    2329.2360    217.7280  0.0000  StripPair_27
pairs_2_8                           2618.7840      1.4    2399.5440    219.2400  0.0000  StripPair_21
pairs_2_9                           2622.3120      1.4    2407.2300    215.0820  0.0000  StripPair_15
pairs_3                             2375.9820      1.3    2157.4980    218.4840  0.0000  StripPair_68
pairs_3_1                           2626.8480      1.4    2411.3880    215.4600  0.0000  StripPair_62
pairs_3_10                          2606.4360      1.4    2386.8180    219.6180  0.0000  StripPair_8
pairs_3_11                          2533.4820      1.4    2318.0220    215.4600  0.0000  StripPair_2
pairs_3_2                           2619.6660      1.4    2403.4500    216.2160  0.0000  StripPair_56
pairs_3_3                           2616.0120      1.4    2400.9300    215.0820  0.0000  StripPair_50
pairs_3_4                           2615.6340      1.4    2401.3080    214.3260  0.0000  StripPair_44
pairs_3_5                           2632.0140      1.4    2417.6880    214.3260  0.0000  StripPair_38
pairs_3_6                           2553.7680      1.4    2337.1740    216.5940  0.0000  StripPair_32
pairs_3_7                           2579.9760      1.4    2360.2320    219.7440  0.0000  StripPair_26
pairs_3_8                           2602.7820      1.4    2382.7860    219.9960  0.0000  StripPair_20
pairs_3_9                           2612.9880      1.4    2396.3940    216.5940  0.0000  StripPair_14
pairs_4                             2376.3600      1.3    2162.0340    214.3260  0.0000  StripPair_67
pairs_4_1                           2595.0960      1.4    2379.2580    215.8380  0.0000  StripPair_61
pairs_4_10                          2605.8060      1.4    2390.7240    215.0820  0.0000  StripPair_7
pairs_4_11                          2544.6960      1.4    2331.8820    212.8140  0.0000  StripPair_1
pairs_4_2                           2623.1940      1.4    2408.4900    214.7040  0.0000  StripPair_55
pairs_4_3                           2625.5880      1.4    2408.6160    216.9720  0.0000  StripPair_49
pairs_4_4                           2608.2000      1.4    2388.5820    219.6180  0.0000  StripPair_43
pairs_4_5                           2605.4280      1.4    2387.3220    218.1060  0.0000  StripPair_37
pairs_4_6                           2555.2800      1.4    2340.1980    215.0820  0.0000  StripPair_31
pairs_4_7                           2557.9260      1.4    2341.7100    216.2160  0.0000  StripPair_25
pairs_4_8                           2623.1940      1.4    2407.3560    215.8380  0.0000  StripPair_19
pairs_4_9                           2622.6900      1.4    2402.6940    219.9960  0.0000  StripPair_13
pairs_5                             2367.5400      1.3    2152.4580    215.0820  0.0000  StripPair_66
pairs_5_1                           2586.1500      1.4    2373.7140    212.4360  0.0000  StripPair_60
pairs_5_10                          2607.4440      1.4    2394.2520    213.1920  0.0000  StripPair_6
pairs_5_11                          2494.1700      1.3    2282.1120    212.0580  0.0000  StripPair_0
pairs_5_2                           2600.6400      1.4    2387.0700    213.5700  0.0000  StripPair_54
pairs_5_3                           2574.9360      1.4    2358.7200    216.2160  0.0000  StripPair_48
pairs_5_4                           2603.2860      1.4    2389.2120    214.0740  0.0000  StripPair_42
pairs_5_5                           2603.5380      1.4    2387.7000    215.8380  0.0000  StripPair_36
pairs_5_6                           2549.3580      1.4    2333.5200    215.8380  0.0000  StripPair_30
pairs_5_7                           2603.1600      1.4    2386.9440    216.2160  0.0000  StripPair_24
pairs_5_8                           2601.5220      1.4    2387.9520    213.5700  0.0000  StripPair_18
pairs_5_9                           2600.1360      1.4    2386.9440    213.1920  0.0000  StripPair_12
--------------------------------  -----------  -------  -----------  ----------  ------  ------------
Total                                                   169997.4361  15598.6738  0.0000

1
