 
****************************************
Report : area
Design : FuseMax2DArray
Version: V-2023.12
Date   : Tue Apr  7 06:35:44 2026
****************************************

Library(s) Used:

    tcbn28hpcplusbwp30p140ffg0p99v0c_ccs (File: /hpc/Tech/TSMC/digital/N28/digital/Front_End/timing_power_noise/CCS/tcbn28hpcplusbwp30p140_180a/tcbn28hpcplusbwp30p140ffg0p99v0c_ccs.db)

Number of ports:                        95234
Number of nets:                       2248479
Number of cells:                      2060258
Number of combinational cells:        1856930
Number of sequential cells:            202752
Number of macros/black boxes:               0
Number of buf/inv:                     309738
Number of references:                     576

Combinational area:            1183208.543846
Buf/Inv area:                    78593.005212
Noncombinational area:          384320.409513
Macro/Black Box area:                0.000000
Net Interconnect area:      undefined  (Wire load has zero net area)

Total cell area:               1567528.953359
Total area:                 undefined

Hierarchical area distribution
------------------------------

                                  Global cell area                Local cell area
                                  ---------------------  --------------------------------- 
Hierarchical cell                 Absolute      Percent  Combi-        Noncombi-    Black-
                                  Total         Total    national      national     boxes   Design
--------------------------------  ------------  -------  ------------  -----------  ------  ---------------
FuseMax2DArray                    1567528.9534    100.0        0.0000       0.0000  0.0000  FuseMax2DArray
pe_0_0                               2731.1760      0.2     2065.8960     665.2800  0.0000  FuseMax2DPE_575
pe_0_1                               2723.8680      0.2     2056.5720     667.2960  0.0000  FuseMax2DPE_574
pe_0_10                              2723.1120      0.2     2055.8160     667.2960  0.0000  FuseMax2DPE_565
pe_0_11                              2723.6160      0.2     2056.3200     667.2960  0.0000  FuseMax2DPE_564
pe_0_12                              2723.6160      0.2     2056.3200     667.2960  0.0000  FuseMax2DPE_563
pe_0_13                              2722.8600      0.2     2055.5640     667.2960  0.0000  FuseMax2DPE_562
pe_0_14                              2723.4900      0.2     2056.1940     667.2960  0.0000  FuseMax2DPE_561
pe_0_15                              2722.4820      0.2     2055.1860     667.2960  0.0000  FuseMax2DPE_560
pe_0_16                              2723.2380      0.2     2055.9420     667.2960  0.0000  FuseMax2DPE_559
pe_0_17                              2723.8680      0.2     2056.5720     667.2960  0.0000  FuseMax2DPE_558
pe_0_18                              2723.8680      0.2     2056.5720     667.2960  0.0000  FuseMax2DPE_557
pe_0_19                              2723.7420      0.2     2056.4460     667.2960  0.0000  FuseMax2DPE_556
pe_0_2                               2724.1200      0.2     2056.8240     667.2960  0.0000  FuseMax2DPE_573
pe_0_20                              2722.7340      0.2     2055.4380     667.2960  0.0000  FuseMax2DPE_555
pe_0_21                              2723.6160      0.2     2056.3200     667.2960  0.0000  FuseMax2DPE_554
pe_0_22                              2722.7340      0.2     2055.4380     667.2960  0.0000  FuseMax2DPE_553
pe_0_23                              2720.7180      0.2     2053.4220     667.2960  0.0000  FuseMax2DPE_552
pe_0_3                               2724.1200      0.2     2056.8240     667.2960  0.0000  FuseMax2DPE_572
pe_0_4                               2722.4820      0.2     2055.1860     667.2960  0.0000  FuseMax2DPE_571
pe_0_5                               2723.3640      0.2     2056.0680     667.2960  0.0000  FuseMax2DPE_570
pe_0_6                               2723.8680      0.2     2056.5720     667.2960  0.0000  FuseMax2DPE_569
pe_0_7                               2722.3560      0.2     2055.0600     667.2960  0.0000  FuseMax2DPE_568
pe_0_8                               2723.7420      0.2     2056.4460     667.2960  0.0000  FuseMax2DPE_567
pe_0_9                               2722.9860      0.2     2055.6900     667.2960  0.0000  FuseMax2DPE_566
pe_10_0                              2728.5300      0.2     2063.2500     665.2800  0.0000  FuseMax2DPE_335
pe_10_1                              2720.0880      0.2     2052.7920     667.2960  0.0000  FuseMax2DPE_334
pe_10_10                             2721.6000      0.2     2054.3040     667.2960  0.0000  FuseMax2DPE_325
pe_10_11                             2731.8060      0.2     2064.5100     667.2960  0.0000  FuseMax2DPE_324
pe_10_12                             2720.2140      0.2     2052.9180     667.2960  0.0000  FuseMax2DPE_323
pe_10_13                             2720.4660      0.2     2053.1700     667.2960  0.0000  FuseMax2DPE_322
pe_10_14                             2721.0960      0.2     2053.8000     667.2960  0.0000  FuseMax2DPE_321
pe_10_15                             2730.9240      0.2     2063.6280     667.2960  0.0000  FuseMax2DPE_320
pe_10_16                             2721.3480      0.2     2054.0520     667.2960  0.0000  FuseMax2DPE_319
pe_10_17                             2718.7020      0.2     2051.4060     667.2960  0.0000  FuseMax2DPE_318
pe_10_18                             2721.7260      0.2     2054.4300     667.2960  0.0000  FuseMax2DPE_317
pe_10_19                             2720.3400      0.2     2053.0440     667.2960  0.0000  FuseMax2DPE_316
pe_10_2                              2719.9620      0.2     2052.6660     667.2960  0.0000  FuseMax2DPE_333
pe_10_20                             2722.1040      0.2     2054.8080     667.2960  0.0000  FuseMax2DPE_315
pe_10_21                             2721.7260      0.2     2054.4300     667.2960  0.0000  FuseMax2DPE_314
pe_10_22                             2732.8140      0.2     2065.5180     667.2960  0.0000  FuseMax2DPE_313
pe_10_23                             2731.3020      0.2     2064.0060     667.2960  0.0000  FuseMax2DPE_312
pe_10_3                              2720.5920      0.2     2053.2960     667.2960  0.0000  FuseMax2DPE_332
pe_10_4                              2719.8360      0.2     2052.5400     667.2960  0.0000  FuseMax2DPE_331
pe_10_5                              2731.5540      0.2     2064.2580     667.2960  0.0000  FuseMax2DPE_330
pe_10_6                              2721.7260      0.2     2054.4300     667.2960  0.0000  FuseMax2DPE_329
pe_10_7                              2732.3100      0.2     2065.0140     667.2960  0.0000  FuseMax2DPE_328
pe_10_8                              2732.9400      0.2     2065.6440     667.2960  0.0000  FuseMax2DPE_327
pe_10_9                              2721.9780      0.2     2054.6820     667.2960  0.0000  FuseMax2DPE_326
pe_11_0                              2726.3880      0.2     2061.1080     665.2800  0.0000  FuseMax2DPE_311
pe_11_1                              2723.4900      0.2     2056.1940     667.2960  0.0000  FuseMax2DPE_310
pe_11_10                             2731.9320      0.2     2064.6360     667.2960  0.0000  FuseMax2DPE_301
pe_11_11                             2721.8520      0.2     2054.5560     667.2960  0.0000  FuseMax2DPE_300
pe_11_12                             2721.8520      0.2     2054.5560     667.2960  0.0000  FuseMax2DPE_299
pe_11_13                             2721.2220      0.2     2053.9260     667.2960  0.0000  FuseMax2DPE_298
pe_11_14                             2719.9620      0.2     2052.6660     667.2960  0.0000  FuseMax2DPE_297
pe_11_15                             2722.7340      0.2     2055.4380     667.2960  0.0000  FuseMax2DPE_296
pe_11_16                             2721.6000      0.2     2054.3040     667.2960  0.0000  FuseMax2DPE_295
pe_11_17                             2720.9700      0.2     2053.6740     667.2960  0.0000  FuseMax2DPE_294
pe_11_18                             2721.0960      0.2     2053.8000     667.2960  0.0000  FuseMax2DPE_293
pe_11_19                             2719.5840      0.2     2052.2880     667.2960  0.0000  FuseMax2DPE_292
pe_11_2                              2722.7340      0.2     2055.4380     667.2960  0.0000  FuseMax2DPE_309
pe_11_20                             2721.8520      0.2     2054.5560     667.2960  0.0000  FuseMax2DPE_291
pe_11_21                             2734.7040      0.2     2067.4080     667.2960  0.0000  FuseMax2DPE_290
pe_11_22                             2733.3180      0.2     2066.0220     667.2960  0.0000  FuseMax2DPE_289
pe_11_23                             2719.9620      0.2     2052.6660     667.2960  0.0000  FuseMax2DPE_288
pe_11_3                              2721.0960      0.2     2053.8000     667.2960  0.0000  FuseMax2DPE_308
pe_11_4                              2731.3020      0.2     2064.0060     667.2960  0.0000  FuseMax2DPE_307
pe_11_5                              2721.3480      0.2     2054.0520     667.2960  0.0000  FuseMax2DPE_306
pe_11_6                              2734.3260      0.2     2067.0300     667.2960  0.0000  FuseMax2DPE_305
pe_11_7                              2733.6960      0.2     2066.4000     667.2960  0.0000  FuseMax2DPE_304
pe_11_8                              2721.3480      0.2     2054.0520     667.2960  0.0000  FuseMax2DPE_303
pe_11_9                              2721.7260      0.2     2054.4300     667.2960  0.0000  FuseMax2DPE_302
pe_12_0                              2726.7660      0.2     2061.4860     665.2800  0.0000  FuseMax2DPE_287
pe_12_1                              2719.8360      0.2     2052.5400     667.2960  0.0000  FuseMax2DPE_286
pe_12_10                             2721.7260      0.2     2054.4300     667.2960  0.0000  FuseMax2DPE_277
pe_12_11                             2719.9620      0.2     2052.6660     667.2960  0.0000  FuseMax2DPE_276
pe_12_12                             2721.2220      0.2     2053.9260     667.2960  0.0000  FuseMax2DPE_275
pe_12_13                             2731.1760      0.2     2063.8800     667.2960  0.0000  FuseMax2DPE_274
pe_12_14                             2723.2380      0.2     2055.9420     667.2960  0.0000  FuseMax2DPE_273
pe_12_15                             2719.5840      0.2     2052.2880     667.2960  0.0000  FuseMax2DPE_272
pe_12_16                             2721.6000      0.2     2054.3040     667.2960  0.0000  FuseMax2DPE_271
pe_12_17                             2721.9780      0.2     2054.6820     667.2960  0.0000  FuseMax2DPE_270
pe_12_18                             2721.0960      0.2     2053.8000     667.2960  0.0000  FuseMax2DPE_269
pe_12_19                             2731.8060      0.2     2064.5100     667.2960  0.0000  FuseMax2DPE_268
pe_12_2                              2719.8360      0.2     2052.5400     667.2960  0.0000  FuseMax2DPE_285
pe_12_20                             2719.8360      0.2     2052.5400     667.2960  0.0000  FuseMax2DPE_267
pe_12_21                             2723.1120      0.2     2055.8160     667.2960  0.0000  FuseMax2DPE_266
pe_12_22                             2721.2220      0.2     2053.9260     667.2960  0.0000  FuseMax2DPE_265
pe_12_23                             2720.9700      0.2     2053.6740     667.2960  0.0000  FuseMax2DPE_264
pe_12_3                              2721.7260      0.2     2054.4300     667.2960  0.0000  FuseMax2DPE_284
pe_12_4                              2719.8360      0.2     2052.5400     667.2960  0.0000  FuseMax2DPE_283
pe_12_5                              2724.7500      0.2     2057.4540     667.2960  0.0000  FuseMax2DPE_282
pe_12_6                              2733.6960      0.2     2066.4000     667.2960  0.0000  FuseMax2DPE_281
pe_12_7                              2721.6000      0.2     2054.3040     667.2960  0.0000  FuseMax2DPE_280
pe_12_8                              2721.0960      0.2     2053.8000     667.2960  0.0000  FuseMax2DPE_279
pe_12_9                              2721.4740      0.2     2054.1780     667.2960  0.0000  FuseMax2DPE_278
pe_13_0                              2735.2080      0.2     2069.9280     665.2800  0.0000  FuseMax2DPE_263
pe_13_1                              2721.4740      0.2     2054.1780     667.2960  0.0000  FuseMax2DPE_262
pe_13_10                             2719.8360      0.2     2052.5400     667.2960  0.0000  FuseMax2DPE_253
pe_13_11                             2731.3020      0.2     2064.0060     667.2960  0.0000  FuseMax2DPE_252
pe_13_12                             2719.8360      0.2     2052.5400     667.2960  0.0000  FuseMax2DPE_251
pe_13_13                             2719.8360      0.2     2052.5400     667.2960  0.0000  FuseMax2DPE_250
pe_13_14                             2719.8360      0.2     2052.5400     667.2960  0.0000  FuseMax2DPE_249
pe_13_15                             2730.9240      0.2     2063.6280     667.2960  0.0000  FuseMax2DPE_248
pe_13_16                             2721.4740      0.2     2054.1780     667.2960  0.0000  FuseMax2DPE_247
pe_13_17                             2719.8360      0.2     2052.5400     667.2960  0.0000  FuseMax2DPE_246
pe_13_18                             2719.8360      0.2     2052.5400     667.2960  0.0000  FuseMax2DPE_245
pe_13_19                             2721.3480      0.2     2054.0520     667.2960  0.0000  FuseMax2DPE_244
pe_13_2                              2719.9620      0.2     2052.6660     667.2960  0.0000  FuseMax2DPE_261
pe_13_20                             2729.4120      0.2     2062.1160     667.2960  0.0000  FuseMax2DPE_243
pe_13_21                             2723.9940      0.2     2056.6980     667.2960  0.0000  FuseMax2DPE_242
pe_13_22                             2721.7260      0.2     2054.4300     667.2960  0.0000  FuseMax2DPE_241
pe_13_23                             2731.3020      0.2     2064.0060     667.2960  0.0000  FuseMax2DPE_240
pe_13_3                              2720.2140      0.2     2052.9180     667.2960  0.0000  FuseMax2DPE_260
pe_13_4                              2721.9780      0.2     2054.6820     667.2960  0.0000  FuseMax2DPE_259
pe_13_5                              2733.8220      0.2     2066.5260     667.2960  0.0000  FuseMax2DPE_258
pe_13_6                              2721.8520      0.2     2054.5560     667.2960  0.0000  FuseMax2DPE_257
pe_13_7                              2721.6000      0.2     2054.3040     667.2960  0.0000  FuseMax2DPE_256
pe_13_8                              2721.0960      0.2     2053.8000     667.2960  0.0000  FuseMax2DPE_255
pe_13_9                              2721.7260      0.2     2054.4300     667.2960  0.0000  FuseMax2DPE_254
pe_14_0                              2736.8460      0.2     2071.5660     665.2800  0.0000  FuseMax2DPE_239
pe_14_1                              2719.5840      0.2     2052.2880     667.2960  0.0000  FuseMax2DPE_238
pe_14_10                             2723.2380      0.2     2055.9420     667.2960  0.0000  FuseMax2DPE_229
pe_14_11                             2722.9860      0.2     2055.6900     667.2960  0.0000  FuseMax2DPE_228
pe_14_12                             2730.2940      0.2     2062.9980     667.2960  0.0000  FuseMax2DPE_227
pe_14_13                             2719.9620      0.2     2052.6660     667.2960  0.0000  FuseMax2DPE_226
pe_14_14                             2722.1040      0.2     2054.8080     667.2960  0.0000  FuseMax2DPE_225
pe_14_15                             2721.3480      0.2     2054.0520     667.2960  0.0000  FuseMax2DPE_224
pe_14_16                             2719.5840      0.2     2052.2880     667.2960  0.0000  FuseMax2DPE_223
pe_14_17                             2720.0880      0.2     2052.7920     667.2960  0.0000  FuseMax2DPE_222
pe_14_18                             2731.6800      0.2     2064.3840     667.2960  0.0000  FuseMax2DPE_221
pe_14_19                             2721.7260      0.2     2054.4300     667.2960  0.0000  FuseMax2DPE_220
pe_14_2                              2721.3480      0.2     2054.0520     667.2960  0.0000  FuseMax2DPE_237
pe_14_20                             2732.6880      0.2     2065.3920     667.2960  0.0000  FuseMax2DPE_219
pe_14_21                             2722.4820      0.2     2055.1860     667.2960  0.0000  FuseMax2DPE_218
pe_14_22                             2721.3480      0.2     2054.0520     667.2960  0.0000  FuseMax2DPE_217
pe_14_23                             2719.9620      0.2     2052.6660     667.2960  0.0000  FuseMax2DPE_216
pe_14_3                              2731.9320      0.2     2064.6360     667.2960  0.0000  FuseMax2DPE_236
pe_14_4                              2720.7180      0.2     2053.4220     667.2960  0.0000  FuseMax2DPE_235
pe_14_5                              2723.9940      0.2     2056.6980     667.2960  0.0000  FuseMax2DPE_234
pe_14_6                              2726.6400      0.2     2059.3440     667.2960  0.0000  FuseMax2DPE_233
pe_14_7                              2721.6000      0.2     2054.3040     667.2960  0.0000  FuseMax2DPE_232
pe_14_8                              2721.9780      0.2     2054.6820     667.2960  0.0000  FuseMax2DPE_231
pe_14_9                              2721.6000      0.2     2054.3040     667.2960  0.0000  FuseMax2DPE_230
pe_15_0                              2726.1360      0.2     2060.8560     665.2800  0.0000  FuseMax2DPE_215
pe_15_1                              2721.0960      0.2     2053.8000     667.2960  0.0000  FuseMax2DPE_214
pe_15_10                             2721.6000      0.2     2054.3040     667.2960  0.0000  FuseMax2DPE_205
pe_15_11                             2722.1040      0.2     2054.8080     667.2960  0.0000  FuseMax2DPE_204
pe_15_12                             2732.5620      0.2     2065.2660     667.2960  0.0000  FuseMax2DPE_203
pe_15_13                             2719.8360      0.2     2052.5400     667.2960  0.0000  FuseMax2DPE_202
pe_15_14                             2720.8440      0.2     2053.5480     667.2960  0.0000  FuseMax2DPE_201
pe_15_15                             2721.4740      0.2     2054.1780     667.2960  0.0000  FuseMax2DPE_200
pe_15_16                             2719.9620      0.2     2052.6660     667.2960  0.0000  FuseMax2DPE_199
pe_15_17                             2731.4280      0.2     2064.1320     667.2960  0.0000  FuseMax2DPE_198
pe_15_18                             2723.2380      0.2     2055.9420     667.2960  0.0000  FuseMax2DPE_197
pe_15_19                             2721.4740      0.2     2054.1780     667.2960  0.0000  FuseMax2DPE_196
pe_15_2                              2721.9780      0.2     2054.6820     667.2960  0.0000  FuseMax2DPE_213
pe_15_20                             2723.2380      0.2     2055.9420     667.2960  0.0000  FuseMax2DPE_195
pe_15_21                             2721.4740      0.2     2054.1780     667.2960  0.0000  FuseMax2DPE_194
pe_15_22                             2721.6000      0.2     2054.3040     667.2960  0.0000  FuseMax2DPE_193
pe_15_23                             2720.0880      0.2     2052.7920     667.2960  0.0000  FuseMax2DPE_192
pe_15_3                              2722.9860      0.2     2055.6900     667.2960  0.0000  FuseMax2DPE_212
pe_15_4                              2720.7180      0.2     2053.4220     667.2960  0.0000  FuseMax2DPE_211
pe_15_5                              2720.0880      0.2     2052.7920     667.2960  0.0000  FuseMax2DPE_210
pe_15_6                              2720.2140      0.2     2052.9180     667.2960  0.0000  FuseMax2DPE_209
pe_15_7                              2721.7260      0.2     2054.4300     667.2960  0.0000  FuseMax2DPE_208
pe_15_8                              2732.1840      0.2     2064.8880     667.2960  0.0000  FuseMax2DPE_207
pe_15_9                              2732.5620      0.2     2065.2660     667.2960  0.0000  FuseMax2DPE_206
pe_16_0                              2727.6480      0.2     2062.3680     665.2800  0.0000  FuseMax2DPE_191
pe_16_1                              2722.7340      0.2     2055.4380     667.2960  0.0000  FuseMax2DPE_190
pe_16_10                             2723.2380      0.2     2055.9420     667.2960  0.0000  FuseMax2DPE_181
pe_16_11                             2720.8440      0.2     2053.5480     667.2960  0.0000  FuseMax2DPE_180
pe_16_12                             2720.5920      0.2     2053.2960     667.2960  0.0000  FuseMax2DPE_179
pe_16_13                             2720.4660      0.2     2053.1700     667.2960  0.0000  FuseMax2DPE_178
pe_16_14                             2722.2300      0.2     2054.9340     667.2960  0.0000  FuseMax2DPE_177
pe_16_15                             2721.6000      0.2     2054.3040     667.2960  0.0000  FuseMax2DPE_176
pe_16_16                             2722.2300      0.2     2054.9340     667.2960  0.0000  FuseMax2DPE_175
pe_16_17                             2732.1840      0.2     2064.8880     667.2960  0.0000  FuseMax2DPE_174
pe_16_18                             2722.1040      0.2     2054.8080     667.2960  0.0000  FuseMax2DPE_173
pe_16_19                             2732.8140      0.2     2065.5180     667.2960  0.0000  FuseMax2DPE_172
pe_16_2                              2721.6000      0.2     2054.3040     667.2960  0.0000  FuseMax2DPE_189
pe_16_20                             2721.3480      0.2     2054.0520     667.2960  0.0000  FuseMax2DPE_171
pe_16_21                             2733.0660      0.2     2065.7700     667.2960  0.0000  FuseMax2DPE_170
pe_16_22                             2721.4740      0.2     2054.1780     667.2960  0.0000  FuseMax2DPE_169
pe_16_23                             2731.3020      0.2     2064.0060     667.2960  0.0000  FuseMax2DPE_168
pe_16_3                              2721.8520      0.2     2054.5560     667.2960  0.0000  FuseMax2DPE_188
pe_16_4                              2721.4740      0.2     2054.1780     667.2960  0.0000  FuseMax2DPE_187
pe_16_5                              2731.1760      0.2     2063.8800     667.2960  0.0000  FuseMax2DPE_186
pe_16_6                              2730.6720      0.2     2063.3760     667.2960  0.0000  FuseMax2DPE_185
pe_16_7                              2721.4740      0.2     2054.1780     667.2960  0.0000  FuseMax2DPE_184
pe_16_8                              2720.5920      0.2     2053.2960     667.2960  0.0000  FuseMax2DPE_183
pe_16_9                              2730.9240      0.2     2063.6280     667.2960  0.0000  FuseMax2DPE_182
pe_17_0                              2725.7580      0.2     2060.4780     665.2800  0.0000  FuseMax2DPE_167
pe_17_1                              2719.8360      0.2     2052.5400     667.2960  0.0000  FuseMax2DPE_166
pe_17_10                             2721.7260      0.2     2054.4300     667.2960  0.0000  FuseMax2DPE_157
pe_17_11                             2725.6320      0.2     2058.3360     667.2960  0.0000  FuseMax2DPE_156
pe_17_12                             2731.8060      0.2     2064.5100     667.2960  0.0000  FuseMax2DPE_155
pe_17_13                             2732.5620      0.2     2065.2660     667.2960  0.0000  FuseMax2DPE_154
pe_17_14                             2722.6080      0.2     2055.3120     667.2960  0.0000  FuseMax2DPE_153
pe_17_15                             2720.2140      0.2     2052.9180     667.2960  0.0000  FuseMax2DPE_152
pe_17_16                             2721.7260      0.2     2054.4300     667.2960  0.0000  FuseMax2DPE_151
pe_17_17                             2720.7180      0.2     2053.4220     667.2960  0.0000  FuseMax2DPE_150
pe_17_18                             2723.7420      0.2     2056.4460     667.2960  0.0000  FuseMax2DPE_149
pe_17_19                             2722.9860      0.2     2055.6900     667.2960  0.0000  FuseMax2DPE_148
pe_17_2                              2719.9620      0.2     2052.6660     667.2960  0.0000  FuseMax2DPE_165
pe_17_20                             2721.2220      0.2     2053.9260     667.2960  0.0000  FuseMax2DPE_147
pe_17_21                             2721.7260      0.2     2054.4300     667.2960  0.0000  FuseMax2DPE_146
pe_17_22                             2720.7180      0.2     2053.4220     667.2960  0.0000  FuseMax2DPE_145
pe_17_23                             2719.7100      0.2     2052.4140     667.2960  0.0000  FuseMax2DPE_144
pe_17_3                              2723.3640      0.2     2056.0680     667.2960  0.0000  FuseMax2DPE_164
pe_17_4                              2720.7180      0.2     2053.4220     667.2960  0.0000  FuseMax2DPE_163
pe_17_5                              2721.6000      0.2     2054.3040     667.2960  0.0000  FuseMax2DPE_162
pe_17_6                              2722.1040      0.2     2054.8080     667.2960  0.0000  FuseMax2DPE_161
pe_17_7                              2720.4660      0.2     2053.1700     667.2960  0.0000  FuseMax2DPE_160
pe_17_8                              2721.6000      0.2     2054.3040     667.2960  0.0000  FuseMax2DPE_159
pe_17_9                              2723.4900      0.2     2056.1940     667.2960  0.0000  FuseMax2DPE_158
pe_18_0                              2727.6480      0.2     2062.3680     665.2800  0.0000  FuseMax2DPE_143
pe_18_1                              2722.2300      0.2     2054.9340     667.2960  0.0000  FuseMax2DPE_142
pe_18_10                             2730.7980      0.2     2063.5020     667.2960  0.0000  FuseMax2DPE_133
pe_18_11                             2719.9620      0.2     2052.6660     667.2960  0.0000  FuseMax2DPE_132
pe_18_12                             2720.7180      0.2     2053.4220     667.2960  0.0000  FuseMax2DPE_131
pe_18_13                             2719.3320      0.2     2052.0360     667.2960  0.0000  FuseMax2DPE_130
pe_18_14                             2719.5840      0.2     2052.2880     667.2960  0.0000  FuseMax2DPE_129
pe_18_15                             2719.4580      0.2     2052.1620     667.2960  0.0000  FuseMax2DPE_128
pe_18_16                             2720.0880      0.2     2052.7920     667.2960  0.0000  FuseMax2DPE_127
pe_18_17                             2720.0880      0.2     2052.7920     667.2960  0.0000  FuseMax2DPE_126
pe_18_18                             2720.8440      0.2     2053.5480     667.2960  0.0000  FuseMax2DPE_125
pe_18_19                             2732.4360      0.2     2065.1400     667.2960  0.0000  FuseMax2DPE_124
pe_18_2                              2731.9320      0.2     2064.6360     667.2960  0.0000  FuseMax2DPE_141
pe_18_20                             2721.8520      0.2     2054.5560     667.2960  0.0000  FuseMax2DPE_123
pe_18_21                             2731.6800      0.2     2064.3840     667.2960  0.0000  FuseMax2DPE_122
pe_18_22                             2730.2940      0.2     2062.9980     667.2960  0.0000  FuseMax2DPE_121
pe_18_23                             2720.7180      0.2     2053.4220     667.2960  0.0000  FuseMax2DPE_120
pe_18_3                              2719.8360      0.2     2052.5400     667.2960  0.0000  FuseMax2DPE_140
pe_18_4                              2722.8600      0.2     2055.5640     667.2960  0.0000  FuseMax2DPE_139
pe_18_5                              2720.8440      0.2     2053.5480     667.2960  0.0000  FuseMax2DPE_138
pe_18_6                              2721.4740      0.2     2054.1780     667.2960  0.0000  FuseMax2DPE_137
pe_18_7                              2719.8360      0.2     2052.5400     667.2960  0.0000  FuseMax2DPE_136
pe_18_8                              2719.5840      0.2     2052.2880     667.2960  0.0000  FuseMax2DPE_135
pe_18_9                              2720.5920      0.2     2053.2960     667.2960  0.0000  FuseMax2DPE_134
pe_19_0                              2727.6480      0.2     2062.3680     665.2800  0.0000  FuseMax2DPE_119
pe_19_1                              2720.3400      0.2     2053.0440     667.2960  0.0000  FuseMax2DPE_118
pe_19_10                             2719.5840      0.2     2052.2880     667.2960  0.0000  FuseMax2DPE_109
pe_19_11                             2720.3400      0.2     2053.0440     667.2960  0.0000  FuseMax2DPE_108
pe_19_12                             2721.8520      0.2     2054.5560     667.2960  0.0000  FuseMax2DPE_107
pe_19_13                             2721.8520      0.2     2054.5560     667.2960  0.0000  FuseMax2DPE_106
pe_19_14                             2719.7100      0.2     2052.4140     667.2960  0.0000  FuseMax2DPE_105
pe_19_15                             2719.8360      0.2     2052.5400     667.2960  0.0000  FuseMax2DPE_104
pe_19_16                             2722.2300      0.2     2054.9340     667.2960  0.0000  FuseMax2DPE_103
pe_19_17                             2720.7180      0.2     2053.4220     667.2960  0.0000  FuseMax2DPE_102
pe_19_18                             2719.7100      0.2     2052.4140     667.2960  0.0000  FuseMax2DPE_101
pe_19_19                             2720.2140      0.2     2052.9180     667.2960  0.0000  FuseMax2DPE_100
pe_19_2                              2719.5840      0.2     2052.2880     667.2960  0.0000  FuseMax2DPE_117
pe_19_20                             2719.9620      0.2     2052.6660     667.2960  0.0000  FuseMax2DPE_99
pe_19_21                             2731.5540      0.2     2064.2580     667.2960  0.0000  FuseMax2DPE_98
pe_19_22                             2721.2220      0.2     2053.9260     667.2960  0.0000  FuseMax2DPE_97
pe_19_23                             2719.2060      0.2     2051.9100     667.2960  0.0000  FuseMax2DPE_96
pe_19_3                              2729.0340      0.2     2061.7380     667.2960  0.0000  FuseMax2DPE_116
pe_19_4                              2720.2140      0.2     2052.9180     667.2960  0.0000  FuseMax2DPE_115
pe_19_5                              2720.2140      0.2     2052.9180     667.2960  0.0000  FuseMax2DPE_114
pe_19_6                              2720.3400      0.2     2053.0440     667.2960  0.0000  FuseMax2DPE_113
pe_19_7                              2719.2060      0.2     2051.9100     667.2960  0.0000  FuseMax2DPE_112
pe_19_8                              2719.9620      0.2     2052.6660     667.2960  0.0000  FuseMax2DPE_111
pe_19_9                              2719.5840      0.2     2052.2880     667.2960  0.0000  FuseMax2DPE_110
pe_1_0                               2725.5060      0.2     2060.2260     665.2800  0.0000  FuseMax2DPE_551
pe_1_1                               2722.7340      0.2     2055.3120     667.4220  0.0000  FuseMax2DPE_550
pe_1_10                              2731.6800      0.2     2064.2580     667.4220  0.0000  FuseMax2DPE_541
pe_1_11                              2721.0960      0.2     2053.6740     667.4220  0.0000  FuseMax2DPE_540
pe_1_12                              2730.4200      0.2     2062.9980     667.4220  0.0000  FuseMax2DPE_539
pe_1_13                              2722.4820      0.2     2055.0600     667.4220  0.0000  FuseMax2DPE_538
pe_1_14                              2723.2380      0.2     2055.8160     667.4220  0.0000  FuseMax2DPE_537
pe_1_15                              2720.8440      0.2     2053.4220     667.4220  0.0000  FuseMax2DPE_536
pe_1_16                              2721.8520      0.2     2054.4300     667.4220  0.0000  FuseMax2DPE_535
pe_1_17                              2722.9860      0.2     2055.5640     667.4220  0.0000  FuseMax2DPE_534
pe_1_18                              2722.4820      0.2     2055.0600     667.4220  0.0000  FuseMax2DPE_533
pe_1_19                              2721.2220      0.2     2053.8000     667.4220  0.0000  FuseMax2DPE_532
pe_1_2                               2721.2220      0.2     2053.8000     667.4220  0.0000  FuseMax2DPE_549
pe_1_20                              2720.2140      0.2     2052.7920     667.4220  0.0000  FuseMax2DPE_531
pe_1_21                              2720.7180      0.2     2053.2960     667.4220  0.0000  FuseMax2DPE_530
pe_1_22                              2721.8520      0.2     2054.4300     667.4220  0.0000  FuseMax2DPE_529
pe_1_23                              2719.9620      0.2     2052.6660     667.2960  0.0000  FuseMax2DPE_528
pe_1_3                               2724.2460      0.2     2056.8240     667.4220  0.0000  FuseMax2DPE_548
pe_1_4                               2723.2380      0.2     2055.8160     667.4220  0.0000  FuseMax2DPE_547
pe_1_5                               2731.3020      0.2     2063.8800     667.4220  0.0000  FuseMax2DPE_546
pe_1_6                               2721.7260      0.2     2054.3040     667.4220  0.0000  FuseMax2DPE_545
pe_1_7                               2726.0100      0.2     2058.5880     667.4220  0.0000  FuseMax2DPE_544
pe_1_8                               2721.9780      0.2     2054.5560     667.4220  0.0000  FuseMax2DPE_543
pe_1_9                               2723.4900      0.2     2056.0680     667.4220  0.0000  FuseMax2DPE_542
pe_20_0                              2726.5140      0.2     2061.2340     665.2800  0.0000  FuseMax2DPE_95
pe_20_1                              2719.8360      0.2     2052.5400     667.2960  0.0000  FuseMax2DPE_94
pe_20_10                             2720.5920      0.2     2053.2960     667.2960  0.0000  FuseMax2DPE_85
pe_20_11                             2720.2140      0.2     2052.9180     667.2960  0.0000  FuseMax2DPE_84
pe_20_12                             2719.0800      0.2     2051.7840     667.2960  0.0000  FuseMax2DPE_83
pe_20_13                             2720.7180      0.2     2053.4220     667.2960  0.0000  FuseMax2DPE_82
pe_20_14                             2719.5840      0.2     2052.2880     667.2960  0.0000  FuseMax2DPE_81
pe_20_15                             2719.5840      0.2     2052.2880     667.2960  0.0000  FuseMax2DPE_80
pe_20_16                             2719.8360      0.2     2052.5400     667.2960  0.0000  FuseMax2DPE_79
pe_20_17                             2730.9240      0.2     2063.6280     667.2960  0.0000  FuseMax2DPE_78
pe_20_18                             2720.3400      0.2     2053.0440     667.2960  0.0000  FuseMax2DPE_77
pe_20_19                             2719.5840      0.2     2052.2880     667.2960  0.0000  FuseMax2DPE_76
pe_20_2                              2719.9620      0.2     2052.6660     667.2960  0.0000  FuseMax2DPE_93
pe_20_20                             2719.3320      0.2     2052.0360     667.2960  0.0000  FuseMax2DPE_75
pe_20_21                             2719.9620      0.2     2052.6660     667.2960  0.0000  FuseMax2DPE_74
pe_20_22                             2721.6000      0.2     2054.3040     667.2960  0.0000  FuseMax2DPE_73
pe_20_23                             2720.4660      0.2     2053.1700     667.2960  0.0000  FuseMax2DPE_72
pe_20_3                              2733.6960      0.2     2066.4000     667.2960  0.0000  FuseMax2DPE_92
pe_20_4                              2719.5840      0.2     2052.2880     667.2960  0.0000  FuseMax2DPE_91
pe_20_5                              2720.3400      0.2     2053.0440     667.2960  0.0000  FuseMax2DPE_90
pe_20_6                              2720.5920      0.2     2053.2960     667.2960  0.0000  FuseMax2DPE_89
pe_20_7                              2721.6000      0.2     2054.3040     667.2960  0.0000  FuseMax2DPE_88
pe_20_8                              2721.8520      0.2     2054.5560     667.2960  0.0000  FuseMax2DPE_87
pe_20_9                              2720.3400      0.2     2053.0440     667.2960  0.0000  FuseMax2DPE_86
pe_21_0                              2727.9000      0.2     2062.6200     665.2800  0.0000  FuseMax2DPE_71
pe_21_1                              2721.6000      0.2     2054.3040     667.2960  0.0000  FuseMax2DPE_70
pe_21_10                             2720.3400      0.2     2053.0440     667.2960  0.0000  FuseMax2DPE_61
pe_21_11                             2719.8360      0.2     2052.5400     667.2960  0.0000  FuseMax2DPE_60
pe_21_12                             2731.6800      0.2     2064.3840     667.2960  0.0000  FuseMax2DPE_59
pe_21_13                             2718.9540      0.2     2051.6580     667.2960  0.0000  FuseMax2DPE_58
pe_21_14                             2720.7180      0.2     2053.4220     667.2960  0.0000  FuseMax2DPE_57
pe_21_15                             2720.3400      0.2     2053.0440     667.2960  0.0000  FuseMax2DPE_56
pe_21_16                             2720.2140      0.2     2052.9180     667.2960  0.0000  FuseMax2DPE_55
pe_21_17                             2720.4660      0.2     2053.1700     667.2960  0.0000  FuseMax2DPE_54
pe_21_18                             2719.0800      0.2     2051.7840     667.2960  0.0000  FuseMax2DPE_53
pe_21_19                             2719.5840      0.2     2052.2880     667.2960  0.0000  FuseMax2DPE_52
pe_21_2                              2719.9620      0.2     2052.6660     667.2960  0.0000  FuseMax2DPE_69
pe_21_20                             2720.8440      0.2     2053.5480     667.2960  0.0000  FuseMax2DPE_51
pe_21_21                             2721.8520      0.2     2054.5560     667.2960  0.0000  FuseMax2DPE_50
pe_21_22                             2720.7180      0.2     2053.4220     667.2960  0.0000  FuseMax2DPE_49
pe_21_23                             2721.3480      0.2     2054.0520     667.2960  0.0000  FuseMax2DPE_48
pe_21_3                              2719.2060      0.2     2051.9100     667.2960  0.0000  FuseMax2DPE_68
pe_21_4                              2719.7100      0.2     2052.4140     667.2960  0.0000  FuseMax2DPE_67
pe_21_5                              2731.5540      0.2     2064.2580     667.2960  0.0000  FuseMax2DPE_66
pe_21_6                              2721.0960      0.2     2053.8000     667.2960  0.0000  FuseMax2DPE_65
pe_21_7                              2720.0880      0.2     2052.7920     667.2960  0.0000  FuseMax2DPE_64
pe_21_8                              2719.9620      0.2     2052.6660     667.2960  0.0000  FuseMax2DPE_63
pe_21_9                              2721.4740      0.2     2054.1780     667.2960  0.0000  FuseMax2DPE_62
pe_22_0                              2725.6320      0.2     2060.3520     665.2800  0.0000  FuseMax2DPE_47
pe_22_1                              2719.2060      0.2     2051.9100     667.2960  0.0000  FuseMax2DPE_46
pe_22_10                             2720.5920      0.2     2053.2960     667.2960  0.0000  FuseMax2DPE_37
pe_22_11                             2722.2300      0.2     2054.9340     667.2960  0.0000  FuseMax2DPE_36
pe_22_12                             2731.1760      0.2     2063.8800     667.2960  0.0000  FuseMax2DPE_35
pe_22_13                             2719.8360      0.2     2052.5400     667.2960  0.0000  FuseMax2DPE_34
pe_22_14                             2720.7180      0.2     2053.4220     667.2960  0.0000  FuseMax2DPE_33
pe_22_15                             2720.8440      0.2     2053.5480     667.2960  0.0000  FuseMax2DPE_32
pe_22_16                             2720.5920      0.2     2053.2960     667.2960  0.0000  FuseMax2DPE_31
pe_22_17                             2718.8280      0.2     2051.5320     667.2960  0.0000  FuseMax2DPE_30
pe_22_18                             2731.5540      0.2     2064.2580     667.2960  0.0000  FuseMax2DPE_29
pe_22_19                             2722.2300      0.2     2054.9340     667.2960  0.0000  FuseMax2DPE_28
pe_22_2                              2720.4660      0.2     2053.1700     667.2960  0.0000  FuseMax2DPE_45
pe_22_20                             2720.3400      0.2     2053.0440     667.2960  0.0000  FuseMax2DPE_27
pe_22_21                             2719.5840      0.2     2052.2880     667.2960  0.0000  FuseMax2DPE_26
pe_22_22                             2720.9700      0.2     2053.6740     667.2960  0.0000  FuseMax2DPE_25
pe_22_23                             2720.4660      0.2     2053.1700     667.2960  0.0000  FuseMax2DPE_24
pe_22_3                              2722.2300      0.2     2054.9340     667.2960  0.0000  FuseMax2DPE_44
pe_22_4                              2720.8440      0.2     2053.5480     667.2960  0.0000  FuseMax2DPE_43
pe_22_5                              2721.2220      0.2     2053.9260     667.2960  0.0000  FuseMax2DPE_42
pe_22_6                              2722.9860      0.2     2055.6900     667.2960  0.0000  FuseMax2DPE_41
pe_22_7                              2730.5460      0.2     2063.2500     667.2960  0.0000  FuseMax2DPE_40
pe_22_8                              2719.8360      0.2     2052.5400     667.2960  0.0000  FuseMax2DPE_39
pe_22_9                              2732.4360      0.2     2065.1400     667.2960  0.0000  FuseMax2DPE_38
pe_23_0                              2681.5320      0.2     2016.1260     665.4060  0.0000  FuseMax2DPE_23
pe_23_1                              2682.5400      0.2     2014.3620     668.1780  0.0000  FuseMax2DPE_22
pe_23_10                             2670.8220      0.2     2003.5260     667.2960  0.0000  FuseMax2DPE_13
pe_23_11                             2679.8940      0.2     2012.5980     667.2960  0.0000  FuseMax2DPE_12
pe_23_12                             2668.0500      0.2     2000.3760     667.6740  0.0000  FuseMax2DPE_11
pe_23_13                             2680.9020      0.2     2013.6060     667.2960  0.0000  FuseMax2DPE_10
pe_23_14                             2672.0820      0.2     2004.7860     667.2960  0.0000  FuseMax2DPE_9
pe_23_15                             2686.1940      0.2     2018.8980     667.2960  0.0000  FuseMax2DPE_8
pe_23_16                             2678.6340      0.2     2010.9600     667.6740  0.0000  FuseMax2DPE_7
pe_23_17                             2664.9000      0.2     1997.6040     667.2960  0.0000  FuseMax2DPE_6
pe_23_18                             2670.3180      0.2     2003.0220     667.2960  0.0000  FuseMax2DPE_5
pe_23_19                             2669.6880      0.2     2002.3920     667.2960  0.0000  FuseMax2DPE_4
pe_23_2                              2665.5300      0.2     1997.9820     667.5480  0.0000  FuseMax2DPE_21
pe_23_20                             2679.5160      0.2     2012.0940     667.4220  0.0000  FuseMax2DPE_3
pe_23_21                             2670.6960      0.2     2003.4000     667.2960  0.0000  FuseMax2DPE_2
pe_23_22                             2662.2540      0.2     1994.9580     667.2960  0.0000  FuseMax2DPE_1
pe_23_23                             2674.8540      0.2     2007.5580     667.2960  0.0000  FuseMax2DPE_0
pe_23_3                              2669.1840      0.2     2001.8880     667.2960  0.0000  FuseMax2DPE_20
pe_23_4                              2675.3580      0.2     2008.0620     667.2960  0.0000  FuseMax2DPE_19
pe_23_5                              2671.2000      0.2     2003.5260     667.6740  0.0000  FuseMax2DPE_18
pe_23_6                              2689.5960      0.2     2021.9220     667.6740  0.0000  FuseMax2DPE_17
pe_23_7                              2672.5860      0.2     2004.6600     667.9260  0.0000  FuseMax2DPE_16
pe_23_8                              2680.1460      0.2     2012.8500     667.2960  0.0000  FuseMax2DPE_15
pe_23_9                              2665.2780      0.2     1997.9820     667.2960  0.0000  FuseMax2DPE_14
pe_2_0                               2728.4040      0.2     2063.1240     665.2800  0.0000  FuseMax2DPE_527
pe_2_1                               2720.5920      0.2     2053.2960     667.2960  0.0000  FuseMax2DPE_526
pe_2_10                              2732.8140      0.2     2065.5180     667.2960  0.0000  FuseMax2DPE_517
pe_2_11                              2719.8360      0.2     2052.5400     667.2960  0.0000  FuseMax2DPE_516
pe_2_12                              2729.5380      0.2     2062.2420     667.2960  0.0000  FuseMax2DPE_515
pe_2_13                              2723.7420      0.2     2056.4460     667.2960  0.0000  FuseMax2DPE_514
pe_2_14                              2730.7980      0.2     2063.5020     667.2960  0.0000  FuseMax2DPE_513
pe_2_15                              2719.8360      0.2     2052.5400     667.2960  0.0000  FuseMax2DPE_512
pe_2_16                              2722.1040      0.2     2054.8080     667.2960  0.0000  FuseMax2DPE_511
pe_2_17                              2720.5920      0.2     2053.2960     667.2960  0.0000  FuseMax2DPE_510
pe_2_18                              2724.8760      0.2     2057.5800     667.2960  0.0000  FuseMax2DPE_509
pe_2_19                              2721.8520      0.2     2054.5560     667.2960  0.0000  FuseMax2DPE_508
pe_2_2                               2721.3480      0.2     2054.0520     667.2960  0.0000  FuseMax2DPE_525
pe_2_20                              2719.5840      0.2     2052.2880     667.2960  0.0000  FuseMax2DPE_507
pe_2_21                              2733.9480      0.2     2066.6520     667.2960  0.0000  FuseMax2DPE_506
pe_2_22                              2720.8440      0.2     2053.5480     667.2960  0.0000  FuseMax2DPE_505
pe_2_23                              2719.7100      0.2     2052.4140     667.2960  0.0000  FuseMax2DPE_504
pe_2_3                               2726.0100      0.2     2058.7140     667.2960  0.0000  FuseMax2DPE_524
pe_2_4                               2720.8440      0.2     2053.5480     667.2960  0.0000  FuseMax2DPE_523
pe_2_5                               2720.3400      0.2     2053.0440     667.2960  0.0000  FuseMax2DPE_522
pe_2_6                               2721.8520      0.2     2054.5560     667.2960  0.0000  FuseMax2DPE_521
pe_2_7                               2721.2220      0.2     2053.9260     667.2960  0.0000  FuseMax2DPE_520
pe_2_8                               2726.8920      0.2     2059.5960     667.2960  0.0000  FuseMax2DPE_519
pe_2_9                               2732.9400      0.2     2065.6440     667.2960  0.0000  FuseMax2DPE_518
pe_3_0                               2727.2700      0.2     2061.9900     665.2800  0.0000  FuseMax2DPE_503
pe_3_1                               2722.2300      0.2     2054.9340     667.2960  0.0000  FuseMax2DPE_502
pe_3_10                              2734.2000      0.2     2066.9040     667.2960  0.0000  FuseMax2DPE_493
pe_3_11                              2731.1760      0.2     2063.8800     667.2960  0.0000  FuseMax2DPE_492
pe_3_12                              2721.0960      0.2     2053.8000     667.2960  0.0000  FuseMax2DPE_491
pe_3_13                              2723.9940      0.2     2056.6980     667.2960  0.0000  FuseMax2DPE_490
pe_3_14                              2732.4360      0.2     2065.1400     667.2960  0.0000  FuseMax2DPE_489
pe_3_15                              2721.6000      0.2     2054.3040     667.2960  0.0000  FuseMax2DPE_488
pe_3_16                              2721.8520      0.2     2054.5560     667.2960  0.0000  FuseMax2DPE_487
pe_3_17                              2720.0880      0.2     2052.7920     667.2960  0.0000  FuseMax2DPE_486
pe_3_18                              2731.1760      0.2     2063.8800     667.2960  0.0000  FuseMax2DPE_485
pe_3_19                              2734.5780      0.2     2067.2820     667.2960  0.0000  FuseMax2DPE_484
pe_3_2                               2733.6960      0.2     2066.4000     667.2960  0.0000  FuseMax2DPE_501
pe_3_20                              2721.6000      0.2     2054.3040     667.2960  0.0000  FuseMax2DPE_483
pe_3_21                              2721.4740      0.2     2054.1780     667.2960  0.0000  FuseMax2DPE_482
pe_3_22                              2722.1040      0.2     2054.8080     667.2960  0.0000  FuseMax2DPE_481
pe_3_23                              2721.9780      0.2     2054.6820     667.2960  0.0000  FuseMax2DPE_480
pe_3_3                               2719.8360      0.2     2052.5400     667.2960  0.0000  FuseMax2DPE_500
pe_3_4                               2722.1040      0.2     2054.8080     667.2960  0.0000  FuseMax2DPE_499
pe_3_5                               2721.3480      0.2     2054.0520     667.2960  0.0000  FuseMax2DPE_498
pe_3_6                               2721.4740      0.2     2054.1780     667.2960  0.0000  FuseMax2DPE_497
pe_3_7                               2722.1040      0.2     2054.8080     667.2960  0.0000  FuseMax2DPE_496
pe_3_8                               2721.8520      0.2     2054.5560     667.2960  0.0000  FuseMax2DPE_495
pe_3_9                               2721.3480      0.2     2054.0520     667.2960  0.0000  FuseMax2DPE_494
pe_4_0                               2727.5220      0.2     2062.2420     665.2800  0.0000  FuseMax2DPE_479
pe_4_1                               2720.2140      0.2     2052.9180     667.2960  0.0000  FuseMax2DPE_478
pe_4_10                              2722.8600      0.2     2055.5640     667.2960  0.0000  FuseMax2DPE_469
pe_4_11                              2721.8520      0.2     2054.5560     667.2960  0.0000  FuseMax2DPE_468
pe_4_12                              2721.6000      0.2     2054.3040     667.2960  0.0000  FuseMax2DPE_467
pe_4_13                              2720.0880      0.2     2052.7920     667.2960  0.0000  FuseMax2DPE_466
pe_4_14                              2721.8520      0.2     2054.5560     667.2960  0.0000  FuseMax2DPE_465
pe_4_15                              2721.4740      0.2     2054.1780     667.2960  0.0000  FuseMax2DPE_464
pe_4_16                              2721.3480      0.2     2054.0520     667.2960  0.0000  FuseMax2DPE_463
pe_4_17                              2723.1120      0.2     2055.8160     667.2960  0.0000  FuseMax2DPE_462
pe_4_18                              2729.9160      0.2     2062.6200     667.2960  0.0000  FuseMax2DPE_461
pe_4_19                              2722.6080      0.2     2055.3120     667.2960  0.0000  FuseMax2DPE_460
pe_4_2                               2725.2540      0.2     2057.9580     667.2960  0.0000  FuseMax2DPE_477
pe_4_20                              2719.9620      0.2     2052.6660     667.2960  0.0000  FuseMax2DPE_459
pe_4_21                              2721.7260      0.2     2054.4300     667.2960  0.0000  FuseMax2DPE_458
pe_4_22                              2721.7260      0.2     2054.4300     667.2960  0.0000  FuseMax2DPE_457
pe_4_23                              2719.5840      0.2     2052.2880     667.2960  0.0000  FuseMax2DPE_456
pe_4_3                               2729.5380      0.2     2062.2420     667.2960  0.0000  FuseMax2DPE_476
pe_4_4                               2731.5540      0.2     2064.2580     667.2960  0.0000  FuseMax2DPE_475
pe_4_5                               2721.8520      0.2     2054.5560     667.2960  0.0000  FuseMax2DPE_474
pe_4_6                               2720.0880      0.2     2052.7920     667.2960  0.0000  FuseMax2DPE_473
pe_4_7                               2721.6000      0.2     2054.3040     667.2960  0.0000  FuseMax2DPE_472
pe_4_8                               2722.2300      0.2     2054.9340     667.2960  0.0000  FuseMax2DPE_471
pe_4_9                               2720.9700      0.2     2053.6740     667.2960  0.0000  FuseMax2DPE_470
pe_5_0                               2726.2620      0.2     2060.9820     665.2800  0.0000  FuseMax2DPE_455
pe_5_1                               2731.3020      0.2     2064.0060     667.2960  0.0000  FuseMax2DPE_454
pe_5_10                              2722.2300      0.2     2054.9340     667.2960  0.0000  FuseMax2DPE_445
pe_5_11                              2721.4740      0.2     2054.1780     667.2960  0.0000  FuseMax2DPE_444
pe_5_12                              2722.1040      0.2     2054.8080     667.2960  0.0000  FuseMax2DPE_443
pe_5_13                              2720.9700      0.2     2053.6740     667.2960  0.0000  FuseMax2DPE_442
pe_5_14                              2721.3480      0.2     2054.0520     667.2960  0.0000  FuseMax2DPE_441
pe_5_15                              2722.7340      0.2     2055.4380     667.2960  0.0000  FuseMax2DPE_440
pe_5_16                              2721.8520      0.2     2054.5560     667.2960  0.0000  FuseMax2DPE_439
pe_5_17                              2720.7180      0.2     2053.4220     667.2960  0.0000  FuseMax2DPE_438
pe_5_18                              2722.4820      0.2     2055.1860     667.2960  0.0000  FuseMax2DPE_437
pe_5_19                              2722.3560      0.2     2055.0600     667.2960  0.0000  FuseMax2DPE_436
pe_5_2                               2726.8920      0.2     2059.5960     667.2960  0.0000  FuseMax2DPE_453
pe_5_20                              2721.7260      0.2     2054.4300     667.2960  0.0000  FuseMax2DPE_435
pe_5_21                              2721.0960      0.2     2053.8000     667.2960  0.0000  FuseMax2DPE_434
pe_5_22                              2733.4440      0.2     2066.1480     667.2960  0.0000  FuseMax2DPE_433
pe_5_23                              2719.5840      0.2     2052.2880     667.2960  0.0000  FuseMax2DPE_432
pe_5_3                               2722.4820      0.2     2055.1860     667.2960  0.0000  FuseMax2DPE_452
pe_5_4                               2720.7180      0.2     2053.4220     667.2960  0.0000  FuseMax2DPE_451
pe_5_5                               2722.1040      0.2     2054.8080     667.2960  0.0000  FuseMax2DPE_450
pe_5_6                               2722.2300      0.2     2054.9340     667.2960  0.0000  FuseMax2DPE_449
pe_5_7                               2722.1040      0.2     2054.8080     667.2960  0.0000  FuseMax2DPE_448
pe_5_8                               2720.9700      0.2     2053.6740     667.2960  0.0000  FuseMax2DPE_447
pe_5_9                               2734.4520      0.2     2067.1560     667.2960  0.0000  FuseMax2DPE_446
pe_6_0                               2730.0420      0.2     2064.7620     665.2800  0.0000  FuseMax2DPE_431
pe_6_1                               2723.1120      0.2     2055.8160     667.2960  0.0000  FuseMax2DPE_430
pe_6_10                              2722.4820      0.2     2055.1860     667.2960  0.0000  FuseMax2DPE_421
pe_6_11                              2722.1040      0.2     2054.8080     667.2960  0.0000  FuseMax2DPE_420
pe_6_12                              2721.4740      0.2     2054.1780     667.2960  0.0000  FuseMax2DPE_419
pe_6_13                              2732.3100      0.2     2065.0140     667.2960  0.0000  FuseMax2DPE_418
pe_6_14                              2723.6160      0.2     2056.3200     667.2960  0.0000  FuseMax2DPE_417
pe_6_15                              2720.9700      0.2     2053.6740     667.2960  0.0000  FuseMax2DPE_416
pe_6_16                              2723.4900      0.2     2056.1940     667.2960  0.0000  FuseMax2DPE_415
pe_6_17                              2720.2140      0.2     2052.9180     667.2960  0.0000  FuseMax2DPE_414
pe_6_18                              2721.6000      0.2     2054.3040     667.2960  0.0000  FuseMax2DPE_413
pe_6_19                              2721.8520      0.2     2054.5560     667.2960  0.0000  FuseMax2DPE_412
pe_6_2                               2722.1040      0.2     2054.8080     667.2960  0.0000  FuseMax2DPE_429
pe_6_20                              2721.4740      0.2     2054.1780     667.2960  0.0000  FuseMax2DPE_411
pe_6_21                              2721.7260      0.2     2054.4300     667.2960  0.0000  FuseMax2DPE_410
pe_6_22                              2721.8520      0.2     2054.5560     667.2960  0.0000  FuseMax2DPE_409
pe_6_23                              2719.5840      0.2     2052.2880     667.2960  0.0000  FuseMax2DPE_408
pe_6_3                               2722.1040      0.2     2054.8080     667.2960  0.0000  FuseMax2DPE_428
pe_6_4                               2721.4740      0.2     2054.1780     667.2960  0.0000  FuseMax2DPE_427
pe_6_5                               2732.8140      0.2     2065.5180     667.2960  0.0000  FuseMax2DPE_426
pe_6_6                               2721.7260      0.2     2054.4300     667.2960  0.0000  FuseMax2DPE_425
pe_6_7                               2720.5920      0.2     2053.2960     667.2960  0.0000  FuseMax2DPE_424
pe_6_8                               2720.9700      0.2     2053.6740     667.2960  0.0000  FuseMax2DPE_423
pe_6_9                               2720.0880      0.2     2052.7920     667.2960  0.0000  FuseMax2DPE_422
pe_7_0                               2726.1360      0.2     2060.8560     665.2800  0.0000  FuseMax2DPE_407
pe_7_1                               2722.7340      0.2     2055.4380     667.2960  0.0000  FuseMax2DPE_406
pe_7_10                              2721.7260      0.2     2054.4300     667.2960  0.0000  FuseMax2DPE_397
pe_7_11                              2721.7260      0.2     2054.4300     667.2960  0.0000  FuseMax2DPE_396
pe_7_12                              2721.4740      0.2     2054.1780     667.2960  0.0000  FuseMax2DPE_395
pe_7_13                              2720.3400      0.2     2053.0440     667.2960  0.0000  FuseMax2DPE_394
pe_7_14                              2730.9240      0.2     2063.6280     667.2960  0.0000  FuseMax2DPE_393
pe_7_15                              2719.8360      0.2     2052.5400     667.2960  0.0000  FuseMax2DPE_392
pe_7_16                              2721.2220      0.2     2053.9260     667.2960  0.0000  FuseMax2DPE_391
pe_7_17                              2720.2140      0.2     2052.9180     667.2960  0.0000  FuseMax2DPE_390
pe_7_18                              2721.8520      0.2     2054.5560     667.2960  0.0000  FuseMax2DPE_389
pe_7_19                              2721.8520      0.2     2054.5560     667.2960  0.0000  FuseMax2DPE_388
pe_7_2                               2733.8220      0.2     2066.5260     667.2960  0.0000  FuseMax2DPE_405
pe_7_20                              2721.0960      0.2     2053.8000     667.2960  0.0000  FuseMax2DPE_387
pe_7_21                              2722.3560      0.2     2055.0600     667.2960  0.0000  FuseMax2DPE_386
pe_7_22                              2721.3480      0.2     2054.0520     667.2960  0.0000  FuseMax2DPE_385
pe_7_23                              2719.7100      0.2     2052.4140     667.2960  0.0000  FuseMax2DPE_384
pe_7_3                               2722.2300      0.2     2054.9340     667.2960  0.0000  FuseMax2DPE_404
pe_7_4                               2721.4740      0.2     2054.1780     667.2960  0.0000  FuseMax2DPE_403
pe_7_5                               2720.2140      0.2     2052.9180     667.2960  0.0000  FuseMax2DPE_402
pe_7_6                               2721.7260      0.2     2054.4300     667.2960  0.0000  FuseMax2DPE_401
pe_7_7                               2725.1280      0.2     2057.8320     667.2960  0.0000  FuseMax2DPE_400
pe_7_8                               2722.7340      0.2     2055.4380     667.2960  0.0000  FuseMax2DPE_399
pe_7_9                               2731.9320      0.2     2064.6360     667.2960  0.0000  FuseMax2DPE_398
pe_8_0                               2728.4040      0.2     2063.1240     665.2800  0.0000  FuseMax2DPE_383
pe_8_1                               2733.4440      0.2     2066.1480     667.2960  0.0000  FuseMax2DPE_382
pe_8_10                              2722.1040      0.2     2054.8080     667.2960  0.0000  FuseMax2DPE_373
pe_8_11                              2721.9780      0.2     2054.6820     667.2960  0.0000  FuseMax2DPE_372
pe_8_12                              2721.4740      0.2     2054.1780     667.2960  0.0000  FuseMax2DPE_371
pe_8_13                              2719.8360      0.2     2052.5400     667.2960  0.0000  FuseMax2DPE_370
pe_8_14                              2720.9700      0.2     2053.6740     667.2960  0.0000  FuseMax2DPE_369
pe_8_15                              2732.1840      0.2     2064.8880     667.2960  0.0000  FuseMax2DPE_368
pe_8_16                              2727.3960      0.2     2060.1000     667.2960  0.0000  FuseMax2DPE_367
pe_8_17                              2720.0880      0.2     2052.7920     667.2960  0.0000  FuseMax2DPE_366
pe_8_18                              2722.2300      0.2     2054.9340     667.2960  0.0000  FuseMax2DPE_365
pe_8_19                              2732.8140      0.2     2065.5180     667.2960  0.0000  FuseMax2DPE_364
pe_8_2                               2718.9540      0.2     2051.6580     667.2960  0.0000  FuseMax2DPE_381
pe_8_20                              2721.9780      0.2     2054.6820     667.2960  0.0000  FuseMax2DPE_363
pe_8_21                              2723.3640      0.2     2056.0680     667.2960  0.0000  FuseMax2DPE_362
pe_8_22                              2722.6080      0.2     2055.3120     667.2960  0.0000  FuseMax2DPE_361
pe_8_23                              2721.7260      0.2     2054.4300     667.2960  0.0000  FuseMax2DPE_360
pe_8_3                               2732.8140      0.2     2065.5180     667.2960  0.0000  FuseMax2DPE_380
pe_8_4                               2720.9700      0.2     2053.6740     667.2960  0.0000  FuseMax2DPE_379
pe_8_5                               2721.7260      0.2     2054.4300     667.2960  0.0000  FuseMax2DPE_378
pe_8_6                               2731.9320      0.2     2064.6360     667.2960  0.0000  FuseMax2DPE_377
pe_8_7                               2721.0960      0.2     2053.8000     667.2960  0.0000  FuseMax2DPE_376
pe_8_8                               2732.3100      0.2     2065.0140     667.2960  0.0000  FuseMax2DPE_375
pe_8_9                               2723.9940      0.2     2056.6980     667.2960  0.0000  FuseMax2DPE_374
pe_9_0                               2727.3960      0.2     2062.1160     665.2800  0.0000  FuseMax2DPE_359
pe_9_1                               2721.8520      0.2     2054.5560     667.2960  0.0000  FuseMax2DPE_358
pe_9_10                              2730.9240      0.2     2063.6280     667.2960  0.0000  FuseMax2DPE_349
pe_9_11                              2731.6800      0.2     2064.3840     667.2960  0.0000  FuseMax2DPE_348
pe_9_12                              2722.2300      0.2     2054.9340     667.2960  0.0000  FuseMax2DPE_347
pe_9_13                              2732.9400      0.2     2065.6440     667.2960  0.0000  FuseMax2DPE_346
pe_9_14                              2732.1840      0.2     2064.8880     667.2960  0.0000  FuseMax2DPE_345
pe_9_15                              2731.1760      0.2     2063.8800     667.2960  0.0000  FuseMax2DPE_344
pe_9_16                              2721.9780      0.2     2054.6820     667.2960  0.0000  FuseMax2DPE_343
pe_9_17                              2721.6000      0.2     2054.3040     667.2960  0.0000  FuseMax2DPE_342
pe_9_18                              2732.5620      0.2     2065.2660     667.2960  0.0000  FuseMax2DPE_341
pe_9_19                              2721.6000      0.2     2054.3040     667.2960  0.0000  FuseMax2DPE_340
pe_9_2                               2721.7260      0.2     2054.4300     667.2960  0.0000  FuseMax2DPE_357
pe_9_20                              2720.0880      0.2     2052.7920     667.2960  0.0000  FuseMax2DPE_339
pe_9_21                              2724.4980      0.2     2057.2020     667.2960  0.0000  FuseMax2DPE_338
pe_9_22                              2721.9780      0.2     2054.6820     667.2960  0.0000  FuseMax2DPE_337
pe_9_23                              2721.8520      0.2     2054.5560     667.2960  0.0000  FuseMax2DPE_336
pe_9_3                               2721.2220      0.2     2053.9260     667.2960  0.0000  FuseMax2DPE_356
pe_9_4                               2719.8360      0.2     2052.5400     667.2960  0.0000  FuseMax2DPE_355
pe_9_5                               2731.9320      0.2     2064.6360     667.2960  0.0000  FuseMax2DPE_354
pe_9_6                               2732.6880      0.2     2065.3920     667.2960  0.0000  FuseMax2DPE_353
pe_9_7                               2720.5920      0.2     2053.2960     667.2960  0.0000  FuseMax2DPE_352
pe_9_8                               2725.6320      0.2     2058.3360     667.2960  0.0000  FuseMax2DPE_351
pe_9_9                               2720.3400      0.2     2053.0440     667.2960  0.0000  FuseMax2DPE_350
--------------------------------  ------------  -------  ------------  -----------  ------  ---------------
Total                                                    1183208.5438  384320.4095  0.0000

1
