 
****************************************
Report : power
        -hier
        -analysis_effort low
Design : FuseMax2DArray
Version: V-2023.12
Date   : Tue Apr  7 06:36:13 2026
****************************************


Library(s) Used:

    tcbn28hpcplusbwp30p140ffg0p99v0c_ccs (File: /hpc/Tech/TSMC/digital/N28/digital/Front_End/timing_power_noise/CCS/tcbn28hpcplusbwp30p140_180a/tcbn28hpcplusbwp30p140ffg0p99v0c_ccs.db)


Operating Conditions: ffg0p99v0c   Library: tcbn28hpcplusbwp30p140ffg0p99v0c_ccs
Wire Load Model Mode: segmented

Design        Wire Load Model            Library
------------------------------------------------
FuseMax2DArray         ZeroWireload      tcbn28hpcplusbwp30p140ffg0p99v0c_ccs
FuseMax2DPE_575        ZeroWireload      tcbn28hpcplusbwp30p140ffg0p99v0c_ccs
FuseMax2DPE_552        ZeroWireload      tcbn28hpcplusbwp30p140ffg0p99v0c_ccs
FuseMax2DPE_0          ZeroWireload      tcbn28hpcplusbwp30p140ffg0p99v0c_ccs
FuseMax2DPE_24         ZeroWireload      tcbn28hpcplusbwp30p140ffg0p99v0c_ccs
FuseMax2DPE_48         ZeroWireload      tcbn28hpcplusbwp30p140ffg0p99v0c_ccs
FuseMax2DPE_72         ZeroWireload      tcbn28hpcplusbwp30p140ffg0p99v0c_ccs
FuseMax2DPE_96         ZeroWireload      tcbn28hpcplusbwp30p140ffg0p99v0c_ccs
FuseMax2DPE_120        ZeroWireload      tcbn28hpcplusbwp30p140ffg0p99v0c_ccs
FuseMax2DPE_144        ZeroWireload      tcbn28hpcplusbwp30p140ffg0p99v0c_ccs
FuseMax2DPE_168        ZeroWireload      tcbn28hpcplusbwp30p140ffg0p99v0c_ccs
FuseMax2DPE_192        ZeroWireload      tcbn28hpcplusbwp30p140ffg0p99v0c_ccs
FuseMax2DPE_216        ZeroWireload      tcbn28hpcplusbwp30p140ffg0p99v0c_ccs
FuseMax2DPE_240        ZeroWireload      tcbn28hpcplusbwp30p140ffg0p99v0c_ccs
FuseMax2DPE_264        ZeroWireload      tcbn28hpcplusbwp30p140ffg0p99v0c_ccs
FuseMax2DPE_288        ZeroWireload      tcbn28hpcplusbwp30p140ffg0p99v0c_ccs
FuseMax2DPE_312        ZeroWireload      tcbn28hpcplusbwp30p140ffg0p99v0c_ccs
FuseMax2DPE_336        ZeroWireload      tcbn28hpcplusbwp30p140ffg0p99v0c_ccs
FuseMax2DPE_360        ZeroWireload      tcbn28hpcplusbwp30p140ffg0p99v0c_ccs
FuseMax2DPE_384        ZeroWireload      tcbn28hpcplusbwp30p140ffg0p99v0c_ccs
FuseMax2DPE_408        ZeroWireload      tcbn28hpcplusbwp30p140ffg0p99v0c_ccs
FuseMax2DPE_432        ZeroWireload      tcbn28hpcplusbwp30p140ffg0p99v0c_ccs
FuseMax2DPE_456        ZeroWireload      tcbn28hpcplusbwp30p140ffg0p99v0c_ccs
FuseMax2DPE_480        ZeroWireload      tcbn28hpcplusbwp30p140ffg0p99v0c_ccs
FuseMax2DPE_504        ZeroWireload      tcbn28hpcplusbwp30p140ffg0p99v0c_ccs
FuseMax2DPE_528        ZeroWireload      tcbn28hpcplusbwp30p140ffg0p99v0c_ccs
FuseMax2DPE_1          ZeroWireload      tcbn28hpcplusbwp30p140ffg0p99v0c_ccs
FuseMax2DPE_2          ZeroWireload      tcbn28hpcplusbwp30p140ffg0p99v0c_ccs
FuseMax2DPE_3          ZeroWireload      tcbn28hpcplusbwp30p140ffg0p99v0c_ccs
FuseMax2DPE_4          ZeroWireload      tcbn28hpcplusbwp30p140ffg0p99v0c_ccs
FuseMax2DPE_5          ZeroWireload      tcbn28hpcplusbwp30p140ffg0p99v0c_ccs
FuseMax2DPE_6          ZeroWireload      tcbn28hpcplusbwp30p140ffg0p99v0c_ccs
FuseMax2DPE_7          ZeroWireload      tcbn28hpcplusbwp30p140ffg0p99v0c_ccs
FuseMax2DPE_8          ZeroWireload      tcbn28hpcplusbwp30p140ffg0p99v0c_ccs
FuseMax2DPE_9          ZeroWireload      tcbn28hpcplusbwp30p140ffg0p99v0c_ccs
FuseMax2DPE_10         ZeroWireload      tcbn28hpcplusbwp30p140ffg0p99v0c_ccs
FuseMax2DPE_11         ZeroWireload      tcbn28hpcplusbwp30p140ffg0p99v0c_ccs
FuseMax2DPE_12         ZeroWireload      tcbn28hpcplusbwp30p140ffg0p99v0c_ccs
FuseMax2DPE_13         ZeroWireload      tcbn28hpcplusbwp30p140ffg0p99v0c_ccs
FuseMax2DPE_14         ZeroWireload      tcbn28hpcplusbwp30p140ffg0p99v0c_ccs
FuseMax2DPE_15         ZeroWireload      tcbn28hpcplusbwp30p140ffg0p99v0c_ccs
FuseMax2DPE_16         ZeroWireload      tcbn28hpcplusbwp30p140ffg0p99v0c_ccs
FuseMax2DPE_17         ZeroWireload      tcbn28hpcplusbwp30p140ffg0p99v0c_ccs
FuseMax2DPE_18         ZeroWireload      tcbn28hpcplusbwp30p140ffg0p99v0c_ccs
FuseMax2DPE_19         ZeroWireload      tcbn28hpcplusbwp30p140ffg0p99v0c_ccs
FuseMax2DPE_20         ZeroWireload      tcbn28hpcplusbwp30p140ffg0p99v0c_ccs
FuseMax2DPE_21         ZeroWireload      tcbn28hpcplusbwp30p140ffg0p99v0c_ccs
FuseMax2DPE_22         ZeroWireload      tcbn28hpcplusbwp30p140ffg0p99v0c_ccs
FuseMax2DPE_23         ZeroWireload      tcbn28hpcplusbwp30p140ffg0p99v0c_ccs
FuseMax2DPE_25         ZeroWireload      tcbn28hpcplusbwp30p140ffg0p99v0c_ccs
FuseMax2DPE_26         ZeroWireload      tcbn28hpcplusbwp30p140ffg0p99v0c_ccs
FuseMax2DPE_27         ZeroWireload      tcbn28hpcplusbwp30p140ffg0p99v0c_ccs
FuseMax2DPE_28         ZeroWireload      tcbn28hpcplusbwp30p140ffg0p99v0c_ccs
FuseMax2DPE_29         ZeroWireload      tcbn28hpcplusbwp30p140ffg0p99v0c_ccs
FuseMax2DPE_30         ZeroWireload      tcbn28hpcplusbwp30p140ffg0p99v0c_ccs
FuseMax2DPE_31         ZeroWireload      tcbn28hpcplusbwp30p140ffg0p99v0c_ccs
FuseMax2DPE_32         ZeroWireload      tcbn28hpcplusbwp30p140ffg0p99v0c_ccs
FuseMax2DPE_33         ZeroWireload      tcbn28hpcplusbwp30p140ffg0p99v0c_ccs
FuseMax2DPE_34         ZeroWireload      tcbn28hpcplusbwp30p140ffg0p99v0c_ccs
FuseMax2DPE_35         ZeroWireload      tcbn28hpcplusbwp30p140ffg0p99v0c_ccs
FuseMax2DPE_36         ZeroWireload      tcbn28hpcplusbwp30p140ffg0p99v0c_ccs
FuseMax2DPE_37         ZeroWireload      tcbn28hpcplusbwp30p140ffg0p99v0c_ccs
FuseMax2DPE_38         ZeroWireload      tcbn28hpcplusbwp30p140ffg0p99v0c_ccs
FuseMax2DPE_39         ZeroWireload      tcbn28hpcplusbwp30p140ffg0p99v0c_ccs
FuseMax2DPE_40         ZeroWireload      tcbn28hpcplusbwp30p140ffg0p99v0c_ccs
FuseMax2DPE_41         ZeroWireload      tcbn28hpcplusbwp30p140ffg0p99v0c_ccs
FuseMax2DPE_42         ZeroWireload      tcbn28hpcplusbwp30p140ffg0p99v0c_ccs
FuseMax2DPE_43         ZeroWireload      tcbn28hpcplusbwp30p140ffg0p99v0c_ccs
FuseMax2DPE_44         ZeroWireload      tcbn28hpcplusbwp30p140ffg0p99v0c_ccs
FuseMax2DPE_45         ZeroWireload      tcbn28hpcplusbwp30p140ffg0p99v0c_ccs
FuseMax2DPE_46         ZeroWireload      tcbn28hpcplusbwp30p140ffg0p99v0c_ccs
FuseMax2DPE_47         ZeroWireload      tcbn28hpcplusbwp30p140ffg0p99v0c_ccs
FuseMax2DPE_49         ZeroWireload      tcbn28hpcplusbwp30p140ffg0p99v0c_ccs
FuseMax2DPE_50         ZeroWireload      tcbn28hpcplusbwp30p140ffg0p99v0c_ccs
FuseMax2DPE_51         ZeroWireload      tcbn28hpcplusbwp30p140ffg0p99v0c_ccs
FuseMax2DPE_52         ZeroWireload      tcbn28hpcplusbwp30p140ffg0p99v0c_ccs
FuseMax2DPE_53         ZeroWireload      tcbn28hpcplusbwp30p140ffg0p99v0c_ccs
FuseMax2DPE_54         ZeroWireload      tcbn28hpcplusbwp30p140ffg0p99v0c_ccs
FuseMax2DPE_55         ZeroWireload      tcbn28hpcplusbwp30p140ffg0p99v0c_ccs
FuseMax2DPE_56         ZeroWireload      tcbn28hpcplusbwp30p140ffg0p99v0c_ccs
FuseMax2DPE_57         ZeroWireload      tcbn28hpcplusbwp30p140ffg0p99v0c_ccs
FuseMax2DPE_58         ZeroWireload      tcbn28hpcplusbwp30p140ffg0p99v0c_ccs
FuseMax2DPE_59         ZeroWireload      tcbn28hpcplusbwp30p140ffg0p99v0c_ccs
FuseMax2DPE_60         ZeroWireload      tcbn28hpcplusbwp30p140ffg0p99v0c_ccs
FuseMax2DPE_61         ZeroWireload      tcbn28hpcplusbwp30p140ffg0p99v0c_ccs
FuseMax2DPE_62         ZeroWireload      tcbn28hpcplusbwp30p140ffg0p99v0c_ccs
FuseMax2DPE_63         ZeroWireload      tcbn28hpcplusbwp30p140ffg0p99v0c_ccs
FuseMax2DPE_64         ZeroWireload      tcbn28hpcplusbwp30p140ffg0p99v0c_ccs
FuseMax2DPE_65         ZeroWireload      tcbn28hpcplusbwp30p140ffg0p99v0c_ccs
FuseMax2DPE_66         ZeroWireload      tcbn28hpcplusbwp30p140ffg0p99v0c_ccs
FuseMax2DPE_67         ZeroWireload      tcbn28hpcplusbwp30p140ffg0p99v0c_ccs
FuseMax2DPE_68         ZeroWireload      tcbn28hpcplusbwp30p140ffg0p99v0c_ccs
FuseMax2DPE_69         ZeroWireload      tcbn28hpcplusbwp30p140ffg0p99v0c_ccs
FuseMax2DPE_70         ZeroWireload      tcbn28hpcplusbwp30p140ffg0p99v0c_ccs
FuseMax2DPE_71         ZeroWireload      tcbn28hpcplusbwp30p140ffg0p99v0c_ccs
FuseMax2DPE_73         ZeroWireload      tcbn28hpcplusbwp30p140ffg0p99v0c_ccs
FuseMax2DPE_74         ZeroWireload      tcbn28hpcplusbwp30p140ffg0p99v0c_ccs
FuseMax2DPE_75         ZeroWireload      tcbn28hpcplusbwp30p140ffg0p99v0c_ccs
FuseMax2DPE_76         ZeroWireload      tcbn28hpcplusbwp30p140ffg0p99v0c_ccs
FuseMax2DPE_77         ZeroWireload      tcbn28hpcplusbwp30p140ffg0p99v0c_ccs
FuseMax2DPE_78         ZeroWireload      tcbn28hpcplusbwp30p140ffg0p99v0c_ccs
FuseMax2DPE_79         ZeroWireload      tcbn28hpcplusbwp30p140ffg0p99v0c_ccs
FuseMax2DPE_80         ZeroWireload      tcbn28hpcplusbwp30p140ffg0p99v0c_ccs
FuseMax2DPE_81         ZeroWireload      tcbn28hpcplusbwp30p140ffg0p99v0c_ccs
FuseMax2DPE_82         ZeroWireload      tcbn28hpcplusbwp30p140ffg0p99v0c_ccs
FuseMax2DPE_83         ZeroWireload      tcbn28hpcplusbwp30p140ffg0p99v0c_ccs
FuseMax2DPE_84         ZeroWireload      tcbn28hpcplusbwp30p140ffg0p99v0c_ccs
FuseMax2DPE_85         ZeroWireload      tcbn28hpcplusbwp30p140ffg0p99v0c_ccs
FuseMax2DPE_86         ZeroWireload      tcbn28hpcplusbwp30p140ffg0p99v0c_ccs
FuseMax2DPE_87         ZeroWireload      tcbn28hpcplusbwp30p140ffg0p99v0c_ccs
FuseMax2DPE_88         ZeroWireload      tcbn28hpcplusbwp30p140ffg0p99v0c_ccs
FuseMax2DPE_89         ZeroWireload      tcbn28hpcplusbwp30p140ffg0p99v0c_ccs
FuseMax2DPE_90         ZeroWireload      tcbn28hpcplusbwp30p140ffg0p99v0c_ccs
FuseMax2DPE_91         ZeroWireload      tcbn28hpcplusbwp30p140ffg0p99v0c_ccs
FuseMax2DPE_92         ZeroWireload      tcbn28hpcplusbwp30p140ffg0p99v0c_ccs
FuseMax2DPE_93         ZeroWireload      tcbn28hpcplusbwp30p140ffg0p99v0c_ccs
FuseMax2DPE_94         ZeroWireload      tcbn28hpcplusbwp30p140ffg0p99v0c_ccs
FuseMax2DPE_95         ZeroWireload      tcbn28hpcplusbwp30p140ffg0p99v0c_ccs
FuseMax2DPE_97         ZeroWireload      tcbn28hpcplusbwp30p140ffg0p99v0c_ccs
FuseMax2DPE_98         ZeroWireload      tcbn28hpcplusbwp30p140ffg0p99v0c_ccs
FuseMax2DPE_99         ZeroWireload      tcbn28hpcplusbwp30p140ffg0p99v0c_ccs
FuseMax2DPE_100        ZeroWireload      tcbn28hpcplusbwp30p140ffg0p99v0c_ccs
FuseMax2DPE_101        ZeroWireload      tcbn28hpcplusbwp30p140ffg0p99v0c_ccs
FuseMax2DPE_102        ZeroWireload      tcbn28hpcplusbwp30p140ffg0p99v0c_ccs
FuseMax2DPE_103        ZeroWireload      tcbn28hpcplusbwp30p140ffg0p99v0c_ccs
FuseMax2DPE_104        ZeroWireload      tcbn28hpcplusbwp30p140ffg0p99v0c_ccs
FuseMax2DPE_105        ZeroWireload      tcbn28hpcplusbwp30p140ffg0p99v0c_ccs
FuseMax2DPE_106        ZeroWireload      tcbn28hpcplusbwp30p140ffg0p99v0c_ccs
FuseMax2DPE_107        ZeroWireload      tcbn28hpcplusbwp30p140ffg0p99v0c_ccs
FuseMax2DPE_108        ZeroWireload      tcbn28hpcplusbwp30p140ffg0p99v0c_ccs
FuseMax2DPE_109        ZeroWireload      tcbn28hpcplusbwp30p140ffg0p99v0c_ccs
FuseMax2DPE_110        ZeroWireload      tcbn28hpcplusbwp30p140ffg0p99v0c_ccs
FuseMax2DPE_111        ZeroWireload      tcbn28hpcplusbwp30p140ffg0p99v0c_ccs
FuseMax2DPE_112        ZeroWireload      tcbn28hpcplusbwp30p140ffg0p99v0c_ccs
FuseMax2DPE_113        ZeroWireload      tcbn28hpcplusbwp30p140ffg0p99v0c_ccs
FuseMax2DPE_114        ZeroWireload      tcbn28hpcplusbwp30p140ffg0p99v0c_ccs
FuseMax2DPE_115        ZeroWireload      tcbn28hpcplusbwp30p140ffg0p99v0c_ccs
FuseMax2DPE_116        ZeroWireload      tcbn28hpcplusbwp30p140ffg0p99v0c_ccs
FuseMax2DPE_117        ZeroWireload      tcbn28hpcplusbwp30p140ffg0p99v0c_ccs
FuseMax2DPE_118        ZeroWireload      tcbn28hpcplusbwp30p140ffg0p99v0c_ccs
FuseMax2DPE_119        ZeroWireload      tcbn28hpcplusbwp30p140ffg0p99v0c_ccs
FuseMax2DPE_121        ZeroWireload      tcbn28hpcplusbwp30p140ffg0p99v0c_ccs
FuseMax2DPE_122        ZeroWireload      tcbn28hpcplusbwp30p140ffg0p99v0c_ccs
FuseMax2DPE_123        ZeroWireload      tcbn28hpcplusbwp30p140ffg0p99v0c_ccs
FuseMax2DPE_124        ZeroWireload      tcbn28hpcplusbwp30p140ffg0p99v0c_ccs
FuseMax2DPE_125        ZeroWireload      tcbn28hpcplusbwp30p140ffg0p99v0c_ccs
FuseMax2DPE_126        ZeroWireload      tcbn28hpcplusbwp30p140ffg0p99v0c_ccs
FuseMax2DPE_127        ZeroWireload      tcbn28hpcplusbwp30p140ffg0p99v0c_ccs
FuseMax2DPE_128        ZeroWireload      tcbn28hpcplusbwp30p140ffg0p99v0c_ccs
FuseMax2DPE_129        ZeroWireload      tcbn28hpcplusbwp30p140ffg0p99v0c_ccs
FuseMax2DPE_130        ZeroWireload      tcbn28hpcplusbwp30p140ffg0p99v0c_ccs
FuseMax2DPE_131        ZeroWireload      tcbn28hpcplusbwp30p140ffg0p99v0c_ccs
FuseMax2DPE_132        ZeroWireload      tcbn28hpcplusbwp30p140ffg0p99v0c_ccs
FuseMax2DPE_133        ZeroWireload      tcbn28hpcplusbwp30p140ffg0p99v0c_ccs
FuseMax2DPE_134        ZeroWireload      tcbn28hpcplusbwp30p140ffg0p99v0c_ccs
FuseMax2DPE_135        ZeroWireload      tcbn28hpcplusbwp30p140ffg0p99v0c_ccs
FuseMax2DPE_136        ZeroWireload      tcbn28hpcplusbwp30p140ffg0p99v0c_ccs
FuseMax2DPE_137        ZeroWireload      tcbn28hpcplusbwp30p140ffg0p99v0c_ccs
FuseMax2DPE_138        ZeroWireload      tcbn28hpcplusbwp30p140ffg0p99v0c_ccs
FuseMax2DPE_139        ZeroWireload      tcbn28hpcplusbwp30p140ffg0p99v0c_ccs
FuseMax2DPE_140        ZeroWireload      tcbn28hpcplusbwp30p140ffg0p99v0c_ccs
FuseMax2DPE_141        ZeroWireload      tcbn28hpcplusbwp30p140ffg0p99v0c_ccs
FuseMax2DPE_142        ZeroWireload      tcbn28hpcplusbwp30p140ffg0p99v0c_ccs
FuseMax2DPE_143        ZeroWireload      tcbn28hpcplusbwp30p140ffg0p99v0c_ccs
FuseMax2DPE_145        ZeroWireload      tcbn28hpcplusbwp30p140ffg0p99v0c_ccs
FuseMax2DPE_146        ZeroWireload      tcbn28hpcplusbwp30p140ffg0p99v0c_ccs
FuseMax2DPE_147        ZeroWireload      tcbn28hpcplusbwp30p140ffg0p99v0c_ccs
FuseMax2DPE_148        ZeroWireload      tcbn28hpcplusbwp30p140ffg0p99v0c_ccs
FuseMax2DPE_149        ZeroWireload      tcbn28hpcplusbwp30p140ffg0p99v0c_ccs
FuseMax2DPE_150        ZeroWireload      tcbn28hpcplusbwp30p140ffg0p99v0c_ccs
FuseMax2DPE_151        ZeroWireload      tcbn28hpcplusbwp30p140ffg0p99v0c_ccs
FuseMax2DPE_152        ZeroWireload      tcbn28hpcplusbwp30p140ffg0p99v0c_ccs
FuseMax2DPE_153        ZeroWireload      tcbn28hpcplusbwp30p140ffg0p99v0c_ccs
FuseMax2DPE_154        ZeroWireload      tcbn28hpcplusbwp30p140ffg0p99v0c_ccs
FuseMax2DPE_155        ZeroWireload      tcbn28hpcplusbwp30p140ffg0p99v0c_ccs
FuseMax2DPE_156        ZeroWireload      tcbn28hpcplusbwp30p140ffg0p99v0c_ccs
FuseMax2DPE_157        ZeroWireload      tcbn28hpcplusbwp30p140ffg0p99v0c_ccs
FuseMax2DPE_158        ZeroWireload      tcbn28hpcplusbwp30p140ffg0p99v0c_ccs
FuseMax2DPE_159        ZeroWireload      tcbn28hpcplusbwp30p140ffg0p99v0c_ccs
FuseMax2DPE_160        ZeroWireload      tcbn28hpcplusbwp30p140ffg0p99v0c_ccs
FuseMax2DPE_161        ZeroWireload      tcbn28hpcplusbwp30p140ffg0p99v0c_ccs
FuseMax2DPE_162        ZeroWireload      tcbn28hpcplusbwp30p140ffg0p99v0c_ccs
FuseMax2DPE_163        ZeroWireload      tcbn28hpcplusbwp30p140ffg0p99v0c_ccs
FuseMax2DPE_164        ZeroWireload      tcbn28hpcplusbwp30p140ffg0p99v0c_ccs
FuseMax2DPE_165        ZeroWireload      tcbn28hpcplusbwp30p140ffg0p99v0c_ccs
FuseMax2DPE_166        ZeroWireload      tcbn28hpcplusbwp30p140ffg0p99v0c_ccs
FuseMax2DPE_167        ZeroWireload      tcbn28hpcplusbwp30p140ffg0p99v0c_ccs
FuseMax2DPE_169        ZeroWireload      tcbn28hpcplusbwp30p140ffg0p99v0c_ccs
FuseMax2DPE_170        ZeroWireload      tcbn28hpcplusbwp30p140ffg0p99v0c_ccs
FuseMax2DPE_171        ZeroWireload      tcbn28hpcplusbwp30p140ffg0p99v0c_ccs
FuseMax2DPE_172        ZeroWireload      tcbn28hpcplusbwp30p140ffg0p99v0c_ccs
FuseMax2DPE_173        ZeroWireload      tcbn28hpcplusbwp30p140ffg0p99v0c_ccs
FuseMax2DPE_174        ZeroWireload      tcbn28hpcplusbwp30p140ffg0p99v0c_ccs
FuseMax2DPE_175        ZeroWireload      tcbn28hpcplusbwp30p140ffg0p99v0c_ccs
FuseMax2DPE_176        ZeroWireload      tcbn28hpcplusbwp30p140ffg0p99v0c_ccs
FuseMax2DPE_177        ZeroWireload      tcbn28hpcplusbwp30p140ffg0p99v0c_ccs
FuseMax2DPE_178        ZeroWireload      tcbn28hpcplusbwp30p140ffg0p99v0c_ccs
FuseMax2DPE_179        ZeroWireload      tcbn28hpcplusbwp30p140ffg0p99v0c_ccs
FuseMax2DPE_180        ZeroWireload      tcbn28hpcplusbwp30p140ffg0p99v0c_ccs
FuseMax2DPE_181        ZeroWireload      tcbn28hpcplusbwp30p140ffg0p99v0c_ccs
FuseMax2DPE_182        ZeroWireload      tcbn28hpcplusbwp30p140ffg0p99v0c_ccs
FuseMax2DPE_183        ZeroWireload      tcbn28hpcplusbwp30p140ffg0p99v0c_ccs
FuseMax2DPE_184        ZeroWireload      tcbn28hpcplusbwp30p140ffg0p99v0c_ccs
FuseMax2DPE_185        ZeroWireload      tcbn28hpcplusbwp30p140ffg0p99v0c_ccs
FuseMax2DPE_186        ZeroWireload      tcbn28hpcplusbwp30p140ffg0p99v0c_ccs
FuseMax2DPE_187        ZeroWireload      tcbn28hpcplusbwp30p140ffg0p99v0c_ccs
FuseMax2DPE_188        ZeroWireload      tcbn28hpcplusbwp30p140ffg0p99v0c_ccs
FuseMax2DPE_189        ZeroWireload      tcbn28hpcplusbwp30p140ffg0p99v0c_ccs
FuseMax2DPE_190        ZeroWireload      tcbn28hpcplusbwp30p140ffg0p99v0c_ccs
FuseMax2DPE_191        ZeroWireload      tcbn28hpcplusbwp30p140ffg0p99v0c_ccs
FuseMax2DPE_193        ZeroWireload      tcbn28hpcplusbwp30p140ffg0p99v0c_ccs
FuseMax2DPE_194        ZeroWireload      tcbn28hpcplusbwp30p140ffg0p99v0c_ccs
FuseMax2DPE_195        ZeroWireload      tcbn28hpcplusbwp30p140ffg0p99v0c_ccs
FuseMax2DPE_196        ZeroWireload      tcbn28hpcplusbwp30p140ffg0p99v0c_ccs
FuseMax2DPE_197        ZeroWireload      tcbn28hpcplusbwp30p140ffg0p99v0c_ccs
FuseMax2DPE_198        ZeroWireload      tcbn28hpcplusbwp30p140ffg0p99v0c_ccs
FuseMax2DPE_199        ZeroWireload      tcbn28hpcplusbwp30p140ffg0p99v0c_ccs
FuseMax2DPE_200        ZeroWireload      tcbn28hpcplusbwp30p140ffg0p99v0c_ccs
FuseMax2DPE_201        ZeroWireload      tcbn28hpcplusbwp30p140ffg0p99v0c_ccs
FuseMax2DPE_202        ZeroWireload      tcbn28hpcplusbwp30p140ffg0p99v0c_ccs
FuseMax2DPE_203        ZeroWireload      tcbn28hpcplusbwp30p140ffg0p99v0c_ccs
FuseMax2DPE_204        ZeroWireload      tcbn28hpcplusbwp30p140ffg0p99v0c_ccs
FuseMax2DPE_205        ZeroWireload      tcbn28hpcplusbwp30p140ffg0p99v0c_ccs
FuseMax2DPE_206        ZeroWireload      tcbn28hpcplusbwp30p140ffg0p99v0c_ccs
FuseMax2DPE_207        ZeroWireload      tcbn28hpcplusbwp30p140ffg0p99v0c_ccs
FuseMax2DPE_208        ZeroWireload      tcbn28hpcplusbwp30p140ffg0p99v0c_ccs
FuseMax2DPE_209        ZeroWireload      tcbn28hpcplusbwp30p140ffg0p99v0c_ccs
FuseMax2DPE_210        ZeroWireload      tcbn28hpcplusbwp30p140ffg0p99v0c_ccs
FuseMax2DPE_211        ZeroWireload      tcbn28hpcplusbwp30p140ffg0p99v0c_ccs
FuseMax2DPE_212        ZeroWireload      tcbn28hpcplusbwp30p140ffg0p99v0c_ccs
FuseMax2DPE_213        ZeroWireload      tcbn28hpcplusbwp30p140ffg0p99v0c_ccs
FuseMax2DPE_214        ZeroWireload      tcbn28hpcplusbwp30p140ffg0p99v0c_ccs
FuseMax2DPE_215        ZeroWireload      tcbn28hpcplusbwp30p140ffg0p99v0c_ccs
FuseMax2DPE_217        ZeroWireload      tcbn28hpcplusbwp30p140ffg0p99v0c_ccs
FuseMax2DPE_218        ZeroWireload      tcbn28hpcplusbwp30p140ffg0p99v0c_ccs
FuseMax2DPE_219        ZeroWireload      tcbn28hpcplusbwp30p140ffg0p99v0c_ccs
FuseMax2DPE_220        ZeroWireload      tcbn28hpcplusbwp30p140ffg0p99v0c_ccs
FuseMax2DPE_221        ZeroWireload      tcbn28hpcplusbwp30p140ffg0p99v0c_ccs
FuseMax2DPE_222        ZeroWireload      tcbn28hpcplusbwp30p140ffg0p99v0c_ccs
FuseMax2DPE_223        ZeroWireload      tcbn28hpcplusbwp30p140ffg0p99v0c_ccs
FuseMax2DPE_224        ZeroWireload      tcbn28hpcplusbwp30p140ffg0p99v0c_ccs
FuseMax2DPE_225        ZeroWireload      tcbn28hpcplusbwp30p140ffg0p99v0c_ccs
FuseMax2DPE_226        ZeroWireload      tcbn28hpcplusbwp30p140ffg0p99v0c_ccs
FuseMax2DPE_227        ZeroWireload      tcbn28hpcplusbwp30p140ffg0p99v0c_ccs
FuseMax2DPE_228        ZeroWireload      tcbn28hpcplusbwp30p140ffg0p99v0c_ccs
FuseMax2DPE_229        ZeroWireload      tcbn28hpcplusbwp30p140ffg0p99v0c_ccs
FuseMax2DPE_230        ZeroWireload      tcbn28hpcplusbwp30p140ffg0p99v0c_ccs
FuseMax2DPE_231        ZeroWireload      tcbn28hpcplusbwp30p140ffg0p99v0c_ccs
FuseMax2DPE_232        ZeroWireload      tcbn28hpcplusbwp30p140ffg0p99v0c_ccs
FuseMax2DPE_233        ZeroWireload      tcbn28hpcplusbwp30p140ffg0p99v0c_ccs
FuseMax2DPE_234        ZeroWireload      tcbn28hpcplusbwp30p140ffg0p99v0c_ccs
FuseMax2DPE_235        ZeroWireload      tcbn28hpcplusbwp30p140ffg0p99v0c_ccs
FuseMax2DPE_236        ZeroWireload      tcbn28hpcplusbwp30p140ffg0p99v0c_ccs
FuseMax2DPE_237        ZeroWireload      tcbn28hpcplusbwp30p140ffg0p99v0c_ccs
FuseMax2DPE_238        ZeroWireload      tcbn28hpcplusbwp30p140ffg0p99v0c_ccs
FuseMax2DPE_239        ZeroWireload      tcbn28hpcplusbwp30p140ffg0p99v0c_ccs
FuseMax2DPE_241        ZeroWireload      tcbn28hpcplusbwp30p140ffg0p99v0c_ccs
FuseMax2DPE_242        ZeroWireload      tcbn28hpcplusbwp30p140ffg0p99v0c_ccs
FuseMax2DPE_243        ZeroWireload      tcbn28hpcplusbwp30p140ffg0p99v0c_ccs
FuseMax2DPE_244        ZeroWireload      tcbn28hpcplusbwp30p140ffg0p99v0c_ccs
FuseMax2DPE_245        ZeroWireload      tcbn28hpcplusbwp30p140ffg0p99v0c_ccs
FuseMax2DPE_246        ZeroWireload      tcbn28hpcplusbwp30p140ffg0p99v0c_ccs
FuseMax2DPE_247        ZeroWireload      tcbn28hpcplusbwp30p140ffg0p99v0c_ccs
FuseMax2DPE_248        ZeroWireload      tcbn28hpcplusbwp30p140ffg0p99v0c_ccs
FuseMax2DPE_249        ZeroWireload      tcbn28hpcplusbwp30p140ffg0p99v0c_ccs
FuseMax2DPE_250        ZeroWireload      tcbn28hpcplusbwp30p140ffg0p99v0c_ccs
FuseMax2DPE_251        ZeroWireload      tcbn28hpcplusbwp30p140ffg0p99v0c_ccs
FuseMax2DPE_252        ZeroWireload      tcbn28hpcplusbwp30p140ffg0p99v0c_ccs
FuseMax2DPE_253        ZeroWireload      tcbn28hpcplusbwp30p140ffg0p99v0c_ccs
FuseMax2DPE_254        ZeroWireload      tcbn28hpcplusbwp30p140ffg0p99v0c_ccs
FuseMax2DPE_255        ZeroWireload      tcbn28hpcplusbwp30p140ffg0p99v0c_ccs
FuseMax2DPE_256        ZeroWireload      tcbn28hpcplusbwp30p140ffg0p99v0c_ccs
FuseMax2DPE_257        ZeroWireload      tcbn28hpcplusbwp30p140ffg0p99v0c_ccs
FuseMax2DPE_258        ZeroWireload      tcbn28hpcplusbwp30p140ffg0p99v0c_ccs
FuseMax2DPE_259        ZeroWireload      tcbn28hpcplusbwp30p140ffg0p99v0c_ccs
FuseMax2DPE_260        ZeroWireload      tcbn28hpcplusbwp30p140ffg0p99v0c_ccs
FuseMax2DPE_261        ZeroWireload      tcbn28hpcplusbwp30p140ffg0p99v0c_ccs
FuseMax2DPE_262        ZeroWireload      tcbn28hpcplusbwp30p140ffg0p99v0c_ccs
FuseMax2DPE_263        ZeroWireload      tcbn28hpcplusbwp30p140ffg0p99v0c_ccs
FuseMax2DPE_265        ZeroWireload      tcbn28hpcplusbwp30p140ffg0p99v0c_ccs
FuseMax2DPE_266        ZeroWireload      tcbn28hpcplusbwp30p140ffg0p99v0c_ccs
FuseMax2DPE_267        ZeroWireload      tcbn28hpcplusbwp30p140ffg0p99v0c_ccs
FuseMax2DPE_268        ZeroWireload      tcbn28hpcplusbwp30p140ffg0p99v0c_ccs
FuseMax2DPE_269        ZeroWireload      tcbn28hpcplusbwp30p140ffg0p99v0c_ccs
FuseMax2DPE_270        ZeroWireload      tcbn28hpcplusbwp30p140ffg0p99v0c_ccs
FuseMax2DPE_271        ZeroWireload      tcbn28hpcplusbwp30p140ffg0p99v0c_ccs
FuseMax2DPE_272        ZeroWireload      tcbn28hpcplusbwp30p140ffg0p99v0c_ccs
FuseMax2DPE_273        ZeroWireload      tcbn28hpcplusbwp30p140ffg0p99v0c_ccs
FuseMax2DPE_274        ZeroWireload      tcbn28hpcplusbwp30p140ffg0p99v0c_ccs
FuseMax2DPE_275        ZeroWireload      tcbn28hpcplusbwp30p140ffg0p99v0c_ccs
FuseMax2DPE_276        ZeroWireload      tcbn28hpcplusbwp30p140ffg0p99v0c_ccs
FuseMax2DPE_277        ZeroWireload      tcbn28hpcplusbwp30p140ffg0p99v0c_ccs
FuseMax2DPE_278        ZeroWireload      tcbn28hpcplusbwp30p140ffg0p99v0c_ccs
FuseMax2DPE_279        ZeroWireload      tcbn28hpcplusbwp30p140ffg0p99v0c_ccs
FuseMax2DPE_280        ZeroWireload      tcbn28hpcplusbwp30p140ffg0p99v0c_ccs
FuseMax2DPE_281        ZeroWireload      tcbn28hpcplusbwp30p140ffg0p99v0c_ccs
FuseMax2DPE_282        ZeroWireload      tcbn28hpcplusbwp30p140ffg0p99v0c_ccs
FuseMax2DPE_283        ZeroWireload      tcbn28hpcplusbwp30p140ffg0p99v0c_ccs
FuseMax2DPE_284        ZeroWireload      tcbn28hpcplusbwp30p140ffg0p99v0c_ccs
FuseMax2DPE_285        ZeroWireload      tcbn28hpcplusbwp30p140ffg0p99v0c_ccs
FuseMax2DPE_286        ZeroWireload      tcbn28hpcplusbwp30p140ffg0p99v0c_ccs
FuseMax2DPE_287        ZeroWireload      tcbn28hpcplusbwp30p140ffg0p99v0c_ccs
FuseMax2DPE_289        ZeroWireload      tcbn28hpcplusbwp30p140ffg0p99v0c_ccs
FuseMax2DPE_290        ZeroWireload      tcbn28hpcplusbwp30p140ffg0p99v0c_ccs
FuseMax2DPE_291        ZeroWireload      tcbn28hpcplusbwp30p140ffg0p99v0c_ccs
FuseMax2DPE_292        ZeroWireload      tcbn28hpcplusbwp30p140ffg0p99v0c_ccs
FuseMax2DPE_293        ZeroWireload      tcbn28hpcplusbwp30p140ffg0p99v0c_ccs
FuseMax2DPE_294        ZeroWireload      tcbn28hpcplusbwp30p140ffg0p99v0c_ccs
FuseMax2DPE_295        ZeroWireload      tcbn28hpcplusbwp30p140ffg0p99v0c_ccs
FuseMax2DPE_296        ZeroWireload      tcbn28hpcplusbwp30p140ffg0p99v0c_ccs
FuseMax2DPE_297        ZeroWireload      tcbn28hpcplusbwp30p140ffg0p99v0c_ccs
FuseMax2DPE_298        ZeroWireload      tcbn28hpcplusbwp30p140ffg0p99v0c_ccs
FuseMax2DPE_299        ZeroWireload      tcbn28hpcplusbwp30p140ffg0p99v0c_ccs
FuseMax2DPE_300        ZeroWireload      tcbn28hpcplusbwp30p140ffg0p99v0c_ccs
FuseMax2DPE_301        ZeroWireload      tcbn28hpcplusbwp30p140ffg0p99v0c_ccs
FuseMax2DPE_302        ZeroWireload      tcbn28hpcplusbwp30p140ffg0p99v0c_ccs
FuseMax2DPE_303        ZeroWireload      tcbn28hpcplusbwp30p140ffg0p99v0c_ccs
FuseMax2DPE_304        ZeroWireload      tcbn28hpcplusbwp30p140ffg0p99v0c_ccs
FuseMax2DPE_305        ZeroWireload      tcbn28hpcplusbwp30p140ffg0p99v0c_ccs
FuseMax2DPE_306        ZeroWireload      tcbn28hpcplusbwp30p140ffg0p99v0c_ccs
FuseMax2DPE_307        ZeroWireload      tcbn28hpcplusbwp30p140ffg0p99v0c_ccs
FuseMax2DPE_308        ZeroWireload      tcbn28hpcplusbwp30p140ffg0p99v0c_ccs
FuseMax2DPE_309        ZeroWireload      tcbn28hpcplusbwp30p140ffg0p99v0c_ccs
FuseMax2DPE_310        ZeroWireload      tcbn28hpcplusbwp30p140ffg0p99v0c_ccs
FuseMax2DPE_311        ZeroWireload      tcbn28hpcplusbwp30p140ffg0p99v0c_ccs
FuseMax2DPE_313        ZeroWireload      tcbn28hpcplusbwp30p140ffg0p99v0c_ccs
FuseMax2DPE_314        ZeroWireload      tcbn28hpcplusbwp30p140ffg0p99v0c_ccs
FuseMax2DPE_315        ZeroWireload      tcbn28hpcplusbwp30p140ffg0p99v0c_ccs
FuseMax2DPE_316        ZeroWireload      tcbn28hpcplusbwp30p140ffg0p99v0c_ccs
FuseMax2DPE_317        ZeroWireload      tcbn28hpcplusbwp30p140ffg0p99v0c_ccs
FuseMax2DPE_318        ZeroWireload      tcbn28hpcplusbwp30p140ffg0p99v0c_ccs
FuseMax2DPE_319        ZeroWireload      tcbn28hpcplusbwp30p140ffg0p99v0c_ccs
FuseMax2DPE_320        ZeroWireload      tcbn28hpcplusbwp30p140ffg0p99v0c_ccs
FuseMax2DPE_321        ZeroWireload      tcbn28hpcplusbwp30p140ffg0p99v0c_ccs
FuseMax2DPE_322        ZeroWireload      tcbn28hpcplusbwp30p140ffg0p99v0c_ccs
FuseMax2DPE_323        ZeroWireload      tcbn28hpcplusbwp30p140ffg0p99v0c_ccs
FuseMax2DPE_324        ZeroWireload      tcbn28hpcplusbwp30p140ffg0p99v0c_ccs
FuseMax2DPE_325        ZeroWireload      tcbn28hpcplusbwp30p140ffg0p99v0c_ccs
FuseMax2DPE_326        ZeroWireload      tcbn28hpcplusbwp30p140ffg0p99v0c_ccs
FuseMax2DPE_327        ZeroWireload      tcbn28hpcplusbwp30p140ffg0p99v0c_ccs
FuseMax2DPE_328        ZeroWireload      tcbn28hpcplusbwp30p140ffg0p99v0c_ccs
FuseMax2DPE_329        ZeroWireload      tcbn28hpcplusbwp30p140ffg0p99v0c_ccs
FuseMax2DPE_330        ZeroWireload      tcbn28hpcplusbwp30p140ffg0p99v0c_ccs
FuseMax2DPE_331        ZeroWireload      tcbn28hpcplusbwp30p140ffg0p99v0c_ccs
FuseMax2DPE_332        ZeroWireload      tcbn28hpcplusbwp30p140ffg0p99v0c_ccs
FuseMax2DPE_333        ZeroWireload      tcbn28hpcplusbwp30p140ffg0p99v0c_ccs
FuseMax2DPE_334        ZeroWireload      tcbn28hpcplusbwp30p140ffg0p99v0c_ccs
FuseMax2DPE_335        ZeroWireload      tcbn28hpcplusbwp30p140ffg0p99v0c_ccs
FuseMax2DPE_337        ZeroWireload      tcbn28hpcplusbwp30p140ffg0p99v0c_ccs
FuseMax2DPE_338        ZeroWireload      tcbn28hpcplusbwp30p140ffg0p99v0c_ccs
FuseMax2DPE_339        ZeroWireload      tcbn28hpcplusbwp30p140ffg0p99v0c_ccs
FuseMax2DPE_340        ZeroWireload      tcbn28hpcplusbwp30p140ffg0p99v0c_ccs
FuseMax2DPE_341        ZeroWireload      tcbn28hpcplusbwp30p140ffg0p99v0c_ccs
FuseMax2DPE_342        ZeroWireload      tcbn28hpcplusbwp30p140ffg0p99v0c_ccs
FuseMax2DPE_343        ZeroWireload      tcbn28hpcplusbwp30p140ffg0p99v0c_ccs
FuseMax2DPE_344        ZeroWireload      tcbn28hpcplusbwp30p140ffg0p99v0c_ccs
FuseMax2DPE_345        ZeroWireload      tcbn28hpcplusbwp30p140ffg0p99v0c_ccs
FuseMax2DPE_346        ZeroWireload      tcbn28hpcplusbwp30p140ffg0p99v0c_ccs
FuseMax2DPE_347        ZeroWireload      tcbn28hpcplusbwp30p140ffg0p99v0c_ccs
FuseMax2DPE_348        ZeroWireload      tcbn28hpcplusbwp30p140ffg0p99v0c_ccs
FuseMax2DPE_349        ZeroWireload      tcbn28hpcplusbwp30p140ffg0p99v0c_ccs
FuseMax2DPE_350        ZeroWireload      tcbn28hpcplusbwp30p140ffg0p99v0c_ccs
FuseMax2DPE_351        ZeroWireload      tcbn28hpcplusbwp30p140ffg0p99v0c_ccs
FuseMax2DPE_352        ZeroWireload      tcbn28hpcplusbwp30p140ffg0p99v0c_ccs
FuseMax2DPE_353        ZeroWireload      tcbn28hpcplusbwp30p140ffg0p99v0c_ccs
FuseMax2DPE_354        ZeroWireload      tcbn28hpcplusbwp30p140ffg0p99v0c_ccs
FuseMax2DPE_355        ZeroWireload      tcbn28hpcplusbwp30p140ffg0p99v0c_ccs
FuseMax2DPE_356        ZeroWireload      tcbn28hpcplusbwp30p140ffg0p99v0c_ccs
FuseMax2DPE_357        ZeroWireload      tcbn28hpcplusbwp30p140ffg0p99v0c_ccs
FuseMax2DPE_358        ZeroWireload      tcbn28hpcplusbwp30p140ffg0p99v0c_ccs
FuseMax2DPE_359        ZeroWireload      tcbn28hpcplusbwp30p140ffg0p99v0c_ccs
FuseMax2DPE_361        ZeroWireload      tcbn28hpcplusbwp30p140ffg0p99v0c_ccs
FuseMax2DPE_362        ZeroWireload      tcbn28hpcplusbwp30p140ffg0p99v0c_ccs
FuseMax2DPE_363        ZeroWireload      tcbn28hpcplusbwp30p140ffg0p99v0c_ccs
FuseMax2DPE_364        ZeroWireload      tcbn28hpcplusbwp30p140ffg0p99v0c_ccs
FuseMax2DPE_365        ZeroWireload      tcbn28hpcplusbwp30p140ffg0p99v0c_ccs
FuseMax2DPE_366        ZeroWireload      tcbn28hpcplusbwp30p140ffg0p99v0c_ccs
FuseMax2DPE_367        ZeroWireload      tcbn28hpcplusbwp30p140ffg0p99v0c_ccs
FuseMax2DPE_368        ZeroWireload      tcbn28hpcplusbwp30p140ffg0p99v0c_ccs
FuseMax2DPE_369        ZeroWireload      tcbn28hpcplusbwp30p140ffg0p99v0c_ccs
FuseMax2DPE_370        ZeroWireload      tcbn28hpcplusbwp30p140ffg0p99v0c_ccs
FuseMax2DPE_371        ZeroWireload      tcbn28hpcplusbwp30p140ffg0p99v0c_ccs
FuseMax2DPE_372        ZeroWireload      tcbn28hpcplusbwp30p140ffg0p99v0c_ccs
FuseMax2DPE_373        ZeroWireload      tcbn28hpcplusbwp30p140ffg0p99v0c_ccs
FuseMax2DPE_374        ZeroWireload      tcbn28hpcplusbwp30p140ffg0p99v0c_ccs
FuseMax2DPE_375        ZeroWireload      tcbn28hpcplusbwp30p140ffg0p99v0c_ccs
FuseMax2DPE_376        ZeroWireload      tcbn28hpcplusbwp30p140ffg0p99v0c_ccs
FuseMax2DPE_377        ZeroWireload      tcbn28hpcplusbwp30p140ffg0p99v0c_ccs
FuseMax2DPE_378        ZeroWireload      tcbn28hpcplusbwp30p140ffg0p99v0c_ccs
FuseMax2DPE_379        ZeroWireload      tcbn28hpcplusbwp30p140ffg0p99v0c_ccs
FuseMax2DPE_380        ZeroWireload      tcbn28hpcplusbwp30p140ffg0p99v0c_ccs
FuseMax2DPE_381        ZeroWireload      tcbn28hpcplusbwp30p140ffg0p99v0c_ccs
FuseMax2DPE_382        ZeroWireload      tcbn28hpcplusbwp30p140ffg0p99v0c_ccs
FuseMax2DPE_383        ZeroWireload      tcbn28hpcplusbwp30p140ffg0p99v0c_ccs
FuseMax2DPE_385        ZeroWireload      tcbn28hpcplusbwp30p140ffg0p99v0c_ccs
FuseMax2DPE_386        ZeroWireload      tcbn28hpcplusbwp30p140ffg0p99v0c_ccs
FuseMax2DPE_387        ZeroWireload      tcbn28hpcplusbwp30p140ffg0p99v0c_ccs
FuseMax2DPE_388        ZeroWireload      tcbn28hpcplusbwp30p140ffg0p99v0c_ccs
FuseMax2DPE_389        ZeroWireload      tcbn28hpcplusbwp30p140ffg0p99v0c_ccs
FuseMax2DPE_390        ZeroWireload      tcbn28hpcplusbwp30p140ffg0p99v0c_ccs
FuseMax2DPE_391        ZeroWireload      tcbn28hpcplusbwp30p140ffg0p99v0c_ccs
FuseMax2DPE_392        ZeroWireload      tcbn28hpcplusbwp30p140ffg0p99v0c_ccs
FuseMax2DPE_393        ZeroWireload      tcbn28hpcplusbwp30p140ffg0p99v0c_ccs
FuseMax2DPE_394        ZeroWireload      tcbn28hpcplusbwp30p140ffg0p99v0c_ccs
FuseMax2DPE_395        ZeroWireload      tcbn28hpcplusbwp30p140ffg0p99v0c_ccs
FuseMax2DPE_396        ZeroWireload      tcbn28hpcplusbwp30p140ffg0p99v0c_ccs
FuseMax2DPE_397        ZeroWireload      tcbn28hpcplusbwp30p140ffg0p99v0c_ccs
FuseMax2DPE_398        ZeroWireload      tcbn28hpcplusbwp30p140ffg0p99v0c_ccs
FuseMax2DPE_399        ZeroWireload      tcbn28hpcplusbwp30p140ffg0p99v0c_ccs
FuseMax2DPE_400        ZeroWireload      tcbn28hpcplusbwp30p140ffg0p99v0c_ccs
FuseMax2DPE_401        ZeroWireload      tcbn28hpcplusbwp30p140ffg0p99v0c_ccs
FuseMax2DPE_402        ZeroWireload      tcbn28hpcplusbwp30p140ffg0p99v0c_ccs
FuseMax2DPE_403        ZeroWireload      tcbn28hpcplusbwp30p140ffg0p99v0c_ccs
FuseMax2DPE_404        ZeroWireload      tcbn28hpcplusbwp30p140ffg0p99v0c_ccs
FuseMax2DPE_405        ZeroWireload      tcbn28hpcplusbwp30p140ffg0p99v0c_ccs
FuseMax2DPE_406        ZeroWireload      tcbn28hpcplusbwp30p140ffg0p99v0c_ccs
FuseMax2DPE_407        ZeroWireload      tcbn28hpcplusbwp30p140ffg0p99v0c_ccs
FuseMax2DPE_409        ZeroWireload      tcbn28hpcplusbwp30p140ffg0p99v0c_ccs
FuseMax2DPE_410        ZeroWireload      tcbn28hpcplusbwp30p140ffg0p99v0c_ccs
FuseMax2DPE_411        ZeroWireload      tcbn28hpcplusbwp30p140ffg0p99v0c_ccs
FuseMax2DPE_412        ZeroWireload      tcbn28hpcplusbwp30p140ffg0p99v0c_ccs
FuseMax2DPE_413        ZeroWireload      tcbn28hpcplusbwp30p140ffg0p99v0c_ccs
FuseMax2DPE_414        ZeroWireload      tcbn28hpcplusbwp30p140ffg0p99v0c_ccs
FuseMax2DPE_415        ZeroWireload      tcbn28hpcplusbwp30p140ffg0p99v0c_ccs
FuseMax2DPE_416        ZeroWireload      tcbn28hpcplusbwp30p140ffg0p99v0c_ccs
FuseMax2DPE_417        ZeroWireload      tcbn28hpcplusbwp30p140ffg0p99v0c_ccs
FuseMax2DPE_418        ZeroWireload      tcbn28hpcplusbwp30p140ffg0p99v0c_ccs
FuseMax2DPE_419        ZeroWireload      tcbn28hpcplusbwp30p140ffg0p99v0c_ccs
FuseMax2DPE_420        ZeroWireload      tcbn28hpcplusbwp30p140ffg0p99v0c_ccs
FuseMax2DPE_421        ZeroWireload      tcbn28hpcplusbwp30p140ffg0p99v0c_ccs
FuseMax2DPE_422        ZeroWireload      tcbn28hpcplusbwp30p140ffg0p99v0c_ccs
FuseMax2DPE_423        ZeroWireload      tcbn28hpcplusbwp30p140ffg0p99v0c_ccs
FuseMax2DPE_424        ZeroWireload      tcbn28hpcplusbwp30p140ffg0p99v0c_ccs
FuseMax2DPE_425        ZeroWireload      tcbn28hpcplusbwp30p140ffg0p99v0c_ccs
FuseMax2DPE_426        ZeroWireload      tcbn28hpcplusbwp30p140ffg0p99v0c_ccs
FuseMax2DPE_427        ZeroWireload      tcbn28hpcplusbwp30p140ffg0p99v0c_ccs
FuseMax2DPE_428        ZeroWireload      tcbn28hpcplusbwp30p140ffg0p99v0c_ccs
FuseMax2DPE_429        ZeroWireload      tcbn28hpcplusbwp30p140ffg0p99v0c_ccs
FuseMax2DPE_430        ZeroWireload      tcbn28hpcplusbwp30p140ffg0p99v0c_ccs
FuseMax2DPE_431        ZeroWireload      tcbn28hpcplusbwp30p140ffg0p99v0c_ccs
FuseMax2DPE_433        ZeroWireload      tcbn28hpcplusbwp30p140ffg0p99v0c_ccs
FuseMax2DPE_434        ZeroWireload      tcbn28hpcplusbwp30p140ffg0p99v0c_ccs
FuseMax2DPE_435        ZeroWireload      tcbn28hpcplusbwp30p140ffg0p99v0c_ccs
FuseMax2DPE_436        ZeroWireload      tcbn28hpcplusbwp30p140ffg0p99v0c_ccs
FuseMax2DPE_437        ZeroWireload      tcbn28hpcplusbwp30p140ffg0p99v0c_ccs
FuseMax2DPE_438        ZeroWireload      tcbn28hpcplusbwp30p140ffg0p99v0c_ccs
FuseMax2DPE_439        ZeroWireload      tcbn28hpcplusbwp30p140ffg0p99v0c_ccs
FuseMax2DPE_440        ZeroWireload      tcbn28hpcplusbwp30p140ffg0p99v0c_ccs
FuseMax2DPE_441        ZeroWireload      tcbn28hpcplusbwp30p140ffg0p99v0c_ccs
FuseMax2DPE_442        ZeroWireload      tcbn28hpcplusbwp30p140ffg0p99v0c_ccs
FuseMax2DPE_443        ZeroWireload      tcbn28hpcplusbwp30p140ffg0p99v0c_ccs
FuseMax2DPE_444        ZeroWireload      tcbn28hpcplusbwp30p140ffg0p99v0c_ccs
FuseMax2DPE_445        ZeroWireload      tcbn28hpcplusbwp30p140ffg0p99v0c_ccs
FuseMax2DPE_446        ZeroWireload      tcbn28hpcplusbwp30p140ffg0p99v0c_ccs
FuseMax2DPE_447        ZeroWireload      tcbn28hpcplusbwp30p140ffg0p99v0c_ccs
FuseMax2DPE_448        ZeroWireload      tcbn28hpcplusbwp30p140ffg0p99v0c_ccs
FuseMax2DPE_449        ZeroWireload      tcbn28hpcplusbwp30p140ffg0p99v0c_ccs
FuseMax2DPE_450        ZeroWireload      tcbn28hpcplusbwp30p140ffg0p99v0c_ccs
FuseMax2DPE_451        ZeroWireload      tcbn28hpcplusbwp30p140ffg0p99v0c_ccs
FuseMax2DPE_452        ZeroWireload      tcbn28hpcplusbwp30p140ffg0p99v0c_ccs
FuseMax2DPE_453        ZeroWireload      tcbn28hpcplusbwp30p140ffg0p99v0c_ccs
FuseMax2DPE_454        ZeroWireload      tcbn28hpcplusbwp30p140ffg0p99v0c_ccs
FuseMax2DPE_455        ZeroWireload      tcbn28hpcplusbwp30p140ffg0p99v0c_ccs
FuseMax2DPE_457        ZeroWireload      tcbn28hpcplusbwp30p140ffg0p99v0c_ccs
FuseMax2DPE_458        ZeroWireload      tcbn28hpcplusbwp30p140ffg0p99v0c_ccs
FuseMax2DPE_459        ZeroWireload      tcbn28hpcplusbwp30p140ffg0p99v0c_ccs
FuseMax2DPE_460        ZeroWireload      tcbn28hpcplusbwp30p140ffg0p99v0c_ccs
FuseMax2DPE_461        ZeroWireload      tcbn28hpcplusbwp30p140ffg0p99v0c_ccs
FuseMax2DPE_462        ZeroWireload      tcbn28hpcplusbwp30p140ffg0p99v0c_ccs
FuseMax2DPE_463        ZeroWireload      tcbn28hpcplusbwp30p140ffg0p99v0c_ccs
FuseMax2DPE_464        ZeroWireload      tcbn28hpcplusbwp30p140ffg0p99v0c_ccs
FuseMax2DPE_465        ZeroWireload      tcbn28hpcplusbwp30p140ffg0p99v0c_ccs
FuseMax2DPE_466        ZeroWireload      tcbn28hpcplusbwp30p140ffg0p99v0c_ccs
FuseMax2DPE_467        ZeroWireload      tcbn28hpcplusbwp30p140ffg0p99v0c_ccs
FuseMax2DPE_468        ZeroWireload      tcbn28hpcplusbwp30p140ffg0p99v0c_ccs
FuseMax2DPE_469        ZeroWireload      tcbn28hpcplusbwp30p140ffg0p99v0c_ccs
FuseMax2DPE_470        ZeroWireload      tcbn28hpcplusbwp30p140ffg0p99v0c_ccs
FuseMax2DPE_471        ZeroWireload      tcbn28hpcplusbwp30p140ffg0p99v0c_ccs
FuseMax2DPE_472        ZeroWireload      tcbn28hpcplusbwp30p140ffg0p99v0c_ccs
FuseMax2DPE_473        ZeroWireload      tcbn28hpcplusbwp30p140ffg0p99v0c_ccs
FuseMax2DPE_474        ZeroWireload      tcbn28hpcplusbwp30p140ffg0p99v0c_ccs
FuseMax2DPE_475        ZeroWireload      tcbn28hpcplusbwp30p140ffg0p99v0c_ccs
FuseMax2DPE_476        ZeroWireload      tcbn28hpcplusbwp30p140ffg0p99v0c_ccs
FuseMax2DPE_477        ZeroWireload      tcbn28hpcplusbwp30p140ffg0p99v0c_ccs
FuseMax2DPE_478        ZeroWireload      tcbn28hpcplusbwp30p140ffg0p99v0c_ccs
FuseMax2DPE_479        ZeroWireload      tcbn28hpcplusbwp30p140ffg0p99v0c_ccs
FuseMax2DPE_481        ZeroWireload      tcbn28hpcplusbwp30p140ffg0p99v0c_ccs
FuseMax2DPE_482        ZeroWireload      tcbn28hpcplusbwp30p140ffg0p99v0c_ccs
FuseMax2DPE_483        ZeroWireload      tcbn28hpcplusbwp30p140ffg0p99v0c_ccs
FuseMax2DPE_484        ZeroWireload      tcbn28hpcplusbwp30p140ffg0p99v0c_ccs
FuseMax2DPE_485        ZeroWireload      tcbn28hpcplusbwp30p140ffg0p99v0c_ccs
FuseMax2DPE_486        ZeroWireload      tcbn28hpcplusbwp30p140ffg0p99v0c_ccs
FuseMax2DPE_487        ZeroWireload      tcbn28hpcplusbwp30p140ffg0p99v0c_ccs
FuseMax2DPE_488        ZeroWireload      tcbn28hpcplusbwp30p140ffg0p99v0c_ccs
FuseMax2DPE_489        ZeroWireload      tcbn28hpcplusbwp30p140ffg0p99v0c_ccs
FuseMax2DPE_490        ZeroWireload      tcbn28hpcplusbwp30p140ffg0p99v0c_ccs
FuseMax2DPE_491        ZeroWireload      tcbn28hpcplusbwp30p140ffg0p99v0c_ccs
FuseMax2DPE_492        ZeroWireload      tcbn28hpcplusbwp30p140ffg0p99v0c_ccs
FuseMax2DPE_493        ZeroWireload      tcbn28hpcplusbwp30p140ffg0p99v0c_ccs
FuseMax2DPE_494        ZeroWireload      tcbn28hpcplusbwp30p140ffg0p99v0c_ccs
FuseMax2DPE_495        ZeroWireload      tcbn28hpcplusbwp30p140ffg0p99v0c_ccs
FuseMax2DPE_496        ZeroWireload      tcbn28hpcplusbwp30p140ffg0p99v0c_ccs
FuseMax2DPE_497        ZeroWireload      tcbn28hpcplusbwp30p140ffg0p99v0c_ccs
FuseMax2DPE_498        ZeroWireload      tcbn28hpcplusbwp30p140ffg0p99v0c_ccs
FuseMax2DPE_499        ZeroWireload      tcbn28hpcplusbwp30p140ffg0p99v0c_ccs
FuseMax2DPE_500        ZeroWireload      tcbn28hpcplusbwp30p140ffg0p99v0c_ccs
FuseMax2DPE_501        ZeroWireload      tcbn28hpcplusbwp30p140ffg0p99v0c_ccs
FuseMax2DPE_502        ZeroWireload      tcbn28hpcplusbwp30p140ffg0p99v0c_ccs
FuseMax2DPE_503        ZeroWireload      tcbn28hpcplusbwp30p140ffg0p99v0c_ccs
FuseMax2DPE_505        ZeroWireload      tcbn28hpcplusbwp30p140ffg0p99v0c_ccs
FuseMax2DPE_506        ZeroWireload      tcbn28hpcplusbwp30p140ffg0p99v0c_ccs
FuseMax2DPE_507        ZeroWireload      tcbn28hpcplusbwp30p140ffg0p99v0c_ccs
FuseMax2DPE_508        ZeroWireload      tcbn28hpcplusbwp30p140ffg0p99v0c_ccs
FuseMax2DPE_509        ZeroWireload      tcbn28hpcplusbwp30p140ffg0p99v0c_ccs
FuseMax2DPE_510        ZeroWireload      tcbn28hpcplusbwp30p140ffg0p99v0c_ccs
FuseMax2DPE_511        ZeroWireload      tcbn28hpcplusbwp30p140ffg0p99v0c_ccs
FuseMax2DPE_512        ZeroWireload      tcbn28hpcplusbwp30p140ffg0p99v0c_ccs
FuseMax2DPE_513        ZeroWireload      tcbn28hpcplusbwp30p140ffg0p99v0c_ccs
FuseMax2DPE_514        ZeroWireload      tcbn28hpcplusbwp30p140ffg0p99v0c_ccs
FuseMax2DPE_515        ZeroWireload      tcbn28hpcplusbwp30p140ffg0p99v0c_ccs
FuseMax2DPE_516        ZeroWireload      tcbn28hpcplusbwp30p140ffg0p99v0c_ccs
FuseMax2DPE_517        ZeroWireload      tcbn28hpcplusbwp30p140ffg0p99v0c_ccs
FuseMax2DPE_518        ZeroWireload      tcbn28hpcplusbwp30p140ffg0p99v0c_ccs
FuseMax2DPE_519        ZeroWireload      tcbn28hpcplusbwp30p140ffg0p99v0c_ccs
FuseMax2DPE_520        ZeroWireload      tcbn28hpcplusbwp30p140ffg0p99v0c_ccs
FuseMax2DPE_521        ZeroWireload      tcbn28hpcplusbwp30p140ffg0p99v0c_ccs
FuseMax2DPE_522        ZeroWireload      tcbn28hpcplusbwp30p140ffg0p99v0c_ccs
FuseMax2DPE_523        ZeroWireload      tcbn28hpcplusbwp30p140ffg0p99v0c_ccs
FuseMax2DPE_524        ZeroWireload      tcbn28hpcplusbwp30p140ffg0p99v0c_ccs
FuseMax2DPE_525        ZeroWireload      tcbn28hpcplusbwp30p140ffg0p99v0c_ccs
FuseMax2DPE_526        ZeroWireload      tcbn28hpcplusbwp30p140ffg0p99v0c_ccs
FuseMax2DPE_527        ZeroWireload      tcbn28hpcplusbwp30p140ffg0p99v0c_ccs
FuseMax2DPE_529        ZeroWireload      tcbn28hpcplusbwp30p140ffg0p99v0c_ccs
FuseMax2DPE_530        ZeroWireload      tcbn28hpcplusbwp30p140ffg0p99v0c_ccs
FuseMax2DPE_531        ZeroWireload      tcbn28hpcplusbwp30p140ffg0p99v0c_ccs
FuseMax2DPE_532        ZeroWireload      tcbn28hpcplusbwp30p140ffg0p99v0c_ccs
FuseMax2DPE_533        ZeroWireload      tcbn28hpcplusbwp30p140ffg0p99v0c_ccs
FuseMax2DPE_534        ZeroWireload      tcbn28hpcplusbwp30p140ffg0p99v0c_ccs
FuseMax2DPE_535        ZeroWireload      tcbn28hpcplusbwp30p140ffg0p99v0c_ccs
FuseMax2DPE_536        ZeroWireload      tcbn28hpcplusbwp30p140ffg0p99v0c_ccs
FuseMax2DPE_537        ZeroWireload      tcbn28hpcplusbwp30p140ffg0p99v0c_ccs
FuseMax2DPE_538        ZeroWireload      tcbn28hpcplusbwp30p140ffg0p99v0c_ccs
FuseMax2DPE_539        ZeroWireload      tcbn28hpcplusbwp30p140ffg0p99v0c_ccs
FuseMax2DPE_540        ZeroWireload      tcbn28hpcplusbwp30p140ffg0p99v0c_ccs
FuseMax2DPE_541        ZeroWireload      tcbn28hpcplusbwp30p140ffg0p99v0c_ccs
FuseMax2DPE_542        ZeroWireload      tcbn28hpcplusbwp30p140ffg0p99v0c_ccs
FuseMax2DPE_543        ZeroWireload      tcbn28hpcplusbwp30p140ffg0p99v0c_ccs
FuseMax2DPE_544        ZeroWireload      tcbn28hpcplusbwp30p140ffg0p99v0c_ccs
FuseMax2DPE_545        ZeroWireload      tcbn28hpcplusbwp30p140ffg0p99v0c_ccs
FuseMax2DPE_546        ZeroWireload      tcbn28hpcplusbwp30p140ffg0p99v0c_ccs
FuseMax2DPE_547        ZeroWireload      tcbn28hpcplusbwp30p140ffg0p99v0c_ccs
FuseMax2DPE_548        ZeroWireload      tcbn28hpcplusbwp30p140ffg0p99v0c_ccs
FuseMax2DPE_549        ZeroWireload      tcbn28hpcplusbwp30p140ffg0p99v0c_ccs
FuseMax2DPE_550        ZeroWireload      tcbn28hpcplusbwp30p140ffg0p99v0c_ccs
FuseMax2DPE_551        ZeroWireload      tcbn28hpcplusbwp30p140ffg0p99v0c_ccs
FuseMax2DPE_553        ZeroWireload      tcbn28hpcplusbwp30p140ffg0p99v0c_ccs
FuseMax2DPE_554        ZeroWireload      tcbn28hpcplusbwp30p140ffg0p99v0c_ccs
FuseMax2DPE_555        ZeroWireload      tcbn28hpcplusbwp30p140ffg0p99v0c_ccs
FuseMax2DPE_556        ZeroWireload      tcbn28hpcplusbwp30p140ffg0p99v0c_ccs
FuseMax2DPE_557        ZeroWireload      tcbn28hpcplusbwp30p140ffg0p99v0c_ccs
FuseMax2DPE_558        ZeroWireload      tcbn28hpcplusbwp30p140ffg0p99v0c_ccs
FuseMax2DPE_559        ZeroWireload      tcbn28hpcplusbwp30p140ffg0p99v0c_ccs
FuseMax2DPE_560        ZeroWireload      tcbn28hpcplusbwp30p140ffg0p99v0c_ccs
FuseMax2DPE_561        ZeroWireload      tcbn28hpcplusbwp30p140ffg0p99v0c_ccs
FuseMax2DPE_562        ZeroWireload      tcbn28hpcplusbwp30p140ffg0p99v0c_ccs
FuseMax2DPE_563        ZeroWireload      tcbn28hpcplusbwp30p140ffg0p99v0c_ccs
FuseMax2DPE_564        ZeroWireload      tcbn28hpcplusbwp30p140ffg0p99v0c_ccs
FuseMax2DPE_565        ZeroWireload      tcbn28hpcplusbwp30p140ffg0p99v0c_ccs
FuseMax2DPE_566        ZeroWireload      tcbn28hpcplusbwp30p140ffg0p99v0c_ccs
FuseMax2DPE_567        ZeroWireload      tcbn28hpcplusbwp30p140ffg0p99v0c_ccs
FuseMax2DPE_568        ZeroWireload      tcbn28hpcplusbwp30p140ffg0p99v0c_ccs
FuseMax2DPE_569        ZeroWireload      tcbn28hpcplusbwp30p140ffg0p99v0c_ccs
FuseMax2DPE_570        ZeroWireload      tcbn28hpcplusbwp30p140ffg0p99v0c_ccs
FuseMax2DPE_571        ZeroWireload      tcbn28hpcplusbwp30p140ffg0p99v0c_ccs
FuseMax2DPE_572        ZeroWireload      tcbn28hpcplusbwp30p140ffg0p99v0c_ccs
FuseMax2DPE_573        ZeroWireload      tcbn28hpcplusbwp30p140ffg0p99v0c_ccs
FuseMax2DPE_574        ZeroWireload      tcbn28hpcplusbwp30p140ffg0p99v0c_ccs


Global Operating Voltage = 0.99 
Power-specific unit information :
    Voltage Units = 1V
    Capacitance Units = 1.000000pf
    Time Units = 1ns
    Dynamic Power Units = 1mW    (derived from V,C,T units)
    Leakage Power Units = 1nW


--------------------------------------------------------------------------------
                                       Switch   Int      Leak     Total
Hierarchy                              Power    Power    Power    Power    %
--------------------------------------------------------------------------------
FuseMax2DArray                           57.504  796.486 6.67e+06  860.658 100.0
  pe_23_23 (FuseMax2DPE_0)             9.66e-02    1.374 9.87e+03    1.480   0.2
  pe_23_22 (FuseMax2DPE_1)             9.58e-02    1.373 9.80e+03    1.479   0.2
  pe_23_21 (FuseMax2DPE_2)             9.56e-02    1.376 9.83e+03    1.481   0.2
  pe_23_20 (FuseMax2DPE_3)             9.58e-02    1.374 9.95e+03    1.480   0.2
  pe_23_19 (FuseMax2DPE_4)             9.63e-02    1.374 9.86e+03    1.480   0.2
  pe_23_18 (FuseMax2DPE_5)             9.74e-02    1.374 9.83e+03    1.481   0.2
  pe_23_17 (FuseMax2DPE_6)             9.96e-02    1.376 9.81e+03    1.485   0.2
  pe_23_16 (FuseMax2DPE_7)             9.71e-02    1.375 9.87e+03    1.482   0.2
  pe_23_15 (FuseMax2DPE_8)             9.76e-02    1.376 9.91e+03    1.483   0.2
  pe_23_14 (FuseMax2DPE_9)             9.49e-02    1.373 9.85e+03    1.477   0.2
  pe_23_13 (FuseMax2DPE_10)            9.91e-02    1.377 9.90e+03    1.486   0.2
  pe_23_12 (FuseMax2DPE_11)            9.60e-02    1.372 9.84e+03    1.478   0.2
  pe_23_11 (FuseMax2DPE_12)            9.86e-02    1.377 9.88e+03    1.485   0.2
  pe_23_10 (FuseMax2DPE_13)            9.30e-02    1.371 9.85e+03    1.474   0.2
  pe_23_9 (FuseMax2DPE_14)             9.53e-02    1.373 9.79e+03    1.478   0.2
  pe_23_8 (FuseMax2DPE_15)             9.80e-02    1.376 9.89e+03    1.484   0.2
  pe_23_7 (FuseMax2DPE_16)             9.64e-02    1.374 9.84e+03    1.480   0.2
  pe_23_6 (FuseMax2DPE_17)             9.87e-02    1.377 9.98e+03    1.486   0.2
  pe_23_5 (FuseMax2DPE_18)             9.56e-02    1.373 9.86e+03    1.479   0.2
  pe_23_4 (FuseMax2DPE_19)                0.100    1.376 9.86e+03    1.486   0.2
  pe_23_3 (FuseMax2DPE_20)             9.62e-02    1.374 9.87e+03    1.480   0.2
  pe_23_2 (FuseMax2DPE_21)             9.68e-02    1.374 9.81e+03    1.480   0.2
  pe_23_1 (FuseMax2DPE_22)             9.76e-02    1.378 9.92e+03    1.486   0.2
  pe_23_0 (FuseMax2DPE_23)             9.73e-02    1.377 9.98e+03    1.484   0.2
  pe_22_23 (FuseMax2DPE_24)            9.75e-02    1.380 1.17e+04    1.489   0.2
  pe_22_22 (FuseMax2DPE_25)            9.63e-02    1.378 1.16e+04    1.486   0.2
  pe_22_21 (FuseMax2DPE_26)            9.89e-02    1.381 1.16e+04    1.492   0.2
  pe_22_20 (FuseMax2DPE_27)               0.101    1.383 1.16e+04    1.495   0.2
  pe_22_19 (FuseMax2DPE_28)            9.70e-02    1.379 1.16e+04    1.487   0.2
  pe_22_18 (FuseMax2DPE_29)            9.72e-02    1.379 1.16e+04    1.488   0.2
  pe_22_17 (FuseMax2DPE_30)            9.57e-02    1.377 1.16e+04    1.484   0.2
  pe_22_16 (FuseMax2DPE_31)            9.75e-02    1.380 1.16e+04    1.489   0.2
  pe_22_15 (FuseMax2DPE_32)               0.100    1.382 1.16e+04    1.494   0.2
  pe_22_14 (FuseMax2DPE_33)            9.64e-02    1.378 1.16e+04    1.486   0.2
  pe_22_13 (FuseMax2DPE_34)            9.63e-02    1.379 1.16e+04    1.486   0.2
  pe_22_12 (FuseMax2DPE_35)            9.72e-02    1.379 1.17e+04    1.488   0.2
  pe_22_11 (FuseMax2DPE_36)            9.74e-02    1.380 1.17e+04    1.489   0.2
  pe_22_10 (FuseMax2DPE_37)            9.70e-02    1.379 1.16e+04    1.487   0.2
  pe_22_9 (FuseMax2DPE_38)             9.55e-02    1.377 1.17e+04    1.485   0.2
  pe_22_8 (FuseMax2DPE_39)             9.63e-02    1.379 1.16e+04    1.487   0.2
  pe_22_7 (FuseMax2DPE_40)             9.56e-02    1.377 1.17e+04    1.485   0.2
  pe_22_6 (FuseMax2DPE_41)             9.69e-02    1.380 1.17e+04    1.488   0.2
  pe_22_5 (FuseMax2DPE_42)             9.75e-02    1.380 1.16e+04    1.489   0.2
  pe_22_4 (FuseMax2DPE_43)             9.94e-02    1.381 1.16e+04    1.492   0.2
  pe_22_3 (FuseMax2DPE_44)             9.91e-02    1.382 1.16e+04    1.493   0.2
  pe_22_2 (FuseMax2DPE_45)                0.102    1.383 1.16e+04    1.497   0.2
  pe_22_1 (FuseMax2DPE_46)             9.85e-02    1.381 1.16e+04    1.491   0.2
  pe_22_0 (FuseMax2DPE_47)             9.69e-02    1.381 1.16e+04    1.489   0.2
  pe_21_23 (FuseMax2DPE_48)            9.71e-02    1.379 1.17e+04    1.488   0.2
  pe_21_22 (FuseMax2DPE_49)            9.71e-02    1.378 1.17e+04    1.487   0.2
  pe_21_21 (FuseMax2DPE_50)            9.73e-02    1.380 1.17e+04    1.489   0.2
  pe_21_20 (FuseMax2DPE_51)            9.79e-02    1.380 1.16e+04    1.489   0.2
  pe_21_19 (FuseMax2DPE_52)            1.00e-01    1.383 1.16e+04    1.494   0.2
  pe_21_18 (FuseMax2DPE_53)               0.100    1.383 1.17e+04    1.494   0.2
  pe_21_17 (FuseMax2DPE_54)            9.32e-02    1.374 1.16e+04    1.479   0.2
  pe_21_16 (FuseMax2DPE_55)            9.79e-02    1.380 1.17e+04    1.489   0.2
  pe_21_15 (FuseMax2DPE_56)            9.81e-02    1.380 1.16e+04    1.490   0.2
  pe_21_14 (FuseMax2DPE_57)            9.86e-02    1.381 1.16e+04    1.491   0.2
  pe_21_13 (FuseMax2DPE_58)            9.63e-02    1.377 1.16e+04    1.485   0.2
  pe_21_12 (FuseMax2DPE_59)            9.76e-02    1.380 1.17e+04    1.489   0.2
  pe_21_11 (FuseMax2DPE_60)            9.91e-02    1.381 1.16e+04    1.492   0.2
  pe_21_10 (FuseMax2DPE_61)            9.48e-02    1.377 1.16e+04    1.484   0.2
  pe_21_9 (FuseMax2DPE_62)             9.98e-02    1.382 1.17e+04    1.493   0.2
  pe_21_8 (FuseMax2DPE_63)             9.97e-02    1.382 1.16e+04    1.493   0.2
  pe_21_7 (FuseMax2DPE_64)             9.90e-02    1.382 1.16e+04    1.492   0.2
  pe_21_6 (FuseMax2DPE_65)             9.79e-02    1.381 1.17e+04    1.490   0.2
  pe_21_5 (FuseMax2DPE_66)             9.87e-02    1.381 1.17e+04    1.491   0.2
  pe_21_4 (FuseMax2DPE_67)             9.71e-02    1.379 1.16e+04    1.487   0.2
  pe_21_3 (FuseMax2DPE_68)             9.89e-02    1.382 1.16e+04    1.492   0.2
  pe_21_2 (FuseMax2DPE_69)             9.78e-02    1.380 1.16e+04    1.489   0.2
  pe_21_1 (FuseMax2DPE_70)             9.89e-02    1.381 1.17e+04    1.492   0.2
  pe_21_0 (FuseMax2DPE_71)             9.95e-02    1.382 1.17e+04    1.493   0.2
  pe_20_23 (FuseMax2DPE_72)            9.59e-02    1.378 1.17e+04    1.486   0.2
  pe_20_22 (FuseMax2DPE_73)            9.96e-02    1.382 1.17e+04    1.493   0.2
  pe_20_21 (FuseMax2DPE_74)            9.59e-02    1.377 1.16e+04    1.485   0.2
  pe_20_20 (FuseMax2DPE_75)            9.59e-02    1.378 1.16e+04    1.485   0.2
  pe_20_19 (FuseMax2DPE_76)            9.51e-02    1.377 1.16e+04    1.484   0.2
  pe_20_18 (FuseMax2DPE_77)            9.60e-02    1.378 1.16e+04    1.486   0.2
  pe_20_17 (FuseMax2DPE_78)            9.84e-02    1.381 1.17e+04    1.491   0.2
  pe_20_16 (FuseMax2DPE_79)            9.65e-02    1.379 1.16e+04    1.487   0.2
  pe_20_15 (FuseMax2DPE_80)            9.77e-02    1.380 1.16e+04    1.489   0.2
  pe_20_14 (FuseMax2DPE_81)            9.68e-02    1.379 1.16e+04    1.487   0.2
  pe_20_13 (FuseMax2DPE_82)            9.59e-02    1.378 1.16e+04    1.485   0.2
  pe_20_12 (FuseMax2DPE_83)            9.68e-02    1.378 1.16e+04    1.487   0.2
  pe_20_11 (FuseMax2DPE_84)               0.101    1.383 1.16e+04    1.495   0.2
  pe_20_10 (FuseMax2DPE_85)            9.93e-02    1.381 1.17e+04    1.492   0.2
  pe_20_9 (FuseMax2DPE_86)             9.85e-02    1.380 1.16e+04    1.490   0.2
  pe_20_8 (FuseMax2DPE_87)             9.65e-02    1.379 1.17e+04    1.487   0.2
  pe_20_7 (FuseMax2DPE_88)             9.43e-02    1.376 1.17e+04    1.482   0.2
  pe_20_6 (FuseMax2DPE_89)             9.65e-02    1.377 1.17e+04    1.486   0.2
  pe_20_5 (FuseMax2DPE_90)             9.95e-02    1.382 1.16e+04    1.493   0.2
  pe_20_4 (FuseMax2DPE_91)             9.56e-02    1.377 1.16e+04    1.484   0.2
  pe_20_3 (FuseMax2DPE_92)             9.75e-02    1.380 1.17e+04    1.489   0.2
  pe_20_2 (FuseMax2DPE_93)             9.60e-02    1.378 1.16e+04    1.486   0.2
  pe_20_1 (FuseMax2DPE_94)             9.43e-02    1.376 1.16e+04    1.482   0.2
  pe_20_0 (FuseMax2DPE_95)             9.71e-02    1.381 1.16e+04    1.490   0.2
  pe_19_23 (FuseMax2DPE_96)            9.99e-02    1.382 1.17e+04    1.493   0.2
  pe_19_22 (FuseMax2DPE_97)            9.58e-02    1.377 1.16e+04    1.484   0.2
  pe_19_21 (FuseMax2DPE_98)            9.63e-02    1.379 1.17e+04    1.487   0.2
  pe_19_20 (FuseMax2DPE_99)            9.69e-02    1.379 1.16e+04    1.488   0.2
  pe_19_19 (FuseMax2DPE_100)           9.29e-02    1.375 1.16e+04    1.479   0.2
  pe_19_18 (FuseMax2DPE_101)           9.74e-02    1.380 1.16e+04    1.489   0.2
  pe_19_17 (FuseMax2DPE_102)           9.83e-02    1.380 1.17e+04    1.490   0.2
  pe_19_16 (FuseMax2DPE_103)           9.72e-02    1.379 1.16e+04    1.487   0.2
  pe_19_15 (FuseMax2DPE_104)           9.72e-02    1.379 1.16e+04    1.488   0.2
  pe_19_14 (FuseMax2DPE_105)           9.84e-02    1.381 1.16e+04    1.491   0.2
  pe_19_13 (FuseMax2DPE_106)           9.99e-02    1.382 1.16e+04    1.493   0.2
  pe_19_12 (FuseMax2DPE_107)           9.41e-02    1.375 1.17e+04    1.481   0.2
  pe_19_11 (FuseMax2DPE_108)           9.74e-02    1.379 1.16e+04    1.489   0.2
  pe_19_10 (FuseMax2DPE_109)           9.41e-02    1.376 1.16e+04    1.481   0.2
  pe_19_9 (FuseMax2DPE_110)            9.78e-02    1.379 1.16e+04    1.489   0.2
  pe_19_8 (FuseMax2DPE_111)            9.24e-02    1.374 1.16e+04    1.478   0.2
  pe_19_7 (FuseMax2DPE_112)            9.73e-02    1.379 1.16e+04    1.488   0.2
  pe_19_6 (FuseMax2DPE_113)            9.86e-02    1.380 1.16e+04    1.490   0.2
  pe_19_5 (FuseMax2DPE_114)            9.49e-02    1.378 1.16e+04    1.484   0.2
  pe_19_4 (FuseMax2DPE_115)            9.77e-02    1.380 1.16e+04    1.489   0.2
  pe_19_3 (FuseMax2DPE_116)            9.74e-02    1.378 1.17e+04    1.487   0.2
  pe_19_2 (FuseMax2DPE_117)            9.63e-02    1.378 1.16e+04    1.486   0.2
  pe_19_1 (FuseMax2DPE_118)            9.58e-02    1.378 1.16e+04    1.486   0.2
  pe_19_0 (FuseMax2DPE_119)            9.76e-02    1.381 1.17e+04    1.491   0.2
  pe_18_23 (FuseMax2DPE_120)           9.59e-02    1.378 1.17e+04    1.486   0.2
  pe_18_22 (FuseMax2DPE_121)           9.79e-02    1.379 1.17e+04    1.489   0.2
  pe_18_21 (FuseMax2DPE_122)              0.101    1.384 1.17e+04    1.497   0.2
  pe_18_20 (FuseMax2DPE_123)           9.71e-02    1.379 1.17e+04    1.488   0.2
  pe_18_19 (FuseMax2DPE_124)           9.31e-02    1.375 1.17e+04    1.480   0.2
  pe_18_18 (FuseMax2DPE_125)           9.27e-02    1.374 1.16e+04    1.479   0.2
  pe_18_17 (FuseMax2DPE_126)           9.78e-02    1.380 1.16e+04    1.489   0.2
  pe_18_16 (FuseMax2DPE_127)           9.41e-02    1.377 1.16e+04    1.482   0.2
  pe_18_15 (FuseMax2DPE_128)           9.86e-02    1.381 1.16e+04    1.491   0.2
  pe_18_14 (FuseMax2DPE_129)           9.78e-02    1.380 1.16e+04    1.490   0.2
  pe_18_13 (FuseMax2DPE_130)           9.82e-02    1.379 1.16e+04    1.489   0.2
  pe_18_12 (FuseMax2DPE_131)           9.57e-02    1.378 1.16e+04    1.485   0.2
  pe_18_11 (FuseMax2DPE_132)           9.50e-02    1.377 1.16e+04    1.484   0.2
  pe_18_10 (FuseMax2DPE_133)           9.72e-02    1.379 1.17e+04    1.488   0.2
  pe_18_9 (FuseMax2DPE_134)            9.68e-02    1.378 1.16e+04    1.487   0.2
  pe_18_8 (FuseMax2DPE_135)            9.53e-02    1.378 1.16e+04    1.485   0.2
  pe_18_7 (FuseMax2DPE_136)            9.61e-02    1.379 1.16e+04    1.487   0.2
  pe_18_6 (FuseMax2DPE_137)            9.72e-02    1.379 1.16e+04    1.488   0.2
  pe_18_5 (FuseMax2DPE_138)            9.68e-02    1.379 1.16e+04    1.487   0.2
  pe_18_4 (FuseMax2DPE_139)            9.92e-02    1.381 1.16e+04    1.492   0.2
  pe_18_3 (FuseMax2DPE_140)            9.66e-02    1.379 1.16e+04    1.487   0.2
  pe_18_2 (FuseMax2DPE_141)            9.66e-02    1.378 1.17e+04    1.487   0.2
  pe_18_1 (FuseMax2DPE_142)            9.69e-02    1.378 1.16e+04    1.487   0.2
  pe_18_0 (FuseMax2DPE_143)            9.83e-02    1.382 1.17e+04    1.492   0.2
  pe_17_23 (FuseMax2DPE_144)           9.87e-02    1.380 1.17e+04    1.490   0.2
  pe_17_22 (FuseMax2DPE_145)           9.80e-02    1.380 1.16e+04    1.490   0.2
  pe_17_21 (FuseMax2DPE_146)           9.65e-02    1.377 1.16e+04    1.485   0.2
  pe_17_20 (FuseMax2DPE_147)           9.59e-02    1.377 1.16e+04    1.485   0.2
  pe_17_19 (FuseMax2DPE_148)           9.79e-02    1.380 1.16e+04    1.490   0.2
  pe_17_18 (FuseMax2DPE_149)           9.41e-02    1.375 1.16e+04    1.481   0.2
  pe_17_17 (FuseMax2DPE_150)           9.79e-02    1.379 1.16e+04    1.489   0.2
  pe_17_16 (FuseMax2DPE_151)           9.80e-02    1.379 1.16e+04    1.489   0.2
  pe_17_15 (FuseMax2DPE_152)           9.27e-02    1.375 1.16e+04    1.479   0.2
  pe_17_14 (FuseMax2DPE_153)           9.75e-02    1.380 1.16e+04    1.489   0.2
  pe_17_13 (FuseMax2DPE_154)           9.97e-02    1.382 1.17e+04    1.493   0.2
  pe_17_12 (FuseMax2DPE_155)           9.82e-02    1.381 1.17e+04    1.491   0.2
  pe_17_11 (FuseMax2DPE_156)           9.74e-02    1.378 1.17e+04    1.487   0.2
  pe_17_10 (FuseMax2DPE_157)           9.92e-02    1.382 1.16e+04    1.492   0.2
  pe_17_9 (FuseMax2DPE_158)            9.91e-02    1.381 1.16e+04    1.492   0.2
  pe_17_8 (FuseMax2DPE_159)            9.63e-02    1.378 1.16e+04    1.486   0.2
  pe_17_7 (FuseMax2DPE_160)            9.39e-02    1.375 1.16e+04    1.481   0.2
  pe_17_6 (FuseMax2DPE_161)            9.84e-02    1.380 1.16e+04    1.490   0.2
  pe_17_5 (FuseMax2DPE_162)            9.94e-02    1.382 1.16e+04    1.493   0.2
  pe_17_4 (FuseMax2DPE_163)               0.100    1.382 1.16e+04    1.494   0.2
  pe_17_3 (FuseMax2DPE_164)            9.99e-02    1.382 1.16e+04    1.493   0.2
  pe_17_2 (FuseMax2DPE_165)            9.81e-02    1.380 1.16e+04    1.490   0.2
  pe_17_1 (FuseMax2DPE_166)            9.63e-02    1.379 1.16e+04    1.487   0.2
  pe_17_0 (FuseMax2DPE_167)            9.58e-02    1.380 1.16e+04    1.488   0.2
  pe_16_23 (FuseMax2DPE_168)           9.43e-02    1.377 1.17e+04    1.483   0.2
  pe_16_22 (FuseMax2DPE_169)           9.78e-02    1.379 1.16e+04    1.489   0.2
  pe_16_21 (FuseMax2DPE_170)           9.73e-02    1.379 1.17e+04    1.488   0.2
  pe_16_20 (FuseMax2DPE_171)           9.45e-02    1.376 1.16e+04    1.482   0.2
  pe_16_19 (FuseMax2DPE_172)           9.89e-02    1.382 1.17e+04    1.492   0.2
  pe_16_18 (FuseMax2DPE_173)           9.93e-02    1.381 1.16e+04    1.492   0.2
  pe_16_17 (FuseMax2DPE_174)              0.102    1.384 1.17e+04    1.498   0.2
  pe_16_16 (FuseMax2DPE_175)           9.64e-02    1.378 1.17e+04    1.486   0.2
  pe_16_15 (FuseMax2DPE_176)           9.86e-02    1.380 1.16e+04    1.491   0.2
  pe_16_14 (FuseMax2DPE_177)           9.96e-02    1.383 1.17e+04    1.494   0.2
  pe_16_13 (FuseMax2DPE_178)           9.84e-02    1.380 1.16e+04    1.490   0.2
  pe_16_12 (FuseMax2DPE_179)           9.79e-02    1.379 1.16e+04    1.489   0.2
  pe_16_11 (FuseMax2DPE_180)           9.90e-02    1.379 1.16e+04    1.490   0.2
  pe_16_10 (FuseMax2DPE_181)           9.71e-02    1.379 1.16e+04    1.487   0.2
  pe_16_9 (FuseMax2DPE_182)               0.100    1.382 1.17e+04    1.494   0.2
  pe_16_8 (FuseMax2DPE_183)            9.61e-02    1.378 1.16e+04    1.486   0.2
  pe_16_7 (FuseMax2DPE_184)            9.82e-02    1.380 1.16e+04    1.490   0.2
  pe_16_6 (FuseMax2DPE_185)            9.86e-02    1.380 1.17e+04    1.490   0.2
  pe_16_5 (FuseMax2DPE_186)            9.92e-02    1.381 1.17e+04    1.492   0.2
  pe_16_4 (FuseMax2DPE_187)            9.95e-02    1.382 1.16e+04    1.493   0.2
  pe_16_3 (FuseMax2DPE_188)               0.100    1.382 1.16e+04    1.494   0.2
  pe_16_2 (FuseMax2DPE_189)            9.58e-02    1.377 1.16e+04    1.485   0.2
  pe_16_1 (FuseMax2DPE_190)               0.102    1.384 1.17e+04    1.497   0.2
  pe_16_0 (FuseMax2DPE_191)            9.93e-02    1.383 1.17e+04    1.494   0.2
  pe_15_23 (FuseMax2DPE_192)           9.80e-02    1.380 1.17e+04    1.490   0.2
  pe_15_22 (FuseMax2DPE_193)           9.77e-02    1.380 1.16e+04    1.489   0.2
  pe_15_21 (FuseMax2DPE_194)           9.63e-02    1.378 1.16e+04    1.486   0.2
  pe_15_20 (FuseMax2DPE_195)              0.100    1.381 1.16e+04    1.493   0.2
  pe_15_19 (FuseMax2DPE_196)           9.89e-02    1.381 1.16e+04    1.491   0.2
  pe_15_18 (FuseMax2DPE_197)           9.86e-02    1.380 1.16e+04    1.490   0.2
  pe_15_17 (FuseMax2DPE_198)           9.71e-02    1.378 1.17e+04    1.487   0.2
  pe_15_16 (FuseMax2DPE_199)           9.74e-02    1.380 1.16e+04    1.489   0.2
  pe_15_15 (FuseMax2DPE_200)           9.78e-02    1.380 1.16e+04    1.490   0.2
  pe_15_14 (FuseMax2DPE_201)           9.63e-02    1.379 1.16e+04    1.487   0.2
  pe_15_13 (FuseMax2DPE_202)           9.67e-02    1.378 1.16e+04    1.487   0.2
  pe_15_12 (FuseMax2DPE_203)           9.67e-02    1.378 1.16e+04    1.486   0.2
  pe_15_11 (FuseMax2DPE_204)           9.85e-02    1.380 1.16e+04    1.490   0.2
  pe_15_10 (FuseMax2DPE_205)              0.100    1.383 1.16e+04    1.495   0.2
  pe_15_9 (FuseMax2DPE_206)            9.66e-02    1.379 1.17e+04    1.487   0.2
  pe_15_8 (FuseMax2DPE_207)            9.54e-02    1.377 1.17e+04    1.485   0.2
  pe_15_7 (FuseMax2DPE_208)               0.101    1.382 1.17e+04    1.495   0.2
  pe_15_6 (FuseMax2DPE_209)            9.74e-02    1.380 1.16e+04    1.489   0.2
  pe_15_5 (FuseMax2DPE_210)               0.100    1.382 1.16e+04    1.494   0.2
  pe_15_4 (FuseMax2DPE_211)            9.71e-02    1.380 1.16e+04    1.488   0.2
  pe_15_3 (FuseMax2DPE_212)            9.67e-02    1.378 1.16e+04    1.487   0.2
  pe_15_2 (FuseMax2DPE_213)            9.76e-02    1.379 1.16e+04    1.488   0.2
  pe_15_1 (FuseMax2DPE_214)            9.58e-02    1.378 1.16e+04    1.485   0.2
  pe_15_0 (FuseMax2DPE_215)            9.53e-02    1.379 1.16e+04    1.486   0.2
  pe_14_23 (FuseMax2DPE_216)           9.73e-02    1.379 1.17e+04    1.488   0.2
  pe_14_22 (FuseMax2DPE_217)              0.101    1.383 1.16e+04    1.496   0.2
  pe_14_21 (FuseMax2DPE_218)           9.57e-02    1.378 1.16e+04    1.485   0.2
  pe_14_20 (FuseMax2DPE_219)           9.66e-02    1.379 1.17e+04    1.487   0.2
  pe_14_19 (FuseMax2DPE_220)              0.101    1.383 1.16e+04    1.496   0.2
  pe_14_18 (FuseMax2DPE_221)           9.99e-02    1.381 1.17e+04    1.493   0.2
  pe_14_17 (FuseMax2DPE_222)           9.92e-02    1.380 1.16e+04    1.491   0.2
  pe_14_16 (FuseMax2DPE_223)           9.54e-02    1.378 1.16e+04    1.485   0.2
  pe_14_15 (FuseMax2DPE_224)           9.54e-02    1.377 1.16e+04    1.484   0.2
  pe_14_14 (FuseMax2DPE_225)           9.83e-02    1.380 1.16e+04    1.490   0.2
  pe_14_13 (FuseMax2DPE_226)           9.48e-02    1.376 1.16e+04    1.483   0.2
  pe_14_12 (FuseMax2DPE_227)           9.73e-02    1.378 1.16e+04    1.487   0.2
  pe_14_11 (FuseMax2DPE_228)           9.73e-02    1.380 1.17e+04    1.488   0.2
  pe_14_10 (FuseMax2DPE_229)           9.82e-02    1.380 1.16e+04    1.490   0.2
  pe_14_9 (FuseMax2DPE_230)            9.92e-02    1.381 1.16e+04    1.492   0.2
  pe_14_8 (FuseMax2DPE_231)               0.101    1.383 1.17e+04    1.495   0.2
  pe_14_7 (FuseMax2DPE_232)            9.88e-02    1.381 1.16e+04    1.491   0.2
  pe_14_6 (FuseMax2DPE_233)            9.98e-02    1.381 1.17e+04    1.493   0.2
  pe_14_5 (FuseMax2DPE_234)            9.55e-02    1.377 1.16e+04    1.484   0.2
  pe_14_4 (FuseMax2DPE_235)            9.58e-02    1.377 1.16e+04    1.485   0.2
  pe_14_3 (FuseMax2DPE_236)            9.66e-02    1.378 1.17e+04    1.486   0.2
  pe_14_2 (FuseMax2DPE_237)            9.58e-02    1.377 1.16e+04    1.485   0.2
  pe_14_1 (FuseMax2DPE_238)            9.55e-02    1.377 1.16e+04    1.484   0.2
  pe_14_0 (FuseMax2DPE_239)            9.63e-02    1.379 1.17e+04    1.487   0.2
  pe_13_23 (FuseMax2DPE_240)           1.00e-01    1.382 1.17e+04    1.494   0.2
  pe_13_22 (FuseMax2DPE_241)           9.51e-02    1.376 1.16e+04    1.483   0.2
  pe_13_21 (FuseMax2DPE_242)           9.56e-02    1.377 1.16e+04    1.484   0.2
  pe_13_20 (FuseMax2DPE_243)           9.59e-02    1.377 1.16e+04    1.485   0.2
  pe_13_19 (FuseMax2DPE_244)           1.00e-01    1.382 1.16e+04    1.494   0.2
  pe_13_18 (FuseMax2DPE_245)           9.63e-02    1.378 1.16e+04    1.486   0.2
  pe_13_17 (FuseMax2DPE_246)           9.66e-02    1.378 1.16e+04    1.487   0.2
  pe_13_16 (FuseMax2DPE_247)           9.80e-02    1.382 1.16e+04    1.492   0.2
  pe_13_15 (FuseMax2DPE_248)              0.100    1.382 1.17e+04    1.494   0.2
  pe_13_14 (FuseMax2DPE_249)           9.63e-02    1.379 1.16e+04    1.487   0.2
  pe_13_13 (FuseMax2DPE_250)           9.48e-02    1.378 1.16e+04    1.484   0.2
  pe_13_12 (FuseMax2DPE_251)           9.29e-02    1.375 1.16e+04    1.479   0.2
  pe_13_11 (FuseMax2DPE_252)           9.70e-02    1.379 1.16e+04    1.488   0.2
  pe_13_10 (FuseMax2DPE_253)           9.81e-02    1.380 1.16e+04    1.490   0.2
  pe_13_9 (FuseMax2DPE_254)            9.55e-02    1.378 1.16e+04    1.485   0.2
  pe_13_8 (FuseMax2DPE_255)            9.83e-02    1.380 1.16e+04    1.490   0.2
  pe_13_7 (FuseMax2DPE_256)            9.95e-02    1.382 1.16e+04    1.493   0.2
  pe_13_6 (FuseMax2DPE_257)            9.74e-02    1.378 1.16e+04    1.487   0.2
  pe_13_5 (FuseMax2DPE_258)            9.88e-02    1.380 1.17e+04    1.490   0.2
  pe_13_4 (FuseMax2DPE_259)            9.74e-02    1.379 1.16e+04    1.488   0.2
  pe_13_3 (FuseMax2DPE_260)               0.101    1.383 1.16e+04    1.495   0.2
  pe_13_2 (FuseMax2DPE_261)            9.94e-02    1.382 1.16e+04    1.493   0.2
  pe_13_1 (FuseMax2DPE_262)            9.82e-02    1.380 1.16e+04    1.490   0.2
  pe_13_0 (FuseMax2DPE_263)            9.93e-02    1.383 1.16e+04    1.494   0.2
  pe_12_23 (FuseMax2DPE_264)           9.86e-02    1.381 1.17e+04    1.491   0.2
  pe_12_22 (FuseMax2DPE_265)           9.43e-02    1.377 1.16e+04    1.483   0.2
  pe_12_21 (FuseMax2DPE_266)           9.63e-02    1.377 1.16e+04    1.485   0.2
  pe_12_20 (FuseMax2DPE_267)           9.64e-02    1.379 1.16e+04    1.487   0.2
  pe_12_19 (FuseMax2DPE_268)           9.94e-02    1.380 1.17e+04    1.491   0.2
  pe_12_18 (FuseMax2DPE_269)           9.74e-02    1.379 1.16e+04    1.488   0.2
  pe_12_17 (FuseMax2DPE_270)           9.95e-02    1.382 1.16e+04    1.493   0.2
  pe_12_16 (FuseMax2DPE_271)           9.88e-02    1.382 1.16e+04    1.492   0.2
  pe_12_15 (FuseMax2DPE_272)           9.75e-02    1.380 1.16e+04    1.489   0.2
  pe_12_14 (FuseMax2DPE_273)           9.56e-02    1.378 1.16e+04    1.485   0.2
  pe_12_13 (FuseMax2DPE_274)           9.83e-02    1.381 1.17e+04    1.491   0.2
  pe_12_12 (FuseMax2DPE_275)              0.100    1.382 1.16e+04    1.493   0.2
  pe_12_11 (FuseMax2DPE_276)           9.36e-02    1.376 1.16e+04    1.481   0.2
  pe_12_10 (FuseMax2DPE_277)           9.89e-02    1.381 1.16e+04    1.492   0.2
  pe_12_9 (FuseMax2DPE_278)            9.60e-02    1.378 1.16e+04    1.485   0.2
  pe_12_8 (FuseMax2DPE_279)            9.77e-02    1.380 1.16e+04    1.489   0.2
  pe_12_7 (FuseMax2DPE_280)            9.96e-02    1.381 1.16e+04    1.492   0.2
  pe_12_6 (FuseMax2DPE_281)            9.80e-02    1.381 1.17e+04    1.490   0.2
  pe_12_5 (FuseMax2DPE_282)            9.81e-02    1.380 1.17e+04    1.490   0.2
  pe_12_4 (FuseMax2DPE_283)            9.81e-02    1.380 1.16e+04    1.490   0.2
  pe_12_3 (FuseMax2DPE_284)               0.101    1.383 1.16e+04    1.496   0.2
  pe_12_2 (FuseMax2DPE_285)               0.101    1.383 1.16e+04    1.495   0.2
  pe_12_1 (FuseMax2DPE_286)            9.64e-02    1.379 1.16e+04    1.487   0.2
  pe_12_0 (FuseMax2DPE_287)               0.100    1.385 1.17e+04    1.496   0.2
  pe_11_23 (FuseMax2DPE_288)           9.76e-02    1.380 1.17e+04    1.490   0.2
  pe_11_22 (FuseMax2DPE_289)           9.94e-02    1.381 1.17e+04    1.492   0.2
  pe_11_21 (FuseMax2DPE_290)           9.81e-02    1.381 1.17e+04    1.491   0.2
  pe_11_20 (FuseMax2DPE_291)              0.103    1.386 1.16e+04    1.501   0.2
  pe_11_19 (FuseMax2DPE_292)           9.85e-02    1.381 1.16e+04    1.491   0.2
  pe_11_18 (FuseMax2DPE_293)           9.94e-02    1.382 1.16e+04    1.493   0.2
  pe_11_17 (FuseMax2DPE_294)           9.84e-02    1.380 1.16e+04    1.490   0.2
  pe_11_16 (FuseMax2DPE_295)           9.93e-02    1.382 1.16e+04    1.493   0.2
  pe_11_15 (FuseMax2DPE_296)           9.81e-02    1.381 1.16e+04    1.491   0.2
  pe_11_14 (FuseMax2DPE_297)           9.74e-02    1.380 1.16e+04    1.489   0.2
  pe_11_13 (FuseMax2DPE_298)           9.59e-02    1.378 1.16e+04    1.485   0.2
  pe_11_12 (FuseMax2DPE_299)           9.79e-02    1.379 1.16e+04    1.489   0.2
  pe_11_11 (FuseMax2DPE_300)           9.73e-02    1.380 1.16e+04    1.489   0.2
  pe_11_10 (FuseMax2DPE_301)           9.74e-02    1.379 1.17e+04    1.488   0.2
  pe_11_9 (FuseMax2DPE_302)            9.59e-02    1.377 1.16e+04    1.485   0.2
  pe_11_8 (FuseMax2DPE_303)            9.71e-02    1.380 1.16e+04    1.488   0.2
  pe_11_7 (FuseMax2DPE_304)            9.90e-02    1.380 1.17e+04    1.491   0.2
  pe_11_6 (FuseMax2DPE_305)            9.80e-02    1.380 1.17e+04    1.489   0.2
  pe_11_5 (FuseMax2DPE_306)               0.101    1.383 1.16e+04    1.496   0.2
  pe_11_4 (FuseMax2DPE_307)            9.59e-02    1.378 1.17e+04    1.485   0.2
  pe_11_3 (FuseMax2DPE_308)            9.68e-02    1.380 1.16e+04    1.488   0.2
  pe_11_2 (FuseMax2DPE_309)               0.101    1.384 1.17e+04    1.496   0.2
  pe_11_1 (FuseMax2DPE_310)            9.98e-02    1.382 1.16e+04    1.493   0.2
  pe_11_0 (FuseMax2DPE_311)            9.68e-02    1.381 1.16e+04    1.489   0.2
  pe_10_23 (FuseMax2DPE_312)              0.101    1.383 1.17e+04    1.496   0.2
  pe_10_22 (FuseMax2DPE_313)           9.79e-02    1.380 1.17e+04    1.490   0.2
  pe_10_21 (FuseMax2DPE_314)           9.84e-02    1.381 1.16e+04    1.491   0.2
  pe_10_20 (FuseMax2DPE_315)           9.70e-02    1.379 1.16e+04    1.488   0.2
  pe_10_19 (FuseMax2DPE_316)           9.38e-02    1.376 1.16e+04    1.481   0.2
  pe_10_18 (FuseMax2DPE_317)              0.101    1.384 1.16e+04    1.496   0.2
  pe_10_17 (FuseMax2DPE_318)           9.73e-02    1.381 1.16e+04    1.490   0.2
  pe_10_16 (FuseMax2DPE_319)           9.62e-02    1.379 1.16e+04    1.487   0.2
  pe_10_15 (FuseMax2DPE_320)           9.80e-02    1.380 1.16e+04    1.489   0.2
  pe_10_14 (FuseMax2DPE_321)           9.76e-02    1.380 1.16e+04    1.489   0.2
  pe_10_13 (FuseMax2DPE_322)           9.74e-02    1.380 1.16e+04    1.489   0.2
  pe_10_12 (FuseMax2DPE_323)           9.55e-02    1.378 1.16e+04    1.485   0.2
  pe_10_11 (FuseMax2DPE_324)           9.78e-02    1.379 1.17e+04    1.489   0.2
  pe_10_10 (FuseMax2DPE_325)           9.78e-02    1.381 1.16e+04    1.490   0.2
  pe_10_9 (FuseMax2DPE_326)            9.78e-02    1.379 1.16e+04    1.489   0.2
  pe_10_8 (FuseMax2DPE_327)            9.87e-02    1.381 1.16e+04    1.491   0.2
  pe_10_7 (FuseMax2DPE_328)            9.89e-02    1.381 1.17e+04    1.492   0.2
  pe_10_6 (FuseMax2DPE_329)            9.63e-02    1.378 1.16e+04    1.486   0.2
  pe_10_5 (FuseMax2DPE_330)            9.78e-02    1.379 1.17e+04    1.489   0.2
  pe_10_4 (FuseMax2DPE_331)            9.48e-02    1.376 1.16e+04    1.482   0.2
  pe_10_3 (FuseMax2DPE_332)            9.62e-02    1.378 1.16e+04    1.486   0.2
  pe_10_2 (FuseMax2DPE_333)            9.72e-02    1.379 1.16e+04    1.488   0.2
  pe_10_1 (FuseMax2DPE_334)            9.72e-02    1.378 1.16e+04    1.487   0.2
  pe_10_0 (FuseMax2DPE_335)               0.100    1.384 1.17e+04    1.496   0.2
  pe_9_23 (FuseMax2DPE_336)            9.87e-02    1.381 1.17e+04    1.491   0.2
  pe_9_22 (FuseMax2DPE_337)               0.101    1.383 1.16e+04    1.495   0.2
  pe_9_21 (FuseMax2DPE_338)            9.82e-02    1.381 1.16e+04    1.491   0.2
  pe_9_20 (FuseMax2DPE_339)            9.56e-02    1.378 1.16e+04    1.485   0.2
  pe_9_19 (FuseMax2DPE_340)            9.35e-02    1.376 1.16e+04    1.482   0.2
  pe_9_18 (FuseMax2DPE_341)            9.79e-02    1.380 1.17e+04    1.490   0.2
  pe_9_17 (FuseMax2DPE_342)            9.85e-02    1.381 1.16e+04    1.491   0.2
  pe_9_16 (FuseMax2DPE_343)            9.83e-02    1.380 1.16e+04    1.490   0.2
  pe_9_15 (FuseMax2DPE_344)            9.74e-02    1.380 1.17e+04    1.489   0.2
  pe_9_14 (FuseMax2DPE_345)            9.91e-02    1.381 1.17e+04    1.491   0.2
  pe_9_13 (FuseMax2DPE_346)            9.73e-02    1.380 1.17e+04    1.489   0.2
  pe_9_12 (FuseMax2DPE_347)               0.101    1.383 1.16e+04    1.495   0.2
  pe_9_11 (FuseMax2DPE_348)               0.100    1.383 1.17e+04    1.495   0.2
  pe_9_10 (FuseMax2DPE_349)            9.64e-02    1.379 1.17e+04    1.487   0.2
  pe_9_9 (FuseMax2DPE_350)             9.91e-02    1.381 1.16e+04    1.491   0.2
  pe_9_8 (FuseMax2DPE_351)             9.62e-02    1.379 1.17e+04    1.487   0.2
  pe_9_7 (FuseMax2DPE_352)                0.101    1.383 1.16e+04    1.496   0.2
  pe_9_6 (FuseMax2DPE_353)             9.59e-02    1.378 1.16e+04    1.485   0.2
  pe_9_5 (FuseMax2DPE_354)                0.101    1.383 1.17e+04    1.496   0.2
  pe_9_4 (FuseMax2DPE_355)             9.39e-02    1.375 1.16e+04    1.481   0.2
  pe_9_3 (FuseMax2DPE_356)             9.81e-02    1.381 1.16e+04    1.491   0.2
  pe_9_2 (FuseMax2DPE_357)                0.101    1.384 1.16e+04    1.497   0.2
  pe_9_1 (FuseMax2DPE_358)             9.45e-02    1.377 1.16e+04    1.483   0.2
  pe_9_0 (FuseMax2DPE_359)             9.95e-02    1.384 1.17e+04    1.495   0.2
  pe_8_23 (FuseMax2DPE_360)            9.99e-02    1.382 1.17e+04    1.493   0.2
  pe_8_22 (FuseMax2DPE_361)            9.77e-02    1.380 1.16e+04    1.489   0.2
  pe_8_21 (FuseMax2DPE_362)            9.92e-02    1.382 1.16e+04    1.493   0.2
  pe_8_20 (FuseMax2DPE_363)               0.102    1.385 1.16e+04    1.498   0.2
  pe_8_19 (FuseMax2DPE_364)            9.88e-02    1.382 1.17e+04    1.492   0.2
  pe_8_18 (FuseMax2DPE_365)            9.73e-02    1.379 1.16e+04    1.488   0.2
  pe_8_17 (FuseMax2DPE_366)               0.100    1.383 1.16e+04    1.495   0.2
  pe_8_16 (FuseMax2DPE_367)            9.99e-02    1.382 1.17e+04    1.494   0.2
  pe_8_15 (FuseMax2DPE_368)            9.93e-02    1.382 1.17e+04    1.493   0.2
  pe_8_14 (FuseMax2DPE_369)            9.62e-02    1.378 1.16e+04    1.486   0.2
  pe_8_13 (FuseMax2DPE_370)            9.54e-02    1.378 1.16e+04    1.485   0.2
  pe_8_12 (FuseMax2DPE_371)               0.100    1.383 1.16e+04    1.495   0.2
  pe_8_11 (FuseMax2DPE_372)            9.79e-02    1.381 1.17e+04    1.490   0.2
  pe_8_10 (FuseMax2DPE_373)            9.86e-02    1.381 1.17e+04    1.491   0.2
  pe_8_9 (FuseMax2DPE_374)             9.99e-02    1.382 1.16e+04    1.494   0.2
  pe_8_8 (FuseMax2DPE_375)             9.77e-02    1.379 1.17e+04    1.488   0.2
  pe_8_7 (FuseMax2DPE_376)             9.77e-02    1.381 1.16e+04    1.490   0.2
  pe_8_6 (FuseMax2DPE_377)             9.75e-02    1.380 1.17e+04    1.489   0.2
  pe_8_5 (FuseMax2DPE_378)             9.71e-02    1.379 1.16e+04    1.488   0.2
  pe_8_4 (FuseMax2DPE_379)             9.84e-02    1.382 1.16e+04    1.492   0.2
  pe_8_3 (FuseMax2DPE_380)             9.86e-02    1.381 1.17e+04    1.492   0.2
  pe_8_2 (FuseMax2DPE_381)             9.79e-02    1.380 1.16e+04    1.490   0.2
  pe_8_1 (FuseMax2DPE_382)                0.101    1.384 1.17e+04    1.496   0.2
  pe_8_0 (FuseMax2DPE_383)             9.82e-02    1.384 1.17e+04    1.494   0.2
  pe_7_23 (FuseMax2DPE_384)            9.67e-02    1.380 1.17e+04    1.489   0.2
  pe_7_22 (FuseMax2DPE_385)            9.73e-02    1.380 1.16e+04    1.489   0.2
  pe_7_21 (FuseMax2DPE_386)               0.102    1.385 1.16e+04    1.498   0.2
  pe_7_20 (FuseMax2DPE_387)            9.87e-02    1.381 1.16e+04    1.491   0.2
  pe_7_19 (FuseMax2DPE_388)               0.101    1.384 1.16e+04    1.497   0.2
  pe_7_18 (FuseMax2DPE_389)            9.98e-02    1.383 1.16e+04    1.495   0.2
  pe_7_17 (FuseMax2DPE_390)            9.71e-02    1.380 1.16e+04    1.489   0.2
  pe_7_16 (FuseMax2DPE_391)               0.102    1.385 1.16e+04    1.498   0.2
  pe_7_15 (FuseMax2DPE_392)            9.86e-02    1.382 1.16e+04    1.492   0.2
  pe_7_14 (FuseMax2DPE_393)            9.89e-02    1.382 1.17e+04    1.493   0.2
  pe_7_13 (FuseMax2DPE_394)            9.93e-02    1.383 1.16e+04    1.494   0.2
  pe_7_12 (FuseMax2DPE_395)            9.72e-02    1.381 1.16e+04    1.489   0.2
  pe_7_11 (FuseMax2DPE_396)            9.75e-02    1.380 1.16e+04    1.489   0.2
  pe_7_10 (FuseMax2DPE_397)            9.94e-02    1.382 1.16e+04    1.493   0.2
  pe_7_9 (FuseMax2DPE_398)             9.62e-02    1.379 1.17e+04    1.487   0.2
  pe_7_8 (FuseMax2DPE_399)                0.101    1.384 1.17e+04    1.496   0.2
  pe_7_7 (FuseMax2DPE_400)             9.78e-02    1.380 1.17e+04    1.489   0.2
  pe_7_6 (FuseMax2DPE_401)                0.102    1.385 1.16e+04    1.499   0.2
  pe_7_5 (FuseMax2DPE_402)             9.42e-02    1.377 1.16e+04    1.483   0.2
  pe_7_4 (FuseMax2DPE_403)             9.96e-02    1.382 1.16e+04    1.494   0.2
  pe_7_3 (FuseMax2DPE_404)             9.61e-02    1.378 1.16e+04    1.486   0.2
  pe_7_2 (FuseMax2DPE_405)             9.90e-02    1.382 1.17e+04    1.493   0.2
  pe_7_1 (FuseMax2DPE_406)             9.89e-02    1.382 1.17e+04    1.492   0.2
  pe_7_0 (FuseMax2DPE_407)                0.100    1.386 1.16e+04    1.498   0.2
  pe_6_23 (FuseMax2DPE_408)               0.100    1.384 1.17e+04    1.496   0.2
  pe_6_22 (FuseMax2DPE_409)               0.101    1.384 1.16e+04    1.497   0.2
  pe_6_21 (FuseMax2DPE_410)               0.101    1.385 1.16e+04    1.498   0.2
  pe_6_20 (FuseMax2DPE_411)            9.87e-02    1.382 1.16e+04    1.493   0.2
  pe_6_19 (FuseMax2DPE_412)               0.101    1.385 1.17e+04    1.498   0.2
  pe_6_18 (FuseMax2DPE_413)            9.93e-02    1.383 1.16e+04    1.494   0.2
  pe_6_17 (FuseMax2DPE_414)               0.103    1.387 1.16e+04    1.501   0.2
  pe_6_16 (FuseMax2DPE_415)            9.91e-02    1.382 1.16e+04    1.493   0.2
  pe_6_15 (FuseMax2DPE_416)            9.81e-02    1.382 1.16e+04    1.491   0.2
  pe_6_14 (FuseMax2DPE_417)               0.101    1.385 1.17e+04    1.498   0.2
  pe_6_13 (FuseMax2DPE_418)               0.101    1.384 1.17e+04    1.496   0.2
  pe_6_12 (FuseMax2DPE_419)            9.96e-02    1.383 1.16e+04    1.494   0.2
  pe_6_11 (FuseMax2DPE_420)               0.101    1.385 1.16e+04    1.498   0.2
  pe_6_10 (FuseMax2DPE_421)            9.88e-02    1.383 1.16e+04    1.494   0.2
  pe_6_9 (FuseMax2DPE_422)                0.101    1.386 1.16e+04    1.499   0.2
  pe_6_8 (FuseMax2DPE_423)                0.102    1.386 1.16e+04    1.500   0.2
  pe_6_7 (FuseMax2DPE_424)                0.100    1.384 1.16e+04    1.496   0.2
  pe_6_6 (FuseMax2DPE_425)                0.100    1.383 1.16e+04    1.495   0.2
  pe_6_5 (FuseMax2DPE_426)                0.101    1.385 1.17e+04    1.498   0.2
  pe_6_4 (FuseMax2DPE_427)             1.00e-01    1.383 1.16e+04    1.494   0.2
  pe_6_3 (FuseMax2DPE_428)                0.103    1.387 1.16e+04    1.501   0.2
  pe_6_2 (FuseMax2DPE_429)                0.102    1.386 1.17e+04    1.499   0.2
  pe_6_1 (FuseMax2DPE_430)                0.101    1.384 1.16e+04    1.496   0.2
  pe_6_0 (FuseMax2DPE_431)             9.87e-02    1.384 1.17e+04    1.494   0.2
  pe_5_23 (FuseMax2DPE_432)            9.96e-02    1.384 1.17e+04    1.495   0.2
  pe_5_22 (FuseMax2DPE_433)            9.95e-02    1.382 1.17e+04    1.494   0.2
  pe_5_21 (FuseMax2DPE_434)               0.102    1.386 1.16e+04    1.500   0.2
  pe_5_20 (FuseMax2DPE_435)            9.90e-02    1.383 1.17e+04    1.493   0.2
  pe_5_19 (FuseMax2DPE_436)               0.103    1.387 1.16e+04    1.501   0.2
  pe_5_18 (FuseMax2DPE_437)               0.103    1.387 1.17e+04    1.501   0.2
  pe_5_17 (FuseMax2DPE_438)               0.103    1.387 1.16e+04    1.502   0.2
  pe_5_16 (FuseMax2DPE_439)               0.103    1.386 1.16e+04    1.501   0.2
  pe_5_15 (FuseMax2DPE_440)            9.93e-02    1.383 1.16e+04    1.494   0.2
  pe_5_14 (FuseMax2DPE_441)               0.105    1.388 1.16e+04    1.504   0.2
  pe_5_13 (FuseMax2DPE_442)            9.77e-02    1.381 1.16e+04    1.491   0.2
  pe_5_12 (FuseMax2DPE_443)            9.87e-02    1.383 1.16e+04    1.493   0.2
  pe_5_11 (FuseMax2DPE_444)               0.100    1.385 1.16e+04    1.497   0.2
  pe_5_10 (FuseMax2DPE_445)               0.101    1.385 1.16e+04    1.497   0.2
  pe_5_9 (FuseMax2DPE_446)             9.99e-02    1.383 1.17e+04    1.495   0.2
  pe_5_8 (FuseMax2DPE_447)                0.101    1.386 1.16e+04    1.499   0.2
  pe_5_7 (FuseMax2DPE_448)                0.103    1.387 1.16e+04    1.502   0.2
  pe_5_6 (FuseMax2DPE_449)                0.102    1.386 1.16e+04    1.500   0.2
  pe_5_5 (FuseMax2DPE_450)             9.88e-02    1.382 1.17e+04    1.493   0.2
  pe_5_4 (FuseMax2DPE_451)                0.102    1.387 1.16e+04    1.500   0.2
  pe_5_3 (FuseMax2DPE_452)                0.102    1.386 1.16e+04    1.499   0.2
  pe_5_2 (FuseMax2DPE_453)                0.101    1.385 1.17e+04    1.498   0.2
  pe_5_1 (FuseMax2DPE_454)                0.104    1.387 1.17e+04    1.503   0.2
  pe_5_0 (FuseMax2DPE_455)             9.85e-02    1.385 1.16e+04    1.495   0.2
  pe_4_23 (FuseMax2DPE_456)            9.96e-02    1.384 1.17e+04    1.496   0.2
  pe_4_22 (FuseMax2DPE_457)               0.103    1.388 1.16e+04    1.502   0.2
  pe_4_21 (FuseMax2DPE_458)               0.102    1.387 1.16e+04    1.501   0.2
  pe_4_20 (FuseMax2DPE_459)               0.102    1.386 1.16e+04    1.500   0.2
  pe_4_19 (FuseMax2DPE_460)               0.104    1.389 1.17e+04    1.505   0.2
  pe_4_18 (FuseMax2DPE_461)               0.105    1.390 1.16e+04    1.506   0.2
  pe_4_17 (FuseMax2DPE_462)               0.105    1.390 1.16e+04    1.506   0.2
  pe_4_16 (FuseMax2DPE_463)               0.103    1.387 1.16e+04    1.502   0.2
  pe_4_15 (FuseMax2DPE_464)            9.85e-02    1.382 1.16e+04    1.493   0.2
  pe_4_14 (FuseMax2DPE_465)               0.101    1.385 1.16e+04    1.497   0.2
  pe_4_13 (FuseMax2DPE_466)               0.105    1.390 1.17e+04    1.507   0.2
  pe_4_12 (FuseMax2DPE_467)               0.102    1.388 1.16e+04    1.502   0.2
  pe_4_11 (FuseMax2DPE_468)               0.102    1.386 1.16e+04    1.500   0.2
  pe_4_10 (FuseMax2DPE_469)               0.104    1.390 1.17e+04    1.507   0.2
  pe_4_9 (FuseMax2DPE_470)                0.102    1.386 1.16e+04    1.500   0.2
  pe_4_8 (FuseMax2DPE_471)                0.102    1.386 1.17e+04    1.500   0.2
  pe_4_7 (FuseMax2DPE_472)                0.102    1.387 1.16e+04    1.500   0.2
  pe_4_6 (FuseMax2DPE_473)             9.97e-02    1.385 1.16e+04    1.496   0.2
  pe_4_5 (FuseMax2DPE_474)                0.102    1.387 1.17e+04    1.500   0.2
  pe_4_4 (FuseMax2DPE_475)                0.102    1.386 1.17e+04    1.499   0.2
  pe_4_3 (FuseMax2DPE_476)                0.103    1.388 1.17e+04    1.503   0.2
  pe_4_2 (FuseMax2DPE_477)                0.103    1.387 1.17e+04    1.501   0.2
  pe_4_1 (FuseMax2DPE_478)                0.102    1.387 1.16e+04    1.501   0.2
  pe_4_0 (FuseMax2DPE_479)                0.102    1.388 1.17e+04    1.502   0.2
  pe_3_23 (FuseMax2DPE_480)               0.105    1.391 1.17e+04    1.507   0.2
  pe_3_22 (FuseMax2DPE_481)               0.105    1.391 1.17e+04    1.508   0.2
  pe_3_21 (FuseMax2DPE_482)               0.104    1.390 1.17e+04    1.505   0.2
  pe_3_20 (FuseMax2DPE_483)               0.102    1.387 1.16e+04    1.500   0.2
  pe_3_19 (FuseMax2DPE_484)               0.103    1.387 1.17e+04    1.501   0.2
  pe_3_18 (FuseMax2DPE_485)               0.104    1.390 1.17e+04    1.506   0.2
  pe_3_17 (FuseMax2DPE_486)               0.104    1.390 1.16e+04    1.506   0.2
  pe_3_16 (FuseMax2DPE_487)               0.101    1.386 1.16e+04    1.499   0.2
  pe_3_15 (FuseMax2DPE_488)               0.105    1.390 1.17e+04    1.507   0.2
  pe_3_14 (FuseMax2DPE_489)               0.102    1.388 1.17e+04    1.502   0.2
  pe_3_13 (FuseMax2DPE_490)               0.104    1.390 1.17e+04    1.506   0.2
  pe_3_12 (FuseMax2DPE_491)               0.103    1.389 1.16e+04    1.504   0.2
  pe_3_11 (FuseMax2DPE_492)               0.100    1.385 1.17e+04    1.498   0.2
  pe_3_10 (FuseMax2DPE_493)               0.106    1.391 1.17e+04    1.509   0.2
  pe_3_9 (FuseMax2DPE_494)                0.105    1.390 1.16e+04    1.506   0.2
  pe_3_8 (FuseMax2DPE_495)                0.103    1.389 1.16e+04    1.504   0.2
  pe_3_7 (FuseMax2DPE_496)                0.105    1.390 1.17e+04    1.506   0.2
  pe_3_6 (FuseMax2DPE_497)                0.104    1.389 1.17e+04    1.504   0.2
  pe_3_5 (FuseMax2DPE_498)                0.103    1.388 1.16e+04    1.503   0.2
  pe_3_4 (FuseMax2DPE_499)                0.105    1.390 1.17e+04    1.506   0.2
  pe_3_3 (FuseMax2DPE_500)                0.103    1.388 1.16e+04    1.503   0.2
  pe_3_2 (FuseMax2DPE_501)                0.105    1.390 1.17e+04    1.506   0.2
  pe_3_1 (FuseMax2DPE_502)                0.108    1.394 1.17e+04    1.513   0.2
  pe_3_0 (FuseMax2DPE_503)                0.107    1.396 1.17e+04    1.515   0.2
  pe_2_23 (FuseMax2DPE_504)               0.107    1.393 1.17e+04    1.512   0.2
  pe_2_22 (FuseMax2DPE_505)               0.107    1.393 1.17e+04    1.511   0.2
  pe_2_21 (FuseMax2DPE_506)               0.106    1.393 1.17e+04    1.511   0.2
  pe_2_20 (FuseMax2DPE_507)               0.102    1.388 1.16e+04    1.502   0.2
  pe_2_19 (FuseMax2DPE_508)               0.105    1.392 1.17e+04    1.509   0.2
  pe_2_18 (FuseMax2DPE_509)               0.107    1.393 1.17e+04    1.511   0.2
  pe_2_17 (FuseMax2DPE_510)               0.105    1.392 1.16e+04    1.508   0.2
  pe_2_16 (FuseMax2DPE_511)               0.106    1.392 1.17e+04    1.509   0.2
  pe_2_15 (FuseMax2DPE_512)               0.103    1.388 1.16e+04    1.502   0.2
  pe_2_14 (FuseMax2DPE_513)               0.107    1.394 1.17e+04    1.513   0.2
  pe_2_13 (FuseMax2DPE_514)               0.108    1.395 1.17e+04    1.515   0.2
  pe_2_12 (FuseMax2DPE_515)               0.110    1.395 1.17e+04    1.516   0.2
  pe_2_11 (FuseMax2DPE_516)               0.102    1.390 1.16e+04    1.504   0.2
  pe_2_10 (FuseMax2DPE_517)               0.108    1.394 1.17e+04    1.514   0.2
  pe_2_9 (FuseMax2DPE_518)                0.108    1.396 1.17e+04    1.516   0.2
  pe_2_8 (FuseMax2DPE_519)                0.104    1.391 1.17e+04    1.507   0.2
  pe_2_7 (FuseMax2DPE_520)                0.104    1.391 1.17e+04    1.507   0.2
  pe_2_6 (FuseMax2DPE_521)                0.107    1.393 1.17e+04    1.512   0.2
  pe_2_5 (FuseMax2DPE_522)                0.104    1.390 1.16e+04    1.506   0.2
  pe_2_4 (FuseMax2DPE_523)                0.106    1.393 1.17e+04    1.511   0.2
  pe_2_3 (FuseMax2DPE_524)                0.106    1.390 1.16e+04    1.508   0.2
  pe_2_2 (FuseMax2DPE_525)                0.108    1.394 1.17e+04    1.513   0.2
  pe_2_1 (FuseMax2DPE_526)                0.106    1.393 1.16e+04    1.511   0.2
  pe_2_0 (FuseMax2DPE_527)                0.107    1.394 1.17e+04    1.512   0.2
  pe_1_23 (FuseMax2DPE_528)               0.113    1.400 1.17e+04    1.524   0.2
  pe_1_22 (FuseMax2DPE_529)               0.107    1.394 1.17e+04    1.512   0.2
  pe_1_21 (FuseMax2DPE_530)               0.107    1.394 1.17e+04    1.513   0.2
  pe_1_20 (FuseMax2DPE_531)               0.106    1.393 1.16e+04    1.511   0.2
  pe_1_19 (FuseMax2DPE_532)               0.104    1.391 1.17e+04    1.507   0.2
  pe_1_18 (FuseMax2DPE_533)               0.107    1.395 1.17e+04    1.514   0.2
  pe_1_17 (FuseMax2DPE_534)               0.111    1.398 1.17e+04    1.521   0.2
  pe_1_16 (FuseMax2DPE_535)               0.110    1.398 1.17e+04    1.520   0.2
  pe_1_15 (FuseMax2DPE_536)               0.110    1.397 1.17e+04    1.518   0.2
  pe_1_14 (FuseMax2DPE_537)               0.110    1.397 1.17e+04    1.519   0.2
  pe_1_13 (FuseMax2DPE_538)               0.109    1.396 1.17e+04    1.517   0.2
  pe_1_12 (FuseMax2DPE_539)               0.109    1.397 1.17e+04    1.518   0.2
  pe_1_11 (FuseMax2DPE_540)               0.112    1.399 1.17e+04    1.523   0.2
  pe_1_10 (FuseMax2DPE_541)               0.112    1.399 1.17e+04    1.523   0.2
  pe_1_9 (FuseMax2DPE_542)                0.114    1.400 1.17e+04    1.526   0.2
  pe_1_8 (FuseMax2DPE_543)                0.111    1.399 1.17e+04    1.521   0.2
  pe_1_7 (FuseMax2DPE_544)                0.111    1.397 1.17e+04    1.520   0.2
  pe_1_6 (FuseMax2DPE_545)                0.108    1.394 1.17e+04    1.514   0.2
  pe_1_5 (FuseMax2DPE_546)                0.108    1.394 1.17e+04    1.514   0.2
  pe_1_4 (FuseMax2DPE_547)                0.111    1.397 1.17e+04    1.520   0.2
  pe_1_3 (FuseMax2DPE_548)                0.108    1.393 1.17e+04    1.512   0.2
  pe_1_2 (FuseMax2DPE_549)                0.111    1.398 1.17e+04    1.520   0.2
  pe_1_1 (FuseMax2DPE_550)                0.111    1.396 1.17e+04    1.519   0.2
  pe_1_0 (FuseMax2DPE_551)                0.106    1.394 1.17e+04    1.511   0.2
  pe_0_23 (FuseMax2DPE_552)               0.110    1.398 1.17e+04    1.520   0.2
  pe_0_22 (FuseMax2DPE_553)               0.112    1.400 1.17e+04    1.524   0.2
  pe_0_21 (FuseMax2DPE_554)               0.113    1.401 1.17e+04    1.526   0.2
  pe_0_20 (FuseMax2DPE_555)               0.109    1.397 1.17e+04    1.518   0.2
  pe_0_19 (FuseMax2DPE_556)               0.109    1.398 1.17e+04    1.519   0.2
  pe_0_18 (FuseMax2DPE_557)               0.113    1.401 1.17e+04    1.525   0.2
  pe_0_17 (FuseMax2DPE_558)               0.115    1.402 1.17e+04    1.528   0.2
  pe_0_16 (FuseMax2DPE_559)               0.111    1.399 1.17e+04    1.522   0.2
  pe_0_15 (FuseMax2DPE_560)               0.111    1.399 1.17e+04    1.522   0.2
  pe_0_14 (FuseMax2DPE_561)               0.113    1.400 1.17e+04    1.526   0.2
  pe_0_13 (FuseMax2DPE_562)               0.111    1.399 1.17e+04    1.522   0.2
  pe_0_12 (FuseMax2DPE_563)               0.113    1.401 1.17e+04    1.526   0.2
  pe_0_11 (FuseMax2DPE_564)               0.110    1.397 1.17e+04    1.519   0.2
  pe_0_10 (FuseMax2DPE_565)               0.112    1.399 1.17e+04    1.523   0.2
  pe_0_9 (FuseMax2DPE_566)                0.113    1.401 1.17e+04    1.526   0.2
  pe_0_8 (FuseMax2DPE_567)                0.110    1.398 1.17e+04    1.520   0.2
  pe_0_7 (FuseMax2DPE_568)                0.109    1.396 1.17e+04    1.517   0.2
  pe_0_6 (FuseMax2DPE_569)                0.110    1.399 1.17e+04    1.521   0.2
  pe_0_5 (FuseMax2DPE_570)                0.111    1.398 1.17e+04    1.521   0.2
  pe_0_4 (FuseMax2DPE_571)                0.113    1.400 1.17e+04    1.524   0.2
  pe_0_3 (FuseMax2DPE_572)                0.112    1.400 1.17e+04    1.523   0.2
  pe_0_2 (FuseMax2DPE_573)                0.114    1.402 1.17e+04    1.527   0.2
  pe_0_1 (FuseMax2DPE_574)                0.114    1.402 1.17e+04    1.527   0.2
  pe_0_0 (FuseMax2DPE_575)                0.113    1.402 1.18e+04    1.527   0.2
1
