 
****************************************
Report : area
Design : FuseMax2DArray
Version: V-2023.12
Date   : Mon Apr  6 04:53:08 2026
****************************************

Library(s) Used:

    tcbn28hpcplusbwp30p140ffg0p99v0c_ccs (File: /hpc/Tech/TSMC/digital/N28/digital/Front_End/timing_power_noise/CCS/tcbn28hpcplusbwp30p140_180a/tcbn28hpcplusbwp30p140ffg0p99v0c_ccs.db)

Number of ports:                         9858
Number of nets:                        245216
Number of cells:                       227680
Number of combinational cells:         215328
Number of sequential cells:             12288
Number of macros/black boxes:               0
Number of buf/inv:                      43711
Number of references:                      64

Combinational area:             122724.881814
Buf/Inv area:                    11462.094163
Noncombinational area:           23632.685772
Macro/Black Box area:                0.000000
Net Interconnect area:      undefined  (Wire load has zero net area)

Total cell area:                146357.567586
Total area:                 undefined

Hierarchical area distribution
------------------------------

                                  Global cell area              Local cell area
                                  --------------------  ------------------------------- 
Hierarchical cell                 Absolute     Percent  Combi-       Noncombi-   Black-
                                  Total        Total    national     national    boxes   Design
--------------------------------  -----------  -------  -----------  ----------  ------  --------------
FuseMax2DArray                    146357.5676    100.0       0.0000      0.0000  0.0000  FuseMax2DArray
pe_0_0                              2309.9580      1.6    1941.0300    368.9280  0.0000  FuseMax2DPE_63
pe_0_1                              2266.3620      1.5    1898.1900    368.1720  0.0000  FuseMax2DPE_62
pe_0_2                              2291.8140      1.6    1923.1380    368.6760  0.0000  FuseMax2DPE_61
pe_0_3                              2292.3180      1.6    1924.3980    367.9200  0.0000  FuseMax2DPE_60
pe_0_4                              2288.6640      1.6    1917.3420    371.3220  0.0000  FuseMax2DPE_59
pe_0_5                              2304.1620      1.6    1936.2420    367.9200  0.0000  FuseMax2DPE_58
pe_0_6                              2302.5240      1.6    1934.9820    367.5420  0.0000  FuseMax2DPE_57
pe_0_7                              2300.7600      1.6    1931.3280    369.4320  0.0000  FuseMax2DPE_56
pe_1_0                              2291.0580      1.6    1920.4920    370.5660  0.0000  FuseMax2DPE_55
pe_1_1                              2272.2840      1.6    1902.9780    369.3060  0.0000  FuseMax2DPE_54
pe_1_2                              2276.3160      1.6    1908.0180    368.2980  0.0000  FuseMax2DPE_53
pe_1_3                              2301.0120      1.6    1932.0840    368.9280  0.0000  FuseMax2DPE_52
pe_1_4                              2288.6640      1.6    1919.4840    369.1800  0.0000  FuseMax2DPE_51
pe_1_5                              2304.1620      1.6    1934.9820    369.1800  0.0000  FuseMax2DPE_50
pe_1_6                              2284.1280      1.6    1913.6880    370.4400  0.0000  FuseMax2DPE_49
pe_1_7                              2308.5720      1.6    1936.3680    372.2040  0.0000  FuseMax2DPE_48
pe_2_0                              2284.8840      1.6    1914.0660    370.8180  0.0000  FuseMax2DPE_47
pe_2_1                              2259.4320      1.5    1890.7560    368.6760  0.0000  FuseMax2DPE_46
pe_2_2                              2290.5540      1.6    1920.2400    370.3140  0.0000  FuseMax2DPE_45
pe_2_3                              2284.5060      1.6    1914.5700    369.9360  0.0000  FuseMax2DPE_44
pe_2_4                              2273.6700      1.6    1907.0100    366.6600  0.0000  FuseMax2DPE_43
pe_2_5                              2284.5060      1.6    1915.9560    368.5500  0.0000  FuseMax2DPE_42
pe_2_6                              2284.6320      1.6    1912.6800    371.9520  0.0000  FuseMax2DPE_41
pe_2_7                              2280.9780      1.6    1912.0500    368.9280  0.0000  FuseMax2DPE_40
pe_3_0                              2296.7280      1.6    1928.4300    368.2980  0.0000  FuseMax2DPE_39
pe_3_1                              2288.6640      1.6    1920.2400    368.4240  0.0000  FuseMax2DPE_38
pe_3_2                              2281.2300      1.6    1909.0260    372.2040  0.0000  FuseMax2DPE_37
pe_3_3                              2303.7840      1.6    1934.9820    368.8020  0.0000  FuseMax2DPE_36
pe_3_4                              2282.8680      1.6    1913.5620    369.3060  0.0000  FuseMax2DPE_35
pe_3_5                              2295.3420      1.6    1926.9180    368.4240  0.0000  FuseMax2DPE_34
pe_3_6                              2302.2720      1.6    1931.8320    370.4400  0.0000  FuseMax2DPE_33
pe_3_7                              2296.2240      1.6    1928.3040    367.9200  0.0000  FuseMax2DPE_32
pe_4_0                              2305.1700      1.6    1935.8640    369.3060  0.0000  FuseMax2DPE_31
pe_4_1                              2289.7980      1.6    1919.7360    370.0620  0.0000  FuseMax2DPE_30
pe_4_2                              2266.2360      1.5    1898.6940    367.5420  0.0000  FuseMax2DPE_29
pe_4_3                              2298.4920      1.6    1927.8000    370.6920  0.0000  FuseMax2DPE_28
pe_4_4                              2287.5300      1.6    1923.0120    364.5180  0.0000  FuseMax2DPE_27
pe_4_5                              2261.7000      1.5    1893.2760    368.4240  0.0000  FuseMax2DPE_26
pe_4_6                              2306.0520      1.6    1935.4860    370.5660  0.0000  FuseMax2DPE_25
pe_4_7                              2308.3200      1.6    1940.0220    368.2980  0.0000  FuseMax2DPE_24
pe_5_0                              2302.0200      1.6    1932.9660    369.0540  0.0000  FuseMax2DPE_23
pe_5_1                              2295.2160      1.6    1922.0040    373.2120  0.0000  FuseMax2DPE_22
pe_5_2                              2297.8620      1.6    1929.3120    368.5500  0.0000  FuseMax2DPE_21
pe_5_3                              2276.5680      1.6    1907.5140    369.0540  0.0000  FuseMax2DPE_20
pe_5_4                              2311.0920      1.6    1941.6600    369.4320  0.0000  FuseMax2DPE_19
pe_5_5                              2276.3160      1.6    1903.7340    372.5820  0.0000  FuseMax2DPE_18
pe_5_6                              2285.7660      1.6    1916.5860    369.1800  0.0000  FuseMax2DPE_17
pe_5_7                              2278.8360      1.6    1911.4200    367.4160  0.0000  FuseMax2DPE_16
pe_6_0                              2291.0580      1.6    1921.1220    369.9360  0.0000  FuseMax2DPE_15
pe_6_1                              2269.0080      1.6    1896.4260    372.5820  0.0000  FuseMax2DPE_14
pe_6_2                              2274.6780      1.6    1903.1040    371.5740  0.0000  FuseMax2DPE_13
pe_6_3                              2303.5320      1.6    1930.4460    373.0860  0.0000  FuseMax2DPE_12
pe_6_4                              2299.3740      1.6    1932.9660    366.4080  0.0000  FuseMax2DPE_11
pe_6_5                              2298.8700      1.6    1930.0680    368.8020  0.0000  FuseMax2DPE_10
pe_6_6                              2282.7420      1.6    1909.6560    373.0860  0.0000  FuseMax2DPE_9
pe_6_7                              2292.3180      1.6    1922.6340    369.6840  0.0000  FuseMax2DPE_8
pe_7_0                              2258.2980      1.5    1892.1420    366.1560  0.0000  FuseMax2DPE_7
pe_7_1                              2244.4380      1.5    1880.0460    364.3920  0.0000  FuseMax2DPE_6
pe_7_2                              2255.5260      1.5    1886.3460    369.1800  0.0000  FuseMax2DPE_5
pe_7_3                              2283.3720      1.6    1910.2860    373.0860  0.0000  FuseMax2DPE_4
pe_7_4                              2265.3540      1.5    1895.2920    370.0620  0.0000  FuseMax2DPE_3
pe_7_5                              2266.1100      1.5    1899.0720    367.0380  0.0000  FuseMax2DPE_2
pe_7_6                              2284.6320      1.6    1918.0980    366.5340  0.0000  FuseMax2DPE_1
pe_7_7                              2268.2520      1.5    1902.7260    365.5260  0.0000  FuseMax2DPE_0
--------------------------------  -----------  -------  -----------  ----------  ------  --------------
Total                                                   122724.8818  23632.6858  0.0000

1
