 
****************************************
Report : power
        -hier
        -analysis_effort low
Design : FuseMax2DArray
Version: V-2023.12
Date   : Mon Apr  6 04:53:10 2026
****************************************


Library(s) Used:

    tcbn28hpcplusbwp30p140ffg0p99v0c_ccs (File: /hpc/Tech/TSMC/digital/N28/digital/Front_End/timing_power_noise/CCS/tcbn28hpcplusbwp30p140_180a/tcbn28hpcplusbwp30p140ffg0p99v0c_ccs.db)


Operating Conditions: ffg0p99v0c   Library: tcbn28hpcplusbwp30p140ffg0p99v0c_ccs
Wire Load Model Mode: segmented

Design        Wire Load Model            Library
------------------------------------------------
FuseMax2DArray         ZeroWireload      tcbn28hpcplusbwp30p140ffg0p99v0c_ccs
FuseMax2DPE_63         ZeroWireload      tcbn28hpcplusbwp30p140ffg0p99v0c_ccs
FuseMax2DPE_56         ZeroWireload      tcbn28hpcplusbwp30p140ffg0p99v0c_ccs
FuseMax2DPE_0          ZeroWireload      tcbn28hpcplusbwp30p140ffg0p99v0c_ccs
FuseMax2DPE_8          ZeroWireload      tcbn28hpcplusbwp30p140ffg0p99v0c_ccs
FuseMax2DPE_16         ZeroWireload      tcbn28hpcplusbwp30p140ffg0p99v0c_ccs
FuseMax2DPE_24         ZeroWireload      tcbn28hpcplusbwp30p140ffg0p99v0c_ccs
FuseMax2DPE_32         ZeroWireload      tcbn28hpcplusbwp30p140ffg0p99v0c_ccs
FuseMax2DPE_40         ZeroWireload      tcbn28hpcplusbwp30p140ffg0p99v0c_ccs
FuseMax2DPE_48         ZeroWireload      tcbn28hpcplusbwp30p140ffg0p99v0c_ccs
FuseMax2DPE_1          ZeroWireload      tcbn28hpcplusbwp30p140ffg0p99v0c_ccs
FuseMax2DPE_2          ZeroWireload      tcbn28hpcplusbwp30p140ffg0p99v0c_ccs
FuseMax2DPE_3          ZeroWireload      tcbn28hpcplusbwp30p140ffg0p99v0c_ccs
FuseMax2DPE_4          ZeroWireload      tcbn28hpcplusbwp30p140ffg0p99v0c_ccs
FuseMax2DPE_5          ZeroWireload      tcbn28hpcplusbwp30p140ffg0p99v0c_ccs
FuseMax2DPE_6          ZeroWireload      tcbn28hpcplusbwp30p140ffg0p99v0c_ccs
FuseMax2DPE_7          ZeroWireload      tcbn28hpcplusbwp30p140ffg0p99v0c_ccs
FuseMax2DPE_9          ZeroWireload      tcbn28hpcplusbwp30p140ffg0p99v0c_ccs
FuseMax2DPE_10         ZeroWireload      tcbn28hpcplusbwp30p140ffg0p99v0c_ccs
FuseMax2DPE_11         ZeroWireload      tcbn28hpcplusbwp30p140ffg0p99v0c_ccs
FuseMax2DPE_12         ZeroWireload      tcbn28hpcplusbwp30p140ffg0p99v0c_ccs
FuseMax2DPE_13         ZeroWireload      tcbn28hpcplusbwp30p140ffg0p99v0c_ccs
FuseMax2DPE_14         ZeroWireload      tcbn28hpcplusbwp30p140ffg0p99v0c_ccs
FuseMax2DPE_15         ZeroWireload      tcbn28hpcplusbwp30p140ffg0p99v0c_ccs
FuseMax2DPE_17         ZeroWireload      tcbn28hpcplusbwp30p140ffg0p99v0c_ccs
FuseMax2DPE_18         ZeroWireload      tcbn28hpcplusbwp30p140ffg0p99v0c_ccs
FuseMax2DPE_19         ZeroWireload      tcbn28hpcplusbwp30p140ffg0p99v0c_ccs
FuseMax2DPE_20         ZeroWireload      tcbn28hpcplusbwp30p140ffg0p99v0c_ccs
FuseMax2DPE_21         ZeroWireload      tcbn28hpcplusbwp30p140ffg0p99v0c_ccs
FuseMax2DPE_22         ZeroWireload      tcbn28hpcplusbwp30p140ffg0p99v0c_ccs
FuseMax2DPE_23         ZeroWireload      tcbn28hpcplusbwp30p140ffg0p99v0c_ccs
FuseMax2DPE_25         ZeroWireload      tcbn28hpcplusbwp30p140ffg0p99v0c_ccs
FuseMax2DPE_26         ZeroWireload      tcbn28hpcplusbwp30p140ffg0p99v0c_ccs
FuseMax2DPE_27         ZeroWireload      tcbn28hpcplusbwp30p140ffg0p99v0c_ccs
FuseMax2DPE_28         ZeroWireload      tcbn28hpcplusbwp30p140ffg0p99v0c_ccs
FuseMax2DPE_29         ZeroWireload      tcbn28hpcplusbwp30p140ffg0p99v0c_ccs
FuseMax2DPE_30         ZeroWireload      tcbn28hpcplusbwp30p140ffg0p99v0c_ccs
FuseMax2DPE_31         ZeroWireload      tcbn28hpcplusbwp30p140ffg0p99v0c_ccs
FuseMax2DPE_33         ZeroWireload      tcbn28hpcplusbwp30p140ffg0p99v0c_ccs
FuseMax2DPE_34         ZeroWireload      tcbn28hpcplusbwp30p140ffg0p99v0c_ccs
FuseMax2DPE_35         ZeroWireload      tcbn28hpcplusbwp30p140ffg0p99v0c_ccs
FuseMax2DPE_36         ZeroWireload      tcbn28hpcplusbwp30p140ffg0p99v0c_ccs
FuseMax2DPE_37         ZeroWireload      tcbn28hpcplusbwp30p140ffg0p99v0c_ccs
FuseMax2DPE_38         ZeroWireload      tcbn28hpcplusbwp30p140ffg0p99v0c_ccs
FuseMax2DPE_39         ZeroWireload      tcbn28hpcplusbwp30p140ffg0p99v0c_ccs
FuseMax2DPE_41         ZeroWireload      tcbn28hpcplusbwp30p140ffg0p99v0c_ccs
FuseMax2DPE_42         ZeroWireload      tcbn28hpcplusbwp30p140ffg0p99v0c_ccs
FuseMax2DPE_43         ZeroWireload      tcbn28hpcplusbwp30p140ffg0p99v0c_ccs
FuseMax2DPE_44         ZeroWireload      tcbn28hpcplusbwp30p140ffg0p99v0c_ccs
FuseMax2DPE_45         ZeroWireload      tcbn28hpcplusbwp30p140ffg0p99v0c_ccs
FuseMax2DPE_46         ZeroWireload      tcbn28hpcplusbwp30p140ffg0p99v0c_ccs
FuseMax2DPE_47         ZeroWireload      tcbn28hpcplusbwp30p140ffg0p99v0c_ccs
FuseMax2DPE_49         ZeroWireload      tcbn28hpcplusbwp30p140ffg0p99v0c_ccs
FuseMax2DPE_50         ZeroWireload      tcbn28hpcplusbwp30p140ffg0p99v0c_ccs
FuseMax2DPE_51         ZeroWireload      tcbn28hpcplusbwp30p140ffg0p99v0c_ccs
FuseMax2DPE_52         ZeroWireload      tcbn28hpcplusbwp30p140ffg0p99v0c_ccs
FuseMax2DPE_53         ZeroWireload      tcbn28hpcplusbwp30p140ffg0p99v0c_ccs
FuseMax2DPE_54         ZeroWireload      tcbn28hpcplusbwp30p140ffg0p99v0c_ccs
FuseMax2DPE_55         ZeroWireload      tcbn28hpcplusbwp30p140ffg0p99v0c_ccs
FuseMax2DPE_57         ZeroWireload      tcbn28hpcplusbwp30p140ffg0p99v0c_ccs
FuseMax2DPE_58         ZeroWireload      tcbn28hpcplusbwp30p140ffg0p99v0c_ccs
FuseMax2DPE_59         ZeroWireload      tcbn28hpcplusbwp30p140ffg0p99v0c_ccs
FuseMax2DPE_60         ZeroWireload      tcbn28hpcplusbwp30p140ffg0p99v0c_ccs
FuseMax2DPE_61         ZeroWireload      tcbn28hpcplusbwp30p140ffg0p99v0c_ccs
FuseMax2DPE_62         ZeroWireload      tcbn28hpcplusbwp30p140ffg0p99v0c_ccs


Global Operating Voltage = 0.99 
Power-specific unit information :
    Voltage Units = 1V
    Capacitance Units = 1.000000pf
    Time Units = 1ns
    Dynamic Power Units = 1mW    (derived from V,C,T units)
    Leakage Power Units = 1nW


--------------------------------------------------------------------------------
                                       Switch   Int      Leak     Total
Hierarchy                              Power    Power    Power    Power    %
--------------------------------------------------------------------------------
FuseMax2DArray                            5.994   51.851 7.40e+05   58.585 100.0
  pe_7_7 (FuseMax2DPE_0)               9.72e-02    0.797 1.21e+04    0.906   1.5
  pe_7_6 (FuseMax2DPE_1)               8.63e-02    0.789 1.21e+04    0.887   1.5
  pe_7_5 (FuseMax2DPE_2)               8.79e-02    0.792 1.20e+04    0.892   1.5
  pe_7_4 (FuseMax2DPE_3)               8.98e-02    0.797 1.20e+04    0.899   1.5
  pe_7_3 (FuseMax2DPE_4)               9.55e-02    0.809 1.22e+04    0.917   1.6
  pe_7_2 (FuseMax2DPE_5)               9.33e-02    0.801 1.18e+04    0.906   1.5
  pe_7_1 (FuseMax2DPE_6)               9.33e-02    0.794 1.16e+04    0.899   1.5
  pe_7_0 (FuseMax2DPE_7)               9.61e-02    0.800 1.18e+04    0.908   1.6
  pe_6_7 (FuseMax2DPE_8)               8.48e-02    0.800 1.15e+04    0.896   1.5
  pe_6_6 (FuseMax2DPE_9)               8.50e-02    0.805 1.14e+04    0.901   1.5
  pe_6_5 (FuseMax2DPE_10)              8.76e-02    0.800 1.16e+04    0.899   1.5
  pe_6_4 (FuseMax2DPE_11)              8.58e-02    0.797 1.16e+04    0.894   1.5
  pe_6_3 (FuseMax2DPE_12)              9.26e-02    0.813 1.17e+04    0.917   1.6
  pe_6_2 (FuseMax2DPE_13)              8.75e-02    0.807 1.14e+04    0.906   1.5
  pe_6_1 (FuseMax2DPE_14)              8.76e-02    0.809 1.12e+04    0.908   1.5
  pe_6_0 (FuseMax2DPE_15)              9.41e-02    0.813 1.15e+04    0.919   1.6
  pe_5_7 (FuseMax2DPE_16)              7.95e-02    0.792 1.14e+04    0.883   1.5
  pe_5_6 (FuseMax2DPE_17)              8.58e-02    0.799 1.14e+04    0.896   1.5
  pe_5_5 (FuseMax2DPE_18)              8.63e-02    0.807 1.14e+04    0.905   1.5
  pe_5_4 (FuseMax2DPE_19)              8.61e-02    0.802 1.16e+04    0.900   1.5
  pe_5_3 (FuseMax2DPE_20)              8.74e-02    0.801 1.14e+04    0.900   1.5
  pe_5_2 (FuseMax2DPE_21)              9.11e-02    0.805 1.16e+04    0.908   1.6
  pe_5_1 (FuseMax2DPE_22)              9.18e-02    0.817 1.16e+04    0.920   1.6
  pe_5_0 (FuseMax2DPE_23)              9.57e-02    0.813 1.16e+04    0.920   1.6
  pe_4_7 (FuseMax2DPE_24)              8.61e-02    0.800 1.16e+04    0.897   1.5
  pe_4_6 (FuseMax2DPE_25)              9.18e-02    0.809 1.16e+04    0.912   1.6
  pe_4_5 (FuseMax2DPE_26)              8.62e-02    0.800 1.12e+04    0.897   1.5
  pe_4_4 (FuseMax2DPE_27)              9.05e-02    0.798 1.15e+04    0.900   1.5
  pe_4_3 (FuseMax2DPE_28)              8.91e-02    0.805 1.15e+04    0.906   1.5
  pe_4_2 (FuseMax2DPE_29)              9.01e-02    0.805 1.13e+04    0.906   1.5
  pe_4_1 (FuseMax2DPE_30)              9.63e-02    0.814 1.15e+04    0.922   1.6
  pe_4_0 (FuseMax2DPE_31)              9.53e-02    0.812 1.16e+04    0.919   1.6
  pe_3_7 (FuseMax2DPE_32)              8.70e-02    0.801 1.15e+04    0.899   1.5
  pe_3_6 (FuseMax2DPE_33)              8.84e-02    0.806 1.16e+04    0.906   1.5
  pe_3_5 (FuseMax2DPE_34)              8.93e-02    0.803 1.15e+04    0.904   1.5
  pe_3_4 (FuseMax2DPE_35)              8.91e-02    0.807 1.14e+04    0.907   1.5
  pe_3_3 (FuseMax2DPE_36)              9.47e-02    0.811 1.17e+04    0.918   1.6
  pe_3_2 (FuseMax2DPE_37)              9.28e-02    0.816 1.15e+04    0.920   1.6
  pe_3_1 (FuseMax2DPE_38)              9.82e-02    0.815 1.14e+04    0.925   1.6
  pe_3_0 (FuseMax2DPE_39)                 0.101    0.818 1.16e+04    0.931   1.6
  pe_2_7 (FuseMax2DPE_40)              8.68e-02    0.803 1.14e+04    0.902   1.5
  pe_2_6 (FuseMax2DPE_41)              9.22e-02    0.813 1.15e+04    0.917   1.6
  pe_2_5 (FuseMax2DPE_42)              9.00e-02    0.805 1.14e+04    0.907   1.5
  pe_2_4 (FuseMax2DPE_43)              9.48e-02    0.808 1.13e+04    0.914   1.6
  pe_2_3 (FuseMax2DPE_44)              9.44e-02    0.812 1.15e+04    0.918   1.6
  pe_2_2 (FuseMax2DPE_45)              9.47e-02    0.816 1.15e+04    0.922   1.6
  pe_2_1 (FuseMax2DPE_46)              9.98e-02    0.817 1.13e+04    0.928   1.6
  pe_2_0 (FuseMax2DPE_47)                 0.101    0.825 1.15e+04    0.937   1.6
  pe_1_7 (FuseMax2DPE_48)              9.58e-02    0.818 1.17e+04    0.925   1.6
  pe_1_6 (FuseMax2DPE_49)              9.39e-02    0.813 1.15e+04    0.919   1.6
  pe_1_5 (FuseMax2DPE_50)              9.62e-02    0.814 1.17e+04    0.922   1.6
  pe_1_4 (FuseMax2DPE_51)              9.74e-02    0.816 1.15e+04    0.925   1.6
  pe_1_3 (FuseMax2DPE_52)                 0.101    0.821 1.16e+04    0.934   1.6
  pe_1_2 (FuseMax2DPE_53)              9.96e-02    0.818 1.14e+04    0.929   1.6
  pe_1_1 (FuseMax2DPE_54)                 0.103    0.823 1.13e+04    0.937   1.6
  pe_1_0 (FuseMax2DPE_55)                 0.106    0.828 1.16e+04    0.946   1.6
  pe_0_7 (FuseMax2DPE_56)              9.68e-02    0.819 1.16e+04    0.928   1.6
  pe_0_6 (FuseMax2DPE_57)                 0.102    0.824 1.17e+04    0.937   1.6
  pe_0_5 (FuseMax2DPE_58)                 0.101    0.823 1.16e+04    0.936   1.6
  pe_0_4 (FuseMax2DPE_59)                 0.100    0.827 1.16e+04    0.939   1.6
  pe_0_3 (FuseMax2DPE_60)                 0.105    0.826 1.15e+04    0.942   1.6
  pe_0_2 (FuseMax2DPE_61)                 0.106    0.830 1.15e+04    0.948   1.6
  pe_0_1 (FuseMax2DPE_62)                 0.110    0.835 1.13e+04    0.957   1.6
  pe_0_0 (FuseMax2DPE_63)                 0.112    0.838 1.18e+04    0.962   1.6
1
