Information: Updating design information... (UID-85)
Warning: Design 'FuseMax2DArray' contains 2 high-fanout nets. A fanout number of 1000 will be used for delay calculations involving these nets. (TIM-134)
 
****************************************
Report : timing
        -path full
        -delay max
        -nets
        -max_paths 1
        -transition_time
Design : FuseMax2DArray
Version: V-2023.12
Date   : Mon Apr  6 04:53:08 2026
****************************************

 # A fanout number of 1000 was used for high fanout net computations.

Operating Conditions: ffg0p99v0c   Library: tcbn28hpcplusbwp30p140ffg0p99v0c_ccs
Wire Load Model Mode: segmented

  Startpoint: pe_0_6/rf_0_bits_reg[13]
              (rising edge-triggered flip-flop clocked by ideal_clock1)
  Endpoint: pe_1_6/northReg_bits_reg[4]
            (rising edge-triggered flip-flop clocked by ideal_clock1)
  Path Group: ideal_clock1
  Path Type: max

  Des/Clust/Port     Wire Load Model       Library
  ------------------------------------------------
  FuseMax2DPE_62     ZeroWireload          tcbn28hpcplusbwp30p140ffg0p99v0c_ccs
  FuseMax2DPE_61     ZeroWireload          tcbn28hpcplusbwp30p140ffg0p99v0c_ccs
  FuseMax2DPE_60     ZeroWireload          tcbn28hpcplusbwp30p140ffg0p99v0c_ccs
  FuseMax2DPE_59     ZeroWireload          tcbn28hpcplusbwp30p140ffg0p99v0c_ccs
  FuseMax2DPE_58     ZeroWireload          tcbn28hpcplusbwp30p140ffg0p99v0c_ccs
  FuseMax2DPE_57     ZeroWireload          tcbn28hpcplusbwp30p140ffg0p99v0c_ccs
  FuseMax2DPE_55     ZeroWireload          tcbn28hpcplusbwp30p140ffg0p99v0c_ccs
  FuseMax2DPE_54     ZeroWireload          tcbn28hpcplusbwp30p140ffg0p99v0c_ccs
  FuseMax2DPE_53     ZeroWireload          tcbn28hpcplusbwp30p140ffg0p99v0c_ccs
  FuseMax2DPE_52     ZeroWireload          tcbn28hpcplusbwp30p140ffg0p99v0c_ccs
  FuseMax2DPE_51     ZeroWireload          tcbn28hpcplusbwp30p140ffg0p99v0c_ccs
  FuseMax2DPE_50     ZeroWireload          tcbn28hpcplusbwp30p140ffg0p99v0c_ccs
  FuseMax2DPE_49     ZeroWireload          tcbn28hpcplusbwp30p140ffg0p99v0c_ccs
  FuseMax2DPE_47     ZeroWireload          tcbn28hpcplusbwp30p140ffg0p99v0c_ccs
  FuseMax2DPE_46     ZeroWireload          tcbn28hpcplusbwp30p140ffg0p99v0c_ccs
  FuseMax2DPE_45     ZeroWireload          tcbn28hpcplusbwp30p140ffg0p99v0c_ccs
  FuseMax2DPE_44     ZeroWireload          tcbn28hpcplusbwp30p140ffg0p99v0c_ccs
  FuseMax2DPE_43     ZeroWireload          tcbn28hpcplusbwp30p140ffg0p99v0c_ccs
  FuseMax2DPE_42     ZeroWireload          tcbn28hpcplusbwp30p140ffg0p99v0c_ccs
  FuseMax2DPE_41     ZeroWireload          tcbn28hpcplusbwp30p140ffg0p99v0c_ccs
  FuseMax2DPE_39     ZeroWireload          tcbn28hpcplusbwp30p140ffg0p99v0c_ccs
  FuseMax2DPE_38     ZeroWireload          tcbn28hpcplusbwp30p140ffg0p99v0c_ccs
  FuseMax2DPE_37     ZeroWireload          tcbn28hpcplusbwp30p140ffg0p99v0c_ccs
  FuseMax2DPE_36     ZeroWireload          tcbn28hpcplusbwp30p140ffg0p99v0c_ccs
  FuseMax2DPE_35     ZeroWireload          tcbn28hpcplusbwp30p140ffg0p99v0c_ccs
  FuseMax2DPE_34     ZeroWireload          tcbn28hpcplusbwp30p140ffg0p99v0c_ccs
  FuseMax2DPE_33     ZeroWireload          tcbn28hpcplusbwp30p140ffg0p99v0c_ccs
  FuseMax2DPE_31     ZeroWireload          tcbn28hpcplusbwp30p140ffg0p99v0c_ccs
  FuseMax2DPE_30     ZeroWireload          tcbn28hpcplusbwp30p140ffg0p99v0c_ccs
  FuseMax2DPE_29     ZeroWireload          tcbn28hpcplusbwp30p140ffg0p99v0c_ccs
  FuseMax2DPE_28     ZeroWireload          tcbn28hpcplusbwp30p140ffg0p99v0c_ccs
  FuseMax2DPE_27     ZeroWireload          tcbn28hpcplusbwp30p140ffg0p99v0c_ccs
  FuseMax2DPE_26     ZeroWireload          tcbn28hpcplusbwp30p140ffg0p99v0c_ccs
  FuseMax2DPE_25     ZeroWireload          tcbn28hpcplusbwp30p140ffg0p99v0c_ccs
  FuseMax2DPE_23     ZeroWireload          tcbn28hpcplusbwp30p140ffg0p99v0c_ccs
  FuseMax2DPE_22     ZeroWireload          tcbn28hpcplusbwp30p140ffg0p99v0c_ccs
  FuseMax2DPE_21     ZeroWireload          tcbn28hpcplusbwp30p140ffg0p99v0c_ccs
  FuseMax2DPE_20     ZeroWireload          tcbn28hpcplusbwp30p140ffg0p99v0c_ccs
  FuseMax2DPE_19     ZeroWireload          tcbn28hpcplusbwp30p140ffg0p99v0c_ccs
  FuseMax2DPE_18     ZeroWireload          tcbn28hpcplusbwp30p140ffg0p99v0c_ccs
  FuseMax2DPE_17     ZeroWireload          tcbn28hpcplusbwp30p140ffg0p99v0c_ccs
  FuseMax2DPE_15     ZeroWireload          tcbn28hpcplusbwp30p140ffg0p99v0c_ccs
  FuseMax2DPE_14     ZeroWireload          tcbn28hpcplusbwp30p140ffg0p99v0c_ccs
  FuseMax2DPE_13     ZeroWireload          tcbn28hpcplusbwp30p140ffg0p99v0c_ccs
  FuseMax2DPE_12     ZeroWireload          tcbn28hpcplusbwp30p140ffg0p99v0c_ccs
  FuseMax2DPE_11     ZeroWireload          tcbn28hpcplusbwp30p140ffg0p99v0c_ccs
  FuseMax2DPE_10     ZeroWireload          tcbn28hpcplusbwp30p140ffg0p99v0c_ccs
  FuseMax2DPE_9      ZeroWireload          tcbn28hpcplusbwp30p140ffg0p99v0c_ccs
  FuseMax2DPE_7      ZeroWireload          tcbn28hpcplusbwp30p140ffg0p99v0c_ccs
  FuseMax2DPE_6      ZeroWireload          tcbn28hpcplusbwp30p140ffg0p99v0c_ccs
  FuseMax2DPE_5      ZeroWireload          tcbn28hpcplusbwp30p140ffg0p99v0c_ccs
  FuseMax2DPE_4      ZeroWireload          tcbn28hpcplusbwp30p140ffg0p99v0c_ccs
  FuseMax2DPE_3      ZeroWireload          tcbn28hpcplusbwp30p140ffg0p99v0c_ccs
  FuseMax2DPE_2      ZeroWireload          tcbn28hpcplusbwp30p140ffg0p99v0c_ccs
  FuseMax2DPE_1      ZeroWireload          tcbn28hpcplusbwp30p140ffg0p99v0c_ccs
  FuseMax2DPE_48     ZeroWireload          tcbn28hpcplusbwp30p140ffg0p99v0c_ccs
  FuseMax2DPE_40     ZeroWireload          tcbn28hpcplusbwp30p140ffg0p99v0c_ccs
  FuseMax2DPE_32     ZeroWireload          tcbn28hpcplusbwp30p140ffg0p99v0c_ccs
  FuseMax2DPE_24     ZeroWireload          tcbn28hpcplusbwp30p140ffg0p99v0c_ccs
  FuseMax2DPE_16     ZeroWireload          tcbn28hpcplusbwp30p140ffg0p99v0c_ccs
  FuseMax2DPE_8      ZeroWireload          tcbn28hpcplusbwp30p140ffg0p99v0c_ccs
  FuseMax2DPE_0      ZeroWireload          tcbn28hpcplusbwp30p140ffg0p99v0c_ccs
  FuseMax2DPE_56     ZeroWireload          tcbn28hpcplusbwp30p140ffg0p99v0c_ccs
  FuseMax2DArray     ZeroWireload          tcbn28hpcplusbwp30p140ffg0p99v0c_ccs
  FuseMax2DPE_63     ZeroWireload          tcbn28hpcplusbwp30p140ffg0p99v0c_ccs

Attributes:
    d - dont_touch
    u - dont_use
   mo - map_only
   so - size_only
    i - ideal_net or ideal_network
  inf - infeasible path

  Point                                                     Fanout     Trans      Incr       Path      Attributes
  -----------------------------------------------------------------------------------------------------------------------
  clock ideal_clock1 (rise edge)                                                  0.00       0.00
  clock network delay (ideal)                                                     0.00       0.00
  pe_0_6/rf_0_bits_reg[13]/CP (DFQD1BWP30P140)                          0.00      0.00 #     0.00 r
  pe_0_6/rf_0_bits_reg[13]/Q (DFQD1BWP30P140)                           0.01      0.04       0.04 f
  pe_0_6/_GEN[15][13] (net)                                   5                   0.00       0.04 f
  pe_0_6/U1035/ZN (AOI22D1BWP30P140)                                    0.03      0.01       0.05 r
  pe_0_6/n356 (net)                                           1                   0.00       0.05 r
  pe_0_6/U1036/ZN (ND3D1BWP30P140)                                      0.01      0.01       0.06 f
  pe_0_6/n365 (net)                                           1                   0.00       0.06 f
  pe_0_6/U1043/ZN (NR3D0P7BWP30P140)                                    0.04      0.03       0.09 r
  pe_0_6/n2791 (net)                                          7                   0.00       0.09 r
  pe_0_6/U1125/ZN (OAI21D1BWP30P140)                                    0.03      0.02       0.11 f
  pe_0_6/n460 (net)                                           1                   0.00       0.11 f
  pe_0_6/U54/S (FA1OPTCD2BWP30P140)                                     0.02      0.06       0.18 r
  pe_0_6/n462 (net)                                           4                   0.00       0.18 r
  pe_0_6/U505/S (FA1D4BWP30P140)                                        0.01      0.04       0.22 f
  pe_0_6/n700 (net)                                           3                   0.00       0.22 f
  pe_0_6/U1293/Z (OR2D1BWP30P140)                                       0.01      0.01       0.23 f
  pe_0_6/n617 (net)                                           1                   0.00       0.23 f
  pe_0_6/U453/ZN (NR3D1P5BWP30P140)                                     0.02      0.01       0.24 r
  pe_0_6/n85 (net)                                            1                   0.00       0.24 r
  pe_0_6/U452/Z (XOR2OPTND2BWP30P140)                                   0.02      0.01       0.25 f
  pe_0_6/n794 (net)                                           2                   0.00       0.25 f
  pe_0_6/U558/ZN (INR2D4BWP30P140)                                      0.01      0.01       0.27 r
  pe_0_6/n692 (net)                                           3                   0.00       0.27 r
  pe_0_6/U1294/ZN (INVD1BWP30P140)                                      0.02      0.01       0.28 f
  pe_0_6/n620 (net)                                           1                   0.00       0.28 f
  pe_0_6/U309/ZN (INR2D6BWP30P140)                                      0.02      0.02       0.29 r
  pe_0_6/n1303 (net)                                         16                   0.00       0.29 r
  pe_0_6/U373/ZN (MUX2ND0BWP30P140)                                     0.02      0.02       0.31 r
  pe_0_6/n827 (net)                                           2                   0.00       0.31 r
  pe_0_6/U1474/ZN (MUX2NUD1BWP30P140)                                   0.02      0.01       0.33 f
  pe_0_6/n1215 (net)                                          2                   0.00       0.33 f
  pe_0_6/U1479/ZN (MUX2NUD1BWP30P140)                                   0.02      0.02       0.34 r
  pe_0_6/n1565 (net)                                          2                   0.00       0.34 r
  pe_0_6/U1483/ZN (MUX2ND0BWP30P140)                                    0.02      0.02       0.36 f
  pe_0_6/n1678 (net)                                          2                   0.00       0.36 f
  pe_0_6/U1484/ZN (NR2D1BWP30P140)                                      0.01      0.01       0.37 r
  pe_0_6/n833 (net)                                           1                   0.00       0.37 r
  pe_0_6/U349/S (FA1D1BWP30P140)                                        0.01      0.03       0.41 f
  pe_0_6/n888 (net)                                           2                   0.00       0.41 f
  pe_0_6/U1535/ZN (ND2D1BWP30P140)                                      0.01      0.01       0.41 r
  pe_0_6/n962 (net)                                           2                   0.00       0.41 r
  pe_0_6/U152/ZN (OAI21D1BWP30P140)                                     0.01      0.01       0.43 f
  pe_0_6/n957 (net)                                           2                   0.00       0.43 f
  pe_0_6/U345/ZN (AOI21D1BWP30P140)                                     0.01      0.01       0.44 r
  pe_0_6/n1379 (net)                                          2                   0.00       0.44 r
  pe_0_6/U415/ZN (INVD0BWP30P140)                                       0.01      0.01       0.45 f
  pe_0_6/n71 (net)                                            1                   0.00       0.45 f
  pe_0_6/U414/ZN (ND3OPTPAD1BWP30P140)                                  0.01      0.01       0.45 r
  pe_0_6/n70 (net)                                            1                   0.00       0.45 r
  pe_0_6/U395/ZN (ND2D2BWP30P140)                                       0.01      0.01       0.46 f
  pe_0_6/n2255 (net)                                          2                   0.00       0.46 f
  pe_0_6/U1939/ZN (AOI21D2BWP30P140)                                    0.01      0.01       0.47 r
  pe_0_6/n1932 (net)                                          1                   0.00       0.47 r
  pe_0_6/U199/Z (BUFFD6BWP30P140)                                       0.01      0.01       0.49 r
  pe_0_6/n12 (net)                                           18                   0.00       0.49 r
  pe_0_6/U346/ZN (OAI21D1BWP30P140)                                     0.02      0.01       0.50 f
  pe_0_6/n2142 (net)                                          1                   0.00       0.50 f
  pe_0_6/U2360/ZN (XNR2OPTND2BWP30P140)                                 0.02      0.02       0.52 f
  pe_0_6/n3308 (net)                                          3                   0.00       0.52 f
  pe_0_6/U196/Z (XOR2UD1BWP30P140)                                      0.02      0.02       0.54 f
  pe_0_6/n3384 (net)                                          2                   0.00       0.54 f
  pe_0_6/sharedMacOut_mac/ULSD/U1/UEN0_0_1_5/ZN (AOI21D1BWP30P140)      0.01      0.01       0.55 r    mo 
  pe_0_6/sharedMacOut_mac/ULSD/U1/enc_tree[0][1][22] (net)     1                  0.00       0.55 r
  pe_0_6/sharedMacOut_mac/ULSD/U1/UEN1_0_2_2/ZN (OAI21D1BWP30P140)      0.01      0.01       0.56 f    mo 
  pe_0_6/sharedMacOut_mac/ULSD/U1/enc_tree[0][2][20] (net)     1                  0.00       0.56 f
  pe_0_6/U511/ZN (AOI21D2BWP30P140)                                     0.01      0.01       0.58 r    mo 
  pe_0_6/sharedMacOut_mac/ULSD/U1/enc_tree[0][3][24] (net)     1                  0.00       0.58 r
  pe_0_6/U538/Z (OA21D8BWP30P140)                                       0.01      0.02       0.60 r
  pe_0_6/n2550 (net)                                         12                   0.00       0.60 r
  pe_0_6/U25/ZN (IND2D4BWP30P140)                                       0.01      0.01       0.61 r
  pe_0_6/n2546 (net)                                         22                   0.00       0.61 r
  pe_0_6/U342/ZN (OAI22D0BWP30P140)                                     0.02      0.01       0.62 f
  pe_0_6/n2264 (net)                                          1                   0.00       0.62 f
  pe_0_6/U2437/ZN (NR2D1BWP30P140)                                      0.02      0.02       0.64 r
  pe_0_6/n2497 (net)                                          3                   0.00       0.64 r
  pe_0_6/U410/ZN (MUX2NOPTD2BWP30P140)                                  0.02      0.01       0.65 f
  pe_0_6/n2608 (net)                                          3                   0.00       0.65 f
  pe_0_6/U409/ZN (MUX2NOPTD2BWP30P140)                                  0.02      0.01       0.67 r
  pe_0_6/n2610 (net)                                          3                   0.00       0.67 r
  pe_0_6/U19/ZN (NR2D1BWP30P140)                                        0.01      0.01       0.67 f
  pe_0_6/n68 (net)                                            1                   0.00       0.67 f
  pe_0_6/U341/ZN (NR3D1BWP30P140)                                       0.02      0.01       0.69 r
  pe_0_6/n2946 (net)                                          4                   0.00       0.69 r
  pe_0_6/U2945/CO (HA1D2BWP30P140)                                      0.01      0.02       0.70 r
  pe_0_6/n2964 (net)                                          1                   0.00       0.70 r
  pe_0_6/U2994/CO (HA1D2BWP30P140)                                      0.01      0.02       0.72 r
  pe_0_6/n3005 (net)                                          1                   0.00       0.72 r
  pe_0_6/U3042/CO (HA1D2BWP30P140)                                      0.01      0.02       0.73 r
  pe_0_6/n2985 (net)                                          1                   0.00       0.73 r
  pe_0_6/U513/CO (HA1D2BWP30P140)                                       0.01      0.02       0.75 r
  pe_0_6/n3085 (net)                                          1                   0.00       0.75 r
  pe_0_6/U3134/CO (HA1D2BWP30P140)                                      0.01      0.02       0.77 r
  pe_0_6/n3065 (net)                                          1                   0.00       0.77 r
  pe_0_6/U3110/CO (HA1D2BWP30P140)                                      0.01      0.02       0.78 r
  pe_0_6/n3105 (net)                                          1                   0.00       0.78 r
  pe_0_6/U3157/CO (HA1D2BWP30P140)                                      0.01      0.02       0.80 r
  pe_0_6/n3125 (net)                                          1                   0.00       0.80 r
  pe_0_6/U508/CO (HA1D1BWP30P140)                                       0.01      0.02       0.81 r
  pe_0_6/n3127 (net)                                          1                   0.00       0.81 r
  pe_0_6/U326/Z (XOR2OPTND2BWP30P140)                                   0.02      0.01       0.82 f
  pe_0_6/n55 (net)                                            1                   0.00       0.82 f
  pe_0_6/U177/ZN (AOI21D6BWP30P140)                                     0.02      0.01       0.84 r
  pe_0_6/n3220 (net)                                         12                   0.00       0.84 r
  pe_0_6/U423/ZN (ND2OPTIBD4BWP30P140)                                  0.01      0.01       0.84 f
  pe_0_6/n3190 (net)                                          4                   0.00       0.84 f
  pe_0_6/U267/ZN (INVD2BWP30P140)                                       0.01      0.01       0.85 r
  pe_0_6/n28 (net)                                            1                   0.00       0.85 r
  pe_0_6/U265/ZN (ND3OPTPAD2BWP30P140)                                  0.01      0.01       0.86 f
  pe_0_6/n27 (net)                                            1                   0.00       0.86 f
  pe_0_6/U174/ZN (ND2OPTIBD4BWP30P140)                                  0.01      0.01       0.87 r
  pe_0_6/n3222 (net)                                          6                   0.00       0.87 r
  pe_0_6/U4/Z (AO21D1BWP30P140)                                         0.01      0.02       0.88 r
  pe_0_6/n3252 (net)                                          3                   0.00       0.88 r
  pe_0_6/U115/ZN (INVD1BWP30P140)                                       0.01      0.01       0.89 f
  pe_0_6/n3350 (net)                                          5                   0.00       0.89 f
  pe_0_6/U3258/ZN (INR2D1BWP30P140)                                     0.01      0.02       0.91 f
  pe_0_6/n3277 (net)                                          3                   0.00       0.91 f
  pe_0_6/U103/ZN (INVD0BWP30P140)                                       0.02      0.02       0.93 r
  pe_0_6/n3343 (net)                                          6                   0.00       0.93 r
  pe_0_6/U3294/ZN (OAI22D1BWP30P140)                                    0.02      0.01       0.94 f
  pe_0_6/n3296 (net)                                          1                   0.00       0.94 f
  pe_0_6/U366/ZN (AOI21D1BWP30P140)                                     0.01      0.01       0.95 r
  pe_0_6/n3297 (net)                                          1                   0.00       0.95 r
  pe_0_6/U3295/ZN (OAI21D1BWP30P140)                                    0.01      0.01       0.97 f
  pe_0_6/n3300 (net)                                          1                   0.00       0.97 f
  pe_0_6/U3298/ZN (AOI21D1BWP30P140)                                    0.01      0.01       0.98 r
  pe_0_6/n3301 (net)                                          1                   0.00       0.98 r
  pe_0_6/U3299/ZN (OAI31D1BWP30P140)                                    0.02      0.01       0.99 f
  pe_0_6/io_out_s_bits[4] (net)                               1                   0.00       0.99 f
  pe_0_6/io_out_s_bits[4] (FuseMax2DPE_57)                                        0.00       0.99 f
  _pe_0_6_io_out_s_bits[4] (net)                                                  0.00       0.99 f
  pe_1_6/io_in_n_bits[4] (FuseMax2DPE_49)                                         0.00       0.99 f
  pe_1_6/io_in_n_bits[4] (net)                                                    0.00       0.99 f
  pe_1_6/U326/ZN (INVD1BWP30P140)                                       0.01      0.01       1.00 r
  pe_1_6/n26 (net)                                            1                   0.00       1.00 r
  pe_1_6/U215/ZN (NR2D1BWP30P140)                                       0.01      0.00       1.00 f
  pe_1_6/N492 (net)                                           1                   0.00       1.00 f
  pe_1_6/northReg_bits_reg[4]/D (DFQD1BWP30P140)                        0.01      0.00       1.00 f
  data arrival time                                                                          1.00

  clock ideal_clock1 (rise edge)                                                  1.00       1.00
  clock network delay (ideal)                                                     0.00       1.00
  pe_1_6/northReg_bits_reg[4]/CP (DFQD1BWP30P140)                                 0.00       1.00 r
  library setup time                                                              0.00       1.00
  data required time                                                                         1.00
  -----------------------------------------------------------------------------------------------------------------------
  data required time                                                                         1.00
  data arrival time                                                                         -1.00
  -----------------------------------------------------------------------------------------------------------------------
  slack (MET)                                                                                0.00


1
