 
****************************************
Report : area
Design : SystolicArray
Version: V-2023.12
Date   : Mon Apr  6 15:27:30 2026
****************************************

Library(s) Used:

    tcbn28hpcplusbwp30p140ffg0p99v0c_ccs (File: /hpc/Tech/TSMC/digital/N28/digital/Front_End/timing_power_noise/CCS/tcbn28hpcplusbwp30p140_180a/tcbn28hpcplusbwp30p140ffg0p99v0c_ccs.db)

Number of ports:                        28202
Number of nets:                        811490
Number of cells:                       758942
Number of combinational cells:         739662
Number of sequential cells:             18880
Number of macros/black boxes:               0
Number of buf/inv:                     139444
Number of references:                     400

Combinational area:             443320.164216
Buf/Inv area:                    38400.642464
Noncombinational area:           36957.563399
Macro/Black Box area:                0.000000
Net Interconnect area:      undefined  (Wire load has zero net area)

Total cell area:                480277.727615
Total area:                 undefined

Hierarchical area distribution
------------------------------

                                  Global cell area              Local cell area
                                  --------------------  ------------------------------- 
Hierarchical cell                 Absolute     Percent  Combi-       Noncombi-   Black-
                                  Total        Total    national     national    boxes   Design
--------------------------------  -----------  -------  -----------  ----------  ------  ---------
SystolicArray                     480277.7276    100.0       0.0000      0.0000  0.0000  SystolicArray
pes_0                               1182.8880      0.2    1088.3880     94.5000  0.0000  PE_399
pes_0_1                             1164.1140      0.2    1069.6140     94.5000  0.0000  PE_379
pes_0_10                            1160.9640      0.2    1066.8420     94.1220  0.0000  PE_199
pes_0_11                            1163.6100      0.2    1069.4880     94.1220  0.0000  PE_179
pes_0_12                            1156.9320      0.2    1062.8100     94.1220  0.0000  PE_159
pes_0_13                            1163.8620      0.2    1069.3620     94.5000  0.0000  PE_139
pes_0_14                            1162.9800      0.2    1070.3700     92.6100  0.0000  PE_119
pes_0_15                            1155.7980      0.2    1061.2980     94.5000  0.0000  PE_99
pes_0_16                            1165.7520      0.2    1072.0080     93.7440  0.0000  PE_79
pes_0_17                            1158.4440      0.2    1063.9440     94.5000  0.0000  PE_59
pes_0_18                            1157.6880      0.2    1063.1880     94.5000  0.0000  PE_39
pes_0_19                            1153.0260      0.2    1058.5260     94.5000  0.0000  PE_19
pes_0_2                             1164.3660      0.2    1069.8660     94.5000  0.0000  PE_359
pes_0_3                             1168.1460      0.2    1075.5360     92.6100  0.0000  PE_339
pes_0_4                             1162.4760      0.2    1067.9760     94.5000  0.0000  PE_319
pes_0_5                             1163.9880      0.2    1069.4880     94.5000  0.0000  PE_299
pes_0_6                             1165.2480      0.2    1072.2600     92.9880  0.0000  PE_279
pes_0_7                             1161.5940      0.2    1067.0940     94.5000  0.0000  PE_259
pes_0_8                             1174.5720      0.2    1081.5840     92.9880  0.0000  PE_239
pes_0_9                             1166.0040      0.2    1071.8820     94.1220  0.0000  PE_219
pes_1                               1200.4020      0.2    1106.2800     94.1220  0.0000  PE_398
pes_10                              1208.5920      0.3    1114.4700     94.1220  0.0000  PE_389
pes_10_1                            1202.7960      0.3    1108.6740     94.1220  0.0000  PE_369
pes_10_10                           1207.7100      0.3    1113.2100     94.5000  0.0000  PE_189
pes_10_11                           1207.7100      0.3    1113.5880     94.1220  0.0000  PE_169
pes_10_12                           1209.2220      0.3    1115.4780     93.7440  0.0000  PE_149
pes_10_13                           1208.4660      0.3    1113.9660     94.5000  0.0000  PE_129
pes_10_14                           1230.8940      0.3    1138.2840     92.6100  0.0000  PE_109
pes_10_15                           1209.3480      0.3    1115.2260     94.1220  0.0000  PE_89
pes_10_16                           1200.6540      0.2    1106.1540     94.5000  0.0000  PE_69
pes_10_17                           1194.6060      0.2    1099.0980     95.5080  0.0000  PE_49
pes_10_18                           1202.6700      0.3    1108.5480     94.1220  0.0000  PE_29
pes_10_19                           1201.1580      0.3    1106.6580     94.5000  0.0000  PE_9
pes_10_2                            1212.3720      0.3    1118.2500     94.1220  0.0000  PE_349
pes_10_3                            1189.5660      0.2    1095.0660     94.5000  0.0000  PE_329
pes_10_4                            1197.6300      0.2    1104.6420     92.9880  0.0000  PE_309
pes_10_5                            1204.0560      0.3    1109.5560     94.5000  0.0000  PE_289
pes_10_6                            1195.9920      0.2    1102.2480     93.7440  0.0000  PE_269
pes_10_7                            1200.0240      0.2    1105.5240     94.5000  0.0000  PE_249
pes_10_8                            1210.4820      0.3    1115.9820     94.5000  0.0000  PE_229
pes_10_9                            1208.8440      0.3    1114.3440     94.5000  0.0000  PE_209
pes_11                              1203.0480      0.3    1108.2960     94.7520  0.0000  PE_388
pes_11_1                            1206.3240      0.3    1112.2020     94.1220  0.0000  PE_368
pes_11_10                           1199.5200      0.2    1105.0200     94.5000  0.0000  PE_188
pes_11_11                           1196.3700      0.2    1102.2480     94.1220  0.0000  PE_168
pes_11_12                           1204.5600      0.3    1111.1940     93.3660  0.0000  PE_148
pes_11_13                           1194.7320      0.2    1100.2320     94.5000  0.0000  PE_128
pes_11_14                           1210.7340      0.3    1116.9900     93.7440  0.0000  PE_108
pes_11_15                           1210.3560      0.3    1115.8560     94.5000  0.0000  PE_88
pes_11_16                           1210.6080      0.3    1116.4860     94.1220  0.0000  PE_68
pes_11_17                           1198.1340      0.2    1104.0120     94.1220  0.0000  PE_48
pes_11_18                           1199.0160      0.2    1104.5160     94.5000  0.0000  PE_28
pes_11_19                           1198.0080      0.2    1103.5080     94.5000  0.0000  PE_8
pes_11_2                            1200.9060      0.3    1106.4060     94.5000  0.0000  PE_348
pes_11_3                            1198.1340      0.2    1105.1460     92.9880  0.0000  PE_328
pes_11_4                            1203.4260      0.3    1108.9260     94.5000  0.0000  PE_308
pes_11_5                            1214.6400      0.3    1120.5180     94.1220  0.0000  PE_288
pes_11_6                            1194.2280      0.2    1101.6180     92.6100  0.0000  PE_268
pes_11_7                            1202.7960      0.3    1108.2960     94.5000  0.0000  PE_248
pes_11_8                            1200.6540      0.2    1107.2880     93.3660  0.0000  PE_228
pes_11_9                            1197.0000      0.2    1103.2560     93.7440  0.0000  PE_208
pes_12                              1194.1020      0.2    1099.9800     94.1220  0.0000  PE_387
pes_12_1                            1197.6300      0.2    1105.7760     91.8540  0.0000  PE_367
pes_12_10                           1194.2280      0.2    1100.1060     94.1220  0.0000  PE_187
pes_12_11                           1201.5360      0.3    1108.9260     92.6100  0.0000  PE_167
pes_12_12                           1207.4580      0.3    1113.7140     93.7440  0.0000  PE_147
pes_12_13                           1192.3380      0.2    1097.8380     94.5000  0.0000  PE_127
pes_12_14                           1195.1100      0.2    1101.7440     93.3660  0.0000  PE_107
pes_12_15                           1203.6780      0.3    1109.1780     94.5000  0.0000  PE_87
pes_12_16                           1203.0480      0.3    1109.6820     93.3660  0.0000  PE_67
pes_12_17                           1211.8680      0.3    1117.7460     94.1220  0.0000  PE_47
pes_12_18                           1208.9700      0.3    1115.2260     93.7440  0.0000  PE_27
pes_12_19                           1191.8340      0.2    1099.2240     92.6100  0.0000  PE_7
pes_12_2                            1210.9860      0.3    1116.8640     94.1220  0.0000  PE_347
pes_12_3                            1210.1040      0.3    1115.6040     94.5000  0.0000  PE_327
pes_12_4                            1219.6800      0.3    1125.1800     94.5000  0.0000  PE_307
pes_12_5                            1193.5980      0.2    1100.6100     92.9880  0.0000  PE_287
pes_12_6                            1201.1580      0.3    1107.0360     94.1220  0.0000  PE_267
pes_12_7                            1206.4500      0.3    1111.9500     94.5000  0.0000  PE_247
pes_12_8                            1204.3080      0.3    1110.1860     94.1220  0.0000  PE_227
pes_12_9                            1209.0960      0.3    1114.5960     94.5000  0.0000  PE_207
pes_13                              1196.7480      0.2    1102.6260     94.1220  0.0000  PE_386
pes_13_1                            1209.6000      0.3    1115.1000     94.5000  0.0000  PE_366
pes_13_10                           1209.6000      0.3    1116.9900     92.6100  0.0000  PE_186
pes_13_11                           1206.1980      0.3    1112.4540     93.7440  0.0000  PE_166
pes_13_12                           1199.3940      0.2    1104.8940     94.5000  0.0000  PE_146
pes_13_13                           1209.4740      0.3    1115.3520     94.1220  0.0000  PE_126
pes_13_14                           1210.7340      0.3    1116.6120     94.1220  0.0000  PE_106
pes_13_15                           1194.2280      0.2    1099.7280     94.5000  0.0000  PE_86
pes_13_16                           1192.4640      0.2    1098.7200     93.7440  0.0000  PE_66
pes_13_17                           1224.3420      0.3    1130.5980     93.7440  0.0000  PE_46
pes_13_18                           1199.2680      0.2    1105.1460     94.1220  0.0000  PE_26
pes_13_19                           1213.2540      0.3    1118.7540     94.5000  0.0000  PE_6
pes_13_2                            1188.3060      0.2    1094.5620     93.7440  0.0000  PE_346
pes_13_3                            1200.5280      0.2    1107.5400     92.9880  0.0000  PE_326
pes_13_4                            1208.7180      0.3    1116.4860     92.2320  0.0000  PE_306
pes_13_5                            1203.3000      0.3    1108.8000     94.5000  0.0000  PE_286
pes_13_6                            1200.5280      0.2    1106.7840     93.7440  0.0000  PE_266
pes_13_7                            1202.5440      0.3    1108.0440     94.5000  0.0000  PE_246
pes_13_8                            1191.9600      0.2    1098.5940     93.3660  0.0000  PE_226
pes_13_9                            1202.5440      0.3    1108.0440     94.5000  0.0000  PE_206
pes_14                              1195.3620      0.2    1100.8620     94.5000  0.0000  PE_385
pes_14_1                            1200.5280      0.2    1106.0280     94.5000  0.0000  PE_365
pes_14_10                           1210.6080      0.3    1117.9980     92.6100  0.0000  PE_185
pes_14_11                           1205.9460      0.3    1112.2020     93.7440  0.0000  PE_165
pes_14_12                           1211.8680      0.3    1118.1240     93.7440  0.0000  PE_145
pes_14_13                           1215.1440      0.3    1120.6440     94.5000  0.0000  PE_125
pes_14_14                           1210.7340      0.3    1116.6120     94.1220  0.0000  PE_105
pes_14_15                           1204.8120      0.3    1110.3120     94.5000  0.0000  PE_85
pes_14_16                           1211.7420      0.3    1117.2420     94.5000  0.0000  PE_65
pes_14_17                           1214.0100      0.3    1119.8880     94.1220  0.0000  PE_45
pes_14_18                           1196.8740      0.2    1102.3740     94.5000  0.0000  PE_25
pes_14_19                           1197.2520      0.2    1102.7520     94.5000  0.0000  PE_5
pes_14_2                            1202.2920      0.3    1107.7920     94.5000  0.0000  PE_345
pes_14_3                            1194.4800      0.2    1100.3580     94.1220  0.0000  PE_325
pes_14_4                            1218.1680      0.3    1124.4240     93.7440  0.0000  PE_305
pes_14_5                            1197.8820      0.2    1103.3820     94.5000  0.0000  PE_285
pes_14_6                            1210.4820      0.3    1115.9820     94.5000  0.0000  PE_265
pes_14_7                            1199.6460      0.2    1107.0360     92.6100  0.0000  PE_245
pes_14_8                            1209.6000      0.3    1115.1000     94.5000  0.0000  PE_225
pes_14_9                            1204.4340      0.3    1110.6900     93.7440  0.0000  PE_205
pes_15                              1200.0240      0.2    1106.2800     93.7440  0.0000  PE_384
pes_15_1                            1204.6860      0.3    1110.5640     94.1220  0.0000  PE_364
pes_15_10                           1206.9540      0.3    1113.5880     93.3660  0.0000  PE_184
pes_15_11                           1203.6780      0.3    1111.0680     92.6100  0.0000  PE_164
pes_15_12                           1207.3320      0.3    1113.5880     93.7440  0.0000  PE_144
pes_15_13                           1210.9860      0.3    1116.4860     94.5000  0.0000  PE_124
pes_15_14                           1196.1180      0.2    1101.6180     94.5000  0.0000  PE_104
pes_15_15                           1204.6860      0.3    1110.1860     94.5000  0.0000  PE_84
pes_15_16                           1210.9860      0.3    1116.4860     94.5000  0.0000  PE_64
pes_15_17                           1207.3320      0.3    1112.8320     94.5000  0.0000  PE_44
pes_15_18                           1198.6380      0.2    1104.1380     94.5000  0.0000  PE_24
pes_15_19                           1202.4180      0.3    1108.6740     93.7440  0.0000  PE_4
pes_15_2                            1194.7320      0.2    1100.2320     94.5000  0.0000  PE_344
pes_15_3                            1205.5680      0.3    1112.5800     92.9880  0.0000  PE_324
pes_15_4                            1204.8120      0.3    1110.6900     94.1220  0.0000  PE_304
pes_15_5                            1205.0640      0.3    1111.3200     93.7440  0.0000  PE_284
pes_15_6                            1198.6380      0.2    1104.8940     93.7440  0.0000  PE_264
pes_15_7                            1207.0800      0.3    1113.7140     93.3660  0.0000  PE_244
pes_15_8                            1203.3000      0.3    1109.1780     94.1220  0.0000  PE_224
pes_15_9                            1205.4420      0.3    1110.9420     94.5000  0.0000  PE_204
pes_16                              1202.0400      0.3    1108.6740     93.3660  0.0000  PE_383
pes_16_1                            1199.2680      0.2    1105.1460     94.1220  0.0000  PE_363
pes_16_10                           1206.5760      0.3    1112.4540     94.1220  0.0000  PE_183
pes_16_11                           1213.1280      0.3    1119.3840     93.7440  0.0000  PE_163
pes_16_12                           1202.9220      0.3    1108.8000     94.1220  0.0000  PE_143
pes_16_13                           1207.9620      0.3    1113.4620     94.5000  0.0000  PE_123
pes_16_14                           1207.2060      0.3    1114.5960     92.6100  0.0000  PE_103
pes_16_15                           1205.0640      0.3    1111.3200     93.7440  0.0000  PE_83
pes_16_16                           1208.3400      0.3    1114.5960     93.7440  0.0000  PE_63
pes_16_17                           1204.6860      0.3    1110.5640     94.1220  0.0000  PE_43
pes_16_18                           1202.0400      0.3    1108.6740     93.3660  0.0000  PE_23
pes_16_19                           1201.6620      0.3    1108.6740     92.9880  0.0000  PE_3
pes_16_2                            1211.1120      0.3    1116.9900     94.1220  0.0000  PE_343
pes_16_3                            1204.9380      0.3    1111.1940     93.7440  0.0000  PE_323
pes_16_4                            1218.1680      0.3    1124.4240     93.7440  0.0000  PE_303
pes_16_5                            1196.4960      0.2    1102.3740     94.1220  0.0000  PE_283
pes_16_6                            1202.5440      0.3    1108.4220     94.1220  0.0000  PE_263
pes_16_7                            1197.1260      0.2    1102.6260     94.5000  0.0000  PE_243
pes_16_8                            1204.9380      0.3    1111.5720     93.3660  0.0000  PE_223
pes_16_9                            1204.6860      0.3    1110.1860     94.5000  0.0000  PE_203
pes_17                              1208.5920      0.3    1114.0920     94.5000  0.0000  PE_382
pes_17_1                            1204.1820      0.3    1109.6820     94.5000  0.0000  PE_362
pes_17_10                           1193.2200      0.2    1100.6100     92.6100  0.0000  PE_182
pes_17_11                           1209.9780      0.3    1115.8560     94.1220  0.0000  PE_162
pes_17_12                           1206.3240      0.3    1112.9580     93.3660  0.0000  PE_142
pes_17_13                           1197.7560      0.2    1103.2560     94.5000  0.0000  PE_122
pes_17_14                           1217.4120      0.3    1123.2900     94.1220  0.0000  PE_102
pes_17_15                           1209.7260      0.3    1115.9820     93.7440  0.0000  PE_82
pes_17_16                           1196.4960      0.2    1103.8860     92.6100  0.0000  PE_62
pes_17_17                           1203.4260      0.3    1109.3040     94.1220  0.0000  PE_42
pes_17_18                           1200.7800      0.3    1106.2800     94.5000  0.0000  PE_22
pes_17_19                           1210.1040      0.3    1115.6040     94.5000  0.0000  PE_2
pes_17_2                            1189.4400      0.2    1095.6960     93.7440  0.0000  PE_342
pes_17_3                            1198.7640      0.2    1104.2640     94.5000  0.0000  PE_322
pes_17_4                            1198.6380      0.2    1105.2720     93.3660  0.0000  PE_302
pes_17_5                            1193.8500      0.2    1099.3500     94.5000  0.0000  PE_282
pes_17_6                            1195.4880      0.2    1101.3660     94.1220  0.0000  PE_262
pes_17_7                            1189.0620      0.2    1094.5620     94.5000  0.0000  PE_242
pes_17_8                            1207.9620      0.3    1113.4620     94.5000  0.0000  PE_222
pes_17_9                            1193.5980      0.2    1099.0980     94.5000  0.0000  PE_202
pes_18                              1201.9140      0.3    1108.5480     93.3660  0.0000  PE_381
pes_18_1                            1191.7080      0.2    1099.0980     92.6100  0.0000  PE_361
pes_18_10                           1206.3240      0.3    1111.8240     94.5000  0.0000  PE_181
pes_18_11                           1211.8680      0.3    1118.8800     92.9880  0.0000  PE_161
pes_18_12                           1196.4960      0.2    1103.1300     93.3660  0.0000  PE_141
pes_18_13                           1202.9220      0.3    1109.9340     92.9880  0.0000  PE_121
pes_18_14                           1194.1020      0.2    1101.4920     92.6100  0.0000  PE_101
pes_18_15                           1206.1980      0.3    1113.5880     92.6100  0.0000  PE_81
pes_18_16                           1200.4020      0.2    1107.0360     93.3660  0.0000  PE_61
pes_18_17                           1205.9460      0.3    1112.2020     93.7440  0.0000  PE_41
pes_18_18                           1202.0400      0.3    1108.6740     93.3660  0.0000  PE_21
pes_18_19                           1197.1260      0.2    1104.1380     92.9880  0.0000  PE_1
pes_18_2                            1212.1200      0.3    1117.6200     94.5000  0.0000  PE_341
pes_18_3                            1207.4580      0.3    1113.7140     93.7440  0.0000  PE_321
pes_18_4                            1196.3700      0.2    1101.8700     94.5000  0.0000  PE_301
pes_18_5                            1191.3300      0.2    1098.7200     92.6100  0.0000  PE_281
pes_18_6                            1193.0940      0.2    1099.7280     93.3660  0.0000  PE_261
pes_18_7                            1198.7640      0.2    1104.6420     94.1220  0.0000  PE_241
pes_18_8                            1204.6860      0.3    1111.6980     92.9880  0.0000  PE_221
pes_18_9                            1203.3000      0.3    1110.3120     92.9880  0.0000  PE_201
pes_19                              1168.3980      0.2    1106.0280     62.3700  0.0000  PE_380
pes_19_1                            1212.4980      0.3    1150.1280     62.3700  0.0000  PE_360
pes_19_10                           1196.3700      0.2    1134.0000     62.3700  0.0000  PE_180
pes_19_11                           1188.8100      0.2    1126.4400     62.3700  0.0000  PE_160
pes_19_12                           1194.2280      0.2    1131.8580     62.3700  0.0000  PE_140
pes_19_13                           1197.1260      0.2    1134.7560     62.3700  0.0000  PE_120
pes_19_14                           1207.4580      0.3    1145.8440     61.6140  0.0000  PE_100
pes_19_15                           1207.5840      0.3    1145.2140     62.3700  0.0000  PE_80
pes_19_16                           1191.9600      0.2    1129.2120     62.7480  0.0000  PE_60
pes_19_17                           1198.0080      0.2    1135.2600     62.7480  0.0000  PE_40
pes_19_18                           1197.5040      0.2    1134.7560     62.7480  0.0000  PE_20
pes_19_19                           1204.6860      0.3    1142.3160     62.3700  0.0000  PE_0
pes_19_2                            1186.1640      0.2    1123.7940     62.3700  0.0000  PE_340
pes_19_3                            1193.7240      0.2    1131.3540     62.3700  0.0000  PE_320
pes_19_4                            1202.7960      0.3    1139.6700     63.1260  0.0000  PE_300
pes_19_5                            1200.5280      0.2    1138.9140     61.6140  0.0000  PE_280
pes_19_6                            1194.9840      0.2    1132.6140     62.3700  0.0000  PE_260
pes_19_7                            1205.8200      0.3    1143.8280     61.9920  0.0000  PE_240
pes_19_8                            1188.6840      0.2    1126.3140     62.3700  0.0000  PE_220
pes_19_9                            1198.5120      0.2    1136.1420     62.3700  0.0000  PE_200
pes_1_1                             1185.5340      0.2    1092.1680     93.3660  0.0000  PE_378
pes_1_10                            1195.9920      0.2    1101.4920     94.5000  0.0000  PE_198
pes_1_11                            1197.8820      0.2    1104.1380     93.7440  0.0000  PE_178
pes_1_12                            1206.5760      0.3    1112.8320     93.7440  0.0000  PE_158
pes_1_13                            1202.1660      0.3    1107.6660     94.5000  0.0000  PE_138
pes_1_14                            1201.1580      0.3    1106.6580     94.5000  0.0000  PE_118
pes_1_15                            1196.4960      0.2    1102.7520     93.7440  0.0000  PE_98
pes_1_16                            1212.6240      0.3    1118.5020     94.1220  0.0000  PE_78
pes_1_17                            1204.1820      0.3    1110.4380     93.7440  0.0000  PE_58
pes_1_18                            1192.9680      0.2    1099.2240     93.7440  0.0000  PE_38
pes_1_19                            1192.5900      0.2    1098.4680     94.1220  0.0000  PE_18
pes_1_2                             1208.3400      0.3    1114.2180     94.1220  0.0000  PE_358
pes_1_3                             1215.3960      0.3    1121.6520     93.7440  0.0000  PE_338
pes_1_4                             1210.7340      0.3    1117.3680     93.3660  0.0000  PE_318
pes_1_5                             1202.5440      0.3    1108.4220     94.1220  0.0000  PE_298
pes_1_6                             1209.6000      0.3    1115.8560     93.7440  0.0000  PE_278
pes_1_7                             1199.2680      0.2    1104.7680     94.5000  0.0000  PE_258
pes_1_8                             1205.0640      0.3    1110.5640     94.5000  0.0000  PE_238
pes_1_9                             1199.2680      0.2    1105.1460     94.1220  0.0000  PE_218
pes_2                               1199.0160      0.2    1104.8940     94.1220  0.0000  PE_397
pes_2_1                             1199.7720      0.2    1105.2720     94.5000  0.0000  PE_377
pes_2_10                            1199.3940      0.2    1105.6500     93.7440  0.0000  PE_197
pes_2_11                            1206.3240      0.3    1112.5800     93.7440  0.0000  PE_177
pes_2_12                            1215.5220      0.3    1122.5340     92.9880  0.0000  PE_157
pes_2_13                            1214.2620      0.3    1119.7620     94.5000  0.0000  PE_137
pes_2_14                            1201.0320      0.3    1106.5320     94.5000  0.0000  PE_117
pes_2_15                            1198.5120      0.2    1104.0120     94.5000  0.0000  PE_97
pes_2_16                            1210.3560      0.3    1115.8560     94.5000  0.0000  PE_77
pes_2_17                            1193.9760      0.2    1099.4760     94.5000  0.0000  PE_57
pes_2_18                            1210.8600      0.3    1117.1160     93.7440  0.0000  PE_37
pes_2_19                            1198.0080      0.2    1103.5080     94.5000  0.0000  PE_17
pes_2_2                             1201.0320      0.3    1106.5320     94.5000  0.0000  PE_357
pes_2_3                             1200.7800      0.3    1106.2800     94.5000  0.0000  PE_337
pes_2_4                             1189.3140      0.2    1096.7040     92.6100  0.0000  PE_317
pes_2_5                             1215.6480      0.3    1121.1480     94.5000  0.0000  PE_297
pes_2_6                             1195.1100      0.2    1101.3660     93.7440  0.0000  PE_277
pes_2_7                             1197.5040      0.2    1103.7600     93.7440  0.0000  PE_257
pes_2_8                             1210.4820      0.3    1116.7380     93.7440  0.0000  PE_237
pes_2_9                             1205.6940      0.3    1112.7060     92.9880  0.0000  PE_217
pes_3                               1213.0020      0.3    1118.5020     94.5000  0.0000  PE_396
pes_3_1                             1192.4640      0.2    1098.3420     94.1220  0.0000  PE_376
pes_3_10                            1200.2760      0.2    1105.7760     94.5000  0.0000  PE_196
pes_3_11                            1198.8900      0.2    1104.3900     94.5000  0.0000  PE_176
pes_3_12                            1218.0420      0.3    1123.9200     94.1220  0.0000  PE_156
pes_3_13                            1200.2760      0.2    1106.1540     94.1220  0.0000  PE_136
pes_3_14                            1205.4420      0.3    1111.6980     93.7440  0.0000  PE_116
pes_3_15                            1200.5280      0.2    1106.7840     93.7440  0.0000  PE_96
pes_3_16                            1203.3000      0.3    1109.5560     93.7440  0.0000  PE_76
pes_3_17                            1201.7880      0.3    1107.6660     94.1220  0.0000  PE_56
pes_3_18                            1207.2060      0.3    1112.7060     94.5000  0.0000  PE_36
pes_3_19                            1190.3220      0.2    1096.5780     93.7440  0.0000  PE_16
pes_3_2                             1210.3560      0.3    1116.2340     94.1220  0.0000  PE_356
pes_3_3                             1193.8500      0.2    1101.2400     92.6100  0.0000  PE_336
pes_3_4                             1225.6020      0.3    1131.4800     94.1220  0.0000  PE_316
pes_3_5                             1197.5040      0.2    1103.0040     94.5000  0.0000  PE_296
pes_3_6                             1204.6860      0.3    1111.3200     93.3660  0.0000  PE_276
pes_3_7                             1210.9860      0.3    1116.8640     94.1220  0.0000  PE_256
pes_3_8                             1197.0000      0.2    1102.5000     94.5000  0.0000  PE_236
pes_3_9                             1190.7000      0.2    1098.0900     92.6100  0.0000  PE_216
pes_4                               1208.4660      0.3    1113.9660     94.5000  0.0000  PE_395
pes_4_1                             1197.6300      0.2    1103.1300     94.5000  0.0000  PE_375
pes_4_10                            1209.3480      0.3    1115.2260     94.1220  0.0000  PE_195
pes_4_11                            1216.4040      0.3    1121.9040     94.5000  0.0000  PE_175
pes_4_12                            1204.9380      0.3    1110.8160     94.1220  0.0000  PE_155
pes_4_13                            1197.3780      0.2    1103.2560     94.1220  0.0000  PE_135
pes_4_14                            1213.1280      0.3    1120.5180     92.6100  0.0000  PE_115
pes_4_15                            1197.5040      0.2    1103.7600     93.7440  0.0000  PE_95
pes_4_16                            1206.5760      0.3    1112.0760     94.5000  0.0000  PE_75
pes_4_17                            1196.7480      0.2    1102.6260     94.1220  0.0000  PE_55
pes_4_18                            1195.6140      0.2    1101.1140     94.5000  0.0000  PE_35
pes_4_19                            1198.6380      0.2    1104.5160     94.1220  0.0000  PE_15
pes_4_2                             1210.6080      0.3    1116.4860     94.1220  0.0000  PE_355
pes_4_3                             1202.1660      0.3    1108.8000     93.3660  0.0000  PE_335
pes_4_4                             1193.5980      0.2    1100.2320     93.3660  0.0000  PE_315
pes_4_5                             1203.3000      0.3    1109.9340     93.3660  0.0000  PE_295
pes_4_6                             1198.1340      0.2    1103.6340     94.5000  0.0000  PE_275
pes_4_7                             1196.3700      0.2    1102.2480     94.1220  0.0000  PE_255
pes_4_8                             1202.9220      0.3    1110.6900     92.2320  0.0000  PE_235
pes_4_9                             1210.4820      0.3    1116.3600     94.1220  0.0000  PE_215
pes_5                               1203.5520      0.3    1109.0520     94.5000  0.0000  PE_394
pes_5_1                             1198.1340      0.2    1103.6340     94.5000  0.0000  PE_374
pes_5_10                            1197.8820      0.2    1104.1380     93.7440  0.0000  PE_194
pes_5_11                            1198.0080      0.2    1103.8860     94.1220  0.0000  PE_174
pes_5_12                            1202.0400      0.3    1108.2960     93.7440  0.0000  PE_154
pes_5_13                            1212.2460      0.3    1118.1240     94.1220  0.0000  PE_134
pes_5_14                            1204.4340      0.3    1110.6900     93.7440  0.0000  PE_114
pes_5_15                            1202.0400      0.3    1107.9180     94.1220  0.0000  PE_94
pes_5_16                            1198.0080      0.2    1104.2640     93.7440  0.0000  PE_74
pes_5_17                            1199.2680      0.2    1105.9020     93.3660  0.0000  PE_54
pes_5_18                            1204.1820      0.3    1110.4380     93.7440  0.0000  PE_34
pes_5_19                            1194.9840      0.2    1100.4840     94.5000  0.0000  PE_14
pes_5_2                             1206.1980      0.3    1113.5880     92.6100  0.0000  PE_354
pes_5_3                             1215.0180      0.3    1120.5180     94.5000  0.0000  PE_334
pes_5_4                             1203.1740      0.3    1109.4300     93.7440  0.0000  PE_314
pes_5_5                             1213.6320      0.3    1119.1320     94.5000  0.0000  PE_294
pes_5_6                             1210.2300      0.3    1116.1080     94.1220  0.0000  PE_274
pes_5_7                             1200.1500      0.2    1105.6500     94.5000  0.0000  PE_254
pes_5_8                             1202.6700      0.3    1108.1700     94.5000  0.0000  PE_234
pes_5_9                             1203.1740      0.3    1108.6740     94.5000  0.0000  PE_214
pes_6                               1206.9540      0.3    1112.4540     94.5000  0.0000  PE_393
pes_6_1                             1204.6860      0.3    1110.1860     94.5000  0.0000  PE_373
pes_6_10                            1206.4500      0.3    1112.7060     93.7440  0.0000  PE_193
pes_6_11                            1203.0480      0.3    1110.8160     92.2320  0.0000  PE_173
pes_6_12                            1208.3400      0.3    1114.2180     94.1220  0.0000  PE_153
pes_6_13                            1192.2120      0.2    1099.2240     92.9880  0.0000  PE_133
pes_6_14                            1197.7560      0.2    1104.3900     93.3660  0.0000  PE_113
pes_6_15                            1205.4420      0.3    1110.9420     94.5000  0.0000  PE_93
pes_6_16                            1198.7640      0.2    1104.6420     94.1220  0.0000  PE_73
pes_6_17                            1201.4100      0.3    1107.2880     94.1220  0.0000  PE_53
pes_6_18                            1198.8900      0.2    1104.7680     94.1220  0.0000  PE_33
pes_6_19                            1192.0860      0.2    1099.0980     92.9880  0.0000  PE_13
pes_6_2                             1203.6780      0.3    1109.1780     94.5000  0.0000  PE_353
pes_6_3                             1189.8180      0.2    1096.0740     93.7440  0.0000  PE_333
pes_6_4                             1197.6300      0.2    1103.1300     94.5000  0.0000  PE_313
pes_6_5                             1186.9200      0.2    1092.7980     94.1220  0.0000  PE_293
pes_6_6                             1211.3640      0.3    1116.8640     94.5000  0.0000  PE_273
pes_6_7                             1196.8740      0.2    1103.5080     93.3660  0.0000  PE_253
pes_6_8                             1205.4420      0.3    1111.6980     93.7440  0.0000  PE_233
pes_6_9                             1208.5920      0.3    1114.4700     94.1220  0.0000  PE_213
pes_7                               1198.7640      0.2    1104.6420     94.1220  0.0000  PE_392
pes_7_1                             1203.8040      0.3    1110.0600     93.7440  0.0000  PE_372
pes_7_10                            1196.8740      0.2    1103.5080     93.3660  0.0000  PE_192
pes_7_11                            1203.4260      0.3    1109.3040     94.1220  0.0000  PE_172
pes_7_12                            1197.0000      0.2    1103.2560     93.7440  0.0000  PE_152
pes_7_13                            1213.5060      0.3    1118.6280     94.8780  0.0000  PE_132
pes_7_14                            1199.1420      0.2    1105.0200     94.1220  0.0000  PE_112
pes_7_15                            1204.8120      0.3    1110.6900     94.1220  0.0000  PE_92
pes_7_16                            1200.2760      0.2    1106.5320     93.7440  0.0000  PE_72
pes_7_17                            1193.4720      0.2    1098.9720     94.5000  0.0000  PE_52
pes_7_18                            1206.0720      0.3    1111.5720     94.5000  0.0000  PE_32
pes_7_19                            1207.0800      0.3    1112.5800     94.5000  0.0000  PE_12
pes_7_2                             1207.7100      0.3    1113.5880     94.1220  0.0000  PE_352
pes_7_3                             1195.7400      0.2    1101.9960     93.7440  0.0000  PE_332
pes_7_4                             1211.7420      0.3    1117.6200     94.1220  0.0000  PE_312
pes_7_5                             1202.2920      0.3    1108.9260     93.3660  0.0000  PE_292
pes_7_6                             1203.9300      0.3    1110.1860     93.7440  0.0000  PE_272
pes_7_7                             1201.7880      0.3    1107.2880     94.5000  0.0000  PE_252
pes_7_8                             1197.7560      0.2    1104.0120     93.7440  0.0000  PE_232
pes_7_9                             1205.5680      0.3    1111.0680     94.5000  0.0000  PE_212
pes_8                               1211.2380      0.3    1116.7380     94.5000  0.0000  PE_391
pes_8_1                             1197.2520      0.2    1102.7520     94.5000  0.0000  PE_371
pes_8_10                            1212.1200      0.3    1117.9980     94.1220  0.0000  PE_191
pes_8_11                            1195.6140      0.2    1101.4920     94.1220  0.0000  PE_171
pes_8_12                            1203.1740      0.3    1109.0520     94.1220  0.0000  PE_151
pes_8_13                            1198.2600      0.2    1105.2720     92.9880  0.0000  PE_131
pes_8_14                            1205.1900      0.3    1111.0680     94.1220  0.0000  PE_111
pes_8_15                            1204.5600      0.3    1110.4380     94.1220  0.0000  PE_91
pes_8_16                            1199.7720      0.2    1106.0280     93.7440  0.0000  PE_71
pes_8_17                            1192.3380      0.2    1097.8380     94.5000  0.0000  PE_51
pes_8_18                            1219.1760      0.3    1125.4320     93.7440  0.0000  PE_31
pes_8_19                            1203.1740      0.3    1108.6740     94.5000  0.0000  PE_11
pes_8_2                             1207.3320      0.3    1112.8320     94.5000  0.0000  PE_351
pes_8_3                             1201.6620      0.3    1108.2960     93.3660  0.0000  PE_331
pes_8_4                             1210.1040      0.3    1115.6040     94.5000  0.0000  PE_311
pes_8_5                             1202.5440      0.3    1108.0440     94.5000  0.0000  PE_291
pes_8_6                             1203.1740      0.3    1108.6740     94.5000  0.0000  PE_271
pes_8_7                             1208.7180      0.3    1114.2180     94.5000  0.0000  PE_251
pes_8_8                             1206.8280      0.3    1113.0840     93.7440  0.0000  PE_231
pes_8_9                             1200.5280      0.2    1106.0280     94.5000  0.0000  PE_211
pes_9                               1188.6840      0.2    1094.1840     94.5000  0.0000  PE_390
pes_9_1                             1204.3080      0.3    1109.8080     94.5000  0.0000  PE_370
pes_9_10                            1198.2600      0.2    1104.5160     93.7440  0.0000  PE_190
pes_9_11                            1198.6380      0.2    1105.6500     92.9880  0.0000  PE_170
pes_9_12                            1195.1100      0.2    1100.6100     94.5000  0.0000  PE_150
pes_9_13                            1201.4100      0.3    1106.9100     94.5000  0.0000  PE_130
pes_9_14                            1211.7420      0.3    1119.5100     92.2320  0.0000  PE_110
pes_9_15                            1212.7500      0.3    1118.2500     94.5000  0.0000  PE_90
pes_9_16                            1199.5200      0.2    1105.0200     94.5000  0.0000  PE_70
pes_9_17                            1206.1980      0.3    1111.6980     94.5000  0.0000  PE_50
pes_9_18                            1202.7960      0.3    1109.0520     93.7440  0.0000  PE_30
pes_9_19                            1198.0080      0.2    1104.2640     93.7440  0.0000  PE_10
pes_9_2                             1203.5520      0.3    1109.0520     94.5000  0.0000  PE_350
pes_9_3                             1206.1980      0.3    1112.0760     94.1220  0.0000  PE_330
pes_9_4                             1195.9920      0.2    1101.8700     94.1220  0.0000  PE_310
pes_9_5                             1199.0160      0.2    1105.2720     93.7440  0.0000  PE_290
pes_9_6                             1193.2200      0.2    1098.7200     94.5000  0.0000  PE_270
pes_9_7                             1206.9540      0.3    1112.4540     94.5000  0.0000  PE_250
pes_9_8                             1198.0080      0.2    1103.5080     94.5000  0.0000  PE_230
pes_9_9                             1199.5200      0.2    1105.3980     94.1220  0.0000  PE_210
--------------------------------  -----------  -------  -----------  ----------  ------  ---------
Total                                                   443320.1642  36957.5634  0.0000

1
