 
****************************************
Report : area
Design : OneSaArray
Version: V-2023.12
Date   : Mon Apr  6 03:06:19 2026
****************************************

Library(s) Used:

    tcbn28hpcplusbwp30p140ffg0p99v0c_ccs (File: /hpc/Tech/TSMC/digital/N28/digital/Front_End/timing_power_noise/CCS/tcbn28hpcplusbwp30p140_180a/tcbn28hpcplusbwp30p140ffg0p99v0c_ccs.db)

Number of ports:                         1564
Number of nets:                         28559
Number of cells:                        23410
Number of combinational cells:          21297
Number of sequential cells:              2112
Number of macros/black boxes:               0
Number of buf/inv:                       2915
Number of references:                       1

Combinational area:              18148.409779
Buf/Inv area:                      734.706012
Noncombinational area:            4046.615970
Macro/Black Box area:                0.000000
Net Interconnect area:      undefined  (Wire load has zero net area)

Total cell area:                 22195.025749
Total area:                 undefined

Hierarchical area distribution
------------------------------

                                  Global cell area            Local cell area
                                  -------------------  ----------------------------- 
Hierarchical cell                 Absolute    Percent  Combi-      Noncombi-  Black-
                                  Total       Total    national    national   boxes   Design
--------------------------------  ----------  -------  ----------  ---------  ------  ---------
OneSaArray                        22195.0257    100.0      0.0000     0.0000  0.0000  OneSaArray
mesh                              22195.0257    100.0  18148.4098  4046.6160  0.0000  OneSaMesh
--------------------------------  ----------  -------  ----------  ---------  ------  ---------
Total                                                  18148.4098  4046.6160  0.0000

1
