 
****************************************
Report : area
Design : SystolicArray
Version: V-2023.12
Date   : Mon Apr  6 03:02:45 2026
****************************************

Library(s) Used:

    tcbn28hpcplusbwp30p140ffg0p99v0c_ccs (File: /hpc/Tech/TSMC/digital/N28/digital/Front_End/timing_power_noise/CCS/tcbn28hpcplusbwp30p140_180a/tcbn28hpcplusbwp30p140ffg0p99v0c_ccs.db)

Number of ports:                          986
Number of nets:                         21162
Number of cells:                        20021
Number of combinational cells:          19437
Number of sequential cells:               576
Number of macros/black boxes:               0
Number of buf/inv:                       3762
Number of references:                      13

Combinational area:              10799.460003
Buf/Inv area:                     1028.034013
Noncombinational area:            1109.051986
Macro/Black Box area:                0.000000
Net Interconnect area:      undefined  (Wire load has zero net area)

Total cell area:                 11908.511989
Total area:                 undefined

Hierarchical area distribution
------------------------------

                                  Global cell area            Local cell area
                                  -------------------  ----------------------------- 
Hierarchical cell                 Absolute    Percent  Combi-      Noncombi-  Black-
                                  Total       Total    national    national   boxes   Design
--------------------------------  ----------  -------  ----------  ---------  ------  -----------
SystolicArray                     11908.5120    100.0     66.5280     0.0000  0.0000  SystolicArray
pairs_0                            1357.7760     11.4   1214.8920   142.8840  0.0000  StripPair_7
pairs_0_1                          1546.6500     13.0   1403.7660   142.8840  0.0000  StripPair_5
pairs_0_2                          1561.5180     13.1   1424.3040   137.2140  0.0000  StripPair_3
pairs_0_3                          1526.2380     12.8   1387.5120   138.7260  0.0000  StripPair_1
pairs_1                            1334.4660     11.2   1198.0080   136.4580  0.0000  StripPair_6
pairs_1_1                          1539.2160     12.9   1401.6240   137.5920  0.0000  StripPair_4
pairs_1_2                          1455.4260     12.2   1318.5900   136.8360  0.0000  StripPair_2
pairs_1_3                          1520.6940     12.8   1384.2360   136.4580  0.0000  StripPair_0
--------------------------------  ----------  -------  ----------  ---------  ------  -----------
Total                                                  10799.4600  1109.0520  0.0000

1
