 
****************************************
Report : area
Design : SystolicArray
Version: V-2023.12
Date   : Tue Apr  7 07:49:44 2026
****************************************

Library(s) Used:

    tcbn28hpcplusbwp30p140ffg0p99v0c_ccs (File: /hpc/Tech/TSMC/digital/N28/digital/Front_End/timing_power_noise/CCS/tcbn28hpcplusbwp30p140_180a/tcbn28hpcplusbwp30p140ffg0p99v0c_ccs.db)

Number of ports:                        80698
Number of nets:                        806458
Number of cells:                       618128
Number of combinational cells:         567616
Number of sequential cells:             49728
Number of macros/black boxes:               0
Number of buf/inv:                      99708
Number of references:                     784

Combinational area:             486583.013473
Buf/Inv area:                    25126.416404
Noncombinational area:           93985.919289
Macro/Black Box area:                0.000000
Net Interconnect area:      undefined  (Wire load has zero net area)

Total cell area:                580568.932761
Total area:                 undefined

Hierarchical area distribution
------------------------------

                                  Global cell area              Local cell area
                                  --------------------  ------------------------------- 
Hierarchical cell                 Absolute     Percent  Combi-       Noncombi-   Black-
                                  Total        Total    national     national    boxes   Design
--------------------------------  -----------  -------  -----------  ----------  ------  ---------
SystolicArray                     580568.9328    100.0       0.0000      0.0000  0.0000  SystolicArray
pes_0                                742.2660      0.1     621.3060    120.9600  0.0000  PE_783
pes_0_1                              742.2660      0.1     621.3060    120.9600  0.0000  PE_755
pes_0_10                             742.2660      0.1     621.3060    120.9600  0.0000  PE_503
pes_0_11                             742.2660      0.1     621.3060    120.9600  0.0000  PE_475
pes_0_12                             742.2660      0.1     621.3060    120.9600  0.0000  PE_447
pes_0_13                             742.2660      0.1     621.3060    120.9600  0.0000  PE_419
pes_0_14                             742.2660      0.1     621.3060    120.9600  0.0000  PE_391
pes_0_15                             742.2660      0.1     621.3060    120.9600  0.0000  PE_363
pes_0_16                             742.2660      0.1     621.3060    120.9600  0.0000  PE_335
pes_0_17                             742.2660      0.1     621.3060    120.9600  0.0000  PE_307
pes_0_18                             742.2660      0.1     621.3060    120.9600  0.0000  PE_279
pes_0_19                             742.2660      0.1     621.3060    120.9600  0.0000  PE_251
pes_0_2                              742.2660      0.1     621.3060    120.9600  0.0000  PE_727
pes_0_20                             742.2660      0.1     621.3060    120.9600  0.0000  PE_223
pes_0_21                             742.2660      0.1     621.3060    120.9600  0.0000  PE_195
pes_0_22                             742.2660      0.1     621.3060    120.9600  0.0000  PE_167
pes_0_23                             742.2660      0.1     621.3060    120.9600  0.0000  PE_139
pes_0_24                             743.5260      0.1     622.5660    120.9600  0.0000  PE_111
pes_0_25                             743.5260      0.1     622.5660    120.9600  0.0000  PE_83
pes_0_26                             743.5260      0.1     622.5660    120.9600  0.0000  PE_55
pes_0_27                             743.5260      0.1     622.5660    120.9600  0.0000  PE_27
pes_0_3                              742.2660      0.1     621.3060    120.9600  0.0000  PE_699
pes_0_4                              742.2660      0.1     621.3060    120.9600  0.0000  PE_671
pes_0_5                              742.2660      0.1     621.3060    120.9600  0.0000  PE_643
pes_0_6                              742.2660      0.1     621.3060    120.9600  0.0000  PE_615
pes_0_7                              742.2660      0.1     621.3060    120.9600  0.0000  PE_587
pes_0_8                              742.2660      0.1     621.3060    120.9600  0.0000  PE_559
pes_0_9                              742.2660      0.1     621.3060    120.9600  0.0000  PE_531
pes_1                                742.2660      0.1     621.3060    120.9600  0.0000  PE_782
pes_10                               742.2660      0.1     621.3060    120.9600  0.0000  PE_773
pes_10_1                             742.2660      0.1     621.3060    120.9600  0.0000  PE_745
pes_10_10                            742.2660      0.1     621.3060    120.9600  0.0000  PE_493
pes_10_11                            742.2660      0.1     621.3060    120.9600  0.0000  PE_465
pes_10_12                            742.2660      0.1     621.3060    120.9600  0.0000  PE_437
pes_10_13                            742.2660      0.1     621.3060    120.9600  0.0000  PE_409
pes_10_14                            742.2660      0.1     621.3060    120.9600  0.0000  PE_381
pes_10_15                            742.2660      0.1     621.3060    120.9600  0.0000  PE_353
pes_10_16                            742.2660      0.1     621.3060    120.9600  0.0000  PE_325
pes_10_17                            742.2660      0.1     621.3060    120.9600  0.0000  PE_297
pes_10_18                            742.2660      0.1     621.3060    120.9600  0.0000  PE_269
pes_10_19                            742.2660      0.1     621.3060    120.9600  0.0000  PE_241
pes_10_2                             742.2660      0.1     621.3060    120.9600  0.0000  PE_717
pes_10_20                            742.2660      0.1     621.3060    120.9600  0.0000  PE_213
pes_10_21                            742.2660      0.1     621.3060    120.9600  0.0000  PE_185
pes_10_22                            742.2660      0.1     621.3060    120.9600  0.0000  PE_157
pes_10_23                            742.2660      0.1     621.3060    120.9600  0.0000  PE_129
pes_10_24                            743.5260      0.1     622.5660    120.9600  0.0000  PE_101
pes_10_25                            743.5260      0.1     622.5660    120.9600  0.0000  PE_73
pes_10_26                            743.5260      0.1     622.5660    120.9600  0.0000  PE_45
pes_10_27                            743.5260      0.1     622.5660    120.9600  0.0000  PE_17
pes_10_3                             742.2660      0.1     621.3060    120.9600  0.0000  PE_689
pes_10_4                             742.2660      0.1     621.3060    120.9600  0.0000  PE_661
pes_10_5                             742.2660      0.1     621.3060    120.9600  0.0000  PE_633
pes_10_6                             742.2660      0.1     621.3060    120.9600  0.0000  PE_605
pes_10_7                             742.2660      0.1     621.3060    120.9600  0.0000  PE_577
pes_10_8                             742.2660      0.1     621.3060    120.9600  0.0000  PE_549
pes_10_9                             742.2660      0.1     621.3060    120.9600  0.0000  PE_521
pes_11                               742.2660      0.1     621.3060    120.9600  0.0000  PE_772
pes_11_1                             742.2660      0.1     621.3060    120.9600  0.0000  PE_744
pes_11_10                            742.2660      0.1     621.3060    120.9600  0.0000  PE_492
pes_11_11                            742.2660      0.1     621.3060    120.9600  0.0000  PE_464
pes_11_12                            742.2660      0.1     621.3060    120.9600  0.0000  PE_436
pes_11_13                            742.2660      0.1     621.3060    120.9600  0.0000  PE_408
pes_11_14                            742.2660      0.1     621.3060    120.9600  0.0000  PE_380
pes_11_15                            742.2660      0.1     621.3060    120.9600  0.0000  PE_352
pes_11_16                            742.2660      0.1     621.3060    120.9600  0.0000  PE_324
pes_11_17                            742.2660      0.1     621.3060    120.9600  0.0000  PE_296
pes_11_18                            742.2660      0.1     621.3060    120.9600  0.0000  PE_268
pes_11_19                            742.2660      0.1     621.3060    120.9600  0.0000  PE_240
pes_11_2                             742.2660      0.1     621.3060    120.9600  0.0000  PE_716
pes_11_20                            742.2660      0.1     621.3060    120.9600  0.0000  PE_212
pes_11_21                            742.2660      0.1     621.3060    120.9600  0.0000  PE_184
pes_11_22                            742.2660      0.1     621.3060    120.9600  0.0000  PE_156
pes_11_23                            743.5260      0.1     622.5660    120.9600  0.0000  PE_128
pes_11_24                            743.5260      0.1     622.5660    120.9600  0.0000  PE_100
pes_11_25                            742.2660      0.1     621.3060    120.9600  0.0000  PE_72
pes_11_26                            743.5260      0.1     622.5660    120.9600  0.0000  PE_44
pes_11_27                            743.5260      0.1     622.5660    120.9600  0.0000  PE_16
pes_11_3                             742.2660      0.1     621.3060    120.9600  0.0000  PE_688
pes_11_4                             742.2660      0.1     621.3060    120.9600  0.0000  PE_660
pes_11_5                             742.2660      0.1     621.3060    120.9600  0.0000  PE_632
pes_11_6                             742.2660      0.1     621.3060    120.9600  0.0000  PE_604
pes_11_7                             742.2660      0.1     621.3060    120.9600  0.0000  PE_576
pes_11_8                             742.2660      0.1     621.3060    120.9600  0.0000  PE_548
pes_11_9                             742.2660      0.1     621.3060    120.9600  0.0000  PE_520
pes_12                               742.2660      0.1     621.3060    120.9600  0.0000  PE_771
pes_12_1                             742.2660      0.1     621.3060    120.9600  0.0000  PE_743
pes_12_10                            742.2660      0.1     621.3060    120.9600  0.0000  PE_491
pes_12_11                            742.2660      0.1     621.3060    120.9600  0.0000  PE_463
pes_12_12                            742.2660      0.1     621.3060    120.9600  0.0000  PE_435
pes_12_13                            742.2660      0.1     621.3060    120.9600  0.0000  PE_407
pes_12_14                            742.2660      0.1     621.3060    120.9600  0.0000  PE_379
pes_12_15                            742.2660      0.1     621.3060    120.9600  0.0000  PE_351
pes_12_16                            742.2660      0.1     621.3060    120.9600  0.0000  PE_323
pes_12_17                            742.2660      0.1     621.3060    120.9600  0.0000  PE_295
pes_12_18                            742.2660      0.1     621.3060    120.9600  0.0000  PE_267
pes_12_19                            742.2660      0.1     621.3060    120.9600  0.0000  PE_239
pes_12_2                             742.2660      0.1     621.3060    120.9600  0.0000  PE_715
pes_12_20                            742.2660      0.1     621.3060    120.9600  0.0000  PE_211
pes_12_21                            742.2660      0.1     621.3060    120.9600  0.0000  PE_183
pes_12_22                            742.2660      0.1     621.3060    120.9600  0.0000  PE_155
pes_12_23                            743.5260      0.1     622.5660    120.9600  0.0000  PE_127
pes_12_24                            743.5260      0.1     622.5660    120.9600  0.0000  PE_99
pes_12_25                            743.5260      0.1     622.5660    120.9600  0.0000  PE_71
pes_12_26                            743.5260      0.1     622.5660    120.9600  0.0000  PE_43
pes_12_27                            742.2660      0.1     621.3060    120.9600  0.0000  PE_15
pes_12_3                             742.2660      0.1     621.3060    120.9600  0.0000  PE_687
pes_12_4                             742.2660      0.1     621.3060    120.9600  0.0000  PE_659
pes_12_5                             742.2660      0.1     621.3060    120.9600  0.0000  PE_631
pes_12_6                             742.2660      0.1     621.3060    120.9600  0.0000  PE_603
pes_12_7                             742.2660      0.1     621.3060    120.9600  0.0000  PE_575
pes_12_8                             742.2660      0.1     621.3060    120.9600  0.0000  PE_547
pes_12_9                             742.2660      0.1     621.3060    120.9600  0.0000  PE_519
pes_13                               742.2660      0.1     621.3060    120.9600  0.0000  PE_770
pes_13_1                             742.2660      0.1     621.3060    120.9600  0.0000  PE_742
pes_13_10                            742.2660      0.1     621.3060    120.9600  0.0000  PE_490
pes_13_11                            742.2660      0.1     621.3060    120.9600  0.0000  PE_462
pes_13_12                            742.2660      0.1     621.3060    120.9600  0.0000  PE_434
pes_13_13                            742.2660      0.1     621.3060    120.9600  0.0000  PE_406
pes_13_14                            742.2660      0.1     621.3060    120.9600  0.0000  PE_378
pes_13_15                            742.2660      0.1     621.3060    120.9600  0.0000  PE_350
pes_13_16                            742.2660      0.1     621.3060    120.9600  0.0000  PE_322
pes_13_17                            742.2660      0.1     621.3060    120.9600  0.0000  PE_294
pes_13_18                            742.2660      0.1     621.3060    120.9600  0.0000  PE_266
pes_13_19                            742.2660      0.1     621.3060    120.9600  0.0000  PE_238
pes_13_2                             742.2660      0.1     621.3060    120.9600  0.0000  PE_714
pes_13_20                            742.2660      0.1     621.3060    120.9600  0.0000  PE_210
pes_13_21                            742.2660      0.1     621.3060    120.9600  0.0000  PE_182
pes_13_22                            742.2660      0.1     621.3060    120.9600  0.0000  PE_154
pes_13_23                            743.5260      0.1     622.5660    120.9600  0.0000  PE_126
pes_13_24                            742.2660      0.1     621.3060    120.9600  0.0000  PE_98
pes_13_25                            743.5260      0.1     622.5660    120.9600  0.0000  PE_70
pes_13_26                            743.5260      0.1     622.5660    120.9600  0.0000  PE_42
pes_13_27                            743.5260      0.1     622.5660    120.9600  0.0000  PE_14
pes_13_3                             742.2660      0.1     621.3060    120.9600  0.0000  PE_686
pes_13_4                             742.2660      0.1     621.3060    120.9600  0.0000  PE_658
pes_13_5                             742.2660      0.1     621.3060    120.9600  0.0000  PE_630
pes_13_6                             742.2660      0.1     621.3060    120.9600  0.0000  PE_602
pes_13_7                             742.2660      0.1     621.3060    120.9600  0.0000  PE_574
pes_13_8                             742.2660      0.1     621.3060    120.9600  0.0000  PE_546
pes_13_9                             742.2660      0.1     621.3060    120.9600  0.0000  PE_518
pes_14                               742.2660      0.1     621.3060    120.9600  0.0000  PE_769
pes_14_1                             742.2660      0.1     621.3060    120.9600  0.0000  PE_741
pes_14_10                            742.2660      0.1     621.3060    120.9600  0.0000  PE_489
pes_14_11                            742.2660      0.1     621.3060    120.9600  0.0000  PE_461
pes_14_12                            742.2660      0.1     621.3060    120.9600  0.0000  PE_433
pes_14_13                            742.2660      0.1     621.3060    120.9600  0.0000  PE_405
pes_14_14                            742.2660      0.1     621.3060    120.9600  0.0000  PE_377
pes_14_15                            742.2660      0.1     621.3060    120.9600  0.0000  PE_349
pes_14_16                            742.2660      0.1     621.3060    120.9600  0.0000  PE_321
pes_14_17                            742.2660      0.1     621.3060    120.9600  0.0000  PE_293
pes_14_18                            742.2660      0.1     621.3060    120.9600  0.0000  PE_265
pes_14_19                            742.2660      0.1     621.3060    120.9600  0.0000  PE_237
pes_14_2                             742.2660      0.1     621.3060    120.9600  0.0000  PE_713
pes_14_20                            742.2660      0.1     621.3060    120.9600  0.0000  PE_209
pes_14_21                            742.2660      0.1     621.3060    120.9600  0.0000  PE_181
pes_14_22                            742.2660      0.1     621.3060    120.9600  0.0000  PE_153
pes_14_23                            743.5260      0.1     622.5660    120.9600  0.0000  PE_125
pes_14_24                            743.5260      0.1     622.5660    120.9600  0.0000  PE_97
pes_14_25                            743.5260      0.1     622.5660    120.9600  0.0000  PE_69
pes_14_26                            742.2660      0.1     621.3060    120.9600  0.0000  PE_41
pes_14_27                            743.5260      0.1     622.5660    120.9600  0.0000  PE_13
pes_14_3                             742.2660      0.1     621.3060    120.9600  0.0000  PE_685
pes_14_4                             742.2660      0.1     621.3060    120.9600  0.0000  PE_657
pes_14_5                             742.2660      0.1     621.3060    120.9600  0.0000  PE_629
pes_14_6                             742.2660      0.1     621.3060    120.9600  0.0000  PE_601
pes_14_7                             742.2660      0.1     621.3060    120.9600  0.0000  PE_573
pes_14_8                             742.2660      0.1     621.3060    120.9600  0.0000  PE_545
pes_14_9                             742.2660      0.1     621.3060    120.9600  0.0000  PE_517
pes_15                               742.2660      0.1     621.3060    120.9600  0.0000  PE_768
pes_15_1                             742.2660      0.1     621.3060    120.9600  0.0000  PE_740
pes_15_10                            742.2660      0.1     621.3060    120.9600  0.0000  PE_488
pes_15_11                            742.2660      0.1     621.3060    120.9600  0.0000  PE_460
pes_15_12                            742.2660      0.1     621.3060    120.9600  0.0000  PE_432
pes_15_13                            742.2660      0.1     621.3060    120.9600  0.0000  PE_404
pes_15_14                            742.2660      0.1     621.3060    120.9600  0.0000  PE_376
pes_15_15                            742.2660      0.1     621.3060    120.9600  0.0000  PE_348
pes_15_16                            742.2660      0.1     621.3060    120.9600  0.0000  PE_320
pes_15_17                            742.2660      0.1     621.3060    120.9600  0.0000  PE_292
pes_15_18                            742.2660      0.1     621.3060    120.9600  0.0000  PE_264
pes_15_19                            742.2660      0.1     621.3060    120.9600  0.0000  PE_236
pes_15_2                             742.2660      0.1     621.3060    120.9600  0.0000  PE_712
pes_15_20                            742.2660      0.1     621.3060    120.9600  0.0000  PE_208
pes_15_21                            742.2660      0.1     621.3060    120.9600  0.0000  PE_180
pes_15_22                            742.2660      0.1     621.3060    120.9600  0.0000  PE_152
pes_15_23                            742.2660      0.1     621.3060    120.9600  0.0000  PE_124
pes_15_24                            743.5260      0.1     622.5660    120.9600  0.0000  PE_96
pes_15_25                            743.5260      0.1     622.5660    120.9600  0.0000  PE_68
pes_15_26                            743.5260      0.1     622.5660    120.9600  0.0000  PE_40
pes_15_27                            743.5260      0.1     622.5660    120.9600  0.0000  PE_12
pes_15_3                             742.2660      0.1     621.3060    120.9600  0.0000  PE_684
pes_15_4                             742.2660      0.1     621.3060    120.9600  0.0000  PE_656
pes_15_5                             742.2660      0.1     621.3060    120.9600  0.0000  PE_628
pes_15_6                             742.2660      0.1     621.3060    120.9600  0.0000  PE_600
pes_15_7                             742.2660      0.1     621.3060    120.9600  0.0000  PE_572
pes_15_8                             742.2660      0.1     621.3060    120.9600  0.0000  PE_544
pes_15_9                             742.2660      0.1     621.3060    120.9600  0.0000  PE_516
pes_16                               742.2660      0.1     621.3060    120.9600  0.0000  PE_767
pes_16_1                             742.2660      0.1     621.3060    120.9600  0.0000  PE_739
pes_16_10                            742.2660      0.1     621.3060    120.9600  0.0000  PE_487
pes_16_11                            742.2660      0.1     621.3060    120.9600  0.0000  PE_459
pes_16_12                            742.2660      0.1     621.3060    120.9600  0.0000  PE_431
pes_16_13                            742.2660      0.1     621.3060    120.9600  0.0000  PE_403
pes_16_14                            742.2660      0.1     621.3060    120.9600  0.0000  PE_375
pes_16_15                            742.2660      0.1     621.3060    120.9600  0.0000  PE_347
pes_16_16                            742.2660      0.1     621.3060    120.9600  0.0000  PE_319
pes_16_17                            742.2660      0.1     621.3060    120.9600  0.0000  PE_291
pes_16_18                            742.2660      0.1     621.3060    120.9600  0.0000  PE_263
pes_16_19                            742.2660      0.1     621.3060    120.9600  0.0000  PE_235
pes_16_2                             742.2660      0.1     621.3060    120.9600  0.0000  PE_711
pes_16_20                            742.2660      0.1     621.3060    120.9600  0.0000  PE_207
pes_16_21                            742.2660      0.1     621.3060    120.9600  0.0000  PE_179
pes_16_22                            742.2660      0.1     621.3060    120.9600  0.0000  PE_151
pes_16_23                            743.5260      0.1     622.5660    120.9600  0.0000  PE_123
pes_16_24                            743.5260      0.1     622.5660    120.9600  0.0000  PE_95
pes_16_25                            742.2660      0.1     621.3060    120.9600  0.0000  PE_67
pes_16_26                            743.5260      0.1     622.5660    120.9600  0.0000  PE_39
pes_16_27                            743.5260      0.1     622.5660    120.9600  0.0000  PE_11
pes_16_3                             742.2660      0.1     621.3060    120.9600  0.0000  PE_683
pes_16_4                             742.2660      0.1     621.3060    120.9600  0.0000  PE_655
pes_16_5                             742.2660      0.1     621.3060    120.9600  0.0000  PE_627
pes_16_6                             742.2660      0.1     621.3060    120.9600  0.0000  PE_599
pes_16_7                             742.2660      0.1     621.3060    120.9600  0.0000  PE_571
pes_16_8                             742.2660      0.1     621.3060    120.9600  0.0000  PE_543
pes_16_9                             742.2660      0.1     621.3060    120.9600  0.0000  PE_515
pes_17                               742.2660      0.1     621.3060    120.9600  0.0000  PE_766
pes_17_1                             742.2660      0.1     621.3060    120.9600  0.0000  PE_738
pes_17_10                            742.2660      0.1     621.3060    120.9600  0.0000  PE_486
pes_17_11                            742.2660      0.1     621.3060    120.9600  0.0000  PE_458
pes_17_12                            742.2660      0.1     621.3060    120.9600  0.0000  PE_430
pes_17_13                            742.2660      0.1     621.3060    120.9600  0.0000  PE_402
pes_17_14                            742.2660      0.1     621.3060    120.9600  0.0000  PE_374
pes_17_15                            742.2660      0.1     621.3060    120.9600  0.0000  PE_346
pes_17_16                            742.2660      0.1     621.3060    120.9600  0.0000  PE_318
pes_17_17                            742.2660      0.1     621.3060    120.9600  0.0000  PE_290
pes_17_18                            742.2660      0.1     621.3060    120.9600  0.0000  PE_262
pes_17_19                            742.2660      0.1     621.3060    120.9600  0.0000  PE_234
pes_17_2                             742.2660      0.1     621.3060    120.9600  0.0000  PE_710
pes_17_20                            742.2660      0.1     621.3060    120.9600  0.0000  PE_206
pes_17_21                            742.2660      0.1     621.3060    120.9600  0.0000  PE_178
pes_17_22                            742.2660      0.1     621.3060    120.9600  0.0000  PE_150
pes_17_23                            743.5260      0.1     622.5660    120.9600  0.0000  PE_122
pes_17_24                            743.5260      0.1     622.5660    120.9600  0.0000  PE_94
pes_17_25                            743.5260      0.1     622.5660    120.9600  0.0000  PE_66
pes_17_26                            743.5260      0.1     622.5660    120.9600  0.0000  PE_38
pes_17_27                            742.2660      0.1     621.3060    120.9600  0.0000  PE_10
pes_17_3                             742.2660      0.1     621.3060    120.9600  0.0000  PE_682
pes_17_4                             742.2660      0.1     621.3060    120.9600  0.0000  PE_654
pes_17_5                             742.2660      0.1     621.3060    120.9600  0.0000  PE_626
pes_17_6                             742.2660      0.1     621.3060    120.9600  0.0000  PE_598
pes_17_7                             742.2660      0.1     621.3060    120.9600  0.0000  PE_570
pes_17_8                             742.2660      0.1     621.3060    120.9600  0.0000  PE_542
pes_17_9                             742.2660      0.1     621.3060    120.9600  0.0000  PE_514
pes_18                               742.2660      0.1     621.3060    120.9600  0.0000  PE_765
pes_18_1                             742.2660      0.1     621.3060    120.9600  0.0000  PE_737
pes_18_10                            742.2660      0.1     621.3060    120.9600  0.0000  PE_485
pes_18_11                            742.2660      0.1     621.3060    120.9600  0.0000  PE_457
pes_18_12                            742.2660      0.1     621.3060    120.9600  0.0000  PE_429
pes_18_13                            742.2660      0.1     621.3060    120.9600  0.0000  PE_401
pes_18_14                            742.2660      0.1     621.3060    120.9600  0.0000  PE_373
pes_18_15                            742.2660      0.1     621.3060    120.9600  0.0000  PE_345
pes_18_16                            742.2660      0.1     621.3060    120.9600  0.0000  PE_317
pes_18_17                            742.2660      0.1     621.3060    120.9600  0.0000  PE_289
pes_18_18                            742.2660      0.1     621.3060    120.9600  0.0000  PE_261
pes_18_19                            742.2660      0.1     621.3060    120.9600  0.0000  PE_233
pes_18_2                             742.2660      0.1     621.3060    120.9600  0.0000  PE_709
pes_18_20                            742.2660      0.1     621.3060    120.9600  0.0000  PE_205
pes_18_21                            742.2660      0.1     621.3060    120.9600  0.0000  PE_177
pes_18_22                            742.2660      0.1     621.3060    120.9600  0.0000  PE_149
pes_18_23                            743.5260      0.1     622.5660    120.9600  0.0000  PE_121
pes_18_24                            742.2660      0.1     621.3060    120.9600  0.0000  PE_93
pes_18_25                            743.5260      0.1     622.5660    120.9600  0.0000  PE_65
pes_18_26                            743.5260      0.1     622.5660    120.9600  0.0000  PE_37
pes_18_27                            743.5260      0.1     622.5660    120.9600  0.0000  PE_9
pes_18_3                             742.2660      0.1     621.3060    120.9600  0.0000  PE_681
pes_18_4                             742.2660      0.1     621.3060    120.9600  0.0000  PE_653
pes_18_5                             742.2660      0.1     621.3060    120.9600  0.0000  PE_625
pes_18_6                             742.2660      0.1     621.3060    120.9600  0.0000  PE_597
pes_18_7                             742.2660      0.1     621.3060    120.9600  0.0000  PE_569
pes_18_8                             742.2660      0.1     621.3060    120.9600  0.0000  PE_541
pes_18_9                             742.2660      0.1     621.3060    120.9600  0.0000  PE_513
pes_19                               742.2660      0.1     621.3060    120.9600  0.0000  PE_764
pes_19_1                             742.2660      0.1     621.3060    120.9600  0.0000  PE_736
pes_19_10                            742.2660      0.1     621.3060    120.9600  0.0000  PE_484
pes_19_11                            742.2660      0.1     621.3060    120.9600  0.0000  PE_456
pes_19_12                            742.2660      0.1     621.3060    120.9600  0.0000  PE_428
pes_19_13                            742.2660      0.1     621.3060    120.9600  0.0000  PE_400
pes_19_14                            742.2660      0.1     621.3060    120.9600  0.0000  PE_372
pes_19_15                            742.2660      0.1     621.3060    120.9600  0.0000  PE_344
pes_19_16                            742.2660      0.1     621.3060    120.9600  0.0000  PE_316
pes_19_17                            742.2660      0.1     621.3060    120.9600  0.0000  PE_288
pes_19_18                            742.2660      0.1     621.3060    120.9600  0.0000  PE_260
pes_19_19                            742.2660      0.1     621.3060    120.9600  0.0000  PE_232
pes_19_2                             742.2660      0.1     621.3060    120.9600  0.0000  PE_708
pes_19_20                            742.2660      0.1     621.3060    120.9600  0.0000  PE_204
pes_19_21                            742.2660      0.1     621.3060    120.9600  0.0000  PE_176
pes_19_22                            742.2660      0.1     621.3060    120.9600  0.0000  PE_148
pes_19_23                            743.5260      0.1     622.5660    120.9600  0.0000  PE_120
pes_19_24                            743.5260      0.1     622.5660    120.9600  0.0000  PE_92
pes_19_25                            743.5260      0.1     622.5660    120.9600  0.0000  PE_64
pes_19_26                            742.2660      0.1     621.3060    120.9600  0.0000  PE_36
pes_19_27                            743.5260      0.1     622.5660    120.9600  0.0000  PE_8
pes_19_3                             742.2660      0.1     621.3060    120.9600  0.0000  PE_680
pes_19_4                             742.2660      0.1     621.3060    120.9600  0.0000  PE_652
pes_19_5                             742.2660      0.1     621.3060    120.9600  0.0000  PE_624
pes_19_6                             742.2660      0.1     621.3060    120.9600  0.0000  PE_596
pes_19_7                             742.2660      0.1     621.3060    120.9600  0.0000  PE_568
pes_19_8                             742.2660      0.1     621.3060    120.9600  0.0000  PE_540
pes_19_9                             742.2660      0.1     621.3060    120.9600  0.0000  PE_512
pes_1_1                              742.2660      0.1     621.3060    120.9600  0.0000  PE_754
pes_1_10                             742.2660      0.1     621.3060    120.9600  0.0000  PE_502
pes_1_11                             742.2660      0.1     621.3060    120.9600  0.0000  PE_474
pes_1_12                             742.2660      0.1     621.3060    120.9600  0.0000  PE_446
pes_1_13                             742.2660      0.1     621.3060    120.9600  0.0000  PE_418
pes_1_14                             742.2660      0.1     621.3060    120.9600  0.0000  PE_390
pes_1_15                             742.2660      0.1     621.3060    120.9600  0.0000  PE_362
pes_1_16                             742.2660      0.1     621.3060    120.9600  0.0000  PE_334
pes_1_17                             742.2660      0.1     621.3060    120.9600  0.0000  PE_306
pes_1_18                             742.2660      0.1     621.3060    120.9600  0.0000  PE_278
pes_1_19                             742.2660      0.1     621.3060    120.9600  0.0000  PE_250
pes_1_2                              742.2660      0.1     621.3060    120.9600  0.0000  PE_726
pes_1_20                             742.2660      0.1     621.3060    120.9600  0.0000  PE_222
pes_1_21                             742.2660      0.1     621.3060    120.9600  0.0000  PE_194
pes_1_22                             742.2660      0.1     621.3060    120.9600  0.0000  PE_166
pes_1_23                             743.5260      0.1     622.5660    120.9600  0.0000  PE_138
pes_1_24                             743.5260      0.1     622.5660    120.9600  0.0000  PE_110
pes_1_25                             742.2660      0.1     621.3060    120.9600  0.0000  PE_82
pes_1_26                             743.5260      0.1     622.5660    120.9600  0.0000  PE_54
pes_1_27                             743.5260      0.1     622.5660    120.9600  0.0000  PE_26
pes_1_3                              742.2660      0.1     621.3060    120.9600  0.0000  PE_698
pes_1_4                              742.2660      0.1     621.3060    120.9600  0.0000  PE_670
pes_1_5                              742.2660      0.1     621.3060    120.9600  0.0000  PE_642
pes_1_6                              742.2660      0.1     621.3060    120.9600  0.0000  PE_614
pes_1_7                              742.2660      0.1     621.3060    120.9600  0.0000  PE_586
pes_1_8                              742.2660      0.1     621.3060    120.9600  0.0000  PE_558
pes_1_9                              742.2660      0.1     621.3060    120.9600  0.0000  PE_530
pes_2                                742.2660      0.1     621.3060    120.9600  0.0000  PE_781
pes_20                               742.2660      0.1     621.3060    120.9600  0.0000  PE_763
pes_20_1                             742.2660      0.1     621.3060    120.9600  0.0000  PE_735
pes_20_10                            742.2660      0.1     621.3060    120.9600  0.0000  PE_483
pes_20_11                            742.2660      0.1     621.3060    120.9600  0.0000  PE_455
pes_20_12                            742.2660      0.1     621.3060    120.9600  0.0000  PE_427
pes_20_13                            742.2660      0.1     621.3060    120.9600  0.0000  PE_399
pes_20_14                            742.2660      0.1     621.3060    120.9600  0.0000  PE_371
pes_20_15                            742.2660      0.1     621.3060    120.9600  0.0000  PE_343
pes_20_16                            742.2660      0.1     621.3060    120.9600  0.0000  PE_315
pes_20_17                            742.2660      0.1     621.3060    120.9600  0.0000  PE_287
pes_20_18                            742.2660      0.1     621.3060    120.9600  0.0000  PE_259
pes_20_19                            742.2660      0.1     621.3060    120.9600  0.0000  PE_231
pes_20_2                             742.2660      0.1     621.3060    120.9600  0.0000  PE_707
pes_20_20                            742.2660      0.1     621.3060    120.9600  0.0000  PE_203
pes_20_21                            742.2660      0.1     621.3060    120.9600  0.0000  PE_175
pes_20_22                            742.2660      0.1     621.3060    120.9600  0.0000  PE_147
pes_20_23                            742.2660      0.1     621.3060    120.9600  0.0000  PE_119
pes_20_24                            743.5260      0.1     622.5660    120.9600  0.0000  PE_91
pes_20_25                            743.5260      0.1     622.5660    120.9600  0.0000  PE_63
pes_20_26                            743.5260      0.1     622.5660    120.9600  0.0000  PE_35
pes_20_27                            743.5260      0.1     622.5660    120.9600  0.0000  PE_7
pes_20_3                             742.2660      0.1     621.3060    120.9600  0.0000  PE_679
pes_20_4                             742.2660      0.1     621.3060    120.9600  0.0000  PE_651
pes_20_5                             742.2660      0.1     621.3060    120.9600  0.0000  PE_623
pes_20_6                             742.2660      0.1     621.3060    120.9600  0.0000  PE_595
pes_20_7                             742.2660      0.1     621.3060    120.9600  0.0000  PE_567
pes_20_8                             742.2660      0.1     621.3060    120.9600  0.0000  PE_539
pes_20_9                             742.2660      0.1     621.3060    120.9600  0.0000  PE_511
pes_21                               742.2660      0.1     621.3060    120.9600  0.0000  PE_762
pes_21_1                             742.2660      0.1     621.3060    120.9600  0.0000  PE_734
pes_21_10                            742.2660      0.1     621.3060    120.9600  0.0000  PE_482
pes_21_11                            742.2660      0.1     621.3060    120.9600  0.0000  PE_454
pes_21_12                            742.2660      0.1     621.3060    120.9600  0.0000  PE_426
pes_21_13                            742.2660      0.1     621.3060    120.9600  0.0000  PE_398
pes_21_14                            742.2660      0.1     621.3060    120.9600  0.0000  PE_370
pes_21_15                            742.2660      0.1     621.3060    120.9600  0.0000  PE_342
pes_21_16                            742.2660      0.1     621.3060    120.9600  0.0000  PE_314
pes_21_17                            742.2660      0.1     621.3060    120.9600  0.0000  PE_286
pes_21_18                            742.2660      0.1     621.3060    120.9600  0.0000  PE_258
pes_21_19                            742.2660      0.1     621.3060    120.9600  0.0000  PE_230
pes_21_2                             742.2660      0.1     621.3060    120.9600  0.0000  PE_706
pes_21_20                            742.2660      0.1     621.3060    120.9600  0.0000  PE_202
pes_21_21                            742.2660      0.1     621.3060    120.9600  0.0000  PE_174
pes_21_22                            742.2660      0.1     621.3060    120.9600  0.0000  PE_146
pes_21_23                            743.5260      0.1     622.5660    120.9600  0.0000  PE_118
pes_21_24                            743.5260      0.1     622.5660    120.9600  0.0000  PE_90
pes_21_25                            742.2660      0.1     621.3060    120.9600  0.0000  PE_62
pes_21_26                            743.5260      0.1     622.5660    120.9600  0.0000  PE_34
pes_21_27                            743.5260      0.1     622.5660    120.9600  0.0000  PE_6
pes_21_3                             742.2660      0.1     621.3060    120.9600  0.0000  PE_678
pes_21_4                             742.2660      0.1     621.3060    120.9600  0.0000  PE_650
pes_21_5                             742.2660      0.1     621.3060    120.9600  0.0000  PE_622
pes_21_6                             742.2660      0.1     621.3060    120.9600  0.0000  PE_594
pes_21_7                             742.2660      0.1     621.3060    120.9600  0.0000  PE_566
pes_21_8                             742.2660      0.1     621.3060    120.9600  0.0000  PE_538
pes_21_9                             742.2660      0.1     621.3060    120.9600  0.0000  PE_510
pes_22                               742.2660      0.1     621.3060    120.9600  0.0000  PE_761
pes_22_1                             742.2660      0.1     621.3060    120.9600  0.0000  PE_733
pes_22_10                            742.2660      0.1     621.3060    120.9600  0.0000  PE_481
pes_22_11                            742.2660      0.1     621.3060    120.9600  0.0000  PE_453
pes_22_12                            742.2660      0.1     621.3060    120.9600  0.0000  PE_425
pes_22_13                            742.2660      0.1     621.3060    120.9600  0.0000  PE_397
pes_22_14                            742.2660      0.1     621.3060    120.9600  0.0000  PE_369
pes_22_15                            742.2660      0.1     621.3060    120.9600  0.0000  PE_341
pes_22_16                            742.2660      0.1     621.3060    120.9600  0.0000  PE_313
pes_22_17                            742.2660      0.1     621.3060    120.9600  0.0000  PE_285
pes_22_18                            742.2660      0.1     621.3060    120.9600  0.0000  PE_257
pes_22_19                            742.2660      0.1     621.3060    120.9600  0.0000  PE_229
pes_22_2                             742.2660      0.1     621.3060    120.9600  0.0000  PE_705
pes_22_20                            742.2660      0.1     621.3060    120.9600  0.0000  PE_201
pes_22_21                            742.2660      0.1     621.3060    120.9600  0.0000  PE_173
pes_22_22                            742.2660      0.1     621.3060    120.9600  0.0000  PE_145
pes_22_23                            743.5260      0.1     622.5660    120.9600  0.0000  PE_117
pes_22_24                            743.5260      0.1     622.5660    120.9600  0.0000  PE_89
pes_22_25                            743.5260      0.1     622.5660    120.9600  0.0000  PE_61
pes_22_26                            743.5260      0.1     622.5660    120.9600  0.0000  PE_33
pes_22_27                            742.2660      0.1     621.3060    120.9600  0.0000  PE_5
pes_22_3                             742.2660      0.1     621.3060    120.9600  0.0000  PE_677
pes_22_4                             742.2660      0.1     621.3060    120.9600  0.0000  PE_649
pes_22_5                             742.2660      0.1     621.3060    120.9600  0.0000  PE_621
pes_22_6                             742.2660      0.1     621.3060    120.9600  0.0000  PE_593
pes_22_7                             742.2660      0.1     621.3060    120.9600  0.0000  PE_565
pes_22_8                             742.2660      0.1     621.3060    120.9600  0.0000  PE_537
pes_22_9                             742.2660      0.1     621.3060    120.9600  0.0000  PE_509
pes_23                               742.2660      0.1     621.3060    120.9600  0.0000  PE_760
pes_23_1                             742.2660      0.1     621.3060    120.9600  0.0000  PE_732
pes_23_10                            742.2660      0.1     621.3060    120.9600  0.0000  PE_480
pes_23_11                            742.2660      0.1     621.3060    120.9600  0.0000  PE_452
pes_23_12                            742.2660      0.1     621.3060    120.9600  0.0000  PE_424
pes_23_13                            742.2660      0.1     621.3060    120.9600  0.0000  PE_396
pes_23_14                            742.2660      0.1     621.3060    120.9600  0.0000  PE_368
pes_23_15                            742.2660      0.1     621.3060    120.9600  0.0000  PE_340
pes_23_16                            742.2660      0.1     621.3060    120.9600  0.0000  PE_312
pes_23_17                            742.2660      0.1     621.3060    120.9600  0.0000  PE_284
pes_23_18                            742.2660      0.1     621.3060    120.9600  0.0000  PE_256
pes_23_19                            742.2660      0.1     621.3060    120.9600  0.0000  PE_228
pes_23_2                             742.2660      0.1     621.3060    120.9600  0.0000  PE_704
pes_23_20                            742.2660      0.1     621.3060    120.9600  0.0000  PE_200
pes_23_21                            742.2660      0.1     621.3060    120.9600  0.0000  PE_172
pes_23_22                            742.2660      0.1     621.3060    120.9600  0.0000  PE_144
pes_23_23                            743.5260      0.1     622.5660    120.9600  0.0000  PE_116
pes_23_24                            742.2660      0.1     621.3060    120.9600  0.0000  PE_88
pes_23_25                            743.5260      0.1     622.5660    120.9600  0.0000  PE_60
pes_23_26                            743.5260      0.1     622.5660    120.9600  0.0000  PE_32
pes_23_27                            743.5260      0.1     622.5660    120.9600  0.0000  PE_4
pes_23_3                             742.2660      0.1     621.3060    120.9600  0.0000  PE_676
pes_23_4                             742.2660      0.1     621.3060    120.9600  0.0000  PE_648
pes_23_5                             742.2660      0.1     621.3060    120.9600  0.0000  PE_620
pes_23_6                             742.2660      0.1     621.3060    120.9600  0.0000  PE_592
pes_23_7                             742.2660      0.1     621.3060    120.9600  0.0000  PE_564
pes_23_8                             742.2660      0.1     621.3060    120.9600  0.0000  PE_536
pes_23_9                             742.2660      0.1     621.3060    120.9600  0.0000  PE_508
pes_24                               742.2660      0.1     621.3060    120.9600  0.0000  PE_759
pes_24_1                             742.2660      0.1     621.3060    120.9600  0.0000  PE_731
pes_24_10                            742.2660      0.1     621.3060    120.9600  0.0000  PE_479
pes_24_11                            742.2660      0.1     621.3060    120.9600  0.0000  PE_451
pes_24_12                            742.2660      0.1     621.3060    120.9600  0.0000  PE_423
pes_24_13                            742.2660      0.1     621.3060    120.9600  0.0000  PE_395
pes_24_14                            742.2660      0.1     621.3060    120.9600  0.0000  PE_367
pes_24_15                            742.2660      0.1     621.3060    120.9600  0.0000  PE_339
pes_24_16                            742.2660      0.1     621.3060    120.9600  0.0000  PE_311
pes_24_17                            742.2660      0.1     621.3060    120.9600  0.0000  PE_283
pes_24_18                            742.2660      0.1     621.3060    120.9600  0.0000  PE_255
pes_24_19                            742.2660      0.1     621.3060    120.9600  0.0000  PE_227
pes_24_2                             742.2660      0.1     621.3060    120.9600  0.0000  PE_703
pes_24_20                            742.2660      0.1     621.3060    120.9600  0.0000  PE_199
pes_24_21                            742.2660      0.1     621.3060    120.9600  0.0000  PE_171
pes_24_22                            742.2660      0.1     621.3060    120.9600  0.0000  PE_143
pes_24_23                            743.5260      0.1     622.5660    120.9600  0.0000  PE_115
pes_24_24                            743.5260      0.1     622.5660    120.9600  0.0000  PE_87
pes_24_25                            743.5260      0.1     622.5660    120.9600  0.0000  PE_59
pes_24_26                            742.2660      0.1     621.3060    120.9600  0.0000  PE_31
pes_24_27                            743.5260      0.1     622.5660    120.9600  0.0000  PE_3
pes_24_3                             742.2660      0.1     621.3060    120.9600  0.0000  PE_675
pes_24_4                             742.2660      0.1     621.3060    120.9600  0.0000  PE_647
pes_24_5                             742.2660      0.1     621.3060    120.9600  0.0000  PE_619
pes_24_6                             742.2660      0.1     621.3060    120.9600  0.0000  PE_591
pes_24_7                             742.2660      0.1     621.3060    120.9600  0.0000  PE_563
pes_24_8                             742.2660      0.1     621.3060    120.9600  0.0000  PE_535
pes_24_9                             742.2660      0.1     621.3060    120.9600  0.0000  PE_507
pes_25                               742.2660      0.1     621.3060    120.9600  0.0000  PE_758
pes_25_1                             742.2660      0.1     621.3060    120.9600  0.0000  PE_730
pes_25_10                            742.2660      0.1     621.3060    120.9600  0.0000  PE_478
pes_25_11                            742.2660      0.1     621.3060    120.9600  0.0000  PE_450
pes_25_12                            742.2660      0.1     621.3060    120.9600  0.0000  PE_422
pes_25_13                            742.2660      0.1     621.3060    120.9600  0.0000  PE_394
pes_25_14                            742.2660      0.1     621.3060    120.9600  0.0000  PE_366
pes_25_15                            742.2660      0.1     621.3060    120.9600  0.0000  PE_338
pes_25_16                            742.2660      0.1     621.3060    120.9600  0.0000  PE_310
pes_25_17                            742.2660      0.1     621.3060    120.9600  0.0000  PE_282
pes_25_18                            742.2660      0.1     621.3060    120.9600  0.0000  PE_254
pes_25_19                            742.2660      0.1     621.3060    120.9600  0.0000  PE_226
pes_25_2                             742.2660      0.1     621.3060    120.9600  0.0000  PE_702
pes_25_20                            742.2660      0.1     621.3060    120.9600  0.0000  PE_198
pes_25_21                            742.2660      0.1     621.3060    120.9600  0.0000  PE_170
pes_25_22                            742.2660      0.1     621.3060    120.9600  0.0000  PE_142
pes_25_23                            742.2660      0.1     621.3060    120.9600  0.0000  PE_114
pes_25_24                            743.5260      0.1     622.5660    120.9600  0.0000  PE_86
pes_25_25                            743.5260      0.1     622.5660    120.9600  0.0000  PE_58
pes_25_26                            743.5260      0.1     622.5660    120.9600  0.0000  PE_30
pes_25_27                            743.5260      0.1     622.5660    120.9600  0.0000  PE_2
pes_25_3                             742.2660      0.1     621.3060    120.9600  0.0000  PE_674
pes_25_4                             742.2660      0.1     621.3060    120.9600  0.0000  PE_646
pes_25_5                             742.2660      0.1     621.3060    120.9600  0.0000  PE_618
pes_25_6                             742.2660      0.1     621.3060    120.9600  0.0000  PE_590
pes_25_7                             742.2660      0.1     621.3060    120.9600  0.0000  PE_562
pes_25_8                             742.2660      0.1     621.3060    120.9600  0.0000  PE_534
pes_25_9                             742.2660      0.1     621.3060    120.9600  0.0000  PE_506
pes_26                               742.2660      0.1     621.3060    120.9600  0.0000  PE_757
pes_26_1                             742.2660      0.1     621.3060    120.9600  0.0000  PE_729
pes_26_10                            742.2660      0.1     621.3060    120.9600  0.0000  PE_477
pes_26_11                            742.2660      0.1     621.3060    120.9600  0.0000  PE_449
pes_26_12                            742.2660      0.1     621.3060    120.9600  0.0000  PE_421
pes_26_13                            742.2660      0.1     621.3060    120.9600  0.0000  PE_393
pes_26_14                            742.2660      0.1     621.3060    120.9600  0.0000  PE_365
pes_26_15                            742.2660      0.1     621.3060    120.9600  0.0000  PE_337
pes_26_16                            742.2660      0.1     621.3060    120.9600  0.0000  PE_309
pes_26_17                            742.2660      0.1     621.3060    120.9600  0.0000  PE_281
pes_26_18                            742.2660      0.1     621.3060    120.9600  0.0000  PE_253
pes_26_19                            742.2660      0.1     621.3060    120.9600  0.0000  PE_225
pes_26_2                             742.2660      0.1     621.3060    120.9600  0.0000  PE_701
pes_26_20                            742.2660      0.1     621.3060    120.9600  0.0000  PE_197
pes_26_21                            742.2660      0.1     621.3060    120.9600  0.0000  PE_169
pes_26_22                            743.5260      0.1     622.5660    120.9600  0.0000  PE_141
pes_26_23                            743.5260      0.1     622.5660    120.9600  0.0000  PE_113
pes_26_24                            743.5260      0.1     622.5660    120.9600  0.0000  PE_85
pes_26_25                            742.2660      0.1     621.3060    120.9600  0.0000  PE_57
pes_26_26                            743.5260      0.1     622.5660    120.9600  0.0000  PE_29
pes_26_27                            743.5260      0.1     622.5660    120.9600  0.0000  PE_1
pes_26_3                             742.2660      0.1     621.3060    120.9600  0.0000  PE_673
pes_26_4                             742.2660      0.1     621.3060    120.9600  0.0000  PE_645
pes_26_5                             742.2660      0.1     621.3060    120.9600  0.0000  PE_617
pes_26_6                             742.2660      0.1     621.3060    120.9600  0.0000  PE_589
pes_26_7                             742.2660      0.1     621.3060    120.9600  0.0000  PE_561
pes_26_8                             742.2660      0.1     621.3060    120.9600  0.0000  PE_533
pes_26_9                             742.2660      0.1     621.3060    120.9600  0.0000  PE_505
pes_27                               688.4640      0.1     597.7440     90.7200  0.0000  PE_756
pes_27_1                             688.7160      0.1     597.9960     90.7200  0.0000  PE_728
pes_27_10                            688.4640      0.1     597.7440     90.7200  0.0000  PE_476
pes_27_11                            688.7160      0.1     597.9960     90.7200  0.0000  PE_448
pes_27_12                            688.4640      0.1     597.7440     90.7200  0.0000  PE_420
pes_27_13                            688.4640      0.1     597.7440     90.7200  0.0000  PE_392
pes_27_14                            688.4640      0.1     597.7440     90.7200  0.0000  PE_364
pes_27_15                            688.4640      0.1     597.7440     90.7200  0.0000  PE_336
pes_27_16                            688.7160      0.1     597.9960     90.7200  0.0000  PE_308
pes_27_17                            688.4640      0.1     597.7440     90.7200  0.0000  PE_280
pes_27_18                            688.4640      0.1     597.7440     90.7200  0.0000  PE_252
pes_27_19                            688.4640      0.1     597.7440     90.7200  0.0000  PE_224
pes_27_2                             688.4640      0.1     597.7440     90.7200  0.0000  PE_700
pes_27_20                            688.4640      0.1     597.7440     90.7200  0.0000  PE_196
pes_27_21                            688.7160      0.1     597.9960     90.7200  0.0000  PE_168
pes_27_22                            688.4640      0.1     597.7440     90.7200  0.0000  PE_140
pes_27_23                            688.4640      0.1     597.7440     90.7200  0.0000  PE_112
pes_27_24                            688.4640      0.1     597.7440     90.7200  0.0000  PE_84
pes_27_25                            688.4640      0.1     597.7440     90.7200  0.0000  PE_56
pes_27_26                            688.7160      0.1     597.9960     90.7200  0.0000  PE_28
pes_27_27                            688.4640      0.1     597.7440     90.7200  0.0000  PE_0
pes_27_3                             688.4640      0.1     597.7440     90.7200  0.0000  PE_672
pes_27_4                             688.4640      0.1     597.7440     90.7200  0.0000  PE_644
pes_27_5                             688.4640      0.1     597.7440     90.7200  0.0000  PE_616
pes_27_6                             688.7160      0.1     597.9960     90.7200  0.0000  PE_588
pes_27_7                             688.4640      0.1     597.7440     90.7200  0.0000  PE_560
pes_27_8                             688.4640      0.1     597.7440     90.7200  0.0000  PE_532
pes_27_9                             688.4640      0.1     597.7440     90.7200  0.0000  PE_504
pes_2_1                              742.2660      0.1     621.3060    120.9600  0.0000  PE_753
pes_2_10                             742.2660      0.1     621.3060    120.9600  0.0000  PE_501
pes_2_11                             742.2660      0.1     621.3060    120.9600  0.0000  PE_473
pes_2_12                             742.2660      0.1     621.3060    120.9600  0.0000  PE_445
pes_2_13                             742.2660      0.1     621.3060    120.9600  0.0000  PE_417
pes_2_14                             742.2660      0.1     621.3060    120.9600  0.0000  PE_389
pes_2_15                             742.2660      0.1     621.3060    120.9600  0.0000  PE_361
pes_2_16                             742.2660      0.1     621.3060    120.9600  0.0000  PE_333
pes_2_17                             742.2660      0.1     621.3060    120.9600  0.0000  PE_305
pes_2_18                             742.2660      0.1     621.3060    120.9600  0.0000  PE_277
pes_2_19                             742.2660      0.1     621.3060    120.9600  0.0000  PE_249
pes_2_2                              742.2660      0.1     621.3060    120.9600  0.0000  PE_725
pes_2_20                             742.2660      0.1     621.3060    120.9600  0.0000  PE_221
pes_2_21                             742.2660      0.1     621.3060    120.9600  0.0000  PE_193
pes_2_22                             742.2660      0.1     621.3060    120.9600  0.0000  PE_165
pes_2_23                             743.5260      0.1     622.5660    120.9600  0.0000  PE_137
pes_2_24                             743.5260      0.1     622.5660    120.9600  0.0000  PE_109
pes_2_25                             743.5260      0.1     622.5660    120.9600  0.0000  PE_81
pes_2_26                             743.5260      0.1     622.5660    120.9600  0.0000  PE_53
pes_2_27                             742.2660      0.1     621.3060    120.9600  0.0000  PE_25
pes_2_3                              742.2660      0.1     621.3060    120.9600  0.0000  PE_697
pes_2_4                              742.2660      0.1     621.3060    120.9600  0.0000  PE_669
pes_2_5                              742.2660      0.1     621.3060    120.9600  0.0000  PE_641
pes_2_6                              742.2660      0.1     621.3060    120.9600  0.0000  PE_613
pes_2_7                              742.2660      0.1     621.3060    120.9600  0.0000  PE_585
pes_2_8                              742.2660      0.1     621.3060    120.9600  0.0000  PE_557
pes_2_9                              742.2660      0.1     621.3060    120.9600  0.0000  PE_529
pes_3                                742.2660      0.1     621.3060    120.9600  0.0000  PE_780
pes_3_1                              742.2660      0.1     621.3060    120.9600  0.0000  PE_752
pes_3_10                             742.2660      0.1     621.3060    120.9600  0.0000  PE_500
pes_3_11                             742.2660      0.1     621.3060    120.9600  0.0000  PE_472
pes_3_12                             742.2660      0.1     621.3060    120.9600  0.0000  PE_444
pes_3_13                             742.2660      0.1     621.3060    120.9600  0.0000  PE_416
pes_3_14                             742.2660      0.1     621.3060    120.9600  0.0000  PE_388
pes_3_15                             742.2660      0.1     621.3060    120.9600  0.0000  PE_360
pes_3_16                             742.2660      0.1     621.3060    120.9600  0.0000  PE_332
pes_3_17                             742.2660      0.1     621.3060    120.9600  0.0000  PE_304
pes_3_18                             742.2660      0.1     621.3060    120.9600  0.0000  PE_276
pes_3_19                             742.2660      0.1     621.3060    120.9600  0.0000  PE_248
pes_3_2                              742.2660      0.1     621.3060    120.9600  0.0000  PE_724
pes_3_20                             742.2660      0.1     621.3060    120.9600  0.0000  PE_220
pes_3_21                             742.2660      0.1     621.3060    120.9600  0.0000  PE_192
pes_3_22                             742.2660      0.1     621.3060    120.9600  0.0000  PE_164
pes_3_23                             743.5260      0.1     622.5660    120.9600  0.0000  PE_136
pes_3_24                             742.2660      0.1     621.3060    120.9600  0.0000  PE_108
pes_3_25                             743.5260      0.1     622.5660    120.9600  0.0000  PE_80
pes_3_26                             743.5260      0.1     622.5660    120.9600  0.0000  PE_52
pes_3_27                             743.5260      0.1     622.5660    120.9600  0.0000  PE_24
pes_3_3                              742.2660      0.1     621.3060    120.9600  0.0000  PE_696
pes_3_4                              742.2660      0.1     621.3060    120.9600  0.0000  PE_668
pes_3_5                              742.2660      0.1     621.3060    120.9600  0.0000  PE_640
pes_3_6                              742.2660      0.1     621.3060    120.9600  0.0000  PE_612
pes_3_7                              742.2660      0.1     621.3060    120.9600  0.0000  PE_584
pes_3_8                              742.2660      0.1     621.3060    120.9600  0.0000  PE_556
pes_3_9                              742.2660      0.1     621.3060    120.9600  0.0000  PE_528
pes_4                                742.2660      0.1     621.3060    120.9600  0.0000  PE_779
pes_4_1                              742.2660      0.1     621.3060    120.9600  0.0000  PE_751
pes_4_10                             742.2660      0.1     621.3060    120.9600  0.0000  PE_499
pes_4_11                             742.2660      0.1     621.3060    120.9600  0.0000  PE_471
pes_4_12                             742.2660      0.1     621.3060    120.9600  0.0000  PE_443
pes_4_13                             742.2660      0.1     621.3060    120.9600  0.0000  PE_415
pes_4_14                             742.2660      0.1     621.3060    120.9600  0.0000  PE_387
pes_4_15                             742.2660      0.1     621.3060    120.9600  0.0000  PE_359
pes_4_16                             742.2660      0.1     621.3060    120.9600  0.0000  PE_331
pes_4_17                             742.2660      0.1     621.3060    120.9600  0.0000  PE_303
pes_4_18                             742.2660      0.1     621.3060    120.9600  0.0000  PE_275
pes_4_19                             742.2660      0.1     621.3060    120.9600  0.0000  PE_247
pes_4_2                              742.2660      0.1     621.3060    120.9600  0.0000  PE_723
pes_4_20                             742.2660      0.1     621.3060    120.9600  0.0000  PE_219
pes_4_21                             742.2660      0.1     621.3060    120.9600  0.0000  PE_191
pes_4_22                             742.2660      0.1     621.3060    120.9600  0.0000  PE_163
pes_4_23                             743.5260      0.1     622.5660    120.9600  0.0000  PE_135
pes_4_24                             743.5260      0.1     622.5660    120.9600  0.0000  PE_107
pes_4_25                             743.5260      0.1     622.5660    120.9600  0.0000  PE_79
pes_4_26                             742.2660      0.1     621.3060    120.9600  0.0000  PE_51
pes_4_27                             743.5260      0.1     622.5660    120.9600  0.0000  PE_23
pes_4_3                              742.2660      0.1     621.3060    120.9600  0.0000  PE_695
pes_4_4                              742.2660      0.1     621.3060    120.9600  0.0000  PE_667
pes_4_5                              742.2660      0.1     621.3060    120.9600  0.0000  PE_639
pes_4_6                              742.2660      0.1     621.3060    120.9600  0.0000  PE_611
pes_4_7                              742.2660      0.1     621.3060    120.9600  0.0000  PE_583
pes_4_8                              742.2660      0.1     621.3060    120.9600  0.0000  PE_555
pes_4_9                              742.2660      0.1     621.3060    120.9600  0.0000  PE_527
pes_5                                742.2660      0.1     621.3060    120.9600  0.0000  PE_778
pes_5_1                              742.2660      0.1     621.3060    120.9600  0.0000  PE_750
pes_5_10                             742.2660      0.1     621.3060    120.9600  0.0000  PE_498
pes_5_11                             742.2660      0.1     621.3060    120.9600  0.0000  PE_470
pes_5_12                             742.2660      0.1     621.3060    120.9600  0.0000  PE_442
pes_5_13                             742.2660      0.1     621.3060    120.9600  0.0000  PE_414
pes_5_14                             742.2660      0.1     621.3060    120.9600  0.0000  PE_386
pes_5_15                             742.2660      0.1     621.3060    120.9600  0.0000  PE_358
pes_5_16                             742.2660      0.1     621.3060    120.9600  0.0000  PE_330
pes_5_17                             742.2660      0.1     621.3060    120.9600  0.0000  PE_302
pes_5_18                             742.2660      0.1     621.3060    120.9600  0.0000  PE_274
pes_5_19                             742.2660      0.1     621.3060    120.9600  0.0000  PE_246
pes_5_2                              742.2660      0.1     621.3060    120.9600  0.0000  PE_722
pes_5_20                             742.2660      0.1     621.3060    120.9600  0.0000  PE_218
pes_5_21                             742.2660      0.1     621.3060    120.9600  0.0000  PE_190
pes_5_22                             742.2660      0.1     621.3060    120.9600  0.0000  PE_162
pes_5_23                             742.2660      0.1     621.3060    120.9600  0.0000  PE_134
pes_5_24                             743.5260      0.1     622.5660    120.9600  0.0000  PE_106
pes_5_25                             743.5260      0.1     622.5660    120.9600  0.0000  PE_78
pes_5_26                             743.5260      0.1     622.5660    120.9600  0.0000  PE_50
pes_5_27                             743.5260      0.1     622.5660    120.9600  0.0000  PE_22
pes_5_3                              742.2660      0.1     621.3060    120.9600  0.0000  PE_694
pes_5_4                              742.2660      0.1     621.3060    120.9600  0.0000  PE_666
pes_5_5                              742.2660      0.1     621.3060    120.9600  0.0000  PE_638
pes_5_6                              742.2660      0.1     621.3060    120.9600  0.0000  PE_610
pes_5_7                              742.2660      0.1     621.3060    120.9600  0.0000  PE_582
pes_5_8                              742.2660      0.1     621.3060    120.9600  0.0000  PE_554
pes_5_9                              742.2660      0.1     621.3060    120.9600  0.0000  PE_526
pes_6                                742.2660      0.1     621.3060    120.9600  0.0000  PE_777
pes_6_1                              742.2660      0.1     621.3060    120.9600  0.0000  PE_749
pes_6_10                             742.2660      0.1     621.3060    120.9600  0.0000  PE_497
pes_6_11                             742.2660      0.1     621.3060    120.9600  0.0000  PE_469
pes_6_12                             742.2660      0.1     621.3060    120.9600  0.0000  PE_441
pes_6_13                             742.2660      0.1     621.3060    120.9600  0.0000  PE_413
pes_6_14                             742.2660      0.1     621.3060    120.9600  0.0000  PE_385
pes_6_15                             742.2660      0.1     621.3060    120.9600  0.0000  PE_357
pes_6_16                             742.2660      0.1     621.3060    120.9600  0.0000  PE_329
pes_6_17                             742.2660      0.1     621.3060    120.9600  0.0000  PE_301
pes_6_18                             742.2660      0.1     621.3060    120.9600  0.0000  PE_273
pes_6_19                             742.2660      0.1     621.3060    120.9600  0.0000  PE_245
pes_6_2                              742.2660      0.1     621.3060    120.9600  0.0000  PE_721
pes_6_20                             742.2660      0.1     621.3060    120.9600  0.0000  PE_217
pes_6_21                             742.2660      0.1     621.3060    120.9600  0.0000  PE_189
pes_6_22                             742.2660      0.1     621.3060    120.9600  0.0000  PE_161
pes_6_23                             743.5260      0.1     622.5660    120.9600  0.0000  PE_133
pes_6_24                             743.5260      0.1     622.5660    120.9600  0.0000  PE_105
pes_6_25                             742.2660      0.1     621.3060    120.9600  0.0000  PE_77
pes_6_26                             743.5260      0.1     622.5660    120.9600  0.0000  PE_49
pes_6_27                             743.5260      0.1     622.5660    120.9600  0.0000  PE_21
pes_6_3                              742.2660      0.1     621.3060    120.9600  0.0000  PE_693
pes_6_4                              742.2660      0.1     621.3060    120.9600  0.0000  PE_665
pes_6_5                              742.2660      0.1     621.3060    120.9600  0.0000  PE_637
pes_6_6                              742.2660      0.1     621.3060    120.9600  0.0000  PE_609
pes_6_7                              742.2660      0.1     621.3060    120.9600  0.0000  PE_581
pes_6_8                              742.2660      0.1     621.3060    120.9600  0.0000  PE_553
pes_6_9                              742.2660      0.1     621.3060    120.9600  0.0000  PE_525
pes_7                                742.2660      0.1     621.3060    120.9600  0.0000  PE_776
pes_7_1                              742.2660      0.1     621.3060    120.9600  0.0000  PE_748
pes_7_10                             742.2660      0.1     621.3060    120.9600  0.0000  PE_496
pes_7_11                             742.2660      0.1     621.3060    120.9600  0.0000  PE_468
pes_7_12                             742.2660      0.1     621.3060    120.9600  0.0000  PE_440
pes_7_13                             742.2660      0.1     621.3060    120.9600  0.0000  PE_412
pes_7_14                             742.2660      0.1     621.3060    120.9600  0.0000  PE_384
pes_7_15                             742.2660      0.1     621.3060    120.9600  0.0000  PE_356
pes_7_16                             742.2660      0.1     621.3060    120.9600  0.0000  PE_328
pes_7_17                             742.2660      0.1     621.3060    120.9600  0.0000  PE_300
pes_7_18                             742.2660      0.1     621.3060    120.9600  0.0000  PE_272
pes_7_19                             742.2660      0.1     621.3060    120.9600  0.0000  PE_244
pes_7_2                              742.2660      0.1     621.3060    120.9600  0.0000  PE_720
pes_7_20                             742.2660      0.1     621.3060    120.9600  0.0000  PE_216
pes_7_21                             742.2660      0.1     621.3060    120.9600  0.0000  PE_188
pes_7_22                             742.2660      0.1     621.3060    120.9600  0.0000  PE_160
pes_7_23                             743.5260      0.1     622.5660    120.9600  0.0000  PE_132
pes_7_24                             743.5260      0.1     622.5660    120.9600  0.0000  PE_104
pes_7_25                             743.5260      0.1     622.5660    120.9600  0.0000  PE_76
pes_7_26                             743.5260      0.1     622.5660    120.9600  0.0000  PE_48
pes_7_27                             742.2660      0.1     621.3060    120.9600  0.0000  PE_20
pes_7_3                              742.2660      0.1     621.3060    120.9600  0.0000  PE_692
pes_7_4                              742.2660      0.1     621.3060    120.9600  0.0000  PE_664
pes_7_5                              742.2660      0.1     621.3060    120.9600  0.0000  PE_636
pes_7_6                              742.2660      0.1     621.3060    120.9600  0.0000  PE_608
pes_7_7                              742.2660      0.1     621.3060    120.9600  0.0000  PE_580
pes_7_8                              742.2660      0.1     621.3060    120.9600  0.0000  PE_552
pes_7_9                              742.2660      0.1     621.3060    120.9600  0.0000  PE_524
pes_8                                742.2660      0.1     621.3060    120.9600  0.0000  PE_775
pes_8_1                              742.2660      0.1     621.3060    120.9600  0.0000  PE_747
pes_8_10                             742.2660      0.1     621.3060    120.9600  0.0000  PE_495
pes_8_11                             742.2660      0.1     621.3060    120.9600  0.0000  PE_467
pes_8_12                             742.2660      0.1     621.3060    120.9600  0.0000  PE_439
pes_8_13                             742.2660      0.1     621.3060    120.9600  0.0000  PE_411
pes_8_14                             742.2660      0.1     621.3060    120.9600  0.0000  PE_383
pes_8_15                             742.2660      0.1     621.3060    120.9600  0.0000  PE_355
pes_8_16                             742.2660      0.1     621.3060    120.9600  0.0000  PE_327
pes_8_17                             742.2660      0.1     621.3060    120.9600  0.0000  PE_299
pes_8_18                             742.2660      0.1     621.3060    120.9600  0.0000  PE_271
pes_8_19                             742.2660      0.1     621.3060    120.9600  0.0000  PE_243
pes_8_2                              742.2660      0.1     621.3060    120.9600  0.0000  PE_719
pes_8_20                             742.2660      0.1     621.3060    120.9600  0.0000  PE_215
pes_8_21                             742.2660      0.1     621.3060    120.9600  0.0000  PE_187
pes_8_22                             742.2660      0.1     621.3060    120.9600  0.0000  PE_159
pes_8_23                             743.5260      0.1     622.5660    120.9600  0.0000  PE_131
pes_8_24                             742.2660      0.1     621.3060    120.9600  0.0000  PE_103
pes_8_25                             743.5260      0.1     622.5660    120.9600  0.0000  PE_75
pes_8_26                             743.5260      0.1     622.5660    120.9600  0.0000  PE_47
pes_8_27                             743.5260      0.1     622.5660    120.9600  0.0000  PE_19
pes_8_3                              742.2660      0.1     621.3060    120.9600  0.0000  PE_691
pes_8_4                              742.2660      0.1     621.3060    120.9600  0.0000  PE_663
pes_8_5                              742.2660      0.1     621.3060    120.9600  0.0000  PE_635
pes_8_6                              742.2660      0.1     621.3060    120.9600  0.0000  PE_607
pes_8_7                              742.2660      0.1     621.3060    120.9600  0.0000  PE_579
pes_8_8                              742.2660      0.1     621.3060    120.9600  0.0000  PE_551
pes_8_9                              742.2660      0.1     621.3060    120.9600  0.0000  PE_523
pes_9                                742.2660      0.1     621.3060    120.9600  0.0000  PE_774
pes_9_1                              742.2660      0.1     621.3060    120.9600  0.0000  PE_746
pes_9_10                             742.2660      0.1     621.3060    120.9600  0.0000  PE_494
pes_9_11                             742.2660      0.1     621.3060    120.9600  0.0000  PE_466
pes_9_12                             742.2660      0.1     621.3060    120.9600  0.0000  PE_438
pes_9_13                             742.2660      0.1     621.3060    120.9600  0.0000  PE_410
pes_9_14                             742.2660      0.1     621.3060    120.9600  0.0000  PE_382
pes_9_15                             742.2660      0.1     621.3060    120.9600  0.0000  PE_354
pes_9_16                             742.2660      0.1     621.3060    120.9600  0.0000  PE_326
pes_9_17                             742.2660      0.1     621.3060    120.9600  0.0000  PE_298
pes_9_18                             742.2660      0.1     621.3060    120.9600  0.0000  PE_270
pes_9_19                             742.2660      0.1     621.3060    120.9600  0.0000  PE_242
pes_9_2                              742.2660      0.1     621.3060    120.9600  0.0000  PE_718
pes_9_20                             742.2660      0.1     621.3060    120.9600  0.0000  PE_214
pes_9_21                             742.2660      0.1     621.3060    120.9600  0.0000  PE_186
pes_9_22                             742.2660      0.1     621.3060    120.9600  0.0000  PE_158
pes_9_23                             743.5260      0.1     622.5660    120.9600  0.0000  PE_130
pes_9_24                             743.5260      0.1     622.5660    120.9600  0.0000  PE_102
pes_9_25                             743.5260      0.1     622.5660    120.9600  0.0000  PE_74
pes_9_26                             742.2660      0.1     621.3060    120.9600  0.0000  PE_46
pes_9_27                             743.5260      0.1     622.5660    120.9600  0.0000  PE_18
pes_9_3                              742.2660      0.1     621.3060    120.9600  0.0000  PE_690
pes_9_4                              742.2660      0.1     621.3060    120.9600  0.0000  PE_662
pes_9_5                              742.2660      0.1     621.3060    120.9600  0.0000  PE_634
pes_9_6                              742.2660      0.1     621.3060    120.9600  0.0000  PE_606
pes_9_7                              742.2660      0.1     621.3060    120.9600  0.0000  PE_578
pes_9_8                              742.2660      0.1     621.3060    120.9600  0.0000  PE_550
pes_9_9                              742.2660      0.1     621.3060    120.9600  0.0000  PE_522
--------------------------------  -----------  -------  -----------  ----------  ------  ---------
Total                                                   486583.0135  93985.9193  0.0000

1
