Information: Updating design information... (UID-85)
Warning: Design 'FuseMax2DArray' contains 1 high-fanout nets. A fanout number of 1000 will be used for delay calculations involving these nets. (TIM-134)
 
****************************************
Report : timing
        -path full
        -delay max
        -nets
        -max_paths 1
        -transition_time
Design : FuseMax2DArray
Version: V-2023.12
Date   : Mon Apr  6 03:13:59 2026
****************************************

 # A fanout number of 1000 was used for high fanout net computations.

Operating Conditions: ffg0p99v0c   Library: tcbn28hpcplusbwp30p140ffg0p99v0c_ccs
Wire Load Model Mode: segmented

  Startpoint: pe_2_0/rf_6_reg[2]
              (rising edge-triggered flip-flop clocked by ideal_clock1)
  Endpoint: pe_3_0/northReg_reg[0]
            (rising edge-triggered flip-flop clocked by ideal_clock1)
  Path Group: ideal_clock1
  Path Type: max

  Des/Clust/Port     Wire Load Model       Library
  ------------------------------------------------
  FuseMax2DPE_14     ZeroWireload          tcbn28hpcplusbwp30p140ffg0p99v0c_ccs
  FuseMax2DPE_13     ZeroWireload          tcbn28hpcplusbwp30p140ffg0p99v0c_ccs
  FuseMax2DPE_11     ZeroWireload          tcbn28hpcplusbwp30p140ffg0p99v0c_ccs
  FuseMax2DPE_10     ZeroWireload          tcbn28hpcplusbwp30p140ffg0p99v0c_ccs
  FuseMax2DPE_9      ZeroWireload          tcbn28hpcplusbwp30p140ffg0p99v0c_ccs
  FuseMax2DPE_7      ZeroWireload          tcbn28hpcplusbwp30p140ffg0p99v0c_ccs
  FuseMax2DPE_6      ZeroWireload          tcbn28hpcplusbwp30p140ffg0p99v0c_ccs
  FuseMax2DPE_5      ZeroWireload          tcbn28hpcplusbwp30p140ffg0p99v0c_ccs
  FuseMax2DPE_3      ZeroWireload          tcbn28hpcplusbwp30p140ffg0p99v0c_ccs
  FuseMax2DPE_2      ZeroWireload          tcbn28hpcplusbwp30p140ffg0p99v0c_ccs
  FuseMax2DPE_1      ZeroWireload          tcbn28hpcplusbwp30p140ffg0p99v0c_ccs
  FuseMax2DPE_8      ZeroWireload          tcbn28hpcplusbwp30p140ffg0p99v0c_ccs
  FuseMax2DPE_4      ZeroWireload          tcbn28hpcplusbwp30p140ffg0p99v0c_ccs
  FuseMax2DPE_0      ZeroWireload          tcbn28hpcplusbwp30p140ffg0p99v0c_ccs
  FuseMax2DPE_12     ZeroWireload          tcbn28hpcplusbwp30p140ffg0p99v0c_ccs
  FuseMax2DArray     ZeroWireload          tcbn28hpcplusbwp30p140ffg0p99v0c_ccs
  FuseMax2DPE_15     ZeroWireload          tcbn28hpcplusbwp30p140ffg0p99v0c_ccs

Attributes:
    d - dont_touch
    u - dont_use
   mo - map_only
   so - size_only
    i - ideal_net or ideal_network
  inf - infeasible path

  Point                              Fanout     Trans      Incr       Path      Attributes
  ------------------------------------------------------------------------------------------------
  clock ideal_clock1 (rise edge)                           0.00       0.00
  clock network delay (ideal)                              0.00       0.00
  pe_2_0/rf_6_reg[2]/CP (DFQD1BWP30P140)         0.00      0.00 #     0.00 r
  pe_2_0/rf_6_reg[2]/Q (DFQD1BWP30P140)          0.01      0.04       0.04 f
  pe_2_0/_GEN[6][2] (net)              4                   0.00       0.04 f
  pe_2_0/U1383/ZN (AOI22D1BWP30P140)             0.03      0.01       0.05 r
  pe_2_0/n581 (net)                    1                   0.00       0.05 r
  pe_2_0/U1385/Z (AN4D0BWP30P140)                0.01      0.03       0.08 r
  pe_2_0/n587 (net)                    1                   0.00       0.08 r
  pe_2_0/U1389/ZN (ND4D1BWP30P140)               0.03      0.02       0.10 f
  pe_2_0/n1640 (net)                   3                   0.00       0.10 f
  pe_2_0/U1529/ZN (INVD1BWP30P140)               0.01      0.01       0.11 r
  pe_2_0/n899 (net)                    2                   0.00       0.11 r
  pe_2_0/U171/ZN (OAI21D1BWP30P140)              0.11      0.06       0.17 f
  pe_2_0/n751 (net)                   34                   0.00       0.17 f
  pe_2_0/U654/ZN (ND2D1BWP30P140)                0.03      0.02       0.19 r
  pe_2_0/n834 (net)                    2                   0.00       0.19 r
  pe_2_0/U161/ZN (INVD0BWP30P140)                0.01      0.01       0.20 f
  pe_2_0/n798 (net)                    2                   0.00       0.20 f
  pe_2_0/U1535/ZN (NR2D1BWP30P140)               0.01      0.01       0.21 r
  pe_2_0/n753 (net)                    1                   0.00       0.21 r
  pe_2_0/U1536/ZN (OAI21D1BWP30P140)             0.02      0.01       0.22 f
  pe_2_0/n784 (net)                    2                   0.00       0.22 f
  pe_2_0/U1572/ZN (INVD1BWP30P140)               0.01      0.01       0.24 r
  pe_2_0/n842 (net)                    3                   0.00       0.24 r
  pe_2_0/U1614/ZN (OAI21D1BWP30P140)             0.02      0.01       0.25 f
  pe_2_0/n846 (net)                    1                   0.00       0.25 f
  pe_2_0/U676/Z (XOR2UD1BWP30P140)               0.05      0.03       0.28 f
  pe_2_0/n2893 (net)                   9                   0.00       0.28 f
  pe_2_0/U671/ZN (OAI21D1BWP30P140)              0.02      0.02       0.29 r
  pe_2_0/n1041 (net)                   1                   0.00       0.29 r
  pe_2_0/U1868/Z (XOR2UD0BWP30P140)              0.05      0.01       0.31 f
  pe_2_0/n1064 (net)                   1                   0.00       0.31 f
  pe_2_0/U1881/S (FA1D1BWP30P140)                0.01      0.05       0.36 r
  pe_2_0/n1070 (net)                   1                   0.00       0.36 r
  pe_2_0/U1883/S (FA1D1BWP30P140)                0.01      0.03       0.39 f
  pe_2_0/n1077 (net)                   2                   0.00       0.39 f
  pe_2_0/U1885/ZN (ND2D1BWP30P140)               0.01      0.01       0.40 r
  pe_2_0/n1739 (net)                   2                   0.00       0.40 r
  pe_2_0/U1886/ZN (INVD0BWP30P140)               0.01      0.01       0.41 f
  pe_2_0/n1078 (net)                   1                   0.00       0.41 f
  pe_2_0/U1887/ZN (AOI21D1BWP30P140)             0.01      0.01       0.42 r
  pe_2_0/n1182 (net)                   2                   0.00       0.42 r
  pe_2_0/U1889/ZN (OAI21D1BWP30P140)             0.02      0.01       0.43 f
  pe_2_0/n1173 (net)                   2                   0.00       0.43 f
  pe_2_0/U1892/ZN (AOI21D1BWP30P140)             0.02      0.01       0.45 r
  pe_2_0/n1220 (net)                   2                   0.00       0.45 r
  pe_2_0/U1923/ZN (OAI21D1BWP30P140)             0.02      0.01       0.46 f
  pe_2_0/n1237 (net)                   2                   0.00       0.46 f
  pe_2_0/U2021/ZN (AOI21D1BWP30P140)             0.02      0.02       0.48 r
  pe_2_0/n1800 (net)                   2                   0.00       0.48 r
  pe_2_0/U2254/ZN (OAI21D1BWP30P140)             0.02      0.01       0.49 f
  pe_2_0/n1860 (net)                   1                   0.00       0.49 f
  pe_2_0/U2303/CO (FA1D1BWP30P140)               0.01      0.02       0.51 f
  pe_2_0/n1925 (net)                   1                   0.00       0.51 f
  pe_2_0/U2356/CO (FA1D1BWP30P140)               0.01      0.02       0.53 f
  pe_2_0/n1991 (net)                   1                   0.00       0.53 f
  pe_2_0/U2403/CO (FA1D1BWP30P140)               0.01      0.02       0.55 f
  pe_2_0/n2062 (net)                   1                   0.00       0.55 f
  pe_2_0/U2456/CO (FA1D1BWP30P140)               0.01      0.02       0.58 f
  pe_2_0/n2139 (net)                   1                   0.00       0.58 f
  pe_2_0/U2507/CO (FA1D1BWP30P140)               0.01      0.02       0.60 f
  pe_2_0/n2207 (net)                   1                   0.00       0.60 f
  pe_2_0/U2556/CO (FA1D1BWP30P140)               0.01      0.02       0.62 f
  pe_2_0/n2280 (net)                   1                   0.00       0.62 f
  pe_2_0/U2607/CO (FA1D1BWP30P140)               0.01      0.02       0.64 f
  pe_2_0/n2352 (net)                   1                   0.00       0.64 f
  pe_2_0/U2662/CO (FA1D1BWP30P140)               0.01      0.02       0.66 f
  pe_2_0/n2430 (net)                   1                   0.00       0.66 f
  pe_2_0/U2719/CO (FA1D1BWP30P140)               0.01      0.02       0.68 f
  pe_2_0/n2504 (net)                   1                   0.00       0.68 f
  pe_2_0/U2766/CO (FA1D1BWP30P140)               0.01      0.02       0.70 f
  pe_2_0/n2583 (net)                   1                   0.00       0.70 f
  pe_2_0/U2816/CO (FA1D1BWP30P140)               0.01      0.02       0.72 f
  pe_2_0/n2670 (net)                   1                   0.00       0.72 f
  pe_2_0/U2867/CO (FA1D1BWP30P140)               0.01      0.02       0.75 f
  pe_2_0/n2756 (net)                   1                   0.00       0.75 f
  pe_2_0/U2925/CO (FA1D1BWP30P140)               0.01      0.02       0.77 f
  pe_2_0/n2841 (net)                   1                   0.00       0.77 f
  pe_2_0/U2986/CO (FA1D1BWP30P140)               0.01      0.02       0.79 f
  pe_2_0/n2944 (net)                   1                   0.00       0.79 f
  pe_2_0/U3058/CO (FA1D1BWP30P140)               0.01      0.02       0.81 f
  pe_2_0/n3262 (net)                   1                   0.00       0.81 f
  pe_2_0/U3192/CO (FA1D1BWP30P140)               0.01      0.02       0.83 f
  pe_2_0/n3281 (net)                   1                   0.00       0.83 f
  pe_2_0/U3205/CO (FA1D1BWP30P140)               0.01      0.02       0.85 f
  pe_2_0/n3265 (net)                   1                   0.00       0.85 f
  pe_2_0/U3193/Z (XOR2UD1BWP30P140)              0.01      0.02       0.87 f
  pe_2_0/n3269 (net)                   1                   0.00       0.87 f
  pe_2_0/U87/ZN (AOI222D1BWP30P140)              0.07      0.05       0.92 r
  pe_2_0/n3388 (net)                  13                   0.00       0.92 r
  pe_2_0/U3236/ZN (OAI211D1BWP30P140)            0.06      0.04       0.96 f
  pe_2_0/n3383 (net)                   7                   0.00       0.96 f
  pe_2_0/U3239/ZN (OAI211D1BWP30P140)            0.02      0.02       0.98 r
  pe_2_0/io_out_s[0] (net)             1                   0.00       0.98 r
  pe_2_0/io_out_s[0] (FuseMax2DPE_7)                       0.00       0.98 r
  _pe_2_0_io_out_s[0] (net)                                0.00       0.98 r
  pe_3_0/io_in_n[0] (FuseMax2DPE_3)                        0.00       0.98 r
  pe_3_0/io_in_n[0] (net)                                  0.00       0.98 r
  pe_3_0/U2950/Z (CKAN2D1BWP30P140)              0.01      0.01       0.99 r
  pe_3_0/N942 (net)                    1                   0.00       0.99 r
  pe_3_0/northReg_reg[0]/D (DFQD1BWP30P140)      0.01      0.00       0.99 r
  data arrival time                                                   0.99

  clock ideal_clock1 (rise edge)                           1.00       1.00
  clock network delay (ideal)                              0.00       1.00
  pe_3_0/northReg_reg[0]/CP (DFQD1BWP30P140)               0.00       1.00 r
  library setup time                                      -0.01       0.99
  data required time                                                  0.99
  ------------------------------------------------------------------------------------------------
  data required time                                                  0.99
  data arrival time                                                  -0.99
  ------------------------------------------------------------------------------------------------
  slack (MET)                                                         0.00


1
