 
****************************************
Report : power
        -hier
        -analysis_effort low
Design : SystolicArray
Version: V-2023.12
Date   : Mon Apr  6 22:02:48 2026
****************************************


Library(s) Used:

    tcbn28hpcplusbwp30p140ffg0p99v0c_ccs (File: /hpc/Tech/TSMC/digital/N28/digital/Front_End/timing_power_noise/CCS/tcbn28hpcplusbwp30p140_180a/tcbn28hpcplusbwp30p140ffg0p99v0c_ccs.db)


Operating Conditions: ffg0p99v0c   Library: tcbn28hpcplusbwp30p140ffg0p99v0c_ccs
Wire Load Model Mode: segmented

Design        Wire Load Model            Library
------------------------------------------------
SystolicArray          ZeroWireload      tcbn28hpcplusbwp30p140ffg0p99v0c_ccs
PE_575                 ZeroWireload      tcbn28hpcplusbwp30p140ffg0p99v0c_ccs
PE_552                 ZeroWireload      tcbn28hpcplusbwp30p140ffg0p99v0c_ccs
PE_1                   ZeroWireload      tcbn28hpcplusbwp30p140ffg0p99v0c_ccs
PE_2                   ZeroWireload      tcbn28hpcplusbwp30p140ffg0p99v0c_ccs
PE_3                   ZeroWireload      tcbn28hpcplusbwp30p140ffg0p99v0c_ccs
PE_4                   ZeroWireload      tcbn28hpcplusbwp30p140ffg0p99v0c_ccs
PE_5                   ZeroWireload      tcbn28hpcplusbwp30p140ffg0p99v0c_ccs
PE_6                   ZeroWireload      tcbn28hpcplusbwp30p140ffg0p99v0c_ccs
PE_7                   ZeroWireload      tcbn28hpcplusbwp30p140ffg0p99v0c_ccs
PE_8                   ZeroWireload      tcbn28hpcplusbwp30p140ffg0p99v0c_ccs
PE_9                   ZeroWireload      tcbn28hpcplusbwp30p140ffg0p99v0c_ccs
PE_10                  ZeroWireload      tcbn28hpcplusbwp30p140ffg0p99v0c_ccs
PE_11                  ZeroWireload      tcbn28hpcplusbwp30p140ffg0p99v0c_ccs
PE_12                  ZeroWireload      tcbn28hpcplusbwp30p140ffg0p99v0c_ccs
PE_13                  ZeroWireload      tcbn28hpcplusbwp30p140ffg0p99v0c_ccs
PE_14                  ZeroWireload      tcbn28hpcplusbwp30p140ffg0p99v0c_ccs
PE_15                  ZeroWireload      tcbn28hpcplusbwp30p140ffg0p99v0c_ccs
PE_16                  ZeroWireload      tcbn28hpcplusbwp30p140ffg0p99v0c_ccs
PE_17                  ZeroWireload      tcbn28hpcplusbwp30p140ffg0p99v0c_ccs
PE_18                  ZeroWireload      tcbn28hpcplusbwp30p140ffg0p99v0c_ccs
PE_19                  ZeroWireload      tcbn28hpcplusbwp30p140ffg0p99v0c_ccs
PE_20                  ZeroWireload      tcbn28hpcplusbwp30p140ffg0p99v0c_ccs
PE_21                  ZeroWireload      tcbn28hpcplusbwp30p140ffg0p99v0c_ccs
PE_22                  ZeroWireload      tcbn28hpcplusbwp30p140ffg0p99v0c_ccs
PE_23                  ZeroWireload      tcbn28hpcplusbwp30p140ffg0p99v0c_ccs
PE_25                  ZeroWireload      tcbn28hpcplusbwp30p140ffg0p99v0c_ccs
PE_26                  ZeroWireload      tcbn28hpcplusbwp30p140ffg0p99v0c_ccs
PE_27                  ZeroWireload      tcbn28hpcplusbwp30p140ffg0p99v0c_ccs
PE_28                  ZeroWireload      tcbn28hpcplusbwp30p140ffg0p99v0c_ccs
PE_29                  ZeroWireload      tcbn28hpcplusbwp30p140ffg0p99v0c_ccs
PE_30                  ZeroWireload      tcbn28hpcplusbwp30p140ffg0p99v0c_ccs
PE_31                  ZeroWireload      tcbn28hpcplusbwp30p140ffg0p99v0c_ccs
PE_32                  ZeroWireload      tcbn28hpcplusbwp30p140ffg0p99v0c_ccs
PE_33                  ZeroWireload      tcbn28hpcplusbwp30p140ffg0p99v0c_ccs
PE_34                  ZeroWireload      tcbn28hpcplusbwp30p140ffg0p99v0c_ccs
PE_35                  ZeroWireload      tcbn28hpcplusbwp30p140ffg0p99v0c_ccs
PE_36                  ZeroWireload      tcbn28hpcplusbwp30p140ffg0p99v0c_ccs
PE_37                  ZeroWireload      tcbn28hpcplusbwp30p140ffg0p99v0c_ccs
PE_38                  ZeroWireload      tcbn28hpcplusbwp30p140ffg0p99v0c_ccs
PE_39                  ZeroWireload      tcbn28hpcplusbwp30p140ffg0p99v0c_ccs
PE_40                  ZeroWireload      tcbn28hpcplusbwp30p140ffg0p99v0c_ccs
PE_41                  ZeroWireload      tcbn28hpcplusbwp30p140ffg0p99v0c_ccs
PE_42                  ZeroWireload      tcbn28hpcplusbwp30p140ffg0p99v0c_ccs
PE_43                  ZeroWireload      tcbn28hpcplusbwp30p140ffg0p99v0c_ccs
PE_44                  ZeroWireload      tcbn28hpcplusbwp30p140ffg0p99v0c_ccs
PE_45                  ZeroWireload      tcbn28hpcplusbwp30p140ffg0p99v0c_ccs
PE_46                  ZeroWireload      tcbn28hpcplusbwp30p140ffg0p99v0c_ccs
PE_47                  ZeroWireload      tcbn28hpcplusbwp30p140ffg0p99v0c_ccs
PE_49                  ZeroWireload      tcbn28hpcplusbwp30p140ffg0p99v0c_ccs
PE_50                  ZeroWireload      tcbn28hpcplusbwp30p140ffg0p99v0c_ccs
PE_51                  ZeroWireload      tcbn28hpcplusbwp30p140ffg0p99v0c_ccs
PE_52                  ZeroWireload      tcbn28hpcplusbwp30p140ffg0p99v0c_ccs
PE_53                  ZeroWireload      tcbn28hpcplusbwp30p140ffg0p99v0c_ccs
PE_54                  ZeroWireload      tcbn28hpcplusbwp30p140ffg0p99v0c_ccs
PE_55                  ZeroWireload      tcbn28hpcplusbwp30p140ffg0p99v0c_ccs
PE_56                  ZeroWireload      tcbn28hpcplusbwp30p140ffg0p99v0c_ccs
PE_57                  ZeroWireload      tcbn28hpcplusbwp30p140ffg0p99v0c_ccs
PE_58                  ZeroWireload      tcbn28hpcplusbwp30p140ffg0p99v0c_ccs
PE_59                  ZeroWireload      tcbn28hpcplusbwp30p140ffg0p99v0c_ccs
PE_60                  ZeroWireload      tcbn28hpcplusbwp30p140ffg0p99v0c_ccs
PE_61                  ZeroWireload      tcbn28hpcplusbwp30p140ffg0p99v0c_ccs
PE_62                  ZeroWireload      tcbn28hpcplusbwp30p140ffg0p99v0c_ccs
PE_63                  ZeroWireload      tcbn28hpcplusbwp30p140ffg0p99v0c_ccs
PE_64                  ZeroWireload      tcbn28hpcplusbwp30p140ffg0p99v0c_ccs
PE_65                  ZeroWireload      tcbn28hpcplusbwp30p140ffg0p99v0c_ccs
PE_66                  ZeroWireload      tcbn28hpcplusbwp30p140ffg0p99v0c_ccs
PE_67                  ZeroWireload      tcbn28hpcplusbwp30p140ffg0p99v0c_ccs
PE_68                  ZeroWireload      tcbn28hpcplusbwp30p140ffg0p99v0c_ccs
PE_69                  ZeroWireload      tcbn28hpcplusbwp30p140ffg0p99v0c_ccs
PE_70                  ZeroWireload      tcbn28hpcplusbwp30p140ffg0p99v0c_ccs
PE_71                  ZeroWireload      tcbn28hpcplusbwp30p140ffg0p99v0c_ccs
PE_73                  ZeroWireload      tcbn28hpcplusbwp30p140ffg0p99v0c_ccs
PE_74                  ZeroWireload      tcbn28hpcplusbwp30p140ffg0p99v0c_ccs
PE_75                  ZeroWireload      tcbn28hpcplusbwp30p140ffg0p99v0c_ccs
PE_76                  ZeroWireload      tcbn28hpcplusbwp30p140ffg0p99v0c_ccs
PE_77                  ZeroWireload      tcbn28hpcplusbwp30p140ffg0p99v0c_ccs
PE_78                  ZeroWireload      tcbn28hpcplusbwp30p140ffg0p99v0c_ccs
PE_79                  ZeroWireload      tcbn28hpcplusbwp30p140ffg0p99v0c_ccs
PE_80                  ZeroWireload      tcbn28hpcplusbwp30p140ffg0p99v0c_ccs
PE_81                  ZeroWireload      tcbn28hpcplusbwp30p140ffg0p99v0c_ccs
PE_82                  ZeroWireload      tcbn28hpcplusbwp30p140ffg0p99v0c_ccs
PE_83                  ZeroWireload      tcbn28hpcplusbwp30p140ffg0p99v0c_ccs
PE_84                  ZeroWireload      tcbn28hpcplusbwp30p140ffg0p99v0c_ccs
PE_85                  ZeroWireload      tcbn28hpcplusbwp30p140ffg0p99v0c_ccs
PE_86                  ZeroWireload      tcbn28hpcplusbwp30p140ffg0p99v0c_ccs
PE_87                  ZeroWireload      tcbn28hpcplusbwp30p140ffg0p99v0c_ccs
PE_88                  ZeroWireload      tcbn28hpcplusbwp30p140ffg0p99v0c_ccs
PE_89                  ZeroWireload      tcbn28hpcplusbwp30p140ffg0p99v0c_ccs
PE_90                  ZeroWireload      tcbn28hpcplusbwp30p140ffg0p99v0c_ccs
PE_91                  ZeroWireload      tcbn28hpcplusbwp30p140ffg0p99v0c_ccs
PE_92                  ZeroWireload      tcbn28hpcplusbwp30p140ffg0p99v0c_ccs
PE_93                  ZeroWireload      tcbn28hpcplusbwp30p140ffg0p99v0c_ccs
PE_94                  ZeroWireload      tcbn28hpcplusbwp30p140ffg0p99v0c_ccs
PE_95                  ZeroWireload      tcbn28hpcplusbwp30p140ffg0p99v0c_ccs
PE_97                  ZeroWireload      tcbn28hpcplusbwp30p140ffg0p99v0c_ccs
PE_98                  ZeroWireload      tcbn28hpcplusbwp30p140ffg0p99v0c_ccs
PE_99                  ZeroWireload      tcbn28hpcplusbwp30p140ffg0p99v0c_ccs
PE_100                 ZeroWireload      tcbn28hpcplusbwp30p140ffg0p99v0c_ccs
PE_101                 ZeroWireload      tcbn28hpcplusbwp30p140ffg0p99v0c_ccs
PE_102                 ZeroWireload      tcbn28hpcplusbwp30p140ffg0p99v0c_ccs
PE_103                 ZeroWireload      tcbn28hpcplusbwp30p140ffg0p99v0c_ccs
PE_104                 ZeroWireload      tcbn28hpcplusbwp30p140ffg0p99v0c_ccs
PE_105                 ZeroWireload      tcbn28hpcplusbwp30p140ffg0p99v0c_ccs
PE_106                 ZeroWireload      tcbn28hpcplusbwp30p140ffg0p99v0c_ccs
PE_107                 ZeroWireload      tcbn28hpcplusbwp30p140ffg0p99v0c_ccs
PE_108                 ZeroWireload      tcbn28hpcplusbwp30p140ffg0p99v0c_ccs
PE_109                 ZeroWireload      tcbn28hpcplusbwp30p140ffg0p99v0c_ccs
PE_110                 ZeroWireload      tcbn28hpcplusbwp30p140ffg0p99v0c_ccs
PE_111                 ZeroWireload      tcbn28hpcplusbwp30p140ffg0p99v0c_ccs
PE_112                 ZeroWireload      tcbn28hpcplusbwp30p140ffg0p99v0c_ccs
PE_113                 ZeroWireload      tcbn28hpcplusbwp30p140ffg0p99v0c_ccs
PE_114                 ZeroWireload      tcbn28hpcplusbwp30p140ffg0p99v0c_ccs
PE_115                 ZeroWireload      tcbn28hpcplusbwp30p140ffg0p99v0c_ccs
PE_116                 ZeroWireload      tcbn28hpcplusbwp30p140ffg0p99v0c_ccs
PE_117                 ZeroWireload      tcbn28hpcplusbwp30p140ffg0p99v0c_ccs
PE_118                 ZeroWireload      tcbn28hpcplusbwp30p140ffg0p99v0c_ccs
PE_119                 ZeroWireload      tcbn28hpcplusbwp30p140ffg0p99v0c_ccs
PE_121                 ZeroWireload      tcbn28hpcplusbwp30p140ffg0p99v0c_ccs
PE_122                 ZeroWireload      tcbn28hpcplusbwp30p140ffg0p99v0c_ccs
PE_123                 ZeroWireload      tcbn28hpcplusbwp30p140ffg0p99v0c_ccs
PE_124                 ZeroWireload      tcbn28hpcplusbwp30p140ffg0p99v0c_ccs
PE_125                 ZeroWireload      tcbn28hpcplusbwp30p140ffg0p99v0c_ccs
PE_126                 ZeroWireload      tcbn28hpcplusbwp30p140ffg0p99v0c_ccs
PE_127                 ZeroWireload      tcbn28hpcplusbwp30p140ffg0p99v0c_ccs
PE_128                 ZeroWireload      tcbn28hpcplusbwp30p140ffg0p99v0c_ccs
PE_129                 ZeroWireload      tcbn28hpcplusbwp30p140ffg0p99v0c_ccs
PE_130                 ZeroWireload      tcbn28hpcplusbwp30p140ffg0p99v0c_ccs
PE_131                 ZeroWireload      tcbn28hpcplusbwp30p140ffg0p99v0c_ccs
PE_132                 ZeroWireload      tcbn28hpcplusbwp30p140ffg0p99v0c_ccs
PE_133                 ZeroWireload      tcbn28hpcplusbwp30p140ffg0p99v0c_ccs
PE_134                 ZeroWireload      tcbn28hpcplusbwp30p140ffg0p99v0c_ccs
PE_135                 ZeroWireload      tcbn28hpcplusbwp30p140ffg0p99v0c_ccs
PE_136                 ZeroWireload      tcbn28hpcplusbwp30p140ffg0p99v0c_ccs
PE_137                 ZeroWireload      tcbn28hpcplusbwp30p140ffg0p99v0c_ccs
PE_138                 ZeroWireload      tcbn28hpcplusbwp30p140ffg0p99v0c_ccs
PE_139                 ZeroWireload      tcbn28hpcplusbwp30p140ffg0p99v0c_ccs
PE_140                 ZeroWireload      tcbn28hpcplusbwp30p140ffg0p99v0c_ccs
PE_141                 ZeroWireload      tcbn28hpcplusbwp30p140ffg0p99v0c_ccs
PE_142                 ZeroWireload      tcbn28hpcplusbwp30p140ffg0p99v0c_ccs
PE_143                 ZeroWireload      tcbn28hpcplusbwp30p140ffg0p99v0c_ccs
PE_145                 ZeroWireload      tcbn28hpcplusbwp30p140ffg0p99v0c_ccs
PE_146                 ZeroWireload      tcbn28hpcplusbwp30p140ffg0p99v0c_ccs
PE_147                 ZeroWireload      tcbn28hpcplusbwp30p140ffg0p99v0c_ccs
PE_148                 ZeroWireload      tcbn28hpcplusbwp30p140ffg0p99v0c_ccs
PE_149                 ZeroWireload      tcbn28hpcplusbwp30p140ffg0p99v0c_ccs
PE_150                 ZeroWireload      tcbn28hpcplusbwp30p140ffg0p99v0c_ccs
PE_151                 ZeroWireload      tcbn28hpcplusbwp30p140ffg0p99v0c_ccs
PE_152                 ZeroWireload      tcbn28hpcplusbwp30p140ffg0p99v0c_ccs
PE_153                 ZeroWireload      tcbn28hpcplusbwp30p140ffg0p99v0c_ccs
PE_154                 ZeroWireload      tcbn28hpcplusbwp30p140ffg0p99v0c_ccs
PE_155                 ZeroWireload      tcbn28hpcplusbwp30p140ffg0p99v0c_ccs
PE_156                 ZeroWireload      tcbn28hpcplusbwp30p140ffg0p99v0c_ccs
PE_157                 ZeroWireload      tcbn28hpcplusbwp30p140ffg0p99v0c_ccs
PE_158                 ZeroWireload      tcbn28hpcplusbwp30p140ffg0p99v0c_ccs
PE_159                 ZeroWireload      tcbn28hpcplusbwp30p140ffg0p99v0c_ccs
PE_160                 ZeroWireload      tcbn28hpcplusbwp30p140ffg0p99v0c_ccs
PE_161                 ZeroWireload      tcbn28hpcplusbwp30p140ffg0p99v0c_ccs
PE_162                 ZeroWireload      tcbn28hpcplusbwp30p140ffg0p99v0c_ccs
PE_163                 ZeroWireload      tcbn28hpcplusbwp30p140ffg0p99v0c_ccs
PE_164                 ZeroWireload      tcbn28hpcplusbwp30p140ffg0p99v0c_ccs
PE_165                 ZeroWireload      tcbn28hpcplusbwp30p140ffg0p99v0c_ccs
PE_166                 ZeroWireload      tcbn28hpcplusbwp30p140ffg0p99v0c_ccs
PE_167                 ZeroWireload      tcbn28hpcplusbwp30p140ffg0p99v0c_ccs
PE_169                 ZeroWireload      tcbn28hpcplusbwp30p140ffg0p99v0c_ccs
PE_170                 ZeroWireload      tcbn28hpcplusbwp30p140ffg0p99v0c_ccs
PE_171                 ZeroWireload      tcbn28hpcplusbwp30p140ffg0p99v0c_ccs
PE_172                 ZeroWireload      tcbn28hpcplusbwp30p140ffg0p99v0c_ccs
PE_173                 ZeroWireload      tcbn28hpcplusbwp30p140ffg0p99v0c_ccs
PE_174                 ZeroWireload      tcbn28hpcplusbwp30p140ffg0p99v0c_ccs
PE_175                 ZeroWireload      tcbn28hpcplusbwp30p140ffg0p99v0c_ccs
PE_176                 ZeroWireload      tcbn28hpcplusbwp30p140ffg0p99v0c_ccs
PE_177                 ZeroWireload      tcbn28hpcplusbwp30p140ffg0p99v0c_ccs
PE_178                 ZeroWireload      tcbn28hpcplusbwp30p140ffg0p99v0c_ccs
PE_179                 ZeroWireload      tcbn28hpcplusbwp30p140ffg0p99v0c_ccs
PE_180                 ZeroWireload      tcbn28hpcplusbwp30p140ffg0p99v0c_ccs
PE_181                 ZeroWireload      tcbn28hpcplusbwp30p140ffg0p99v0c_ccs
PE_182                 ZeroWireload      tcbn28hpcplusbwp30p140ffg0p99v0c_ccs
PE_183                 ZeroWireload      tcbn28hpcplusbwp30p140ffg0p99v0c_ccs
PE_184                 ZeroWireload      tcbn28hpcplusbwp30p140ffg0p99v0c_ccs
PE_185                 ZeroWireload      tcbn28hpcplusbwp30p140ffg0p99v0c_ccs
PE_186                 ZeroWireload      tcbn28hpcplusbwp30p140ffg0p99v0c_ccs
PE_187                 ZeroWireload      tcbn28hpcplusbwp30p140ffg0p99v0c_ccs
PE_188                 ZeroWireload      tcbn28hpcplusbwp30p140ffg0p99v0c_ccs
PE_189                 ZeroWireload      tcbn28hpcplusbwp30p140ffg0p99v0c_ccs
PE_190                 ZeroWireload      tcbn28hpcplusbwp30p140ffg0p99v0c_ccs
PE_191                 ZeroWireload      tcbn28hpcplusbwp30p140ffg0p99v0c_ccs
PE_193                 ZeroWireload      tcbn28hpcplusbwp30p140ffg0p99v0c_ccs
PE_194                 ZeroWireload      tcbn28hpcplusbwp30p140ffg0p99v0c_ccs
PE_195                 ZeroWireload      tcbn28hpcplusbwp30p140ffg0p99v0c_ccs
PE_196                 ZeroWireload      tcbn28hpcplusbwp30p140ffg0p99v0c_ccs
PE_197                 ZeroWireload      tcbn28hpcplusbwp30p140ffg0p99v0c_ccs
PE_198                 ZeroWireload      tcbn28hpcplusbwp30p140ffg0p99v0c_ccs
PE_199                 ZeroWireload      tcbn28hpcplusbwp30p140ffg0p99v0c_ccs
PE_200                 ZeroWireload      tcbn28hpcplusbwp30p140ffg0p99v0c_ccs
PE_201                 ZeroWireload      tcbn28hpcplusbwp30p140ffg0p99v0c_ccs
PE_202                 ZeroWireload      tcbn28hpcplusbwp30p140ffg0p99v0c_ccs
PE_203                 ZeroWireload      tcbn28hpcplusbwp30p140ffg0p99v0c_ccs
PE_204                 ZeroWireload      tcbn28hpcplusbwp30p140ffg0p99v0c_ccs
PE_205                 ZeroWireload      tcbn28hpcplusbwp30p140ffg0p99v0c_ccs
PE_206                 ZeroWireload      tcbn28hpcplusbwp30p140ffg0p99v0c_ccs
PE_207                 ZeroWireload      tcbn28hpcplusbwp30p140ffg0p99v0c_ccs
PE_208                 ZeroWireload      tcbn28hpcplusbwp30p140ffg0p99v0c_ccs
PE_209                 ZeroWireload      tcbn28hpcplusbwp30p140ffg0p99v0c_ccs
PE_210                 ZeroWireload      tcbn28hpcplusbwp30p140ffg0p99v0c_ccs
PE_211                 ZeroWireload      tcbn28hpcplusbwp30p140ffg0p99v0c_ccs
PE_212                 ZeroWireload      tcbn28hpcplusbwp30p140ffg0p99v0c_ccs
PE_213                 ZeroWireload      tcbn28hpcplusbwp30p140ffg0p99v0c_ccs
PE_214                 ZeroWireload      tcbn28hpcplusbwp30p140ffg0p99v0c_ccs
PE_215                 ZeroWireload      tcbn28hpcplusbwp30p140ffg0p99v0c_ccs
PE_217                 ZeroWireload      tcbn28hpcplusbwp30p140ffg0p99v0c_ccs
PE_218                 ZeroWireload      tcbn28hpcplusbwp30p140ffg0p99v0c_ccs
PE_219                 ZeroWireload      tcbn28hpcplusbwp30p140ffg0p99v0c_ccs
PE_220                 ZeroWireload      tcbn28hpcplusbwp30p140ffg0p99v0c_ccs
PE_221                 ZeroWireload      tcbn28hpcplusbwp30p140ffg0p99v0c_ccs
PE_222                 ZeroWireload      tcbn28hpcplusbwp30p140ffg0p99v0c_ccs
PE_223                 ZeroWireload      tcbn28hpcplusbwp30p140ffg0p99v0c_ccs
PE_224                 ZeroWireload      tcbn28hpcplusbwp30p140ffg0p99v0c_ccs
PE_225                 ZeroWireload      tcbn28hpcplusbwp30p140ffg0p99v0c_ccs
PE_226                 ZeroWireload      tcbn28hpcplusbwp30p140ffg0p99v0c_ccs
PE_227                 ZeroWireload      tcbn28hpcplusbwp30p140ffg0p99v0c_ccs
PE_228                 ZeroWireload      tcbn28hpcplusbwp30p140ffg0p99v0c_ccs
PE_229                 ZeroWireload      tcbn28hpcplusbwp30p140ffg0p99v0c_ccs
PE_230                 ZeroWireload      tcbn28hpcplusbwp30p140ffg0p99v0c_ccs
PE_231                 ZeroWireload      tcbn28hpcplusbwp30p140ffg0p99v0c_ccs
PE_232                 ZeroWireload      tcbn28hpcplusbwp30p140ffg0p99v0c_ccs
PE_233                 ZeroWireload      tcbn28hpcplusbwp30p140ffg0p99v0c_ccs
PE_234                 ZeroWireload      tcbn28hpcplusbwp30p140ffg0p99v0c_ccs
PE_235                 ZeroWireload      tcbn28hpcplusbwp30p140ffg0p99v0c_ccs
PE_236                 ZeroWireload      tcbn28hpcplusbwp30p140ffg0p99v0c_ccs
PE_237                 ZeroWireload      tcbn28hpcplusbwp30p140ffg0p99v0c_ccs
PE_238                 ZeroWireload      tcbn28hpcplusbwp30p140ffg0p99v0c_ccs
PE_239                 ZeroWireload      tcbn28hpcplusbwp30p140ffg0p99v0c_ccs
PE_241                 ZeroWireload      tcbn28hpcplusbwp30p140ffg0p99v0c_ccs
PE_242                 ZeroWireload      tcbn28hpcplusbwp30p140ffg0p99v0c_ccs
PE_243                 ZeroWireload      tcbn28hpcplusbwp30p140ffg0p99v0c_ccs
PE_244                 ZeroWireload      tcbn28hpcplusbwp30p140ffg0p99v0c_ccs
PE_245                 ZeroWireload      tcbn28hpcplusbwp30p140ffg0p99v0c_ccs
PE_246                 ZeroWireload      tcbn28hpcplusbwp30p140ffg0p99v0c_ccs
PE_247                 ZeroWireload      tcbn28hpcplusbwp30p140ffg0p99v0c_ccs
PE_248                 ZeroWireload      tcbn28hpcplusbwp30p140ffg0p99v0c_ccs
PE_249                 ZeroWireload      tcbn28hpcplusbwp30p140ffg0p99v0c_ccs
PE_250                 ZeroWireload      tcbn28hpcplusbwp30p140ffg0p99v0c_ccs
PE_251                 ZeroWireload      tcbn28hpcplusbwp30p140ffg0p99v0c_ccs
PE_252                 ZeroWireload      tcbn28hpcplusbwp30p140ffg0p99v0c_ccs
PE_253                 ZeroWireload      tcbn28hpcplusbwp30p140ffg0p99v0c_ccs
PE_254                 ZeroWireload      tcbn28hpcplusbwp30p140ffg0p99v0c_ccs
PE_255                 ZeroWireload      tcbn28hpcplusbwp30p140ffg0p99v0c_ccs
PE_256                 ZeroWireload      tcbn28hpcplusbwp30p140ffg0p99v0c_ccs
PE_257                 ZeroWireload      tcbn28hpcplusbwp30p140ffg0p99v0c_ccs
PE_258                 ZeroWireload      tcbn28hpcplusbwp30p140ffg0p99v0c_ccs
PE_259                 ZeroWireload      tcbn28hpcplusbwp30p140ffg0p99v0c_ccs
PE_260                 ZeroWireload      tcbn28hpcplusbwp30p140ffg0p99v0c_ccs
PE_261                 ZeroWireload      tcbn28hpcplusbwp30p140ffg0p99v0c_ccs
PE_262                 ZeroWireload      tcbn28hpcplusbwp30p140ffg0p99v0c_ccs
PE_263                 ZeroWireload      tcbn28hpcplusbwp30p140ffg0p99v0c_ccs
PE_265                 ZeroWireload      tcbn28hpcplusbwp30p140ffg0p99v0c_ccs
PE_266                 ZeroWireload      tcbn28hpcplusbwp30p140ffg0p99v0c_ccs
PE_267                 ZeroWireload      tcbn28hpcplusbwp30p140ffg0p99v0c_ccs
PE_268                 ZeroWireload      tcbn28hpcplusbwp30p140ffg0p99v0c_ccs
PE_269                 ZeroWireload      tcbn28hpcplusbwp30p140ffg0p99v0c_ccs
PE_270                 ZeroWireload      tcbn28hpcplusbwp30p140ffg0p99v0c_ccs
PE_271                 ZeroWireload      tcbn28hpcplusbwp30p140ffg0p99v0c_ccs
PE_272                 ZeroWireload      tcbn28hpcplusbwp30p140ffg0p99v0c_ccs
PE_273                 ZeroWireload      tcbn28hpcplusbwp30p140ffg0p99v0c_ccs
PE_274                 ZeroWireload      tcbn28hpcplusbwp30p140ffg0p99v0c_ccs
PE_275                 ZeroWireload      tcbn28hpcplusbwp30p140ffg0p99v0c_ccs
PE_276                 ZeroWireload      tcbn28hpcplusbwp30p140ffg0p99v0c_ccs
PE_277                 ZeroWireload      tcbn28hpcplusbwp30p140ffg0p99v0c_ccs
PE_278                 ZeroWireload      tcbn28hpcplusbwp30p140ffg0p99v0c_ccs
PE_279                 ZeroWireload      tcbn28hpcplusbwp30p140ffg0p99v0c_ccs
PE_280                 ZeroWireload      tcbn28hpcplusbwp30p140ffg0p99v0c_ccs
PE_281                 ZeroWireload      tcbn28hpcplusbwp30p140ffg0p99v0c_ccs
PE_282                 ZeroWireload      tcbn28hpcplusbwp30p140ffg0p99v0c_ccs
PE_283                 ZeroWireload      tcbn28hpcplusbwp30p140ffg0p99v0c_ccs
PE_284                 ZeroWireload      tcbn28hpcplusbwp30p140ffg0p99v0c_ccs
PE_285                 ZeroWireload      tcbn28hpcplusbwp30p140ffg0p99v0c_ccs
PE_286                 ZeroWireload      tcbn28hpcplusbwp30p140ffg0p99v0c_ccs
PE_287                 ZeroWireload      tcbn28hpcplusbwp30p140ffg0p99v0c_ccs
PE_289                 ZeroWireload      tcbn28hpcplusbwp30p140ffg0p99v0c_ccs
PE_290                 ZeroWireload      tcbn28hpcplusbwp30p140ffg0p99v0c_ccs
PE_291                 ZeroWireload      tcbn28hpcplusbwp30p140ffg0p99v0c_ccs
PE_292                 ZeroWireload      tcbn28hpcplusbwp30p140ffg0p99v0c_ccs
PE_293                 ZeroWireload      tcbn28hpcplusbwp30p140ffg0p99v0c_ccs
PE_294                 ZeroWireload      tcbn28hpcplusbwp30p140ffg0p99v0c_ccs
PE_295                 ZeroWireload      tcbn28hpcplusbwp30p140ffg0p99v0c_ccs
PE_296                 ZeroWireload      tcbn28hpcplusbwp30p140ffg0p99v0c_ccs
PE_297                 ZeroWireload      tcbn28hpcplusbwp30p140ffg0p99v0c_ccs
PE_298                 ZeroWireload      tcbn28hpcplusbwp30p140ffg0p99v0c_ccs
PE_299                 ZeroWireload      tcbn28hpcplusbwp30p140ffg0p99v0c_ccs
PE_300                 ZeroWireload      tcbn28hpcplusbwp30p140ffg0p99v0c_ccs
PE_301                 ZeroWireload      tcbn28hpcplusbwp30p140ffg0p99v0c_ccs
PE_302                 ZeroWireload      tcbn28hpcplusbwp30p140ffg0p99v0c_ccs
PE_303                 ZeroWireload      tcbn28hpcplusbwp30p140ffg0p99v0c_ccs
PE_304                 ZeroWireload      tcbn28hpcplusbwp30p140ffg0p99v0c_ccs
PE_305                 ZeroWireload      tcbn28hpcplusbwp30p140ffg0p99v0c_ccs
PE_306                 ZeroWireload      tcbn28hpcplusbwp30p140ffg0p99v0c_ccs
PE_307                 ZeroWireload      tcbn28hpcplusbwp30p140ffg0p99v0c_ccs
PE_308                 ZeroWireload      tcbn28hpcplusbwp30p140ffg0p99v0c_ccs
PE_309                 ZeroWireload      tcbn28hpcplusbwp30p140ffg0p99v0c_ccs
PE_310                 ZeroWireload      tcbn28hpcplusbwp30p140ffg0p99v0c_ccs
PE_311                 ZeroWireload      tcbn28hpcplusbwp30p140ffg0p99v0c_ccs
PE_313                 ZeroWireload      tcbn28hpcplusbwp30p140ffg0p99v0c_ccs
PE_314                 ZeroWireload      tcbn28hpcplusbwp30p140ffg0p99v0c_ccs
PE_315                 ZeroWireload      tcbn28hpcplusbwp30p140ffg0p99v0c_ccs
PE_316                 ZeroWireload      tcbn28hpcplusbwp30p140ffg0p99v0c_ccs
PE_317                 ZeroWireload      tcbn28hpcplusbwp30p140ffg0p99v0c_ccs
PE_318                 ZeroWireload      tcbn28hpcplusbwp30p140ffg0p99v0c_ccs
PE_319                 ZeroWireload      tcbn28hpcplusbwp30p140ffg0p99v0c_ccs
PE_320                 ZeroWireload      tcbn28hpcplusbwp30p140ffg0p99v0c_ccs
PE_321                 ZeroWireload      tcbn28hpcplusbwp30p140ffg0p99v0c_ccs
PE_322                 ZeroWireload      tcbn28hpcplusbwp30p140ffg0p99v0c_ccs
PE_323                 ZeroWireload      tcbn28hpcplusbwp30p140ffg0p99v0c_ccs
PE_324                 ZeroWireload      tcbn28hpcplusbwp30p140ffg0p99v0c_ccs
PE_325                 ZeroWireload      tcbn28hpcplusbwp30p140ffg0p99v0c_ccs
PE_326                 ZeroWireload      tcbn28hpcplusbwp30p140ffg0p99v0c_ccs
PE_327                 ZeroWireload      tcbn28hpcplusbwp30p140ffg0p99v0c_ccs
PE_328                 ZeroWireload      tcbn28hpcplusbwp30p140ffg0p99v0c_ccs
PE_329                 ZeroWireload      tcbn28hpcplusbwp30p140ffg0p99v0c_ccs
PE_330                 ZeroWireload      tcbn28hpcplusbwp30p140ffg0p99v0c_ccs
PE_331                 ZeroWireload      tcbn28hpcplusbwp30p140ffg0p99v0c_ccs
PE_332                 ZeroWireload      tcbn28hpcplusbwp30p140ffg0p99v0c_ccs
PE_333                 ZeroWireload      tcbn28hpcplusbwp30p140ffg0p99v0c_ccs
PE_334                 ZeroWireload      tcbn28hpcplusbwp30p140ffg0p99v0c_ccs
PE_335                 ZeroWireload      tcbn28hpcplusbwp30p140ffg0p99v0c_ccs
PE_337                 ZeroWireload      tcbn28hpcplusbwp30p140ffg0p99v0c_ccs
PE_338                 ZeroWireload      tcbn28hpcplusbwp30p140ffg0p99v0c_ccs
PE_339                 ZeroWireload      tcbn28hpcplusbwp30p140ffg0p99v0c_ccs
PE_340                 ZeroWireload      tcbn28hpcplusbwp30p140ffg0p99v0c_ccs
PE_341                 ZeroWireload      tcbn28hpcplusbwp30p140ffg0p99v0c_ccs
PE_342                 ZeroWireload      tcbn28hpcplusbwp30p140ffg0p99v0c_ccs
PE_343                 ZeroWireload      tcbn28hpcplusbwp30p140ffg0p99v0c_ccs
PE_344                 ZeroWireload      tcbn28hpcplusbwp30p140ffg0p99v0c_ccs
PE_345                 ZeroWireload      tcbn28hpcplusbwp30p140ffg0p99v0c_ccs
PE_346                 ZeroWireload      tcbn28hpcplusbwp30p140ffg0p99v0c_ccs
PE_347                 ZeroWireload      tcbn28hpcplusbwp30p140ffg0p99v0c_ccs
PE_348                 ZeroWireload      tcbn28hpcplusbwp30p140ffg0p99v0c_ccs
PE_349                 ZeroWireload      tcbn28hpcplusbwp30p140ffg0p99v0c_ccs
PE_350                 ZeroWireload      tcbn28hpcplusbwp30p140ffg0p99v0c_ccs
PE_351                 ZeroWireload      tcbn28hpcplusbwp30p140ffg0p99v0c_ccs
PE_352                 ZeroWireload      tcbn28hpcplusbwp30p140ffg0p99v0c_ccs
PE_353                 ZeroWireload      tcbn28hpcplusbwp30p140ffg0p99v0c_ccs
PE_354                 ZeroWireload      tcbn28hpcplusbwp30p140ffg0p99v0c_ccs
PE_355                 ZeroWireload      tcbn28hpcplusbwp30p140ffg0p99v0c_ccs
PE_356                 ZeroWireload      tcbn28hpcplusbwp30p140ffg0p99v0c_ccs
PE_357                 ZeroWireload      tcbn28hpcplusbwp30p140ffg0p99v0c_ccs
PE_358                 ZeroWireload      tcbn28hpcplusbwp30p140ffg0p99v0c_ccs
PE_359                 ZeroWireload      tcbn28hpcplusbwp30p140ffg0p99v0c_ccs
PE_361                 ZeroWireload      tcbn28hpcplusbwp30p140ffg0p99v0c_ccs
PE_362                 ZeroWireload      tcbn28hpcplusbwp30p140ffg0p99v0c_ccs
PE_363                 ZeroWireload      tcbn28hpcplusbwp30p140ffg0p99v0c_ccs
PE_364                 ZeroWireload      tcbn28hpcplusbwp30p140ffg0p99v0c_ccs
PE_365                 ZeroWireload      tcbn28hpcplusbwp30p140ffg0p99v0c_ccs
PE_366                 ZeroWireload      tcbn28hpcplusbwp30p140ffg0p99v0c_ccs
PE_367                 ZeroWireload      tcbn28hpcplusbwp30p140ffg0p99v0c_ccs
PE_368                 ZeroWireload      tcbn28hpcplusbwp30p140ffg0p99v0c_ccs
PE_369                 ZeroWireload      tcbn28hpcplusbwp30p140ffg0p99v0c_ccs
PE_370                 ZeroWireload      tcbn28hpcplusbwp30p140ffg0p99v0c_ccs
PE_371                 ZeroWireload      tcbn28hpcplusbwp30p140ffg0p99v0c_ccs
PE_372                 ZeroWireload      tcbn28hpcplusbwp30p140ffg0p99v0c_ccs
PE_373                 ZeroWireload      tcbn28hpcplusbwp30p140ffg0p99v0c_ccs
PE_374                 ZeroWireload      tcbn28hpcplusbwp30p140ffg0p99v0c_ccs
PE_375                 ZeroWireload      tcbn28hpcplusbwp30p140ffg0p99v0c_ccs
PE_376                 ZeroWireload      tcbn28hpcplusbwp30p140ffg0p99v0c_ccs
PE_377                 ZeroWireload      tcbn28hpcplusbwp30p140ffg0p99v0c_ccs
PE_378                 ZeroWireload      tcbn28hpcplusbwp30p140ffg0p99v0c_ccs
PE_379                 ZeroWireload      tcbn28hpcplusbwp30p140ffg0p99v0c_ccs
PE_380                 ZeroWireload      tcbn28hpcplusbwp30p140ffg0p99v0c_ccs
PE_381                 ZeroWireload      tcbn28hpcplusbwp30p140ffg0p99v0c_ccs
PE_382                 ZeroWireload      tcbn28hpcplusbwp30p140ffg0p99v0c_ccs
PE_383                 ZeroWireload      tcbn28hpcplusbwp30p140ffg0p99v0c_ccs
PE_385                 ZeroWireload      tcbn28hpcplusbwp30p140ffg0p99v0c_ccs
PE_386                 ZeroWireload      tcbn28hpcplusbwp30p140ffg0p99v0c_ccs
PE_387                 ZeroWireload      tcbn28hpcplusbwp30p140ffg0p99v0c_ccs
PE_388                 ZeroWireload      tcbn28hpcplusbwp30p140ffg0p99v0c_ccs
PE_389                 ZeroWireload      tcbn28hpcplusbwp30p140ffg0p99v0c_ccs
PE_390                 ZeroWireload      tcbn28hpcplusbwp30p140ffg0p99v0c_ccs
PE_391                 ZeroWireload      tcbn28hpcplusbwp30p140ffg0p99v0c_ccs
PE_392                 ZeroWireload      tcbn28hpcplusbwp30p140ffg0p99v0c_ccs
PE_393                 ZeroWireload      tcbn28hpcplusbwp30p140ffg0p99v0c_ccs
PE_394                 ZeroWireload      tcbn28hpcplusbwp30p140ffg0p99v0c_ccs
PE_395                 ZeroWireload      tcbn28hpcplusbwp30p140ffg0p99v0c_ccs
PE_396                 ZeroWireload      tcbn28hpcplusbwp30p140ffg0p99v0c_ccs
PE_397                 ZeroWireload      tcbn28hpcplusbwp30p140ffg0p99v0c_ccs
PE_398                 ZeroWireload      tcbn28hpcplusbwp30p140ffg0p99v0c_ccs
PE_399                 ZeroWireload      tcbn28hpcplusbwp30p140ffg0p99v0c_ccs
PE_400                 ZeroWireload      tcbn28hpcplusbwp30p140ffg0p99v0c_ccs
PE_401                 ZeroWireload      tcbn28hpcplusbwp30p140ffg0p99v0c_ccs
PE_402                 ZeroWireload      tcbn28hpcplusbwp30p140ffg0p99v0c_ccs
PE_403                 ZeroWireload      tcbn28hpcplusbwp30p140ffg0p99v0c_ccs
PE_404                 ZeroWireload      tcbn28hpcplusbwp30p140ffg0p99v0c_ccs
PE_405                 ZeroWireload      tcbn28hpcplusbwp30p140ffg0p99v0c_ccs
PE_406                 ZeroWireload      tcbn28hpcplusbwp30p140ffg0p99v0c_ccs
PE_407                 ZeroWireload      tcbn28hpcplusbwp30p140ffg0p99v0c_ccs
PE_409                 ZeroWireload      tcbn28hpcplusbwp30p140ffg0p99v0c_ccs
PE_410                 ZeroWireload      tcbn28hpcplusbwp30p140ffg0p99v0c_ccs
PE_411                 ZeroWireload      tcbn28hpcplusbwp30p140ffg0p99v0c_ccs
PE_412                 ZeroWireload      tcbn28hpcplusbwp30p140ffg0p99v0c_ccs
PE_413                 ZeroWireload      tcbn28hpcplusbwp30p140ffg0p99v0c_ccs
PE_414                 ZeroWireload      tcbn28hpcplusbwp30p140ffg0p99v0c_ccs
PE_415                 ZeroWireload      tcbn28hpcplusbwp30p140ffg0p99v0c_ccs
PE_416                 ZeroWireload      tcbn28hpcplusbwp30p140ffg0p99v0c_ccs
PE_417                 ZeroWireload      tcbn28hpcplusbwp30p140ffg0p99v0c_ccs
PE_418                 ZeroWireload      tcbn28hpcplusbwp30p140ffg0p99v0c_ccs
PE_419                 ZeroWireload      tcbn28hpcplusbwp30p140ffg0p99v0c_ccs
PE_420                 ZeroWireload      tcbn28hpcplusbwp30p140ffg0p99v0c_ccs
PE_421                 ZeroWireload      tcbn28hpcplusbwp30p140ffg0p99v0c_ccs
PE_422                 ZeroWireload      tcbn28hpcplusbwp30p140ffg0p99v0c_ccs
PE_423                 ZeroWireload      tcbn28hpcplusbwp30p140ffg0p99v0c_ccs
PE_424                 ZeroWireload      tcbn28hpcplusbwp30p140ffg0p99v0c_ccs
PE_425                 ZeroWireload      tcbn28hpcplusbwp30p140ffg0p99v0c_ccs
PE_426                 ZeroWireload      tcbn28hpcplusbwp30p140ffg0p99v0c_ccs
PE_427                 ZeroWireload      tcbn28hpcplusbwp30p140ffg0p99v0c_ccs
PE_428                 ZeroWireload      tcbn28hpcplusbwp30p140ffg0p99v0c_ccs
PE_429                 ZeroWireload      tcbn28hpcplusbwp30p140ffg0p99v0c_ccs
PE_430                 ZeroWireload      tcbn28hpcplusbwp30p140ffg0p99v0c_ccs
PE_431                 ZeroWireload      tcbn28hpcplusbwp30p140ffg0p99v0c_ccs
PE_433                 ZeroWireload      tcbn28hpcplusbwp30p140ffg0p99v0c_ccs
PE_434                 ZeroWireload      tcbn28hpcplusbwp30p140ffg0p99v0c_ccs
PE_435                 ZeroWireload      tcbn28hpcplusbwp30p140ffg0p99v0c_ccs
PE_436                 ZeroWireload      tcbn28hpcplusbwp30p140ffg0p99v0c_ccs
PE_437                 ZeroWireload      tcbn28hpcplusbwp30p140ffg0p99v0c_ccs
PE_438                 ZeroWireload      tcbn28hpcplusbwp30p140ffg0p99v0c_ccs
PE_439                 ZeroWireload      tcbn28hpcplusbwp30p140ffg0p99v0c_ccs
PE_440                 ZeroWireload      tcbn28hpcplusbwp30p140ffg0p99v0c_ccs
PE_441                 ZeroWireload      tcbn28hpcplusbwp30p140ffg0p99v0c_ccs
PE_442                 ZeroWireload      tcbn28hpcplusbwp30p140ffg0p99v0c_ccs
PE_443                 ZeroWireload      tcbn28hpcplusbwp30p140ffg0p99v0c_ccs
PE_444                 ZeroWireload      tcbn28hpcplusbwp30p140ffg0p99v0c_ccs
PE_445                 ZeroWireload      tcbn28hpcplusbwp30p140ffg0p99v0c_ccs
PE_446                 ZeroWireload      tcbn28hpcplusbwp30p140ffg0p99v0c_ccs
PE_447                 ZeroWireload      tcbn28hpcplusbwp30p140ffg0p99v0c_ccs
PE_448                 ZeroWireload      tcbn28hpcplusbwp30p140ffg0p99v0c_ccs
PE_449                 ZeroWireload      tcbn28hpcplusbwp30p140ffg0p99v0c_ccs
PE_450                 ZeroWireload      tcbn28hpcplusbwp30p140ffg0p99v0c_ccs
PE_451                 ZeroWireload      tcbn28hpcplusbwp30p140ffg0p99v0c_ccs
PE_452                 ZeroWireload      tcbn28hpcplusbwp30p140ffg0p99v0c_ccs
PE_453                 ZeroWireload      tcbn28hpcplusbwp30p140ffg0p99v0c_ccs
PE_454                 ZeroWireload      tcbn28hpcplusbwp30p140ffg0p99v0c_ccs
PE_455                 ZeroWireload      tcbn28hpcplusbwp30p140ffg0p99v0c_ccs
PE_457                 ZeroWireload      tcbn28hpcplusbwp30p140ffg0p99v0c_ccs
PE_458                 ZeroWireload      tcbn28hpcplusbwp30p140ffg0p99v0c_ccs
PE_459                 ZeroWireload      tcbn28hpcplusbwp30p140ffg0p99v0c_ccs
PE_460                 ZeroWireload      tcbn28hpcplusbwp30p140ffg0p99v0c_ccs
PE_461                 ZeroWireload      tcbn28hpcplusbwp30p140ffg0p99v0c_ccs
PE_462                 ZeroWireload      tcbn28hpcplusbwp30p140ffg0p99v0c_ccs
PE_463                 ZeroWireload      tcbn28hpcplusbwp30p140ffg0p99v0c_ccs
PE_464                 ZeroWireload      tcbn28hpcplusbwp30p140ffg0p99v0c_ccs
PE_465                 ZeroWireload      tcbn28hpcplusbwp30p140ffg0p99v0c_ccs
PE_466                 ZeroWireload      tcbn28hpcplusbwp30p140ffg0p99v0c_ccs
PE_467                 ZeroWireload      tcbn28hpcplusbwp30p140ffg0p99v0c_ccs
PE_468                 ZeroWireload      tcbn28hpcplusbwp30p140ffg0p99v0c_ccs
PE_469                 ZeroWireload      tcbn28hpcplusbwp30p140ffg0p99v0c_ccs
PE_470                 ZeroWireload      tcbn28hpcplusbwp30p140ffg0p99v0c_ccs
PE_471                 ZeroWireload      tcbn28hpcplusbwp30p140ffg0p99v0c_ccs
PE_472                 ZeroWireload      tcbn28hpcplusbwp30p140ffg0p99v0c_ccs
PE_473                 ZeroWireload      tcbn28hpcplusbwp30p140ffg0p99v0c_ccs
PE_474                 ZeroWireload      tcbn28hpcplusbwp30p140ffg0p99v0c_ccs
PE_475                 ZeroWireload      tcbn28hpcplusbwp30p140ffg0p99v0c_ccs
PE_476                 ZeroWireload      tcbn28hpcplusbwp30p140ffg0p99v0c_ccs
PE_477                 ZeroWireload      tcbn28hpcplusbwp30p140ffg0p99v0c_ccs
PE_478                 ZeroWireload      tcbn28hpcplusbwp30p140ffg0p99v0c_ccs
PE_479                 ZeroWireload      tcbn28hpcplusbwp30p140ffg0p99v0c_ccs
PE_481                 ZeroWireload      tcbn28hpcplusbwp30p140ffg0p99v0c_ccs
PE_482                 ZeroWireload      tcbn28hpcplusbwp30p140ffg0p99v0c_ccs
PE_483                 ZeroWireload      tcbn28hpcplusbwp30p140ffg0p99v0c_ccs
PE_484                 ZeroWireload      tcbn28hpcplusbwp30p140ffg0p99v0c_ccs
PE_485                 ZeroWireload      tcbn28hpcplusbwp30p140ffg0p99v0c_ccs
PE_486                 ZeroWireload      tcbn28hpcplusbwp30p140ffg0p99v0c_ccs
PE_487                 ZeroWireload      tcbn28hpcplusbwp30p140ffg0p99v0c_ccs
PE_488                 ZeroWireload      tcbn28hpcplusbwp30p140ffg0p99v0c_ccs
PE_489                 ZeroWireload      tcbn28hpcplusbwp30p140ffg0p99v0c_ccs
PE_490                 ZeroWireload      tcbn28hpcplusbwp30p140ffg0p99v0c_ccs
PE_491                 ZeroWireload      tcbn28hpcplusbwp30p140ffg0p99v0c_ccs
PE_492                 ZeroWireload      tcbn28hpcplusbwp30p140ffg0p99v0c_ccs
PE_493                 ZeroWireload      tcbn28hpcplusbwp30p140ffg0p99v0c_ccs
PE_494                 ZeroWireload      tcbn28hpcplusbwp30p140ffg0p99v0c_ccs
PE_495                 ZeroWireload      tcbn28hpcplusbwp30p140ffg0p99v0c_ccs
PE_496                 ZeroWireload      tcbn28hpcplusbwp30p140ffg0p99v0c_ccs
PE_497                 ZeroWireload      tcbn28hpcplusbwp30p140ffg0p99v0c_ccs
PE_498                 ZeroWireload      tcbn28hpcplusbwp30p140ffg0p99v0c_ccs
PE_499                 ZeroWireload      tcbn28hpcplusbwp30p140ffg0p99v0c_ccs
PE_500                 ZeroWireload      tcbn28hpcplusbwp30p140ffg0p99v0c_ccs
PE_501                 ZeroWireload      tcbn28hpcplusbwp30p140ffg0p99v0c_ccs
PE_502                 ZeroWireload      tcbn28hpcplusbwp30p140ffg0p99v0c_ccs
PE_503                 ZeroWireload      tcbn28hpcplusbwp30p140ffg0p99v0c_ccs
PE_505                 ZeroWireload      tcbn28hpcplusbwp30p140ffg0p99v0c_ccs
PE_506                 ZeroWireload      tcbn28hpcplusbwp30p140ffg0p99v0c_ccs
PE_507                 ZeroWireload      tcbn28hpcplusbwp30p140ffg0p99v0c_ccs
PE_508                 ZeroWireload      tcbn28hpcplusbwp30p140ffg0p99v0c_ccs
PE_509                 ZeroWireload      tcbn28hpcplusbwp30p140ffg0p99v0c_ccs
PE_510                 ZeroWireload      tcbn28hpcplusbwp30p140ffg0p99v0c_ccs
PE_511                 ZeroWireload      tcbn28hpcplusbwp30p140ffg0p99v0c_ccs
PE_512                 ZeroWireload      tcbn28hpcplusbwp30p140ffg0p99v0c_ccs
PE_513                 ZeroWireload      tcbn28hpcplusbwp30p140ffg0p99v0c_ccs
PE_514                 ZeroWireload      tcbn28hpcplusbwp30p140ffg0p99v0c_ccs
PE_515                 ZeroWireload      tcbn28hpcplusbwp30p140ffg0p99v0c_ccs
PE_516                 ZeroWireload      tcbn28hpcplusbwp30p140ffg0p99v0c_ccs
PE_517                 ZeroWireload      tcbn28hpcplusbwp30p140ffg0p99v0c_ccs
PE_518                 ZeroWireload      tcbn28hpcplusbwp30p140ffg0p99v0c_ccs
PE_519                 ZeroWireload      tcbn28hpcplusbwp30p140ffg0p99v0c_ccs
PE_520                 ZeroWireload      tcbn28hpcplusbwp30p140ffg0p99v0c_ccs
PE_521                 ZeroWireload      tcbn28hpcplusbwp30p140ffg0p99v0c_ccs
PE_522                 ZeroWireload      tcbn28hpcplusbwp30p140ffg0p99v0c_ccs
PE_523                 ZeroWireload      tcbn28hpcplusbwp30p140ffg0p99v0c_ccs
PE_524                 ZeroWireload      tcbn28hpcplusbwp30p140ffg0p99v0c_ccs
PE_525                 ZeroWireload      tcbn28hpcplusbwp30p140ffg0p99v0c_ccs
PE_526                 ZeroWireload      tcbn28hpcplusbwp30p140ffg0p99v0c_ccs
PE_527                 ZeroWireload      tcbn28hpcplusbwp30p140ffg0p99v0c_ccs
PE_529                 ZeroWireload      tcbn28hpcplusbwp30p140ffg0p99v0c_ccs
PE_530                 ZeroWireload      tcbn28hpcplusbwp30p140ffg0p99v0c_ccs
PE_531                 ZeroWireload      tcbn28hpcplusbwp30p140ffg0p99v0c_ccs
PE_532                 ZeroWireload      tcbn28hpcplusbwp30p140ffg0p99v0c_ccs
PE_533                 ZeroWireload      tcbn28hpcplusbwp30p140ffg0p99v0c_ccs
PE_534                 ZeroWireload      tcbn28hpcplusbwp30p140ffg0p99v0c_ccs
PE_535                 ZeroWireload      tcbn28hpcplusbwp30p140ffg0p99v0c_ccs
PE_536                 ZeroWireload      tcbn28hpcplusbwp30p140ffg0p99v0c_ccs
PE_537                 ZeroWireload      tcbn28hpcplusbwp30p140ffg0p99v0c_ccs
PE_538                 ZeroWireload      tcbn28hpcplusbwp30p140ffg0p99v0c_ccs
PE_539                 ZeroWireload      tcbn28hpcplusbwp30p140ffg0p99v0c_ccs
PE_540                 ZeroWireload      tcbn28hpcplusbwp30p140ffg0p99v0c_ccs
PE_541                 ZeroWireload      tcbn28hpcplusbwp30p140ffg0p99v0c_ccs
PE_542                 ZeroWireload      tcbn28hpcplusbwp30p140ffg0p99v0c_ccs
PE_543                 ZeroWireload      tcbn28hpcplusbwp30p140ffg0p99v0c_ccs
PE_544                 ZeroWireload      tcbn28hpcplusbwp30p140ffg0p99v0c_ccs
PE_545                 ZeroWireload      tcbn28hpcplusbwp30p140ffg0p99v0c_ccs
PE_546                 ZeroWireload      tcbn28hpcplusbwp30p140ffg0p99v0c_ccs
PE_547                 ZeroWireload      tcbn28hpcplusbwp30p140ffg0p99v0c_ccs
PE_548                 ZeroWireload      tcbn28hpcplusbwp30p140ffg0p99v0c_ccs
PE_549                 ZeroWireload      tcbn28hpcplusbwp30p140ffg0p99v0c_ccs
PE_550                 ZeroWireload      tcbn28hpcplusbwp30p140ffg0p99v0c_ccs
PE_551                 ZeroWireload      tcbn28hpcplusbwp30p140ffg0p99v0c_ccs
PE_553                 ZeroWireload      tcbn28hpcplusbwp30p140ffg0p99v0c_ccs
PE_554                 ZeroWireload      tcbn28hpcplusbwp30p140ffg0p99v0c_ccs
PE_555                 ZeroWireload      tcbn28hpcplusbwp30p140ffg0p99v0c_ccs
PE_556                 ZeroWireload      tcbn28hpcplusbwp30p140ffg0p99v0c_ccs
PE_557                 ZeroWireload      tcbn28hpcplusbwp30p140ffg0p99v0c_ccs
PE_558                 ZeroWireload      tcbn28hpcplusbwp30p140ffg0p99v0c_ccs
PE_559                 ZeroWireload      tcbn28hpcplusbwp30p140ffg0p99v0c_ccs
PE_560                 ZeroWireload      tcbn28hpcplusbwp30p140ffg0p99v0c_ccs
PE_561                 ZeroWireload      tcbn28hpcplusbwp30p140ffg0p99v0c_ccs
PE_562                 ZeroWireload      tcbn28hpcplusbwp30p140ffg0p99v0c_ccs
PE_563                 ZeroWireload      tcbn28hpcplusbwp30p140ffg0p99v0c_ccs
PE_564                 ZeroWireload      tcbn28hpcplusbwp30p140ffg0p99v0c_ccs
PE_565                 ZeroWireload      tcbn28hpcplusbwp30p140ffg0p99v0c_ccs
PE_566                 ZeroWireload      tcbn28hpcplusbwp30p140ffg0p99v0c_ccs
PE_567                 ZeroWireload      tcbn28hpcplusbwp30p140ffg0p99v0c_ccs
PE_568                 ZeroWireload      tcbn28hpcplusbwp30p140ffg0p99v0c_ccs
PE_569                 ZeroWireload      tcbn28hpcplusbwp30p140ffg0p99v0c_ccs
PE_570                 ZeroWireload      tcbn28hpcplusbwp30p140ffg0p99v0c_ccs
PE_571                 ZeroWireload      tcbn28hpcplusbwp30p140ffg0p99v0c_ccs
PE_572                 ZeroWireload      tcbn28hpcplusbwp30p140ffg0p99v0c_ccs
PE_573                 ZeroWireload      tcbn28hpcplusbwp30p140ffg0p99v0c_ccs
PE_574                 ZeroWireload      tcbn28hpcplusbwp30p140ffg0p99v0c_ccs
PE_0                   ZeroWireload      tcbn28hpcplusbwp30p140ffg0p99v0c_ccs
PE_24                  ZeroWireload      tcbn28hpcplusbwp30p140ffg0p99v0c_ccs
PE_48                  ZeroWireload      tcbn28hpcplusbwp30p140ffg0p99v0c_ccs
PE_72                  ZeroWireload      tcbn28hpcplusbwp30p140ffg0p99v0c_ccs
PE_96                  ZeroWireload      tcbn28hpcplusbwp30p140ffg0p99v0c_ccs
PE_120                 ZeroWireload      tcbn28hpcplusbwp30p140ffg0p99v0c_ccs
PE_144                 ZeroWireload      tcbn28hpcplusbwp30p140ffg0p99v0c_ccs
PE_168                 ZeroWireload      tcbn28hpcplusbwp30p140ffg0p99v0c_ccs
PE_192                 ZeroWireload      tcbn28hpcplusbwp30p140ffg0p99v0c_ccs
PE_216                 ZeroWireload      tcbn28hpcplusbwp30p140ffg0p99v0c_ccs
PE_240                 ZeroWireload      tcbn28hpcplusbwp30p140ffg0p99v0c_ccs
PE_264                 ZeroWireload      tcbn28hpcplusbwp30p140ffg0p99v0c_ccs
PE_288                 ZeroWireload      tcbn28hpcplusbwp30p140ffg0p99v0c_ccs
PE_312                 ZeroWireload      tcbn28hpcplusbwp30p140ffg0p99v0c_ccs
PE_336                 ZeroWireload      tcbn28hpcplusbwp30p140ffg0p99v0c_ccs
PE_360                 ZeroWireload      tcbn28hpcplusbwp30p140ffg0p99v0c_ccs
PE_384                 ZeroWireload      tcbn28hpcplusbwp30p140ffg0p99v0c_ccs
PE_408                 ZeroWireload      tcbn28hpcplusbwp30p140ffg0p99v0c_ccs
PE_432                 ZeroWireload      tcbn28hpcplusbwp30p140ffg0p99v0c_ccs
PE_456                 ZeroWireload      tcbn28hpcplusbwp30p140ffg0p99v0c_ccs
PE_480                 ZeroWireload      tcbn28hpcplusbwp30p140ffg0p99v0c_ccs
PE_504                 ZeroWireload      tcbn28hpcplusbwp30p140ffg0p99v0c_ccs
PE_528                 ZeroWireload      tcbn28hpcplusbwp30p140ffg0p99v0c_ccs


Global Operating Voltage = 0.99 
Power-specific unit information :
    Voltage Units = 1V
    Capacitance Units = 1.000000pf
    Time Units = 1ns
    Dynamic Power Units = 1mW    (derived from V,C,T units)
    Leakage Power Units = 1nW


--------------------------------------------------------------------------------
                                       Switch   Int      Leak     Total
Hierarchy                              Power    Power    Power    Power    %
--------------------------------------------------------------------------------
SystolicArray                             4.400  104.720 8.22e+05  109.942 100.0
  pes_23_23 (PE_0)                     2.83e-03    0.148 1.28e+03    0.152   0.1
  pes_22_23 (PE_1)                     3.80e-03    0.178 1.42e+03    0.183   0.2
  pes_21_23 (PE_2)                     3.83e-03    0.178 1.42e+03    0.183   0.2
  pes_20_23 (PE_3)                     3.87e-03    0.178 1.42e+03    0.183   0.2
  pes_19_23 (PE_4)                     3.91e-03    0.178 1.42e+03    0.183   0.2
  pes_18_23 (PE_5)                     3.96e-03    0.178 1.42e+03    0.183   0.2
  pes_17_23 (PE_6)                     4.03e-03    0.178 1.42e+03    0.184   0.2
  pes_16_23 (PE_7)                     4.11e-03    0.178 1.42e+03    0.184   0.2
  pes_15_23 (PE_8)                     4.22e-03    0.178 1.42e+03    0.184   0.2
  pes_14_23 (PE_9)                     4.37e-03    0.179 1.42e+03    0.184   0.2
  pes_13_23 (PE_10)                    4.60e-03    0.179 1.42e+03    0.185   0.2
  pes_12_23 (PE_11)                    4.81e-03    0.179 1.42e+03    0.185   0.2
  pes_11_23 (PE_12)                    5.07e-03    0.179 1.42e+03    0.186   0.2
  pes_10_23 (PE_13)                    5.36e-03    0.180 1.42e+03    0.187   0.2
  pes_9_23 (PE_14)                     5.79e-03    0.180 1.43e+03    0.188   0.2
  pes_8_23 (PE_15)                     6.25e-03    0.181 1.43e+03    0.189   0.2
  pes_7_23 (PE_16)                     6.85e-03    0.182 1.43e+03    0.190   0.2
  pes_6_23 (PE_17)                     7.55e-03    0.183 1.43e+03    0.192   0.2
  pes_5_23 (PE_18)                     8.47e-03    0.184 1.44e+03    0.194   0.2
  pes_4_23 (PE_19)                     9.60e-03    0.185 1.44e+03    0.196   0.2
  pes_3_23 (PE_20)                     1.13e-02    0.188 1.45e+03    0.200   0.2
  pes_2_23 (PE_21)                     1.33e-02    0.190 1.46e+03    0.205   0.2
  pes_1_23 (PE_22)                     1.57e-02    0.194 1.47e+03    0.211   0.2
  pes_0_23 (PE_23)                     1.94e-02    0.199 1.50e+03    0.220   0.2
  pes_23_22 (PE_24)                    2.89e-03    0.148 1.28e+03    0.152   0.1
  pes_22_22 (PE_25)                    3.85e-03    0.178 1.42e+03    0.183   0.2
  pes_21_22 (PE_26)                    3.88e-03    0.178 1.42e+03    0.183   0.2
  pes_20_22 (PE_27)                    3.92e-03    0.178 1.42e+03    0.183   0.2
  pes_19_22 (PE_28)                    3.97e-03    0.178 1.42e+03    0.183   0.2
  pes_18_22 (PE_29)                    4.03e-03    0.178 1.42e+03    0.184   0.2
  pes_17_22 (PE_30)                    4.11e-03    0.178 1.42e+03    0.184   0.2
  pes_16_22 (PE_31)                    4.22e-03    0.178 1.42e+03    0.184   0.2
  pes_15_22 (PE_32)                    4.32e-03    0.178 1.42e+03    0.184   0.2
  pes_14_22 (PE_33)                    4.44e-03    0.179 1.42e+03    0.185   0.2
  pes_13_22 (PE_34)                    4.59e-03    0.179 1.42e+03    0.185   0.2
  pes_12_22 (PE_35)                    4.82e-03    0.179 1.42e+03    0.185   0.2
  pes_11_22 (PE_36)                    5.06e-03    0.179 1.42e+03    0.186   0.2
  pes_10_22 (PE_37)                    5.36e-03    0.180 1.42e+03    0.187   0.2
  pes_9_22 (PE_38)                     5.80e-03    0.180 1.43e+03    0.188   0.2
  pes_8_22 (PE_39)                     6.17e-03    0.181 1.43e+03    0.188   0.2
  pes_7_22 (PE_40)                     6.74e-03    0.181 1.43e+03    0.190   0.2
  pes_6_22 (PE_41)                     7.44e-03    0.182 1.43e+03    0.191   0.2
  pes_5_22 (PE_42)                     8.38e-03    0.184 1.44e+03    0.193   0.2
  pes_4_22 (PE_43)                     9.60e-03    0.185 1.44e+03    0.196   0.2
  pes_3_22 (PE_44)                     1.11e-02    0.187 1.45e+03    0.200   0.2
  pes_2_22 (PE_45)                     1.31e-02    0.190 1.46e+03    0.204   0.2
  pes_1_22 (PE_46)                     1.56e-02    0.193 1.47e+03    0.210   0.2
  pes_0_22 (PE_47)                     1.93e-02    0.198 1.50e+03    0.219   0.2
  pes_23_21 (PE_48)                    2.81e-03    0.148 1.28e+03    0.152   0.1
  pes_22_21 (PE_49)                    3.74e-03    0.178 1.42e+03    0.183   0.2
  pes_21_21 (PE_50)                    3.77e-03    0.178 1.42e+03    0.183   0.2
  pes_20_21 (PE_51)                    3.80e-03    0.178 1.42e+03    0.183   0.2
  pes_19_21 (PE_52)                    3.87e-03    0.178 1.42e+03    0.183   0.2
  pes_18_21 (PE_53)                    3.91e-03    0.178 1.42e+03    0.183   0.2
  pes_17_21 (PE_54)                    3.99e-03    0.178 1.42e+03    0.184   0.2
  pes_16_21 (PE_55)                    4.07e-03    0.178 1.42e+03    0.184   0.2
  pes_15_21 (PE_56)                    4.16e-03    0.178 1.42e+03    0.184   0.2
  pes_14_21 (PE_57)                    4.28e-03    0.178 1.42e+03    0.184   0.2
  pes_13_21 (PE_58)                    4.43e-03    0.179 1.42e+03    0.185   0.2
  pes_12_21 (PE_59)                    4.62e-03    0.179 1.42e+03    0.185   0.2
  pes_11_21 (PE_60)                    4.84e-03    0.179 1.42e+03    0.185   0.2
  pes_10_21 (PE_61)                    5.13e-03    0.179 1.42e+03    0.186   0.2
  pes_9_21 (PE_62)                     5.54e-03    0.180 1.43e+03    0.187   0.2
  pes_8_21 (PE_63)                     6.00e-03    0.181 1.43e+03    0.188   0.2
  pes_7_21 (PE_64)                     6.65e-03    0.181 1.43e+03    0.189   0.2
  pes_6_21 (PE_65)                     7.39e-03    0.182 1.43e+03    0.191   0.2
  pes_5_21 (PE_66)                     8.24e-03    0.183 1.44e+03    0.193   0.2
  pes_4_21 (PE_67)                     9.50e-03    0.185 1.44e+03    0.196   0.2
  pes_3_21 (PE_68)                     1.10e-02    0.187 1.45e+03    0.199   0.2
  pes_2_21 (PE_69)                     1.30e-02    0.190 1.46e+03    0.204   0.2
  pes_1_21 (PE_70)                     1.55e-02    0.193 1.47e+03    0.210   0.2
  pes_0_21 (PE_71)                     1.93e-02    0.198 1.50e+03    0.219   0.2
  pes_23_20 (PE_72)                    2.77e-03    0.148 1.28e+03    0.152   0.1
  pes_22_20 (PE_73)                    3.70e-03    0.178 1.42e+03    0.183   0.2
  pes_21_20 (PE_74)                    3.72e-03    0.178 1.42e+03    0.183   0.2
  pes_20_20 (PE_75)                    3.76e-03    0.178 1.42e+03    0.183   0.2
  pes_19_20 (PE_76)                    3.79e-03    0.178 1.42e+03    0.183   0.2
  pes_18_20 (PE_77)                    3.84e-03    0.178 1.42e+03    0.183   0.2
  pes_17_20 (PE_78)                    3.91e-03    0.178 1.42e+03    0.183   0.2
  pes_16_20 (PE_79)                    4.02e-03    0.178 1.42e+03    0.184   0.2
  pes_15_20 (PE_80)                    4.14e-03    0.178 1.42e+03    0.184   0.2
  pes_14_20 (PE_81)                    4.25e-03    0.178 1.42e+03    0.184   0.2
  pes_13_20 (PE_82)                    4.39e-03    0.179 1.42e+03    0.184   0.2
  pes_12_20 (PE_83)                    4.62e-03    0.179 1.42e+03    0.185   0.2
  pes_11_20 (PE_84)                    4.86e-03    0.179 1.42e+03    0.185   0.2
  pes_10_20 (PE_85)                    5.13e-03    0.180 1.42e+03    0.186   0.2
  pes_9_20 (PE_86)                     5.47e-03    0.180 1.43e+03    0.187   0.2
  pes_8_20 (PE_87)                     5.93e-03    0.180 1.43e+03    0.188   0.2
  pes_7_20 (PE_88)                     6.55e-03    0.181 1.43e+03    0.189   0.2
  pes_6_20 (PE_89)                     7.32e-03    0.182 1.43e+03    0.191   0.2
  pes_5_20 (PE_90)                     8.43e-03    0.184 1.44e+03    0.193   0.2
  pes_4_20 (PE_91)                     9.62e-03    0.185 1.44e+03    0.196   0.2
  pes_3_20 (PE_92)                     1.11e-02    0.187 1.45e+03    0.200   0.2
  pes_2_20 (PE_93)                     1.31e-02    0.190 1.46e+03    0.204   0.2
  pes_1_20 (PE_94)                     1.55e-02    0.193 1.47e+03    0.210   0.2
  pes_0_20 (PE_95)                     1.92e-02    0.198 1.50e+03    0.219   0.2
  pes_23_19 (PE_96)                    2.79e-03    0.148 1.28e+03    0.152   0.1
  pes_22_19 (PE_97)                    3.69e-03    0.178 1.42e+03    0.183   0.2
  pes_21_19 (PE_98)                    3.72e-03    0.178 1.42e+03    0.183   0.2
  pes_20_19 (PE_99)                    3.76e-03    0.178 1.42e+03    0.183   0.2
  pes_19_19 (PE_100)                   3.82e-03    0.178 1.42e+03    0.183   0.2
  pes_18_19 (PE_101)                   3.88e-03    0.178 1.42e+03    0.183   0.2
  pes_17_19 (PE_102)                   3.93e-03    0.178 1.42e+03    0.183   0.2
  pes_16_19 (PE_103)                   4.00e-03    0.178 1.42e+03    0.184   0.2
  pes_15_19 (PE_104)                   4.12e-03    0.178 1.42e+03    0.184   0.2
  pes_14_19 (PE_105)                   4.26e-03    0.178 1.42e+03    0.184   0.2
  pes_13_19 (PE_106)                   4.42e-03    0.179 1.42e+03    0.185   0.2
  pes_12_19 (PE_107)                   4.65e-03    0.179 1.42e+03    0.185   0.2
  pes_11_19 (PE_108)                   4.89e-03    0.179 1.42e+03    0.186   0.2
  pes_10_19 (PE_109)                   5.16e-03    0.180 1.43e+03    0.186   0.2
  pes_9_19 (PE_110)                    5.53e-03    0.180 1.43e+03    0.187   0.2
  pes_8_19 (PE_111)                    6.00e-03    0.181 1.43e+03    0.188   0.2
  pes_7_19 (PE_112)                    6.67e-03    0.181 1.43e+03    0.190   0.2
  pes_6_19 (PE_113)                    7.41e-03    0.182 1.43e+03    0.191   0.2
  pes_5_19 (PE_114)                    8.35e-03    0.184 1.44e+03    0.193   0.2
  pes_4_19 (PE_115)                    9.53e-03    0.185 1.44e+03    0.196   0.2
  pes_3_19 (PE_116)                    1.11e-02    0.187 1.45e+03    0.200   0.2
  pes_2_19 (PE_117)                    1.31e-02    0.190 1.46e+03    0.204   0.2
  pes_1_19 (PE_118)                    1.54e-02    0.193 1.47e+03    0.210   0.2
  pes_0_19 (PE_119)                    1.90e-02    0.198 1.50e+03    0.218   0.2
  pes_23_18 (PE_120)                   2.76e-03    0.148 1.28e+03    0.152   0.1
  pes_22_18 (PE_121)                   3.68e-03    0.178 1.42e+03    0.183   0.2
  pes_21_18 (PE_122)                   3.72e-03    0.178 1.42e+03    0.183   0.2
  pes_20_18 (PE_123)                   3.76e-03    0.178 1.42e+03    0.183   0.2
  pes_19_18 (PE_124)                   3.81e-03    0.178 1.42e+03    0.183   0.2
  pes_18_18 (PE_125)                   3.88e-03    0.178 1.42e+03    0.183   0.2
  pes_17_18 (PE_126)                   3.96e-03    0.178 1.42e+03    0.184   0.2
  pes_16_18 (PE_127)                   4.02e-03    0.178 1.42e+03    0.184   0.2
  pes_15_18 (PE_128)                   4.11e-03    0.178 1.42e+03    0.184   0.2
  pes_14_18 (PE_129)                   4.23e-03    0.178 1.42e+03    0.184   0.2
  pes_13_18 (PE_130)                   4.39e-03    0.179 1.42e+03    0.184   0.2
  pes_12_18 (PE_131)                   4.63e-03    0.179 1.42e+03    0.185   0.2
  pes_11_18 (PE_132)                   4.88e-03    0.179 1.42e+03    0.186   0.2
  pes_10_18 (PE_133)                   5.17e-03    0.180 1.42e+03    0.186   0.2
  pes_9_18 (PE_134)                    5.62e-03    0.180 1.43e+03    0.187   0.2
  pes_8_18 (PE_135)                    6.14e-03    0.181 1.43e+03    0.188   0.2
  pes_7_18 (PE_136)                    6.76e-03    0.182 1.43e+03    0.190   0.2
  pes_6_18 (PE_137)                    7.60e-03    0.183 1.44e+03    0.192   0.2
  pes_5_18 (PE_138)                    8.63e-03    0.184 1.44e+03    0.194   0.2
  pes_4_18 (PE_139)                    9.84e-03    0.186 1.45e+03    0.197   0.2
  pes_3_18 (PE_140)                    1.13e-02    0.187 1.45e+03    0.200   0.2
  pes_2_18 (PE_141)                    1.33e-02    0.190 1.46e+03    0.205   0.2
  pes_1_18 (PE_142)                    1.56e-02    0.193 1.47e+03    0.210   0.2
  pes_0_18 (PE_143)                    1.94e-02    0.198 1.50e+03    0.219   0.2
  pes_23_17 (PE_144)                   2.81e-03    0.148 1.28e+03    0.152   0.1
  pes_22_17 (PE_145)                   3.79e-03    0.178 1.42e+03    0.183   0.2
  pes_21_17 (PE_146)                   3.80e-03    0.178 1.42e+03    0.183   0.2
  pes_20_17 (PE_147)                   3.83e-03    0.178 1.42e+03    0.183   0.2
  pes_19_17 (PE_148)                   3.87e-03    0.178 1.42e+03    0.183   0.2
  pes_18_17 (PE_149)                   3.94e-03    0.178 1.42e+03    0.183   0.2
  pes_17_17 (PE_150)                   4.01e-03    0.178 1.42e+03    0.184   0.2
  pes_16_17 (PE_151)                   4.09e-03    0.178 1.42e+03    0.184   0.2
  pes_15_17 (PE_152)                   4.21e-03    0.178 1.42e+03    0.184   0.2
  pes_14_17 (PE_153)                   4.31e-03    0.179 1.42e+03    0.184   0.2
  pes_13_17 (PE_154)                   4.46e-03    0.179 1.42e+03    0.185   0.2
  pes_12_17 (PE_155)                   4.66e-03    0.179 1.42e+03    0.185   0.2
  pes_11_17 (PE_156)                   4.92e-03    0.179 1.42e+03    0.186   0.2
  pes_10_17 (PE_157)                   5.21e-03    0.180 1.42e+03    0.186   0.2
  pes_9_17 (PE_158)                    5.59e-03    0.180 1.43e+03    0.187   0.2
  pes_8_17 (PE_159)                    6.10e-03    0.181 1.43e+03    0.188   0.2
  pes_7_17 (PE_160)                    6.72e-03    0.181 1.43e+03    0.190   0.2
  pes_6_17 (PE_161)                    7.46e-03    0.182 1.43e+03    0.191   0.2
  pes_5_17 (PE_162)                    8.54e-03    0.184 1.44e+03    0.194   0.2
  pes_4_17 (PE_163)                    9.80e-03    0.185 1.44e+03    0.197   0.2
  pes_3_17 (PE_164)                    1.14e-02    0.187 1.45e+03    0.200   0.2
  pes_2_17 (PE_165)                    1.35e-02    0.190 1.46e+03    0.205   0.2
  pes_1_17 (PE_166)                    1.60e-02    0.194 1.47e+03    0.211   0.2
  pes_0_17 (PE_167)                    1.97e-02    0.199 1.50e+03    0.220   0.2
  pes_23_16 (PE_168)                   2.75e-03    0.148 1.28e+03    0.152   0.1
  pes_22_16 (PE_169)                   3.68e-03    0.178 1.42e+03    0.183   0.2
  pes_21_16 (PE_170)                   3.70e-03    0.178 1.42e+03    0.183   0.2
  pes_20_16 (PE_171)                   3.74e-03    0.178 1.42e+03    0.183   0.2
  pes_19_16 (PE_172)                   3.77e-03    0.178 1.42e+03    0.183   0.2
  pes_18_16 (PE_173)                   3.83e-03    0.178 1.42e+03    0.183   0.2
  pes_17_16 (PE_174)                   3.91e-03    0.178 1.42e+03    0.183   0.2
  pes_16_16 (PE_175)                   4.02e-03    0.178 1.42e+03    0.184   0.2
  pes_15_16 (PE_176)                   4.12e-03    0.178 1.42e+03    0.184   0.2
  pes_14_16 (PE_177)                   4.23e-03    0.178 1.42e+03    0.184   0.2
  pes_13_16 (PE_178)                   4.42e-03    0.179 1.42e+03    0.184   0.2
  pes_12_16 (PE_179)                   4.66e-03    0.179 1.42e+03    0.185   0.2
  pes_11_16 (PE_180)                   4.92e-03    0.179 1.42e+03    0.186   0.2
  pes_10_16 (PE_181)                   5.23e-03    0.180 1.42e+03    0.186   0.2
  pes_9_16 (PE_182)                    5.63e-03    0.180 1.43e+03    0.187   0.2
  pes_8_16 (PE_183)                    6.04e-03    0.181 1.43e+03    0.188   0.2
  pes_7_16 (PE_184)                    6.67e-03    0.181 1.43e+03    0.190   0.2
  pes_6_16 (PE_185)                    7.41e-03    0.182 1.43e+03    0.191   0.2
  pes_5_16 (PE_186)                    8.28e-03    0.183 1.44e+03    0.193   0.2
  pes_4_16 (PE_187)                    9.56e-03    0.185 1.45e+03    0.196   0.2
  pes_3_16 (PE_188)                    1.12e-02    0.187 1.45e+03    0.200   0.2
  pes_2_16 (PE_189)                    1.32e-02    0.190 1.46e+03    0.205   0.2
  pes_1_16 (PE_190)                    1.58e-02    0.193 1.47e+03    0.211   0.2
  pes_0_16 (PE_191)                    1.93e-02    0.198 1.50e+03    0.219   0.2
  pes_23_15 (PE_192)                   2.80e-03    0.148 1.28e+03    0.152   0.1
  pes_22_15 (PE_193)                   3.75e-03    0.178 1.42e+03    0.183   0.2
  pes_21_15 (PE_194)                   3.79e-03    0.178 1.42e+03    0.183   0.2
  pes_20_15 (PE_195)                   3.86e-03    0.178 1.42e+03    0.183   0.2
  pes_19_15 (PE_196)                   3.92e-03    0.178 1.42e+03    0.183   0.2
  pes_18_15 (PE_197)                   4.00e-03    0.178 1.42e+03    0.184   0.2
  pes_17_15 (PE_198)                   4.06e-03    0.178 1.42e+03    0.184   0.2
  pes_16_15 (PE_199)                   4.14e-03    0.178 1.42e+03    0.184   0.2
  pes_15_15 (PE_200)                   4.27e-03    0.179 1.42e+03    0.184   0.2
  pes_14_15 (PE_201)                   4.38e-03    0.179 1.42e+03    0.184   0.2
  pes_13_15 (PE_202)                   4.53e-03    0.179 1.42e+03    0.185   0.2
  pes_12_15 (PE_203)                   4.69e-03    0.179 1.42e+03    0.185   0.2
  pes_11_15 (PE_204)                   4.90e-03    0.179 1.42e+03    0.186   0.2
  pes_10_15 (PE_205)                   5.19e-03    0.180 1.42e+03    0.186   0.2
  pes_9_15 (PE_206)                    5.56e-03    0.180 1.43e+03    0.187   0.2
  pes_8_15 (PE_207)                    6.02e-03    0.181 1.43e+03    0.188   0.2
  pes_7_15 (PE_208)                    6.67e-03    0.181 1.43e+03    0.189   0.2
  pes_6_15 (PE_209)                    7.39e-03    0.182 1.43e+03    0.191   0.2
  pes_5_15 (PE_210)                    8.35e-03    0.184 1.44e+03    0.193   0.2
  pes_4_15 (PE_211)                    9.48e-03    0.185 1.44e+03    0.196   0.2
  pes_3_15 (PE_212)                    1.10e-02    0.187 1.45e+03    0.199   0.2
  pes_2_15 (PE_213)                    1.29e-02    0.190 1.46e+03    0.204   0.2
  pes_1_15 (PE_214)                    1.53e-02    0.193 1.47e+03    0.209   0.2
  pes_0_15 (PE_215)                    1.92e-02    0.198 1.50e+03    0.219   0.2
  pes_23_14 (PE_216)                   2.81e-03    0.148 1.28e+03    0.152   0.1
  pes_22_14 (PE_217)                   3.74e-03    0.178 1.42e+03    0.183   0.2
  pes_21_14 (PE_218)                   3.77e-03    0.178 1.42e+03    0.183   0.2
  pes_20_14 (PE_219)                   3.80e-03    0.178 1.42e+03    0.183   0.2
  pes_19_14 (PE_220)                   3.83e-03    0.178 1.42e+03    0.183   0.2
  pes_18_14 (PE_221)                   3.88e-03    0.178 1.42e+03    0.183   0.2
  pes_17_14 (PE_222)                   3.91e-03    0.178 1.42e+03    0.183   0.2
  pes_16_14 (PE_223)                   3.98e-03    0.178 1.42e+03    0.184   0.2
  pes_15_14 (PE_224)                   4.09e-03    0.178 1.42e+03    0.184   0.2
  pes_14_14 (PE_225)                   4.21e-03    0.178 1.42e+03    0.184   0.2
  pes_13_14 (PE_226)                   4.38e-03    0.179 1.42e+03    0.184   0.2
  pes_12_14 (PE_227)                   4.55e-03    0.179 1.42e+03    0.185   0.2
  pes_11_14 (PE_228)                   4.81e-03    0.179 1.42e+03    0.185   0.2
  pes_10_14 (PE_229)                   5.09e-03    0.179 1.42e+03    0.186   0.2
  pes_9_14 (PE_230)                    5.42e-03    0.180 1.43e+03    0.187   0.2
  pes_8_14 (PE_231)                    5.85e-03    0.180 1.43e+03    0.188   0.2
  pes_7_14 (PE_232)                    6.47e-03    0.181 1.43e+03    0.189   0.2
  pes_6_14 (PE_233)                    7.21e-03    0.182 1.43e+03    0.191   0.2
  pes_5_14 (PE_234)                    8.22e-03    0.183 1.44e+03    0.193   0.2
  pes_4_14 (PE_235)                    9.39e-03    0.185 1.44e+03    0.196   0.2
  pes_3_14 (PE_236)                    1.09e-02    0.187 1.45e+03    0.199   0.2
  pes_2_14 (PE_237)                    1.27e-02    0.189 1.46e+03    0.203   0.2
  pes_1_14 (PE_238)                    1.52e-02    0.192 1.47e+03    0.209   0.2
  pes_0_14 (PE_239)                    1.87e-02    0.197 1.50e+03    0.218   0.2
  pes_23_13 (PE_240)                   2.77e-03    0.148 1.28e+03    0.152   0.1
  pes_22_13 (PE_241)                   3.71e-03    0.178 1.42e+03    0.183   0.2
  pes_21_13 (PE_242)                   3.73e-03    0.178 1.42e+03    0.183   0.2
  pes_20_13 (PE_243)                   3.74e-03    0.178 1.42e+03    0.183   0.2
  pes_19_13 (PE_244)                   3.77e-03    0.178 1.42e+03    0.183   0.2
  pes_18_13 (PE_245)                   3.80e-03    0.178 1.42e+03    0.183   0.2
  pes_17_13 (PE_246)                   3.85e-03    0.178 1.42e+03    0.183   0.2
  pes_16_13 (PE_247)                   3.93e-03    0.178 1.42e+03    0.183   0.2
  pes_15_13 (PE_248)                   4.06e-03    0.178 1.42e+03    0.184   0.2
  pes_14_13 (PE_249)                   4.21e-03    0.178 1.42e+03    0.184   0.2
  pes_13_13 (PE_250)                   4.42e-03    0.179 1.42e+03    0.185   0.2
  pes_12_13 (PE_251)                   4.59e-03    0.179 1.42e+03    0.185   0.2
  pes_11_13 (PE_252)                   4.85e-03    0.179 1.42e+03    0.185   0.2
  pes_10_13 (PE_253)                   5.12e-03    0.180 1.42e+03    0.186   0.2
  pes_9_13 (PE_254)                    5.59e-03    0.180 1.43e+03    0.187   0.2
  pes_8_13 (PE_255)                    6.04e-03    0.181 1.43e+03    0.188   0.2
  pes_7_13 (PE_256)                    6.74e-03    0.182 1.43e+03    0.190   0.2
  pes_6_13 (PE_257)                    7.55e-03    0.183 1.43e+03    0.192   0.2
  pes_5_13 (PE_258)                    8.51e-03    0.184 1.44e+03    0.194   0.2
  pes_4_13 (PE_259)                    9.67e-03    0.185 1.44e+03    0.196   0.2
  pes_3_13 (PE_260)                    1.13e-02    0.187 1.45e+03    0.200   0.2
  pes_2_13 (PE_261)                    1.32e-02    0.190 1.46e+03    0.204   0.2
  pes_1_13 (PE_262)                    1.57e-02    0.193 1.47e+03    0.210   0.2
  pes_0_13 (PE_263)                    1.93e-02    0.198 1.50e+03    0.219   0.2
  pes_23_12 (PE_264)                   2.82e-03    0.148 1.28e+03    0.152   0.1
  pes_22_12 (PE_265)                   3.74e-03    0.178 1.42e+03    0.183   0.2
  pes_21_12 (PE_266)                   3.77e-03    0.178 1.42e+03    0.183   0.2
  pes_20_12 (PE_267)                   3.80e-03    0.178 1.42e+03    0.183   0.2
  pes_19_12 (PE_268)                   3.83e-03    0.178 1.42e+03    0.183   0.2
  pes_18_12 (PE_269)                   3.89e-03    0.178 1.42e+03    0.183   0.2
  pes_17_12 (PE_270)                   3.94e-03    0.178 1.42e+03    0.183   0.2
  pes_16_12 (PE_271)                   4.02e-03    0.178 1.42e+03    0.184   0.2
  pes_15_12 (PE_272)                   4.11e-03    0.178 1.42e+03    0.184   0.2
  pes_14_12 (PE_273)                   4.20e-03    0.178 1.42e+03    0.184   0.2
  pes_13_12 (PE_274)                   4.36e-03    0.179 1.42e+03    0.184   0.2
  pes_12_12 (PE_275)                   4.52e-03    0.179 1.42e+03    0.185   0.2
  pes_11_12 (PE_276)                   4.76e-03    0.179 1.42e+03    0.185   0.2
  pes_10_12 (PE_277)                   5.04e-03    0.179 1.42e+03    0.186   0.2
  pes_9_12 (PE_278)                    5.44e-03    0.180 1.43e+03    0.187   0.2
  pes_8_12 (PE_279)                    5.86e-03    0.180 1.43e+03    0.188   0.2
  pes_7_12 (PE_280)                    6.43e-03    0.181 1.43e+03    0.189   0.2
  pes_6_12 (PE_281)                    7.12e-03    0.182 1.43e+03    0.191   0.2
  pes_5_12 (PE_282)                    8.08e-03    0.183 1.44e+03    0.193   0.2
  pes_4_12 (PE_283)                    9.34e-03    0.185 1.44e+03    0.196   0.2
  pes_3_12 (PE_284)                    1.10e-02    0.187 1.45e+03    0.199   0.2
  pes_2_12 (PE_285)                    1.31e-02    0.190 1.46e+03    0.204   0.2
  pes_1_12 (PE_286)                    1.56e-02    0.193 1.47e+03    0.210   0.2
  pes_0_12 (PE_287)                    1.93e-02    0.198 1.50e+03    0.219   0.2
  pes_23_11 (PE_288)                   2.82e-03    0.148 1.28e+03    0.152   0.1
  pes_22_11 (PE_289)                   3.78e-03    0.178 1.42e+03    0.183   0.2
  pes_21_11 (PE_290)                   3.80e-03    0.178 1.42e+03    0.183   0.2
  pes_20_11 (PE_291)                   3.83e-03    0.178 1.42e+03    0.183   0.2
  pes_19_11 (PE_292)                   3.87e-03    0.178 1.42e+03    0.183   0.2
  pes_18_11 (PE_293)                   3.89e-03    0.178 1.42e+03    0.183   0.2
  pes_17_11 (PE_294)                   3.96e-03    0.178 1.42e+03    0.183   0.2
  pes_16_11 (PE_295)                   4.07e-03    0.178 1.42e+03    0.184   0.2
  pes_15_11 (PE_296)                   4.16e-03    0.178 1.42e+03    0.184   0.2
  pes_14_11 (PE_297)                   4.27e-03    0.179 1.42e+03    0.184   0.2
  pes_13_11 (PE_298)                   4.43e-03    0.179 1.42e+03    0.185   0.2
  pes_12_11 (PE_299)                   4.62e-03    0.179 1.42e+03    0.185   0.2
  pes_11_11 (PE_300)                   4.88e-03    0.179 1.42e+03    0.186   0.2
  pes_10_11 (PE_301)                   5.19e-03    0.180 1.42e+03    0.186   0.2
  pes_9_11 (PE_302)                    5.65e-03    0.180 1.43e+03    0.187   0.2
  pes_8_11 (PE_303)                    6.18e-03    0.181 1.43e+03    0.188   0.2
  pes_7_11 (PE_304)                    6.81e-03    0.182 1.43e+03    0.190   0.2
  pes_6_11 (PE_305)                    7.56e-03    0.183 1.44e+03    0.192   0.2
  pes_5_11 (PE_306)                    8.50e-03    0.184 1.44e+03    0.194   0.2
  pes_4_11 (PE_307)                    9.74e-03    0.185 1.45e+03    0.197   0.2
  pes_3_11 (PE_308)                    1.14e-02    0.188 1.45e+03    0.200   0.2
  pes_2_11 (PE_309)                    1.34e-02    0.190 1.46e+03    0.205   0.2
  pes_1_11 (PE_310)                    1.58e-02    0.193 1.47e+03    0.211   0.2
  pes_0_11 (PE_311)                    1.94e-02    0.199 1.50e+03    0.219   0.2
  pes_23_10 (PE_312)                   2.72e-03    0.148 1.28e+03    0.152   0.1
  pes_22_10 (PE_313)                   3.65e-03    0.178 1.42e+03    0.183   0.2
  pes_21_10 (PE_314)                   3.66e-03    0.178 1.42e+03    0.183   0.2
  pes_20_10 (PE_315)                   3.68e-03    0.178 1.42e+03    0.183   0.2
  pes_19_10 (PE_316)                   3.71e-03    0.178 1.42e+03    0.183   0.2
  pes_18_10 (PE_317)                   3.75e-03    0.178 1.42e+03    0.183   0.2
  pes_17_10 (PE_318)                   3.81e-03    0.178 1.42e+03    0.183   0.2
  pes_16_10 (PE_319)                   3.91e-03    0.178 1.42e+03    0.183   0.2
  pes_15_10 (PE_320)                   4.00e-03    0.178 1.42e+03    0.184   0.2
  pes_14_10 (PE_321)                   4.09e-03    0.178 1.42e+03    0.184   0.2
  pes_13_10 (PE_322)                   4.25e-03    0.179 1.42e+03    0.184   0.2
  pes_12_10 (PE_323)                   4.42e-03    0.179 1.42e+03    0.185   0.2
  pes_11_10 (PE_324)                   4.72e-03    0.179 1.42e+03    0.185   0.2
  pes_10_10 (PE_325)                   5.00e-03    0.179 1.42e+03    0.186   0.2
  pes_9_10 (PE_326)                    5.45e-03    0.180 1.43e+03    0.187   0.2
  pes_8_10 (PE_327)                    5.95e-03    0.181 1.43e+03    0.188   0.2
  pes_7_10 (PE_328)                    6.52e-03    0.181 1.43e+03    0.189   0.2
  pes_6_10 (PE_329)                    7.24e-03    0.182 1.43e+03    0.191   0.2
  pes_5_10 (PE_330)                    8.21e-03    0.183 1.44e+03    0.193   0.2
  pes_4_10 (PE_331)                    9.45e-03    0.185 1.44e+03    0.196   0.2
  pes_3_10 (PE_332)                    1.10e-02    0.187 1.45e+03    0.200   0.2
  pes_2_10 (PE_333)                    1.30e-02    0.190 1.46e+03    0.204   0.2
  pes_1_10 (PE_334)                    1.55e-02    0.193 1.47e+03    0.210   0.2
  pes_0_10 (PE_335)                    1.90e-02    0.198 1.50e+03    0.218   0.2
  pes_23_9 (PE_336)                    2.88e-03    0.148 1.28e+03    0.152   0.1
  pes_22_9 (PE_337)                    3.82e-03    0.178 1.42e+03    0.183   0.2
  pes_21_9 (PE_338)                    3.85e-03    0.178 1.42e+03    0.183   0.2
  pes_20_9 (PE_339)                    3.89e-03    0.178 1.42e+03    0.183   0.2
  pes_19_9 (PE_340)                    3.93e-03    0.178 1.42e+03    0.183   0.2
  pes_18_9 (PE_341)                    3.97e-03    0.178 1.42e+03    0.183   0.2
  pes_17_9 (PE_342)                    4.02e-03    0.178 1.42e+03    0.184   0.2
  pes_16_9 (PE_343)                    4.11e-03    0.178 1.42e+03    0.184   0.2
  pes_15_9 (PE_344)                    4.24e-03    0.178 1.42e+03    0.184   0.2
  pes_14_9 (PE_345)                    4.33e-03    0.179 1.42e+03    0.184   0.2
  pes_13_9 (PE_346)                    4.49e-03    0.179 1.42e+03    0.185   0.2
  pes_12_9 (PE_347)                    4.68e-03    0.179 1.42e+03    0.185   0.2
  pes_11_9 (PE_348)                    4.93e-03    0.179 1.42e+03    0.186   0.2
  pes_10_9 (PE_349)                    5.22e-03    0.180 1.42e+03    0.186   0.2
  pes_9_9 (PE_350)                     5.62e-03    0.180 1.42e+03    0.187   0.2
  pes_8_9 (PE_351)                     6.07e-03    0.181 1.43e+03    0.188   0.2
  pes_7_9 (PE_352)                     6.76e-03    0.182 1.43e+03    0.190   0.2
  pes_6_9 (PE_353)                     7.51e-03    0.182 1.43e+03    0.191   0.2
  pes_5_9 (PE_354)                     8.46e-03    0.184 1.44e+03    0.194   0.2
  pes_4_9 (PE_355)                     9.63e-03    0.185 1.44e+03    0.196   0.2
  pes_3_9 (PE_356)                     1.12e-02    0.187 1.45e+03    0.200   0.2
  pes_2_9 (PE_357)                     1.33e-02    0.190 1.46e+03    0.205   0.2
  pes_1_9 (PE_358)                     1.59e-02    0.193 1.47e+03    0.211   0.2
  pes_0_9 (PE_359)                     1.94e-02    0.198 1.50e+03    0.219   0.2
  pes_23_8 (PE_360)                    2.82e-03    0.148 1.28e+03    0.152   0.1
  pes_22_8 (PE_361)                    3.77e-03    0.178 1.42e+03    0.183   0.2
  pes_21_8 (PE_362)                    3.80e-03    0.178 1.42e+03    0.183   0.2
  pes_20_8 (PE_363)                    3.82e-03    0.178 1.42e+03    0.183   0.2
  pes_19_8 (PE_364)                    3.84e-03    0.178 1.42e+03    0.183   0.2
  pes_18_8 (PE_365)                    3.88e-03    0.178 1.42e+03    0.183   0.2
  pes_17_8 (PE_366)                    3.96e-03    0.178 1.42e+03    0.183   0.2
  pes_16_8 (PE_367)                    4.05e-03    0.178 1.42e+03    0.184   0.2
  pes_15_8 (PE_368)                    4.16e-03    0.178 1.42e+03    0.184   0.2
  pes_14_8 (PE_369)                    4.33e-03    0.179 1.42e+03    0.184   0.2
  pes_13_8 (PE_370)                    4.51e-03    0.179 1.42e+03    0.185   0.2
  pes_12_8 (PE_371)                    4.70e-03    0.179 1.42e+03    0.185   0.2
  pes_11_8 (PE_372)                    4.97e-03    0.179 1.42e+03    0.186   0.2
  pes_10_8 (PE_373)                    5.30e-03    0.180 1.42e+03    0.186   0.2
  pes_9_8 (PE_374)                     5.69e-03    0.180 1.43e+03    0.187   0.2
  pes_8_8 (PE_375)                     6.11e-03    0.181 1.43e+03    0.188   0.2
  pes_7_8 (PE_376)                     6.72e-03    0.182 1.43e+03    0.190   0.2
  pes_6_8 (PE_377)                     7.41e-03    0.182 1.43e+03    0.191   0.2
  pes_5_8 (PE_378)                     8.42e-03    0.184 1.44e+03    0.193   0.2
  pes_4_8 (PE_379)                     9.71e-03    0.185 1.44e+03    0.196   0.2
  pes_3_8 (PE_380)                     1.12e-02    0.187 1.45e+03    0.200   0.2
  pes_2_8 (PE_381)                     1.32e-02    0.190 1.46e+03    0.204   0.2
  pes_1_8 (PE_382)                     1.58e-02    0.193 1.47e+03    0.211   0.2
  pes_0_8 (PE_383)                     1.94e-02    0.198 1.50e+03    0.219   0.2
  pes_23_7 (PE_384)                    2.91e-03    0.148 1.28e+03    0.152   0.1
  pes_22_7 (PE_385)                    3.88e-03    0.178 1.42e+03    0.183   0.2
  pes_21_7 (PE_386)                    3.92e-03    0.178 1.42e+03    0.183   0.2
  pes_20_7 (PE_387)                    3.95e-03    0.178 1.42e+03    0.183   0.2
  pes_19_7 (PE_388)                    3.99e-03    0.178 1.42e+03    0.184   0.2
  pes_18_7 (PE_389)                    4.04e-03    0.178 1.42e+03    0.184   0.2
  pes_17_7 (PE_390)                    4.15e-03    0.178 1.42e+03    0.184   0.2
  pes_16_7 (PE_391)                    4.28e-03    0.178 1.42e+03    0.184   0.2
  pes_15_7 (PE_392)                    4.41e-03    0.179 1.42e+03    0.184   0.2
  pes_14_7 (PE_393)                    4.54e-03    0.179 1.42e+03    0.185   0.2
  pes_13_7 (PE_394)                    4.70e-03    0.179 1.42e+03    0.185   0.2
  pes_12_7 (PE_395)                    4.90e-03    0.179 1.42e+03    0.186   0.2
  pes_11_7 (PE_396)                    5.12e-03    0.180 1.42e+03    0.186   0.2
  pes_10_7 (PE_397)                    5.45e-03    0.180 1.43e+03    0.187   0.2
  pes_9_7 (PE_398)                     5.81e-03    0.180 1.43e+03    0.188   0.2
  pes_8_7 (PE_399)                     6.33e-03    0.181 1.43e+03    0.189   0.2
  pes_7_7 (PE_400)                     6.92e-03    0.182 1.43e+03    0.190   0.2
  pes_6_7 (PE_401)                     7.62e-03    0.183 1.44e+03    0.192   0.2
  pes_5_7 (PE_402)                     8.63e-03    0.184 1.44e+03    0.194   0.2
  pes_4_7 (PE_403)                     9.85e-03    0.186 1.44e+03    0.197   0.2
  pes_3_7 (PE_404)                     1.15e-02    0.188 1.45e+03    0.200   0.2
  pes_2_7 (PE_405)                     1.33e-02    0.190 1.46e+03    0.205   0.2
  pes_1_7 (PE_406)                     1.59e-02    0.193 1.47e+03    0.211   0.2
  pes_0_7 (PE_407)                     1.95e-02    0.198 1.50e+03    0.219   0.2
  pes_23_6 (PE_408)                    2.89e-03    0.148 1.28e+03    0.152   0.1
  pes_22_6 (PE_409)                    3.83e-03    0.178 1.42e+03    0.183   0.2
  pes_21_6 (PE_410)                    3.88e-03    0.178 1.42e+03    0.183   0.2
  pes_20_6 (PE_411)                    3.93e-03    0.178 1.42e+03    0.183   0.2
  pes_19_6 (PE_412)                    4.00e-03    0.178 1.42e+03    0.184   0.2
  pes_18_6 (PE_413)                    4.08e-03    0.178 1.42e+03    0.184   0.2
  pes_17_6 (PE_414)                    4.18e-03    0.178 1.42e+03    0.184   0.2
  pes_16_6 (PE_415)                    4.30e-03    0.179 1.42e+03    0.184   0.2
  pes_15_6 (PE_416)                    4.41e-03    0.179 1.42e+03    0.185   0.2
  pes_14_6 (PE_417)                    4.57e-03    0.179 1.42e+03    0.185   0.2
  pes_13_6 (PE_418)                    4.76e-03    0.179 1.42e+03    0.185   0.2
  pes_12_6 (PE_419)                    4.94e-03    0.179 1.42e+03    0.186   0.2
  pes_11_6 (PE_420)                    5.15e-03    0.180 1.42e+03    0.186   0.2
  pes_10_6 (PE_421)                    5.44e-03    0.180 1.42e+03    0.187   0.2
  pes_9_6 (PE_422)                     5.81e-03    0.180 1.43e+03    0.188   0.2
  pes_8_6 (PE_423)                     6.32e-03    0.181 1.43e+03    0.189   0.2
  pes_7_6 (PE_424)                     6.88e-03    0.182 1.43e+03    0.190   0.2
  pes_6_6 (PE_425)                     7.60e-03    0.183 1.43e+03    0.192   0.2
  pes_5_6 (PE_426)                     8.52e-03    0.184 1.44e+03    0.194   0.2
  pes_4_6 (PE_427)                     9.77e-03    0.185 1.44e+03    0.197   0.2
  pes_3_6 (PE_428)                     1.13e-02    0.187 1.45e+03    0.200   0.2
  pes_2_6 (PE_429)                     1.33e-02    0.190 1.46e+03    0.205   0.2
  pes_1_6 (PE_430)                     1.58e-02    0.193 1.47e+03    0.210   0.2
  pes_0_6 (PE_431)                     1.95e-02    0.198 1.50e+03    0.219   0.2
  pes_23_5 (PE_432)                    2.95e-03    0.148 1.28e+03    0.153   0.1
  pes_22_5 (PE_433)                    3.89e-03    0.178 1.42e+03    0.183   0.2
  pes_21_5 (PE_434)                    3.92e-03    0.178 1.42e+03    0.183   0.2
  pes_20_5 (PE_435)                    3.98e-03    0.178 1.42e+03    0.184   0.2
  pes_19_5 (PE_436)                    4.05e-03    0.178 1.42e+03    0.184   0.2
  pes_18_5 (PE_437)                    4.13e-03    0.178 1.42e+03    0.184   0.2
  pes_17_5 (PE_438)                    4.18e-03    0.178 1.42e+03    0.184   0.2
  pes_16_5 (PE_439)                    4.27e-03    0.178 1.42e+03    0.184   0.2
  pes_15_5 (PE_440)                    4.39e-03    0.179 1.42e+03    0.184   0.2
  pes_14_5 (PE_441)                    4.54e-03    0.179 1.42e+03    0.185   0.2
  pes_13_5 (PE_442)                    4.71e-03    0.179 1.42e+03    0.185   0.2
  pes_12_5 (PE_443)                    4.89e-03    0.179 1.42e+03    0.186   0.2
  pes_11_5 (PE_444)                    5.17e-03    0.180 1.42e+03    0.186   0.2
  pes_10_5 (PE_445)                    5.53e-03    0.180 1.42e+03    0.187   0.2
  pes_9_5 (PE_446)                     5.98e-03    0.181 1.43e+03    0.188   0.2
  pes_8_5 (PE_447)                     6.56e-03    0.181 1.43e+03    0.189   0.2
  pes_7_5 (PE_448)                     7.20e-03    0.182 1.43e+03    0.191   0.2
  pes_6_5 (PE_449)                     8.05e-03    0.183 1.44e+03    0.193   0.2
  pes_5_5 (PE_450)                     9.12e-03    0.185 1.44e+03    0.195   0.2
  pes_4_5 (PE_451)                     1.04e-02    0.186 1.45e+03    0.198   0.2
  pes_3_5 (PE_452)                     1.20e-02    0.188 1.45e+03    0.202   0.2
  pes_2_5 (PE_453)                     1.39e-02    0.191 1.46e+03    0.206   0.2
  pes_1_5 (PE_454)                     1.62e-02    0.194 1.47e+03    0.211   0.2
  pes_0_5 (PE_455)                     1.97e-02    0.198 1.50e+03    0.220   0.2
  pes_23_4 (PE_456)                    3.17e-03    0.149 1.28e+03    0.153   0.1
  pes_22_4 (PE_457)                    4.06e-03    0.178 1.42e+03    0.184   0.2
  pes_21_4 (PE_458)                    4.10e-03    0.178 1.42e+03    0.184   0.2
  pes_20_4 (PE_459)                    4.14e-03    0.179 1.42e+03    0.184   0.2
  pes_19_4 (PE_460)                    4.18e-03    0.179 1.42e+03    0.184   0.2
  pes_18_4 (PE_461)                    4.26e-03    0.179 1.42e+03    0.184   0.2
  pes_17_4 (PE_462)                    4.32e-03    0.179 1.42e+03    0.184   0.2
  pes_16_4 (PE_463)                    4.41e-03    0.179 1.42e+03    0.185   0.2
  pes_15_4 (PE_464)                    4.51e-03    0.179 1.42e+03    0.185   0.2
  pes_14_4 (PE_465)                    4.62e-03    0.179 1.42e+03    0.185   0.2
  pes_13_4 (PE_466)                    4.73e-03    0.179 1.42e+03    0.185   0.2
  pes_12_4 (PE_467)                    4.86e-03    0.179 1.42e+03    0.186   0.2
  pes_11_4 (PE_468)                    5.08e-03    0.180 1.42e+03    0.186   0.2
  pes_10_4 (PE_469)                    5.33e-03    0.180 1.42e+03    0.187   0.2
  pes_9_4 (PE_470)                     5.68e-03    0.180 1.42e+03    0.187   0.2
  pes_8_4 (PE_471)                     6.18e-03    0.181 1.43e+03    0.189   0.2
  pes_7_4 (PE_472)                     6.74e-03    0.182 1.43e+03    0.190   0.2
  pes_6_4 (PE_473)                     7.53e-03    0.183 1.43e+03    0.192   0.2
  pes_5_4 (PE_474)                     8.45e-03    0.184 1.44e+03    0.194   0.2
  pes_4_4 (PE_475)                     9.69e-03    0.185 1.44e+03    0.197   0.2
  pes_3_4 (PE_476)                     1.12e-02    0.187 1.45e+03    0.200   0.2
  pes_2_4 (PE_477)                     1.32e-02    0.190 1.46e+03    0.205   0.2
  pes_1_4 (PE_478)                     1.55e-02    0.193 1.47e+03    0.210   0.2
  pes_0_4 (PE_479)                     1.92e-02    0.198 1.50e+03    0.219   0.2
  pes_23_3 (PE_480)                    3.69e-03    0.149 1.28e+03    0.154   0.1
  pes_22_3 (PE_481)                    4.61e-03    0.179 1.42e+03    0.185   0.2
  pes_21_3 (PE_482)                    4.64e-03    0.179 1.42e+03    0.185   0.2
  pes_20_3 (PE_483)                    4.69e-03    0.179 1.42e+03    0.185   0.2
  pes_19_3 (PE_484)                    4.70e-03    0.179 1.42e+03    0.185   0.2
  pes_18_3 (PE_485)                    4.73e-03    0.179 1.42e+03    0.185   0.2
  pes_17_3 (PE_486)                    4.79e-03    0.179 1.42e+03    0.186   0.2
  pes_16_3 (PE_487)                    4.86e-03    0.179 1.42e+03    0.186   0.2
  pes_15_3 (PE_488)                    4.96e-03    0.180 1.42e+03    0.186   0.2
  pes_14_3 (PE_489)                    5.10e-03    0.180 1.42e+03    0.186   0.2
  pes_13_3 (PE_490)                    5.25e-03    0.180 1.42e+03    0.187   0.2
  pes_12_3 (PE_491)                    5.44e-03    0.180 1.42e+03    0.187   0.2
  pes_11_3 (PE_492)                    5.70e-03    0.180 1.42e+03    0.188   0.2
  pes_10_3 (PE_493)                    5.96e-03    0.181 1.43e+03    0.188   0.2
  pes_9_3 (PE_494)                     6.34e-03    0.181 1.43e+03    0.189   0.2
  pes_8_3 (PE_495)                     6.79e-03    0.182 1.43e+03    0.190   0.2
  pes_7_3 (PE_496)                     7.34e-03    0.182 1.43e+03    0.191   0.2
  pes_6_3 (PE_497)                     8.07e-03    0.183 1.44e+03    0.193   0.2
  pes_5_3 (PE_498)                     9.00e-03    0.185 1.44e+03    0.195   0.2
  pes_4_3 (PE_499)                     1.01e-02    0.186 1.44e+03    0.198   0.2
  pes_3_3 (PE_500)                     1.16e-02    0.188 1.45e+03    0.201   0.2
  pes_2_3 (PE_501)                     1.35e-02    0.190 1.46e+03    0.205   0.2
  pes_1_3 (PE_502)                     1.61e-02    0.194 1.47e+03    0.211   0.2
  pes_0_3 (PE_503)                     1.97e-02    0.199 1.50e+03    0.220   0.2
  pes_23_2 (PE_504)                    4.77e-03    0.151 1.28e+03    0.157   0.1
  pes_22_2 (PE_505)                    5.68e-03    0.181 1.42e+03    0.188   0.2
  pes_21_2 (PE_506)                    5.74e-03    0.181 1.42e+03    0.188   0.2
  pes_20_2 (PE_507)                    5.81e-03    0.181 1.42e+03    0.188   0.2
  pes_19_2 (PE_508)                    5.84e-03    0.181 1.42e+03    0.188   0.2
  pes_18_2 (PE_509)                    5.90e-03    0.181 1.42e+03    0.188   0.2
  pes_17_2 (PE_510)                    5.96e-03    0.181 1.42e+03    0.188   0.2
  pes_16_2 (PE_511)                    6.04e-03    0.181 1.42e+03    0.189   0.2
  pes_15_2 (PE_512)                    6.13e-03    0.181 1.42e+03    0.189   0.2
  pes_14_2 (PE_513)                    6.23e-03    0.181 1.42e+03    0.189   0.2
  pes_13_2 (PE_514)                    6.36e-03    0.182 1.42e+03    0.189   0.2
  pes_12_2 (PE_515)                    6.55e-03    0.182 1.43e+03    0.190   0.2
  pes_11_2 (PE_516)                    6.79e-03    0.182 1.43e+03    0.190   0.2
  pes_10_2 (PE_517)                    7.03e-03    0.182 1.43e+03    0.191   0.2
  pes_9_2 (PE_518)                     7.36e-03    0.183 1.43e+03    0.192   0.2
  pes_8_2 (PE_519)                     7.80e-03    0.183 1.43e+03    0.193   0.2
  pes_7_2 (PE_520)                     8.38e-03    0.184 1.43e+03    0.194   0.2
  pes_6_2 (PE_521)                     9.12e-03    0.185 1.44e+03    0.195   0.2
  pes_5_2 (PE_522)                     1.01e-02    0.186 1.44e+03    0.198   0.2
  pes_4_2 (PE_523)                     1.12e-02    0.188 1.45e+03    0.200   0.2
  pes_3_2 (PE_524)                     1.27e-02    0.189 1.45e+03    0.204   0.2
  pes_2_2 (PE_525)                     1.46e-02    0.192 1.46e+03    0.208   0.2
  pes_1_2 (PE_526)                     1.71e-02    0.195 1.47e+03    0.214   0.2
  pes_0_2 (PE_527)                     2.08e-02    0.200 1.50e+03    0.223   0.2
  pes_23_1 (PE_528)                    7.78e-03    0.155 1.29e+03    0.165   0.1
  pes_22_1 (PE_529)                    8.68e-03    0.185 1.43e+03    0.195   0.2
  pes_21_1 (PE_530)                    8.75e-03    0.185 1.43e+03    0.195   0.2
  pes_20_1 (PE_531)                    8.80e-03    0.185 1.43e+03    0.196   0.2
  pes_19_1 (PE_532)                    8.83e-03    0.185 1.43e+03    0.196   0.2
  pes_18_1 (PE_533)                    8.89e-03    0.185 1.43e+03    0.196   0.2
  pes_17_1 (PE_534)                    8.89e-03    0.185 1.43e+03    0.196   0.2
  pes_16_1 (PE_535)                    8.96e-03    0.186 1.43e+03    0.196   0.2
  pes_15_1 (PE_536)                    9.08e-03    0.186 1.43e+03    0.196   0.2
  pes_14_1 (PE_537)                    9.16e-03    0.186 1.43e+03    0.196   0.2
  pes_13_1 (PE_538)                    9.33e-03    0.186 1.43e+03    0.197   0.2
  pes_12_1 (PE_539)                    9.46e-03    0.186 1.43e+03    0.197   0.2
  pes_11_1 (PE_540)                    9.75e-03    0.186 1.43e+03    0.198   0.2
  pes_10_1 (PE_541)                    1.00e-02    0.187 1.43e+03    0.198   0.2
  pes_9_1 (PE_542)                     1.04e-02    0.187 1.44e+03    0.199   0.2
  pes_8_1 (PE_543)                     1.09e-02    0.188 1.44e+03    0.200   0.2
  pes_7_1 (PE_544)                     1.15e-02    0.189 1.44e+03    0.202   0.2
  pes_6_1 (PE_545)                     1.23e-02    0.190 1.44e+03    0.203   0.2
  pes_5_1 (PE_546)                     1.32e-02    0.191 1.45e+03    0.205   0.2
  pes_4_1 (PE_547)                     1.44e-02    0.192 1.45e+03    0.208   0.2
  pes_3_1 (PE_548)                     1.57e-02    0.194 1.46e+03    0.211   0.2
  pes_2_1 (PE_549)                     1.76e-02    0.196 1.46e+03    0.215   0.2
  pes_1_1 (PE_550)                     1.97e-02    0.199 1.47e+03    0.220   0.2
  pes_0_1 (PE_551)                     2.30e-02    0.203 1.50e+03    0.228   0.2
  pes_23 (PE_552)                      1.78e-02    0.171 1.31e+03    0.190   0.2
  pes_22 (PE_553)                      1.87e-02    0.200 1.45e+03    0.220   0.2
  pes_21 (PE_554)                      1.87e-02    0.200 1.45e+03    0.221   0.2
  pes_20 (PE_555)                      1.89e-02    0.201 1.45e+03    0.221   0.2
  pes_19 (PE_556)                      1.88e-02    0.201 1.45e+03    0.221   0.2
  pes_18 (PE_557)                      1.88e-02    0.201 1.45e+03    0.221   0.2
  pes_17 (PE_558)                      1.88e-02    0.200 1.45e+03    0.221   0.2
  pes_16 (PE_559)                      1.89e-02    0.201 1.45e+03    0.221   0.2
  pes_15 (PE_560)                      1.91e-02    0.201 1.45e+03    0.221   0.2
  pes_14 (PE_561)                      1.92e-02    0.201 1.45e+03    0.222   0.2
  pes_13 (PE_562)                      1.93e-02    0.201 1.45e+03    0.222   0.2
  pes_12 (PE_563)                      1.95e-02    0.201 1.45e+03    0.222   0.2
  pes_11 (PE_564)                      1.98e-02    0.202 1.45e+03    0.223   0.2
  pes_10 (PE_565)                      2.01e-02    0.202 1.45e+03    0.224   0.2
  pes_9 (PE_566)                       2.04e-02    0.202 1.46e+03    0.224   0.2
  pes_8 (PE_567)                       2.08e-02    0.203 1.46e+03    0.225   0.2
  pes_7 (PE_568)                       2.14e-02    0.204 1.46e+03    0.226   0.2
  pes_6 (PE_569)                       2.21e-02    0.205 1.46e+03    0.228   0.2
  pes_5 (PE_570)                       2.30e-02    0.206 1.47e+03    0.230   0.2
  pes_4 (PE_571)                       2.40e-02    0.207 1.47e+03    0.232   0.2
  pes_3 (PE_572)                       2.53e-02    0.208 1.47e+03    0.235   0.2
  pes_2 (PE_573)                       2.70e-02    0.211 1.48e+03    0.239   0.2
  pes_1 (PE_574)                       2.92e-02    0.214 1.49e+03    0.244   0.2
  pes_0 (PE_575)                       3.26e-02    0.218 1.52e+03    0.253   0.2
1
