Information: Updating design information... (UID-85)
Warning: Design 'OneSaArray' contains 1 high-fanout nets. A fanout number of 1000 will be used for delay calculations involving these nets. (TIM-134)
 
****************************************
Report : timing
        -path full
        -delay max
        -nets
        -max_paths 1
        -transition_time
Design : OneSaArray
Version: V-2023.12
Date   : Mon Apr  6 07:01:14 2026
****************************************

 # A fanout number of 1000 was used for high fanout net computations.

Operating Conditions: ffg0p99v0c   Library: tcbn28hpcplusbwp30p140ffg0p99v0c_ccs
Wire Load Model Mode: segmented

  Startpoint: mesh/pes_3_3/regPsum_bits_reg[14]
              (rising edge-triggered flip-flop clocked by ideal_clock1)
  Endpoint: mesh/pes_4_3/regPsum_bits_reg[0]
            (rising edge-triggered flip-flop clocked by ideal_clock1)
  Path Group: ideal_clock1
  Path Type: max

  Des/Clust/Port     Wire Load Model       Library
  ------------------------------------------------
  OneSaArray         ZeroWireload          tcbn28hpcplusbwp30p140ffg0p99v0c_ccs
  OneSaMesh          ZeroWireload          tcbn28hpcplusbwp30p140ffg0p99v0c_ccs

Attributes:
    d - dont_touch
    u - dont_use
   mo - map_only
   so - size_only
    i - ideal_net or ideal_network
  inf - infeasible path

  Point                                                    Fanout     Trans      Incr       Path      Attributes
  ----------------------------------------------------------------------------------------------------------------------
  clock ideal_clock1 (rise edge)                                                 0.00       0.00
  clock network delay (ideal)                                                    0.00       0.00
  mesh/pes_3_3/regPsum_bits_reg[14]/CP (DFQD1BWP30P140)                0.00      0.00 #     0.00 r
  mesh/pes_3_3/regPsum_bits_reg[14]/Q (DFQD1BWP30P140)                 0.02      0.04       0.04 f
  mesh/_pes_3_3_io_psumOut_bits[14] (net)                    4                   0.00       0.04 f
  mesh/U68537/ZN (NR3D1BWP30P140)                                      0.01      0.01       0.05 r
  mesh/n38728 (net)                                          1                   0.00       0.05 r
  mesh/U68539/Z (AN2D2BWP30P140)                                       0.02      0.02       0.08 r
  mesh/n210366 (net)                                        13                   0.00       0.08 r
  mesh/U68540/ZN (INVD1BWP30P140)                                      0.01      0.01       0.09 f
  mesh/n38745 (net)                                          4                   0.00       0.09 f
  mesh/U68557/Z (CKAN2D1BWP30P140)                                     0.01      0.02       0.10 f
  mesh/n38771 (net)                                          3                   0.00       0.10 f
  mesh/U68558/ZN (INVD1BWP30P140)                                      0.01      0.01       0.11 r
  mesh/n38741 (net)                                          2                   0.00       0.11 r
  mesh/U68561/Z (OR2D1BWP30P140)                                       0.01      0.01       0.12 r
  mesh/n38742 (net)                                          1                   0.00       0.12 r
  mesh/U68562/ZN (AOI21D1BWP30P140)                                    0.01      0.01       0.13 f
  mesh/n38752 (net)                                          1                   0.00       0.13 f
  mesh/U68568/ZN (OAI21D1BWP30P140)                                    0.01      0.01       0.14 r
  mesh/n38754 (net)                                          1                   0.00       0.14 r
  mesh/U33543/ZN (AOI21D1BWP30P140)                                    0.02      0.01       0.15 f
  mesh/n38761 (net)                                          1                   0.00       0.15 f
  mesh/U68573/Z (OA21D8BWP30P140)                                      0.02      0.03       0.18 f
  mesh/n210361 (net)                                        36                   0.00       0.18 f
  mesh/U68580/Z (MUX2OPTD2BWP30P140)                                   0.01      0.03       0.20 r
  mesh/n209790 (net)                                         4                   0.00       0.20 r
  mesh/U68581/Z (OR2D1BWP30P140)                                       0.01      0.02       0.22 r
  mesh/n38780 (net)                                          1                   0.00       0.22 r
  mesh/U68589/CO (FA1OPTCD2BWP30P140)                                  0.01      0.01       0.23 r
  mesh/n38778 (net)                                          1                   0.00       0.23 r
  mesh/U26662/CO (FA1D2BWP30P140)                                      0.01      0.02       0.25 r
  mesh/n38777 (net)                                          1                   0.00       0.25 r
  mesh/U68584/CO (FA1OPTCD2BWP30P140)                                  0.01      0.01       0.27 r
  mesh/n38776 (net)                                          1                   0.00       0.27 r
  mesh/U24621/S (FA1D1BWP30P140)                                       0.02      0.04       0.31 f
  mesh/n38920 (net)                                          5                   0.00       0.31 f
  mesh/U68583/ZN (NR2D2BWP30P140)                                      0.02      0.02       0.32 r
  mesh/n38882 (net)                                          6                   0.00       0.32 r
  mesh/U1830/Z (AN2D2BWP30P140)                                        0.01      0.02       0.34 r
  mesh/n38922 (net)                                          5                   0.00       0.34 r
  mesh/U16570/ZN (INVD3BWP30P140)                                      0.01      0.01       0.35 f
  mesh/n38998 (net)                                         10                   0.00       0.35 f
  mesh/U2652/ZN (OAI22D0BWP30P140)                                     0.03      0.01       0.37 r
  mesh/n38938 (net)                                          1                   0.00       0.37 r
  mesh/U16272/Z (XOR2UD0BWP30P140)                                     0.04      0.01       0.38 f
  mesh/n38965 (net)                                          2                   0.00       0.38 f
  mesh/U15961/ZN (NR2D1BWP30P140)                                      0.02      0.02       0.40 r
  mesh/n111919 (net)                                         3                   0.00       0.40 r
  mesh/U68803/ZN (OAI21D1BWP30P140)                                    0.01      0.01       0.41 f
  mesh/n111926 (net)                                         2                   0.00       0.41 f
  mesh/U68806/ZN (AOI21D1BWP30P140)                                    0.01      0.01       0.42 r
  mesh/n111913 (net)                                         2                   0.00       0.42 r
  mesh/U68813/ZN (OAI21D1BWP30P140)                                    0.01      0.01       0.43 f
  mesh/n38981 (net)                                          1                   0.00       0.43 f
  mesh/U68814/ZN (AOI21D1BWP30P140)                                    0.02      0.02       0.45 r
  mesh/n160036 (net)                                         2                   0.00       0.45 r
  mesh/U68819/ZN (OAI21D1BWP30P140)                                    0.02      0.02       0.46 f
  mesh/n209763 (net)                                         2                   0.00       0.46 f
  mesh/U68823/ZN (AOI21D2BWP30P140)                                    0.01      0.01       0.48 r
  mesh/n209757 (net)                                         2                   0.00       0.48 r
  mesh/U13379/ZN (OAI21D2BWP30P140)                                    0.01      0.01       0.49 f
  mesh/n142505 (net)                                         1                   0.00       0.49 f
  mesh/U5371/CO (FA1D1BWP30P140)                                       0.01      0.02       0.51 f
  mesh/n39006 (net)                                          2                   0.00       0.51 f
  mesh/U24624/ZN (NR2OPTPAD1BWP30P140)                                 0.03      0.02       0.53 r
  mesh/n39005 (net)                                          5                   0.00       0.53 r
  mesh/U12120/ZN (INVD3BWP30P140)                                      0.02      0.01       0.54 f
  mesh/n209771 (net)                                         8                   0.00       0.54 f
  mesh/U155518/Z (CKMUX2D0BWP30P140)                                   0.02      0.03       0.57 r
  mesh/pes_4_3/regPsum_mac/l00OOO0l[17] (net)                6                   0.00       0.57 r
  mesh/pes_4_3/regPsum_mac/U9/U1/UORT0_1_10/ZN (NR2D1BWP30P140)        0.01      0.01       0.58 f    mo 
  mesh/pes_4_3/regPsum_mac/U9/U1/enc_tree[1][1][20] (net)     3                  0.00       0.58 f
  mesh/U175348/ZN (INVD0BWP30P140)                                     0.01      0.01       0.59 r
  mesh/pes_4_3/regPsum_mac/U9/U1/or2_inv[1][20] (net)        1                   0.00       0.59 r
  mesh/pes_4_3/regPsum_mac/U9/U1/UEN1_1_2_2/ZN (OAI21D1BWP30P140)      0.01      0.01       0.60 f    mo 
  mesh/pes_4_3/regPsum_mac/U9/U1/enc_tree[1][2][20] (net)     1                  0.00       0.60 f
  mesh/pes_4_3/regPsum_mac/U9/U1/UEN0_1_3_1/ZN (AOI21D1BWP30P140)      0.01      0.01       0.61 r    mo 
  mesh/pes_4_3/regPsum_mac/U9/U1/enc_tree[1][3][24] (net)     1                  0.00       0.61 r
  mesh/U218281/Z (OA21D1BWP30P140)                                     0.01      0.02       0.63 r
  mesh/n209832 (net)                                         2                   0.00       0.63 r
  mesh/U218282/ZN (INVD1BWP30P140)                                     0.01      0.01       0.64 f
  mesh/n209792 (net)                                         2                   0.00       0.64 f
  mesh/U218290/Z (AN2D0BWP30P140)                                      0.01      0.01       0.65 f
  mesh/n209793 (net)                                         1                   0.00       0.65 f
  mesh/U218291/ZN (AOI21D1BWP30P140)                                   0.01      0.01       0.66 r
  mesh/n209809 (net)                                         1                   0.00       0.66 r
  mesh/U218301/ZN (OAI21D1BWP30P140)                                   0.01      0.01       0.67 f
  mesh/n209815 (net)                                         1                   0.00       0.67 f
  mesh/U218305/ZN (AOI21D1BWP30P140)                                   0.01      0.01       0.68 r
  mesh/n209817 (net)                                         1                   0.00       0.68 r
  mesh/U218306/ZN (ND2D1BWP30P140)                                     0.01      0.01       0.69 f
  mesh/n209819 (net)                                         1                   0.00       0.69 f
  mesh/U218307/Z (BUFFD4BWP30P140)                                     0.01      0.01       0.70 f
  mesh/n209865 (net)                                         7                   0.00       0.70 f
  mesh/U218311/ZN (INR2D4BWP30P140)                                    0.01      0.01       0.71 r
  mesh/n209864 (net)                                         5                   0.00       0.71 r
  mesh/U218321/ZN (ND2D1BWP30P140)                                     0.02      0.01       0.72 f
  mesh/n209834 (net)                                         1                   0.00       0.72 f
  mesh/U6662/ZN (ND2D3BWP30P140)                                       0.01      0.01       0.73 r
  mesh/n210092 (net)                                         8                   0.00       0.73 r
  mesh/U218328/ZN (IND2D2BWP30P140)                                    0.02      0.02       0.75 r
  mesh/n209963 (net)                                        18                   0.00       0.75 r
  mesh/U218334/ZN (INVD0BWP30P140)                                     0.02      0.02       0.77 f
  mesh/n209991 (net)                                         4                   0.00       0.77 f
  mesh/U218482/ZN (AOI22D1BWP30P140)                                   0.01      0.01       0.78 r
  mesh/n209954 (net)                                         1                   0.00       0.78 r
  mesh/U218486/ZN (ND2D1BWP30P140)                                     0.02      0.01       0.79 f
  mesh/n210014 (net)                                         4                   0.00       0.79 f
  mesh/U218489/ZN (AOI22D1BWP30P140)                                   0.01      0.01       0.80 r
  mesh/n209958 (net)                                         1                   0.00       0.80 r
  mesh/U218492/ZN (ND3D1BWP30P140)                                     0.02      0.02       0.82 f
  mesh/n210169 (net)                                         3                   0.00       0.82 f
  mesh/U218576/ZN (INVD0BWP30P140)                                     0.01      0.01       0.83 r
  mesh/n210170 (net)                                         2                   0.00       0.83 r
  mesh/U218577/ZN (ND2D1BWP30P140)                                     0.01      0.01       0.84 f
  mesh/n210165 (net)                                         2                   0.00       0.84 f
  mesh/U218578/ZN (INR2D1BWP30P140)                                    0.01      0.01       0.85 r
  mesh/n210148 (net)                                         2                   0.00       0.85 r
  mesh/U218580/ZN (ND2D1BWP30P140)                                     0.02      0.01       0.86 f
  mesh/n210161 (net)                                         2                   0.00       0.86 f
  mesh/U218581/ZN (INR2D1BWP30P140)                                    0.01      0.01       0.88 r
  mesh/n210157 (net)                                         2                   0.00       0.88 r
  mesh/U218582/ZN (IND3D1BWP30P140)                                    0.03      0.02       0.90 f
  mesh/n210198 (net)                                         3                   0.00       0.90 f
  mesh/U218591/ZN (OAI22D1BWP30P140)                                   0.02      0.01       0.91 r
  mesh/n210088 (net)                                         1                   0.00       0.91 r
  mesh/U33554/ZN (AOI21D1BWP30P140)                                    0.02      0.01       0.92 f
  mesh/n210177 (net)                                         2                   0.00       0.92 f
  mesh/U218644/ZN (INVD1BWP30P140)                                     0.01      0.01       0.92 r
  mesh/n210178 (net)                                         1                   0.00       0.92 r
  mesh/U35639/ZN (OAI22D1BWP30P140)                                    0.02      0.02       0.94 f
  mesh/n210189 (net)                                         2                   0.00       0.94 f
  mesh/U219/ZN (IND2D2BWP30P140)                                       0.01      0.02       0.95 f
  mesh/n210303 (net)                                         2                   0.00       0.95 f
  mesh/U158/ZN (NR3OPTPAD2BWP30P140)                                   0.02      0.01       0.97 r
  mesh/n210377 (net)                                         8                   0.00       0.97 r
  mesh/U36696/ZN (INVD1BWP30P140)                                      0.01      0.01       0.98 f
  mesh/n210353 (net)                                         4                   0.00       0.98 f
  mesh/U218779/ZN (MOAI22D1BWP30P140)                                  0.01      0.01       0.99 r
  mesh/pes_4_3/N99 (net)                                     1                   0.00       0.99 r
  mesh/pes_4_3/regPsum_bits_reg[0]/D (DFQD1BWP30P140)                  0.01      0.00       0.99 r
  data arrival time                                                                         0.99

  clock ideal_clock1 (rise edge)                                                 1.00       1.00
  clock network delay (ideal)                                                    0.00       1.00
  mesh/pes_4_3/regPsum_bits_reg[0]/CP (DFQD1BWP30P140)                           0.00       1.00 r
  library setup time                                                            -0.01       0.99
  data required time                                                                        0.99
  ----------------------------------------------------------------------------------------------------------------------
  data required time                                                                        0.99
  data arrival time                                                                        -0.99
  ----------------------------------------------------------------------------------------------------------------------
  slack (MET)                                                                               0.00


1
