 
****************************************
Report : area
Design : SystolicArray
Version: V-2023.12
Date   : Tue Apr  7 17:06:59 2026
****************************************

Library(s) Used:

    tcbn28hpcplusbwp30p140ffg0p99v0c_ccs (File: /hpc/Tech/TSMC/digital/N28/digital/Front_End/timing_power_noise/CCS/tcbn28hpcplusbwp30p140_180a/tcbn28hpcplusbwp30p140ffg0p99v0c_ccs.db)

Number of ports:                        41162
Number of nets:                       1085110
Number of cells:                      1035176
Number of combinational cells:        1006560
Number of sequential cells:             28224
Number of macros/black boxes:               0
Number of buf/inv:                     201134
Number of references:                     402

Combinational area:             554057.028212
Buf/Inv area:                    54532.800674
Noncombinational area:           55873.438940
Macro/Black Box area:                0.000000
Net Interconnect area:      undefined  (Wire load has zero net area)

Total cell area:                609930.467152
Total area:                 undefined

Hierarchical area distribution
------------------------------

                                  Global cell area              Local cell area
                                  --------------------  ------------------------------- 
Hierarchical cell                 Absolute     Percent  Combi-       Noncombi-   Black-
                                  Total        Total    national     national    boxes   Design
--------------------------------  -----------  -------  -----------  ----------  ------  -------------
SystolicArray                     609930.4672    100.0     430.1640      0.0000  0.0000  SystolicArray
pairs_0                             1277.5140      0.2    1133.8740    143.6400  0.0000  StripPair_391
pairs_0_1                           1556.4780      0.3    1411.7040    144.7740  0.0000  StripPair_377
pairs_0_10                          1554.5880      0.3    1412.0820    142.5060  0.0000  StripPair_251
pairs_0_11                          1559.1240      0.3    1412.0820    147.0420  0.0000  StripPair_237
pairs_0_12                          1557.3600      0.3    1410.8220    146.5380  0.0000  StripPair_223
pairs_0_13                          1565.9280      0.3    1421.5320    144.3960  0.0000  StripPair_209
pairs_0_14                          1575.2520      0.3    1435.7700    139.4820  0.0000  StripPair_195
pairs_0_15                          1559.3760      0.3    1414.2240    145.1520  0.0000  StripPair_181
pairs_0_16                          1561.8960      0.3    1417.1220    144.7740  0.0000  StripPair_167
pairs_0_17                          1564.5420      0.3    1416.3660    148.1760  0.0000  StripPair_153
pairs_0_18                          1572.6060      0.3    1427.0760    145.5300  0.0000  StripPair_139
pairs_0_19                          1560.1320      0.3    1414.9800    145.1520  0.0000  StripPair_125
pairs_0_2                           1557.9900      0.3    1413.9720    144.0180  0.0000  StripPair_363
pairs_0_20                          1559.8800      0.3    1414.3500    145.5300  0.0000  StripPair_111
pairs_0_21                          1572.3540      0.3    1425.6900    146.6640  0.0000  StripPair_97
pairs_0_22                          1572.1020      0.3    1425.8160    146.2860  0.0000  StripPair_83
pairs_0_23                          1558.6200      0.3    1411.2000    147.4200  0.0000  StripPair_69
pairs_0_24                          1547.2800      0.3    1402.8840    144.3960  0.0000  StripPair_55
pairs_0_25                          1568.5740      0.3    1421.9100    146.6640  0.0000  StripPair_41
pairs_0_26                          1547.0280      0.3    1401.4980    145.5300  0.0000  StripPair_27
pairs_0_27                          1551.1860      0.3    1410.9480    140.2380  0.0000  StripPair_13
pairs_0_3                           1565.9280      0.3    1418.8860    147.0420  0.0000  StripPair_349
pairs_0_4                           1568.0700      0.3    1421.4060    146.6640  0.0000  StripPair_335
pairs_0_5                           1575.8820      0.3    1429.2180    146.6640  0.0000  StripPair_321
pairs_0_6                           1562.2740      0.3    1420.5240    141.7500  0.0000  StripPair_307
pairs_0_7                           1582.4340      0.3    1436.5260    145.9080  0.0000  StripPair_293
pairs_0_8                           1565.2980      0.3    1418.6340    146.6640  0.0000  StripPair_279
pairs_0_9                           1576.6380      0.3    1430.3520    146.2860  0.0000  StripPair_265
pairs_1                             1364.3280      0.2    1221.8220    142.5060  0.0000  StripPair_390
pairs_10                            1390.0320      0.2    1246.7700    143.2620  0.0000  StripPair_381
pairs_10_1                          1574.1180      0.3    1431.2340    142.8840  0.0000  StripPair_367
pairs_10_10                         1570.8420      0.3    1427.9580    142.8840  0.0000  StripPair_241
pairs_10_11                         1558.9980      0.3    1417.2480    141.7500  0.0000  StripPair_227
pairs_10_12                         1568.7000      0.3    1425.8160    142.8840  0.0000  StripPair_213
pairs_10_13                         1565.2980      0.3    1425.0600    140.2380  0.0000  StripPair_199
pairs_10_14                         1478.8620      0.2    1338.6240    140.2380  0.0000  StripPair_185
pairs_10_15                         1563.5340      0.3    1420.6500    142.8840  0.0000  StripPair_171
pairs_10_16                         1543.8780      0.3    1402.5060    141.3720  0.0000  StripPair_157
pairs_10_17                         1555.7220      0.3    1414.7280    140.9940  0.0000  StripPair_143
pairs_10_18                         1573.6140      0.3    1430.7300    142.8840  0.0000  StripPair_129
pairs_10_19                         1570.2120      0.3    1427.3280    142.8840  0.0000  StripPair_115
pairs_10_2                          1560.5100      0.3    1418.0040    142.5060  0.0000  StripPair_353
pairs_10_20                         1570.0860      0.3    1426.8240    143.2620  0.0000  StripPair_101
pairs_10_21                         1566.8100      0.3    1423.5480    143.2620  0.0000  StripPair_87
pairs_10_22                         1558.3680      0.3    1416.6180    141.7500  0.0000  StripPair_73
pairs_10_23                         1580.5440      0.3    1436.9040    143.6400  0.0000  StripPair_59
pairs_10_24                         1573.3620      0.3    1429.7220    143.6400  0.0000  StripPair_45
pairs_10_25                         1572.4800      0.3    1429.2180    143.2620  0.0000  StripPair_31
pairs_10_26                         1560.3840      0.3    1418.6340    141.7500  0.0000  StripPair_17
pairs_10_27                         1580.4180      0.3    1440.9360    139.4820  0.0000  StripPair_3
pairs_10_3                          1557.8640      0.3    1416.4920    141.3720  0.0000  StripPair_339
pairs_10_4                          1562.6520      0.3    1422.4140    140.2380  0.0000  StripPair_325
pairs_10_5                          1554.5880      0.3    1411.3260    143.2620  0.0000  StripPair_311
pairs_10_6                          1557.8640      0.3    1415.7360    142.1280  0.0000  StripPair_297
pairs_10_7                          1578.6540      0.3    1433.5020    145.1520  0.0000  StripPair_283
pairs_10_8                          1566.3060      0.3    1422.2880    144.0180  0.0000  StripPair_269
pairs_10_9                          1555.0920      0.3    1414.4760    140.6160  0.0000  StripPair_255
pairs_11                            1394.8200      0.2    1251.1800    143.6400  0.0000  StripPair_380
pairs_11_1                          1564.7940      0.3    1421.5320    143.2620  0.0000  StripPair_366
pairs_11_10                         1577.6460      0.3    1434.0060    143.6400  0.0000  StripPair_240
pairs_11_11                         1565.4240      0.3    1422.5400    142.8840  0.0000  StripPair_226
pairs_11_12                         1561.5180      0.3    1420.1460    141.3720  0.0000  StripPair_212
pairs_11_13                         1557.8640      0.3    1416.8700    140.9940  0.0000  StripPair_198
pairs_11_14                         1493.4780      0.2    1352.4840    140.9940  0.0000  StripPair_184
pairs_11_15                         1565.6760      0.3    1423.9260    141.7500  0.0000  StripPair_170
pairs_11_16                         1557.9900      0.3    1416.9960    140.9940  0.0000  StripPair_156
pairs_11_17                         1564.9200      0.3    1423.9260    140.9940  0.0000  StripPair_142
pairs_11_18                         1572.7320      0.3    1430.2260    142.5060  0.0000  StripPair_128
pairs_11_19                         1572.2280      0.3    1427.0760    145.1520  0.0000  StripPair_114
pairs_11_2                          1568.9520      0.3    1426.4460    142.5060  0.0000  StripPair_352
pairs_11_20                         1569.5820      0.3    1425.1860    144.3960  0.0000  StripPair_100
pairs_11_21                         1559.2500      0.3    1415.9880    143.2620  0.0000  StripPair_86
pairs_11_22                         1556.2260      0.3    1414.0980    142.1280  0.0000  StripPair_72
pairs_11_23                         1560.8880      0.3    1418.3820    142.5060  0.0000  StripPair_58
pairs_11_24                         1566.9360      0.3    1423.6740    143.2620  0.0000  StripPair_44
pairs_11_25                         1565.9280      0.3    1423.0440    142.8840  0.0000  StripPair_30
pairs_11_26                         1568.1960      0.3    1429.4700    138.7260  0.0000  StripPair_16
pairs_11_27                         1582.4340      0.3    1442.9520    139.4820  0.0000  StripPair_2
pairs_11_3                          1573.6140      0.3    1428.9660    144.6480  0.0000  StripPair_338
pairs_11_4                          1564.9200      0.3    1421.6580    143.2620  0.0000  StripPair_324
pairs_11_5                          1561.7700      0.3    1419.6420    142.1280  0.0000  StripPair_310
pairs_11_6                          1566.0540      0.3    1422.0360    144.0180  0.0000  StripPair_296
pairs_11_7                          1559.2500      0.3    1415.2320    144.0180  0.0000  StripPair_282
pairs_11_8                          1567.9440      0.3    1428.0840    139.8600  0.0000  StripPair_268
pairs_11_9                          1573.2360      0.3    1430.3520    142.8840  0.0000  StripPair_254
pairs_12                            1383.9840      0.2    1238.8320    145.1520  0.0000  StripPair_379
pairs_12_1                          1566.6840      0.3    1423.8000    142.8840  0.0000  StripPair_365
pairs_12_10                         1561.3920      0.3    1417.7520    143.6400  0.0000  StripPair_239
pairs_12_11                         1564.0380      0.3    1420.3980    143.6400  0.0000  StripPair_225
pairs_12_12                         1556.7300      0.3    1416.4920    140.2380  0.0000  StripPair_211
pairs_12_13                         1566.3060      0.3    1423.8000    142.5060  0.0000  StripPair_197
pairs_12_14                         1481.1300      0.2    1340.8920    140.2380  0.0000  StripPair_183
pairs_12_15                         1561.8960      0.3    1417.5000    144.3960  0.0000  StripPair_169
pairs_12_16                         1543.5000      0.3    1403.2620    140.2380  0.0000  StripPair_155
pairs_12_17                         1566.0540      0.3    1422.0360    144.0180  0.0000  StripPair_141
pairs_12_18                         1566.3060      0.3    1424.9340    141.3720  0.0000  StripPair_127
pairs_12_19                         1566.0540      0.3    1422.7920    143.2620  0.0000  StripPair_113
pairs_12_2                          1561.3920      0.3    1418.8860    142.5060  0.0000  StripPair_351
pairs_12_20                         1561.5180      0.3    1419.7680    141.7500  0.0000  StripPair_99
pairs_12_21                         1558.3680      0.3    1413.9720    144.3960  0.0000  StripPair_85
pairs_12_22                         1567.3140      0.3    1424.8080    142.5060  0.0000  StripPair_71
pairs_12_23                         1580.2920      0.3    1437.4080    142.8840  0.0000  StripPair_57
pairs_12_24                         1568.8260      0.3    1426.6980    142.1280  0.0000  StripPair_43
pairs_12_25                         1548.0360      0.3    1410.0660    137.9700  0.0000  StripPair_29
pairs_12_26                         1572.8580      0.3    1433.7540    139.1040  0.0000  StripPair_15
pairs_12_27                         1573.3620      0.3    1433.1240    140.2380  0.0000  StripPair_1
pairs_12_3                          1566.1800      0.3    1424.0520    142.1280  0.0000  StripPair_337
pairs_12_4                          1566.4320      0.3    1424.6820    141.7500  0.0000  StripPair_323
pairs_12_5                          1555.9740      0.3    1412.7120    143.2620  0.0000  StripPair_309
pairs_12_6                          1561.6440      0.3    1419.8940    141.7500  0.0000  StripPair_295
pairs_12_7                          1561.1400      0.3    1417.5000    143.6400  0.0000  StripPair_281
pairs_12_8                          1572.9840      0.3    1429.3440    143.6400  0.0000  StripPair_267
pairs_12_9                          1562.9040      0.3    1420.3980    142.5060  0.0000  StripPair_253
pairs_13                            1345.3020      0.2    1202.5440    142.7580  0.0000  StripPair_378
pairs_13_1                          1542.7440      0.3    1402.8840    139.8600  0.0000  StripPair_364
pairs_13_10                         1557.8640      0.3    1418.0040    139.8600  0.0000  StripPair_238
pairs_13_11                         1556.9820      0.3    1417.8780    139.1040  0.0000  StripPair_224
pairs_13_12                         1570.7160      0.3    1430.1000    140.6160  0.0000  StripPair_210
pairs_13_13                         1547.9100      0.3    1409.1840    138.7260  0.0000  StripPair_196
pairs_13_14                         1477.9800      0.2    1336.6080    141.3720  0.0000  StripPair_182
pairs_13_15                         1540.9800      0.3    1403.0100    137.9700  0.0000  StripPair_168
pairs_13_16                         1565.0460      0.3    1426.6980    138.3480  0.0000  StripPair_154
pairs_13_17                         1562.4000      0.3    1424.0520    138.3480  0.0000  StripPair_140
pairs_13_18                         1558.9980      0.3    1419.8940    139.1040  0.0000  StripPair_126
pairs_13_19                         1553.3280      0.3    1413.0900    140.2380  0.0000  StripPair_112
pairs_13_2                          1562.1480      0.3    1422.2880    139.8600  0.0000  StripPair_350
pairs_13_20                         1564.6680      0.3    1424.4300    140.2380  0.0000  StripPair_98
pairs_13_21                         1560.5100      0.3    1420.6500    139.8600  0.0000  StripPair_84
pairs_13_22                         1559.7540      0.3    1419.5160    140.2380  0.0000  StripPair_70
pairs_13_23                         1556.1000      0.3    1416.2400    139.8600  0.0000  StripPair_56
pairs_13_24                         1550.9340      0.3    1411.0740    139.8600  0.0000  StripPair_42
pairs_13_25                         1552.3200      0.3    1414.3500    137.9700  0.0000  StripPair_28
pairs_13_26                         1569.3300      0.3    1430.9820    138.3480  0.0000  StripPair_14
pairs_13_27                         1585.2060      0.3    1448.7480    136.4580  0.0000  StripPair_0
pairs_13_3                          1562.9040      0.3    1423.8000    139.1040  0.0000  StripPair_336
pairs_13_4                          1556.8560      0.3    1415.8620    140.9940  0.0000  StripPair_322
pairs_13_5                          1560.5100      0.3    1420.2720    140.2380  0.0000  StripPair_308
pairs_13_6                          1554.9660      0.3    1414.7280    140.2380  0.0000  StripPair_294
pairs_13_7                          1562.2740      0.3    1421.2800    140.9940  0.0000  StripPair_280
pairs_13_8                          1562.9040      0.3    1422.6660    140.2380  0.0000  StripPair_266
pairs_13_9                          1557.7380      0.3    1418.2560    139.4820  0.0000  StripPair_252
pairs_1_1                           1563.1560      0.3    1419.5160    143.6400  0.0000  StripPair_376
pairs_1_10                          1566.6840      0.3    1427.2020    139.4820  0.0000  StripPair_250
pairs_1_11                          1567.8180      0.3    1424.9340    142.8840  0.0000  StripPair_236
pairs_1_12                          1563.0300      0.3    1419.7680    143.2620  0.0000  StripPair_222
pairs_1_13                          1557.7380      0.3    1416.7440    140.9940  0.0000  StripPair_208
pairs_1_14                          1489.6980      0.2    1350.5940    139.1040  0.0000  StripPair_194
pairs_1_15                          1572.3540      0.3    1429.4700    142.8840  0.0000  StripPair_180
pairs_1_16                          1552.4460      0.3    1412.5860    139.8600  0.0000  StripPair_166
pairs_1_17                          1560.1320      0.3    1418.0040    142.1280  0.0000  StripPair_152
pairs_1_18                          1580.0400      0.3    1436.0220    144.0180  0.0000  StripPair_138
pairs_1_19                          1564.1640      0.3    1419.0120    145.1520  0.0000  StripPair_124
pairs_1_2                           1555.7220      0.3    1412.4600    143.2620  0.0000  StripPair_362
pairs_1_20                          1561.1400      0.3    1418.6340    142.5060  0.0000  StripPair_110
pairs_1_21                          1563.6600      0.3    1419.2640    144.3960  0.0000  StripPair_96
pairs_1_22                          1565.4240      0.3    1421.7840    143.6400  0.0000  StripPair_82
pairs_1_23                          1553.4540      0.3    1409.4360    144.0180  0.0000  StripPair_68
pairs_1_24                          1565.2980      0.3    1420.9020    144.3960  0.0000  StripPair_54
pairs_1_25                          1561.6440      0.3    1419.5160    142.1280  0.0000  StripPair_40
pairs_1_26                          1545.0120      0.3    1405.1520    139.8600  0.0000  StripPair_26
pairs_1_27                          1592.8920      0.3    1452.2760    140.6160  0.0000  StripPair_12
pairs_1_3                           1560.2580      0.3    1416.9960    143.2620  0.0000  StripPair_348
pairs_1_4                           1552.5720      0.3    1408.9320    143.6400  0.0000  StripPair_334
pairs_1_5                           1563.6600      0.3    1424.1780    139.4820  0.0000  StripPair_320
pairs_1_6                           1563.0300      0.3    1419.7680    143.2620  0.0000  StripPair_306
pairs_1_7                           1564.7940      0.3    1421.1540    143.6400  0.0000  StripPair_292
pairs_1_8                           1578.5280      0.3    1434.8880    143.6400  0.0000  StripPair_278
pairs_1_9                           1557.6120      0.3    1416.2400    141.3720  0.0000  StripPair_264
pairs_2                             1374.5340      0.2    1230.1380    144.3960  0.0000  StripPair_389
pairs_2_1                           1558.7460      0.3    1415.8620    142.8840  0.0000  StripPair_375
pairs_2_10                          1565.5500      0.3    1424.1780    141.3720  0.0000  StripPair_249
pairs_2_11                          1559.7540      0.3    1415.3580    144.3960  0.0000  StripPair_235
pairs_2_12                          1553.4540      0.3    1409.8140    143.6400  0.0000  StripPair_221
pairs_2_13                          1567.1880      0.3    1425.8160    141.3720  0.0000  StripPair_207
pairs_2_14                          1487.0520      0.2    1346.0580    140.9940  0.0000  StripPair_193
pairs_2_15                          1571.9760      0.3    1430.9820    140.9940  0.0000  StripPair_179
pairs_2_16                          1556.4780      0.3    1414.7280    141.7500  0.0000  StripPair_165
pairs_2_17                          1557.2340      0.3    1413.5940    143.6400  0.0000  StripPair_151
pairs_2_18                          1566.5580      0.3    1421.7840    144.7740  0.0000  StripPair_137
pairs_2_19                          1578.1500      0.3    1435.6440    142.5060  0.0000  StripPair_123
pairs_2_2                           1558.8720      0.3    1417.5000    141.3720  0.0000  StripPair_361
pairs_2_20                          1567.0620      0.3    1422.2880    144.7740  0.0000  StripPair_109
pairs_2_21                          1566.3060      0.3    1422.2880    144.0180  0.0000  StripPair_95
pairs_2_22                          1576.2600      0.3    1431.4860    144.7740  0.0000  StripPair_81
pairs_2_23                          1567.3140      0.3    1424.0520    143.2620  0.0000  StripPair_67
pairs_2_24                          1571.7240      0.3    1426.5720    145.1520  0.0000  StripPair_53
pairs_2_25                          1576.7640      0.3    1433.8800    142.8840  0.0000  StripPair_39
pairs_2_26                          1561.7700      0.3    1418.8860    142.8840  0.0000  StripPair_25
pairs_2_27                          1587.0960      0.3    1447.6140    139.4820  0.0000  StripPair_11
pairs_2_3                           1562.7780      0.3    1420.6500    142.1280  0.0000  StripPair_347
pairs_2_4                           1566.0540      0.3    1422.7920    143.2620  0.0000  StripPair_333
pairs_2_5                           1554.7140      0.3    1413.3420    141.3720  0.0000  StripPair_319
pairs_2_6                           1570.2120      0.3    1428.4620    141.7500  0.0000  StripPair_305
pairs_2_7                           1560.3840      0.3    1417.1220    143.2620  0.0000  StripPair_291
pairs_2_8                           1566.8100      0.3    1422.4140    144.3960  0.0000  StripPair_277
pairs_2_9                           1565.0460      0.3    1424.0520    140.9940  0.0000  StripPair_263
pairs_3                             1374.4080      0.2    1229.6340    144.7740  0.0000  StripPair_388
pairs_3_1                           1572.6060      0.3    1430.1000    142.5060  0.0000  StripPair_374
pairs_3_10                          1554.3360      0.3    1411.4520    142.8840  0.0000  StripPair_248
pairs_3_11                          1556.8560      0.3    1413.9720    142.8840  0.0000  StripPair_234
pairs_3_12                          1555.7220      0.3    1413.2160    142.5060  0.0000  StripPair_220
pairs_3_13                          1564.9200      0.3    1425.4380    139.4820  0.0000  StripPair_206
pairs_3_14                          1484.5320      0.2    1343.9160    140.6160  0.0000  StripPair_192
pairs_3_15                          1553.9580      0.3    1413.7200    140.2380  0.0000  StripPair_178
pairs_3_16                          1559.6280      0.3    1416.7440    142.8840  0.0000  StripPair_164
pairs_3_17                          1549.9260      0.3    1407.4200    142.5060  0.0000  StripPair_150
pairs_3_18                          1560.6360      0.3    1418.1300    142.5060  0.0000  StripPair_136
pairs_3_19                          1562.6520      0.3    1419.3900    143.2620  0.0000  StripPair_122
pairs_3_2                           1575.0000      0.3    1431.3600    143.6400  0.0000  StripPair_360
pairs_3_20                          1573.9920      0.3    1430.3520    143.6400  0.0000  StripPair_108
pairs_3_21                          1564.9200      0.3    1421.2800    143.6400  0.0000  StripPair_94
pairs_3_22                          1571.8500      0.3    1429.3440    142.5060  0.0000  StripPair_80
pairs_3_23                          1572.8580      0.3    1429.2180    143.6400  0.0000  StripPair_66
pairs_3_24                          1562.9040      0.3    1420.0200    142.8840  0.0000  StripPair_52
pairs_3_25                          1559.6280      0.3    1418.2560    141.3720  0.0000  StripPair_38
pairs_3_26                          1549.1700      0.3    1408.9320    140.2380  0.0000  StripPair_24
pairs_3_27                          1585.9620      0.3    1447.2360    138.7260  0.0000  StripPair_10
pairs_3_3                           1558.4940      0.3    1417.8780    140.6160  0.0000  StripPair_346
pairs_3_4                           1557.8640      0.3    1414.9800    142.8840  0.0000  StripPair_332
pairs_3_5                           1574.7480      0.3    1431.8640    142.8840  0.0000  StripPair_318
pairs_3_6                           1567.9440      0.3    1425.4380    142.5060  0.0000  StripPair_304
pairs_3_7                           1570.5900      0.3    1427.3280    143.2620  0.0000  StripPair_290
pairs_3_8                           1566.0540      0.3    1421.6580    144.3960  0.0000  StripPair_276
pairs_3_9                           1565.6760      0.3    1424.3040    141.3720  0.0000  StripPair_262
pairs_4                             1374.5340      0.2    1230.1380    144.3960  0.0000  StripPair_387
pairs_4_1                           1550.5560      0.3    1407.2940    143.2620  0.0000  StripPair_373
pairs_4_10                          1551.6900      0.3    1412.2080    139.4820  0.0000  StripPair_247
pairs_4_11                          1554.3360      0.3    1410.3180    144.0180  0.0000  StripPair_233
pairs_4_12                          1557.9900      0.3    1415.8620    142.1280  0.0000  StripPair_219
pairs_4_13                          1565.5500      0.3    1424.5560    140.9940  0.0000  StripPair_205
pairs_4_14                          1480.7520      0.2    1340.8920    139.8600  0.0000  StripPair_191
pairs_4_15                          1566.5580      0.3    1422.1620    144.3960  0.0000  StripPair_177
pairs_4_16                          1556.9820      0.3    1414.4760    142.5060  0.0000  StripPair_163
pairs_4_17                          1552.8240      0.3    1411.4520    141.3720  0.0000  StripPair_149
pairs_4_18                          1571.9760      0.3    1429.8480    142.1280  0.0000  StripPair_135
pairs_4_19                          1569.9600      0.3    1425.9420    144.0180  0.0000  StripPair_121
pairs_4_2                           1564.6680      0.3    1420.6500    144.0180  0.0000  StripPair_359
pairs_4_20                          1566.3060      0.3    1421.5320    144.7740  0.0000  StripPair_107
pairs_4_21                          1580.6700      0.3    1436.6520    144.0180  0.0000  StripPair_93
pairs_4_22                          1575.2520      0.3    1431.9900    143.2620  0.0000  StripPair_79
pairs_4_23                          1563.7860      0.3    1419.7680    144.0180  0.0000  StripPair_65
pairs_4_24                          1561.3920      0.3    1416.9960    144.3960  0.0000  StripPair_51
pairs_4_25                          1564.4160      0.3    1421.9100    142.5060  0.0000  StripPair_37
pairs_4_26                          1558.8720      0.3    1417.1220    141.7500  0.0000  StripPair_23
pairs_4_27                          1580.0400      0.3    1439.4240    140.6160  0.0000  StripPair_9
pairs_4_3                           1561.3920      0.3    1420.3980    140.9940  0.0000  StripPair_345
pairs_4_4                           1568.7000      0.3    1426.5720    142.1280  0.0000  StripPair_331
pairs_4_5                           1560.5100      0.3    1418.0040    142.5060  0.0000  StripPair_317
pairs_4_6                           1575.7560      0.3    1433.2500    142.5060  0.0000  StripPair_303
pairs_4_7                           1564.4160      0.3    1420.0200    144.3960  0.0000  StripPair_289
pairs_4_8                           1561.7700      0.3    1418.5080    143.2620  0.0000  StripPair_275
pairs_4_9                           1563.5340      0.3    1419.1380    144.3960  0.0000  StripPair_261
pairs_5                             1372.1400      0.2    1227.3660    144.7740  0.0000  StripPair_386
pairs_5_1                           1571.2200      0.3    1430.2260    140.9940  0.0000  StripPair_372
pairs_5_10                          1566.6840      0.3    1424.5560    142.1280  0.0000  StripPair_246
pairs_5_11                          1566.4320      0.3    1424.3040    142.1280  0.0000  StripPair_232
pairs_5_12                          1565.5500      0.3    1423.0440    142.5060  0.0000  StripPair_218
pairs_5_13                          1564.4160      0.3    1421.9100    142.5060  0.0000  StripPair_204
pairs_5_14                          1487.9340      0.2    1346.6880    141.2460  0.0000  StripPair_190
pairs_5_15                          1576.0080      0.3    1433.8800    142.1280  0.0000  StripPair_176
pairs_5_16                          1555.5960      0.3    1413.4680    142.1280  0.0000  StripPair_162
pairs_5_17                          1565.9280      0.3    1428.7140    137.2140  0.0000  StripPair_148
pairs_5_18                          1566.4320      0.3    1424.3040    142.1280  0.0000  StripPair_134
pairs_5_19                          1571.5980      0.3    1427.5800    144.0180  0.0000  StripPair_120
pairs_5_2                           1569.5820      0.3    1427.0760    142.5060  0.0000  StripPair_358
pairs_5_20                          1567.5660      0.3    1423.5480    144.0180  0.0000  StripPair_106
pairs_5_21                          1570.9680      0.3    1427.7060    143.2620  0.0000  StripPair_92
pairs_5_22                          1566.9360      0.3    1424.0520    142.8840  0.0000  StripPair_78
pairs_5_23                          1564.7940      0.3    1423.0440    141.7500  0.0000  StripPair_64
pairs_5_24                          1553.7060      0.3    1410.0660    143.6400  0.0000  StripPair_50
pairs_5_25                          1555.5960      0.3    1414.6020    140.9940  0.0000  StripPair_36
pairs_5_26                          1577.2680      0.3    1434.7620    142.5060  0.0000  StripPair_22
pairs_5_27                          1589.2380      0.3    1448.6220    140.6160  0.0000  StripPair_8
pairs_5_3                           1556.3520      0.3    1414.9800    141.3720  0.0000  StripPair_344
pairs_5_4                           1571.0940      0.3    1429.3440    141.7500  0.0000  StripPair_330
pairs_5_5                           1574.8740      0.3    1430.4780    144.3960  0.0000  StripPair_316
pairs_5_6                           1558.1160      0.3    1415.2320    142.8840  0.0000  StripPair_302
pairs_5_7                           1557.3600      0.3    1414.0980    143.2620  0.0000  StripPair_288
pairs_5_8                           1560.3840      0.3    1417.5000    142.8840  0.0000  StripPair_274
pairs_5_9                           1557.1080      0.3    1416.8700    140.2380  0.0000  StripPair_260
pairs_6                             1374.0300      0.2    1230.3900    143.6400  0.0000  StripPair_385
pairs_6_1                           1571.2200      0.3    1429.8480    141.3720  0.0000  StripPair_371
pairs_6_10                          1566.1800      0.3    1422.1620    144.0180  0.0000  StripPair_245
pairs_6_11                          1554.4620      0.3    1410.8220    143.6400  0.0000  StripPair_231
pairs_6_12                          1560.3840      0.3    1416.7440    143.6400  0.0000  StripPair_217
pairs_6_13                          1569.5820      0.3    1428.2100    141.3720  0.0000  StripPair_203
pairs_6_14                          1491.4620      0.2    1351.6020    139.8600  0.0000  StripPair_189
pairs_6_15                          1582.3080      0.3    1438.6680    143.6400  0.0000  StripPair_175
pairs_6_16                          1550.1780      0.3    1409.5620    140.6160  0.0000  StripPair_161
pairs_6_17                          1569.5820      0.3    1429.3440    140.2380  0.0000  StripPair_147
pairs_6_18                          1551.9420      0.3    1407.9240    144.0180  0.0000  StripPair_133
pairs_6_19                          1573.7400      0.3    1430.1000    143.6400  0.0000  StripPair_119
pairs_6_2                           1560.1320      0.3    1416.8700    143.2620  0.0000  StripPair_357
pairs_6_20                          1576.7640      0.3    1432.3680    144.3960  0.0000  StripPair_105
pairs_6_21                          1567.5660      0.3    1424.6820    142.8840  0.0000  StripPair_91
pairs_6_22                          1566.3060      0.3    1422.6660    143.6400  0.0000  StripPair_77
pairs_6_23                          1561.8960      0.3    1420.1460    141.7500  0.0000  StripPair_63
pairs_6_24                          1555.8480      0.3    1411.0740    144.7740  0.0000  StripPair_49
pairs_6_25                          1561.8960      0.3    1418.6340    143.2620  0.0000  StripPair_35
pairs_6_26                          1575.7560      0.3    1432.1160    143.6400  0.0000  StripPair_21
pairs_6_27                          1585.4580      0.3    1446.1020    139.3560  0.0000  StripPair_7
pairs_6_3                           1554.9660      0.3    1412.8380    142.1280  0.0000  StripPair_343
pairs_6_4                           1570.3380      0.3    1427.0760    143.2620  0.0000  StripPair_329
pairs_6_5                           1560.0060      0.3    1417.5000    142.5060  0.0000  StripPair_315
pairs_6_6                           1553.4540      0.3    1411.7040    141.7500  0.0000  StripPair_301
pairs_6_7                           1568.1960      0.3    1424.1780    144.0180  0.0000  StripPair_287
pairs_6_8                           1564.9200      0.3    1422.4140    142.5060  0.0000  StripPair_273
pairs_6_9                           1562.4000      0.3    1419.5160    142.8840  0.0000  StripPair_259
pairs_7                             1383.2280      0.2    1238.4540    144.7740  0.0000  StripPair_384
pairs_7_1                           1565.2980      0.3    1423.9260    141.3720  0.0000  StripPair_370
pairs_7_10                          1557.3600      0.3    1414.4760    142.8840  0.0000  StripPair_244
pairs_7_11                          1562.5260      0.3    1418.8860    143.6400  0.0000  StripPair_230
pairs_7_12                          1570.8420      0.3    1427.9580    142.8840  0.0000  StripPair_216
pairs_7_13                          1557.4860      0.3    1415.7360    141.7500  0.0000  StripPair_202
pairs_7_14                          1485.1620      0.2    1343.7900    141.3720  0.0000  StripPair_188
pairs_7_15                          1566.0540      0.3    1422.0360    144.0180  0.0000  StripPair_174
pairs_7_16                          1564.9200      0.3    1420.9020    144.0180  0.0000  StripPair_160
pairs_7_17                          1566.8100      0.3    1423.5480    143.2620  0.0000  StripPair_146
pairs_7_18                          1573.4880      0.3    1431.7380    141.7500  0.0000  StripPair_132
pairs_7_19                          1573.6140      0.3    1431.1080    142.5060  0.0000  StripPair_118
pairs_7_2                           1560.6360      0.3    1418.5080    142.1280  0.0000  StripPair_356
pairs_7_20                          1566.5580      0.3    1422.9180    143.6400  0.0000  StripPair_104
pairs_7_21                          1573.8660      0.3    1429.0920    144.7740  0.0000  StripPair_90
pairs_7_22                          1558.4940      0.3    1412.9640    145.5300  0.0000  StripPair_76
pairs_7_23                          1563.1560      0.3    1419.8940    143.2620  0.0000  StripPair_62
pairs_7_24                          1559.6280      0.3    1415.2320    144.3960  0.0000  StripPair_48
pairs_7_25                          1565.0460      0.3    1421.7840    143.2620  0.0000  StripPair_34
pairs_7_26                          1541.3580      0.3    1399.2300    142.1280  0.0000  StripPair_20
pairs_7_27                          1580.2920      0.3    1441.1880    139.1040  0.0000  StripPair_6
pairs_7_3                           1576.2600      0.3    1432.6200    143.6400  0.0000  StripPair_342
pairs_7_4                           1560.2580      0.3    1418.8860    141.3720  0.0000  StripPair_328
pairs_7_5                           1573.3620      0.3    1430.4780    142.8840  0.0000  StripPair_314
pairs_7_6                           1553.7060      0.3    1409.6880    144.0180  0.0000  StripPair_300
pairs_7_7                           1561.5180      0.3    1417.1220    144.3960  0.0000  StripPair_286
pairs_7_8                           1561.0140      0.3    1419.6420    141.3720  0.0000  StripPair_272
pairs_7_9                           1564.4160      0.3    1423.0440    141.3720  0.0000  StripPair_258
pairs_8                             1374.4080      0.2    1231.1460    143.2620  0.0000  StripPair_383
pairs_8_1                           1575.3780      0.3    1432.1160    143.2620  0.0000  StripPair_369
pairs_8_10                          1563.2820      0.3    1421.5320    141.7500  0.0000  StripPair_243
pairs_8_11                          1561.7700      0.3    1417.7520    144.0180  0.0000  StripPair_229
pairs_8_12                          1569.0780      0.3    1427.3280    141.7500  0.0000  StripPair_215
pairs_8_13                          1569.0780      0.3    1426.1940    142.8840  0.0000  StripPair_201
pairs_8_14                          1483.1460      0.2    1344.0420    139.1040  0.0000  StripPair_187
pairs_8_15                          1579.6620      0.3    1438.2900    141.3720  0.0000  StripPair_173
pairs_8_16                          1567.9440      0.3    1423.9260    144.0180  0.0000  StripPair_159
pairs_8_17                          1566.8100      0.3    1426.5720    140.2380  0.0000  StripPair_145
pairs_8_18                          1559.2500      0.3    1418.2560    140.9940  0.0000  StripPair_131
pairs_8_19                          1561.1400      0.3    1415.6100    145.5300  0.0000  StripPair_117
pairs_8_2                           1559.1240      0.3    1416.9960    142.1280  0.0000  StripPair_355
pairs_8_20                          1565.5500      0.3    1421.5320    144.0180  0.0000  StripPair_103
pairs_8_21                          1575.5040      0.3    1430.3520    145.1520  0.0000  StripPair_89
pairs_8_22                          1559.8800      0.3    1416.9960    142.8840  0.0000  StripPair_75
pairs_8_23                          1571.3460      0.3    1426.1940    145.1520  0.0000  StripPair_61
pairs_8_24                          1576.7640      0.3    1433.5020    143.2620  0.0000  StripPair_47
pairs_8_25                          1569.0780      0.3    1425.0600    144.0180  0.0000  StripPair_33
pairs_8_26                          1553.2020      0.3    1411.8300    141.3720  0.0000  StripPair_19
pairs_8_27                          1580.2920      0.3    1441.5660    138.7260  0.0000  StripPair_5
pairs_8_3                           1558.2420      0.3    1414.9800    143.2620  0.0000  StripPair_341
pairs_8_4                           1549.1700      0.3    1405.1520    144.0180  0.0000  StripPair_327
pairs_8_5                           1561.7700      0.3    1418.8860    142.8840  0.0000  StripPair_313
pairs_8_6                           1554.0840      0.3    1412.7120    141.3720  0.0000  StripPair_299
pairs_8_7                           1564.9200      0.3    1422.0360    142.8840  0.0000  StripPair_285
pairs_8_8                           1549.4220      0.3    1407.6720    141.7500  0.0000  StripPair_271
pairs_8_9                           1568.1960      0.3    1424.5560    143.6400  0.0000  StripPair_257
pairs_9                             1384.7400      0.2    1240.3440    144.3960  0.0000  StripPair_382
pairs_9_1                           1563.9120      0.3    1422.5400    141.3720  0.0000  StripPair_368
pairs_9_10                          1554.3360      0.3    1411.8300    142.5060  0.0000  StripPair_242
pairs_9_11                          1559.6280      0.3    1415.2320    144.3960  0.0000  StripPair_228
pairs_9_12                          1560.7620      0.3    1417.1220    143.6400  0.0000  StripPair_214
pairs_9_13                          1560.5100      0.3    1419.8940    140.6160  0.0000  StripPair_200
pairs_9_14                          1482.5160      0.2    1343.7900    138.7260  0.0000  StripPair_186
pairs_9_15                          1562.7780      0.3    1421.0280    141.7500  0.0000  StripPair_172
pairs_9_16                          1564.5420      0.3    1423.1700    141.3720  0.0000  StripPair_158
pairs_9_17                          1565.2980      0.3    1424.6820    140.6160  0.0000  StripPair_144
pairs_9_18                          1568.1960      0.3    1424.1780    144.0180  0.0000  StripPair_130
pairs_9_19                          1568.4480      0.3    1425.5640    142.8840  0.0000  StripPair_116
pairs_9_2                           1567.0620      0.3    1423.8000    143.2620  0.0000  StripPair_354
pairs_9_20                          1570.9680      0.3    1428.4620    142.5060  0.0000  StripPair_102
pairs_9_21                          1565.0460      0.3    1421.0280    144.0180  0.0000  StripPair_88
pairs_9_22                          1572.3540      0.3    1427.5800    144.7740  0.0000  StripPair_74
pairs_9_23                          1564.6680      0.3    1420.6500    144.0180  0.0000  StripPair_60
pairs_9_24                          1570.8420      0.3    1426.8240    144.0180  0.0000  StripPair_46
pairs_9_25                          1556.3520      0.3    1415.3580    140.9940  0.0000  StripPair_32
pairs_9_26                          1569.9600      0.3    1426.3200    143.6400  0.0000  StripPair_18
pairs_9_27                          1593.6480      0.3    1453.0320    140.6160  0.0000  StripPair_4
pairs_9_3                           1566.4320      0.3    1424.3040    142.1280  0.0000  StripPair_340
pairs_9_4                           1538.7120      0.3    1396.2060    142.5060  0.0000  StripPair_326
pairs_9_5                           1574.3700      0.3    1430.7300    143.6400  0.0000  StripPair_312
pairs_9_6                           1572.1020      0.3    1427.7060    144.3960  0.0000  StripPair_298
pairs_9_7                           1558.2420      0.3    1415.7360    142.5060  0.0000  StripPair_284
pairs_9_8                           1566.0540      0.3    1422.4140    143.6400  0.0000  StripPair_270
pairs_9_9                           1563.9120      0.3    1420.6500    143.2620  0.0000  StripPair_256
--------------------------------  -----------  -------  -----------  ----------  ------  -------------
Total                                                   554057.0282  55873.4389  0.0000

1
