Information: Updating design information... (UID-85)
Warning: Design 'SystolicArray' contains 2 high-fanout nets. A fanout number of 1000 will be used for delay calculations involving these nets. (TIM-134)
 
****************************************
Report : timing
        -path full
        -delay max
        -nets
        -max_paths 1
        -transition_time
Design : SystolicArray
Version: V-2023.12
Date   : Tue Apr  7 17:06:58 2026
****************************************

 # A fanout number of 1000 was used for high fanout net computations.

Operating Conditions: ffg0p99v0c   Library: tcbn28hpcplusbwp30p140ffg0p99v0c_ccs
Wire Load Model Mode: segmented

  Startpoint: pairs_13_3/left/regS_bits_reg[2]
              (rising edge-triggered flip-flop clocked by ideal_clock1)
  Endpoint: pairs_13_4/left/regS_bits_reg[12]
            (rising edge-triggered flip-flop clocked by ideal_clock1)
  Path Group: ideal_clock1
  Path Type: max

  Des/Clust/Port     Wire Load Model       Library
  ------------------------------------------------
  StripPair_350      ZeroWireload          tcbn28hpcplusbwp30p140ffg0p99v0c_ccs
  StripPair_336      ZeroWireload          tcbn28hpcplusbwp30p140ffg0p99v0c_ccs
  StripPair_322      ZeroWireload          tcbn28hpcplusbwp30p140ffg0p99v0c_ccs
  StripPair_308      ZeroWireload          tcbn28hpcplusbwp30p140ffg0p99v0c_ccs
  StripPair_294      ZeroWireload          tcbn28hpcplusbwp30p140ffg0p99v0c_ccs
  StripPair_280      ZeroWireload          tcbn28hpcplusbwp30p140ffg0p99v0c_ccs
  StripPair_266      ZeroWireload          tcbn28hpcplusbwp30p140ffg0p99v0c_ccs
  StripPair_252      ZeroWireload          tcbn28hpcplusbwp30p140ffg0p99v0c_ccs
  StripPair_238      ZeroWireload          tcbn28hpcplusbwp30p140ffg0p99v0c_ccs
  StripPair_224      ZeroWireload          tcbn28hpcplusbwp30p140ffg0p99v0c_ccs
  StripPair_210      ZeroWireload          tcbn28hpcplusbwp30p140ffg0p99v0c_ccs
  StripPair_196      ZeroWireload          tcbn28hpcplusbwp30p140ffg0p99v0c_ccs
  StripPair_182      ZeroWireload          tcbn28hpcplusbwp30p140ffg0p99v0c_ccs
  StripPair_168      ZeroWireload          tcbn28hpcplusbwp30p140ffg0p99v0c_ccs
  StripPair_154      ZeroWireload          tcbn28hpcplusbwp30p140ffg0p99v0c_ccs
  StripPair_140      ZeroWireload          tcbn28hpcplusbwp30p140ffg0p99v0c_ccs
  StripPair_126      ZeroWireload          tcbn28hpcplusbwp30p140ffg0p99v0c_ccs
  StripPair_112      ZeroWireload          tcbn28hpcplusbwp30p140ffg0p99v0c_ccs
  StripPair_98       ZeroWireload          tcbn28hpcplusbwp30p140ffg0p99v0c_ccs
  StripPair_84       ZeroWireload          tcbn28hpcplusbwp30p140ffg0p99v0c_ccs
  StripPair_70       ZeroWireload          tcbn28hpcplusbwp30p140ffg0p99v0c_ccs
  StripPair_56       ZeroWireload          tcbn28hpcplusbwp30p140ffg0p99v0c_ccs
  StripPair_42       ZeroWireload          tcbn28hpcplusbwp30p140ffg0p99v0c_ccs
  StripPair_28       ZeroWireload          tcbn28hpcplusbwp30p140ffg0p99v0c_ccs
  StripPair_14       ZeroWireload          tcbn28hpcplusbwp30p140ffg0p99v0c_ccs
  StripPair_0        ZeroWireload          tcbn28hpcplusbwp30p140ffg0p99v0c_ccs
  StripPair_390      ZeroWireload          tcbn28hpcplusbwp30p140ffg0p99v0c_ccs
  StripPair_389      ZeroWireload          tcbn28hpcplusbwp30p140ffg0p99v0c_ccs
  StripPair_388      ZeroWireload          tcbn28hpcplusbwp30p140ffg0p99v0c_ccs
  StripPair_387      ZeroWireload          tcbn28hpcplusbwp30p140ffg0p99v0c_ccs
  StripPair_386      ZeroWireload          tcbn28hpcplusbwp30p140ffg0p99v0c_ccs
  StripPair_385      ZeroWireload          tcbn28hpcplusbwp30p140ffg0p99v0c_ccs
  StripPair_384      ZeroWireload          tcbn28hpcplusbwp30p140ffg0p99v0c_ccs
  StripPair_383      ZeroWireload          tcbn28hpcplusbwp30p140ffg0p99v0c_ccs
  StripPair_382      ZeroWireload          tcbn28hpcplusbwp30p140ffg0p99v0c_ccs
  StripPair_381      ZeroWireload          tcbn28hpcplusbwp30p140ffg0p99v0c_ccs
  StripPair_380      ZeroWireload          tcbn28hpcplusbwp30p140ffg0p99v0c_ccs
  StripPair_379      ZeroWireload          tcbn28hpcplusbwp30p140ffg0p99v0c_ccs
  StripPair_376      ZeroWireload          tcbn28hpcplusbwp30p140ffg0p99v0c_ccs
  StripPair_375      ZeroWireload          tcbn28hpcplusbwp30p140ffg0p99v0c_ccs
  StripPair_374      ZeroWireload          tcbn28hpcplusbwp30p140ffg0p99v0c_ccs
  StripPair_373      ZeroWireload          tcbn28hpcplusbwp30p140ffg0p99v0c_ccs
  StripPair_372      ZeroWireload          tcbn28hpcplusbwp30p140ffg0p99v0c_ccs
  StripPair_371      ZeroWireload          tcbn28hpcplusbwp30p140ffg0p99v0c_ccs
  StripPair_370      ZeroWireload          tcbn28hpcplusbwp30p140ffg0p99v0c_ccs
  StripPair_369      ZeroWireload          tcbn28hpcplusbwp30p140ffg0p99v0c_ccs
  StripPair_368      ZeroWireload          tcbn28hpcplusbwp30p140ffg0p99v0c_ccs
  StripPair_367      ZeroWireload          tcbn28hpcplusbwp30p140ffg0p99v0c_ccs
  StripPair_366      ZeroWireload          tcbn28hpcplusbwp30p140ffg0p99v0c_ccs
  StripPair_365      ZeroWireload          tcbn28hpcplusbwp30p140ffg0p99v0c_ccs
  StripPair_363      ZeroWireload          tcbn28hpcplusbwp30p140ffg0p99v0c_ccs
  StripPair_362      ZeroWireload          tcbn28hpcplusbwp30p140ffg0p99v0c_ccs
  StripPair_361      ZeroWireload          tcbn28hpcplusbwp30p140ffg0p99v0c_ccs
  StripPair_360      ZeroWireload          tcbn28hpcplusbwp30p140ffg0p99v0c_ccs
  StripPair_359      ZeroWireload          tcbn28hpcplusbwp30p140ffg0p99v0c_ccs
  StripPair_358      ZeroWireload          tcbn28hpcplusbwp30p140ffg0p99v0c_ccs
  StripPair_357      ZeroWireload          tcbn28hpcplusbwp30p140ffg0p99v0c_ccs
  StripPair_356      ZeroWireload          tcbn28hpcplusbwp30p140ffg0p99v0c_ccs
  StripPair_355      ZeroWireload          tcbn28hpcplusbwp30p140ffg0p99v0c_ccs
  StripPair_354      ZeroWireload          tcbn28hpcplusbwp30p140ffg0p99v0c_ccs
  StripPair_353      ZeroWireload          tcbn28hpcplusbwp30p140ffg0p99v0c_ccs
  StripPair_352      ZeroWireload          tcbn28hpcplusbwp30p140ffg0p99v0c_ccs
  StripPair_351      ZeroWireload          tcbn28hpcplusbwp30p140ffg0p99v0c_ccs
  StripPair_349      ZeroWireload          tcbn28hpcplusbwp30p140ffg0p99v0c_ccs
  StripPair_348      ZeroWireload          tcbn28hpcplusbwp30p140ffg0p99v0c_ccs
  StripPair_347      ZeroWireload          tcbn28hpcplusbwp30p140ffg0p99v0c_ccs
  StripPair_346      ZeroWireload          tcbn28hpcplusbwp30p140ffg0p99v0c_ccs
  StripPair_345      ZeroWireload          tcbn28hpcplusbwp30p140ffg0p99v0c_ccs
  StripPair_344      ZeroWireload          tcbn28hpcplusbwp30p140ffg0p99v0c_ccs
  StripPair_343      ZeroWireload          tcbn28hpcplusbwp30p140ffg0p99v0c_ccs
  StripPair_342      ZeroWireload          tcbn28hpcplusbwp30p140ffg0p99v0c_ccs
  StripPair_341      ZeroWireload          tcbn28hpcplusbwp30p140ffg0p99v0c_ccs
  StripPair_340      ZeroWireload          tcbn28hpcplusbwp30p140ffg0p99v0c_ccs
  StripPair_339      ZeroWireload          tcbn28hpcplusbwp30p140ffg0p99v0c_ccs
  StripPair_338      ZeroWireload          tcbn28hpcplusbwp30p140ffg0p99v0c_ccs
  StripPair_337      ZeroWireload          tcbn28hpcplusbwp30p140ffg0p99v0c_ccs
  StripPair_335      ZeroWireload          tcbn28hpcplusbwp30p140ffg0p99v0c_ccs
  StripPair_334      ZeroWireload          tcbn28hpcplusbwp30p140ffg0p99v0c_ccs
  StripPair_333      ZeroWireload          tcbn28hpcplusbwp30p140ffg0p99v0c_ccs
  StripPair_332      ZeroWireload          tcbn28hpcplusbwp30p140ffg0p99v0c_ccs
  StripPair_331      ZeroWireload          tcbn28hpcplusbwp30p140ffg0p99v0c_ccs
  StripPair_330      ZeroWireload          tcbn28hpcplusbwp30p140ffg0p99v0c_ccs
  StripPair_329      ZeroWireload          tcbn28hpcplusbwp30p140ffg0p99v0c_ccs
  StripPair_328      ZeroWireload          tcbn28hpcplusbwp30p140ffg0p99v0c_ccs
  StripPair_327      ZeroWireload          tcbn28hpcplusbwp30p140ffg0p99v0c_ccs
  StripPair_326      ZeroWireload          tcbn28hpcplusbwp30p140ffg0p99v0c_ccs
  StripPair_325      ZeroWireload          tcbn28hpcplusbwp30p140ffg0p99v0c_ccs
  StripPair_324      ZeroWireload          tcbn28hpcplusbwp30p140ffg0p99v0c_ccs
  StripPair_323      ZeroWireload          tcbn28hpcplusbwp30p140ffg0p99v0c_ccs
  StripPair_321      ZeroWireload          tcbn28hpcplusbwp30p140ffg0p99v0c_ccs
  StripPair_320      ZeroWireload          tcbn28hpcplusbwp30p140ffg0p99v0c_ccs
  StripPair_319      ZeroWireload          tcbn28hpcplusbwp30p140ffg0p99v0c_ccs
  StripPair_318      ZeroWireload          tcbn28hpcplusbwp30p140ffg0p99v0c_ccs
  StripPair_317      ZeroWireload          tcbn28hpcplusbwp30p140ffg0p99v0c_ccs
  StripPair_316      ZeroWireload          tcbn28hpcplusbwp30p140ffg0p99v0c_ccs
  StripPair_315      ZeroWireload          tcbn28hpcplusbwp30p140ffg0p99v0c_ccs
  StripPair_314      ZeroWireload          tcbn28hpcplusbwp30p140ffg0p99v0c_ccs
  StripPair_313      ZeroWireload          tcbn28hpcplusbwp30p140ffg0p99v0c_ccs
  StripPair_312      ZeroWireload          tcbn28hpcplusbwp30p140ffg0p99v0c_ccs
  StripPair_311      ZeroWireload          tcbn28hpcplusbwp30p140ffg0p99v0c_ccs
  StripPair_310      ZeroWireload          tcbn28hpcplusbwp30p140ffg0p99v0c_ccs
  StripPair_309      ZeroWireload          tcbn28hpcplusbwp30p140ffg0p99v0c_ccs
  StripPair_307      ZeroWireload          tcbn28hpcplusbwp30p140ffg0p99v0c_ccs
  StripPair_306      ZeroWireload          tcbn28hpcplusbwp30p140ffg0p99v0c_ccs
  StripPair_305      ZeroWireload          tcbn28hpcplusbwp30p140ffg0p99v0c_ccs
  StripPair_304      ZeroWireload          tcbn28hpcplusbwp30p140ffg0p99v0c_ccs
  StripPair_303      ZeroWireload          tcbn28hpcplusbwp30p140ffg0p99v0c_ccs
  StripPair_302      ZeroWireload          tcbn28hpcplusbwp30p140ffg0p99v0c_ccs
  StripPair_301      ZeroWireload          tcbn28hpcplusbwp30p140ffg0p99v0c_ccs
  StripPair_300      ZeroWireload          tcbn28hpcplusbwp30p140ffg0p99v0c_ccs
  StripPair_299      ZeroWireload          tcbn28hpcplusbwp30p140ffg0p99v0c_ccs
  StripPair_298      ZeroWireload          tcbn28hpcplusbwp30p140ffg0p99v0c_ccs
  StripPair_297      ZeroWireload          tcbn28hpcplusbwp30p140ffg0p99v0c_ccs
  StripPair_296      ZeroWireload          tcbn28hpcplusbwp30p140ffg0p99v0c_ccs
  StripPair_295      ZeroWireload          tcbn28hpcplusbwp30p140ffg0p99v0c_ccs
  StripPair_293      ZeroWireload          tcbn28hpcplusbwp30p140ffg0p99v0c_ccs
  StripPair_292      ZeroWireload          tcbn28hpcplusbwp30p140ffg0p99v0c_ccs
  StripPair_291      ZeroWireload          tcbn28hpcplusbwp30p140ffg0p99v0c_ccs
  StripPair_290      ZeroWireload          tcbn28hpcplusbwp30p140ffg0p99v0c_ccs
  StripPair_289      ZeroWireload          tcbn28hpcplusbwp30p140ffg0p99v0c_ccs
  StripPair_288      ZeroWireload          tcbn28hpcplusbwp30p140ffg0p99v0c_ccs
  StripPair_287      ZeroWireload          tcbn28hpcplusbwp30p140ffg0p99v0c_ccs
  StripPair_286      ZeroWireload          tcbn28hpcplusbwp30p140ffg0p99v0c_ccs
  StripPair_285      ZeroWireload          tcbn28hpcplusbwp30p140ffg0p99v0c_ccs
  StripPair_284      ZeroWireload          tcbn28hpcplusbwp30p140ffg0p99v0c_ccs
  StripPair_283      ZeroWireload          tcbn28hpcplusbwp30p140ffg0p99v0c_ccs
  StripPair_282      ZeroWireload          tcbn28hpcplusbwp30p140ffg0p99v0c_ccs
  StripPair_281      ZeroWireload          tcbn28hpcplusbwp30p140ffg0p99v0c_ccs
  StripPair_279      ZeroWireload          tcbn28hpcplusbwp30p140ffg0p99v0c_ccs
  StripPair_278      ZeroWireload          tcbn28hpcplusbwp30p140ffg0p99v0c_ccs
  StripPair_277      ZeroWireload          tcbn28hpcplusbwp30p140ffg0p99v0c_ccs
  StripPair_276      ZeroWireload          tcbn28hpcplusbwp30p140ffg0p99v0c_ccs
  StripPair_275      ZeroWireload          tcbn28hpcplusbwp30p140ffg0p99v0c_ccs
  StripPair_274      ZeroWireload          tcbn28hpcplusbwp30p140ffg0p99v0c_ccs
  StripPair_273      ZeroWireload          tcbn28hpcplusbwp30p140ffg0p99v0c_ccs
  StripPair_272      ZeroWireload          tcbn28hpcplusbwp30p140ffg0p99v0c_ccs
  StripPair_271      ZeroWireload          tcbn28hpcplusbwp30p140ffg0p99v0c_ccs
  StripPair_270      ZeroWireload          tcbn28hpcplusbwp30p140ffg0p99v0c_ccs
  StripPair_269      ZeroWireload          tcbn28hpcplusbwp30p140ffg0p99v0c_ccs
  StripPair_268      ZeroWireload          tcbn28hpcplusbwp30p140ffg0p99v0c_ccs
  StripPair_267      ZeroWireload          tcbn28hpcplusbwp30p140ffg0p99v0c_ccs
  StripPair_265      ZeroWireload          tcbn28hpcplusbwp30p140ffg0p99v0c_ccs
  StripPair_264      ZeroWireload          tcbn28hpcplusbwp30p140ffg0p99v0c_ccs
  StripPair_263      ZeroWireload          tcbn28hpcplusbwp30p140ffg0p99v0c_ccs
  StripPair_262      ZeroWireload          tcbn28hpcplusbwp30p140ffg0p99v0c_ccs
  StripPair_261      ZeroWireload          tcbn28hpcplusbwp30p140ffg0p99v0c_ccs
  StripPair_260      ZeroWireload          tcbn28hpcplusbwp30p140ffg0p99v0c_ccs
  StripPair_259      ZeroWireload          tcbn28hpcplusbwp30p140ffg0p99v0c_ccs
  StripPair_258      ZeroWireload          tcbn28hpcplusbwp30p140ffg0p99v0c_ccs
  StripPair_257      ZeroWireload          tcbn28hpcplusbwp30p140ffg0p99v0c_ccs
  StripPair_256      ZeroWireload          tcbn28hpcplusbwp30p140ffg0p99v0c_ccs
  StripPair_255      ZeroWireload          tcbn28hpcplusbwp30p140ffg0p99v0c_ccs
  StripPair_254      ZeroWireload          tcbn28hpcplusbwp30p140ffg0p99v0c_ccs
  StripPair_253      ZeroWireload          tcbn28hpcplusbwp30p140ffg0p99v0c_ccs
  StripPair_251      ZeroWireload          tcbn28hpcplusbwp30p140ffg0p99v0c_ccs
  StripPair_250      ZeroWireload          tcbn28hpcplusbwp30p140ffg0p99v0c_ccs
  StripPair_249      ZeroWireload          tcbn28hpcplusbwp30p140ffg0p99v0c_ccs
  StripPair_248      ZeroWireload          tcbn28hpcplusbwp30p140ffg0p99v0c_ccs
  StripPair_247      ZeroWireload          tcbn28hpcplusbwp30p140ffg0p99v0c_ccs
  StripPair_246      ZeroWireload          tcbn28hpcplusbwp30p140ffg0p99v0c_ccs
  StripPair_245      ZeroWireload          tcbn28hpcplusbwp30p140ffg0p99v0c_ccs
  StripPair_244      ZeroWireload          tcbn28hpcplusbwp30p140ffg0p99v0c_ccs
  StripPair_243      ZeroWireload          tcbn28hpcplusbwp30p140ffg0p99v0c_ccs
  StripPair_242      ZeroWireload          tcbn28hpcplusbwp30p140ffg0p99v0c_ccs
  StripPair_241      ZeroWireload          tcbn28hpcplusbwp30p140ffg0p99v0c_ccs
  StripPair_240      ZeroWireload          tcbn28hpcplusbwp30p140ffg0p99v0c_ccs
  StripPair_239      ZeroWireload          tcbn28hpcplusbwp30p140ffg0p99v0c_ccs
  StripPair_237      ZeroWireload          tcbn28hpcplusbwp30p140ffg0p99v0c_ccs
  StripPair_236      ZeroWireload          tcbn28hpcplusbwp30p140ffg0p99v0c_ccs
  StripPair_235      ZeroWireload          tcbn28hpcplusbwp30p140ffg0p99v0c_ccs
  StripPair_234      ZeroWireload          tcbn28hpcplusbwp30p140ffg0p99v0c_ccs
  StripPair_233      ZeroWireload          tcbn28hpcplusbwp30p140ffg0p99v0c_ccs
  StripPair_232      ZeroWireload          tcbn28hpcplusbwp30p140ffg0p99v0c_ccs
  StripPair_231      ZeroWireload          tcbn28hpcplusbwp30p140ffg0p99v0c_ccs
  StripPair_230      ZeroWireload          tcbn28hpcplusbwp30p140ffg0p99v0c_ccs
  StripPair_229      ZeroWireload          tcbn28hpcplusbwp30p140ffg0p99v0c_ccs
  StripPair_228      ZeroWireload          tcbn28hpcplusbwp30p140ffg0p99v0c_ccs
  StripPair_227      ZeroWireload          tcbn28hpcplusbwp30p140ffg0p99v0c_ccs
  StripPair_226      ZeroWireload          tcbn28hpcplusbwp30p140ffg0p99v0c_ccs
  StripPair_225      ZeroWireload          tcbn28hpcplusbwp30p140ffg0p99v0c_ccs
  StripPair_223      ZeroWireload          tcbn28hpcplusbwp30p140ffg0p99v0c_ccs
  StripPair_222      ZeroWireload          tcbn28hpcplusbwp30p140ffg0p99v0c_ccs
  StripPair_221      ZeroWireload          tcbn28hpcplusbwp30p140ffg0p99v0c_ccs
  StripPair_220      ZeroWireload          tcbn28hpcplusbwp30p140ffg0p99v0c_ccs
  StripPair_219      ZeroWireload          tcbn28hpcplusbwp30p140ffg0p99v0c_ccs
  StripPair_218      ZeroWireload          tcbn28hpcplusbwp30p140ffg0p99v0c_ccs
  StripPair_217      ZeroWireload          tcbn28hpcplusbwp30p140ffg0p99v0c_ccs
  StripPair_216      ZeroWireload          tcbn28hpcplusbwp30p140ffg0p99v0c_ccs
  StripPair_215      ZeroWireload          tcbn28hpcplusbwp30p140ffg0p99v0c_ccs
  StripPair_214      ZeroWireload          tcbn28hpcplusbwp30p140ffg0p99v0c_ccs
  StripPair_213      ZeroWireload          tcbn28hpcplusbwp30p140ffg0p99v0c_ccs
  StripPair_212      ZeroWireload          tcbn28hpcplusbwp30p140ffg0p99v0c_ccs
  StripPair_211      ZeroWireload          tcbn28hpcplusbwp30p140ffg0p99v0c_ccs
  StripPair_209      ZeroWireload          tcbn28hpcplusbwp30p140ffg0p99v0c_ccs
  StripPair_208      ZeroWireload          tcbn28hpcplusbwp30p140ffg0p99v0c_ccs
  StripPair_207      ZeroWireload          tcbn28hpcplusbwp30p140ffg0p99v0c_ccs
  StripPair_206      ZeroWireload          tcbn28hpcplusbwp30p140ffg0p99v0c_ccs
  StripPair_205      ZeroWireload          tcbn28hpcplusbwp30p140ffg0p99v0c_ccs
  StripPair_204      ZeroWireload          tcbn28hpcplusbwp30p140ffg0p99v0c_ccs
  StripPair_203      ZeroWireload          tcbn28hpcplusbwp30p140ffg0p99v0c_ccs
  StripPair_202      ZeroWireload          tcbn28hpcplusbwp30p140ffg0p99v0c_ccs
  StripPair_201      ZeroWireload          tcbn28hpcplusbwp30p140ffg0p99v0c_ccs
  StripPair_200      ZeroWireload          tcbn28hpcplusbwp30p140ffg0p99v0c_ccs
  StripPair_199      ZeroWireload          tcbn28hpcplusbwp30p140ffg0p99v0c_ccs
  StripPair_198      ZeroWireload          tcbn28hpcplusbwp30p140ffg0p99v0c_ccs
  StripPair_197      ZeroWireload          tcbn28hpcplusbwp30p140ffg0p99v0c_ccs
  StripPair_195      ZeroWireload          tcbn28hpcplusbwp30p140ffg0p99v0c_ccs
  StripPair_194      ZeroWireload          tcbn28hpcplusbwp30p140ffg0p99v0c_ccs
  StripPair_193      ZeroWireload          tcbn28hpcplusbwp30p140ffg0p99v0c_ccs
  StripPair_192      ZeroWireload          tcbn28hpcplusbwp30p140ffg0p99v0c_ccs
  StripPair_191      ZeroWireload          tcbn28hpcplusbwp30p140ffg0p99v0c_ccs
  StripPair_190      ZeroWireload          tcbn28hpcplusbwp30p140ffg0p99v0c_ccs
  StripPair_189      ZeroWireload          tcbn28hpcplusbwp30p140ffg0p99v0c_ccs
  StripPair_188      ZeroWireload          tcbn28hpcplusbwp30p140ffg0p99v0c_ccs
  StripPair_187      ZeroWireload          tcbn28hpcplusbwp30p140ffg0p99v0c_ccs
  StripPair_186      ZeroWireload          tcbn28hpcplusbwp30p140ffg0p99v0c_ccs
  StripPair_185      ZeroWireload          tcbn28hpcplusbwp30p140ffg0p99v0c_ccs
  StripPair_184      ZeroWireload          tcbn28hpcplusbwp30p140ffg0p99v0c_ccs
  StripPair_183      ZeroWireload          tcbn28hpcplusbwp30p140ffg0p99v0c_ccs
  StripPair_181      ZeroWireload          tcbn28hpcplusbwp30p140ffg0p99v0c_ccs
  StripPair_180      ZeroWireload          tcbn28hpcplusbwp30p140ffg0p99v0c_ccs
  StripPair_179      ZeroWireload          tcbn28hpcplusbwp30p140ffg0p99v0c_ccs
  StripPair_178      ZeroWireload          tcbn28hpcplusbwp30p140ffg0p99v0c_ccs
  StripPair_177      ZeroWireload          tcbn28hpcplusbwp30p140ffg0p99v0c_ccs
  StripPair_176      ZeroWireload          tcbn28hpcplusbwp30p140ffg0p99v0c_ccs
  StripPair_175      ZeroWireload          tcbn28hpcplusbwp30p140ffg0p99v0c_ccs
  StripPair_174      ZeroWireload          tcbn28hpcplusbwp30p140ffg0p99v0c_ccs
  StripPair_173      ZeroWireload          tcbn28hpcplusbwp30p140ffg0p99v0c_ccs
  StripPair_172      ZeroWireload          tcbn28hpcplusbwp30p140ffg0p99v0c_ccs
  StripPair_171      ZeroWireload          tcbn28hpcplusbwp30p140ffg0p99v0c_ccs
  StripPair_170      ZeroWireload          tcbn28hpcplusbwp30p140ffg0p99v0c_ccs
  StripPair_169      ZeroWireload          tcbn28hpcplusbwp30p140ffg0p99v0c_ccs
  StripPair_167      ZeroWireload          tcbn28hpcplusbwp30p140ffg0p99v0c_ccs
  StripPair_166      ZeroWireload          tcbn28hpcplusbwp30p140ffg0p99v0c_ccs
  StripPair_165      ZeroWireload          tcbn28hpcplusbwp30p140ffg0p99v0c_ccs
  StripPair_164      ZeroWireload          tcbn28hpcplusbwp30p140ffg0p99v0c_ccs
  StripPair_163      ZeroWireload          tcbn28hpcplusbwp30p140ffg0p99v0c_ccs
  StripPair_162      ZeroWireload          tcbn28hpcplusbwp30p140ffg0p99v0c_ccs
  StripPair_161      ZeroWireload          tcbn28hpcplusbwp30p140ffg0p99v0c_ccs
  StripPair_160      ZeroWireload          tcbn28hpcplusbwp30p140ffg0p99v0c_ccs
  StripPair_159      ZeroWireload          tcbn28hpcplusbwp30p140ffg0p99v0c_ccs
  StripPair_158      ZeroWireload          tcbn28hpcplusbwp30p140ffg0p99v0c_ccs
  StripPair_157      ZeroWireload          tcbn28hpcplusbwp30p140ffg0p99v0c_ccs
  StripPair_156      ZeroWireload          tcbn28hpcplusbwp30p140ffg0p99v0c_ccs
  StripPair_155      ZeroWireload          tcbn28hpcplusbwp30p140ffg0p99v0c_ccs
  StripPair_153      ZeroWireload          tcbn28hpcplusbwp30p140ffg0p99v0c_ccs
  StripPair_152      ZeroWireload          tcbn28hpcplusbwp30p140ffg0p99v0c_ccs
  StripPair_151      ZeroWireload          tcbn28hpcplusbwp30p140ffg0p99v0c_ccs
  StripPair_150      ZeroWireload          tcbn28hpcplusbwp30p140ffg0p99v0c_ccs
  StripPair_149      ZeroWireload          tcbn28hpcplusbwp30p140ffg0p99v0c_ccs
  StripPair_148      ZeroWireload          tcbn28hpcplusbwp30p140ffg0p99v0c_ccs
  StripPair_147      ZeroWireload          tcbn28hpcplusbwp30p140ffg0p99v0c_ccs
  StripPair_146      ZeroWireload          tcbn28hpcplusbwp30p140ffg0p99v0c_ccs
  StripPair_145      ZeroWireload          tcbn28hpcplusbwp30p140ffg0p99v0c_ccs
  StripPair_144      ZeroWireload          tcbn28hpcplusbwp30p140ffg0p99v0c_ccs
  StripPair_143      ZeroWireload          tcbn28hpcplusbwp30p140ffg0p99v0c_ccs
  StripPair_142      ZeroWireload          tcbn28hpcplusbwp30p140ffg0p99v0c_ccs
  StripPair_141      ZeroWireload          tcbn28hpcplusbwp30p140ffg0p99v0c_ccs
  StripPair_139      ZeroWireload          tcbn28hpcplusbwp30p140ffg0p99v0c_ccs
  StripPair_138      ZeroWireload          tcbn28hpcplusbwp30p140ffg0p99v0c_ccs
  StripPair_137      ZeroWireload          tcbn28hpcplusbwp30p140ffg0p99v0c_ccs
  StripPair_136      ZeroWireload          tcbn28hpcplusbwp30p140ffg0p99v0c_ccs
  StripPair_135      ZeroWireload          tcbn28hpcplusbwp30p140ffg0p99v0c_ccs
  StripPair_134      ZeroWireload          tcbn28hpcplusbwp30p140ffg0p99v0c_ccs
  StripPair_133      ZeroWireload          tcbn28hpcplusbwp30p140ffg0p99v0c_ccs
  StripPair_132      ZeroWireload          tcbn28hpcplusbwp30p140ffg0p99v0c_ccs
  StripPair_131      ZeroWireload          tcbn28hpcplusbwp30p140ffg0p99v0c_ccs
  StripPair_130      ZeroWireload          tcbn28hpcplusbwp30p140ffg0p99v0c_ccs
  StripPair_129      ZeroWireload          tcbn28hpcplusbwp30p140ffg0p99v0c_ccs
  StripPair_128      ZeroWireload          tcbn28hpcplusbwp30p140ffg0p99v0c_ccs
  StripPair_127      ZeroWireload          tcbn28hpcplusbwp30p140ffg0p99v0c_ccs
  StripPair_125      ZeroWireload          tcbn28hpcplusbwp30p140ffg0p99v0c_ccs
  StripPair_124      ZeroWireload          tcbn28hpcplusbwp30p140ffg0p99v0c_ccs
  StripPair_123      ZeroWireload          tcbn28hpcplusbwp30p140ffg0p99v0c_ccs
  StripPair_122      ZeroWireload          tcbn28hpcplusbwp30p140ffg0p99v0c_ccs
  StripPair_121      ZeroWireload          tcbn28hpcplusbwp30p140ffg0p99v0c_ccs
  StripPair_120      ZeroWireload          tcbn28hpcplusbwp30p140ffg0p99v0c_ccs
  StripPair_119      ZeroWireload          tcbn28hpcplusbwp30p140ffg0p99v0c_ccs
  StripPair_118      ZeroWireload          tcbn28hpcplusbwp30p140ffg0p99v0c_ccs
  StripPair_117      ZeroWireload          tcbn28hpcplusbwp30p140ffg0p99v0c_ccs
  StripPair_116      ZeroWireload          tcbn28hpcplusbwp30p140ffg0p99v0c_ccs
  StripPair_115      ZeroWireload          tcbn28hpcplusbwp30p140ffg0p99v0c_ccs
  StripPair_114      ZeroWireload          tcbn28hpcplusbwp30p140ffg0p99v0c_ccs
  StripPair_113      ZeroWireload          tcbn28hpcplusbwp30p140ffg0p99v0c_ccs
  StripPair_111      ZeroWireload          tcbn28hpcplusbwp30p140ffg0p99v0c_ccs
  StripPair_110      ZeroWireload          tcbn28hpcplusbwp30p140ffg0p99v0c_ccs
  StripPair_109      ZeroWireload          tcbn28hpcplusbwp30p140ffg0p99v0c_ccs
  StripPair_108      ZeroWireload          tcbn28hpcplusbwp30p140ffg0p99v0c_ccs
  StripPair_107      ZeroWireload          tcbn28hpcplusbwp30p140ffg0p99v0c_ccs
  StripPair_106      ZeroWireload          tcbn28hpcplusbwp30p140ffg0p99v0c_ccs
  StripPair_105      ZeroWireload          tcbn28hpcplusbwp30p140ffg0p99v0c_ccs
  StripPair_104      ZeroWireload          tcbn28hpcplusbwp30p140ffg0p99v0c_ccs
  StripPair_103      ZeroWireload          tcbn28hpcplusbwp30p140ffg0p99v0c_ccs
  StripPair_102      ZeroWireload          tcbn28hpcplusbwp30p140ffg0p99v0c_ccs
  StripPair_101      ZeroWireload          tcbn28hpcplusbwp30p140ffg0p99v0c_ccs
  StripPair_100      ZeroWireload          tcbn28hpcplusbwp30p140ffg0p99v0c_ccs
  StripPair_99       ZeroWireload          tcbn28hpcplusbwp30p140ffg0p99v0c_ccs
  StripPair_97       ZeroWireload          tcbn28hpcplusbwp30p140ffg0p99v0c_ccs
  StripPair_96       ZeroWireload          tcbn28hpcplusbwp30p140ffg0p99v0c_ccs
  StripPair_95       ZeroWireload          tcbn28hpcplusbwp30p140ffg0p99v0c_ccs
  StripPair_94       ZeroWireload          tcbn28hpcplusbwp30p140ffg0p99v0c_ccs
  StripPair_93       ZeroWireload          tcbn28hpcplusbwp30p140ffg0p99v0c_ccs
  StripPair_92       ZeroWireload          tcbn28hpcplusbwp30p140ffg0p99v0c_ccs
  StripPair_91       ZeroWireload          tcbn28hpcplusbwp30p140ffg0p99v0c_ccs
  StripPair_90       ZeroWireload          tcbn28hpcplusbwp30p140ffg0p99v0c_ccs
  StripPair_89       ZeroWireload          tcbn28hpcplusbwp30p140ffg0p99v0c_ccs
  StripPair_88       ZeroWireload          tcbn28hpcplusbwp30p140ffg0p99v0c_ccs
  StripPair_87       ZeroWireload          tcbn28hpcplusbwp30p140ffg0p99v0c_ccs
  StripPair_86       ZeroWireload          tcbn28hpcplusbwp30p140ffg0p99v0c_ccs
  StripPair_85       ZeroWireload          tcbn28hpcplusbwp30p140ffg0p99v0c_ccs
  StripPair_83       ZeroWireload          tcbn28hpcplusbwp30p140ffg0p99v0c_ccs
  StripPair_82       ZeroWireload          tcbn28hpcplusbwp30p140ffg0p99v0c_ccs
  StripPair_81       ZeroWireload          tcbn28hpcplusbwp30p140ffg0p99v0c_ccs
  StripPair_80       ZeroWireload          tcbn28hpcplusbwp30p140ffg0p99v0c_ccs
  StripPair_79       ZeroWireload          tcbn28hpcplusbwp30p140ffg0p99v0c_ccs
  StripPair_78       ZeroWireload          tcbn28hpcplusbwp30p140ffg0p99v0c_ccs
  StripPair_77       ZeroWireload          tcbn28hpcplusbwp30p140ffg0p99v0c_ccs
  StripPair_76       ZeroWireload          tcbn28hpcplusbwp30p140ffg0p99v0c_ccs
  StripPair_75       ZeroWireload          tcbn28hpcplusbwp30p140ffg0p99v0c_ccs
  StripPair_74       ZeroWireload          tcbn28hpcplusbwp30p140ffg0p99v0c_ccs
  StripPair_73       ZeroWireload          tcbn28hpcplusbwp30p140ffg0p99v0c_ccs
  StripPair_72       ZeroWireload          tcbn28hpcplusbwp30p140ffg0p99v0c_ccs
  StripPair_71       ZeroWireload          tcbn28hpcplusbwp30p140ffg0p99v0c_ccs
  StripPair_69       ZeroWireload          tcbn28hpcplusbwp30p140ffg0p99v0c_ccs
  StripPair_68       ZeroWireload          tcbn28hpcplusbwp30p140ffg0p99v0c_ccs
  StripPair_67       ZeroWireload          tcbn28hpcplusbwp30p140ffg0p99v0c_ccs
  StripPair_66       ZeroWireload          tcbn28hpcplusbwp30p140ffg0p99v0c_ccs
  StripPair_65       ZeroWireload          tcbn28hpcplusbwp30p140ffg0p99v0c_ccs
  StripPair_64       ZeroWireload          tcbn28hpcplusbwp30p140ffg0p99v0c_ccs
  StripPair_63       ZeroWireload          tcbn28hpcplusbwp30p140ffg0p99v0c_ccs
  StripPair_62       ZeroWireload          tcbn28hpcplusbwp30p140ffg0p99v0c_ccs
  StripPair_61       ZeroWireload          tcbn28hpcplusbwp30p140ffg0p99v0c_ccs
  StripPair_60       ZeroWireload          tcbn28hpcplusbwp30p140ffg0p99v0c_ccs
  StripPair_59       ZeroWireload          tcbn28hpcplusbwp30p140ffg0p99v0c_ccs
  StripPair_58       ZeroWireload          tcbn28hpcplusbwp30p140ffg0p99v0c_ccs
  StripPair_57       ZeroWireload          tcbn28hpcplusbwp30p140ffg0p99v0c_ccs
  StripPair_55       ZeroWireload          tcbn28hpcplusbwp30p140ffg0p99v0c_ccs
  StripPair_54       ZeroWireload          tcbn28hpcplusbwp30p140ffg0p99v0c_ccs
  StripPair_53       ZeroWireload          tcbn28hpcplusbwp30p140ffg0p99v0c_ccs
  StripPair_52       ZeroWireload          tcbn28hpcplusbwp30p140ffg0p99v0c_ccs
  StripPair_51       ZeroWireload          tcbn28hpcplusbwp30p140ffg0p99v0c_ccs
  StripPair_50       ZeroWireload          tcbn28hpcplusbwp30p140ffg0p99v0c_ccs
  StripPair_49       ZeroWireload          tcbn28hpcplusbwp30p140ffg0p99v0c_ccs
  StripPair_48       ZeroWireload          tcbn28hpcplusbwp30p140ffg0p99v0c_ccs
  StripPair_47       ZeroWireload          tcbn28hpcplusbwp30p140ffg0p99v0c_ccs
  StripPair_46       ZeroWireload          tcbn28hpcplusbwp30p140ffg0p99v0c_ccs
  StripPair_45       ZeroWireload          tcbn28hpcplusbwp30p140ffg0p99v0c_ccs
  StripPair_44       ZeroWireload          tcbn28hpcplusbwp30p140ffg0p99v0c_ccs
  StripPair_43       ZeroWireload          tcbn28hpcplusbwp30p140ffg0p99v0c_ccs
  StripPair_41       ZeroWireload          tcbn28hpcplusbwp30p140ffg0p99v0c_ccs
  StripPair_40       ZeroWireload          tcbn28hpcplusbwp30p140ffg0p99v0c_ccs
  StripPair_39       ZeroWireload          tcbn28hpcplusbwp30p140ffg0p99v0c_ccs
  StripPair_38       ZeroWireload          tcbn28hpcplusbwp30p140ffg0p99v0c_ccs
  StripPair_37       ZeroWireload          tcbn28hpcplusbwp30p140ffg0p99v0c_ccs
  StripPair_36       ZeroWireload          tcbn28hpcplusbwp30p140ffg0p99v0c_ccs
  StripPair_35       ZeroWireload          tcbn28hpcplusbwp30p140ffg0p99v0c_ccs
  StripPair_34       ZeroWireload          tcbn28hpcplusbwp30p140ffg0p99v0c_ccs
  StripPair_33       ZeroWireload          tcbn28hpcplusbwp30p140ffg0p99v0c_ccs
  StripPair_32       ZeroWireload          tcbn28hpcplusbwp30p140ffg0p99v0c_ccs
  StripPair_31       ZeroWireload          tcbn28hpcplusbwp30p140ffg0p99v0c_ccs
  StripPair_30       ZeroWireload          tcbn28hpcplusbwp30p140ffg0p99v0c_ccs
  StripPair_29       ZeroWireload          tcbn28hpcplusbwp30p140ffg0p99v0c_ccs
  StripPair_27       ZeroWireload          tcbn28hpcplusbwp30p140ffg0p99v0c_ccs
  StripPair_26       ZeroWireload          tcbn28hpcplusbwp30p140ffg0p99v0c_ccs
  StripPair_25       ZeroWireload          tcbn28hpcplusbwp30p140ffg0p99v0c_ccs
  StripPair_24       ZeroWireload          tcbn28hpcplusbwp30p140ffg0p99v0c_ccs
  StripPair_23       ZeroWireload          tcbn28hpcplusbwp30p140ffg0p99v0c_ccs
  StripPair_22       ZeroWireload          tcbn28hpcplusbwp30p140ffg0p99v0c_ccs
  StripPair_21       ZeroWireload          tcbn28hpcplusbwp30p140ffg0p99v0c_ccs
  StripPair_20       ZeroWireload          tcbn28hpcplusbwp30p140ffg0p99v0c_ccs
  StripPair_19       ZeroWireload          tcbn28hpcplusbwp30p140ffg0p99v0c_ccs
  StripPair_18       ZeroWireload          tcbn28hpcplusbwp30p140ffg0p99v0c_ccs
  StripPair_17       ZeroWireload          tcbn28hpcplusbwp30p140ffg0p99v0c_ccs
  StripPair_16       ZeroWireload          tcbn28hpcplusbwp30p140ffg0p99v0c_ccs
  StripPair_15       ZeroWireload          tcbn28hpcplusbwp30p140ffg0p99v0c_ccs
  StripPair_13       ZeroWireload          tcbn28hpcplusbwp30p140ffg0p99v0c_ccs
  StripPair_12       ZeroWireload          tcbn28hpcplusbwp30p140ffg0p99v0c_ccs
  StripPair_11       ZeroWireload          tcbn28hpcplusbwp30p140ffg0p99v0c_ccs
  StripPair_10       ZeroWireload          tcbn28hpcplusbwp30p140ffg0p99v0c_ccs
  StripPair_9        ZeroWireload          tcbn28hpcplusbwp30p140ffg0p99v0c_ccs
  StripPair_8        ZeroWireload          tcbn28hpcplusbwp30p140ffg0p99v0c_ccs
  StripPair_7        ZeroWireload          tcbn28hpcplusbwp30p140ffg0p99v0c_ccs
  StripPair_6        ZeroWireload          tcbn28hpcplusbwp30p140ffg0p99v0c_ccs
  StripPair_5        ZeroWireload          tcbn28hpcplusbwp30p140ffg0p99v0c_ccs
  StripPair_4        ZeroWireload          tcbn28hpcplusbwp30p140ffg0p99v0c_ccs
  StripPair_3        ZeroWireload          tcbn28hpcplusbwp30p140ffg0p99v0c_ccs
  StripPair_2        ZeroWireload          tcbn28hpcplusbwp30p140ffg0p99v0c_ccs
  StripPair_1        ZeroWireload          tcbn28hpcplusbwp30p140ffg0p99v0c_ccs
  StripPair_364      ZeroWireload          tcbn28hpcplusbwp30p140ffg0p99v0c_ccs
  StripPair_377      ZeroWireload          tcbn28hpcplusbwp30p140ffg0p99v0c_ccs
  StripPair_378      ZeroWireload          tcbn28hpcplusbwp30p140ffg0p99v0c_ccs
  SystolicArray      ZeroWireload          tcbn28hpcplusbwp30p140ffg0p99v0c_ccs
  StripPair_391      ZeroWireload          tcbn28hpcplusbwp30p140ffg0p99v0c_ccs

Attributes:
    d - dont_touch
    u - dont_use
   mo - map_only
   so - size_only
    i - ideal_net or ideal_network
  inf - infeasible path

  Point                                                         Fanout     Trans      Incr       Path      Attributes
  ---------------------------------------------------------------------------------------------------------------------------
  clock ideal_clock1 (rise edge)                                                      0.00       0.00
  clock network delay (ideal)                                                         0.00       0.00
  pairs_13_3/left/regS_bits_reg[2]/CP (DFQD2BWP30P140)                      0.00      0.00 #     0.00 r
  pairs_13_3/left/regS_bits_reg[2]/Q (DFQD2BWP30P140)                       0.01      0.04       0.04 f
  pairs_13_3/_left_io_outRightP_bits[2] (net)                     4                   0.00       0.04 f
  pairs_13_3/U607/Z (CKMUX2D0BWP30P140)                                     0.02      0.02       0.06 f
  pairs_13_3/io_southOut_0_bits[2] (net)                          5                   0.00       0.06 f
  pairs_13_3/io_southOut_0_bits[2] (StripPair_336)                                    0.00       0.06 f
  _pairs_13_3_io_southOut_0_bits[2] (net)                                             0.00       0.06 f
  pairs_13_4/io_northIn_0_bits[2] (StripPair_322)                                     0.00       0.06 f
  pairs_13_4/io_northIn_0_bits[2] (net)                                               0.00       0.06 f
  pairs_13_4/U635/ZN (IND2D1BWP30P140)                                      0.01      0.02       0.08 f
  pairs_13_4/n241 (net)                                           1                   0.00       0.08 f
  pairs_13_4/U419/ZN (OAI31D1BWP30P140)                                     0.02      0.01       0.09 r
  pairs_13_4/n66 (net)                                            1                   0.00       0.09 r
  pairs_13_4/U417/ZN (ND2OPTIBD2BWP30P140)                                  0.01      0.01       0.10 f
  pairs_13_4/n356 (net)                                           4                   0.00       0.10 f
  pairs_13_4/U414/Z (AN2D4BWP30P140)                                        0.01      0.02       0.12 f
  pairs_13_4/n379 (net)                                          12                   0.00       0.12 f
  pairs_13_4/U33/Z (AN2D2BWP30P140)                                         0.01      0.01       0.13 f
  pairs_13_4/n281 (net)                                           3                   0.00       0.13 f
  pairs_13_4/U649/CO (FA1D1BWP30P140)                                       0.01      0.02       0.15 f
  pairs_13_4/n247 (net)                                           1                   0.00       0.15 f
  pairs_13_4/U653/S (FA1D1BWP30P140)                                        0.01      0.04       0.20 r
  pairs_13_4/n267 (net)                                           2                   0.00       0.20 r
  pairs_13_4/U651/ZN (NR2D1BWP30P140)                                       0.01      0.01       0.20 f
  pairs_13_4/n245 (net)                                           1                   0.00       0.20 f
  pairs_13_4/U652/ZN (INVD1BWP30P140)                                       0.01      0.01       0.21 r
  pairs_13_4/n249 (net)                                           1                   0.00       0.21 r
  pairs_13_4/U77/ZN (ND2OPTIBD2BWP30P140)                                   0.01      0.01       0.21 f
  pairs_13_4/n273 (net)                                           2                   0.00       0.21 f
  pairs_13_4/U656/ZN (NR2D1BWP30P140)                                       0.01      0.01       0.22 r
  pairs_13_4/n277 (net)                                           1                   0.00       0.22 r
  pairs_13_4/U354/ZN (AOI21D2BWP30P140)                                     0.01      0.01       0.23 f
  pairs_13_4/n278 (net)                                           2                   0.00       0.23 f
  pairs_13_4/U668/Z (BUFFD6BWP30P140)                                       0.02      0.02       0.25 f
  pairs_13_4/n2312 (net)                                         30                   0.00       0.25 f
  pairs_13_4/U681/Z (MUX2OPTD2BWP30P140)                                    0.01      0.02       0.28 r
  pairs_13_4/n1852 (net)                                          3                   0.00       0.28 r
  pairs_13_4/U325/CO (HA1D1BWP30P140)                                       0.01      0.01       0.29 r
  pairs_13_4/n298 (net)                                           1                   0.00       0.29 r
  pairs_13_4/U497/S (FA1D1BWP30P140)                                        0.01      0.03       0.33 f
  pairs_13_4/n309 (net)                                           2                   0.00       0.33 f
  pairs_13_4/U28/ZN (ND2OPTPAD1BWP30P140)                                   0.02      0.01       0.34 r
  pairs_13_4/n342 (net)                                           3                   0.00       0.34 r
  pairs_13_4/U373/Z (AO21D2BWP30P140)                                       0.01      0.02       0.36 r
  pairs_13_4/n41 (net)                                            2                   0.00       0.36 r
  pairs_13_4/U26/ZN (ND2D3BWP30P140)                                        0.02      0.01       0.37 f
  pairs_13_4/n465 (net)                                          10                   0.00       0.37 f
  pairs_13_4/U403/Z (AN2D2BWP30P140)                                        0.01      0.02       0.39 f
  pairs_13_4/n420 (net)                                          10                   0.00       0.39 f
  pairs_13_4/U402/ZN (ND2D1BWP30P140)                                       0.01      0.01       0.40 r
  pairs_13_4/n56 (net)                                            1                   0.00       0.40 r
  pairs_13_4/U312/ZN (OAI211OPTREPBD1BWP30P140)                             0.02      0.01       0.41 f
  pairs_13_4/n423 (net)                                           2                   0.00       0.41 f
  pairs_13_4/U401/ZN (ND2D1BWP30P140)                                       0.01      0.01       0.42 r
  pairs_13_4/n55 (net)                                            1                   0.00       0.42 r
  pairs_13_4/U211/ZN (ND2D1BWP30P140)                                       0.02      0.01       0.43 f
  pairs_13_4/n510 (net)                                           2                   0.00       0.43 f
  pairs_13_4/U210/ZN (ND2OPTPAD1BWP30P140)                                  0.01      0.01       0.44 r
  pairs_13_4/n23 (net)                                            1                   0.00       0.44 r
  pairs_13_4/U297/ZN (ND2D1BWP30P140)                                       0.01      0.01       0.45 f
  pairs_13_4/n21 (net)                                            2                   0.00       0.45 f
  pairs_13_4/U294/ZN (INR2D1BWP30P140)                                      0.01      0.01       0.46 r
  pairs_13_4/n532 (net)                                           1                   0.00       0.46 r
  pairs_13_4/U887/Z (XOR2UD0BWP30P140)                                      0.04      0.01       0.47 f
  pairs_13_4/n543 (net)                                           2                   0.00       0.47 f
  pairs_13_4/U900/ZN (ND2D1BWP30P140)                                       0.01      0.01       0.48 r
  pairs_13_4/n638 (net)                                           3                   0.00       0.48 r
  pairs_13_4/U902/ZN (OAI21D1BWP30P140)                                     0.01      0.01       0.49 f
  pairs_13_4/n546 (net)                                           1                   0.00       0.49 f
  pairs_13_4/U903/ZN (AOI21D1BWP30P140)                                     0.01      0.01       0.51 r
  pairs_13_4/n592 (net)                                           2                   0.00       0.51 r
  pairs_13_4/U945/ZN (OAI21D1BWP30P140)                                     0.01      0.01       0.52 f
  pairs_13_4/n594 (net)                                           1                   0.00       0.52 f
  pairs_13_4/U483/ZN (AOI21OPTREPBD1BWP30P140)                              0.01      0.01       0.53 r
  pairs_13_4/n622 (net)                                           2                   0.00       0.53 r
  pairs_13_4/U12/ZN (OAI21OPTREPBD1BWP30P140)                               0.02      0.01       0.54 f
  pairs_13_4/n697 (net)                                           2                   0.00       0.54 f
  pairs_13_4/U611/ZN (AOI21D1BWP30P140)                                     0.02      0.02       0.56 r
  pairs_13_4/n711 (net)                                           2                   0.00       0.56 r
  pairs_13_4/U482/ZN (OAI21D2BWP30P140)                                     0.02      0.01       0.57 f
  pairs_13_4/n1808 (net)                                          2                   0.00       0.57 f
  pairs_13_4/U201/ZN (NR2D4BWP30P140)                                       0.03      0.02       0.59 r
  pairs_13_4/n1734 (net)                                         14                   0.00       0.59 r
  pairs_13_4/U1018/ZN (INVD2BWP30P140)                                      0.02      0.01       0.61 f
  pairs_13_4/n1811 (net)                                          6                   0.00       0.61 f
  pairs_13_4/U487/Z (CKAN2D1BWP30P140)                                      0.01      0.02       0.62 f
  pairs_13_4/left/sharedMacOut_mac/l00OOO0l[27] (net)             4                   0.00       0.62 f
  pairs_13_4/U279/ZN (INVD0BWP30P140)                                       0.01      0.01       0.63 r
  pairs_13_4/n5 (net)                                             2                   0.00       0.63 r
  pairs_13_4/U553/ZN (INR2D1BWP30P140)                                      0.01      0.02       0.65 r
  pairs_13_4/left/sharedMacOut_mac/U9/U1/enc_tree[1][1][30] (net)     2               0.00       0.65 r
  pairs_13_4/U423/ZN (ND2D1BWP30P140)                                       0.01      0.01       0.66 f
  pairs_13_4/left/sharedMacOut_mac/U9/U1/enc_tree[2][2][28] (net)     2               0.00       0.66 f
  pairs_13_4/U552/ZN (NR2OPTPAD1BWP30P140)                                  0.01      0.01       0.67 r
  pairs_13_4/left/sharedMacOut_mac/U9/U1/enc_tree[3][3][24] (net)     2               0.00       0.67 r
  pairs_13_4/U125/ZN (ND2D2BWP30P140)                                       0.02      0.01       0.69 f
  pairs_13_4/left/sharedMacOut_mac/U9/U1/enc_tree[4][4][16] (net)     3               0.00       0.69 f
  pairs_13_4/left/sharedMacOut_mac/U9/U1/UORT0_5_0/ZN (NR2D1BWP30P140)      0.02      0.02       0.70 r    mo 
  pairs_13_4/left/sharedMacOut_mac/OI101I00[5] (net)              4                   0.00       0.70 r
  pairs_13_4/U71/ZN (NR2D2BWP30P140)                                        0.01      0.01       0.71 f
  pairs_13_4/n1869 (net)                                          2                   0.00       0.71 f
  pairs_13_4/U358/ZN (NR2OPTPAD1BWP30P140)                                  0.01      0.01       0.72 r
  pairs_13_4/n1871 (net)                                          1                   0.00       0.72 r
  pairs_13_4/U430/ZN (OAI21D2BWP30P140)                                     0.01      0.01       0.73 f
  pairs_13_4/n71 (net)                                            1                   0.00       0.73 f
  pairs_13_4/U115/ZN (ND2OPTIBD4BWP30P140)                                  0.01      0.01       0.74 r
  pairs_13_4/n1928 (net)                                          7                   0.00       0.74 r
  pairs_13_4/U463/ZN (INR2D4BWP30P140)                                      0.01      0.01       0.75 f
  pairs_13_4/n1885 (net)                                          5                   0.00       0.75 f
  pairs_13_4/U193/ZN (ND2OPTPAD2BWP30P140)                                  0.02      0.01       0.75 r
  pairs_13_4/n1874 (net)                                          1                   0.00       0.75 r
  pairs_13_4/U10/ZN (ND2OPTIBD4BWP30P140)                                   0.02      0.02       0.77 f
  pairs_13_4/n1977 (net)                                          9                   0.00       0.77 f
  pairs_13_4/U426/ZN (INR2D4BWP30P140)                                      0.01      0.02       0.79 f
  pairs_13_4/n2065 (net)                                         11                   0.00       0.79 f
  pairs_13_4/U480/ZN (INVD3BWP30P140)                                       0.01      0.01       0.80 r
  pairs_13_4/n2178 (net)                                         13                   0.00       0.80 r
  pairs_13_4/U2112/ZN (OAI22D1BWP30P140)                                    0.02      0.01       0.81 f
  pairs_13_4/n1964 (net)                                          1                   0.00       0.81 f
  pairs_13_4/U104/ZN (NR2OPTPAD1BWP30P140)                                  0.01      0.01       0.82 r
  pairs_13_4/n2014 (net)                                          3                   0.00       0.82 r
  pairs_13_4/U103/ZN (INVD1BWP30P140)                                       0.01      0.01       0.82 f
  pairs_13_4/n2131 (net)                                          2                   0.00       0.82 f
  pairs_13_4/U2159/ZN (OAI22D0BWP30P140)                                    0.02      0.01       0.84 r
  pairs_13_4/n2001 (net)                                          1                   0.00       0.84 r
  pairs_13_4/U2166/ZN (NR2D1BWP30P140)                                      0.01      0.01       0.84 f
  pairs_13_4/n2007 (net)                                          1                   0.00       0.84 f
  pairs_13_4/U2171/ZN (MUX2ND0BWP30P140)                                    0.02      0.01       0.86 r
  pairs_13_4/n2008 (net)                                          1                   0.00       0.86 r
  pairs_13_4/U2172/ZN (ND2D1BWP30P140)                                      0.01      0.01       0.87 f
  pairs_13_4/n2167 (net)                                          2                   0.00       0.87 f
  pairs_13_4/U2173/ZN (NR2D1BWP30P140)                                      0.01      0.01       0.87 r
  pairs_13_4/n2019 (net)                                          1                   0.00       0.87 r
  pairs_13_4/U2182/ZN (ND3D1BWP30P140)                                      0.02      0.01       0.89 f
  pairs_13_4/n2107 (net)                                          1                   0.00       0.89 f
  pairs_13_4/U245/ZN (INVD2BWP30P140)                                       0.01      0.01       0.90 r
  pairs_13_4/n26 (net)                                            1                   0.00       0.90 r
  pairs_13_4/U368/ZN (ND2OPTPAD4BWP30P140)                                  0.01      0.01       0.90 f
  pairs_13_4/n2272 (net)                                          4                   0.00       0.90 f
  pairs_13_4/U3/ZN (ND2D4BWP30P140)                                         0.01      0.01       0.91 r
  pairs_13_4/n2261 (net)                                         11                   0.00       0.91 r
  pairs_13_4/U243/ZN (OAI22D1BWP30P140)                                     0.02      0.01       0.92 f
  pairs_13_4/n2361 (net)                                          2                   0.00       0.92 f
  pairs_13_4/U2332/ZN (NR4D0BWP30P140)                                      0.02      0.02       0.94 r
  pairs_13_4/n2265 (net)                                          1                   0.00       0.94 r
  pairs_13_4/U241/ZN (ND3D2BWP30P140)                                       0.02      0.02       0.96 f
  pairs_13_4/n2269 (net)                                          2                   0.00       0.96 f
  pairs_13_4/U74/ZN (ND2OPTIBD4BWP30P140)                                   0.01      0.01       0.97 r
  pairs_13_4/n2350 (net)                                          4                   0.00       0.97 r
  pairs_13_4/U370/Z (OA21D4BWP30P140)                                       0.01      0.02       0.98 r
  pairs_13_4/n2348 (net)                                          5                   0.00       0.98 r
  pairs_13_4/U2356/ZN (OAI211D1BWP30P140)                                   0.02      0.01       1.00 f
  pairs_13_4/n2452 (net)                                          1                   0.00       1.00 f
  pairs_13_4/left/regS_bits_reg[12]/D (DFQD2BWP30P140)                      0.02      0.00       1.00 f
  data arrival time                                                                              1.00

  clock ideal_clock1 (rise edge)                                                      1.00       1.00
  clock network delay (ideal)                                                         0.00       1.00
  pairs_13_4/left/regS_bits_reg[12]/CP (DFQD2BWP30P140)                               0.00       1.00 r
  library setup time                                                                  0.00       1.00
  data required time                                                                             1.00
  ---------------------------------------------------------------------------------------------------------------------------
  data required time                                                                             1.00
  data arrival time                                                                             -1.00
  ---------------------------------------------------------------------------------------------------------------------------
  slack (MET)                                                                                    0.00


1
