 
****************************************
Report : area
Design : OneSaArray
Version: V-2023.12
Date   : Mon Apr  6 04:17:22 2026
****************************************

Library(s) Used:

    tcbn28hpcplusbwp30p140ffg0p99v0c_ccs (File: /hpc/Tech/TSMC/digital/N28/digital/Front_End/timing_power_noise/CCS/tcbn28hpcplusbwp30p140_180a/tcbn28hpcplusbwp30p140ffg0p99v0c_ccs.db)

Number of ports:                         1588
Number of nets:                        115833
Number of cells:                       111832
Number of combinational cells:         107415
Number of sequential cells:              4416
Number of macros/black boxes:               0
Number of buf/inv:                      22912
Number of references:                       1

Combinational area:              58708.566125
Buf/Inv area:                     5908.644090
Noncombinational area:            8399.285954
Macro/Black Box area:                0.000000
Net Interconnect area:      undefined  (Wire load has zero net area)

Total cell area:                 67107.852078
Total area:                 undefined

Hierarchical area distribution
------------------------------

                                  Global cell area            Local cell area
                                  -------------------  ----------------------------- 
Hierarchical cell                 Absolute    Percent  Combi-      Noncombi-  Black-
                                  Total       Total    national    national   boxes   Design
--------------------------------  ----------  -------  ----------  ---------  ------  ---------
OneSaArray                        67107.8521    100.0      0.0000     0.0000  0.0000  OneSaArray
mesh                              67107.8521    100.0  58708.5661  8399.2860  0.0000  OneSaMesh
--------------------------------  ----------  -------  ----------  ---------  ------  ---------
Total                                                  58708.5661  8399.2860  0.0000

1
