Information: Updating design information... (UID-85)
Warning: Design 'OneSaArray' contains 1 high-fanout nets. A fanout number of 1000 will be used for delay calculations involving these nets. (TIM-134)
 
****************************************
Report : timing
        -path full
        -delay max
        -nets
        -max_paths 1
        -transition_time
Design : OneSaArray
Version: V-2023.12
Date   : Mon Apr  6 04:17:22 2026
****************************************

 # A fanout number of 1000 was used for high fanout net computations.

Operating Conditions: ffg0p99v0c   Library: tcbn28hpcplusbwp30p140ffg0p99v0c_ccs
Wire Load Model Mode: segmented

  Startpoint: mesh/pes_7_0/regWeight_lanes_1_bits_reg[2]
              (rising edge-triggered flip-flop clocked by ideal_clock1)
  Endpoint: mesh/pes_7_0/regSharedPairs_0_bits_reg[8]
            (rising edge-triggered flip-flop clocked by ideal_clock1)
  Path Group: ideal_clock1
  Path Type: max

  Des/Clust/Port     Wire Load Model       Library
  ------------------------------------------------
  OneSaArray         ZeroWireload          tcbn28hpcplusbwp30p140ffg0p99v0c_ccs
  OneSaMesh          ZeroWireload          tcbn28hpcplusbwp30p140ffg0p99v0c_ccs

Attributes:
    d - dont_touch
    u - dont_use
   mo - map_only
   so - size_only
    i - ideal_net or ideal_network
  inf - infeasible path

  Point                                                   Fanout     Trans      Incr       Path      Attributes
  ---------------------------------------------------------------------------------------------------------------------
  clock ideal_clock1 (rise edge)                                                0.00       0.00
  clock network delay (ideal)                                                   0.00       0.00
  mesh/pes_7_0/regWeight_lanes_1_bits_reg[2]/CP (DFQD1BWP30P140)      0.00      0.00 #     0.00 r
  mesh/pes_7_0/regWeight_lanes_1_bits_reg[2]/Q (DFQD1BWP30P140)       0.01      0.04       0.04 f
  mesh/pes_7_0/regWeight_lanes_1_bits[2] (net)              3                   0.00       0.04 f
  mesh/U60744/Z (CKAN2D1BWP30P140)                                    0.02      0.02       0.05 f
  mesh/n44294 (net)                                         2                   0.00       0.05 f
  mesh/U60775/CO (HA1D1BWP30P140)                                     0.01      0.01       0.07 f
  mesh/n44285 (net)                                         1                   0.00       0.07 f
  mesh/U60769/CO (FA1D1BWP30P140)                                     0.01      0.02       0.09 f
  mesh/n44282 (net)                                         1                   0.00       0.09 f
  mesh/U60768/CO (FA1D1BWP30P140)                                     0.01      0.02       0.11 f
  mesh/n44279 (net)                                         1                   0.00       0.11 f
  mesh/U60766/CO (FA1D1BWP30P140)                                     0.01      0.02       0.13 f
  mesh/n44276 (net)                                         1                   0.00       0.13 f
  mesh/U60765/S (FA1D1BWP30P140)                                      0.02      0.04       0.17 r
  mesh/n44362 (net)                                         3                   0.00       0.17 r
  mesh/U60767/Z (CKAN2D1BWP30P140)                                    0.01      0.01       0.18 r
  mesh/n44406 (net)                                         2                   0.00       0.18 r
  mesh/U60771/ZN (AOI21D1BWP30P140)                                   0.02      0.01       0.20 f
  mesh/n44300 (net)                                         2                   0.00       0.20 f
  mesh/U16561/ZN (OAI21D2BWP30P140)                                   0.01      0.01       0.21 r
  mesh/n44395 (net)                                         2                   0.00       0.21 r
  mesh/U60774/ZN (INR2D2BWP30P140)                                    0.01      0.01       0.21 f
  mesh/n44383 (net)                                         6                   0.00       0.21 f
  mesh/U60779/ZN (AOI21D1BWP30P140)                                   0.01      0.01       0.22 r
  mesh/n44363 (net)                                         2                   0.00       0.22 r
  mesh/U60780/ZN (INVD0BWP30P140)                                     0.01      0.01       0.23 f
  mesh/n44297 (net)                                         1                   0.00       0.23 f
  mesh/U60781/ZN (MUX2NUD1BWP30P140)                                  0.01      0.01       0.24 r
  mesh/n44305 (net)                                         1                   0.00       0.24 r
  mesh/U60789/ZN (ND2D1BWP30P140)                                     0.02      0.01       0.26 f
  mesh/n44484 (net)                                         4                   0.00       0.26 f
  mesh/U60849/ZN (NR2D1BWP30P140)                                     0.01      0.01       0.27 r
  mesh/n44446 (net)                                         2                   0.00       0.27 r
  mesh/U60850/ZN (INVD0BWP30P140)                                     0.01      0.01       0.27 f
  mesh/n44361 (net)                                         1                   0.00       0.27 f
  mesh/U60861/ZN (ND3D1BWP30P140)                                     0.01      0.01       0.28 r
  mesh/n44376 (net)                                         1                   0.00       0.28 r
  mesh/U60870/ZN (AOI21D1BWP30P140)                                   0.01      0.01       0.29 f
  mesh/n44482 (net)                                         1                   0.00       0.29 f
  mesh/U60932/ZN (IND3D4BWP30P140)                                    0.01      0.02       0.31 f
  mesh/n44493 (net)                                         1                   0.00       0.31 f
  mesh/U14875/Z (BUFFD8BWP30P140)                                     0.01      0.02       0.33 f
  mesh/n2347 (net)                                         20                   0.00       0.33 f
  mesh/U2373/ZN (MUX2NUD1BWP30P140)                                   0.03      0.02       0.35 f
  mesh/n44740 (net)                                         4                   0.00       0.35 f
  mesh/U3358/ZN (INVD0BWP30P140)                                      0.01      0.01       0.36 r
  mesh/n44498 (net)                                         1                   0.00       0.36 r
  mesh/U60942/ZN (CKND2D2BWP30P140)                                   0.01      0.01       0.37 f
  mesh/n44509 (net)                                         1                   0.00       0.37 f
  mesh/U60960/S (FA1D4BWP30P140)                                      0.01      0.04       0.41 r
  mesh/n44563 (net)                                         7                   0.00       0.41 r
  mesh/U60973/ZN (ND2D1BWP30P140)                                     0.02      0.01       0.43 f
  mesh/n44546 (net)                                         4                   0.00       0.43 f
  mesh/U60995/ZN (INVD1BWP30P140)                                     0.01      0.01       0.44 r
  mesh/n44551 (net)                                         3                   0.00       0.44 r
  mesh/U60996/ZN (ND2D1BWP30P140)                                     0.01      0.01       0.44 f
  mesh/n44565 (net)                                         2                   0.00       0.44 f
  mesh/U61023/ZN (OAI211D0BWP30P140)                                  0.02      0.01       0.46 r
  mesh/n44568 (net)                                         1                   0.00       0.46 r
  mesh/U61024/ZN (OAI21D1BWP30P140)                                   0.01      0.01       0.47 f
  mesh/n44572 (net)                                         1                   0.00       0.47 f
  mesh/U61025/ZN (IOA21D1BWP30P140)                                   0.01      0.02       0.48 f
  mesh/n44573 (net)                                         1                   0.00       0.48 f
  mesh/U61026/Z (XOR2UD1BWP30P140)                                    0.02      0.02       0.50 f
  mesh/n44701 (net)                                         1                   0.00       0.50 f
  mesh/U61117/CO (HA1D2BWP30P140)                                     0.01      0.02       0.52 f
  mesh/n44704 (net)                                         1                   0.00       0.52 f
  mesh/U61119/CO (HA1D1BWP30P140)                                     0.01      0.01       0.53 f
  mesh/n44685 (net)                                         1                   0.00       0.53 f
  mesh/U61110/CO (HA1D1BWP30P140)                                     0.01      0.01       0.54 f
  mesh/n44676 (net)                                         2                   0.00       0.54 f
  mesh/U61027/Z (CKAN2D1BWP30P140)                                    0.01      0.01       0.56 f
  mesh/n44672 (net)                                         2                   0.00       0.56 f
  mesh/U61028/Z (CKAN2D1BWP30P140)                                    0.01      0.01       0.57 f
  mesh/n44648 (net)                                         2                   0.00       0.57 f
  mesh/U61030/Z (CKAN2D1BWP30P140)                                    0.01      0.01       0.58 f
  mesh/n44607 (net)                                         2                   0.00       0.58 f
  mesh/U61049/Z (CKAN2D1BWP30P140)                                    0.01      0.01       0.60 f
  mesh/n44639 (net)                                         2                   0.00       0.60 f
  mesh/U61050/Z (CKAN2D1BWP30P140)                                    0.01      0.01       0.61 f
  mesh/n44622 (net)                                         1                   0.00       0.61 f
  mesh/U19481/CO (FA1D1BWP30P140)                                     0.01      0.02       0.63 f
  mesh/n44619 (net)                                         1                   0.00       0.63 f
  mesh/U61053/CO (FA1D1BWP30P140)                                     0.01      0.02       0.65 f
  mesh/n44626 (net)                                         1                   0.00       0.65 f
  mesh/U61056/CO (FA1D1BWP30P140)                                     0.01      0.02       0.67 f
  mesh/n44629 (net)                                         1                   0.00       0.67 f
  mesh/U61058/CO (FA1D1BWP30P140)                                     0.01      0.02       0.70 f
  mesh/n44616 (net)                                         1                   0.00       0.70 f
  mesh/U61052/CO (FA1D1BWP30P140)                                     0.01      0.02       0.72 f
  mesh/n44614 (net)                                         2                   0.00       0.72 f
  mesh/U1144/ZN (NR2D1BWP30P140)                                      0.01      0.01       0.73 r
  mesh/n44613 (net)                                         1                   0.00       0.73 r
  mesh/U1136/ZN (XNR2D1BWP30P140)                                     0.01      0.02       0.75 r
  mesh/n44731 (net)                                         4                   0.00       0.75 r
  mesh/U24167/Z (OR3D1BWP30P140)                                      0.02      0.03       0.77 r
  mesh/n44725 (net)                                         6                   0.00       0.77 r
  mesh/U61071/ZN (INR2D2BWP30P140)                                    0.02      0.02       0.79 r
  mesh/n44692 (net)                                         6                   0.00       0.79 r
  mesh/U61072/ZN (INVD1BWP30P140)                                     0.01      0.01       0.80 f
  mesh/n44679 (net)                                         4                   0.00       0.80 f
  mesh/U61107/ZN (OAI22D1BWP30P140)                                   0.01      0.01       0.82 r
  mesh/n44681 (net)                                         1                   0.00       0.82 r
  mesh/U61108/ZN (INR2D1BWP30P140)                                    0.01      0.01       0.82 f
  mesh/n44683 (net)                                         1                   0.00       0.82 f
  mesh/U9792/ZN (INVD1BWP30P140)                                      0.01      0.01       0.83 r
  mesh/n79237 (net)                                         2                   0.00       0.83 r
  mesh/U88369/CO (HA1D1BWP30P140)                                     0.01      0.02       0.85 r
  mesh/n79243 (net)                                         1                   0.00       0.85 r
  mesh/U88374/CO (HA1D1BWP30P140)                                     0.01      0.02       0.86 r
  mesh/n79232 (net)                                         1                   0.00       0.86 r
  mesh/U88366/CO (HA1D1BWP30P140)                                     0.01      0.02       0.88 r
  mesh/n79239 (net)                                         1                   0.00       0.88 r
  mesh/U24504/CO (HA1D1BWP30P140)                                     0.01      0.02       0.90 r
  mesh/n79228 (net)                                         1                   0.00       0.90 r
  mesh/U8820/CO (HA1D1BWP30P140)                                      0.01      0.02       0.91 r
  mesh/n81966 (net)                                         1                   0.00       0.91 r
  mesh/U90113/CO (HA1D1BWP30P140)                                     0.01      0.02       0.93 r
  mesh/n84764 (net)                                         1                   0.00       0.93 r
  mesh/U91852/CO (HA1D1BWP30P140)                                     0.01      0.02       0.95 r
  mesh/n101999 (net)                                        1                   0.00       0.95 r
  mesh/U8017/S (HA1D1BWP30P140)                                       0.01      0.01       0.96 r
  mesh/n102000 (net)                                        1                   0.00       0.96 r
  mesh/U7703/ZN (AOI222D1BWP30P140)                                   0.07      0.01       0.97 f
  mesh/n102004 (net)                                        1                   0.00       0.97 f
  mesh/U5800/ZN (INVD0BWP30P140)                                      0.02      0.02       0.99 r
  mesh/n1903 (net)                                          1                   0.00       0.99 r
  mesh/pes_7_0/regSharedPairs_0_bits_reg[8]/D (DFQD1BWP30P140)        0.02      0.00       0.99 r
  data arrival time                                                                        0.99

  clock ideal_clock1 (rise edge)                                                1.00       1.00
  clock network delay (ideal)                                                   0.00       1.00
  mesh/pes_7_0/regSharedPairs_0_bits_reg[8]/CP (DFQD1BWP30P140)                 0.00       1.00 r
  library setup time                                                           -0.01       0.99
  data required time                                                                       0.99
  ---------------------------------------------------------------------------------------------------------------------
  data required time                                                                       0.99
  data arrival time                                                                       -0.99
  ---------------------------------------------------------------------------------------------------------------------
  slack (MET)                                                                              0.00


1
