 
****************************************
Report : power
        -hier
        -analysis_effort low
Design : SystolicArray
Version: V-2023.12
Date   : Mon Apr  6 04:31:58 2026
****************************************


Library(s) Used:

    tcbn28hpcplusbwp30p140ffg0p99v0c_ccs (File: /hpc/Tech/TSMC/digital/N28/digital/Front_End/timing_power_noise/CCS/tcbn28hpcplusbwp30p140_180a/tcbn28hpcplusbwp30p140ffg0p99v0c_ccs.db)


Operating Conditions: ffg0p99v0c   Library: tcbn28hpcplusbwp30p140ffg0p99v0c_ccs
Wire Load Model Mode: segmented

Design        Wire Load Model            Library
------------------------------------------------
SystolicArray          ZeroWireload      tcbn28hpcplusbwp30p140ffg0p99v0c_ccs
PE_143                 ZeroWireload      tcbn28hpcplusbwp30p140ffg0p99v0c_ccs
PE_132                 ZeroWireload      tcbn28hpcplusbwp30p140ffg0p99v0c_ccs
PE_1                   ZeroWireload      tcbn28hpcplusbwp30p140ffg0p99v0c_ccs
PE_2                   ZeroWireload      tcbn28hpcplusbwp30p140ffg0p99v0c_ccs
PE_3                   ZeroWireload      tcbn28hpcplusbwp30p140ffg0p99v0c_ccs
PE_4                   ZeroWireload      tcbn28hpcplusbwp30p140ffg0p99v0c_ccs
PE_5                   ZeroWireload      tcbn28hpcplusbwp30p140ffg0p99v0c_ccs
PE_6                   ZeroWireload      tcbn28hpcplusbwp30p140ffg0p99v0c_ccs
PE_7                   ZeroWireload      tcbn28hpcplusbwp30p140ffg0p99v0c_ccs
PE_8                   ZeroWireload      tcbn28hpcplusbwp30p140ffg0p99v0c_ccs
PE_9                   ZeroWireload      tcbn28hpcplusbwp30p140ffg0p99v0c_ccs
PE_10                  ZeroWireload      tcbn28hpcplusbwp30p140ffg0p99v0c_ccs
PE_11                  ZeroWireload      tcbn28hpcplusbwp30p140ffg0p99v0c_ccs
PE_13                  ZeroWireload      tcbn28hpcplusbwp30p140ffg0p99v0c_ccs
PE_14                  ZeroWireload      tcbn28hpcplusbwp30p140ffg0p99v0c_ccs
PE_15                  ZeroWireload      tcbn28hpcplusbwp30p140ffg0p99v0c_ccs
PE_16                  ZeroWireload      tcbn28hpcplusbwp30p140ffg0p99v0c_ccs
PE_17                  ZeroWireload      tcbn28hpcplusbwp30p140ffg0p99v0c_ccs
PE_18                  ZeroWireload      tcbn28hpcplusbwp30p140ffg0p99v0c_ccs
PE_19                  ZeroWireload      tcbn28hpcplusbwp30p140ffg0p99v0c_ccs
PE_20                  ZeroWireload      tcbn28hpcplusbwp30p140ffg0p99v0c_ccs
PE_21                  ZeroWireload      tcbn28hpcplusbwp30p140ffg0p99v0c_ccs
PE_22                  ZeroWireload      tcbn28hpcplusbwp30p140ffg0p99v0c_ccs
PE_23                  ZeroWireload      tcbn28hpcplusbwp30p140ffg0p99v0c_ccs
PE_25                  ZeroWireload      tcbn28hpcplusbwp30p140ffg0p99v0c_ccs
PE_26                  ZeroWireload      tcbn28hpcplusbwp30p140ffg0p99v0c_ccs
PE_27                  ZeroWireload      tcbn28hpcplusbwp30p140ffg0p99v0c_ccs
PE_28                  ZeroWireload      tcbn28hpcplusbwp30p140ffg0p99v0c_ccs
PE_29                  ZeroWireload      tcbn28hpcplusbwp30p140ffg0p99v0c_ccs
PE_30                  ZeroWireload      tcbn28hpcplusbwp30p140ffg0p99v0c_ccs
PE_31                  ZeroWireload      tcbn28hpcplusbwp30p140ffg0p99v0c_ccs
PE_32                  ZeroWireload      tcbn28hpcplusbwp30p140ffg0p99v0c_ccs
PE_33                  ZeroWireload      tcbn28hpcplusbwp30p140ffg0p99v0c_ccs
PE_34                  ZeroWireload      tcbn28hpcplusbwp30p140ffg0p99v0c_ccs
PE_35                  ZeroWireload      tcbn28hpcplusbwp30p140ffg0p99v0c_ccs
PE_37                  ZeroWireload      tcbn28hpcplusbwp30p140ffg0p99v0c_ccs
PE_38                  ZeroWireload      tcbn28hpcplusbwp30p140ffg0p99v0c_ccs
PE_39                  ZeroWireload      tcbn28hpcplusbwp30p140ffg0p99v0c_ccs
PE_40                  ZeroWireload      tcbn28hpcplusbwp30p140ffg0p99v0c_ccs
PE_41                  ZeroWireload      tcbn28hpcplusbwp30p140ffg0p99v0c_ccs
PE_42                  ZeroWireload      tcbn28hpcplusbwp30p140ffg0p99v0c_ccs
PE_43                  ZeroWireload      tcbn28hpcplusbwp30p140ffg0p99v0c_ccs
PE_44                  ZeroWireload      tcbn28hpcplusbwp30p140ffg0p99v0c_ccs
PE_45                  ZeroWireload      tcbn28hpcplusbwp30p140ffg0p99v0c_ccs
PE_46                  ZeroWireload      tcbn28hpcplusbwp30p140ffg0p99v0c_ccs
PE_47                  ZeroWireload      tcbn28hpcplusbwp30p140ffg0p99v0c_ccs
PE_49                  ZeroWireload      tcbn28hpcplusbwp30p140ffg0p99v0c_ccs
PE_50                  ZeroWireload      tcbn28hpcplusbwp30p140ffg0p99v0c_ccs
PE_51                  ZeroWireload      tcbn28hpcplusbwp30p140ffg0p99v0c_ccs
PE_52                  ZeroWireload      tcbn28hpcplusbwp30p140ffg0p99v0c_ccs
PE_53                  ZeroWireload      tcbn28hpcplusbwp30p140ffg0p99v0c_ccs
PE_54                  ZeroWireload      tcbn28hpcplusbwp30p140ffg0p99v0c_ccs
PE_55                  ZeroWireload      tcbn28hpcplusbwp30p140ffg0p99v0c_ccs
PE_56                  ZeroWireload      tcbn28hpcplusbwp30p140ffg0p99v0c_ccs
PE_57                  ZeroWireload      tcbn28hpcplusbwp30p140ffg0p99v0c_ccs
PE_58                  ZeroWireload      tcbn28hpcplusbwp30p140ffg0p99v0c_ccs
PE_59                  ZeroWireload      tcbn28hpcplusbwp30p140ffg0p99v0c_ccs
PE_61                  ZeroWireload      tcbn28hpcplusbwp30p140ffg0p99v0c_ccs
PE_62                  ZeroWireload      tcbn28hpcplusbwp30p140ffg0p99v0c_ccs
PE_63                  ZeroWireload      tcbn28hpcplusbwp30p140ffg0p99v0c_ccs
PE_64                  ZeroWireload      tcbn28hpcplusbwp30p140ffg0p99v0c_ccs
PE_65                  ZeroWireload      tcbn28hpcplusbwp30p140ffg0p99v0c_ccs
PE_66                  ZeroWireload      tcbn28hpcplusbwp30p140ffg0p99v0c_ccs
PE_67                  ZeroWireload      tcbn28hpcplusbwp30p140ffg0p99v0c_ccs
PE_68                  ZeroWireload      tcbn28hpcplusbwp30p140ffg0p99v0c_ccs
PE_69                  ZeroWireload      tcbn28hpcplusbwp30p140ffg0p99v0c_ccs
PE_70                  ZeroWireload      tcbn28hpcplusbwp30p140ffg0p99v0c_ccs
PE_71                  ZeroWireload      tcbn28hpcplusbwp30p140ffg0p99v0c_ccs
PE_73                  ZeroWireload      tcbn28hpcplusbwp30p140ffg0p99v0c_ccs
PE_74                  ZeroWireload      tcbn28hpcplusbwp30p140ffg0p99v0c_ccs
PE_75                  ZeroWireload      tcbn28hpcplusbwp30p140ffg0p99v0c_ccs
PE_76                  ZeroWireload      tcbn28hpcplusbwp30p140ffg0p99v0c_ccs
PE_77                  ZeroWireload      tcbn28hpcplusbwp30p140ffg0p99v0c_ccs
PE_78                  ZeroWireload      tcbn28hpcplusbwp30p140ffg0p99v0c_ccs
PE_79                  ZeroWireload      tcbn28hpcplusbwp30p140ffg0p99v0c_ccs
PE_80                  ZeroWireload      tcbn28hpcplusbwp30p140ffg0p99v0c_ccs
PE_81                  ZeroWireload      tcbn28hpcplusbwp30p140ffg0p99v0c_ccs
PE_82                  ZeroWireload      tcbn28hpcplusbwp30p140ffg0p99v0c_ccs
PE_83                  ZeroWireload      tcbn28hpcplusbwp30p140ffg0p99v0c_ccs
PE_85                  ZeroWireload      tcbn28hpcplusbwp30p140ffg0p99v0c_ccs
PE_86                  ZeroWireload      tcbn28hpcplusbwp30p140ffg0p99v0c_ccs
PE_87                  ZeroWireload      tcbn28hpcplusbwp30p140ffg0p99v0c_ccs
PE_88                  ZeroWireload      tcbn28hpcplusbwp30p140ffg0p99v0c_ccs
PE_89                  ZeroWireload      tcbn28hpcplusbwp30p140ffg0p99v0c_ccs
PE_90                  ZeroWireload      tcbn28hpcplusbwp30p140ffg0p99v0c_ccs
PE_91                  ZeroWireload      tcbn28hpcplusbwp30p140ffg0p99v0c_ccs
PE_92                  ZeroWireload      tcbn28hpcplusbwp30p140ffg0p99v0c_ccs
PE_93                  ZeroWireload      tcbn28hpcplusbwp30p140ffg0p99v0c_ccs
PE_94                  ZeroWireload      tcbn28hpcplusbwp30p140ffg0p99v0c_ccs
PE_95                  ZeroWireload      tcbn28hpcplusbwp30p140ffg0p99v0c_ccs
PE_97                  ZeroWireload      tcbn28hpcplusbwp30p140ffg0p99v0c_ccs
PE_98                  ZeroWireload      tcbn28hpcplusbwp30p140ffg0p99v0c_ccs
PE_99                  ZeroWireload      tcbn28hpcplusbwp30p140ffg0p99v0c_ccs
PE_100                 ZeroWireload      tcbn28hpcplusbwp30p140ffg0p99v0c_ccs
PE_101                 ZeroWireload      tcbn28hpcplusbwp30p140ffg0p99v0c_ccs
PE_102                 ZeroWireload      tcbn28hpcplusbwp30p140ffg0p99v0c_ccs
PE_103                 ZeroWireload      tcbn28hpcplusbwp30p140ffg0p99v0c_ccs
PE_104                 ZeroWireload      tcbn28hpcplusbwp30p140ffg0p99v0c_ccs
PE_105                 ZeroWireload      tcbn28hpcplusbwp30p140ffg0p99v0c_ccs
PE_106                 ZeroWireload      tcbn28hpcplusbwp30p140ffg0p99v0c_ccs
PE_107                 ZeroWireload      tcbn28hpcplusbwp30p140ffg0p99v0c_ccs
PE_109                 ZeroWireload      tcbn28hpcplusbwp30p140ffg0p99v0c_ccs
PE_110                 ZeroWireload      tcbn28hpcplusbwp30p140ffg0p99v0c_ccs
PE_111                 ZeroWireload      tcbn28hpcplusbwp30p140ffg0p99v0c_ccs
PE_112                 ZeroWireload      tcbn28hpcplusbwp30p140ffg0p99v0c_ccs
PE_113                 ZeroWireload      tcbn28hpcplusbwp30p140ffg0p99v0c_ccs
PE_114                 ZeroWireload      tcbn28hpcplusbwp30p140ffg0p99v0c_ccs
PE_115                 ZeroWireload      tcbn28hpcplusbwp30p140ffg0p99v0c_ccs
PE_116                 ZeroWireload      tcbn28hpcplusbwp30p140ffg0p99v0c_ccs
PE_117                 ZeroWireload      tcbn28hpcplusbwp30p140ffg0p99v0c_ccs
PE_118                 ZeroWireload      tcbn28hpcplusbwp30p140ffg0p99v0c_ccs
PE_119                 ZeroWireload      tcbn28hpcplusbwp30p140ffg0p99v0c_ccs
PE_121                 ZeroWireload      tcbn28hpcplusbwp30p140ffg0p99v0c_ccs
PE_122                 ZeroWireload      tcbn28hpcplusbwp30p140ffg0p99v0c_ccs
PE_123                 ZeroWireload      tcbn28hpcplusbwp30p140ffg0p99v0c_ccs
PE_124                 ZeroWireload      tcbn28hpcplusbwp30p140ffg0p99v0c_ccs
PE_125                 ZeroWireload      tcbn28hpcplusbwp30p140ffg0p99v0c_ccs
PE_126                 ZeroWireload      tcbn28hpcplusbwp30p140ffg0p99v0c_ccs
PE_127                 ZeroWireload      tcbn28hpcplusbwp30p140ffg0p99v0c_ccs
PE_128                 ZeroWireload      tcbn28hpcplusbwp30p140ffg0p99v0c_ccs
PE_129                 ZeroWireload      tcbn28hpcplusbwp30p140ffg0p99v0c_ccs
PE_130                 ZeroWireload      tcbn28hpcplusbwp30p140ffg0p99v0c_ccs
PE_131                 ZeroWireload      tcbn28hpcplusbwp30p140ffg0p99v0c_ccs
PE_133                 ZeroWireload      tcbn28hpcplusbwp30p140ffg0p99v0c_ccs
PE_134                 ZeroWireload      tcbn28hpcplusbwp30p140ffg0p99v0c_ccs
PE_135                 ZeroWireload      tcbn28hpcplusbwp30p140ffg0p99v0c_ccs
PE_136                 ZeroWireload      tcbn28hpcplusbwp30p140ffg0p99v0c_ccs
PE_137                 ZeroWireload      tcbn28hpcplusbwp30p140ffg0p99v0c_ccs
PE_138                 ZeroWireload      tcbn28hpcplusbwp30p140ffg0p99v0c_ccs
PE_139                 ZeroWireload      tcbn28hpcplusbwp30p140ffg0p99v0c_ccs
PE_140                 ZeroWireload      tcbn28hpcplusbwp30p140ffg0p99v0c_ccs
PE_141                 ZeroWireload      tcbn28hpcplusbwp30p140ffg0p99v0c_ccs
PE_142                 ZeroWireload      tcbn28hpcplusbwp30p140ffg0p99v0c_ccs
PE_0                   ZeroWireload      tcbn28hpcplusbwp30p140ffg0p99v0c_ccs
PE_12                  ZeroWireload      tcbn28hpcplusbwp30p140ffg0p99v0c_ccs
PE_24                  ZeroWireload      tcbn28hpcplusbwp30p140ffg0p99v0c_ccs
PE_36                  ZeroWireload      tcbn28hpcplusbwp30p140ffg0p99v0c_ccs
PE_48                  ZeroWireload      tcbn28hpcplusbwp30p140ffg0p99v0c_ccs
PE_60                  ZeroWireload      tcbn28hpcplusbwp30p140ffg0p99v0c_ccs
PE_72                  ZeroWireload      tcbn28hpcplusbwp30p140ffg0p99v0c_ccs
PE_84                  ZeroWireload      tcbn28hpcplusbwp30p140ffg0p99v0c_ccs
PE_96                  ZeroWireload      tcbn28hpcplusbwp30p140ffg0p99v0c_ccs
PE_108                 ZeroWireload      tcbn28hpcplusbwp30p140ffg0p99v0c_ccs
PE_120                 ZeroWireload      tcbn28hpcplusbwp30p140ffg0p99v0c_ccs


Global Operating Voltage = 0.99 
Power-specific unit information :
    Voltage Units = 1V
    Capacitance Units = 1.000000pf
    Time Units = 1ns
    Dynamic Power Units = 1mW    (derived from V,C,T units)
    Leakage Power Units = 1nW


--------------------------------------------------------------------------------
                                       Switch   Int      Leak     Total
Hierarchy                              Power    Power    Power    Power    %
--------------------------------------------------------------------------------
SystolicArray                             3.791   37.162 4.62e+05   41.415 100.0
  pes_11_11 (PE_0)                     5.92e-03    0.181 2.88e+03    0.190   0.5
  pes_10_11 (PE_1)                     9.65e-03    0.242 3.18e+03    0.255   0.6
  pes_9_11 (PE_2)                      1.09e-02    0.243 3.19e+03    0.257   0.6
  pes_8_11 (PE_3)                      1.24e-02    0.245 3.19e+03    0.261   0.6
  pes_7_11 (PE_4)                      1.45e-02    0.247 3.20e+03    0.265   0.6
  pes_6_11 (PE_5)                      1.70e-02    0.250 3.20e+03    0.271   0.7
  pes_5_11 (PE_6)                      2.02e-02    0.254 3.21e+03    0.277   0.7
  pes_4_11 (PE_7)                      2.43e-02    0.259 3.22e+03    0.286   0.7
  pes_3_11 (PE_8)                      2.99e-02    0.265 3.24e+03    0.299   0.7
  pes_2_11 (PE_9)                      3.61e-02    0.273 3.25e+03    0.312   0.8
  pes_1_11 (PE_10)                     4.42e-02    0.283 3.27e+03    0.330   0.8
  pes_0_11 (PE_11)                     5.91e-02    0.303 3.32e+03    0.365   0.9
  pes_11_10 (PE_12)                    6.02e-03    0.181 2.88e+03    0.190   0.5
  pes_10_10 (PE_13)                    9.61e-03    0.242 3.18e+03    0.255   0.6
  pes_9_10 (PE_14)                     1.07e-02    0.243 3.19e+03    0.257   0.6
  pes_8_10 (PE_15)                     1.20e-02    0.244 3.19e+03    0.260   0.6
  pes_7_10 (PE_16)                     1.41e-02    0.247 3.20e+03    0.264   0.6
  pes_6_10 (PE_17)                     1.68e-02    0.250 3.20e+03    0.270   0.7
  pes_5_10 (PE_18)                     2.00e-02    0.253 3.21e+03    0.277   0.7
  pes_4_10 (PE_19)                     2.42e-02    0.258 3.22e+03    0.286   0.7
  pes_3_10 (PE_20)                     2.92e-02    0.264 3.23e+03    0.297   0.7
  pes_2_10 (PE_21)                     3.56e-02    0.272 3.25e+03    0.311   0.8
  pes_1_10 (PE_22)                     4.39e-02    0.282 3.27e+03    0.329   0.8
  pes_0_10 (PE_23)                     5.91e-02    0.302 3.32e+03    0.364   0.9
  pes_11_9 (PE_24)                     5.87e-03    0.181 2.88e+03    0.189   0.5
  pes_10_9 (PE_25)                     9.51e-03    0.242 3.19e+03    0.254   0.6
  pes_9_9 (PE_26)                      1.09e-02    0.243 3.19e+03    0.257   0.6
  pes_8_9 (PE_27)                      1.28e-02    0.245 3.19e+03    0.261   0.6
  pes_7_9 (PE_28)                      1.48e-02    0.248 3.20e+03    0.266   0.6
  pes_6_9 (PE_29)                      1.74e-02    0.251 3.20e+03    0.271   0.7
  pes_5_9 (PE_30)                      2.09e-02    0.255 3.21e+03    0.279   0.7
  pes_4_9 (PE_31)                      2.52e-02    0.259 3.22e+03    0.288   0.7
  pes_3_9 (PE_32)                      3.04e-02    0.266 3.24e+03    0.299   0.7
  pes_2_9 (PE_33)                      3.65e-02    0.273 3.25e+03    0.313   0.8
  pes_1_9 (PE_34)                      4.43e-02    0.282 3.27e+03    0.330   0.8
  pes_0_9 (PE_35)                      5.91e-02    0.302 3.32e+03    0.364   0.9
  pes_11_8 (PE_36)                     5.97e-03    0.181 2.88e+03    0.190   0.5
  pes_10_8 (PE_37)                     9.61e-03    0.242 3.18e+03    0.255   0.6
  pes_9_8 (PE_38)                      1.08e-02    0.243 3.19e+03    0.257   0.6
  pes_8_8 (PE_39)                      1.24e-02    0.245 3.19e+03    0.260   0.6
  pes_7_8 (PE_40)                      1.45e-02    0.247 3.20e+03    0.265   0.6
  pes_6_8 (PE_41)                      1.68e-02    0.250 3.21e+03    0.270   0.7
  pes_5_8 (PE_42)                      1.97e-02    0.253 3.21e+03    0.276   0.7
  pes_4_8 (PE_43)                      2.38e-02    0.258 3.22e+03    0.285   0.7
  pes_3_8 (PE_44)                      2.89e-02    0.264 3.24e+03    0.296   0.7
  pes_2_8 (PE_45)                      3.52e-02    0.271 3.25e+03    0.310   0.7
  pes_1_8 (PE_46)                      4.32e-02    0.281 3.27e+03    0.327   0.8
  pes_0_8 (PE_47)                      5.80e-02    0.300 3.32e+03    0.362   0.9
  pes_11_7 (PE_48)                     5.80e-03    0.181 2.88e+03    0.189   0.5
  pes_10_7 (PE_49)                     9.41e-03    0.242 3.19e+03    0.254   0.6
  pes_9_7 (PE_50)                      1.05e-02    0.243 3.19e+03    0.257   0.6
  pes_8_7 (PE_51)                      1.20e-02    0.245 3.19e+03    0.260   0.6
  pes_7_7 (PE_52)                      1.42e-02    0.247 3.20e+03    0.264   0.6
  pes_6_7 (PE_53)                      1.68e-02    0.250 3.20e+03    0.270   0.7
  pes_5_7 (PE_54)                      2.02e-02    0.254 3.21e+03    0.277   0.7
  pes_4_7 (PE_55)                      2.44e-02    0.259 3.23e+03    0.286   0.7
  pes_3_7 (PE_56)                      2.97e-02    0.265 3.24e+03    0.298   0.7
  pes_2_7 (PE_57)                      3.53e-02    0.272 3.25e+03    0.310   0.7
  pes_1_7 (PE_58)                      4.30e-02    0.281 3.27e+03    0.327   0.8
  pes_0_7 (PE_59)                      5.79e-02    0.300 3.32e+03    0.361   0.9
  pes_11_6 (PE_60)                     6.95e-03    0.182 2.88e+03    0.192   0.5
  pes_10_6 (PE_61)                     1.10e-02    0.244 3.19e+03    0.258   0.6
  pes_9_6 (PE_62)                      1.25e-02    0.245 3.19e+03    0.261   0.6
  pes_8_6 (PE_63)                      1.42e-02    0.247 3.20e+03    0.265   0.6
  pes_7_6 (PE_64)                      1.67e-02    0.250 3.20e+03    0.270   0.7
  pes_6_6 (PE_65)                      1.96e-02    0.254 3.21e+03    0.276   0.7
  pes_5_6 (PE_66)                      2.29e-02    0.257 3.22e+03    0.283   0.7
  pes_4_6 (PE_67)                      2.72e-02    0.262 3.23e+03    0.293   0.7
  pes_3_6 (PE_68)                      3.25e-02    0.268 3.24e+03    0.304   0.7
  pes_2_6 (PE_69)                      3.90e-02    0.276 3.25e+03    0.318   0.8
  pes_1_6 (PE_70)                      4.75e-02    0.286 3.27e+03    0.337   0.8
  pes_0_6 (PE_71)                      6.25e-02    0.307 3.32e+03    0.372   0.9
  pes_11_5 (PE_72)                     6.47e-03    0.182 2.88e+03    0.191   0.5
  pes_10_5 (PE_73)                     1.01e-02    0.243 3.19e+03    0.256   0.6
  pes_9_5 (PE_74)                      1.15e-02    0.244 3.19e+03    0.259   0.6
  pes_8_5 (PE_75)                      1.33e-02    0.246 3.19e+03    0.263   0.6
  pes_7_5 (PE_76)                      1.56e-02    0.249 3.20e+03    0.268   0.6
  pes_6_5 (PE_77)                      1.83e-02    0.252 3.21e+03    0.273   0.7
  pes_5_5 (PE_78)                      2.15e-02    0.256 3.21e+03    0.280   0.7
  pes_4_5 (PE_79)                      2.54e-02    0.260 3.22e+03    0.289   0.7
  pes_3_5 (PE_80)                      3.10e-02    0.267 3.24e+03    0.301   0.7
  pes_2_5 (PE_81)                      3.73e-02    0.274 3.25e+03    0.315   0.8
  pes_1_5 (PE_82)                      4.52e-02    0.284 3.27e+03    0.332   0.8
  pes_0_5 (PE_83)                      6.05e-02    0.304 3.32e+03    0.368   0.9
  pes_11_4 (PE_84)                     6.76e-03    0.182 2.88e+03    0.192   0.5
  pes_10_4 (PE_85)                     1.04e-02    0.243 3.19e+03    0.257   0.6
  pes_9_4 (PE_86)                      1.17e-02    0.245 3.19e+03    0.259   0.6
  pes_8_4 (PE_87)                      1.34e-02    0.246 3.20e+03    0.263   0.6
  pes_7_4 (PE_88)                      1.55e-02    0.249 3.20e+03    0.267   0.6
  pes_6_4 (PE_89)                      1.82e-02    0.252 3.21e+03    0.273   0.7
  pes_5_4 (PE_90)                      2.14e-02    0.255 3.21e+03    0.280   0.7
  pes_4_4 (PE_91)                      2.58e-02    0.260 3.22e+03    0.289   0.7
  pes_3_4 (PE_92)                      3.09e-02    0.266 3.24e+03    0.301   0.7
  pes_2_4 (PE_93)                      3.71e-02    0.274 3.25e+03    0.314   0.8
  pes_1_4 (PE_94)                      4.52e-02    0.283 3.27e+03    0.332   0.8
  pes_0_4 (PE_95)                      6.07e-02    0.304 3.32e+03    0.368   0.9
  pes_11_3 (PE_96)                     7.29e-03    0.183 2.89e+03    0.193   0.5
  pes_10_3 (PE_97)                     1.11e-02    0.244 3.19e+03    0.258   0.6
  pes_9_3 (PE_98)                      1.22e-02    0.245 3.20e+03    0.261   0.6
  pes_8_3 (PE_99)                      1.37e-02    0.247 3.20e+03    0.264   0.6
  pes_7_3 (PE_100)                     1.56e-02    0.249 3.20e+03    0.268   0.6
  pes_6_3 (PE_101)                     1.85e-02    0.252 3.21e+03    0.274   0.7
  pes_5_3 (PE_102)                     2.19e-02    0.256 3.22e+03    0.281   0.7
  pes_4_3 (PE_103)                     2.60e-02    0.261 3.23e+03    0.290   0.7
  pes_3_3 (PE_104)                     3.06e-02    0.266 3.24e+03    0.300   0.7
  pes_2_3 (PE_105)                     3.66e-02    0.273 3.25e+03    0.313   0.8
  pes_1_3 (PE_106)                     4.41e-02    0.282 3.27e+03    0.329   0.8
  pes_0_3 (PE_107)                     5.89e-02    0.301 3.32e+03    0.364   0.9
  pes_11_2 (PE_108)                    8.50e-03    0.185 2.89e+03    0.197   0.5
  pes_10_2 (PE_109)                    1.20e-02    0.246 3.20e+03    0.261   0.6
  pes_9_2 (PE_110)                     1.33e-02    0.247 3.20e+03    0.264   0.6
  pes_8_2 (PE_111)                     1.46e-02    0.249 3.21e+03    0.267   0.6
  pes_7_2 (PE_112)                     1.65e-02    0.251 3.21e+03    0.271   0.7
  pes_6_2 (PE_113)                     1.91e-02    0.254 3.22e+03    0.276   0.7
  pes_5_2 (PE_114)                     2.22e-02    0.257 3.23e+03    0.283   0.7
  pes_4_2 (PE_115)                     2.60e-02    0.262 3.23e+03    0.291   0.7
  pes_3_2 (PE_116)                     3.06e-02    0.267 3.25e+03    0.301   0.7
  pes_2_2 (PE_117)                     3.69e-02    0.274 3.26e+03    0.314   0.8
  pes_1_2 (PE_118)                     4.42e-02    0.283 3.28e+03    0.330   0.8
  pes_0_2 (PE_119)                     5.86e-02    0.302 3.33e+03    0.363   0.9
  pes_11_1 (PE_120)                    1.25e-02    0.192 2.91e+03    0.208   0.5
  pes_10_1 (PE_121)                    1.59e-02    0.253 3.22e+03    0.272   0.7
  pes_9_1 (PE_122)                     1.73e-02    0.255 3.22e+03    0.275   0.7
  pes_8_1 (PE_123)                     1.88e-02    0.256 3.22e+03    0.278   0.7
  pes_7_1 (PE_124)                     2.08e-02    0.258 3.23e+03    0.282   0.7
  pes_6_1 (PE_125)                     2.33e-02    0.261 3.23e+03    0.288   0.7
  pes_5_1 (PE_126)                     2.65e-02    0.265 3.24e+03    0.294   0.7
  pes_4_1 (PE_127)                     3.03e-02    0.269 3.25e+03    0.303   0.7
  pes_3_1 (PE_128)                     3.52e-02    0.275 3.26e+03    0.313   0.8
  pes_2_1 (PE_129)                     4.12e-02    0.281 3.27e+03    0.326   0.8
  pes_1_1 (PE_130)                     4.83e-02    0.290 3.29e+03    0.341   0.8
  pes_0_1 (PE_131)                     6.21e-02    0.307 3.33e+03    0.373   0.9
  pes_11 (PE_132)                      2.56e-02    0.216 2.97e+03    0.245   0.6
  pes_10 (PE_133)                      2.92e-02    0.277 3.27e+03    0.310   0.7
  pes_9 (PE_134)                       3.06e-02    0.279 3.28e+03    0.313   0.8
  pes_8 (PE_135)                       3.23e-02    0.280 3.28e+03    0.316   0.8
  pes_7 (PE_136)                       3.50e-02    0.284 3.28e+03    0.322   0.8
  pes_6 (PE_137)                       3.78e-02    0.287 3.29e+03    0.328   0.8
  pes_5 (PE_138)                       4.12e-02    0.291 3.30e+03    0.335   0.8
  pes_4 (PE_139)                       4.51e-02    0.295 3.31e+03    0.343   0.8
  pes_3 (PE_140)                       4.97e-02    0.300 3.31e+03    0.353   0.9
  pes_2 (PE_141)                       5.55e-02    0.307 3.32e+03    0.366   0.9
  pes_1 (PE_142)                       6.29e-02    0.315 3.34e+03    0.382   0.9
  pes_0 (PE_143)                       7.69e-02    0.333 3.38e+03    0.413   1.0
1
