Information: Updating design information... (UID-85)
Warning: Design 'OneSaArray' contains 1 high-fanout nets. A fanout number of 1000 will be used for delay calculations involving these nets. (TIM-134)
 
****************************************
Report : timing
        -path full
        -delay max
        -nets
        -max_paths 1
        -transition_time
Design : OneSaArray
Version: V-2023.12
Date   : Mon Apr  6 03:53:28 2026
****************************************

 # A fanout number of 1000 was used for high fanout net computations.

Operating Conditions: ffg0p99v0c   Library: tcbn28hpcplusbwp30p140ffg0p99v0c_ccs
Wire Load Model Mode: segmented

  Startpoint: mesh/pes_0_2/regPsum_reg[1]
              (rising edge-triggered flip-flop clocked by ideal_clock1)
  Endpoint: mesh/pes_1_2/regPsum_reg[31]
            (rising edge-triggered flip-flop clocked by ideal_clock1)
  Path Group: ideal_clock1
  Path Type: max

  Des/Clust/Port     Wire Load Model       Library
  ------------------------------------------------
  OneSaArray         ZeroWireload          tcbn28hpcplusbwp30p140ffg0p99v0c_ccs
  OneSaMesh          ZeroWireload          tcbn28hpcplusbwp30p140ffg0p99v0c_ccs

Attributes:
    d - dont_touch
    u - dont_use
   mo - map_only
   so - size_only
    i - ideal_net or ideal_network
  inf - infeasible path

  Point                                    Fanout     Trans      Incr       Path      Attributes
  ------------------------------------------------------------------------------------------------------
  clock ideal_clock1 (rise edge)                                 0.00       0.00
  clock network delay (ideal)                                    0.00       0.00
  mesh/pes_0_2/regPsum_reg[1]/CP (DFQD1BWP30P140)      0.00      0.00 #     0.00 r
  mesh/pes_0_2/regPsum_reg[1]/Q (DFQD1BWP30P140)       0.01      0.04       0.04 f
  mesh/_pes_0_2_io_psumOut[1] (net)          3                   0.00       0.04 f
  mesh/U7731/ZN (AOI21D1BWP30P140)                     0.01      0.01       0.05 r
  mesh/n25273 (net)                          2                   0.00       0.05 r
  mesh/U7734/ZN (OAI21D1BWP30P140)                     0.02      0.01       0.06 f
  mesh/n3770 (net)                           2                   0.00       0.06 f
  mesh/U2994/ZN (MAOI222D0BWP30P140)                   0.04      0.03       0.09 r
  mesh/n3950 (net)                           2                   0.00       0.09 r
  mesh/U2599/ZN (MAOI222D0BWP30P140)                   0.04      0.03       0.12 f
  mesh/n4273 (net)                           2                   0.00       0.12 f
  mesh/U2440/ZN (MAOI222D0BWP30P140)                   0.04      0.03       0.15 r
  mesh/n4600 (net)                           2                   0.00       0.15 r
  mesh/U2306/ZN (MAOI222D0BWP30P140)                   0.04      0.03       0.18 f
  mesh/n5037 (net)                           2                   0.00       0.18 f
  mesh/U2277/ZN (MAOI222D0BWP30P140)                   0.04      0.03       0.21 r
  mesh/n5949 (net)                           2                   0.00       0.21 r
  mesh/U2180/ZN (MAOI222D0BWP30P140)                   0.04      0.03       0.24 f
  mesh/n6406 (net)                           2                   0.00       0.24 f
  mesh/U2136/ZN (MAOI222D0BWP30P140)                   0.04      0.03       0.27 r
  mesh/n7450 (net)                           2                   0.00       0.27 r
  mesh/U2000/ZN (MAOI222D0BWP30P140)                   0.04      0.03       0.30 f
  mesh/n8175 (net)                           2                   0.00       0.30 f
  mesh/U1967/ZN (MAOI222D0BWP30P140)                   0.04      0.03       0.34 r
  mesh/n8854 (net)                           2                   0.00       0.34 r
  mesh/U1812/ZN (MAOI222D0BWP30P140)                   0.04      0.03       0.36 f
  mesh/n9360 (net)                           2                   0.00       0.36 f
  mesh/U1722/ZN (MAOI222D0BWP30P140)                   0.04      0.03       0.40 r
  mesh/n9791 (net)                           2                   0.00       0.40 r
  mesh/U1659/ZN (MAOI222D0BWP30P140)                   0.04      0.03       0.43 f
  mesh/n10532 (net)                          2                   0.00       0.43 f
  mesh/U16564/ZN (MAOI222D1BWP30P140)                  0.03      0.03       0.45 r
  mesh/n11182 (net)                          2                   0.00       0.45 r
  mesh/U1573/ZN (MAOI222D0BWP30P140)                   0.04      0.03       0.48 f
  mesh/n11610 (net)                          2                   0.00       0.48 f
  mesh/U17799/ZN (MAOI222D1BWP30P140)                  0.03      0.03       0.50 r
  mesh/n12609 (net)                          2                   0.00       0.50 r
  mesh/U1390/ZN (MAOI222D0BWP30P140)                   0.04      0.03       0.53 f
  mesh/n13665 (net)                          2                   0.00       0.53 f
  mesh/U20337/ZN (MAOI222D1BWP30P140)                  0.03      0.03       0.56 r
  mesh/n14557 (net)                          2                   0.00       0.56 r
  mesh/U21769/ZN (MAOI222D1BWP30P140)                  0.03      0.02       0.58 f
  mesh/n14889 (net)                          2                   0.00       0.58 f
  mesh/U22346/ZN (MAOI222D1BWP30P140)                  0.03      0.02       0.61 r
  mesh/n20169 (net)                          2                   0.00       0.61 r
  mesh/U29914/ZN (MAOI222D1BWP30P140)                  0.03      0.02       0.63 f
  mesh/n20363 (net)                          2                   0.00       0.63 f
  mesh/U30280/ZN (MAOI222D1BWP30P140)                  0.03      0.02       0.65 r
  mesh/n20471 (net)                          2                   0.00       0.65 r
  mesh/U30414/ZN (MAOI222D1BWP30P140)                  0.03      0.02       0.67 f
  mesh/n20842 (net)                          2                   0.00       0.67 f
  mesh/U30830/ZN (MAOI222D1BWP30P140)                  0.03      0.02       0.70 r
  mesh/n21103 (net)                          2                   0.00       0.70 r
  mesh/U31070/ZN (MAOI222D1BWP30P140)                  0.03      0.02       0.72 f
  mesh/n21357 (net)                          2                   0.00       0.72 f
  mesh/U31346/ZN (MAOI222D1BWP30P140)                  0.03      0.02       0.74 r
  mesh/n21645 (net)                          2                   0.00       0.74 r
  mesh/U31606/ZN (MAOI222D1BWP30P140)                  0.03      0.02       0.76 f
  mesh/n21875 (net)                          2                   0.00       0.76 f
  mesh/U31866/ZN (MAOI222D1BWP30P140)                  0.03      0.02       0.79 r
  mesh/n22099 (net)                          2                   0.00       0.79 r
  mesh/U668/ZN (MAOI222D0BWP30P140)                    0.03      0.03       0.81 f
  mesh/n22318 (net)                          2                   0.00       0.81 f
  mesh/U487/ZN (MAOI222D0BWP30P140)                    0.02      0.02       0.84 r
  mesh/n22319 (net)                          1                   0.00       0.84 r
  mesh/U292/ZN (XNR2UD0BWP30P140)                      0.02      0.02       0.86 r
  mesh/n22320 (net)                          1                   0.00       0.86 r
  mesh/U152/ZN (XNR2UD0BWP30P140)                      0.02      0.02       0.88 r
  mesh/n22321 (net)                          1                   0.00       0.88 r
  mesh/U32157/Z (AO22D0BWP30P140)                      0.01      0.02       0.90 r
  mesh/pes_1_2/N292 (net)                    1                   0.00       0.90 r
  mesh/pes_1_2/regPsum_reg[31]/D (DFQD1BWP30P140)      0.01      0.00       0.90 r
  data arrival time                                                         0.90

  clock ideal_clock1 (rise edge)                                 1.00       1.00
  clock network delay (ideal)                                    0.00       1.00
  mesh/pes_1_2/regPsum_reg[31]/CP (DFQD1BWP30P140)               0.00       1.00 r
  library setup time                                            -0.01       0.99
  data required time                                                        0.99
  ------------------------------------------------------------------------------------------------------
  data required time                                                        0.99
  data arrival time                                                        -0.90
  ------------------------------------------------------------------------------------------------------
  slack (MET)                                                               0.09


1
