Information: Updating design information... (UID-85)
Warning: Design 'SystolicArray' contains 1 high-fanout nets. A fanout number of 1000 will be used for delay calculations involving these nets. (TIM-134)
 
****************************************
Report : timing
        -path full
        -delay max
        -nets
        -max_paths 1
        -transition_time
Design : SystolicArray
Version: V-2023.12
Date   : Mon Apr  6 04:50:07 2026
****************************************

 # A fanout number of 1000 was used for high fanout net computations.

Operating Conditions: ffg0p99v0c   Library: tcbn28hpcplusbwp30p140ffg0p99v0c_ccs
Wire Load Model Mode: segmented

  Startpoint: pairs_0_5/right/regW_reg[8]
              (rising edge-triggered flip-flop clocked by ideal_clock1)
  Endpoint: pairs_0_5/right/regS_reg[31]
            (rising edge-triggered flip-flop clocked by ideal_clock1)
  Path Group: ideal_clock1
  Path Type: max

  Des/Clust/Port     Wire Load Model       Library
  ------------------------------------------------
  StripPair_54       ZeroWireload          tcbn28hpcplusbwp30p140ffg0p99v0c_ccs
  StripPair_48       ZeroWireload          tcbn28hpcplusbwp30p140ffg0p99v0c_ccs
  StripPair_42       ZeroWireload          tcbn28hpcplusbwp30p140ffg0p99v0c_ccs
  StripPair_36       ZeroWireload          tcbn28hpcplusbwp30p140ffg0p99v0c_ccs
  StripPair_30       ZeroWireload          tcbn28hpcplusbwp30p140ffg0p99v0c_ccs
  StripPair_24       ZeroWireload          tcbn28hpcplusbwp30p140ffg0p99v0c_ccs
  StripPair_18       ZeroWireload          tcbn28hpcplusbwp30p140ffg0p99v0c_ccs
  StripPair_12       ZeroWireload          tcbn28hpcplusbwp30p140ffg0p99v0c_ccs
  StripPair_6        ZeroWireload          tcbn28hpcplusbwp30p140ffg0p99v0c_ccs
  StripPair_0        ZeroWireload          tcbn28hpcplusbwp30p140ffg0p99v0c_ccs
  StripPair_70       ZeroWireload          tcbn28hpcplusbwp30p140ffg0p99v0c_ccs
  StripPair_69       ZeroWireload          tcbn28hpcplusbwp30p140ffg0p99v0c_ccs
  StripPair_68       ZeroWireload          tcbn28hpcplusbwp30p140ffg0p99v0c_ccs
  StripPair_67       ZeroWireload          tcbn28hpcplusbwp30p140ffg0p99v0c_ccs
  StripPair_64       ZeroWireload          tcbn28hpcplusbwp30p140ffg0p99v0c_ccs
  StripPair_63       ZeroWireload          tcbn28hpcplusbwp30p140ffg0p99v0c_ccs
  StripPair_62       ZeroWireload          tcbn28hpcplusbwp30p140ffg0p99v0c_ccs
  StripPair_61       ZeroWireload          tcbn28hpcplusbwp30p140ffg0p99v0c_ccs
  StripPair_59       ZeroWireload          tcbn28hpcplusbwp30p140ffg0p99v0c_ccs
  StripPair_58       ZeroWireload          tcbn28hpcplusbwp30p140ffg0p99v0c_ccs
  StripPair_57       ZeroWireload          tcbn28hpcplusbwp30p140ffg0p99v0c_ccs
  StripPair_56       ZeroWireload          tcbn28hpcplusbwp30p140ffg0p99v0c_ccs
  StripPair_55       ZeroWireload          tcbn28hpcplusbwp30p140ffg0p99v0c_ccs
  StripPair_53       ZeroWireload          tcbn28hpcplusbwp30p140ffg0p99v0c_ccs
  StripPair_52       ZeroWireload          tcbn28hpcplusbwp30p140ffg0p99v0c_ccs
  StripPair_51       ZeroWireload          tcbn28hpcplusbwp30p140ffg0p99v0c_ccs
  StripPair_50       ZeroWireload          tcbn28hpcplusbwp30p140ffg0p99v0c_ccs
  StripPair_49       ZeroWireload          tcbn28hpcplusbwp30p140ffg0p99v0c_ccs
  StripPair_47       ZeroWireload          tcbn28hpcplusbwp30p140ffg0p99v0c_ccs
  StripPair_46       ZeroWireload          tcbn28hpcplusbwp30p140ffg0p99v0c_ccs
  StripPair_45       ZeroWireload          tcbn28hpcplusbwp30p140ffg0p99v0c_ccs
  StripPair_44       ZeroWireload          tcbn28hpcplusbwp30p140ffg0p99v0c_ccs
  StripPair_43       ZeroWireload          tcbn28hpcplusbwp30p140ffg0p99v0c_ccs
  StripPair_41       ZeroWireload          tcbn28hpcplusbwp30p140ffg0p99v0c_ccs
  StripPair_40       ZeroWireload          tcbn28hpcplusbwp30p140ffg0p99v0c_ccs
  StripPair_39       ZeroWireload          tcbn28hpcplusbwp30p140ffg0p99v0c_ccs
  StripPair_38       ZeroWireload          tcbn28hpcplusbwp30p140ffg0p99v0c_ccs
  StripPair_37       ZeroWireload          tcbn28hpcplusbwp30p140ffg0p99v0c_ccs
  StripPair_35       ZeroWireload          tcbn28hpcplusbwp30p140ffg0p99v0c_ccs
  StripPair_34       ZeroWireload          tcbn28hpcplusbwp30p140ffg0p99v0c_ccs
  StripPair_33       ZeroWireload          tcbn28hpcplusbwp30p140ffg0p99v0c_ccs
  StripPair_32       ZeroWireload          tcbn28hpcplusbwp30p140ffg0p99v0c_ccs
  StripPair_31       ZeroWireload          tcbn28hpcplusbwp30p140ffg0p99v0c_ccs
  StripPair_29       ZeroWireload          tcbn28hpcplusbwp30p140ffg0p99v0c_ccs
  StripPair_28       ZeroWireload          tcbn28hpcplusbwp30p140ffg0p99v0c_ccs
  StripPair_27       ZeroWireload          tcbn28hpcplusbwp30p140ffg0p99v0c_ccs
  StripPair_26       ZeroWireload          tcbn28hpcplusbwp30p140ffg0p99v0c_ccs
  StripPair_25       ZeroWireload          tcbn28hpcplusbwp30p140ffg0p99v0c_ccs
  StripPair_23       ZeroWireload          tcbn28hpcplusbwp30p140ffg0p99v0c_ccs
  StripPair_22       ZeroWireload          tcbn28hpcplusbwp30p140ffg0p99v0c_ccs
  StripPair_21       ZeroWireload          tcbn28hpcplusbwp30p140ffg0p99v0c_ccs
  StripPair_20       ZeroWireload          tcbn28hpcplusbwp30p140ffg0p99v0c_ccs
  StripPair_19       ZeroWireload          tcbn28hpcplusbwp30p140ffg0p99v0c_ccs
  StripPair_17       ZeroWireload          tcbn28hpcplusbwp30p140ffg0p99v0c_ccs
  StripPair_16       ZeroWireload          tcbn28hpcplusbwp30p140ffg0p99v0c_ccs
  StripPair_15       ZeroWireload          tcbn28hpcplusbwp30p140ffg0p99v0c_ccs
  StripPair_14       ZeroWireload          tcbn28hpcplusbwp30p140ffg0p99v0c_ccs
  StripPair_13       ZeroWireload          tcbn28hpcplusbwp30p140ffg0p99v0c_ccs
  StripPair_11       ZeroWireload          tcbn28hpcplusbwp30p140ffg0p99v0c_ccs
  StripPair_10       ZeroWireload          tcbn28hpcplusbwp30p140ffg0p99v0c_ccs
  StripPair_9        ZeroWireload          tcbn28hpcplusbwp30p140ffg0p99v0c_ccs
  StripPair_8        ZeroWireload          tcbn28hpcplusbwp30p140ffg0p99v0c_ccs
  StripPair_7        ZeroWireload          tcbn28hpcplusbwp30p140ffg0p99v0c_ccs
  StripPair_5        ZeroWireload          tcbn28hpcplusbwp30p140ffg0p99v0c_ccs
  StripPair_4        ZeroWireload          tcbn28hpcplusbwp30p140ffg0p99v0c_ccs
  StripPair_3        ZeroWireload          tcbn28hpcplusbwp30p140ffg0p99v0c_ccs
  StripPair_2        ZeroWireload          tcbn28hpcplusbwp30p140ffg0p99v0c_ccs
  StripPair_1        ZeroWireload          tcbn28hpcplusbwp30p140ffg0p99v0c_ccs
  StripPair_60       ZeroWireload          tcbn28hpcplusbwp30p140ffg0p99v0c_ccs
  StripPair_65       ZeroWireload          tcbn28hpcplusbwp30p140ffg0p99v0c_ccs
  StripPair_66       ZeroWireload          tcbn28hpcplusbwp30p140ffg0p99v0c_ccs
  SystolicArray      ZeroWireload          tcbn28hpcplusbwp30p140ffg0p99v0c_ccs
  StripPair_71       ZeroWireload          tcbn28hpcplusbwp30p140ffg0p99v0c_ccs

Attributes:
    d - dont_touch
    u - dont_use
   mo - map_only
   so - size_only
    i - ideal_net or ideal_network
  inf - infeasible path

  Point                                    Fanout     Trans      Incr       Path      Attributes
  ------------------------------------------------------------------------------------------------------
  clock ideal_clock1 (rise edge)                                 0.00       0.00
  clock network delay (ideal)                                    0.00       0.00
  pairs_0_5/right/regW_reg[8]/CP (DFQD2BWP30P140)      0.00      0.00 #     0.00 r
  pairs_0_5/right/regW_reg[8]/Q (DFQD2BWP30P140)       0.01      0.03       0.03 r
  pairs_0_5/right/regW[8] (net)              3                   0.00       0.03 r
  pairs_0_5/U276/ZN (INVD1BWP30P140)                   0.01      0.01       0.04 f
  pairs_0_5/n1230 (net)                      3                   0.00       0.04 f
  pairs_0_5/U8/ZN (NR2D1BWP30P140)                     0.05      0.03       0.07 r
  pairs_0_5/intadd_905/B[0] (net)           13                   0.00       0.07 r
  pairs_0_5/U332/ZN (INVD1BWP30P140)                   0.08      0.06       0.12 f
  pairs_0_5/n1080 (net)                     41                   0.00       0.12 f
  pairs_0_5/U484/ZN (MUX2NUD1BWP30P140)                0.03      0.03       0.15 r
  pairs_0_5/n146 (net)                       3                   0.00       0.15 r
  pairs_0_5/U488/ZN (ND2D1BWP30P140)                   0.07      0.04       0.20 f
  pairs_0_5/n1077 (net)                     24                   0.00       0.20 f
  pairs_0_5/U1506/ZN (OAI222D0BWP30P140)               0.04      0.03       0.23 r
  pairs_0_5/n1079 (net)                      1                   0.00       0.23 r
  pairs_0_5/U1507/ZN (MUX2ND0BWP30P140)                0.04      0.02       0.25 f
  pairs_0_5/intadd_905/B[1] (net)            1                   0.00       0.25 f
  pairs_0_5/intadd_905/U25/CO (FA1D1BWP30P140)         0.01      0.03       0.29 f    mo 
  pairs_0_5/intadd_905/n24 (net)             1                   0.00       0.29 f
  pairs_0_5/intadd_905/U24/CO (FA1D1BWP30P140)         0.01      0.03       0.31 f    mo 
  pairs_0_5/intadd_905/n23 (net)             1                   0.00       0.31 f
  pairs_0_5/intadd_905/U23/CO (FA1D1BWP30P140)         0.01      0.02       0.33 f    mo 
  pairs_0_5/intadd_905/n22 (net)             1                   0.00       0.33 f
  pairs_0_5/intadd_905/U22/CO (FA1D1BWP30P140)         0.01      0.02       0.36 f    mo 
  pairs_0_5/intadd_905/n21 (net)             1                   0.00       0.36 f
  pairs_0_5/intadd_905/U21/S (FA1D1BWP30P140)          0.01      0.03       0.39 f    mo 
  pairs_0_5/intadd_904/A[8] (net)            1                   0.00       0.39 f
  pairs_0_5/intadd_904/U21/S (FA1D1BWP30P140)          0.01      0.04       0.43 r    mo 
  pairs_0_5/intadd_904/SUM[8] (net)          1                   0.00       0.43 r
  pairs_0_5/U1668/ZN (INVD0BWP30P140)                  0.02      0.02       0.45 f
  pairs_0_5/intadd_920/A[2] (net)            1                   0.00       0.45 f
  pairs_0_5/U1702/CO (FA1OPTCD2BWP30P140)              0.01      0.03       0.48 f    mo 
  pairs_0_5/intadd_920/n1 (net)              3                   0.00       0.48 f
  pairs_0_5/U17/ZN (MAOI222D2BWP30P140)                0.03      0.02       0.50 r
  pairs_0_5/n544 (net)                       3                   0.00       0.50 r
  pairs_0_5/U18/ZN (MAOI222D2BWP30P140)                0.03      0.02       0.51 f
  pairs_0_5/n557 (net)                       3                   0.00       0.51 f
  pairs_0_5/U459/ZN (MAOI222D0BWP30P140)               0.03      0.02       0.54 r
  pairs_0_5/n125 (net)                       1                   0.00       0.54 r
  pairs_0_5/U24/ZN (INVD1BWP30P140)                    0.01      0.01       0.55 f
  pairs_0_5/n1289 (net)                      1                   0.00       0.55 f
  pairs_0_5/U1676/CO (FA1D2BWP30P140)                  0.01      0.03       0.58 f
  pairs_0_5/n1297 (net)                      3                   0.00       0.58 f
  pairs_0_5/U20/ZN (INVD2BWP30P140)                    0.00      0.00       0.58 r
  pairs_0_5/n129 (net)                       1                   0.00       0.58 r
  pairs_0_5/U465/ZN (MAOI222D1BWP30P140)               0.03      0.02       0.60 f
  pairs_0_5/n599 (net)                       3                   0.00       0.60 f
  pairs_0_5/U467/ZN (MAOI222D1BWP30P140)               0.03      0.02       0.62 r
  pairs_0_5/n604 (net)                       3                   0.00       0.62 r
  pairs_0_5/U468/ZN (MAOI222D1BWP30P140)               0.03      0.02       0.65 f
  pairs_0_5/n609 (net)                       3                   0.00       0.65 f
  pairs_0_5/U470/ZN (MAOI222D1BWP30P140)               0.04      0.03       0.67 r
  pairs_0_5/n614 (net)                       3                   0.00       0.67 r
  pairs_0_5/U13/ZN (MAOI222D2BWP30P140)                0.03      0.02       0.70 f
  pairs_0_5/n619 (net)                       3                   0.00       0.70 f
  pairs_0_5/U14/ZN (MAOI222D2BWP30P140)                0.03      0.02       0.72 r
  pairs_0_5/n624 (net)                       3                   0.00       0.72 r
  pairs_0_5/U472/ZN (MAOI222D1BWP30P140)               0.03      0.02       0.74 f
  pairs_0_5/n629 (net)                       3                   0.00       0.74 f
  pairs_0_5/U22/ZN (MAOI222D1BWP30P140)                0.03      0.02       0.76 r
  pairs_0_5/n634 (net)                       3                   0.00       0.76 r
  pairs_0_5/U473/ZN (MAOI222D1BWP30P140)               0.03      0.02       0.79 f
  pairs_0_5/n639 (net)                       3                   0.00       0.79 f
  pairs_0_5/U474/ZN (MAOI222D1BWP30P140)               0.03      0.02       0.81 r
  pairs_0_5/n644 (net)                       3                   0.00       0.81 r
  pairs_0_5/U475/ZN (MAOI222D1BWP30P140)               0.03      0.02       0.83 f
  pairs_0_5/n649 (net)                       3                   0.00       0.83 f
  pairs_0_5/U476/ZN (MAOI222D1BWP30P140)               0.03      0.03       0.86 r
  pairs_0_5/n654 (net)                       3                   0.00       0.86 r
  pairs_0_5/U15/ZN (MAOI222D2BWP30P140)                0.03      0.02       0.88 f
  pairs_0_5/n659 (net)                       3                   0.00       0.88 f
  pairs_0_5/U16/ZN (MAOI222D2BWP30P140)                0.03      0.02       0.90 r
  pairs_0_5/n664 (net)                       3                   0.00       0.90 r
  pairs_0_5/U479/ZN (MAOI222D1BWP30P140)               0.03      0.02       0.93 f
  pairs_0_5/n143 (net)                       1                   0.00       0.93 f
  pairs_0_5/U12/Z (XOR2OPTND2BWP30P140)                0.02      0.02       0.94 f
  pairs_0_5/n1 (net)                         1                   0.00       0.94 f
  pairs_0_5/U1/Z (XOR2UD1BWP30P140)                    0.02      0.02       0.96 f
  pairs_0_5/n287 (net)                       2                   0.00       0.96 f
  pairs_0_5/U529/ZN (AOI21D1BWP30P140)                 0.02      0.01       0.97 r
  pairs_0_5/n286 (net)                       1                   0.00       0.97 r
  pairs_0_5/U530/ZN (OAI21D1BWP30P140)                 0.01      0.01       0.98 f
  pairs_0_5/n289 (net)                       1                   0.00       0.98 f
  pairs_0_5/U531/ZN (IOA21D1BWP30P140)                 0.01      0.01       0.99 r
  pairs_0_5/n1429 (net)                      1                   0.00       0.99 r
  pairs_0_5/right/regS_reg[31]/D (DFQD1BWP30P140)      0.01      0.00       0.99 r
  data arrival time                                                         0.99

  clock ideal_clock1 (rise edge)                                 1.00       1.00
  clock network delay (ideal)                                    0.00       1.00
  pairs_0_5/right/regS_reg[31]/CP (DFQD1BWP30P140)               0.00       1.00 r
  library setup time                                            -0.01       0.99
  data required time                                                        0.99
  ------------------------------------------------------------------------------------------------------
  data required time                                                        0.99
  data arrival time                                                        -0.99
  ------------------------------------------------------------------------------------------------------
  slack (MET)                                                               0.00


1
