Information: Updating design information... (UID-85)
Warning: Design 'OneSaArray' contains 1 high-fanout nets. A fanout number of 1000 will be used for delay calculations involving these nets. (TIM-134)
 
****************************************
Report : timing
        -path full
        -delay max
        -nets
        -max_paths 1
        -transition_time
Design : OneSaArray
Version: V-2023.12
Date   : Mon Apr  6 04:35:53 2026
****************************************

 # A fanout number of 1000 was used for high fanout net computations.

Operating Conditions: ffg0p99v0c   Library: tcbn28hpcplusbwp30p140ffg0p99v0c_ccs
Wire Load Model Mode: segmented

  Startpoint: mesh/pes_0_0/regEast_lanes_0_bits_reg[5]
              (rising edge-triggered flip-flop clocked by ideal_clock1)
  Endpoint: mesh/pes_0_1/regSharedPairs_0_bits_reg[7]
            (rising edge-triggered flip-flop clocked by ideal_clock1)
  Path Group: ideal_clock1
  Path Type: max

  Des/Clust/Port     Wire Load Model       Library
  ------------------------------------------------
  OneSaArray         ZeroWireload          tcbn28hpcplusbwp30p140ffg0p99v0c_ccs
  OneSaMesh          ZeroWireload          tcbn28hpcplusbwp30p140ffg0p99v0c_ccs

Attributes:
    d - dont_touch
    u - dont_use
   mo - map_only
   so - size_only
    i - ideal_net or ideal_network
  inf - infeasible path

  Point                                                                   Fanout     Trans      Incr       Path      Attributes
  -------------------------------------------------------------------------------------------------------------------------------------
  clock ideal_clock1 (rise edge)                                                                0.00       0.00
  clock network delay (ideal)                                                                   0.00       0.00
  mesh/pes_0_0/regEast_lanes_0_bits_reg[5]/CP (DFQD2BWP30P140)                        0.00      0.00 #     0.00 r
  mesh/pes_0_0/regEast_lanes_0_bits_reg[5]/Q (DFQD2BWP30P140)                         0.02      0.05       0.05 f
  mesh/_pes_0_0_io_eastOut_lanes_0_bits[5] (net)                           19                   0.00       0.05 f
  mesh/U5869/Z (XOR2UD1BWP30P140)                                                     0.02      0.02       0.06 f
  mesh/n41 (net)                                                            2                   0.00       0.06 f
  mesh/U91384/ZN (INVD1BWP30P140)                                                     0.02      0.02       0.08 r
  mesh/n80956 (net)                                                        11                   0.00       0.08 r
  mesh/U91485/ZN (OAI22D0BWP30P140)                                                   0.03      0.02       0.11 f
  mesh/n80884 (net)                                                         1                   0.00       0.11 f
  mesh/U91539/CO (FA1D1BWP30P140)                                                     0.01      0.03       0.14 f
  mesh/n80920 (net)                                                         1                   0.00       0.14 f
  mesh/U91560/S (FA1D0BWP30P140)                                                      0.02      0.04       0.18 r
  mesh/n80930 (net)                                                         1                   0.00       0.18 r
  mesh/U91565/S (FA1D0BWP30P140)                                                      0.02      0.05       0.22 f
  mesh/n80934 (net)                                                         2                   0.00       0.22 f
  mesh/U91541/Z (XOR2UD1BWP30P140)                                                    0.02      0.02       0.24 f
  mesh/n80916 (net)                                                         2                   0.00       0.24 f
  mesh/U91543/ZN (NR2D1BWP30P140)                                                     0.02      0.02       0.26 r
  mesh/n81349 (net)                                                         5                   0.00       0.26 r
  mesh/U91556/ZN (OAI21D1BWP30P140)                                                   0.01      0.01       0.27 f
  mesh/n80917 (net)                                                         1                   0.00       0.27 f
  mesh/U91557/ZN (AOI21D1BWP30P140)                                                   0.02      0.02       0.28 r
  mesh/n81406 (net)                                                         3                   0.00       0.28 r
  mesh/U91598/ZN (OAI21D1BWP30P140)                                                   0.02      0.01       0.30 f
  mesh/n81292 (net)                                                         2                   0.00       0.30 f
  mesh/U91608/ZN (AOI21D1BWP30P140)                                                   0.01      0.01       0.31 r
  mesh/n80988 (net)                                                         1                   0.00       0.31 r
  mesh/U19881/ZN (OAI21D2BWP30P140)                                                   0.01      0.01       0.32 f
  mesh/n80998 (net)                                                         1                   0.00       0.32 f
  mesh/U91617/ZN (XNR2OPTND2BWP30P140)                                                0.02      0.01       0.33 f
  mesh/n81146 (net)                                                         2                   0.00       0.33 f
  mesh/U91618/ZN (INR2D2BWP30P140)                                                    0.01      0.01       0.34 r
  mesh/n81089 (net)                                                         3                   0.00       0.34 r
  mesh/U91621/ZN (NR2D1BWP30P140)                                                     0.01      0.01       0.35 f
  mesh/n81143 (net)                                                         2                   0.00       0.35 f
  mesh/U91722/ZN (IND3D2BWP30P140)                                                    0.02      0.02       0.37 f
  mesh/n81144 (net)                                                         1                   0.00       0.37 f
  mesh/U91723/ZN (ND2OPTIBD4BWP30P140)                                                0.01      0.01       0.38 r
  mesh/n81507 (net)                                                         9                   0.00       0.38 r
  mesh/U91725/Z (AO21D2BWP30P140)                                                     0.01      0.02       0.40 r
  mesh/n81461 (net)                                                         5                   0.00       0.40 r
  mesh/U91747/ZN (NR3D1P5BWP30P140)                                                   0.01      0.01       0.41 f
  mesh/n81179 (net)                                                         2                   0.00       0.41 f
  mesh/U91748/ZN (INVD1BWP30P140)                                                     0.01      0.01       0.41 r
  mesh/n81176 (net)                                                         2                   0.00       0.41 r
  mesh/U91756/ZN (INR2D1BWP30P140)                                                    0.01      0.01       0.42 f
  mesh/n81215 (net)                                                         5                   0.00       0.42 f
  mesh/U91781/ZN (MUX2NUD1BWP30P140)                                                  0.02      0.01       0.44 r
  mesh/n81203 (net)                                                         1                   0.00       0.44 r
  mesh/U91782/ZN (ND2D1BWP30P140)                                                     0.02      0.02       0.45 f
  mesh/n81589 (net)                                                         4                   0.00       0.45 f
  mesh/U91785/ZN (IND2D1BWP30P140)                                                    0.01      0.02       0.47 f
  mesh/n81224 (net)                                                         2                   0.00       0.47 f
  mesh/U91787/ZN (MOAI22D1BWP30P140)                                                  0.01      0.01       0.48 r
  mesh/n81556 (net)                                                         2                   0.00       0.48 r
  mesh/U91797/ZN (OAI22D1BWP30P140)                                                   0.03      0.02       0.50 f
  mesh/n81562 (net)                                                         2                   0.00       0.50 f
  mesh/U16747/ZN (IOA22D2BWP30P140)                                                   0.02      0.02       0.52 r
  mesh/n81560 (net)                                                         3                   0.00       0.52 r
  mesh/U92050/ZN (AOI21D1BWP30P140)                                                   0.01      0.01       0.53 f
  mesh/n81550 (net)                                                         1                   0.00       0.53 f
  mesh/U92051/ZN (OAI21D2BWP30P140)                                                   0.01      0.01       0.54 r
  mesh/n81553 (net)                                                         1                   0.00       0.54 r
  mesh/U9891/Z (BUFFD12BWP30P140)                                                     0.01      0.02       0.56 r
  mesh/n3445 (net)                                                         28                   0.00       0.56 r
  mesh/U92099/ZN (MUX2NOPTD2BWP30P140)                                                0.01      0.01       0.57 r
  mesh/n179457 (net)                                                        2                   0.00       0.57 r
  mesh/U92100/ZN (INVD2BWP30P140)                                                     0.01      0.01       0.58 f
  mesh/n179529 (net)                                                        4                   0.00       0.58 f
  mesh/U92101/ZN (NR4D3BWP30P140)                                                     0.02      0.02       0.60 r
  mesh/n179581 (net)                                                        3                   0.00       0.60 r
  mesh/U19855/ZN (AOI21D2BWP30P140)                                                   0.02      0.01       0.61 f
  mesh/n127629 (net)                                                        2                   0.00       0.61 f
  mesh/U135349/ZN (ND2D3BWP30P140)                                                    0.01      0.01       0.62 r
  mesh/n152786 (net)                                                        3                   0.00       0.62 r
  mesh/U158510/ZN (INVD1BWP30P140)                                                    0.01      0.01       0.62 f
  mesh/n152754 (net)                                                        1                   0.00       0.62 f
  mesh/U158511/ZN (ND2OPTIBD2BWP30P140)                                               0.02      0.01       0.63 r
  mesh/n179318 (net)                                                        7                   0.00       0.63 r
  mesh/U158554/ZN (NR2D1BWP30P140)                                                    0.01      0.01       0.64 f
  mesh/n152798 (net)                                                        1                   0.00       0.64 f
  mesh/U158555/ZN (AOI31D1BWP30P140)                                                  0.02      0.02       0.65 r
  mesh/n152800 (net)                                                        1                   0.00       0.65 r
  mesh/U8785/ZN (OAI21D2BWP30P140)                                                    0.02      0.02       0.67 f
  mesh/n179329 (net)                                                        3                   0.00       0.67 f
  mesh/U158558/ZN (XNR2UD1BWP30P140)                                                  0.02      0.01       0.68 f
  mesh/n152805 (net)                                                        1                   0.00       0.68 f
  mesh/U158559/ZN (AOI21D1BWP30P140)                                                  0.02      0.02       0.70 r
  mesh/pes_0_1/sharedPairs_pairs_adder/U1/fr[5] (net)                       3                   0.00       0.70 r
  mesh/U158560/ZN (INVD0BWP30P140)                                                    0.01      0.01       0.71 f
  mesh/pes_0_1/sharedPairs_pairs_adder/U1/U2/U1/or2_inv[0][6] (net)         1                   0.00       0.71 f
  mesh/pes_0_1/sharedPairs_pairs_adder/U1/U2/U1/UEN0_0_1_1/ZN (AOI21D1BWP30P140)      0.01      0.01       0.72 r    mo 
  mesh/pes_0_1/sharedPairs_pairs_adder/U1/U2/U1/enc_tree[0][1][6] (net)     1                   0.00       0.72 r
  mesh/U184750/ZN (OAI21D2BWP30P140)                                                  0.01      0.01       0.73 f    mo 
  mesh/pes_0_1/sharedPairs_pairs_adder/U1/U2/U1/enc_tree[0][2][4] (net)     1                   0.00       0.73 f
  mesh/U184749/ZN (AOI21D4BWP30P140)                                                  0.02      0.01       0.74 r    mo 
  mesh/pes_0_1/sharedPairs_pairs_adder/U1/num_zeros_path1[0] (net)          7                   0.00       0.74 r
  mesh/U179596/ZN (INR2D1BWP30P140)                                                   0.04      0.03       0.77 r
  mesh/n179610 (net)                                                       10                   0.00       0.77 r
  mesh/U179606/ZN (AOI22D1BWP30P140)                                                  0.02      0.01       0.79 f
  mesh/n179356 (net)                                                        1                   0.00       0.79 f
  mesh/U179613/ZN (ND2D1BWP30P140)                                                    0.01      0.01       0.80 r
  mesh/n179591 (net)                                                        2                   0.00       0.80 r
  mesh/U179619/ZN (MUX2NOPTD2BWP30P140)                                               0.01      0.01       0.81 f
  mesh/n179363 (net)                                                        1                   0.00       0.81 f
  mesh/U179621/ZN (NR2D2BWP30P140)                                                    0.01      0.01       0.82 r
  mesh/n179626 (net)                                                        2                   0.00       0.82 r
  mesh/U179622/ZN (ND2OPTIBD2BWP30P140)                                               0.01      0.01       0.82 f
  mesh/n179416 (net)                                                        1                   0.00       0.82 f
  mesh/U179678/ZN (CKND2D3BWP30P140)                                                  0.02      0.01       0.83 r
  mesh/n179554 (net)                                                        5                   0.00       0.83 r
  mesh/U179806/ZN (ND2OPTIBD2BWP30P140)                                               0.02      0.02       0.85 f
  mesh/n179663 (net)                                                       10                   0.00       0.85 f
  mesh/U179868/ZN (OAI22D1BWP30P140)                                                  0.02      0.02       0.87 r
  mesh/n179653 (net)                                                        2                   0.00       0.87 r
  mesh/U179880/Z (AO22D0BWP30P140)                                                    0.01      0.02       0.89 r
  mesh/n179721 (net)                                                        2                   0.00       0.89 r
  mesh/U179881/ZN (INVD1BWP30P140)                                                    0.01      0.01       0.90 f
  mesh/n179718 (net)                                                        3                   0.00       0.90 f
  mesh/U179887/ZN (NR2D1BWP30P140)                                                    0.01      0.01       0.91 r
  mesh/n179709 (net)                                                        2                   0.00       0.91 r
  mesh/U179888/ZN (ND2D1BWP30P140)                                                    0.02      0.01       0.92 f
  mesh/n179698 (net)                                                        2                   0.00       0.92 f
  mesh/U179889/ZN (NR2D1BWP30P140)                                                    0.03      0.02       0.94 r
  mesh/n179694 (net)                                                        5                   0.00       0.94 r
  mesh/U179903/ZN (ND2D1BWP30P140)                                                    0.02      0.01       0.95 f
  mesh/n179684 (net)                                                        1                   0.00       0.95 f
  mesh/U179904/Z (XOR2UD1BWP30P140)                                                   0.02      0.01       0.96 r
  mesh/n179685 (net)                                                        1                   0.00       0.96 r
  mesh/U179905/ZN (AOI222D1BWP30P140)                                                 0.08      0.01       0.98 f
  mesh/n179687 (net)                                                        1                   0.00       0.98 f
  mesh/U179906/ZN (INVD1BWP30P140)                                                    0.02      0.01       0.99 r
  mesh/n2768 (net)                                                          1                   0.00       0.99 r
  mesh/pes_0_1/regSharedPairs_0_bits_reg[7]/D (DFQD1BWP30P140)                        0.02      0.00       0.99 r
  data arrival time                                                                                        0.99

  clock ideal_clock1 (rise edge)                                                                1.00       1.00
  clock network delay (ideal)                                                                   0.00       1.00
  mesh/pes_0_1/regSharedPairs_0_bits_reg[7]/CP (DFQD1BWP30P140)                                 0.00       1.00 r
  library setup time                                                                           -0.01       0.99
  data required time                                                                                       0.99
  -------------------------------------------------------------------------------------------------------------------------------------
  data required time                                                                                       0.99
  data arrival time                                                                                       -0.99
  -------------------------------------------------------------------------------------------------------------------------------------
  slack (MET)                                                                                              0.00


1
