 
****************************************
Report : area
Design : SystolicArray
Version: V-2023.12
Date   : Mon Apr  6 09:16:41 2026
****************************************

Library(s) Used:

    tcbn28hpcplusbwp30p140ffg0p99v0c_ccs (File: /hpc/Tech/TSMC/digital/N28/digital/Front_End/timing_power_noise/CCS/tcbn28hpcplusbwp30p140_180a/tcbn28hpcplusbwp30p140ffg0p99v0c_ccs.db)

Number of ports:                        13730
Number of nets:                        351214
Number of cells:                       334759
Number of combinational cells:         325415
Number of sequential cells:              9216
Number of macros/black boxes:               0
Number of buf/inv:                      63372
Number of references:                     136

Combinational area:             178751.538010
Buf/Inv area:                    17025.246220
Noncombinational area:           18223.379659
Macro/Black Box area:                0.000000
Net Interconnect area:      undefined  (Wire load has zero net area)

Total cell area:                196974.917669
Total area:                 undefined

Hierarchical area distribution
------------------------------

                                  Global cell area              Local cell area
                                  --------------------  ------------------------------- 
Hierarchical cell                 Absolute     Percent  Combi-       Noncombi-   Black-
                                  Total        Total    national     national    boxes   Design
--------------------------------  -----------  -------  -----------  ----------  ------  -------------
SystolicArray                     196974.9177    100.0     245.1960      0.0000  0.0000  SystolicArray
pairs_0                             1275.1200      0.6    1132.9920    142.1280  0.0000  StripPair_127
pairs_0_1                           1545.7680      0.8    1402.8840    142.8840  0.0000  StripPair_119
pairs_0_10                          1561.6440      0.8    1416.1140    145.5300  0.0000  StripPair_47
pairs_0_11                          1545.5160      0.8    1401.1200    144.3960  0.0000  StripPair_39
pairs_0_12                          1555.2180      0.8    1410.0660    145.1520  0.0000  StripPair_31
pairs_0_13                          1549.1700      0.8    1405.9080    143.2620  0.0000  StripPair_23
pairs_0_14                          1563.1560      0.8    1418.3820    144.7740  0.0000  StripPair_15
pairs_0_15                          1567.0620      0.8    1426.4460    140.6160  0.0000  StripPair_7
pairs_0_2                           1551.1860      0.8    1406.7900    144.3960  0.0000  StripPair_111
pairs_0_3                           1552.5720      0.8    1407.0420    145.5300  0.0000  StripPair_103
pairs_0_4                           1562.0220      0.8    1417.2480    144.7740  0.0000  StripPair_95
pairs_0_5                           1552.3200      0.8    1407.9240    144.3960  0.0000  StripPair_87
pairs_0_6                           1554.7140      0.8    1408.4280    146.2860  0.0000  StripPair_79
pairs_0_7                           1558.6200      0.8    1413.0900    145.5300  0.0000  StripPair_71
pairs_0_8                           1569.3300      0.8    1429.0920    140.2380  0.0000  StripPair_63
pairs_0_9                           1545.2640      0.8    1400.4900    144.7740  0.0000  StripPair_55
pairs_1                             1355.2560      0.7    1214.0100    141.2460  0.0000  StripPair_126
pairs_1_1                           1562.0220      0.8    1418.7600    143.2620  0.0000  StripPair_118
pairs_1_10                          1549.1700      0.8    1404.3960    144.7740  0.0000  StripPair_46
pairs_1_11                          1554.2100      0.8    1409.8140    144.3960  0.0000  StripPair_38
pairs_1_12                          1557.1080      0.8    1413.8460    143.2620  0.0000  StripPair_30
pairs_1_13                          1558.3680      0.8    1415.8620    142.5060  0.0000  StripPair_22
pairs_1_14                          1549.2960      0.8    1405.6560    143.6400  0.0000  StripPair_14
pairs_1_15                          1572.1020      0.8    1431.8640    140.2380  0.0000  StripPair_6
pairs_1_2                           1553.3280      0.8    1408.9320    144.3960  0.0000  StripPair_110
pairs_1_3                           1548.6660      0.8    1404.6480    144.0180  0.0000  StripPair_102
pairs_1_4                           1557.7380      0.8    1415.6100    142.1280  0.0000  StripPair_94
pairs_1_5                           1549.9260      0.8    1405.9080    144.0180  0.0000  StripPair_86
pairs_1_6                           1539.9720      0.8    1397.8440    142.1280  0.0000  StripPair_78
pairs_1_7                           1551.6900      0.8    1409.9400    141.7500  0.0000  StripPair_70
pairs_1_8                           1472.9400      0.7    1334.2140    138.7260  0.0000  StripPair_62
pairs_1_9                           1557.4860      0.8    1414.6020    142.8840  0.0000  StripPair_54
pairs_2                             1378.6920      0.7    1236.9420    141.7500  0.0000  StripPair_125
pairs_2_1                           1548.9180      0.8    1405.2780    143.6400  0.0000  StripPair_117
pairs_2_10                          1550.1780      0.8    1406.1600    144.0180  0.0000  StripPair_45
pairs_2_11                          1551.4380      0.8    1408.5540    142.8840  0.0000  StripPair_37
pairs_2_12                          1563.4080      0.8    1420.1460    143.2620  0.0000  StripPair_29
pairs_2_13                          1564.2900      0.8    1422.1620    142.1280  0.0000  StripPair_21
pairs_2_14                          1550.1780      0.8    1406.5380    143.6400  0.0000  StripPair_13
pairs_2_15                          1564.5420      0.8    1424.3040    140.2380  0.0000  StripPair_5
pairs_2_2                           1547.9100      0.8    1404.6480    143.2620  0.0000  StripPair_109
pairs_2_3                           1548.4140      0.8    1405.1520    143.2620  0.0000  StripPair_101
pairs_2_4                           1548.1620      0.8    1405.6560    142.5060  0.0000  StripPair_93
pairs_2_5                           1551.0600      0.8    1410.4440    140.6160  0.0000  StripPair_85
pairs_2_6                           1555.7220      0.8    1412.0820    143.6400  0.0000  StripPair_77
pairs_2_7                           1555.5960      0.8    1413.4680    142.1280  0.0000  StripPair_69
pairs_2_8                           1484.2800      0.8    1342.1520    142.1280  0.0000  StripPair_61
pairs_2_9                           1545.8940      0.8    1401.8760    144.0180  0.0000  StripPair_53
pairs_3                             1374.5340      0.7    1234.2960    140.2380  0.0000  StripPair_124
pairs_3_1                           1554.2100      0.8    1410.9480    143.2620  0.0000  StripPair_116
pairs_3_10                          1555.0920      0.8    1410.6960    144.3960  0.0000  StripPair_44
pairs_3_11                          1563.6600      0.8    1420.3980    143.2620  0.0000  StripPair_36
pairs_3_12                          1562.1480      0.8    1417.3740    144.7740  0.0000  StripPair_28
pairs_3_13                          1552.3200      0.8    1408.6800    143.6400  0.0000  StripPair_20
pairs_3_14                          1556.2260      0.8    1412.5860    143.6400  0.0000  StripPair_12
pairs_3_15                          1557.6120      0.8    1417.7520    139.8600  0.0000  StripPair_4
pairs_3_2                           1557.9900      0.8    1415.8620    142.1280  0.0000  StripPair_108
pairs_3_3                           1557.6120      0.8    1417.3740    140.2380  0.0000  StripPair_100
pairs_3_4                           1553.9580      0.8    1409.9400    144.0180  0.0000  StripPair_92
pairs_3_5                           1550.9340      0.8    1408.0500    142.8840  0.0000  StripPair_84
pairs_3_6                           1560.3840      0.8    1415.9880    144.3960  0.0000  StripPair_76
pairs_3_7                           1553.8320      0.8    1411.7040    142.1280  0.0000  StripPair_68
pairs_3_8                           1480.1220      0.8    1337.9940    142.1280  0.0000  StripPair_60
pairs_3_9                           1554.0840      0.8    1411.2000    142.8840  0.0000  StripPair_52
pairs_4                             1364.3280      0.7    1222.2000    142.1280  0.0000  StripPair_123
pairs_4_1                           1554.8400      0.8    1412.3340    142.5060  0.0000  StripPair_115
pairs_4_10                          1560.3840      0.8    1417.1220    143.2620  0.0000  StripPair_43
pairs_4_11                          1555.0920      0.8    1411.0740    144.0180  0.0000  StripPair_35
pairs_4_12                          1558.4940      0.8    1417.1220    141.3720  0.0000  StripPair_27
pairs_4_13                          1558.1160      0.8    1415.6100    142.5060  0.0000  StripPair_19
pairs_4_14                          1545.7680      0.8    1402.1280    143.6400  0.0000  StripPair_11
pairs_4_15                          1568.3220      0.8    1430.3520    137.9700  0.0000  StripPair_3
pairs_4_2                           1550.8080      0.8    1408.6800    142.1280  0.0000  StripPair_107
pairs_4_3                           1558.1160      0.8    1415.9880    142.1280  0.0000  StripPair_99
pairs_4_4                           1554.4620      0.8    1410.4440    144.0180  0.0000  StripPair_91
pairs_4_5                           1549.4220      0.8    1406.9160    142.5060  0.0000  StripPair_83
pairs_4_6                           1560.2580      0.8    1416.9960    143.2620  0.0000  StripPair_75
pairs_4_7                           1568.1960      0.8    1426.0680    142.1280  0.0000  StripPair_67
pairs_4_8                           1487.8080      0.8    1346.8140    140.9940  0.0000  StripPair_59
pairs_4_9                           1560.7620      0.8    1422.0360    138.7260  0.0000  StripPair_51
pairs_5                             1369.1160      0.7    1224.8460    144.2700  0.0000  StripPair_122
pairs_5_1                           1560.7620      0.8    1416.3660    144.3960  0.0000  StripPair_114
pairs_5_10                          1547.6580      0.8    1402.8840    144.7740  0.0000  StripPair_42
pairs_5_11                          1550.4300      0.8    1406.7900    143.6400  0.0000  StripPair_34
pairs_5_12                          1558.6200      0.8    1414.6020    144.0180  0.0000  StripPair_26
pairs_5_13                          1545.2640      0.8    1401.6240    143.6400  0.0000  StripPair_18
pairs_5_14                          1545.6420      0.8    1403.1360    142.5060  0.0000  StripPair_10
pairs_5_15                          1581.5520      0.8    1442.0700    139.4820  0.0000  StripPair_2
pairs_5_2                           1556.3520      0.8    1413.8460    142.5060  0.0000  StripPair_106
pairs_5_3                           1553.2020      0.8    1409.1840    144.0180  0.0000  StripPair_98
pairs_5_4                           1552.1940      0.8    1409.6880    142.5060  0.0000  StripPair_90
pairs_5_5                           1559.7540      0.8    1416.1140    143.6400  0.0000  StripPair_82
pairs_5_6                           1545.0120      0.8    1404.0180    140.9940  0.0000  StripPair_74
pairs_5_7                           1558.2420      0.8    1416.1140    142.1280  0.0000  StripPair_66
pairs_5_8                           1473.8220      0.7    1336.2300    137.5920  0.0000  StripPair_58
pairs_5_9                           1564.2900      0.8    1421.4060    142.8840  0.0000  StripPair_50
pairs_6                             1364.0760      0.7    1221.1920    142.8840  0.0000  StripPair_121
pairs_6_1                           1555.8480      0.8    1411.8300    144.0180  0.0000  StripPair_113
pairs_6_10                          1560.5100      0.8    1417.6260    142.8840  0.0000  StripPair_41
pairs_6_11                          1548.9180      0.8    1404.2700    144.6480  0.0000  StripPair_33
pairs_6_12                          1569.2040      0.8    1425.1860    144.0180  0.0000  StripPair_25
pairs_6_13                          1555.9740      0.8    1412.3340    143.6400  0.0000  StripPair_17
pairs_6_14                          1552.0680      0.8    1409.1840    142.8840  0.0000  StripPair_9
pairs_6_15                          1569.8340      0.8    1429.9740    139.8600  0.0000  StripPair_1
pairs_6_2                           1557.9900      0.8    1414.3500    143.6400  0.0000  StripPair_105
pairs_6_3                           1544.6340      0.8    1401.3720    143.2620  0.0000  StripPair_97
pairs_6_4                           1550.1780      0.8    1406.9160    143.2620  0.0000  StripPair_89
pairs_6_5                           1535.6880      0.8    1392.8040    142.8840  0.0000  StripPair_81
pairs_6_6                           1542.3660      0.8    1398.3480    144.0180  0.0000  StripPair_73
pairs_6_7                           1551.1860      0.8    1408.6800    142.5060  0.0000  StripPair_65
pairs_6_8                           1466.3880      0.7    1326.5280    139.8600  0.0000  StripPair_57
pairs_6_9                           1550.9340      0.8    1411.0740    139.8600  0.0000  StripPair_49
pairs_7                             1319.9760      0.7    1180.8720    139.1040  0.0000  StripPair_120
pairs_7_1                           1558.2420      0.8    1418.0040    140.2380  0.0000  StripPair_112
pairs_7_10                          1533.5460      0.8    1394.4420    139.1040  0.0000  StripPair_40
pairs_7_11                          1543.8780      0.8    1403.6400    140.2380  0.0000  StripPair_32
pairs_7_12                          1543.8780      0.8    1404.0180    139.8600  0.0000  StripPair_24
pairs_7_13                          1535.3100      0.8    1396.2060    139.1040  0.0000  StripPair_16
pairs_7_14                          1532.6640      0.8    1393.5600    139.1040  0.0000  StripPair_8
pairs_7_15                          1550.4300      0.8    1413.9720    136.4580  0.0000  StripPair_0
pairs_7_2                           1547.7840      0.8    1407.5460    140.2380  0.0000  StripPair_104
pairs_7_3                           1549.0440      0.8    1410.6960    138.3480  0.0000  StripPair_96
pairs_7_4                           1536.9480      0.8    1396.7100    140.2380  0.0000  StripPair_88
pairs_7_5                           1544.6340      0.8    1405.1520    139.4820  0.0000  StripPair_80
pairs_7_6                           1558.4940      0.8    1419.0120    139.4820  0.0000  StripPair_72
pairs_7_7                           1554.3360      0.8    1415.9880    138.3480  0.0000  StripPair_64
pairs_7_8                           1470.6720      0.7    1331.5680    139.1040  0.0000  StripPair_56
pairs_7_9                           1545.6420      0.8    1406.1600    139.4820  0.0000  StripPair_48
--------------------------------  -----------  -------  -----------  ----------  ------  -------------
Total                                                   178751.5380  18223.3797  0.0000

1
