Information: Updating design information... (UID-85)
Warning: Design 'SystolicArray' contains 1 high-fanout nets. A fanout number of 1000 will be used for delay calculations involving these nets. (TIM-134)
 
****************************************
Report : timing
        -path full
        -delay max
        -nets
        -max_paths 1
        -transition_time
Design : SystolicArray
Version: V-2023.12
Date   : Mon Apr  6 09:16:41 2026
****************************************

 # A fanout number of 1000 was used for high fanout net computations.

Operating Conditions: ffg0p99v0c   Library: tcbn28hpcplusbwp30p140ffg0p99v0c_ccs
Wire Load Model Mode: segmented

  Startpoint: pairs_4_8/left/regE_bits_reg[3]
              (rising edge-triggered flip-flop clocked by ideal_clock1)
  Endpoint: pairs_4_8/right/regS_bits_reg[10]
            (rising edge-triggered flip-flop clocked by ideal_clock1)
  Path Group: ideal_clock1
  Path Type: max

  Des/Clust/Port     Wire Load Model       Library
  ------------------------------------------------
  StripPair_104      ZeroWireload          tcbn28hpcplusbwp30p140ffg0p99v0c_ccs
  StripPair_96       ZeroWireload          tcbn28hpcplusbwp30p140ffg0p99v0c_ccs
  StripPair_88       ZeroWireload          tcbn28hpcplusbwp30p140ffg0p99v0c_ccs
  StripPair_80       ZeroWireload          tcbn28hpcplusbwp30p140ffg0p99v0c_ccs
  StripPair_72       ZeroWireload          tcbn28hpcplusbwp30p140ffg0p99v0c_ccs
  StripPair_64       ZeroWireload          tcbn28hpcplusbwp30p140ffg0p99v0c_ccs
  StripPair_56       ZeroWireload          tcbn28hpcplusbwp30p140ffg0p99v0c_ccs
  StripPair_48       ZeroWireload          tcbn28hpcplusbwp30p140ffg0p99v0c_ccs
  StripPair_40       ZeroWireload          tcbn28hpcplusbwp30p140ffg0p99v0c_ccs
  StripPair_32       ZeroWireload          tcbn28hpcplusbwp30p140ffg0p99v0c_ccs
  StripPair_24       ZeroWireload          tcbn28hpcplusbwp30p140ffg0p99v0c_ccs
  StripPair_16       ZeroWireload          tcbn28hpcplusbwp30p140ffg0p99v0c_ccs
  StripPair_8        ZeroWireload          tcbn28hpcplusbwp30p140ffg0p99v0c_ccs
  StripPair_0        ZeroWireload          tcbn28hpcplusbwp30p140ffg0p99v0c_ccs
  StripPair_126      ZeroWireload          tcbn28hpcplusbwp30p140ffg0p99v0c_ccs
  StripPair_125      ZeroWireload          tcbn28hpcplusbwp30p140ffg0p99v0c_ccs
  StripPair_124      ZeroWireload          tcbn28hpcplusbwp30p140ffg0p99v0c_ccs
  StripPair_123      ZeroWireload          tcbn28hpcplusbwp30p140ffg0p99v0c_ccs
  StripPair_122      ZeroWireload          tcbn28hpcplusbwp30p140ffg0p99v0c_ccs
  StripPair_121      ZeroWireload          tcbn28hpcplusbwp30p140ffg0p99v0c_ccs
  StripPair_118      ZeroWireload          tcbn28hpcplusbwp30p140ffg0p99v0c_ccs
  StripPair_117      ZeroWireload          tcbn28hpcplusbwp30p140ffg0p99v0c_ccs
  StripPair_116      ZeroWireload          tcbn28hpcplusbwp30p140ffg0p99v0c_ccs
  StripPair_115      ZeroWireload          tcbn28hpcplusbwp30p140ffg0p99v0c_ccs
  StripPair_114      ZeroWireload          tcbn28hpcplusbwp30p140ffg0p99v0c_ccs
  StripPair_113      ZeroWireload          tcbn28hpcplusbwp30p140ffg0p99v0c_ccs
  StripPair_111      ZeroWireload          tcbn28hpcplusbwp30p140ffg0p99v0c_ccs
  StripPair_110      ZeroWireload          tcbn28hpcplusbwp30p140ffg0p99v0c_ccs
  StripPair_109      ZeroWireload          tcbn28hpcplusbwp30p140ffg0p99v0c_ccs
  StripPair_108      ZeroWireload          tcbn28hpcplusbwp30p140ffg0p99v0c_ccs
  StripPair_107      ZeroWireload          tcbn28hpcplusbwp30p140ffg0p99v0c_ccs
  StripPair_106      ZeroWireload          tcbn28hpcplusbwp30p140ffg0p99v0c_ccs
  StripPair_105      ZeroWireload          tcbn28hpcplusbwp30p140ffg0p99v0c_ccs
  StripPair_103      ZeroWireload          tcbn28hpcplusbwp30p140ffg0p99v0c_ccs
  StripPair_102      ZeroWireload          tcbn28hpcplusbwp30p140ffg0p99v0c_ccs
  StripPair_101      ZeroWireload          tcbn28hpcplusbwp30p140ffg0p99v0c_ccs
  StripPair_100      ZeroWireload          tcbn28hpcplusbwp30p140ffg0p99v0c_ccs
  StripPair_99       ZeroWireload          tcbn28hpcplusbwp30p140ffg0p99v0c_ccs
  StripPair_98       ZeroWireload          tcbn28hpcplusbwp30p140ffg0p99v0c_ccs
  StripPair_97       ZeroWireload          tcbn28hpcplusbwp30p140ffg0p99v0c_ccs
  StripPair_95       ZeroWireload          tcbn28hpcplusbwp30p140ffg0p99v0c_ccs
  StripPair_94       ZeroWireload          tcbn28hpcplusbwp30p140ffg0p99v0c_ccs
  StripPair_93       ZeroWireload          tcbn28hpcplusbwp30p140ffg0p99v0c_ccs
  StripPair_92       ZeroWireload          tcbn28hpcplusbwp30p140ffg0p99v0c_ccs
  StripPair_91       ZeroWireload          tcbn28hpcplusbwp30p140ffg0p99v0c_ccs
  StripPair_90       ZeroWireload          tcbn28hpcplusbwp30p140ffg0p99v0c_ccs
  StripPair_89       ZeroWireload          tcbn28hpcplusbwp30p140ffg0p99v0c_ccs
  StripPair_87       ZeroWireload          tcbn28hpcplusbwp30p140ffg0p99v0c_ccs
  StripPair_86       ZeroWireload          tcbn28hpcplusbwp30p140ffg0p99v0c_ccs
  StripPair_85       ZeroWireload          tcbn28hpcplusbwp30p140ffg0p99v0c_ccs
  StripPair_84       ZeroWireload          tcbn28hpcplusbwp30p140ffg0p99v0c_ccs
  StripPair_83       ZeroWireload          tcbn28hpcplusbwp30p140ffg0p99v0c_ccs
  StripPair_82       ZeroWireload          tcbn28hpcplusbwp30p140ffg0p99v0c_ccs
  StripPair_81       ZeroWireload          tcbn28hpcplusbwp30p140ffg0p99v0c_ccs
  StripPair_79       ZeroWireload          tcbn28hpcplusbwp30p140ffg0p99v0c_ccs
  StripPair_78       ZeroWireload          tcbn28hpcplusbwp30p140ffg0p99v0c_ccs
  StripPair_77       ZeroWireload          tcbn28hpcplusbwp30p140ffg0p99v0c_ccs
  StripPair_76       ZeroWireload          tcbn28hpcplusbwp30p140ffg0p99v0c_ccs
  StripPair_75       ZeroWireload          tcbn28hpcplusbwp30p140ffg0p99v0c_ccs
  StripPair_74       ZeroWireload          tcbn28hpcplusbwp30p140ffg0p99v0c_ccs
  StripPair_73       ZeroWireload          tcbn28hpcplusbwp30p140ffg0p99v0c_ccs
  StripPair_71       ZeroWireload          tcbn28hpcplusbwp30p140ffg0p99v0c_ccs
  StripPair_70       ZeroWireload          tcbn28hpcplusbwp30p140ffg0p99v0c_ccs
  StripPair_69       ZeroWireload          tcbn28hpcplusbwp30p140ffg0p99v0c_ccs
  StripPair_68       ZeroWireload          tcbn28hpcplusbwp30p140ffg0p99v0c_ccs
  StripPair_67       ZeroWireload          tcbn28hpcplusbwp30p140ffg0p99v0c_ccs
  StripPair_66       ZeroWireload          tcbn28hpcplusbwp30p140ffg0p99v0c_ccs
  StripPair_65       ZeroWireload          tcbn28hpcplusbwp30p140ffg0p99v0c_ccs
  StripPair_63       ZeroWireload          tcbn28hpcplusbwp30p140ffg0p99v0c_ccs
  StripPair_62       ZeroWireload          tcbn28hpcplusbwp30p140ffg0p99v0c_ccs
  StripPair_61       ZeroWireload          tcbn28hpcplusbwp30p140ffg0p99v0c_ccs
  StripPair_60       ZeroWireload          tcbn28hpcplusbwp30p140ffg0p99v0c_ccs
  StripPair_59       ZeroWireload          tcbn28hpcplusbwp30p140ffg0p99v0c_ccs
  StripPair_58       ZeroWireload          tcbn28hpcplusbwp30p140ffg0p99v0c_ccs
  StripPair_57       ZeroWireload          tcbn28hpcplusbwp30p140ffg0p99v0c_ccs
  StripPair_55       ZeroWireload          tcbn28hpcplusbwp30p140ffg0p99v0c_ccs
  StripPair_54       ZeroWireload          tcbn28hpcplusbwp30p140ffg0p99v0c_ccs
  StripPair_53       ZeroWireload          tcbn28hpcplusbwp30p140ffg0p99v0c_ccs
  StripPair_52       ZeroWireload          tcbn28hpcplusbwp30p140ffg0p99v0c_ccs
  StripPair_51       ZeroWireload          tcbn28hpcplusbwp30p140ffg0p99v0c_ccs
  StripPair_50       ZeroWireload          tcbn28hpcplusbwp30p140ffg0p99v0c_ccs
  StripPair_49       ZeroWireload          tcbn28hpcplusbwp30p140ffg0p99v0c_ccs
  StripPair_47       ZeroWireload          tcbn28hpcplusbwp30p140ffg0p99v0c_ccs
  StripPair_46       ZeroWireload          tcbn28hpcplusbwp30p140ffg0p99v0c_ccs
  StripPair_45       ZeroWireload          tcbn28hpcplusbwp30p140ffg0p99v0c_ccs
  StripPair_44       ZeroWireload          tcbn28hpcplusbwp30p140ffg0p99v0c_ccs
  StripPair_43       ZeroWireload          tcbn28hpcplusbwp30p140ffg0p99v0c_ccs
  StripPair_42       ZeroWireload          tcbn28hpcplusbwp30p140ffg0p99v0c_ccs
  StripPair_41       ZeroWireload          tcbn28hpcplusbwp30p140ffg0p99v0c_ccs
  StripPair_39       ZeroWireload          tcbn28hpcplusbwp30p140ffg0p99v0c_ccs
  StripPair_38       ZeroWireload          tcbn28hpcplusbwp30p140ffg0p99v0c_ccs
  StripPair_37       ZeroWireload          tcbn28hpcplusbwp30p140ffg0p99v0c_ccs
  StripPair_36       ZeroWireload          tcbn28hpcplusbwp30p140ffg0p99v0c_ccs
  StripPair_35       ZeroWireload          tcbn28hpcplusbwp30p140ffg0p99v0c_ccs
  StripPair_34       ZeroWireload          tcbn28hpcplusbwp30p140ffg0p99v0c_ccs
  StripPair_33       ZeroWireload          tcbn28hpcplusbwp30p140ffg0p99v0c_ccs
  StripPair_31       ZeroWireload          tcbn28hpcplusbwp30p140ffg0p99v0c_ccs
  StripPair_30       ZeroWireload          tcbn28hpcplusbwp30p140ffg0p99v0c_ccs
  StripPair_29       ZeroWireload          tcbn28hpcplusbwp30p140ffg0p99v0c_ccs
  StripPair_28       ZeroWireload          tcbn28hpcplusbwp30p140ffg0p99v0c_ccs
  StripPair_27       ZeroWireload          tcbn28hpcplusbwp30p140ffg0p99v0c_ccs
  StripPair_26       ZeroWireload          tcbn28hpcplusbwp30p140ffg0p99v0c_ccs
  StripPair_25       ZeroWireload          tcbn28hpcplusbwp30p140ffg0p99v0c_ccs
  StripPair_23       ZeroWireload          tcbn28hpcplusbwp30p140ffg0p99v0c_ccs
  StripPair_22       ZeroWireload          tcbn28hpcplusbwp30p140ffg0p99v0c_ccs
  StripPair_21       ZeroWireload          tcbn28hpcplusbwp30p140ffg0p99v0c_ccs
  StripPair_20       ZeroWireload          tcbn28hpcplusbwp30p140ffg0p99v0c_ccs
  StripPair_19       ZeroWireload          tcbn28hpcplusbwp30p140ffg0p99v0c_ccs
  StripPair_18       ZeroWireload          tcbn28hpcplusbwp30p140ffg0p99v0c_ccs
  StripPair_17       ZeroWireload          tcbn28hpcplusbwp30p140ffg0p99v0c_ccs
  StripPair_15       ZeroWireload          tcbn28hpcplusbwp30p140ffg0p99v0c_ccs
  StripPair_14       ZeroWireload          tcbn28hpcplusbwp30p140ffg0p99v0c_ccs
  StripPair_13       ZeroWireload          tcbn28hpcplusbwp30p140ffg0p99v0c_ccs
  StripPair_12       ZeroWireload          tcbn28hpcplusbwp30p140ffg0p99v0c_ccs
  StripPair_11       ZeroWireload          tcbn28hpcplusbwp30p140ffg0p99v0c_ccs
  StripPair_10       ZeroWireload          tcbn28hpcplusbwp30p140ffg0p99v0c_ccs
  StripPair_9        ZeroWireload          tcbn28hpcplusbwp30p140ffg0p99v0c_ccs
  StripPair_7        ZeroWireload          tcbn28hpcplusbwp30p140ffg0p99v0c_ccs
  StripPair_6        ZeroWireload          tcbn28hpcplusbwp30p140ffg0p99v0c_ccs
  StripPair_5        ZeroWireload          tcbn28hpcplusbwp30p140ffg0p99v0c_ccs
  StripPair_4        ZeroWireload          tcbn28hpcplusbwp30p140ffg0p99v0c_ccs
  StripPair_3        ZeroWireload          tcbn28hpcplusbwp30p140ffg0p99v0c_ccs
  StripPair_2        ZeroWireload          tcbn28hpcplusbwp30p140ffg0p99v0c_ccs
  StripPair_1        ZeroWireload          tcbn28hpcplusbwp30p140ffg0p99v0c_ccs
  StripPair_112      ZeroWireload          tcbn28hpcplusbwp30p140ffg0p99v0c_ccs
  StripPair_119      ZeroWireload          tcbn28hpcplusbwp30p140ffg0p99v0c_ccs
  StripPair_120      ZeroWireload          tcbn28hpcplusbwp30p140ffg0p99v0c_ccs
  SystolicArray      ZeroWireload          tcbn28hpcplusbwp30p140ffg0p99v0c_ccs
  StripPair_127      ZeroWireload          tcbn28hpcplusbwp30p140ffg0p99v0c_ccs

Attributes:
    d - dont_touch
    u - dont_use
   mo - map_only
   so - size_only
    i - ideal_net or ideal_network
  inf - infeasible path

  Point                                                                   Fanout     Trans      Incr       Path      Attributes
  -------------------------------------------------------------------------------------------------------------------------------------
  clock ideal_clock1 (rise edge)                                                                0.00       0.00
  clock network delay (ideal)                                                                   0.00       0.00
  pairs_4_8/left/regE_bits_reg[3]/CP (DFQD2BWP30P140)                                 0.00      0.00 #     0.00 r
  pairs_4_8/left/regE_bits_reg[3]/Q (DFQD2BWP30P140)                                  0.01      0.04       0.04 f
  pairs_4_8/left/regE_bits[3] (net)                                         4                   0.00       0.04 f
  pairs_4_8/U1457/ZN (MUX2NUD1BWP30P140)                                              0.04      0.02       0.05 r
  pairs_4_8/n1920 (net)                                                     3                   0.00       0.05 r
  pairs_4_8/U26/ZN (OAI22OPTPBD1BWP30P140)                                            0.02      0.01       0.07 f
  pairs_4_8/n1233 (net)                                                     1                   0.00       0.07 f
  pairs_4_8/U1527/CO (FA1D1BWP30P140)                                                 0.01      0.03       0.10 f
  pairs_4_8/n1227 (net)                                                     1                   0.00       0.10 f
  pairs_4_8/U347/CO (FA1D2BWP30P140)                                                  0.01      0.02       0.12 f
  pairs_4_8/n1221 (net)                                                     2                   0.00       0.12 f
  pairs_4_8/U328/ZN (IOA21D2BWP30P140)                                                0.01      0.01       0.12 r
  pairs_4_8/n34 (net)                                                       1                   0.00       0.12 r
  pairs_4_8/U22/ZN (ND2D2BWP30P140)                                                   0.01      0.01       0.13 f
  pairs_4_8/n1253 (net)                                                     1                   0.00       0.13 f
  pairs_4_8/U346/S (FA1OPTCD1BWP30P140)                                               0.01      0.03       0.16 r
  pairs_4_8/n1220 (net)                                                     1                   0.00       0.16 r
  pairs_4_8/U21/Z (CKAN2D1BWP30P140)                                                  0.01      0.02       0.18 r
  pairs_4_8/n1259 (net)                                                     4                   0.00       0.18 r
  pairs_4_8/U304/ZN (INR2D1BWP30P140)                                                 0.01      0.01       0.19 f
  pairs_4_8/n21 (net)                                                       1                   0.00       0.19 f
  pairs_4_8/U299/ZN (IOA22D2BWP30P140)                                                0.01      0.01       0.20 r
  pairs_4_8/n24 (net)                                                       1                   0.00       0.20 r
  pairs_4_8/U306/Z (AO21D4BWP30P140)                                                  0.01      0.02       0.21 r
  pairs_4_8/n23 (net)                                                       1                   0.00       0.21 r
  pairs_4_8/U113/ZN (INVD8BWP30P140)                                                  0.02      0.01       0.22 f
  pairs_4_8/n2251 (net)                                                    40                   0.00       0.22 f
  pairs_4_8/U496/ZN (MUX2NUD1BWP30P140)                                               0.03      0.03       0.25 f
  pairs_4_8/n170 (net)                                                      1                   0.00       0.25 f
  pairs_4_8/U1559/S (FA1OPTCD2BWP30P140)                                              0.02      0.06       0.31 r
  pairs_4_8/n1367 (net)                                                     4                   0.00       0.31 r
  pairs_4_8/U366/ZN (INVD2BWP30P140)                                                  0.01      0.01       0.32 f
  pairs_4_8/n1390 (net)                                                     6                   0.00       0.32 f
  pairs_4_8/U344/ZN (ND2D3BWP30P140)                                                  0.01      0.01       0.32 r
  pairs_4_8/n1403 (net)                                                    10                   0.00       0.32 r
  pairs_4_8/U364/ZN (INVD1BWP30P140)                                                  0.01      0.01       0.34 f
  pairs_4_8/n1421 (net)                                                     5                   0.00       0.34 f
  pairs_4_8/U1705/ZN (ND2D1BWP30P140)                                                 0.01      0.01       0.34 r
  pairs_4_8/n1410 (net)                                                     1                   0.00       0.34 r
  pairs_4_8/U1707/ZN (OAI211D0BWP30P140)                                              0.03      0.02       0.36 f
  pairs_4_8/n1460 (net)                                                     2                   0.00       0.36 f
  pairs_4_8/U1708/ZN (MUX2ND0BWP30P140)                                               0.03      0.02       0.39 r
  pairs_4_8/n1493 (net)                                                     3                   0.00       0.39 r
  pairs_4_8/U1716/ZN (OAI22D1BWP30P140)                                               0.02      0.02       0.41 f
  pairs_4_8/n1426 (net)                                                     1                   0.00       0.41 f
  pairs_4_8/U495/ZN (XNR2UD1BWP30P140)                                                0.02      0.02       0.42 f
  pairs_4_8/n169 (net)                                                      2                   0.00       0.42 f
  pairs_4_8/U1717/ZN (NR2OPTPAD1BWP30P140)                                            0.01      0.01       0.43 r
  pairs_4_8/n1671 (net)                                                     2                   0.00       0.43 r
  pairs_4_8/U260/ZN (ND2OPTPAD1BWP30P140)                                             0.01      0.01       0.44 f
  pairs_4_8/n1454 (net)                                                     2                   0.00       0.44 f
  pairs_4_8/U1739/ZN (NR2OPTPAD1BWP30P140)                                            0.01      0.01       0.45 r
  pairs_4_8/n1456 (net)                                                     1                   0.00       0.45 r
  pairs_4_8/U155/ZN (ND2D2BWP30P140)                                                  0.01      0.01       0.46 f
  pairs_4_8/n1492 (net)                                                     2                   0.00       0.46 f
  pairs_4_8/U313/Z (OR3D4BWP30P140)                                                   0.01      0.02       0.48 f
  pairs_4_8/n1613 (net)                                                     4                   0.00       0.48 f
  pairs_4_8/U71/Z (XOR2D1BWP30P140)                                                   0.02      0.02       0.50 f
  pairs_4_8/right/sharedMacOut_mac/l00OOO0l[14] (net)                       6                   0.00       0.50 f
  pairs_4_8/U250/ZN (INVD1BWP30P140)                                                  0.01      0.01       0.51 r
  pairs_4_8/n14 (net)                                                       4                   0.00       0.51 r
  pairs_4_8/U90/ZN (ND2OPTPAD1BWP30P140)                                              0.01      0.01       0.52 f
  pairs_4_8/n1667 (net)                                                     2                   0.00       0.52 f
  pairs_4_8/U89/ZN (NR2D1BWP30P140)                                                   0.01      0.01       0.53 r
  pairs_4_8/n1699 (net)                                                     2                   0.00       0.53 r
  pairs_4_8/U87/ZN (ND3D1BWP30P140)                                                   0.01      0.01       0.54 f
  pairs_4_8/n60 (net)                                                       1                   0.00       0.54 f
  pairs_4_8/U320/ZN (INR2D1BWP30P140)                                                 0.02      0.01       0.55 r
  pairs_4_8/n1690 (net)                                                     3                   0.00       0.55 r
  pairs_4_8/U413/ZN (INR2D1BWP30P140)                                                 0.01      0.02       0.57 r
  pairs_4_8/n1710 (net)                                                     1                   0.00       0.57 r
  pairs_4_8/U1927/ZN (XNR2UD0BWP30P140)                                               0.02      0.01       0.58 r
  pairs_4_8/n1711 (net)                                                     1                   0.00       0.58 r
  pairs_4_8/U1928/Z (CKMUX2D0BWP30P140)                                               0.02      0.03       0.61 r
  pairs_4_8/right/sharedMacOut_mac/l00OOO0l[20] (net)                       6                   0.00       0.61 r
  pairs_4_8/U400/ZN (NR2OPTPAD2BWP30P140)                                             0.01      0.01       0.62 f
  pairs_4_8/right/sharedMacOut_mac/U9/U1/enc_tree[1][1][24] (net)           2                   0.00       0.62 f
  pairs_4_8/right/sharedMacOut_mac/U9/U1/UOR21_1_2_3/ZN (ND2D1BWP30P140)              0.01      0.01       0.62 r    mo 
  pairs_4_8/right/sharedMacOut_mac/U9/U1/or2_tree[1][2][24] (net)           2                   0.00       0.62 r
  pairs_4_8/U1958/ZN (INVD0BWP30P140)                                                 0.01      0.01       0.63 f
  pairs_4_8/right/sharedMacOut_mac/U9/U1/or2_inv[1][24] (net)               1                   0.00       0.63 f
  pairs_4_8/right/sharedMacOut_mac/U9/U1/UEN0_1_3_1/ZN (AOI21OPTREPBD1BWP30P140)      0.01      0.01       0.64 r    mo 
  pairs_4_8/right/sharedMacOut_mac/U9/U1/enc_tree[1][3][24] (net)           1                   0.00       0.64 r
  pairs_4_8/U1996/Z (OA21D2BWP30P140)                                                 0.01      0.02       0.66 r
  pairs_4_8/n2154 (net)                                                     3                   0.00       0.66 r
  pairs_4_8/U363/ZN (INVD2BWP30P140)                                                  0.01      0.00       0.67 f
  pairs_4_8/n1788 (net)                                                     2                   0.00       0.67 f
  pairs_4_8/U1998/ZN (ND2D1BWP30P140)                                                 0.01      0.00       0.67 r
  pairs_4_8/n1789 (net)                                                     1                   0.00       0.67 r
  pairs_4_8/U1999/ZN (INVD1BWP30P140)                                                 0.01      0.00       0.68 f
  pairs_4_8/n1790 (net)                                                     1                   0.00       0.68 f
  pairs_4_8/U2000/ZN (AOI21D1BWP30P140)                                               0.01      0.01       0.69 r
  pairs_4_8/n1800 (net)                                                     1                   0.00       0.69 r
  pairs_4_8/U2006/ZN (OAI21D1BWP30P140)                                               0.02      0.01       0.70 f
  pairs_4_8/n1806 (net)                                                     1                   0.00       0.70 f
  pairs_4_8/U330/Z (AO21D4BWP30P140)                                                  0.01      0.02       0.72 f
  pairs_4_8/n1905 (net)                                                     7                   0.00       0.72 f
  pairs_4_8/U415/Z (MUX2OPTD4BWP30P140)                                               0.01      0.02       0.74 r
  pairs_4_8/n1999 (net)                                                    11                   0.00       0.74 r
  pairs_4_8/U2020/ZN (NR2D4BWP30P140)                                                 0.02      0.01       0.76 f
  pairs_4_8/n2089 (net)                                                    17                   0.00       0.76 f
  pairs_4_8/U296/ZN (INVD0BWP30P140)                                                  0.02      0.02       0.77 r
  pairs_4_8/n2066 (net)                                                     6                   0.00       0.77 r
  pairs_4_8/U2188/ZN (OAI22D0BWP30P140)                                               0.02      0.01       0.79 f
  pairs_4_8/n1990 (net)                                                     1                   0.00       0.79 f
  pairs_4_8/U2190/ZN (NR2D1BWP30P140)                                                 0.02      0.01       0.80 r
  pairs_4_8/n2123 (net)                                                     3                   0.00       0.80 r
  pairs_4_8/U297/ZN (INVD1BWP30P140)                                                  0.01      0.01       0.81 f
  pairs_4_8/n1991 (net)                                                     1                   0.00       0.81 f
  pairs_4_8/U2191/ZN (ND2D1BWP30P140)                                                 0.01      0.01       0.81 r
  pairs_4_8/n1992 (net)                                                     1                   0.00       0.81 r
  pairs_4_8/U2192/ZN (AOI22D1BWP30P140)                                               0.02      0.01       0.82 f
  pairs_4_8/n1997 (net)                                                     1                   0.00       0.82 f
  pairs_4_8/U365/ZN (AOI21D1BWP30P140)                                                0.02      0.02       0.83 r
  pairs_4_8/n2184 (net)                                                     4                   0.00       0.83 r
  pairs_4_8/U298/ZN (INVD0BWP30P140)                                                  0.01      0.01       0.84 f
  pairs_4_8/n2182 (net)                                                     2                   0.00       0.84 f
  pairs_4_8/U367/ZN (NR2D1BWP30P140)                                                  0.01      0.01       0.85 r
  pairs_4_8/n2038 (net)                                                     1                   0.00       0.85 r
  pairs_4_8/U2232/ZN (ND3D1BWP30P140)                                                 0.03      0.02       0.87 f
  pairs_4_8/n2162 (net)                                                     3                   0.00       0.87 f
  pairs_4_8/U295/ZN (NR2D1BWP30P140)                                                  0.02      0.01       0.89 r
  pairs_4_8/n2193 (net)                                                     2                   0.00       0.89 r
  pairs_4_8/U403/ZN (IND2D1BWP30P140)                                                 0.01      0.01       0.90 f
  pairs_4_8/n50 (net)                                                       1                   0.00       0.90 f
  pairs_4_8/U185/Z (XOR2UD0BWP30P140)                                                 0.02      0.01       0.91 f
  pairs_4_8/n49 (net)                                                       1                   0.00       0.91 f
  pairs_4_8/U402/ZN (ND2D1BWP30P140)                                                  0.01      0.01       0.92 r
  pairs_4_8/n48 (net)                                                       1                   0.00       0.92 r
  pairs_4_8/U29/ZN (ND2D1BWP30P140)                                                   0.01      0.01       0.93 f
  pairs_4_8/n2173 (net)                                                     2                   0.00       0.93 f
  pairs_4_8/U2318/ZN (NR3D0P7BWP30P140)                                               0.02      0.01       0.94 r
  pairs_4_8/n2199 (net)                                                     1                   0.00       0.94 r
  pairs_4_8/U355/ZN (ND3D2BWP30P140)                                                  0.02      0.01       0.95 f
  pairs_4_8/n2216 (net)                                                     2                   0.00       0.95 f
  pairs_4_8/U368/ZN (ND2D3BWP30P140)                                                  0.01      0.01       0.96 r
  pairs_4_8/n2279 (net)                                                     4                   0.00       0.96 r
  pairs_4_8/U2341/ZN (OAI22D2BWP30P140)                                               0.02      0.01       0.98 f
  pairs_4_8/n2247 (net)                                                     5                   0.00       0.98 f
  pairs_4_8/U2349/Z (AO211D1BWP30P140)                                                0.01      0.02       1.00 f
  pairs_4_8/n2341 (net)                                                     1                   0.00       1.00 f
  pairs_4_8/right/regS_bits_reg[10]/D (DFQD1BWP30P140)                                0.01      0.00       1.00 f
  data arrival time                                                                                        1.00

  clock ideal_clock1 (rise edge)                                                                1.00       1.00
  clock network delay (ideal)                                                                   0.00       1.00
  pairs_4_8/right/regS_bits_reg[10]/CP (DFQD1BWP30P140)                                         0.00       1.00 r
  library setup time                                                                            0.00       1.00
  data required time                                                                                       1.00
  -------------------------------------------------------------------------------------------------------------------------------------
  data required time                                                                                       1.00
  data arrival time                                                                                       -1.00
  -------------------------------------------------------------------------------------------------------------------------------------
  slack (MET)                                                                                              0.00


1
