 
****************************************
Report : area
Design : FuseMax2DArray
Version: V-2023.12
Date   : Mon Apr  6 22:02:22 2026
****************************************

Library(s) Used:

    tcbn28hpcplusbwp30p140ffg0p99v0c_ccs (File: /hpc/Tech/TSMC/digital/N28/digital/Front_End/timing_power_noise/CCS/tcbn28hpcplusbwp30p140_180a/tcbn28hpcplusbwp30p140ffg0p99v0c_ccs.db)

Number of ports:                        46402
Number of nets:                       1404734
Number of cells:                      1289220
Number of combinational cells:        1218420
Number of sequential cells:             70400
Number of macros/black boxes:               0
Number of buf/inv:                     236307
Number of references:                     400

Combinational area:             706952.734136
Buf/Inv area:                    62325.270881
Noncombinational area:          140707.473106
Macro/Black Box area:                0.000000
Net Interconnect area:      undefined  (Wire load has zero net area)

Total cell area:                847660.207242
Total area:                 undefined

Hierarchical area distribution
------------------------------

                                  Global cell area              Local cell area
                                  --------------------  -------------------------------- 
Hierarchical cell                 Absolute     Percent  Combi-       Noncombi-    Black-
                                  Total        Total    national     national     boxes   Design
--------------------------------  -----------  -------  -----------  -----------  ------  ---------------
FuseMax2DArray                    847660.2072    100.0       0.0000       0.0000  0.0000  FuseMax2DArray
pe_0_0                              2126.8800      0.3    1777.4820     349.3980  0.0000  FuseMax2DPE_399
pe_0_1                              2110.7520      0.2    1757.9520     352.8000  0.0000  FuseMax2DPE_398
pe_0_10                             2114.9100      0.2    1762.1100     352.8000  0.0000  FuseMax2DPE_389
pe_0_11                             2127.2580      0.3    1766.6460     360.6120  0.0000  FuseMax2DPE_388
pe_0_12                             2114.1540      0.2    1765.1340     349.0200  0.0000  FuseMax2DPE_387
pe_0_13                             2115.4140      0.2    1759.2120     356.2020  0.0000  FuseMax2DPE_386
pe_0_14                             2108.4840      0.2    1752.9120     355.5720  0.0000  FuseMax2DPE_385
pe_0_15                             2130.4080      0.3    1777.3560     353.0520  0.0000  FuseMax2DPE_384
pe_0_16                             2099.7900      0.2    1755.1800     344.6100  0.0000  FuseMax2DPE_383
pe_0_17                             2122.4700      0.3    1761.1020     361.3680  0.0000  FuseMax2DPE_382
pe_0_18                             2119.0680      0.2    1758.9600     360.1080  0.0000  FuseMax2DPE_381
pe_0_19                             2109.6180      0.2    1752.0300     357.5880  0.0000  FuseMax2DPE_380
pe_0_2                              2129.1480      0.3    1780.0020     349.1460  0.0000  FuseMax2DPE_397
pe_0_3                              2107.7280      0.2    1753.0380     354.6900  0.0000  FuseMax2DPE_396
pe_0_4                              2114.5320      0.2    1766.8980     347.6340  0.0000  FuseMax2DPE_395
pe_0_5                              2121.9660      0.3    1762.1100     359.8560  0.0000  FuseMax2DPE_394
pe_0_6                              2122.2180      0.3    1766.2680     355.9500  0.0000  FuseMax2DPE_393
pe_0_7                              2115.9180      0.2    1755.8100     360.1080  0.0000  FuseMax2DPE_392
pe_0_8                              2119.5720      0.3    1761.2280     358.3440  0.0000  FuseMax2DPE_391
pe_0_9                              2112.8940      0.2    1755.5580     357.3360  0.0000  FuseMax2DPE_390
pe_10_0                             2118.9420      0.2    1757.9520     360.9900  0.0000  FuseMax2DPE_199
pe_10_1                             2118.6900      0.2    1776.9780     341.7120  0.0000  FuseMax2DPE_198
pe_10_10                            2119.8240      0.3    1760.5980     359.2260  0.0000  FuseMax2DPE_189
pe_10_11                            2123.9820      0.3    1773.7020     350.2800  0.0000  FuseMax2DPE_188
pe_10_12                            2117.3040      0.2    1758.3300     358.9740  0.0000  FuseMax2DPE_187
pe_10_13                            2113.1460      0.2    1749.7620     363.3840  0.0000  FuseMax2DPE_186
pe_10_14                            2111.1300      0.2    1768.0320     343.0980  0.0000  FuseMax2DPE_185
pe_10_15                            2115.7920      0.2    1763.8740     351.9180  0.0000  FuseMax2DPE_184
pe_10_16                            2110.5000      0.2    1748.7540     361.7460  0.0000  FuseMax2DPE_183
pe_10_17                            2099.5380      0.2    1754.8020     344.7360  0.0000  FuseMax2DPE_182
pe_10_18                            2127.1320      0.3    1781.3880     345.7440  0.0000  FuseMax2DPE_181
pe_10_19                            2127.7620      0.3    1768.6620     359.1000  0.0000  FuseMax2DPE_180
pe_10_2                             2112.7680      0.2    1766.5200     346.2480  0.0000  FuseMax2DPE_197
pe_10_3                             2128.5180      0.3    1772.1900     356.3280  0.0000  FuseMax2DPE_196
pe_10_4                             2113.1460      0.2    1765.0080     348.1380  0.0000  FuseMax2DPE_195
pe_10_5                             2116.8000      0.2    1772.6940     344.1060  0.0000  FuseMax2DPE_194
pe_10_6                             2124.1080      0.3    1776.7260     347.3820  0.0000  FuseMax2DPE_193
pe_10_7                             2114.9100      0.2    1756.5660     358.3440  0.0000  FuseMax2DPE_192
pe_10_8                             2117.0520      0.2    1762.1100     354.9420  0.0000  FuseMax2DPE_191
pe_10_9                             2118.1860      0.2    1772.3160     345.8700  0.0000  FuseMax2DPE_190
pe_11_0                             2115.7920      0.2    1756.3140     359.4780  0.0000  FuseMax2DPE_179
pe_11_1                             2108.4840      0.2    1759.9680     348.5160  0.0000  FuseMax2DPE_178
pe_11_10                            2122.5960      0.3    1764.8820     357.7140  0.0000  FuseMax2DPE_169
pe_11_11                            2108.9880      0.2    1766.6460     342.3420  0.0000  FuseMax2DPE_168
pe_11_12                            2123.6040      0.3    1778.1120     345.4920  0.0000  FuseMax2DPE_167
pe_11_13                            2116.4220      0.2    1761.6060     354.8160  0.0000  FuseMax2DPE_166
pe_11_14                            2111.1300      0.2    1766.0160     345.1140  0.0000  FuseMax2DPE_165
pe_11_15                            2110.5000      0.2    1763.1180     347.3820  0.0000  FuseMax2DPE_164
pe_11_16                            2140.7400      0.3    1781.8920     358.8480  0.0000  FuseMax2DPE_163
pe_11_17                            2118.3120      0.2    1765.5120     352.8000  0.0000  FuseMax2DPE_162
pe_11_18                            2107.7280      0.2    1764.1260     343.6020  0.0000  FuseMax2DPE_161
pe_11_19                            2122.7220      0.3    1763.8740     358.8480  0.0000  FuseMax2DPE_160
pe_11_2                             2115.2880      0.2    1755.6840     359.6040  0.0000  FuseMax2DPE_177
pe_11_3                             2108.3580      0.2    1761.7320     346.6260  0.0000  FuseMax2DPE_176
pe_11_4                             2122.7220      0.3    1765.1340     357.5880  0.0000  FuseMax2DPE_175
pe_11_5                             2105.2080      0.2    1752.6600     352.5480  0.0000  FuseMax2DPE_174
pe_11_6                             2121.8400      0.3    1777.4820     344.3580  0.0000  FuseMax2DPE_173
pe_11_7                             2128.6440      0.3    1771.6860     356.9580  0.0000  FuseMax2DPE_172
pe_11_8                             2113.3980      0.2    1763.8740     349.5240  0.0000  FuseMax2DPE_171
pe_11_9                             2105.0820      0.2    1744.0920     360.9900  0.0000  FuseMax2DPE_170
pe_12_0                             2109.6180      0.2    1751.2740     358.3440  0.0000  FuseMax2DPE_159
pe_12_1                             2117.5560      0.2    1756.0620     361.4940  0.0000  FuseMax2DPE_158
pe_12_10                            2119.8240      0.3    1759.2120     360.6120  0.0000  FuseMax2DPE_149
pe_12_11                            2119.3200      0.3    1773.9540     345.3660  0.0000  FuseMax2DPE_148
pe_12_12                            2118.0600      0.2    1771.0560     347.0040  0.0000  FuseMax2DPE_147
pe_12_13                            2121.8400      0.3    1762.6140     359.2260  0.0000  FuseMax2DPE_146
pe_12_14                            2112.8940      0.2    1751.9040     360.9900  0.0000  FuseMax2DPE_145
pe_12_15                            2108.6100      0.2    1748.3760     360.2340  0.0000  FuseMax2DPE_144
pe_12_16                            2111.1300      0.2    1765.6380     345.4920  0.0000  FuseMax2DPE_143
pe_12_17                            2125.4940      0.3    1764.0000     361.4940  0.0000  FuseMax2DPE_142
pe_12_18                            2128.1400      0.3    1768.9140     359.2260  0.0000  FuseMax2DPE_141
pe_12_19                            2104.0740      0.2    1753.0380     351.0360  0.0000  FuseMax2DPE_140
pe_12_2                             2113.1460      0.2    1759.0860     354.0600  0.0000  FuseMax2DPE_157
pe_12_3                             2134.1880      0.3    1777.2300     356.9580  0.0000  FuseMax2DPE_156
pe_12_4                             2112.8940      0.2    1765.6380     347.2560  0.0000  FuseMax2DPE_155
pe_12_5                             2116.6740      0.2    1767.0240     349.6500  0.0000  FuseMax2DPE_154
pe_12_6                             2111.6340      0.2    1753.6680     357.9660  0.0000  FuseMax2DPE_153
pe_12_7                             2131.0380      0.3    1769.6700     361.3680  0.0000  FuseMax2DPE_152
pe_12_8                             2110.8780      0.2    1768.1580     342.7200  0.0000  FuseMax2DPE_151
pe_12_9                             2121.0840      0.3    1772.9460     348.1380  0.0000  FuseMax2DPE_150
pe_13_0                             2115.2880      0.2    1771.0560     344.2320  0.0000  FuseMax2DPE_139
pe_13_1                             2119.6980      0.3    1773.8280     345.8700  0.0000  FuseMax2DPE_138
pe_13_10                            2110.6260      0.2    1751.2740     359.3520  0.0000  FuseMax2DPE_129
pe_13_11                            2107.2240      0.2    1760.5980     346.6260  0.0000  FuseMax2DPE_128
pe_13_12                            2115.5400      0.2    1772.3160     343.2240  0.0000  FuseMax2DPE_127
pe_13_13                            2116.8000      0.2    1769.7960     347.0040  0.0000  FuseMax2DPE_126
pe_13_14                            2130.1560      0.3    1768.6620     361.4940  0.0000  FuseMax2DPE_125
pe_13_15                            2109.4920      0.2    1754.5500     354.9420  0.0000  FuseMax2DPE_124
pe_13_16                            2114.1540      0.2    1767.1500     347.0040  0.0000  FuseMax2DPE_123
pe_13_17                            2113.9020      0.2    1756.5660     357.3360  0.0000  FuseMax2DPE_122
pe_13_18                            2113.6500      0.2    1759.9680     353.6820  0.0000  FuseMax2DPE_121
pe_13_19                            2123.1000      0.3    1771.4340     351.6660  0.0000  FuseMax2DPE_120
pe_13_2                             2113.5240      0.2    1761.9840     351.5400  0.0000  FuseMax2DPE_137
pe_13_3                             2110.5000      0.2    1764.1260     346.3740  0.0000  FuseMax2DPE_136
pe_13_4                             2102.4360      0.2    1739.8080     362.6280  0.0000  FuseMax2DPE_135
pe_13_5                             2120.7060      0.3    1775.7180     344.9880  0.0000  FuseMax2DPE_134
pe_13_6                             2119.3200      0.3    1772.6940     346.6260  0.0000  FuseMax2DPE_133
pe_13_7                             2104.4520      0.2    1756.3140     348.1380  0.0000  FuseMax2DPE_132
pe_13_8                             2114.0280      0.2    1771.3080     342.7200  0.0000  FuseMax2DPE_131
pe_13_9                             2113.7760      0.2    1766.3940     347.3820  0.0000  FuseMax2DPE_130
pe_14_0                             2118.5640      0.2    1758.3300     360.2340  0.0000  FuseMax2DPE_119
pe_14_1                             2120.2020      0.3    1757.5740     362.6280  0.0000  FuseMax2DPE_118
pe_14_10                            2112.7680      0.2    1766.6460     346.1220  0.0000  FuseMax2DPE_109
pe_14_11                            2118.1860      0.2    1763.6220     354.5640  0.0000  FuseMax2DPE_108
pe_14_12                            2109.9960      0.2    1757.4480     352.5480  0.0000  FuseMax2DPE_107
pe_14_13                            2120.8320      0.3    1776.4740     344.3580  0.0000  FuseMax2DPE_106
pe_14_14                            2115.4140      0.2    1753.9200     361.4940  0.0000  FuseMax2DPE_105
pe_14_15                            2104.2000      0.2    1749.0060     355.1940  0.0000  FuseMax2DPE_104
pe_14_16                            2119.0680      0.2    1760.3460     358.7220  0.0000  FuseMax2DPE_103
pe_14_17                            2116.4220      0.2    1754.5500     361.8720  0.0000  FuseMax2DPE_102
pe_14_18                            2117.4300      0.2    1773.9540     343.4760  0.0000  FuseMax2DPE_101
pe_14_19                            2120.5800      0.3    1761.6060     358.9740  0.0000  FuseMax2DPE_100
pe_14_2                             2112.3900      0.2    1771.4340     340.9560  0.0000  FuseMax2DPE_117
pe_14_3                             2112.2640      0.2    1760.5980     351.6660  0.0000  FuseMax2DPE_116
pe_14_4                             2109.2400      0.2    1761.8580     347.3820  0.0000  FuseMax2DPE_115
pe_14_5                             2109.1140      0.2    1768.2840     340.8300  0.0000  FuseMax2DPE_114
pe_14_6                             2116.4220      0.2    1769.0400     347.3820  0.0000  FuseMax2DPE_113
pe_14_7                             2116.4220      0.2    1754.9280     361.4940  0.0000  FuseMax2DPE_112
pe_14_8                             2120.8320      0.3    1760.5980     360.2340  0.0000  FuseMax2DPE_111
pe_14_9                             2122.5960      0.3    1760.2200     362.3760  0.0000  FuseMax2DPE_110
pe_15_0                             2122.3440      0.3    1766.6460     355.6980  0.0000  FuseMax2DPE_99
pe_15_1                             2109.1140      0.2    1754.2980     354.8160  0.0000  FuseMax2DPE_98
pe_15_10                            2115.9180      0.2    1771.1820     344.7360  0.0000  FuseMax2DPE_89
pe_15_11                            2100.4200      0.2    1749.3840     351.0360  0.0000  FuseMax2DPE_88
pe_15_12                            2122.9740      0.3    1770.0480     352.9260  0.0000  FuseMax2DPE_87
pe_15_13                            2120.4540      0.3    1761.7320     358.7220  0.0000  FuseMax2DPE_86
pe_15_14                            2124.4860      0.3    1763.7480     360.7380  0.0000  FuseMax2DPE_85
pe_15_15                            2113.3980      0.2    1770.3000     343.0980  0.0000  FuseMax2DPE_84
pe_15_16                            2127.5100      0.3    1780.5060     347.0040  0.0000  FuseMax2DPE_83
pe_15_17                            2122.2180      0.3    1763.1180     359.1000  0.0000  FuseMax2DPE_82
pe_15_18                            2115.9180      0.2    1770.1740     345.7440  0.0000  FuseMax2DPE_81
pe_15_19                            2117.4300      0.2    1759.0860     358.3440  0.0000  FuseMax2DPE_80
pe_15_2                             2107.8540      0.2    1762.3620     345.4920  0.0000  FuseMax2DPE_97
pe_15_3                             2116.6740      0.2    1770.1740     346.5000  0.0000  FuseMax2DPE_96
pe_15_4                             2117.5560      0.2    1756.8180     360.7380  0.0000  FuseMax2DPE_95
pe_15_5                             2113.9020      0.2    1764.8820     349.0200  0.0000  FuseMax2DPE_94
pe_15_6                             2104.5780      0.2    1761.7320     342.8460  0.0000  FuseMax2DPE_93
pe_15_7                             2116.9260      0.2    1771.8120     345.1140  0.0000  FuseMax2DPE_92
pe_15_8                             2115.2880      0.2    1757.5740     357.7140  0.0000  FuseMax2DPE_91
pe_15_9                             2122.2180      0.3    1766.6460     355.5720  0.0000  FuseMax2DPE_90
pe_16_0                             2116.8000      0.2    1769.9220     346.8780  0.0000  FuseMax2DPE_79
pe_16_1                             2117.4300      0.2    1760.4720     356.9580  0.0000  FuseMax2DPE_78
pe_16_10                            2110.5000      0.2    1751.0220     359.4780  0.0000  FuseMax2DPE_69
pe_16_11                            2114.0280      0.2    1751.0220     363.0060  0.0000  FuseMax2DPE_68
pe_16_12                            2112.6420      0.2    1771.6860     340.9560  0.0000  FuseMax2DPE_67
pe_16_13                            2117.4300      0.2    1768.1580     349.2720  0.0000  FuseMax2DPE_66
pe_16_14                            2105.5860      0.2    1749.1320     356.4540  0.0000  FuseMax2DPE_65
pe_16_15                            2112.3900      0.2    1768.4100     343.9800  0.0000  FuseMax2DPE_64
pe_16_16                            2116.8000      0.2    1769.0400     347.7600  0.0000  FuseMax2DPE_63
pe_16_17                            2114.5320      0.2    1760.2200     354.3120  0.0000  FuseMax2DPE_62
pe_16_18                            2105.9640      0.2    1758.5820     347.3820  0.0000  FuseMax2DPE_61
pe_16_19                            2121.4620      0.3    1768.6620     352.8000  0.0000  FuseMax2DPE_60
pe_16_2                             2106.2160      0.2    1761.4800     344.7360  0.0000  FuseMax2DPE_77
pe_16_3                             2119.9500      0.3    1759.3380     360.6120  0.0000  FuseMax2DPE_76
pe_16_4                             2119.4460      0.3    1773.1980     346.2480  0.0000  FuseMax2DPE_75
pe_16_5                             2119.1940      0.3    1764.1260     355.0680  0.0000  FuseMax2DPE_74
pe_16_6                             2122.0920      0.3    1764.7560     357.3360  0.0000  FuseMax2DPE_73
pe_16_7                             2114.7840      0.2    1770.4260     344.3580  0.0000  FuseMax2DPE_72
pe_16_8                             2118.1860      0.2    1770.4260     347.7600  0.0000  FuseMax2DPE_71
pe_16_9                             2109.3660      0.2    1756.0620     353.3040  0.0000  FuseMax2DPE_70
pe_17_0                             2096.8920      0.2    1751.7780     345.1140  0.0000  FuseMax2DPE_59
pe_17_1                             2118.9420      0.2    1771.1820     347.7600  0.0000  FuseMax2DPE_58
pe_17_10                            2114.2800      0.2    1760.4720     353.8080  0.0000  FuseMax2DPE_49
pe_17_11                            2115.5400      0.2    1754.5500     360.9900  0.0000  FuseMax2DPE_48
pe_17_12                            2116.2960      0.2    1771.5600     344.7360  0.0000  FuseMax2DPE_47
pe_17_13                            2112.8940      0.2    1768.6620     344.2320  0.0000  FuseMax2DPE_46
pe_17_14                            2116.8000      0.2    1757.1960     359.6040  0.0000  FuseMax2DPE_45
pe_17_15                            2118.3120      0.2    1770.5520     347.7600  0.0000  FuseMax2DPE_44
pe_17_16                            2107.0980      0.2    1747.2420     359.8560  0.0000  FuseMax2DPE_43
pe_17_17                            2125.1160      0.3    1777.7340     347.3820  0.0000  FuseMax2DPE_42
pe_17_18                            2112.1380      0.2    1754.1720     357.9660  0.0000  FuseMax2DPE_41
pe_17_19                            2114.2800      0.2    1755.9360     358.3440  0.0000  FuseMax2DPE_40
pe_17_2                             2123.7300      0.3    1764.2520     359.4780  0.0000  FuseMax2DPE_57
pe_17_3                             2113.2720      0.2    1758.3300     354.9420  0.0000  FuseMax2DPE_56
pe_17_4                             2123.3520      0.3    1777.8600     345.4920  0.0000  FuseMax2DPE_55
pe_17_5                             2115.0360      0.2    1758.4560     356.5800  0.0000  FuseMax2DPE_54
pe_17_6                             2117.1780      0.2    1764.2520     352.9260  0.0000  FuseMax2DPE_53
pe_17_7                             2114.1540      0.2    1754.6760     359.4780  0.0000  FuseMax2DPE_52
pe_17_8                             2094.7500      0.2    1732.1220     362.6280  0.0000  FuseMax2DPE_51
pe_17_9                             2109.6180      0.2    1765.6380     343.9800  0.0000  FuseMax2DPE_50
pe_18_0                             2116.0440      0.2    1762.8660     353.1780  0.0000  FuseMax2DPE_39
pe_18_1                             2136.7080      0.3    1790.2080     346.5000  0.0000  FuseMax2DPE_38
pe_18_10                            2116.9260      0.2    1775.8440     341.0820  0.0000  FuseMax2DPE_29
pe_18_11                            2112.2640      0.2    1755.0540     357.2100  0.0000  FuseMax2DPE_28
pe_18_12                            2116.2960      0.2    1760.5980     355.6980  0.0000  FuseMax2DPE_27
pe_18_13                            2107.7280      0.2    1764.1260     343.6020  0.0000  FuseMax2DPE_26
pe_18_14                            2108.1060      0.2    1761.2280     346.8780  0.0000  FuseMax2DPE_25
pe_18_15                            2113.6500      0.2    1759.9680     353.6820  0.0000  FuseMax2DPE_24
pe_18_16                            2114.4060      0.2    1765.5120     348.8940  0.0000  FuseMax2DPE_23
pe_18_17                            2123.2260      0.3    1765.1340     358.0920  0.0000  FuseMax2DPE_22
pe_18_18                            2115.7920      0.2    1759.5900     356.2020  0.0000  FuseMax2DPE_21
pe_18_19                            2125.9980      0.3    1777.4820     348.5160  0.0000  FuseMax2DPE_20
pe_18_2                             2119.6980      0.3    1758.2040     361.4940  0.0000  FuseMax2DPE_37
pe_18_3                             2123.1000      0.3    1764.2520     358.8480  0.0000  FuseMax2DPE_36
pe_18_4                             2129.6520      0.3    1770.9300     358.7220  0.0000  FuseMax2DPE_35
pe_18_5                             2119.1940      0.3    1757.3220     361.8720  0.0000  FuseMax2DPE_34
pe_18_6                             2109.3660      0.2    1765.8900     343.4760  0.0000  FuseMax2DPE_33
pe_18_7                             2104.4520      0.2    1762.8660     341.5860  0.0000  FuseMax2DPE_32
pe_18_8                             2123.3520      0.3    1774.9620     348.3900  0.0000  FuseMax2DPE_31
pe_18_9                             2106.8460      0.2    1762.6140     344.2320  0.0000  FuseMax2DPE_30
pe_19_0                             2197.3140      0.3    1863.0360     334.2780  0.0000  FuseMax2DPE_19
pe_19_1                             2183.9580      0.3    1849.9320     334.0260  0.0000  FuseMax2DPE_18
pe_19_10                            2205.3780      0.3    1870.0920     335.2860  0.0000  FuseMax2DPE_9
pe_19_11                            2185.2180      0.3    1851.9480     333.2700  0.0000  FuseMax2DPE_8
pe_19_12                            2146.2840      0.3    1813.3920     332.8920  0.0000  FuseMax2DPE_7
pe_19_13                            2173.6260      0.3    1840.7340     332.8920  0.0000  FuseMax2DPE_6
pe_19_14                            2158.0020      0.3    1824.4800     333.5220  0.0000  FuseMax2DPE_5
pe_19_15                            2159.5140      0.3    1825.8660     333.6480  0.0000  FuseMax2DPE_4
pe_19_16                            2183.9580      0.3    1850.6880     333.2700  0.0000  FuseMax2DPE_3
pe_19_17                            2186.4780      0.3    1853.5860     332.8920  0.0000  FuseMax2DPE_2
pe_19_18                            2181.0600      0.3    1848.1680     332.8920  0.0000  FuseMax2DPE_1
pe_19_19                            2153.9700      0.3    1820.5740     333.3960  0.0000  FuseMax2DPE_0
pe_19_2                             2181.1860      0.3    1847.9160     333.2700  0.0000  FuseMax2DPE_17
pe_19_3                             2135.9520      0.3    1802.6820     333.2700  0.0000  FuseMax2DPE_16
pe_19_4                             2165.4360      0.3    1830.2760     335.1600  0.0000  FuseMax2DPE_15
pe_19_5                             2166.1920      0.3    1832.9220     333.2700  0.0000  FuseMax2DPE_14
pe_19_6                             2179.5480      0.3    1845.9000     333.6480  0.0000  FuseMax2DPE_13
pe_19_7                             2156.9940      0.3    1823.3460     333.6480  0.0000  FuseMax2DPE_12
pe_19_8                             2179.4220      0.3    1846.1520     333.2700  0.0000  FuseMax2DPE_11
pe_19_9                             2153.5920      0.3    1820.7000     332.8920  0.0000  FuseMax2DPE_10
pe_1_0                              2114.9100      0.2    1755.4320     359.4780  0.0000  FuseMax2DPE_379
pe_1_1                              2125.2420      0.3    1778.9940     346.2480  0.0000  FuseMax2DPE_378
pe_1_10                             2121.4620      0.3    1773.7020     347.7600  0.0000  FuseMax2DPE_369
pe_1_11                             2120.4540      0.3    1766.7720     353.6820  0.0000  FuseMax2DPE_368
pe_1_12                             2105.3340      0.2    1759.5900     345.7440  0.0000  FuseMax2DPE_367
pe_1_13                             2111.2560      0.2    1764.2520     347.0040  0.0000  FuseMax2DPE_366
pe_1_14                             2117.8080      0.2    1757.0700     360.7380  0.0000  FuseMax2DPE_365
pe_1_15                             2116.5480      0.2    1761.4800     355.0680  0.0000  FuseMax2DPE_364
pe_1_16                             2124.4860      0.3    1769.5440     354.9420  0.0000  FuseMax2DPE_363
pe_1_17                             2126.2500      0.3    1780.8840     345.3660  0.0000  FuseMax2DPE_362
pe_1_18                             2123.8560      0.3    1762.7400     361.1160  0.0000  FuseMax2DPE_361
pe_1_19                             2121.2100      0.3    1762.7400     358.4700  0.0000  FuseMax2DPE_360
pe_1_2                              2113.0200      0.2    1755.6840     357.3360  0.0000  FuseMax2DPE_377
pe_1_3                              2116.0440      0.2    1761.7320     354.3120  0.0000  FuseMax2DPE_376
pe_1_4                              2125.3680      0.3    1768.4100     356.9580  0.0000  FuseMax2DPE_375
pe_1_5                              2108.2320      0.2    1752.6600     355.5720  0.0000  FuseMax2DPE_374
pe_1_6                              2114.2800      0.2    1765.5120     348.7680  0.0000  FuseMax2DPE_373
pe_1_7                              2109.1140      0.2    1753.0380     356.0760  0.0000  FuseMax2DPE_372
pe_1_8                              2111.5080      0.2    1762.1100     349.3980  0.0000  FuseMax2DPE_371
pe_1_9                              2120.2020      0.3    1768.7880     351.4140  0.0000  FuseMax2DPE_370
pe_2_0                              2123.3520      0.3    1764.8820     358.4700  0.0000  FuseMax2DPE_359
pe_2_1                              2117.1780      0.2    1769.7960     347.3820  0.0000  FuseMax2DPE_358
pe_2_10                             2118.3120      0.2    1772.4420     345.8700  0.0000  FuseMax2DPE_349
pe_2_11                             2109.7440      0.2    1751.6520     358.0920  0.0000  FuseMax2DPE_348
pe_2_12                             2119.0680      0.2    1771.8120     347.2560  0.0000  FuseMax2DPE_347
pe_2_13                             2112.5160      0.2    1752.2820     360.2340  0.0000  FuseMax2DPE_346
pe_2_14                             2124.4860      0.3    1774.5840     349.9020  0.0000  FuseMax2DPE_345
pe_2_15                             2106.7200      0.2    1751.6520     355.0680  0.0000  FuseMax2DPE_344
pe_2_16                             2123.9820      0.3    1767.4020     356.5800  0.0000  FuseMax2DPE_343
pe_2_17                             2102.0580      0.2    1755.4320     346.6260  0.0000  FuseMax2DPE_342
pe_2_18                             2112.6420      0.2    1765.6380     347.0040  0.0000  FuseMax2DPE_341
pe_2_19                             2138.2200      0.3    1779.8760     358.3440  0.0000  FuseMax2DPE_340
pe_2_2                              2123.2260      0.3    1769.7960     353.4300  0.0000  FuseMax2DPE_357
pe_2_3                              2118.3120      0.2    1771.4340     346.8780  0.0000  FuseMax2DPE_356
pe_2_4                              2116.8000      0.2    1768.6620     348.1380  0.0000  FuseMax2DPE_355
pe_2_5                              2122.0920      0.3    1773.9540     348.1380  0.0000  FuseMax2DPE_354
pe_2_6                              2111.8860      0.2    1762.1100     349.7760  0.0000  FuseMax2DPE_353
pe_2_7                              2110.2480      0.2    1762.4880     347.7600  0.0000  FuseMax2DPE_352
pe_2_8                              2105.2080      0.2    1750.3920     354.8160  0.0000  FuseMax2DPE_351
pe_2_9                              2102.4360      0.2    1758.5820     343.8540  0.0000  FuseMax2DPE_350
pe_3_0                              2114.5320      0.2    1768.4100     346.1220  0.0000  FuseMax2DPE_339
pe_3_1                              2119.4460      0.3    1759.9680     359.4780  0.0000  FuseMax2DPE_338
pe_3_10                             2114.6580      0.2    1760.8500     353.8080  0.0000  FuseMax2DPE_329
pe_3_11                             2119.0680      0.2    1770.9300     348.1380  0.0000  FuseMax2DPE_328
pe_3_12                             2118.9420      0.2    1758.7080     360.2340  0.0000  FuseMax2DPE_327
pe_3_13                             2114.9100      0.2    1759.7160     355.1940  0.0000  FuseMax2DPE_326
pe_3_14                             2114.5320      0.2    1766.7720     347.7600  0.0000  FuseMax2DPE_325
pe_3_15                             2116.0440      0.2    1758.7080     357.3360  0.0000  FuseMax2DPE_324
pe_3_16                             2111.1300      0.2    1761.8580     349.2720  0.0000  FuseMax2DPE_323
pe_3_17                             2125.1160      0.3    1767.1500     357.9660  0.0000  FuseMax2DPE_322
pe_3_18                             2114.1540      0.2    1753.0380     361.1160  0.0000  FuseMax2DPE_321
pe_3_19                             2121.4620      0.3    1763.1180     358.3440  0.0000  FuseMax2DPE_320
pe_3_2                              2109.3660      0.2    1764.2520     345.1140  0.0000  FuseMax2DPE_337
pe_3_3                              2118.5640      0.2    1763.2440     355.3200  0.0000  FuseMax2DPE_336
pe_3_4                              2122.4700      0.3    1776.7260     345.7440  0.0000  FuseMax2DPE_335
pe_3_5                              2134.3140      0.3    1774.8360     359.4780  0.0000  FuseMax2DPE_334
pe_3_6                              2109.8700      0.2    1759.5900     350.2800  0.0000  FuseMax2DPE_333
pe_3_7                              2115.1620      0.2    1765.6380     349.5240  0.0000  FuseMax2DPE_332
pe_3_8                              2113.0200      0.2    1752.0300     360.9900  0.0000  FuseMax2DPE_331
pe_3_9                              2108.1060      0.2    1759.8420     348.2640  0.0000  FuseMax2DPE_330
pe_4_0                              2119.4460      0.3    1769.6700     349.7760  0.0000  FuseMax2DPE_319
pe_4_1                              2112.1380      0.2    1752.4080     359.7300  0.0000  FuseMax2DPE_318
pe_4_10                             2124.2340      0.3    1769.9220     354.3120  0.0000  FuseMax2DPE_309
pe_4_11                             2111.3820      0.2    1764.0000     347.3820  0.0000  FuseMax2DPE_308
pe_4_12                             2108.3580      0.2    1752.0300     356.3280  0.0000  FuseMax2DPE_307
pe_4_13                             2122.3440      0.3    1775.7180     346.6260  0.0000  FuseMax2DPE_306
pe_4_14                             2117.3040      0.2    1758.5820     358.7220  0.0000  FuseMax2DPE_305
pe_4_15                             2103.1920      0.2    1756.5660     346.6260  0.0000  FuseMax2DPE_304
pe_4_16                             2111.2560      0.2    1752.9120     358.3440  0.0000  FuseMax2DPE_303
pe_4_17                             2120.2020      0.3    1771.8120     348.3900  0.0000  FuseMax2DPE_302
pe_4_18                             2106.9720      0.2    1754.8020     352.1700  0.0000  FuseMax2DPE_301
pe_4_19                             2126.2500      0.3    1778.4900     347.7600  0.0000  FuseMax2DPE_300
pe_4_2                              2121.0840      0.3    1758.7080     362.3760  0.0000  FuseMax2DPE_317
pe_4_3                              2107.3500      0.2    1761.8580     345.4920  0.0000  FuseMax2DPE_316
pe_4_4                              2104.7040      0.2    1758.4560     346.2480  0.0000  FuseMax2DPE_315
pe_4_5                              2108.3580      0.2    1750.6440     357.7140  0.0000  FuseMax2DPE_314
pe_4_6                              2115.4140      0.2    1755.3060     360.1080  0.0000  FuseMax2DPE_313
pe_4_7                              2121.7140      0.3    1762.4880     359.2260  0.0000  FuseMax2DPE_312
pe_4_8                              2122.9740      0.3    1776.0960     346.8780  0.0000  FuseMax2DPE_311
pe_4_9                              2128.8960      0.3    1769.4180     359.4780  0.0000  FuseMax2DPE_310
pe_5_0                              2115.6660      0.2    1769.0400     346.6260  0.0000  FuseMax2DPE_299
pe_5_1                              2114.6580      0.2    1768.4100     346.2480  0.0000  FuseMax2DPE_298
pe_5_10                             2113.1460      0.2    1764.0000     349.1460  0.0000  FuseMax2DPE_289
pe_5_11                             2132.8020      0.3    1772.1900     360.6120  0.0000  FuseMax2DPE_288
pe_5_12                             2103.8220      0.2    1752.2820     351.5400  0.0000  FuseMax2DPE_287
pe_5_13                             2094.8760      0.2    1751.2740     343.6020  0.0000  FuseMax2DPE_286
pe_5_14                             2116.6740      0.2    1770.8040     345.8700  0.0000  FuseMax2DPE_285
pe_5_15                             2108.6100      0.2    1746.7380     361.8720  0.0000  FuseMax2DPE_284
pe_5_16                             2100.7980      0.2    1755.8100     344.9880  0.0000  FuseMax2DPE_283
pe_5_17                             2115.1620      0.2    1767.0240     348.1380  0.0000  FuseMax2DPE_282
pe_5_18                             2109.4920      0.2    1749.5100     359.9820  0.0000  FuseMax2DPE_281
pe_5_19                             2118.8160      0.2    1760.5980     358.2180  0.0000  FuseMax2DPE_280
pe_5_2                              2113.7760      0.2    1754.9280     358.8480  0.0000  FuseMax2DPE_297
pe_5_3                              2131.4160      0.3    1777.4820     353.9340  0.0000  FuseMax2DPE_296
pe_5_4                              2100.4200      0.2    1745.3520     355.0680  0.0000  FuseMax2DPE_295
pe_5_5                              2115.0360      0.2    1767.0240     348.0120  0.0000  FuseMax2DPE_294
pe_5_6                              2112.2640      0.2    1752.2820     359.9820  0.0000  FuseMax2DPE_293
pe_5_7                              2109.8700      0.2    1752.7860     357.0840  0.0000  FuseMax2DPE_292
pe_5_8                              2113.9020      0.2    1758.8340     355.0680  0.0000  FuseMax2DPE_291
pe_5_9                              2120.0760      0.3    1771.3080     348.7680  0.0000  FuseMax2DPE_290
pe_6_0                              2125.3680      0.3    1763.2440     362.1240  0.0000  FuseMax2DPE_279
pe_6_1                              2135.1960      0.3    1774.8360     360.3600  0.0000  FuseMax2DPE_278
pe_6_10                             2110.5000      0.2    1755.8100     354.6900  0.0000  FuseMax2DPE_269
pe_6_11                             2107.0980      0.2    1760.0940     347.0040  0.0000  FuseMax2DPE_268
pe_6_12                             2115.9180      0.2    1757.9520     357.9660  0.0000  FuseMax2DPE_267
pe_6_13                             2120.7060      0.3    1761.7320     358.9740  0.0000  FuseMax2DPE_266
pe_6_14                             2137.8420      0.3    1791.5940     346.2480  0.0000  FuseMax2DPE_265
pe_6_15                             2129.6520      0.3    1769.9220     359.7300  0.0000  FuseMax2DPE_264
pe_6_16                             2111.3820      0.2    1763.6220     347.7600  0.0000  FuseMax2DPE_263
pe_6_17                             2112.8940      0.2    1757.5740     355.3200  0.0000  FuseMax2DPE_262
pe_6_18                             2124.9900      0.3    1779.1200     345.8700  0.0000  FuseMax2DPE_261
pe_6_19                             2121.9660      0.3    1764.5040     357.4620  0.0000  FuseMax2DPE_260
pe_6_2                              2133.4320      0.3    1786.0500     347.3820  0.0000  FuseMax2DPE_277
pe_6_3                              2115.4140      0.2    1756.4400     358.9740  0.0000  FuseMax2DPE_276
pe_6_4                              2110.7520      0.2    1755.6840     355.0680  0.0000  FuseMax2DPE_275
pe_6_5                              2113.5240      0.2    1766.8980     346.6260  0.0000  FuseMax2DPE_274
pe_6_6                              2116.9260      0.2    1769.9220     347.0040  0.0000  FuseMax2DPE_273
pe_6_7                              2121.8400      0.3    1771.8120     350.0280  0.0000  FuseMax2DPE_272
pe_6_8                              2109.6180      0.2    1761.9840     347.6340  0.0000  FuseMax2DPE_271
pe_6_9                              2117.0520      0.2    1764.5040     352.5480  0.0000  FuseMax2DPE_270
pe_7_0                              2116.6740      0.2    1756.8180     359.8560  0.0000  FuseMax2DPE_259
pe_7_1                              2115.6660      0.2    1758.3300     357.3360  0.0000  FuseMax2DPE_258
pe_7_10                             2107.8540      0.2    1763.1180     344.7360  0.0000  FuseMax2DPE_249
pe_7_11                             2109.6180      0.2    1763.3700     346.2480  0.0000  FuseMax2DPE_248
pe_7_12                             2124.2340      0.3    1763.1180     361.1160  0.0000  FuseMax2DPE_247
pe_7_13                             2118.8160      0.2    1763.2440     355.5720  0.0000  FuseMax2DPE_246
pe_7_14                             2111.5080      0.2    1751.1480     360.3600  0.0000  FuseMax2DPE_245
pe_7_15                             2125.3680      0.3    1775.7180     349.6500  0.0000  FuseMax2DPE_244
pe_7_16                             2119.8240      0.3    1758.7080     361.1160  0.0000  FuseMax2DPE_243
pe_7_17                             2121.9660      0.3    1767.6540     354.3120  0.0000  FuseMax2DPE_242
pe_7_18                             2115.7920      0.2    1768.4100     347.3820  0.0000  FuseMax2DPE_241
pe_7_19                             2105.5860      0.2    1752.0300     353.5560  0.0000  FuseMax2DPE_240
pe_7_2                              2122.3440      0.3    1773.4500     348.8940  0.0000  FuseMax2DPE_257
pe_7_3                              2113.9020      0.2    1756.1880     357.7140  0.0000  FuseMax2DPE_256
pe_7_4                              2112.8940      0.2    1763.7480     349.1460  0.0000  FuseMax2DPE_255
pe_7_5                              2122.8480      0.3    1764.6300     358.2180  0.0000  FuseMax2DPE_254
pe_7_6                              2115.4140      0.2    1752.7860     362.6280  0.0000  FuseMax2DPE_253
pe_7_7                              2106.0900      0.2    1749.8880     356.2020  0.0000  FuseMax2DPE_252
pe_7_8                              2107.7280      0.2    1747.3680     360.3600  0.0000  FuseMax2DPE_251
pe_7_9                              2109.4920      0.2    1761.7320     347.7600  0.0000  FuseMax2DPE_250
pe_8_0                              2124.2340      0.3    1764.3780     359.8560  0.0000  FuseMax2DPE_239
pe_8_1                              2123.8560      0.3    1772.0640     351.7920  0.0000  FuseMax2DPE_238
pe_8_10                             2120.5800      0.3    1767.4020     353.1780  0.0000  FuseMax2DPE_229
pe_8_11                             2114.1540      0.2    1758.4560     355.6980  0.0000  FuseMax2DPE_228
pe_8_12                             2123.4780      0.3    1777.3560     346.1220  0.0000  FuseMax2DPE_227
pe_8_13                             2122.2180      0.3    1762.9920     359.2260  0.0000  FuseMax2DPE_226
pe_8_14                             2108.8620      0.2    1755.8100     353.0520  0.0000  FuseMax2DPE_225
pe_8_15                             2116.2960      0.2    1767.4020     348.8940  0.0000  FuseMax2DPE_224
pe_8_16                             2129.7780      0.3    1774.2060     355.5720  0.0000  FuseMax2DPE_223
pe_8_17                             2116.0440      0.2    1769.4180     346.6260  0.0000  FuseMax2DPE_222
pe_8_18                             2128.0140      0.3    1769.6700     358.3440  0.0000  FuseMax2DPE_221
pe_8_19                             2131.6680      0.3    1771.8120     359.8560  0.0000  FuseMax2DPE_220
pe_8_2                              2120.5800      0.3    1763.3700     357.2100  0.0000  FuseMax2DPE_237
pe_8_3                              2120.7060      0.3    1765.2600     355.4460  0.0000  FuseMax2DPE_236
pe_8_4                              2115.9180      0.2    1760.5980     355.3200  0.0000  FuseMax2DPE_235
pe_8_5                              2121.8400      0.3    1773.4500     348.3900  0.0000  FuseMax2DPE_234
pe_8_6                              2110.5000      0.2    1754.5500     355.9500  0.0000  FuseMax2DPE_233
pe_8_7                              2108.3580      0.2    1762.8660     345.4920  0.0000  FuseMax2DPE_232
pe_8_8                              2121.0840      0.3    1774.4580     346.6260  0.0000  FuseMax2DPE_231
pe_8_9                              2112.0120      0.2    1753.9200     358.0920  0.0000  FuseMax2DPE_230
pe_9_0                              2111.2560      0.2    1752.9120     358.3440  0.0000  FuseMax2DPE_219
pe_9_1                              2108.8620      0.2    1766.0160     342.8460  0.0000  FuseMax2DPE_218
pe_9_10                             2128.5180      0.3    1771.0560     357.4620  0.0000  FuseMax2DPE_209
pe_9_11                             2111.0040      0.2    1754.0460     356.9580  0.0000  FuseMax2DPE_208
pe_9_12                             2125.7460      0.3    1781.3880     344.3580  0.0000  FuseMax2DPE_207
pe_9_13                             2121.0840      0.3    1771.4340     349.6500  0.0000  FuseMax2DPE_206
pe_9_14                             2124.1080      0.3    1775.5920     348.5160  0.0000  FuseMax2DPE_205
pe_9_15                             2116.5480      0.2    1759.7160     356.8320  0.0000  FuseMax2DPE_204
pe_9_16                             2118.0600      0.2    1757.3220     360.7380  0.0000  FuseMax2DPE_203
pe_9_17                             2102.9400      0.2    1758.2040     344.7360  0.0000  FuseMax2DPE_202
pe_9_18                             2110.5000      0.2    1762.7400     347.7600  0.0000  FuseMax2DPE_201
pe_9_19                             2108.1060      0.2    1749.3840     358.7220  0.0000  FuseMax2DPE_200
pe_9_2                              2120.0760      0.3    1770.9300     349.1460  0.0000  FuseMax2DPE_217
pe_9_3                              2124.6120      0.3    1765.5120     359.1000  0.0000  FuseMax2DPE_216
pe_9_4                              2113.9020      0.2    1768.7880     345.1140  0.0000  FuseMax2DPE_215
pe_9_5                              2116.9260      0.2    1772.1900     344.7360  0.0000  FuseMax2DPE_214
pe_9_6                              2125.7460      0.3    1766.1420     359.6040  0.0000  FuseMax2DPE_213
pe_9_7                              2115.6660      0.2    1768.0320     347.6340  0.0000  FuseMax2DPE_212
pe_9_8                              2122.9740      0.3    1764.5040     358.4700  0.0000  FuseMax2DPE_211
pe_9_9                              2125.9980      0.3    1777.8600     348.1380  0.0000  FuseMax2DPE_210
--------------------------------  -----------  -------  -----------  -----------  ------  ---------------
Total                                                   706952.7341  140707.4731  0.0000

1
