 
****************************************
Report : area
Design : SystolicArray
Version: V-2023.12
Date   : Mon Apr  6 03:47:33 2026
****************************************

Library(s) Used:

    tcbn28hpcplusbwp30p140ffg0p99v0c_ccs (File: /hpc/Tech/TSMC/digital/N28/digital/Front_End/timing_power_noise/CCS/tcbn28hpcplusbwp30p140_180a/tcbn28hpcplusbwp30p140ffg0p99v0c_ccs.db)

Number of ports:                         4754
Number of nets:                        129253
Number of cells:                       120702
Number of combinational cells:         117694
Number of sequential cells:              2944
Number of macros/black boxes:               0
Number of buf/inv:                      21887
Number of references:                      64

Combinational area:              70756.056035
Buf/Inv area:                     6065.136078
Noncombinational area:            5719.895919
Macro/Black Box area:                0.000000
Net Interconnect area:      undefined  (Wire load has zero net area)

Total cell area:                 76475.951954
Total area:                 undefined

Hierarchical area distribution
------------------------------

                                  Global cell area            Local cell area
                                  -------------------  ----------------------------- 
Hierarchical cell                 Absolute    Percent  Combi-      Noncombi-  Black-
                                  Total       Total    national    national   boxes   Design
--------------------------------  ----------  -------  ----------  ---------  ------  ---------
SystolicArray                     76475.9520    100.0      0.0000     0.0000  0.0000  SystolicArray
pes_0                              1191.8340      1.6   1097.7120    94.1220  0.0000  PE_63
pes_0_1                            1147.3560      1.5   1054.3680    92.9880  0.0000  PE_55
pes_0_2                            1156.9320      1.5   1062.6840    94.2480  0.0000  PE_47
pes_0_3                            1169.0280      1.5   1076.4180    92.6100  0.0000  PE_39
pes_0_4                            1166.2560      1.5   1072.8900    93.3660  0.0000  PE_31
pes_0_5                            1158.3180      1.5   1064.9520    93.3660  0.0000  PE_23
pes_0_6                            1164.6180      1.5   1071.6300    92.9880  0.0000  PE_15
pes_0_7                            1152.3960      1.5   1059.0300    93.3660  0.0000  PE_7
pes_1                              1198.7640      1.6   1105.3980    93.3660  0.0000  PE_62
pes_1_1                            1198.5120      1.6   1105.9020    92.6100  0.0000  PE_54
pes_1_2                            1192.0860      1.6   1099.0980    92.9880  0.0000  PE_46
pes_1_3                            1194.6060      1.6   1101.6180    92.9880  0.0000  PE_38
pes_1_4                            1194.3540      1.6   1100.9880    93.3660  0.0000  PE_30
pes_1_5                            1204.4340      1.6   1111.8240    92.6100  0.0000  PE_22
pes_1_6                            1205.1900      1.6   1111.4460    93.7440  0.0000  PE_14
pes_1_7                            1192.5900      1.6   1098.8460    93.7440  0.0000  PE_6
pes_2                              1203.0480      1.6   1109.6820    93.3660  0.0000  PE_61
pes_2_1                            1200.9060      1.6   1107.9180    92.9880  0.0000  PE_53
pes_2_2                            1206.8280      1.6   1113.8400    92.9880  0.0000  PE_45
pes_2_3                            1201.5360      1.6   1108.5480    92.9880  0.0000  PE_37
pes_2_4                            1198.5120      1.6   1105.1460    93.3660  0.0000  PE_29
pes_2_5                            1186.5420      1.6   1093.5540    92.9880  0.0000  PE_21
pes_2_6                            1197.5040      1.6   1104.1380    93.3660  0.0000  PE_13
pes_2_7                            1197.6300      1.6   1105.0200    92.6100  0.0000  PE_5
pes_3                              1194.4800      1.6   1101.1140    93.3660  0.0000  PE_60
pes_3_1                            1208.5920      1.6   1114.4700    94.1220  0.0000  PE_52
pes_3_2                            1208.0880      1.6   1115.4780    92.6100  0.0000  PE_44
pes_3_3                            1203.0480      1.6   1110.0600    92.9880  0.0000  PE_36
pes_3_4                            1202.2920      1.6   1109.3040    92.9880  0.0000  PE_28
pes_3_5                            1208.0880      1.6   1114.7220    93.3660  0.0000  PE_20
pes_3_6                            1193.9760      1.6   1100.6100    93.3660  0.0000  PE_12
pes_3_7                            1197.1260      1.6   1104.1380    92.9880  0.0000  PE_4
pes_4                              1200.5280      1.6   1107.2880    93.2400  0.0000  PE_59
pes_4_1                            1202.4180      1.6   1109.4300    92.9880  0.0000  PE_51
pes_4_2                            1203.5520      1.6   1110.5640    92.9880  0.0000  PE_43
pes_4_3                            1199.0160      1.6   1106.0280    92.9880  0.0000  PE_35
pes_4_4                            1197.6300      1.6   1104.6420    92.9880  0.0000  PE_27
pes_4_5                            1205.4420      1.6   1111.1940    94.2480  0.0000  PE_19
pes_4_6                            1198.0080      1.6   1105.0200    92.9880  0.0000  PE_11
pes_4_7                            1202.6700      1.6   1109.6820    92.9880  0.0000  PE_3
pes_5                              1194.8580      1.6   1101.4920    93.3660  0.0000  PE_58
pes_5_1                            1206.1980      1.6   1112.8320    93.3660  0.0000  PE_50
pes_5_2                            1212.1200      1.6   1118.3760    93.7440  0.0000  PE_42
pes_5_3                            1204.0560      1.6   1110.3120    93.7440  0.0000  PE_34
pes_5_4                            1203.3000      1.6   1110.3120    92.9880  0.0000  PE_26
pes_5_5                            1208.9700      1.6   1115.6040    93.3660  0.0000  PE_18
pes_5_6                            1213.5060      1.6   1120.1400    93.3660  0.0000  PE_10
pes_5_7                            1206.3240      1.6   1113.3360    92.9880  0.0000  PE_2
pes_6                              1196.6220      1.6   1104.0120    92.6100  0.0000  PE_57
pes_6_1                            1199.6460      1.6   1106.2800    93.3660  0.0000  PE_49
pes_6_2                            1204.0560      1.6   1111.4460    92.6100  0.0000  PE_41
pes_6_3                            1204.3080      1.6   1111.6980    92.6100  0.0000  PE_33
pes_6_4                            1201.1580      1.6   1108.0440    93.1140  0.0000  PE_25
pes_6_5                            1200.7800      1.6   1108.1700    92.6100  0.0000  PE_17
pes_6_6                            1200.1500      1.6   1106.1540    93.9960  0.0000  PE_9
pes_6_7                            1208.7180      1.6   1115.7300    92.9880  0.0000  PE_1
pes_7                              1170.0360      1.5   1107.6660    62.3700  0.0000  PE_56
pes_7_1                            1188.1800      1.6   1124.8020    63.3780  0.0000  PE_48
pes_7_2                            1195.9920      1.6   1133.6220    62.3700  0.0000  PE_40
pes_7_3                            1189.8180      1.6   1127.4480    62.3700  0.0000  PE_32
pes_7_4                            1206.0720      1.6   1142.9460    63.1260  0.0000  PE_24
pes_7_5                            1184.7780      1.5   1122.4080    62.3700  0.0000  PE_16
pes_7_6                            1183.3920      1.5   1121.0220    62.3700  0.0000  PE_8
pes_7_7                            1188.1800      1.6   1125.8100    62.3700  0.0000  PE_0
--------------------------------  ----------  -------  ----------  ---------  ------  ---------
Total                                                  70756.0560  5719.8959  0.0000

1
