 
****************************************
Report : area
Design : SystolicArray
Version: V-2023.12
Date   : Tue Apr  7 14:52:44 2026
****************************************

Library(s) Used:

    tcbn28hpcplusbwp30p140ffg0p99v0c_ccs (File: /hpc/Tech/TSMC/digital/N28/digital/Front_End/timing_power_noise/CCS/tcbn28hpcplusbwp30p140_180a/tcbn28hpcplusbwp30p140ffg0p99v0c_ccs.db)

Number of ports:                        65090
Number of nets:                       2029931
Number of cells:                      1878429
Number of combinational cells:        1840581
Number of sequential cells:             37248
Number of macros/black boxes:               0
Number of buf/inv:                     339929
Number of references:                     607

Combinational area:            1117099.492408
Buf/Inv area:                    90705.007170
Noncombinational area:           72051.839040
Macro/Black Box area:                0.000000
Net Interconnect area:      undefined  (Wire load has zero net area)

Total cell area:               1189151.331448
Total area:                 undefined

Hierarchical area distribution
------------------------------

                                  Global cell area               Local cell area
                                  ---------------------  -------------------------------- 
Hierarchical cell                 Absolute      Percent  Combi-        Noncombi-   Black-
                                  Total         Total    national      national    boxes   Design
--------------------------------  ------------  -------  ------------  ----------  ------  ---------
SystolicArray                     1189151.3314    100.0        0.2520  52449.5154  0.0000  SystolicArray
cmpArray_0                            362.8800      0.0      302.4000     60.4800  0.0000  CMP_23
cmpArray_1                            362.8800      0.0      302.4000     60.4800  0.0000  CMP_22
cmpArray_10                           362.8800      0.0      302.4000     60.4800  0.0000  CMP_13
cmpArray_11                           362.8800      0.0      302.4000     60.4800  0.0000  CMP_12
cmpArray_12                           362.8800      0.0      302.4000     60.4800  0.0000  CMP_11
cmpArray_13                           362.8800      0.0      302.4000     60.4800  0.0000  CMP_10
cmpArray_14                           362.8800      0.0      302.4000     60.4800  0.0000  CMP_9
cmpArray_15                           362.8800      0.0      302.4000     60.4800  0.0000  CMP_8
cmpArray_16                           362.8800      0.0      302.4000     60.4800  0.0000  CMP_7
cmpArray_17                           362.8800      0.0      302.4000     60.4800  0.0000  CMP_6
cmpArray_18                           362.8800      0.0      302.4000     60.4800  0.0000  CMP_5
cmpArray_19                           362.8800      0.0      302.4000     60.4800  0.0000  CMP_4
cmpArray_2                            362.8800      0.0      302.4000     60.4800  0.0000  CMP_21
cmpArray_20                           362.8800      0.0      302.4000     60.4800  0.0000  CMP_3
cmpArray_21                           362.8800      0.0      302.4000     60.4800  0.0000  CMP_2
cmpArray_22                           362.8800      0.0      302.4000     60.4800  0.0000  CMP_1
cmpArray_23                           362.8800      0.0      302.4000     60.4800  0.0000  CMP_0
cmpArray_3                            362.8800      0.0      302.4000     60.4800  0.0000  CMP_20
cmpArray_4                            362.8800      0.0      302.4000     60.4800  0.0000  CMP_19
cmpArray_5                            362.8800      0.0      302.4000     60.4800  0.0000  CMP_18
cmpArray_6                            362.8800      0.0      302.4000     60.4800  0.0000  CMP_17
cmpArray_7                            362.8800      0.0      302.4000     60.4800  0.0000  CMP_16
cmpArray_8                            362.8800      0.0      302.4000     60.4800  0.0000  CMP_15
cmpArray_9                            362.8800      0.0      302.4000     60.4800  0.0000  CMP_14
mesh_0_0                             2014.6140      0.2     1983.2400     31.3740  0.0000  PE_575
mesh_0_1                             1985.3820      0.2     1954.3860     30.9960  0.0000  PE_574
mesh_0_10                            1992.8160      0.2     1960.6860     32.1300  0.0000  PE_565
mesh_0_11                            1992.9420      0.2     1961.9460     30.9960  0.0000  PE_564
mesh_0_12                            2002.7700      0.2     1970.6400     32.1300  0.0000  PE_563
mesh_0_13                            1993.8240      0.2     1962.8280     30.9960  0.0000  PE_562
mesh_0_14                            1996.3440      0.2     1965.3480     30.9960  0.0000  PE_561
mesh_0_15                            1971.1440      0.2     1939.3920     31.7520  0.0000  PE_560
mesh_0_16                            1988.2800      0.2     1956.9060     31.3740  0.0000  PE_559
mesh_0_17                            1966.9860      0.2     1935.2340     31.7520  0.0000  PE_558
mesh_0_18                            1990.1700      0.2     1957.4100     32.7600  0.0000  PE_557
mesh_0_19                            1976.9400      0.2     1945.1880     31.7520  0.0000  PE_556
mesh_0_2                             1985.7600      0.2     1954.3860     31.3740  0.0000  PE_573
mesh_0_20                            2001.0060      0.2     1968.6240     32.3820  0.0000  PE_555
mesh_0_21                            1979.0820      0.2     1946.9520     32.1300  0.0000  PE_554
mesh_0_22                            1982.4840      0.2     1950.7320     31.7520  0.0000  PE_553
mesh_0_23                            1936.2420      0.2     1906.0020     30.2400  0.0000  PE_552
mesh_0_3                             1987.5240      0.2     1956.1500     31.3740  0.0000  PE_572
mesh_0_4                             1990.9260      0.2     1959.1740     31.7520  0.0000  PE_571
mesh_0_5                             1998.4860      0.2     1967.1120     31.3740  0.0000  PE_570
mesh_0_6                             1991.3040      0.2     1960.3080     30.9960  0.0000  PE_569
mesh_0_7                             2005.6680      0.2     1975.0500     30.6180  0.0000  PE_568
mesh_0_8                             1995.0840      0.2     1963.7100     31.3740  0.0000  PE_567
mesh_0_9                             2000.6280      0.2     1969.2540     31.3740  0.0000  PE_566
mesh_10_0                            1997.4780      0.2     1966.1040     31.3740  0.0000  PE_335
mesh_10_1                            1957.4100      0.2     1925.6580     31.7520  0.0000  PE_334
mesh_10_10                           1966.8600      0.2     1935.4860     31.3740  0.0000  PE_325
mesh_10_11                           1957.7880      0.2     1926.7920     30.9960  0.0000  PE_324
mesh_10_12                           1958.9220      0.2     1927.5480     31.3740  0.0000  PE_323
mesh_10_13                           1944.9360      0.2     1913.5620     31.3740  0.0000  PE_322
mesh_10_14                           1954.6380      0.2     1922.8860     31.7520  0.0000  PE_321
mesh_10_15                           1957.9140      0.2     1925.7840     32.1300  0.0000  PE_320
mesh_10_16                           1943.9280      0.2     1912.5540     31.3740  0.0000  PE_319
mesh_10_17                           1957.5360      0.2     1925.7840     31.7520  0.0000  PE_318
mesh_10_18                           1946.7000      0.2     1914.9480     31.7520  0.0000  PE_317
mesh_10_19                           1956.6540      0.2     1925.2800     31.3740  0.0000  PE_316
mesh_10_2                            1939.8960      0.2     1907.7660     32.1300  0.0000  PE_333
mesh_10_20                           1946.4480      0.2     1914.6960     31.7520  0.0000  PE_315
mesh_10_21                           1949.9760      0.2     1918.2240     31.7520  0.0000  PE_314
mesh_10_22                           1978.9560      0.2     1947.5820     31.3740  0.0000  PE_313
mesh_10_23                           1984.3740      0.2     1953.7560     30.6180  0.0000  PE_312
mesh_10_3                            1959.1740      0.2     1927.8000     31.3740  0.0000  PE_332
mesh_10_4                            1953.2520      0.2     1921.8780     31.3740  0.0000  PE_331
mesh_10_5                            1927.8000      0.2     1896.4260     31.3740  0.0000  PE_330
mesh_10_6                            1984.1220      0.2     1951.9920     32.1300  0.0000  PE_329
mesh_10_7                            1942.0380      0.2     1910.6640     31.3740  0.0000  PE_328
mesh_10_8                            1964.4660      0.2     1932.7140     31.7520  0.0000  PE_327
mesh_10_9                            1966.3560      0.2     1934.6040     31.7520  0.0000  PE_326
mesh_11_0                            2036.2860      0.2     2005.2900     30.9960  0.0000  PE_311
mesh_11_1                            1935.6120      0.2     1904.2380     31.3740  0.0000  PE_310
mesh_11_10                           1952.8740      0.2     1921.5000     31.3740  0.0000  PE_301
mesh_11_11                           1941.7860      0.2     1910.0340     31.7520  0.0000  PE_300
mesh_11_12                           1954.5120      0.2     1922.7600     31.7520  0.0000  PE_299
mesh_11_13                           1955.2680      0.2     1923.8940     31.3740  0.0000  PE_298
mesh_11_14                           1941.9120      0.2     1910.1600     31.7520  0.0000  PE_297
mesh_11_15                           1939.3920      0.2     1907.6400     31.7520  0.0000  PE_296
mesh_11_16                           1960.1820      0.2     1928.8080     31.3740  0.0000  PE_295
mesh_11_17                           1950.8580      0.2     1919.1060     31.7520  0.0000  PE_294
mesh_11_18                           1954.6380      0.2     1923.2640     31.3740  0.0000  PE_293
mesh_11_19                           1962.3240      0.2     1930.5720     31.7520  0.0000  PE_292
mesh_11_2                            1959.9300      0.2     1928.1780     31.7520  0.0000  PE_309
mesh_11_20                           1977.5700      0.2     1946.1960     31.3740  0.0000  PE_291
mesh_11_21                           1955.8980      0.2     1924.1460     31.7520  0.0000  PE_290
mesh_11_22                           1945.8180      0.2     1914.4440     31.3740  0.0000  PE_289
mesh_11_23                           1995.7140      0.2     1965.0960     30.6180  0.0000  PE_288
mesh_11_3                            1987.5240      0.2     1956.1500     31.3740  0.0000  PE_308
mesh_11_4                            1954.5120      0.2     1922.7600     31.7520  0.0000  PE_307
mesh_11_5                            1963.5840      0.2     1932.5880     30.9960  0.0000  PE_306
mesh_11_6                            1951.2360      0.2     1919.8620     31.3740  0.0000  PE_305
mesh_11_7                            1956.7800      0.2     1925.7840     30.9960  0.0000  PE_304
mesh_11_8                            1956.7800      0.2     1925.0280     31.7520  0.0000  PE_303
mesh_11_9                            1941.2820      0.2     1910.2860     30.9960  0.0000  PE_302
mesh_12_0                            2006.1720      0.2     1975.1760     30.9960  0.0000  PE_287
mesh_12_1                            1962.5760      0.2     1931.2020     31.3740  0.0000  PE_286
mesh_12_10                           1950.1020      0.2     1918.3500     31.7520  0.0000  PE_277
mesh_12_11                           1944.8100      0.2     1913.4360     31.3740  0.0000  PE_276
mesh_12_12                           1965.4740      0.2     1933.7220     31.7520  0.0000  PE_275
mesh_12_13                           1948.2120      0.2     1916.0820     32.1300  0.0000  PE_274
mesh_12_14                           1957.7880      0.2     1925.7840     32.0040  0.0000  PE_273
mesh_12_15                           1956.7800      0.2     1925.7840     30.9960  0.0000  PE_272
mesh_12_16                           1963.4580      0.2     1932.0840     31.3740  0.0000  PE_271
mesh_12_17                           1942.5420      0.2     1911.1680     31.3740  0.0000  PE_270
mesh_12_18                           1949.9760      0.2     1918.6020     31.3740  0.0000  PE_269
mesh_12_19                           1954.6380      0.2     1922.8860     31.7520  0.0000  PE_268
mesh_12_2                            1948.9680      0.2     1917.5940     31.3740  0.0000  PE_285
mesh_12_20                           1935.6120      0.2     1903.8600     31.7520  0.0000  PE_267
mesh_12_21                           1964.5920      0.2     1932.8400     31.7520  0.0000  PE_266
mesh_12_22                           1938.1320      0.2     1906.3800     31.7520  0.0000  PE_265
mesh_12_23                           2016.8820      0.2     1985.8860     30.9960  0.0000  PE_264
mesh_12_3                            1944.9360      0.2     1913.9400     30.9960  0.0000  PE_284
mesh_12_4                            1955.2680      0.2     1923.5160     31.7520  0.0000  PE_283
mesh_12_5                            1945.5660      0.2     1913.4360     32.1300  0.0000  PE_282
mesh_12_6                            1953.1260      0.2     1921.7520     31.3740  0.0000  PE_281
mesh_12_7                            1974.9240      0.2     1943.1720     31.7520  0.0000  PE_280
mesh_12_8                            1964.4660      0.2     1933.0920     31.3740  0.0000  PE_279
mesh_12_9                            1965.6000      0.2     1934.9820     30.6180  0.0000  PE_278
mesh_13_0                            1983.8700      0.2     1953.2520     30.6180  0.0000  PE_263
mesh_13_1                            1959.4260      0.2     1927.6740     31.7520  0.0000  PE_262
mesh_13_10                           1942.7940      0.2     1911.0420     31.7520  0.0000  PE_253
mesh_13_11                           1935.8640      0.2     1903.7340     32.1300  0.0000  PE_252
mesh_13_12                           1962.5760      0.2     1930.4460     32.1300  0.0000  PE_251
mesh_13_13                           1945.0620      0.2     1914.0660     30.9960  0.0000  PE_250
mesh_13_14                           1943.4240      0.2     1911.6720     31.7520  0.0000  PE_249
mesh_13_15                           1949.3460      0.2     1918.3500     30.9960  0.0000  PE_248
mesh_13_16                           1946.3220      0.2     1914.5700     31.7520  0.0000  PE_247
mesh_13_17                           1949.2200      0.2     1917.8460     31.3740  0.0000  PE_246
mesh_13_18                           1943.9280      0.2     1911.7980     32.1300  0.0000  PE_245
mesh_13_19                           1962.3240      0.2     1930.9500     31.3740  0.0000  PE_244
mesh_13_2                            1939.3920      0.2     1907.6400     31.7520  0.0000  PE_261
mesh_13_20                           1962.7020      0.2     1931.3280     31.3740  0.0000  PE_243
mesh_13_21                           1936.2420      0.2     1904.8680     31.3740  0.0000  PE_242
mesh_13_22                           1945.5660      0.2     1913.8140     31.7520  0.0000  PE_241
mesh_13_23                           1968.6240      0.2     1938.0060     30.6180  0.0000  PE_240
mesh_13_3                            1960.6860      0.2     1929.6900     30.9960  0.0000  PE_260
mesh_13_4                            1971.3960      0.2     1940.0220     31.3740  0.0000  PE_259
mesh_13_5                            1949.3460      0.2     1917.5940     31.7520  0.0000  PE_258
mesh_13_6                            1954.5120      0.2     1923.1380     31.3740  0.0000  PE_257
mesh_13_7                            1951.2360      0.2     1919.8620     31.3740  0.0000  PE_256
mesh_13_8                            1963.3320      0.2     1931.5800     31.7520  0.0000  PE_255
mesh_13_9                            1983.4920      0.2     1952.4960     30.9960  0.0000  PE_254
mesh_14_0                            2021.5440      0.2     1990.5480     30.9960  0.0000  PE_239
mesh_14_1                            1953.6300      0.2     1921.5000     32.1300  0.0000  PE_238
mesh_14_10                           1937.3760      0.2     1905.2460     32.1300  0.0000  PE_229
mesh_14_11                           1961.6940      0.2     1931.0760     30.6180  0.0000  PE_228
mesh_14_12                           1955.6460      0.2     1923.8940     31.7520  0.0000  PE_227
mesh_14_13                           1946.8260      0.2     1915.4520     31.3740  0.0000  PE_226
mesh_14_14                           1964.4660      0.2     1933.0920     31.3740  0.0000  PE_225
mesh_14_15                           1946.5740      0.2     1914.8220     31.7520  0.0000  PE_224
mesh_14_16                           1962.1980      0.2     1930.0680     32.1300  0.0000  PE_223
mesh_14_17                           1954.6380      0.2     1922.8860     31.7520  0.0000  PE_222
mesh_14_18                           1953.5040      0.2     1922.1300     31.3740  0.0000  PE_221
mesh_14_19                           1939.5180      0.2     1908.1440     31.3740  0.0000  PE_220
mesh_14_2                            1931.8320      0.2     1900.0800     31.7520  0.0000  PE_237
mesh_14_20                           1954.5120      0.2     1922.3820     32.1300  0.0000  PE_219
mesh_14_21                           1961.9460      0.2     1930.5720     31.3740  0.0000  PE_218
mesh_14_22                           1931.3280      0.2     1899.1980     32.1300  0.0000  PE_217
mesh_14_23                           1997.3520      0.2     1966.3560     30.9960  0.0000  PE_216
mesh_14_3                            1946.1960      0.2     1914.8220     31.3740  0.0000  PE_236
mesh_14_4                            1957.4100      0.2     1926.0360     31.3740  0.0000  PE_235
mesh_14_5                            1963.2060      0.2     1931.4540     31.7520  0.0000  PE_234
mesh_14_6                            1934.2260      0.2     1902.4740     31.7520  0.0000  PE_233
mesh_14_7                            1950.3540      0.2     1918.6020     31.7520  0.0000  PE_232
mesh_14_8                            1940.1480      0.2     1908.3960     31.7520  0.0000  PE_231
mesh_14_9                            1949.0940      0.2     1917.7200     31.3740  0.0000  PE_230
mesh_15_0                            2002.1400      0.2     1971.5220     30.6180  0.0000  PE_215
mesh_15_1                            1940.4000      0.2     1908.6480     31.7520  0.0000  PE_214
mesh_15_10                           1937.5020      0.2     1906.1280     31.3740  0.0000  PE_205
mesh_15_11                           1968.1200      0.2     1936.7460     31.3740  0.0000  PE_204
mesh_15_12                           1954.8900      0.2     1923.1380     31.7520  0.0000  PE_203
mesh_15_13                           1973.2860      0.2     1942.2900     30.9960  0.0000  PE_202
mesh_15_14                           1958.2920      0.2     1926.5400     31.7520  0.0000  PE_201
mesh_15_15                           1954.8900      0.2     1923.1380     31.7520  0.0000  PE_200
mesh_15_16                           1952.7480      0.2     1920.9960     31.7520  0.0000  PE_199
mesh_15_17                           1945.6920      0.2     1913.9400     31.7520  0.0000  PE_198
mesh_15_18                           1951.3620      0.2     1919.6100     31.7520  0.0000  PE_197
mesh_15_19                           1953.2520      0.2     1921.8780     31.3740  0.0000  PE_196
mesh_15_2                            1953.8820      0.2     1922.5080     31.3740  0.0000  PE_213
mesh_15_20                           1960.4340      0.2     1929.0600     31.3740  0.0000  PE_195
mesh_15_21                           1977.0660      0.2     1945.6920     31.3740  0.0000  PE_194
mesh_15_22                           1963.4580      0.2     1932.0840     31.3740  0.0000  PE_193
mesh_15_23                           1985.1300      0.2     1954.1340     30.9960  0.0000  PE_192
mesh_15_3                            1941.7860      0.2     1910.0340     31.7520  0.0000  PE_212
mesh_15_4                            1946.4480      0.2     1915.4520     30.9960  0.0000  PE_211
mesh_15_5                            1963.4580      0.2     1932.8400     30.6180  0.0000  PE_210
mesh_15_6                            1963.7100      0.2     1931.9580     31.7520  0.0000  PE_209
mesh_15_7                            1974.1680      0.2     1943.9280     30.2400  0.0000  PE_208
mesh_15_8                            1950.1020      0.2     1918.3500     31.7520  0.0000  PE_207
mesh_15_9                            1956.1500      0.2     1924.3980     31.7520  0.0000  PE_206
mesh_16_0                            2005.6680      0.2     1974.2940     31.3740  0.0000  PE_191
mesh_16_1                            1956.7800      0.2     1925.7840     30.9960  0.0000  PE_190
mesh_16_10                           1954.7640      0.2     1923.0120     31.7520  0.0000  PE_181
mesh_16_11                           1943.1720      0.2     1911.4200     31.7520  0.0000  PE_180
mesh_16_12                           1950.3540      0.2     1918.2240     32.1300  0.0000  PE_179
mesh_16_13                           1953.5040      0.2     1922.1300     31.3740  0.0000  PE_178
mesh_16_14                           1955.3940      0.2     1923.6420     31.7520  0.0000  PE_177
mesh_16_15                           1959.8040      0.2     1929.1860     30.6180  0.0000  PE_176
mesh_16_16                           1950.6060      0.2     1919.2320     31.3740  0.0000  PE_175
mesh_16_17                           1962.3240      0.2     1930.9500     31.3740  0.0000  PE_174
mesh_16_18                           1947.3300      0.2     1915.9560     31.3740  0.0000  PE_173
mesh_16_19                           1952.7480      0.2     1921.3740     31.3740  0.0000  PE_172
mesh_16_2                            1976.1840      0.2     1944.4320     31.7520  0.0000  PE_189
mesh_16_20                           1943.4240      0.2     1911.2940     32.1300  0.0000  PE_171
mesh_16_21                           1945.1880      0.2     1913.4360     31.7520  0.0000  PE_170
mesh_16_22                           1946.9520      0.2     1915.5780     31.3740  0.0000  PE_169
mesh_16_23                           1960.1820      0.2     1928.4300     31.7520  0.0000  PE_168
mesh_16_3                            1955.8980      0.2     1924.1460     31.7520  0.0000  PE_188
mesh_16_4                            1944.5580      0.2     1912.8060     31.7520  0.0000  PE_187
mesh_16_5                            1932.4620      0.2     1901.0880     31.3740  0.0000  PE_186
mesh_16_6                            1973.7900      0.2     1942.0380     31.7520  0.0000  PE_185
mesh_16_7                            1951.2360      0.2     1919.4840     31.7520  0.0000  PE_184
mesh_16_8                            1941.9120      0.2     1910.5380     31.3740  0.0000  PE_183
mesh_16_9                            1948.8420      0.2     1917.4680     31.3740  0.0000  PE_182
mesh_17_0                            2010.5820      0.2     1980.3420     30.2400  0.0000  PE_167
mesh_17_1                            1961.6940      0.2     1929.9420     31.7520  0.0000  PE_166
mesh_17_10                           1949.5980      0.2     1918.2240     31.3740  0.0000  PE_157
mesh_17_11                           1950.7320      0.2     1919.3580     31.3740  0.0000  PE_156
mesh_17_12                           1964.4660      0.2     1932.7140     31.7520  0.0000  PE_155
mesh_17_13                           1949.0940      0.2     1918.0980     30.9960  0.0000  PE_154
mesh_17_14                           1945.0620      0.2     1913.6880     31.3740  0.0000  PE_153
mesh_17_15                           1952.3700      0.2     1920.6180     31.7520  0.0000  PE_152
mesh_17_16                           1960.9380      0.2     1929.5640     31.3740  0.0000  PE_151
mesh_17_17                           1962.7020      0.2     1930.9500     31.7520  0.0000  PE_150
mesh_17_18                           1940.1480      0.2     1908.0180     32.1300  0.0000  PE_149
mesh_17_19                           1968.8760      0.2     1937.1240     31.7520  0.0000  PE_148
mesh_17_2                            1957.5360      0.2     1925.7840     31.7520  0.0000  PE_165
mesh_17_20                           1941.1560      0.2     1909.4040     31.7520  0.0000  PE_147
mesh_17_21                           1948.5900      0.2     1916.8380     31.7520  0.0000  PE_146
mesh_17_22                           1955.2680      0.2     1923.8940     31.3740  0.0000  PE_145
mesh_17_23                           1987.3980      0.2     1956.4020     30.9960  0.0000  PE_144
mesh_17_3                            1951.9920      0.2     1921.3740     30.6180  0.0000  PE_164
mesh_17_4                            1953.8820      0.2     1922.1300     31.7520  0.0000  PE_163
mesh_17_5                            1940.4000      0.2     1908.2700     32.1300  0.0000  PE_162
mesh_17_6                            1954.7640      0.2     1923.3900     31.3740  0.0000  PE_161
mesh_17_7                            1947.0780      0.2     1915.3260     31.7520  0.0000  PE_160
mesh_17_8                            1942.2900      0.2     1910.1600     32.1300  0.0000  PE_159
mesh_17_9                            1947.0780      0.2     1915.7040     31.3740  0.0000  PE_158
mesh_18_0                            1995.3360      0.2     1964.3400     30.9960  0.0000  PE_143
mesh_18_1                            1953.8820      0.2     1922.5080     31.3740  0.0000  PE_142
mesh_18_10                           1943.4240      0.2     1911.6720     31.7520  0.0000  PE_133
mesh_18_11                           1949.4720      0.2     1918.0980     31.3740  0.0000  PE_132
mesh_18_12                           1947.5820      0.2     1916.2080     31.3740  0.0000  PE_131
mesh_18_13                           1968.2460      0.2     1936.8720     31.3740  0.0000  PE_130
mesh_18_14                           1945.0620      0.2     1913.6880     31.3740  0.0000  PE_129
mesh_18_15                           1950.3540      0.2     1918.6020     31.7520  0.0000  PE_128
mesh_18_16                           1953.1260      0.2     1921.7520     31.3740  0.0000  PE_127
mesh_18_17                           1952.6220      0.2     1920.8700     31.7520  0.0000  PE_126
mesh_18_18                           1944.6840      0.2     1912.5540     32.1300  0.0000  PE_125
mesh_18_19                           1969.7580      0.2     1938.0060     31.7520  0.0000  PE_124
mesh_18_2                            1947.3300      0.2     1915.9560     31.3740  0.0000  PE_141
mesh_18_20                           1951.7400      0.2     1919.9880     31.7520  0.0000  PE_123
mesh_18_21                           1959.0480      0.2     1928.0520     30.9960  0.0000  PE_122
mesh_18_22                           1971.6480      0.2     1940.2740     31.3740  0.0000  PE_121
mesh_18_23                           1996.2180      0.2     1965.2220     30.9960  0.0000  PE_120
mesh_18_3                            1955.1420      0.2     1923.7680     31.3740  0.0000  PE_140
mesh_18_4                            1955.7720      0.2     1924.0200     31.7520  0.0000  PE_139
mesh_18_5                            1957.0320      0.2     1925.6580     31.3740  0.0000  PE_138
mesh_18_6                            1956.6540      0.2     1924.5240     32.1300  0.0000  PE_137
mesh_18_7                            1944.5580      0.2     1912.8060     31.7520  0.0000  PE_136
mesh_18_8                            1963.4580      0.2     1931.3280     32.1300  0.0000  PE_135
mesh_18_9                            1956.9060      0.2     1925.5320     31.3740  0.0000  PE_134
mesh_19_0                            2016.2520      0.2     1985.2560     30.9960  0.0000  PE_119
mesh_19_1                            1945.1880      0.2     1913.8140     31.3740  0.0000  PE_118
mesh_19_10                           1945.1880      0.2     1913.4360     31.7520  0.0000  PE_109
mesh_19_11                           1966.3560      0.2     1935.3600     30.9960  0.0000  PE_108
mesh_19_12                           1947.2040      0.2     1915.4520     31.7520  0.0000  PE_107
mesh_19_13                           1949.8500      0.2     1919.2320     30.6180  0.0000  PE_106
mesh_19_14                           1946.7000      0.2     1915.3260     31.3740  0.0000  PE_105
mesh_19_15                           1958.4180      0.2     1927.0440     31.3740  0.0000  PE_104
mesh_19_16                           1983.2400      0.2     1951.4880     31.7520  0.0000  PE_103
mesh_19_17                           1953.6300      0.2     1922.2560     31.3740  0.0000  PE_102
mesh_19_18                           1948.8420      0.2     1917.4680     31.3740  0.0000  PE_101
mesh_19_19                           1964.2140      0.2     1932.0840     32.1300  0.0000  PE_100
mesh_19_2                            1949.2200      0.2     1917.4680     31.7520  0.0000  PE_117
mesh_19_20                           1947.5820      0.2     1916.5860     30.9960  0.0000  PE_99
mesh_19_21                           1948.8420      0.2     1917.4680     31.3740  0.0000  PE_98
mesh_19_22                           1948.0860      0.2     1916.3340     31.7520  0.0000  PE_97
mesh_19_23                           2013.6060      0.2     1982.6100     30.9960  0.0000  PE_96
mesh_19_3                            1954.0080      0.2     1922.2560     31.7520  0.0000  PE_116
mesh_19_4                            1955.3940      0.2     1924.0200     31.3740  0.0000  PE_115
mesh_19_5                            1970.6400      0.2     1939.6440     30.9960  0.0000  PE_114
mesh_19_6                            1941.6600      0.2     1910.2860     31.3740  0.0000  PE_113
mesh_19_7                            1948.8420      0.2     1917.0900     31.7520  0.0000  PE_112
mesh_19_8                            1954.1340      0.2     1922.0040     32.1300  0.0000  PE_111
mesh_19_9                            1942.9200      0.2     1911.5460     31.3740  0.0000  PE_110
mesh_1_0                             2019.6540      0.2     1988.6580     30.9960  0.0000  PE_551
mesh_1_1                             1955.5200      0.2     1924.9020     30.6180  0.0000  PE_550
mesh_1_10                            1950.1020      0.2     1918.7280     31.3740  0.0000  PE_541
mesh_1_11                            1968.2460      0.2     1937.2500     30.9960  0.0000  PE_540
mesh_1_12                            1940.9040      0.2     1908.3960     32.5080  0.0000  PE_539
mesh_1_13                            1957.1580      0.2     1925.4060     31.7520  0.0000  PE_538
mesh_1_14                            1952.8740      0.2     1920.7440     32.1300  0.0000  PE_537
mesh_1_15                            1963.0800      0.2     1931.3280     31.7520  0.0000  PE_536
mesh_1_16                            1954.7640      0.2     1923.7680     30.9960  0.0000  PE_535
mesh_1_17                            1969.6320      0.2     1938.2580     31.3740  0.0000  PE_534
mesh_1_18                            1934.2260      0.2     1902.0960     32.1300  0.0000  PE_533
mesh_1_19                            1954.1340      0.2     1922.3820     31.7520  0.0000  PE_532
mesh_1_2                             1954.3860      0.2     1922.6340     31.7520  0.0000  PE_549
mesh_1_20                            1942.9200      0.2     1911.5460     31.3740  0.0000  PE_531
mesh_1_21                            1947.9600      0.2     1916.5860     31.3740  0.0000  PE_530
mesh_1_22                            1945.0620      0.2     1913.3100     31.7520  0.0000  PE_529
mesh_1_23                            2005.7940      0.2     1974.7980     30.9960  0.0000  PE_528
mesh_1_3                             1961.9460      0.2     1930.5720     31.3740  0.0000  PE_548
mesh_1_4                             1954.1340      0.2     1922.7600     31.3740  0.0000  PE_547
mesh_1_5                             1950.6060      0.2     1919.2320     31.3740  0.0000  PE_546
mesh_1_6                             1944.6840      0.2     1912.9320     31.7520  0.0000  PE_545
mesh_1_7                             1965.0960      0.2     1933.3440     31.7520  0.0000  PE_544
mesh_1_8                             1939.0140      0.2     1906.8840     32.1300  0.0000  PE_543
mesh_1_9                             1965.3480      0.2     1934.3520     30.9960  0.0000  PE_542
mesh_20_0                            1995.9660      0.2     1964.5920     31.3740  0.0000  PE_95
mesh_20_1                            1949.3460      0.2     1917.5940     31.7520  0.0000  PE_94
mesh_20_10                           1971.9000      0.2     1940.5260     31.3740  0.0000  PE_85
mesh_20_11                           1954.6380      0.2     1923.2640     31.3740  0.0000  PE_84
mesh_20_12                           1960.9380      0.2     1929.1860     31.7520  0.0000  PE_83
mesh_20_13                           1946.7000      0.2     1914.9480     31.7520  0.0000  PE_82
mesh_20_14                           1968.4980      0.2     1937.1240     31.3740  0.0000  PE_81
mesh_20_15                           1948.9680      0.2     1917.2160     31.7520  0.0000  PE_80
mesh_20_16                           1943.1720      0.2     1911.7980     31.3740  0.0000  PE_79
mesh_20_17                           1953.5040      0.2     1922.1300     31.3740  0.0000  PE_78
mesh_20_18                           1964.9700      0.2     1932.8400     32.1300  0.0000  PE_77
mesh_20_19                           1969.0020      0.2     1937.2500     31.7520  0.0000  PE_76
mesh_20_2                            1951.9920      0.2     1920.2400     31.7520  0.0000  PE_93
mesh_20_20                           1960.6860      0.2     1928.9340     31.7520  0.0000  PE_75
mesh_20_21                           1946.3220      0.2     1914.5700     31.7520  0.0000  PE_74
mesh_20_22                           1961.0640      0.2     1929.6900     31.3740  0.0000  PE_73
mesh_20_23                           1983.7440      0.2     1952.7480     30.9960  0.0000  PE_72
mesh_20_3                            1956.0240      0.2     1924.2720     31.7520  0.0000  PE_92
mesh_20_4                            1954.2600      0.2     1922.8860     31.3740  0.0000  PE_91
mesh_20_5                            1947.3300      0.2     1915.9560     31.3740  0.0000  PE_90
mesh_20_6                            1939.2660      0.2     1907.5140     31.7520  0.0000  PE_89
mesh_20_7                            1949.8500      0.2     1918.4760     31.3740  0.0000  PE_88
mesh_20_8                            1931.4540      0.2     1900.0800     31.3740  0.0000  PE_87
mesh_20_9                            1941.2820      0.2     1909.9080     31.3740  0.0000  PE_86
mesh_21_0                            2021.5440      0.2     1991.3040     30.2400  0.0000  PE_71
mesh_21_1                            1936.4940      0.2     1905.1200     31.3740  0.0000  PE_70
mesh_21_10                           1951.8660      0.2     1920.4920     31.3740  0.0000  PE_61
mesh_21_11                           1945.3140      0.2     1913.9400     31.3740  0.0000  PE_60
mesh_21_12                           1965.2220      0.2     1933.8480     31.3740  0.0000  PE_59
mesh_21_13                           1948.3380      0.2     1916.2080     32.1300  0.0000  PE_58
mesh_21_14                           1949.4720      0.2     1917.7200     31.7520  0.0000  PE_57
mesh_21_15                           1954.3860      0.2     1922.6340     31.7520  0.0000  PE_56
mesh_21_16                           1951.7400      0.2     1919.9880     31.7520  0.0000  PE_55
mesh_21_17                           1950.8580      0.2     1919.4840     31.3740  0.0000  PE_54
mesh_21_18                           1939.8960      0.2     1907.7660     32.1300  0.0000  PE_53
mesh_21_19                           1956.5280      0.2     1925.1540     31.3740  0.0000  PE_52
mesh_21_2                            1942.6680      0.2     1910.9160     31.7520  0.0000  PE_69
mesh_21_20                           1955.8980      0.2     1924.5240     31.3740  0.0000  PE_51
mesh_21_21                           1937.1240      0.2     1905.3720     31.7520  0.0000  PE_50
mesh_21_22                           1969.5060      0.2     1938.1320     31.3740  0.0000  PE_49
mesh_21_23                           1992.9420      0.2     1961.9460     30.9960  0.0000  PE_48
mesh_21_3                            1958.6700      0.2     1927.2960     31.3740  0.0000  PE_68
mesh_21_4                            1958.6700      0.2     1927.2960     31.3740  0.0000  PE_67
mesh_21_5                            1976.0580      0.2     1944.3060     31.7520  0.0000  PE_66
mesh_21_6                            1958.4180      0.2     1927.0440     31.3740  0.0000  PE_65
mesh_21_7                            1962.8280      0.2     1930.6980     32.1300  0.0000  PE_64
mesh_21_8                            1962.5760      0.2     1930.8240     31.7520  0.0000  PE_63
mesh_21_9                            1951.2360      0.2     1919.8620     31.3740  0.0000  PE_62
mesh_22_0                            2027.9700      0.2     1997.3520     30.6180  0.0000  PE_47
mesh_22_1                            1949.7240      0.2     1917.9720     31.7520  0.0000  PE_46
mesh_22_10                           1952.7480      0.2     1920.9960     31.7520  0.0000  PE_37
mesh_22_11                           1952.1180      0.2     1921.1220     30.9960  0.0000  PE_36
mesh_22_12                           1954.3860      0.2     1922.6340     31.7520  0.0000  PE_35
mesh_22_13                           1966.8600      0.2     1935.8640     30.9960  0.0000  PE_34
mesh_22_14                           1971.6480      0.2     1940.2740     31.3740  0.0000  PE_33
mesh_22_15                           1939.5180      0.2     1907.7660     31.7520  0.0000  PE_32
mesh_22_16                           1945.1880      0.2     1914.1920     30.9960  0.0000  PE_31
mesh_22_17                           1953.7560      0.2     1922.3820     31.3740  0.0000  PE_30
mesh_22_18                           1958.2920      0.2     1926.5400     31.7520  0.0000  PE_29
mesh_22_19                           1942.7940      0.2     1911.0420     31.7520  0.0000  PE_28
mesh_22_2                            1975.9320      0.2     1944.1800     31.7520  0.0000  PE_45
mesh_22_20                           1962.1980      0.2     1930.0680     32.1300  0.0000  PE_27
mesh_22_21                           1951.8660      0.2     1919.7360     32.1300  0.0000  PE_26
mesh_22_22                           1956.9060      0.2     1925.9100     30.9960  0.0000  PE_25
mesh_22_23                           2001.0060      0.2     1969.6320     31.3740  0.0000  PE_24
mesh_22_3                            1970.1360      0.2     1938.0060     32.1300  0.0000  PE_44
mesh_22_4                            1948.4640      0.2     1916.7120     31.7520  0.0000  PE_43
mesh_22_5                            1939.2660      0.2     1907.8920     31.3740  0.0000  PE_42
mesh_22_6                            1960.6860      0.2     1928.9340     31.7520  0.0000  PE_41
mesh_22_7                            1962.4500      0.2     1931.0760     31.3740  0.0000  PE_40
mesh_22_8                            1945.8180      0.2     1914.4440     31.3740  0.0000  PE_39
mesh_22_9                            1951.7400      0.2     1919.9880     31.7520  0.0000  PE_38
mesh_23_0                            2004.2820      0.2     1972.5300     31.7520  0.0000  PE_23
mesh_23_1                            1944.6840      0.2     1913.3100     31.3740  0.0000  PE_22
mesh_23_10                           1941.7860      0.2     1910.4120     31.3740  0.0000  PE_13
mesh_23_11                           1956.0240      0.2     1924.2720     31.7520  0.0000  PE_12
mesh_23_12                           1957.0320      0.2     1925.2800     31.7520  0.0000  PE_11
mesh_23_13                           1945.9440      0.2     1914.1920     31.7520  0.0000  PE_10
mesh_23_14                           1947.5820      0.2     1916.2080     31.3740  0.0000  PE_9
mesh_23_15                           1958.4180      0.2     1927.0440     31.3740  0.0000  PE_8
mesh_23_16                           1969.1280      0.2     1936.9980     32.1300  0.0000  PE_7
mesh_23_17                           1950.7320      0.2     1918.9800     31.7520  0.0000  PE_6
mesh_23_18                           1944.3060      0.2     1912.5540     31.7520  0.0000  PE_5
mesh_23_19                           1947.0780      0.2     1915.7040     31.3740  0.0000  PE_4
mesh_23_2                            1962.9540      0.2     1931.2020     31.7520  0.0000  PE_21
mesh_23_20                           1942.6680      0.2     1910.9160     31.7520  0.0000  PE_3
mesh_23_21                           1950.4800      0.2     1919.1060     31.3740  0.0000  PE_2
mesh_23_22                           1952.6220      0.2     1921.2480     31.3740  0.0000  PE_1
mesh_23_23                           1990.2960      0.2     1959.3000     30.9960  0.0000  PE_0
mesh_23_3                            1952.8740      0.2     1921.1220     31.7520  0.0000  PE_20
mesh_23_4                            1947.0780      0.2     1915.7040     31.3740  0.0000  PE_19
mesh_23_5                            1954.0080      0.2     1922.6340     31.3740  0.0000  PE_18
mesh_23_6                            1957.7880      0.2     1926.4140     31.3740  0.0000  PE_17
mesh_23_7                            1926.7920      0.2     1895.7960     30.9960  0.0000  PE_16
mesh_23_8                            1954.2600      0.2     1922.8860     31.3740  0.0000  PE_15
mesh_23_9                            1939.6440      0.2     1908.2700     31.3740  0.0000  PE_14
mesh_2_0                             2010.7080      0.2     1979.7120     30.9960  0.0000  PE_527
mesh_2_1                             1962.1980      0.2     1930.4460     31.7520  0.0000  PE_526
mesh_2_10                            1952.7480      0.2     1921.7520     30.9960  0.0000  PE_517
mesh_2_11                            1949.4720      0.2     1917.7200     31.7520  0.0000  PE_516
mesh_2_12                            1958.4180      0.2     1926.6660     31.7520  0.0000  PE_515
mesh_2_13                            1959.3000      0.2     1928.3040     30.9960  0.0000  PE_514
mesh_2_14                            1946.7000      0.2     1915.7040     30.9960  0.0000  PE_513
mesh_2_15                            1953.7560      0.2     1922.3820     31.3740  0.0000  PE_512
mesh_2_16                            1953.8820      0.2     1922.5080     31.3740  0.0000  PE_511
mesh_2_17                            1960.5600      0.2     1928.8080     31.7520  0.0000  PE_510
mesh_2_18                            1941.1560      0.2     1909.4040     31.7520  0.0000  PE_509
mesh_2_19                            1946.9520      0.2     1915.2000     31.7520  0.0000  PE_508
mesh_2_2                             1941.4080      0.2     1910.0340     31.3740  0.0000  PE_525
mesh_2_20                            1944.8100      0.2     1913.0580     31.7520  0.0000  PE_507
mesh_2_21                            1949.4720      0.2     1918.0980     31.3740  0.0000  PE_506
mesh_2_22                            1965.9780      0.2     1934.6040     31.3740  0.0000  PE_505
mesh_2_23                            2004.7860      0.2     1973.7900     30.9960  0.0000  PE_504
mesh_2_3                             1965.3480      0.2     1933.9740     31.3740  0.0000  PE_524
mesh_2_4                             1957.4100      0.2     1925.6580     31.7520  0.0000  PE_523
mesh_2_5                             1956.2760      0.2     1924.5240     31.7520  0.0000  PE_522
mesh_2_6                             1951.3620      0.2     1919.9880     31.3740  0.0000  PE_521
mesh_2_7                             1942.2900      0.2     1910.9160     31.3740  0.0000  PE_520
mesh_2_8                             1950.4800      0.2     1918.7280     31.7520  0.0000  PE_519
mesh_2_9                             1947.5820      0.2     1916.5860     30.9960  0.0000  PE_518
mesh_3_0                             2002.7700      0.2     1972.5300     30.2400  0.0000  PE_503
mesh_3_1                             1938.1320      0.2     1906.7580     31.3740  0.0000  PE_502
mesh_3_10                            1953.2520      0.2     1921.5000     31.7520  0.0000  PE_493
mesh_3_11                            1962.0720      0.2     1930.3200     31.7520  0.0000  PE_492
mesh_3_12                            1960.1820      0.2     1928.8080     31.3740  0.0000  PE_491
mesh_3_13                            1939.8960      0.2     1908.5220     31.3740  0.0000  PE_490
mesh_3_14                            1973.5380      0.2     1941.7860     31.7520  0.0000  PE_489
mesh_3_15                            1950.2280      0.2     1919.2320     30.9960  0.0000  PE_488
mesh_3_16                            1934.6040      0.2     1903.2300     31.3740  0.0000  PE_487
mesh_3_17                            1947.8340      0.2     1916.0820     31.7520  0.0000  PE_486
mesh_3_18                            1965.9780      0.2     1934.2260     31.7520  0.0000  PE_485
mesh_3_19                            1964.3400      0.2     1932.5880     31.7520  0.0000  PE_484
mesh_3_2                             1956.4020      0.2     1924.6500     31.7520  0.0000  PE_501
mesh_3_20                            1957.1580      0.2     1925.4060     31.7520  0.0000  PE_483
mesh_3_21                            1956.6540      0.2     1924.9020     31.7520  0.0000  PE_482
mesh_3_22                            1953.7560      0.2     1922.0040     31.7520  0.0000  PE_481
mesh_3_23                            1995.7140      0.2     1965.0960     30.6180  0.0000  PE_480
mesh_3_3                             1958.4180      0.2     1926.6660     31.7520  0.0000  PE_500
mesh_3_4                             1963.9620      0.2     1932.5880     31.3740  0.0000  PE_499
mesh_3_5                             1950.7320      0.2     1919.3580     31.3740  0.0000  PE_498
mesh_3_6                             1948.5900      0.2     1916.4600     32.1300  0.0000  PE_497
mesh_3_7                             1944.8100      0.2     1913.4360     31.3740  0.0000  PE_496
mesh_3_8                             1946.0700      0.2     1914.6960     31.3740  0.0000  PE_495
mesh_3_9                             1937.6280      0.2     1906.2540     31.3740  0.0000  PE_494
mesh_4_0                             2007.3060      0.2     1976.3100     30.9960  0.0000  PE_479
mesh_4_1                             1954.7640      0.2     1923.3900     31.3740  0.0000  PE_478
mesh_4_10                            1965.2220      0.2     1933.8480     31.3740  0.0000  PE_469
mesh_4_11                            1939.2660      0.2     1907.8920     31.3740  0.0000  PE_468
mesh_4_12                            1961.1900      0.2     1929.8160     31.3740  0.0000  PE_467
mesh_4_13                            1949.4720      0.2     1917.7200     31.7520  0.0000  PE_466
mesh_4_14                            1931.3280      0.2     1899.5760     31.7520  0.0000  PE_465
mesh_4_15                            1952.3700      0.2     1920.6180     31.7520  0.0000  PE_464
mesh_4_16                            1950.3540      0.2     1918.2240     32.1300  0.0000  PE_463
mesh_4_17                            1958.1660      0.2     1926.7920     31.3740  0.0000  PE_462
mesh_4_18                            1953.1260      0.2     1921.3740     31.7520  0.0000  PE_461
mesh_4_19                            1955.8980      0.2     1923.7680     32.1300  0.0000  PE_460
mesh_4_2                             1948.3380      0.2     1916.9640     31.3740  0.0000  PE_477
mesh_4_20                            1941.6600      0.2     1909.9080     31.7520  0.0000  PE_459
mesh_4_21                            1946.3220      0.2     1914.5700     31.7520  0.0000  PE_458
mesh_4_22                            1950.8580      0.2     1919.4840     31.3740  0.0000  PE_457
mesh_4_23                            1967.7420      0.2     1936.3680     31.3740  0.0000  PE_456
mesh_4_3                             1943.2980      0.2     1911.5460     31.7520  0.0000  PE_476
mesh_4_4                             1950.6060      0.2     1919.2320     31.3740  0.0000  PE_475
mesh_4_5                             1939.2660      0.2     1907.8920     31.3740  0.0000  PE_474
mesh_4_6                             1944.1800      0.2     1912.0500     32.1300  0.0000  PE_473
mesh_4_7                             1946.0700      0.2     1914.3180     31.7520  0.0000  PE_472
mesh_4_8                             1947.9600      0.2     1916.2080     31.7520  0.0000  PE_471
mesh_4_9                             1959.8040      0.2     1928.4300     31.3740  0.0000  PE_470
mesh_5_0                             2012.5980      0.2     1981.2240     31.3740  0.0000  PE_455
mesh_5_1                             1961.1900      0.2     1930.1940     30.9960  0.0000  PE_454
mesh_5_10                            1959.3000      0.2     1927.5480     31.7520  0.0000  PE_445
mesh_5_11                            1944.1800      0.2     1913.1840     30.9960  0.0000  PE_444
mesh_5_12                            1967.7420      0.2     1935.9900     31.7520  0.0000  PE_443
mesh_5_13                            1937.2500      0.2     1905.8760     31.3740  0.0000  PE_442
mesh_5_14                            1961.1900      0.2     1929.0600     32.1300  0.0000  PE_441
mesh_5_15                            1963.4580      0.2     1932.4620     30.9960  0.0000  PE_440
mesh_5_16                            1941.2820      0.2     1909.1520     32.1300  0.0000  PE_439
mesh_5_17                            1971.7740      0.2     1940.4000     31.3740  0.0000  PE_438
mesh_5_18                            1959.8040      0.2     1928.0520     31.7520  0.0000  PE_437
mesh_5_19                            1959.1740      0.2     1928.1780     30.9960  0.0000  PE_436
mesh_5_2                             1967.1120      0.2     1935.3600     31.7520  0.0000  PE_453
mesh_5_20                            1938.8880      0.2     1907.1360     31.7520  0.0000  PE_435
mesh_5_21                            1942.9200      0.2     1911.1680     31.7520  0.0000  PE_434
mesh_5_22                            1952.3700      0.2     1920.9960     31.3740  0.0000  PE_433
mesh_5_23                            1974.4200      0.2     1943.0460     31.3740  0.0000  PE_432
mesh_5_3                             1938.2580      0.2     1907.2620     30.9960  0.0000  PE_452
mesh_5_4                             1939.1400      0.2     1907.7660     31.3740  0.0000  PE_451
mesh_5_5                             1961.5680      0.2     1930.1940     31.3740  0.0000  PE_450
mesh_5_6                             1971.9000      0.2     1940.5260     31.3740  0.0000  PE_449
mesh_5_7                             1969.5060      0.2     1938.1320     31.3740  0.0000  PE_448
mesh_5_8                             1959.5520      0.2     1927.8000     31.7520  0.0000  PE_447
mesh_5_9                             1941.7860      0.2     1910.0340     31.7520  0.0000  PE_446
mesh_6_0                             2013.8580      0.2     1982.8620     30.9960  0.0000  PE_431
mesh_6_1                             1938.6360      0.2     1906.8840     31.7520  0.0000  PE_430
mesh_6_10                            1967.2380      0.2     1935.4860     31.7520  0.0000  PE_421
mesh_6_11                            1944.1800      0.2     1912.0500     32.1300  0.0000  PE_420
mesh_6_12                            1971.9000      0.2     1940.5260     31.3740  0.0000  PE_419
mesh_6_13                            1950.9840      0.2     1919.2320     31.7520  0.0000  PE_418
mesh_6_14                            1963.4580      0.2     1932.0840     31.3740  0.0000  PE_417
mesh_6_15                            1936.6200      0.2     1904.8680     31.7520  0.0000  PE_416
mesh_6_16                            1950.2280      0.2     1918.8540     31.3740  0.0000  PE_415
mesh_6_17                            1949.2200      0.2     1917.4680     31.7520  0.0000  PE_414
mesh_6_18                            1951.7400      0.2     1920.3660     31.3740  0.0000  PE_413
mesh_6_19                            1942.2900      0.2     1910.5380     31.7520  0.0000  PE_412
mesh_6_2                             1943.1720      0.2     1911.7980     31.3740  0.0000  PE_429
mesh_6_20                            1951.1100      0.2     1919.7360     31.3740  0.0000  PE_411
mesh_6_21                            1946.4480      0.2     1915.4520     30.9960  0.0000  PE_410
mesh_6_22                            1940.4000      0.2     1908.2700     32.1300  0.0000  PE_409
mesh_6_23                            2000.2500      0.2     1969.6320     30.6180  0.0000  PE_408
mesh_6_3                             1953.0000      0.2     1921.6260     31.3740  0.0000  PE_428
mesh_6_4                             1952.1180      0.2     1920.3660     31.7520  0.0000  PE_427
mesh_6_5                             1949.7240      0.2     1917.9720     31.7520  0.0000  PE_426
mesh_6_6                             1941.9120      0.2     1910.1600     31.7520  0.0000  PE_425
mesh_6_7                             1949.2200      0.2     1917.8460     31.3740  0.0000  PE_424
mesh_6_8                             1947.3300      0.2     1915.5780     31.7520  0.0000  PE_423
mesh_6_9                             1960.4340      0.2     1929.4380     30.9960  0.0000  PE_422
mesh_7_0                             2008.4400      0.2     1977.8220     30.6180  0.0000  PE_407
mesh_7_1                             1940.6520      0.2     1908.9000     31.7520  0.0000  PE_406
mesh_7_10                            1960.9380      0.2     1929.5640     31.3740  0.0000  PE_397
mesh_7_11                            1956.9060      0.2     1925.1540     31.7520  0.0000  PE_396
mesh_7_12                            1954.5120      0.2     1922.7600     31.7520  0.0000  PE_395
mesh_7_13                            1939.8960      0.2     1908.5220     31.3740  0.0000  PE_394
mesh_7_14                            1942.7940      0.2     1910.6640     32.1300  0.0000  PE_393
mesh_7_15                            1963.8360      0.2     1932.4620     31.3740  0.0000  PE_392
mesh_7_16                            1973.2860      0.2     1941.5340     31.7520  0.0000  PE_391
mesh_7_17                            1966.9860      0.2     1935.2340     31.7520  0.0000  PE_390
mesh_7_18                            1949.4720      0.2     1918.4760     30.9960  0.0000  PE_389
mesh_7_19                            1947.9600      0.2     1916.2080     31.7520  0.0000  PE_388
mesh_7_2                             1946.0700      0.2     1914.3180     31.7520  0.0000  PE_405
mesh_7_20                            1962.1980      0.2     1930.0680     32.1300  0.0000  PE_387
mesh_7_21                            1960.8120      0.2     1929.8160     30.9960  0.0000  PE_386
mesh_7_22                            1952.3700      0.2     1920.2400     32.1300  0.0000  PE_385
mesh_7_23                            1984.2480      0.2     1952.4960     31.7520  0.0000  PE_384
mesh_7_3                             1961.3160      0.2     1929.9420     31.3740  0.0000  PE_404
mesh_7_4                             1956.0240      0.2     1924.2720     31.7520  0.0000  PE_403
mesh_7_5                             1949.8500      0.2     1918.4760     31.3740  0.0000  PE_402
mesh_7_6                             1944.0540      0.2     1912.6800     31.3740  0.0000  PE_401
mesh_7_7                             1962.4500      0.2     1931.0760     31.3740  0.0000  PE_400
mesh_7_8                             1963.9620      0.2     1932.5880     31.3740  0.0000  PE_399
mesh_7_9                             1945.9440      0.2     1914.5700     31.3740  0.0000  PE_398
mesh_8_0                             2013.6060      0.2     1982.6100     30.9960  0.0000  PE_383
mesh_8_1                             1944.0540      0.2     1912.6800     31.3740  0.0000  PE_382
mesh_8_10                            1950.3540      0.2     1918.6020     31.7520  0.0000  PE_373
mesh_8_11                            1943.9280      0.2     1912.1760     31.7520  0.0000  PE_372
mesh_8_12                            1958.0400      0.2     1926.6660     31.3740  0.0000  PE_371
mesh_8_13                            1963.7100      0.2     1931.9580     31.7520  0.0000  PE_370
mesh_8_14                            1938.3840      0.2     1906.2540     32.1300  0.0000  PE_369
mesh_8_15                            1949.3460      0.2     1917.5940     31.7520  0.0000  PE_368
mesh_8_16                            1961.8200      0.2     1929.6900     32.1300  0.0000  PE_367
mesh_8_17                            1953.8820      0.2     1922.1300     31.7520  0.0000  PE_366
mesh_8_18                            1960.1820      0.2     1928.4300     31.7520  0.0000  PE_365
mesh_8_19                            1937.7540      0.2     1906.3800     31.3740  0.0000  PE_364
mesh_8_2                             1952.2440      0.2     1920.8700     31.3740  0.0000  PE_381
mesh_8_20                            1950.9840      0.2     1919.6100     31.3740  0.0000  PE_363
mesh_8_21                            1958.2920      0.2     1926.5400     31.7520  0.0000  PE_362
mesh_8_22                            1962.3240      0.2     1930.9500     31.3740  0.0000  PE_361
mesh_8_23                            1977.8220      0.2     1946.8260     30.9960  0.0000  PE_360
mesh_8_3                             1965.3480      0.2     1933.2180     32.1300  0.0000  PE_380
mesh_8_4                             1963.3320      0.2     1931.9580     31.3740  0.0000  PE_379
mesh_8_5                             1966.3560      0.2     1934.2260     32.1300  0.0000  PE_378
mesh_8_6                             1950.2280      0.2     1918.8540     31.3740  0.0000  PE_377
mesh_8_7                             1947.4560      0.2     1915.7040     31.7520  0.0000  PE_376
mesh_8_8                             1959.0480      0.2     1927.2960     31.7520  0.0000  PE_375
mesh_8_9                             1945.5660      0.2     1914.5700     30.9960  0.0000  PE_374
mesh_9_0                             2008.1880      0.2     1977.1920     30.9960  0.0000  PE_359
mesh_9_1                             1951.3620      0.2     1919.9880     31.3740  0.0000  PE_358
mesh_9_10                            1953.8820      0.2     1921.7520     32.1300  0.0000  PE_349
mesh_9_11                            1947.9600      0.2     1916.5860     31.3740  0.0000  PE_348
mesh_9_12                            1939.8960      0.2     1908.1440     31.7520  0.0000  PE_347
mesh_9_13                            1944.6840      0.2     1912.5540     32.1300  0.0000  PE_346
mesh_9_14                            1939.6440      0.2     1908.2700     31.3740  0.0000  PE_345
mesh_9_15                            1939.3920      0.2     1908.3960     30.9960  0.0000  PE_344
mesh_9_16                            1965.7260      0.2     1933.9740     31.7520  0.0000  PE_343
mesh_9_17                            1954.8900      0.2     1923.1380     31.7520  0.0000  PE_342
mesh_9_18                            1964.8440      0.2     1933.0920     31.7520  0.0000  PE_341
mesh_9_19                            1974.1680      0.2     1943.1720     30.9960  0.0000  PE_340
mesh_9_2                             1946.7000      0.2     1915.3260     31.3740  0.0000  PE_357
mesh_9_20                            1949.7240      0.2     1918.3500     31.3740  0.0000  PE_339
mesh_9_21                            1955.8980      0.2     1924.1460     31.7520  0.0000  PE_338
mesh_9_22                            1938.3840      0.2     1906.6320     31.7520  0.0000  PE_337
mesh_9_23                            1984.8780      0.2     1953.8820     30.9960  0.0000  PE_336
mesh_9_3                             1953.3780      0.2     1921.2480     32.1300  0.0000  PE_356
mesh_9_4                             1973.2860      0.2     1941.5340     31.7520  0.0000  PE_355
mesh_9_5                             1943.0460      0.2     1911.6720     31.3740  0.0000  PE_354
mesh_9_6                             1956.2760      0.2     1924.9020     31.3740  0.0000  PE_353
mesh_9_7                             1958.1660      0.2     1926.4140     31.7520  0.0000  PE_352
mesh_9_8                             1947.8340      0.2     1916.4600     31.3740  0.0000  PE_351
mesh_9_9                             1965.7260      0.2     1933.9740     31.7520  0.0000  PE_350
--------------------------------  ------------  -------  ------------  ----------  ------  ---------
Total                                                    1117099.4924  72051.8390  0.0000

1
