 
****************************************
Report : area
Design : SystolicArray
Version: V-2023.12
Date   : Mon Apr  6 09:24:39 2026
****************************************

Library(s) Used:

    tcbn28hpcplusbwp30p140ffg0p99v0c_ccs (File: /hpc/Tech/TSMC/digital/N28/digital/Front_End/timing_power_noise/CCS/tcbn28hpcplusbwp30p140_180a/tcbn28hpcplusbwp30p140ffg0p99v0c_ccs.db)

Number of ports:                        18210
Number of nets:                        518444
Number of cells:                       484735
Number of combinational cells:         472447
Number of sequential cells:             12032
Number of macros/black boxes:               0
Number of buf/inv:                      88480
Number of references:                     256

Combinational area:             282361.212095
Buf/Inv area:                    24469.326296
Noncombinational area:           23492.195633
Macro/Black Box area:                0.000000
Net Interconnect area:      undefined  (Wire load has zero net area)

Total cell area:                305853.407728
Total area:                 undefined

Hierarchical area distribution
------------------------------

                                  Global cell area              Local cell area
                                  --------------------  ------------------------------- 
Hierarchical cell                 Absolute     Percent  Combi-       Noncombi-   Black-
                                  Total        Total    national     national    boxes   Design
--------------------------------  -----------  -------  -----------  ----------  ------  ---------
SystolicArray                     305853.4077    100.0       0.0000      0.0000  0.0000  SystolicArray
pes_0                               1183.2660      0.4    1089.1440     94.1220  0.0000  PE_255
pes_0_1                             1161.7200      0.4    1067.5980     94.1220  0.0000  PE_239
pes_0_10                            1164.7440      0.4    1070.2440     94.5000  0.0000  PE_95
pes_0_11                            1157.3100      0.4    1062.8100     94.5000  0.0000  PE_79
pes_0_12                            1155.0420      0.4    1061.0460     93.9960  0.0000  PE_63
pes_0_13                            1156.8060      0.4    1063.4400     93.3660  0.0000  PE_47
pes_0_14                            1157.5620      0.4    1064.9520     92.6100  0.0000  PE_31
pes_0_15                            1159.0740      0.4    1065.3300     93.7440  0.0000  PE_15
pes_0_2                             1157.4360      0.4    1064.0700     93.3660  0.0000  PE_223
pes_0_3                             1148.7420      0.4    1054.9980     93.7440  0.0000  PE_207
pes_0_4                             1167.0120      0.4    1074.4020     92.6100  0.0000  PE_191
pes_0_5                             1170.6660      0.4    1076.5440     94.1220  0.0000  PE_175
pes_0_6                             1163.1060      0.4    1068.9840     94.1220  0.0000  PE_159
pes_0_7                             1157.6880      0.4    1063.9440     93.7440  0.0000  PE_143
pes_0_8                             1156.6800      0.4    1062.9360     93.7440  0.0000  PE_127
pes_0_9                             1150.0020      0.4    1056.6360     93.3660  0.0000  PE_111
pes_1                               1200.7800      0.4    1106.6580     94.1220  0.0000  PE_254
pes_10                              1202.4180      0.4    1108.6740     93.7440  0.0000  PE_245
pes_10_1                            1195.8660      0.4    1101.7440     94.1220  0.0000  PE_229
pes_10_10                           1195.6140      0.4    1102.2480     93.3660  0.0000  PE_85
pes_10_11                           1197.0000      0.4    1102.8780     94.1220  0.0000  PE_69
pes_10_12                           1189.6920      0.4    1095.9480     93.7440  0.0000  PE_53
pes_10_13                           1200.4020      0.4    1107.0360     93.3660  0.0000  PE_37
pes_10_14                           1193.3460      0.4    1099.6020     93.7440  0.0000  PE_21
pes_10_15                           1197.7560      0.4    1104.0120     93.7440  0.0000  PE_5
pes_10_2                            1188.4320      0.4    1094.6880     93.7440  0.0000  PE_213
pes_10_3                            1208.9700      0.4    1114.8480     94.1220  0.0000  PE_197
pes_10_4                            1179.4860      0.4    1086.1200     93.3660  0.0000  PE_181
pes_10_5                            1208.2140      0.4    1114.8480     93.3660  0.0000  PE_165
pes_10_6                            1183.5180      0.4    1089.3960     94.1220  0.0000  PE_149
pes_10_7                            1195.4880      0.4    1101.7440     93.7440  0.0000  PE_133
pes_10_8                            1190.1960      0.4    1096.0740     94.1220  0.0000  PE_117
pes_10_9                            1202.1660      0.4    1108.0440     94.1220  0.0000  PE_101
pes_11                              1205.8200      0.4    1111.4460     94.3740  0.0000  PE_244
pes_11_1                            1199.2680      0.4    1105.1460     94.1220  0.0000  PE_228
pes_11_10                           1197.5040      0.4    1103.3820     94.1220  0.0000  PE_84
pes_11_11                           1195.7400      0.4    1101.9960     93.7440  0.0000  PE_68
pes_11_12                           1193.0940      0.4    1098.5940     94.5000  0.0000  PE_52
pes_11_13                           1191.5820      0.4    1098.5940     92.9880  0.0000  PE_36
pes_11_14                           1201.5360      0.4    1107.4140     94.1220  0.0000  PE_20
pes_11_15                           1190.1960      0.4    1096.0740     94.1220  0.0000  PE_4
pes_11_2                            1205.1900      0.4    1110.6900     94.5000  0.0000  PE_212
pes_11_3                            1185.9120      0.4    1092.9240     92.9880  0.0000  PE_196
pes_11_4                            1198.7640      0.4    1106.1540     92.6100  0.0000  PE_180
pes_11_5                            1203.1740      0.4    1110.5640     92.6100  0.0000  PE_164
pes_11_6                            1204.0560      0.4    1109.9340     94.1220  0.0000  PE_148
pes_11_7                            1189.1880      0.4    1095.8220     93.3660  0.0000  PE_132
pes_11_8                            1206.9540      0.4    1112.8320     94.1220  0.0000  PE_116
pes_11_9                            1196.4960      0.4    1102.7520     93.7440  0.0000  PE_100
pes_12                              1194.6060      0.4    1100.4840     94.1220  0.0000  PE_243
pes_12_1                            1193.7240      0.4    1101.1140     92.6100  0.0000  PE_227
pes_12_10                           1203.8040      0.4    1109.6820     94.1220  0.0000  PE_83
pes_12_11                           1205.6940      0.4    1112.3280     93.3660  0.0000  PE_67
pes_12_12                           1193.5980      0.4    1099.8540     93.7440  0.0000  PE_51
pes_12_13                           1203.6780      0.4    1109.1780     94.5000  0.0000  PE_35
pes_12_14                           1198.7640      0.4    1106.1540     92.6100  0.0000  PE_19
pes_12_15                           1189.8180      0.4    1095.3180     94.5000  0.0000  PE_3
pes_12_2                            1190.9520      0.4    1097.2080     93.7440  0.0000  PE_211
pes_12_3                            1199.6460      0.4    1105.5240     94.1220  0.0000  PE_195
pes_12_4                            1201.9140      0.4    1107.4140     94.5000  0.0000  PE_179
pes_12_5                            1186.7940      0.4    1093.0500     93.7440  0.0000  PE_163
pes_12_6                            1193.9760      0.4    1099.4760     94.5000  0.0000  PE_147
pes_12_7                            1210.7340      0.4    1116.6120     94.1220  0.0000  PE_131
pes_12_8                            1199.1420      0.4    1106.1540     92.9880  0.0000  PE_115
pes_12_9                            1194.2280      0.4    1100.8620     93.3660  0.0000  PE_99
pes_13                              1190.0700      0.4    1095.9480     94.1220  0.0000  PE_242
pes_13_1                            1207.0800      0.4    1112.5800     94.5000  0.0000  PE_226
pes_13_10                           1191.2040      0.4    1097.8380     93.3660  0.0000  PE_82
pes_13_11                           1197.1260      0.4    1102.6260     94.5000  0.0000  PE_66
pes_13_12                           1193.4720      0.4    1099.3500     94.1220  0.0000  PE_50
pes_13_13                           1195.9920      0.4    1103.0040     92.9880  0.0000  PE_34
pes_13_14                           1202.4180      0.4    1108.2960     94.1220  0.0000  PE_18
pes_13_15                           1198.5120      0.4    1104.3900     94.1220  0.0000  PE_2
pes_13_2                            1185.6600      0.4    1091.9160     93.7440  0.0000  PE_210
pes_13_3                            1190.4480      0.4    1097.0820     93.3660  0.0000  PE_194
pes_13_4                            1190.5740      0.4    1096.8300     93.7440  0.0000  PE_178
pes_13_5                            1189.4400      0.4    1095.3180     94.1220  0.0000  PE_162
pes_13_6                            1208.0880      0.4    1113.5880     94.5000  0.0000  PE_146
pes_13_7                            1197.6300      0.4    1103.5080     94.1220  0.0000  PE_130
pes_13_8                            1210.4820      0.4    1117.8720     92.6100  0.0000  PE_114
pes_13_9                            1188.5580      0.4    1095.1920     93.3660  0.0000  PE_98
pes_14                              1196.2440      0.4    1103.6340     92.6100  0.0000  PE_241
pes_14_1                            1195.6140      0.4    1103.0040     92.6100  0.0000  PE_225
pes_14_10                           1206.0720      0.4    1111.9500     94.1220  0.0000  PE_81
pes_14_11                           1201.2840      0.4    1107.5400     93.7440  0.0000  PE_65
pes_14_12                           1195.6140      0.4    1101.8700     93.7440  0.0000  PE_49
pes_14_13                           1212.3720      0.4    1119.3840     92.9880  0.0000  PE_33
pes_14_14                           1188.3060      0.4    1095.6960     92.6100  0.0000  PE_17
pes_14_15                           1190.1960      0.4    1097.9640     92.2320  0.0000  PE_1
pes_14_2                            1194.1020      0.4    1099.7280     94.3740  0.0000  PE_209
pes_14_3                            1210.7340      0.4    1118.1240     92.6100  0.0000  PE_193
pes_14_4                            1198.3860      0.4    1105.3980     92.9880  0.0000  PE_177
pes_14_5                            1194.2280      0.4    1101.2400     92.9880  0.0000  PE_161
pes_14_6                            1189.8180      0.4    1097.2080     92.6100  0.0000  PE_145
pes_14_7                            1198.8900      0.4    1105.5240     93.3660  0.0000  PE_129
pes_14_8                            1208.4660      0.4    1114.7220     93.7440  0.0000  PE_113
pes_14_9                            1190.5740      0.4    1097.2080     93.3660  0.0000  PE_97
pes_15                              1166.6340      0.4    1103.8860     62.7480  0.0000  PE_240
pes_15_1                            1200.5280      0.4    1138.1580     62.3700  0.0000  PE_224
pes_15_10                           1186.5420      0.4    1124.1720     62.3700  0.0000  PE_80
pes_15_11                           1186.0380      0.4    1123.2900     62.7480  0.0000  PE_64
pes_15_12                           1181.2500      0.4    1118.5020     62.7480  0.0000  PE_48
pes_15_13                           1195.1100      0.4    1132.7400     62.3700  0.0000  PE_32
pes_15_14                           1189.4400      0.4    1127.4480     61.9920  0.0000  PE_16
pes_15_15                           1203.9300      0.4    1141.5600     62.3700  0.0000  PE_0
pes_15_2                            1177.3440      0.4    1114.5960     62.7480  0.0000  PE_208
pes_15_3                            1184.2740      0.4    1121.9040     62.3700  0.0000  PE_192
pes_15_4                            1199.7720      0.4    1137.0240     62.7480  0.0000  PE_176
pes_15_5                            1186.9200      0.4    1124.5500     62.3700  0.0000  PE_160
pes_15_6                            1181.2500      0.4    1118.8800     62.3700  0.0000  PE_144
pes_15_7                            1185.6600      0.4    1122.9120     62.7480  0.0000  PE_128
pes_15_8                            1183.8960      0.4    1121.2740     62.6220  0.0000  PE_112
pes_15_9                            1189.6920      0.4    1127.3220     62.3700  0.0000  PE_96
pes_1_1                             1198.1340      0.4    1103.6340     94.5000  0.0000  PE_238
pes_1_10                            1194.7320      0.4    1100.6100     94.1220  0.0000  PE_94
pes_1_11                            1193.3460      0.4    1099.6020     93.7440  0.0000  PE_78
pes_1_12                            1195.6140      0.4    1101.8700     93.7440  0.0000  PE_62
pes_1_13                            1207.7100      0.4    1113.2100     94.5000  0.0000  PE_46
pes_1_14                            1205.8200      0.4    1112.0760     93.7440  0.0000  PE_30
pes_1_15                            1201.6620      0.4    1108.2960     93.3660  0.0000  PE_14
pes_1_2                             1206.5760      0.4    1112.4540     94.1220  0.0000  PE_222
pes_1_3                             1200.6540      0.4    1108.0440     92.6100  0.0000  PE_206
pes_1_4                             1202.0400      0.4    1108.2960     93.7440  0.0000  PE_190
pes_1_5                             1201.2840      0.4    1107.9180     93.3660  0.0000  PE_174
pes_1_6                             1201.2840      0.4    1108.2960     92.9880  0.0000  PE_158
pes_1_7                             1200.1500      0.4    1106.7840     93.3660  0.0000  PE_142
pes_1_8                             1202.7960      0.4    1109.4300     93.3660  0.0000  PE_126
pes_1_9                             1203.0480      0.4    1109.3040     93.7440  0.0000  PE_110
pes_2                               1208.2140      0.4    1114.8480     93.3660  0.0000  PE_253
pes_2_1                             1198.2600      0.4    1105.2720     92.9880  0.0000  PE_237
pes_2_10                            1202.4180      0.4    1108.6740     93.7440  0.0000  PE_93
pes_2_11                            1200.6540      0.4    1106.9100     93.7440  0.0000  PE_77
pes_2_12                            1205.1900      0.4    1111.4460     93.7440  0.0000  PE_61
pes_2_13                            1194.2280      0.4    1101.2400     92.9880  0.0000  PE_45
pes_2_14                            1197.7560      0.4    1104.3900     93.3660  0.0000  PE_29
pes_2_15                            1201.7880      0.4    1108.0440     93.7440  0.0000  PE_13
pes_2_2                             1192.7160      0.4    1098.9720     93.7440  0.0000  PE_221
pes_2_3                             1196.8740      0.4    1103.1300     93.7440  0.0000  PE_205
pes_2_4                             1200.6540      0.4    1107.2880     93.3660  0.0000  PE_189
pes_2_5                             1193.7240      0.4    1099.6020     94.1220  0.0000  PE_173
pes_2_6                             1198.2600      0.4    1104.8940     93.3660  0.0000  PE_157
pes_2_7                             1201.9140      0.4    1107.4140     94.5000  0.0000  PE_141
pes_2_8                             1195.6140      0.4    1102.2480     93.3660  0.0000  PE_125
pes_2_9                             1211.8680      0.4    1118.1240     93.7440  0.0000  PE_109
pes_3                               1198.0080      0.4    1103.5080     94.5000  0.0000  PE_252
pes_3_1                             1200.6540      0.4    1107.2880     93.3660  0.0000  PE_236
pes_3_10                            1197.7560      0.4    1103.6340     94.1220  0.0000  PE_92
pes_3_11                            1189.9440      0.4    1095.8220     94.1220  0.0000  PE_76
pes_3_12                            1191.7080      0.4    1097.5860     94.1220  0.0000  PE_60
pes_3_13                            1195.4880      0.4    1102.8780     92.6100  0.0000  PE_44
pes_3_14                            1200.1500      0.4    1105.6500     94.5000  0.0000  PE_28
pes_3_15                            1200.9060      0.4    1106.7840     94.1220  0.0000  PE_12
pes_3_2                             1211.9940      0.4    1117.8720     94.1220  0.0000  PE_220
pes_3_3                             1191.2040      0.4    1098.2160     92.9880  0.0000  PE_204
pes_3_4                             1201.1580      0.4    1106.6580     94.5000  0.0000  PE_188
pes_3_5                             1215.1440      0.4    1121.4000     93.7440  0.0000  PE_172
pes_3_6                             1202.1660      0.4    1108.8000     93.3660  0.0000  PE_156
pes_3_7                             1191.5820      0.4    1097.4600     94.1220  0.0000  PE_140
pes_3_8                             1202.0400      0.4    1108.6740     93.3660  0.0000  PE_124
pes_3_9                             1193.5980      0.4    1099.8540     93.7440  0.0000  PE_108
pes_4                               1205.3160      0.4    1111.1940     94.1220  0.0000  PE_251
pes_4_1                             1205.5680      0.4    1112.5800     92.9880  0.0000  PE_235
pes_4_10                            1195.8660      0.4    1102.5000     93.3660  0.0000  PE_91
pes_4_11                            1202.2920      0.4    1108.5480     93.7440  0.0000  PE_75
pes_4_12                            1198.5120      0.4    1105.9020     92.6100  0.0000  PE_59
pes_4_13                            1199.8980      0.4    1106.9100     92.9880  0.0000  PE_43
pes_4_14                            1193.5980      0.4    1099.8540     93.7440  0.0000  PE_27
pes_4_15                            1203.0480      0.4    1108.9260     94.1220  0.0000  PE_11
pes_4_2                             1204.4340      0.4    1110.3120     94.1220  0.0000  PE_219
pes_4_3                             1198.3860      0.4    1104.2640     94.1220  0.0000  PE_203
pes_4_4                             1187.2980      0.4    1093.1760     94.1220  0.0000  PE_187
pes_4_5                             1195.8660      0.4    1102.1220     93.7440  0.0000  PE_171
pes_4_6                             1191.3300      0.4    1097.9640     93.3660  0.0000  PE_155
pes_4_7                             1192.5900      0.4    1099.2240     93.3660  0.0000  PE_139
pes_4_8                             1202.2920      0.4    1109.6820     92.6100  0.0000  PE_123
pes_4_9                             1198.5120      0.4    1104.7680     93.7440  0.0000  PE_107
pes_5                               1201.5360      0.4    1107.4140     94.1220  0.0000  PE_250
pes_5_1                             1196.4960      0.4    1103.1300     93.3660  0.0000  PE_234
pes_5_10                            1203.8040      0.4    1109.6820     94.1220  0.0000  PE_90
pes_5_11                            1199.7720      0.4    1106.4060     93.3660  0.0000  PE_74
pes_5_12                            1205.4420      0.4    1111.3200     94.1220  0.0000  PE_58
pes_5_13                            1186.5420      0.4    1093.1760     93.3660  0.0000  PE_42
pes_5_14                            1198.2600      0.4    1104.1380     94.1220  0.0000  PE_26
pes_5_15                            1199.8980      0.4    1105.3980     94.5000  0.0000  PE_10
pes_5_2                             1215.2700      0.4    1121.1480     94.1220  0.0000  PE_218
pes_5_3                             1182.8880      0.4    1089.5220     93.3660  0.0000  PE_202
pes_5_4                             1195.3620      0.4    1100.8620     94.5000  0.0000  PE_186
pes_5_5                             1186.5420      0.4    1092.7980     93.7440  0.0000  PE_170
pes_5_6                             1198.8900      0.4    1106.2800     92.6100  0.0000  PE_154
pes_5_7                             1198.1340      0.4    1104.3900     93.7440  0.0000  PE_138
pes_5_8                             1198.1340      0.4    1104.0120     94.1220  0.0000  PE_122
pes_5_9                             1185.9120      0.4    1092.5460     93.3660  0.0000  PE_106
pes_6                               1206.3240      0.4    1112.9580     93.3660  0.0000  PE_249
pes_6_1                             1190.8260      0.4    1097.4600     93.3660  0.0000  PE_233
pes_6_10                            1187.9280      0.4    1093.8060     94.1220  0.0000  PE_89
pes_6_11                            1189.6920      0.4    1095.5700     94.1220  0.0000  PE_73
pes_6_12                            1195.1100      0.4    1100.9880     94.1220  0.0000  PE_57
pes_6_13                            1199.0160      0.4    1106.4060     92.6100  0.0000  PE_41
pes_6_14                            1192.8420      0.4    1099.8540     92.9880  0.0000  PE_25
pes_6_15                            1191.4560      0.4    1097.3340     94.1220  0.0000  PE_9
pes_6_2                             1197.0000      0.4    1104.3900     92.6100  0.0000  PE_217
pes_6_3                             1205.0640      0.4    1110.5640     94.5000  0.0000  PE_201
pes_6_4                             1193.7240      0.4    1099.6020     94.1220  0.0000  PE_185
pes_6_5                             1206.7020      0.4    1112.2020     94.5000  0.0000  PE_169
pes_6_6                             1195.7400      0.4    1101.9960     93.7440  0.0000  PE_153
pes_6_7                             1194.6060      0.4    1100.1060     94.5000  0.0000  PE_137
pes_6_8                             1189.9440      0.4    1096.5780     93.3660  0.0000  PE_121
pes_6_9                             1188.9360      0.4    1095.1920     93.7440  0.0000  PE_105
pes_7                               1191.7080      0.4    1097.9640     93.7440  0.0000  PE_248
pes_7_1                             1196.1180      0.4    1103.5080     92.6100  0.0000  PE_232
pes_7_10                            1211.3640      0.4    1117.2420     94.1220  0.0000  PE_88
pes_7_11                            1188.5580      0.4    1095.5700     92.9880  0.0000  PE_72
pes_7_12                            1203.8040      0.4    1110.0600     93.7440  0.0000  PE_56
pes_7_13                            1201.1580      0.4    1107.0360     94.1220  0.0000  PE_40
pes_7_14                            1202.7960      0.4    1108.2960     94.5000  0.0000  PE_24
pes_7_15                            1203.1740      0.4    1108.6740     94.5000  0.0000  PE_8
pes_7_2                             1188.9360      0.4    1095.5700     93.3660  0.0000  PE_216
pes_7_3                             1188.3060      0.4    1094.1840     94.1220  0.0000  PE_200
pes_7_4                             1189.9440      0.4    1095.4440     94.5000  0.0000  PE_184
pes_7_5                             1195.6140      0.4    1101.4920     94.1220  0.0000  PE_168
pes_7_6                             1197.3780      0.4    1104.3900     92.9880  0.0000  PE_152
pes_7_7                             1190.5740      0.4    1096.8300     93.7440  0.0000  PE_136
pes_7_8                             1203.8040      0.4    1109.6820     94.1220  0.0000  PE_120
pes_7_9                             1189.5660      0.4    1096.9560     92.6100  0.0000  PE_104
pes_8                               1193.2200      0.4    1099.0980     94.1220  0.0000  PE_247
pes_8_1                             1198.3860      0.4    1104.6420     93.7440  0.0000  PE_231
pes_8_10                            1196.6220      0.4    1102.8780     93.7440  0.0000  PE_87
pes_8_11                            1210.9860      0.4    1117.2420     93.7440  0.0000  PE_71
pes_8_12                            1198.7640      0.4    1104.6420     94.1220  0.0000  PE_55
pes_8_13                            1216.6560      0.4    1122.1560     94.5000  0.0000  PE_39
pes_8_14                            1199.0160      0.4    1104.5160     94.5000  0.0000  PE_23
pes_8_15                            1196.6220      0.4    1103.2560     93.3660  0.0000  PE_7
pes_8_2                             1197.6300      0.4    1104.6420     92.9880  0.0000  PE_215
pes_8_3                             1204.0560      0.4    1109.5560     94.5000  0.0000  PE_199
pes_8_4                             1201.5360      0.4    1107.7920     93.7440  0.0000  PE_183
pes_8_5                             1194.9840      0.4    1101.2400     93.7440  0.0000  PE_167
pes_8_6                             1200.2760      0.4    1106.9100     93.3660  0.0000  PE_151
pes_8_7                             1191.7080      0.4    1097.5860     94.1220  0.0000  PE_135
pes_8_8                             1196.4960      0.4    1103.5080     92.9880  0.0000  PE_119
pes_8_9                             1206.0720      0.4    1112.3280     93.7440  0.0000  PE_103
pes_9                               1196.4960      0.4    1101.9960     94.5000  0.0000  PE_246
pes_9_1                             1200.6540      0.4    1106.5320     94.1220  0.0000  PE_230
pes_9_10                            1195.7400      0.4    1101.9960     93.7440  0.0000  PE_86
pes_9_11                            1192.2120      0.4    1098.4680     93.7440  0.0000  PE_70
pes_9_12                            1201.4100      0.4    1106.9100     94.5000  0.0000  PE_54
pes_9_13                            1188.4320      0.4    1095.4440     92.9880  0.0000  PE_38
pes_9_14                            1205.3160      0.4    1110.8160     94.5000  0.0000  PE_22
pes_9_15                            1184.1480      0.4    1089.6480     94.5000  0.0000  PE_6
pes_9_2                             1193.3460      0.4    1099.2240     94.1220  0.0000  PE_214
pes_9_3                             1191.7080      0.4    1097.5860     94.1220  0.0000  PE_198
pes_9_4                             1187.4240      0.4    1093.6800     93.7440  0.0000  PE_182
pes_9_5                             1198.5120      0.4    1105.9020     92.6100  0.0000  PE_166
pes_9_6                             1199.5200      0.4    1105.3980     94.1220  0.0000  PE_150
pes_9_7                             1193.9760      0.4    1100.6100     93.3660  0.0000  PE_134
pes_9_8                             1202.7960      0.4    1109.0520     93.7440  0.0000  PE_118
pes_9_9                             1197.1260      0.4    1103.3820     93.7440  0.0000  PE_102
--------------------------------  -----------  -------  -----------  ----------  ------  ---------
Total                                                   282361.2121  23492.1956  0.0000

1
