Information: Updating design information... (UID-85)
 
****************************************
Report : timing
        -path full
        -delay max
        -nets
        -max_paths 1
        -transition_time
Design : SystolicArray
Version: V-2023.12
Date   : Mon Apr  6 02:56:16 2026
****************************************

Operating Conditions: ffg0p99v0c   Library: tcbn28hpcplusbwp30p140ffg0p99v0c_ccs
Wire Load Model Mode: segmented

  Startpoint: pes_1_1/regW_reg[3]
              (rising edge-triggered flip-flop clocked by ideal_clock1)
  Endpoint: pes_1_1/regS_reg[31]
            (rising edge-triggered flip-flop clocked by ideal_clock1)
  Path Group: ideal_clock1
  Path Type: max

  Des/Clust/Port     Wire Load Model       Library
  ------------------------------------------------
  PE_8               ZeroWireload          tcbn28hpcplusbwp30p140ffg0p99v0c_ccs
  PE_4               ZeroWireload          tcbn28hpcplusbwp30p140ffg0p99v0c_ccs
  PE_0               ZeroWireload          tcbn28hpcplusbwp30p140ffg0p99v0c_ccs
  PE_14              ZeroWireload          tcbn28hpcplusbwp30p140ffg0p99v0c_ccs
  PE_13              ZeroWireload          tcbn28hpcplusbwp30p140ffg0p99v0c_ccs
  PE_11              ZeroWireload          tcbn28hpcplusbwp30p140ffg0p99v0c_ccs
  PE_10              ZeroWireload          tcbn28hpcplusbwp30p140ffg0p99v0c_ccs
  PE_9               ZeroWireload          tcbn28hpcplusbwp30p140ffg0p99v0c_ccs
  PE_7               ZeroWireload          tcbn28hpcplusbwp30p140ffg0p99v0c_ccs
  PE_6               ZeroWireload          tcbn28hpcplusbwp30p140ffg0p99v0c_ccs
  PE_5               ZeroWireload          tcbn28hpcplusbwp30p140ffg0p99v0c_ccs
  PE_3               ZeroWireload          tcbn28hpcplusbwp30p140ffg0p99v0c_ccs
  PE_2               ZeroWireload          tcbn28hpcplusbwp30p140ffg0p99v0c_ccs
  PE_1               ZeroWireload          tcbn28hpcplusbwp30p140ffg0p99v0c_ccs
  PE_12              ZeroWireload          tcbn28hpcplusbwp30p140ffg0p99v0c_ccs
  SystolicArray      ZeroWireload          tcbn28hpcplusbwp30p140ffg0p99v0c_ccs
  PE_15              ZeroWireload          tcbn28hpcplusbwp30p140ffg0p99v0c_ccs

Attributes:
    d - dont_touch
    u - dont_use
   mo - map_only
   so - size_only
    i - ideal_net or ideal_network
  inf - infeasible path

  Point                             Fanout     Trans      Incr       Path      Attributes
  -----------------------------------------------------------------------------------------------
  clock ideal_clock1 (rise edge)                          0.00       0.00
  clock network delay (ideal)                             0.00       0.00
  pes_1_1/regW_reg[3]/CP (DFQD1BWP30P140)       0.00      0.00       0.00 r
  pes_1_1/regW_reg[3]/Q (DFQD1BWP30P140)        0.03      0.05       0.05 f
  pes_1_1/regW[3] (net)              13                   0.00       0.05 f
  pes_1_1/U35/ZN (INVD0BWP30P140)               0.05      0.04       0.09 r
  pes_1_1/n132 (net)                 13                   0.00       0.09 r
  pes_1_1/U90/ZN (OAI22D0BWP30P140)             0.05      0.04       0.13 f
  pes_1_1/n177 (net)                  7                   0.00       0.13 f
  pes_1_1/U150/ZN (ND2D1BWP30P140)              0.02      0.02       0.14 r
  pes_1_1/n109 (net)                  1                   0.00       0.14 r
  pes_1_1/U162/S (FA1D0BWP30P140)               0.01      0.04       0.18 f
  pes_1_1/n112 (net)                  1                   0.00       0.18 f
  pes_1_1/U163/ZN (INVD0BWP30P140)              0.02      0.01       0.20 r
  pes_1_1/intadd_54/A[0] (net)        1                   0.00       0.20 r
  pes_1_1/intadd_54/U6/S (FA1D0BWP30P140)       0.01      0.04       0.23 f    mo 
  pes_1_1/intadd_54/SUM[0] (net)      1                   0.00       0.23 f
  pes_1_1/U156/ZN (INVD0BWP30P140)              0.02      0.01       0.25 r
  pes_1_1/n289 (net)                  1                   0.00       0.25 r
  pes_1_1/U330/CO (FA1D0BWP30P140)              0.01      0.03       0.27 r
  pes_1_1/n106 (net)                  1                   0.00       0.27 r
  pes_1_1/U160/ZN (INVD0BWP30P140)              0.01      0.01       0.29 f
  pes_1_1/intadd_54/B[1] (net)        1                   0.00       0.29 f
  pes_1_1/intadd_54/U5/CO (FA1D0BWP30P140)      0.01      0.03       0.32 f    mo 
  pes_1_1/intadd_54/n4 (net)          1                   0.00       0.32 f
  pes_1_1/intadd_54/U4/CO (FA1D0BWP30P140)      0.01      0.03       0.34 f    mo 
  pes_1_1/intadd_54/n3 (net)          1                   0.00       0.34 f
  pes_1_1/intadd_54/U3/CO (FA1D0BWP30P140)      0.01      0.03       0.37 f    mo 
  pes_1_1/intadd_54/n2 (net)          1                   0.00       0.37 f
  pes_1_1/intadd_54/U2/CO (FA1D0BWP30P140)      0.02      0.03       0.40 f    mo 
  pes_1_1/intadd_54/n1 (net)          2                   0.00       0.40 f
  pes_1_1/U8/ZN (MAOI222D0BWP30P140)            0.04      0.03       0.43 r
  pes_1_1/intadd_55/B[3] (net)        1                   0.00       0.43 r
  pes_1_1/intadd_55/U2/CO (FA1D0BWP30P140)      0.02      0.04       0.47 r    mo 
  pes_1_1/intadd_55/n1 (net)          3                   0.00       0.47 r
  pes_1_1/U7/ZN (MAOI222D0BWP30P140)            0.04      0.03       0.49 f
  pes_1_1/intadd_57/B[2] (net)        1                   0.00       0.49 f
  pes_1_1/intadd_57/U2/CO (FA1D0BWP30P140)      0.01      0.03       0.52 f    mo 
  pes_1_1/intadd_57/n1 (net)          1                   0.00       0.52 f
  pes_1_1/U88/ZN (INVD0BWP30P140)               0.02      0.01       0.54 r
  pes_1_1/n158 (net)                  2                   0.00       0.54 r
  pes_1_1/U5/ZN (MAOI222D0BWP30P140)            0.04      0.03       0.56 f
  pes_1_1/intadd_56/B[2] (net)        1                   0.00       0.56 f
  pes_1_1/intadd_56/U2/CO (FA1D0BWP30P140)      0.02      0.04       0.60 f    mo 
  pes_1_1/intadd_56/n1 (net)          3                   0.00       0.60 f
  pes_1_1/U228/ZN (OAI21D1BWP30P140)            0.01      0.01       0.61 r
  pes_1_1/n193 (net)                  2                   0.00       0.61 r
  pes_1_1/U230/ZN (AOI21D1BWP30P140)            0.01      0.01       0.62 f
  pes_1_1/n194 (net)                  2                   0.00       0.62 f
  pes_1_1/U231/ZN (AOI21D1BWP30P140)            0.02      0.02       0.64 r
  pes_1_1/n279 (net)                  3                   0.00       0.64 r
  pes_1_1/U234/ZN (OAI21D1BWP30P140)            0.02      0.02       0.65 f
  pes_1_1/n274 (net)                  3                   0.00       0.65 f
  pes_1_1/U236/ZN (AOI21D1BWP30P140)            0.02      0.02       0.67 r
  pes_1_1/n269 (net)                  3                   0.00       0.67 r
  pes_1_1/U239/ZN (OAI21D1BWP30P140)            0.02      0.02       0.69 f
  pes_1_1/n264 (net)                  3                   0.00       0.69 f
  pes_1_1/U241/ZN (AOI21D1BWP30P140)            0.02      0.02       0.70 r
  pes_1_1/n259 (net)                  3                   0.00       0.70 r
  pes_1_1/U244/ZN (OAI21D1BWP30P140)            0.02      0.02       0.72 f
  pes_1_1/n254 (net)                  3                   0.00       0.72 f
  pes_1_1/U246/ZN (AOI21D1BWP30P140)            0.02      0.02       0.73 r
  pes_1_1/n249 (net)                  3                   0.00       0.73 r
  pes_1_1/U249/ZN (OAI21D1BWP30P140)            0.02      0.02       0.75 f
  pes_1_1/n244 (net)                  3                   0.00       0.75 f
  pes_1_1/U251/ZN (AOI21D1BWP30P140)            0.02      0.02       0.76 r
  pes_1_1/n239 (net)                  3                   0.00       0.76 r
  pes_1_1/U254/ZN (OAI21D1BWP30P140)            0.02      0.02       0.78 f
  pes_1_1/n234 (net)                  3                   0.00       0.78 f
  pes_1_1/U256/ZN (AOI21D1BWP30P140)            0.02      0.02       0.80 r
  pes_1_1/n229 (net)                  3                   0.00       0.80 r
  pes_1_1/U259/ZN (OAI21D1BWP30P140)            0.02      0.02       0.81 f
  pes_1_1/n224 (net)                  3                   0.00       0.81 f
  pes_1_1/U261/ZN (AOI21D1BWP30P140)            0.02      0.02       0.83 r
  pes_1_1/n219 (net)                  3                   0.00       0.83 r
  pes_1_1/U264/ZN (OAI21D1BWP30P140)            0.02      0.02       0.84 f
  pes_1_1/n214 (net)                  3                   0.00       0.84 f
  pes_1_1/U3/ZN (OAI33D0BWP30P140)              0.04      0.02       0.87 r
  pes_1_1/n209 (net)                  2                   0.00       0.87 r
  pes_1_1/U266/ZN (OAI21D1BWP30P140)            0.02      0.01       0.88 f
  pes_1_1/n208 (net)                  1                   0.00       0.88 f
  pes_1_1/U267/ZN (AOI21D1BWP30P140)            0.02      0.02       0.89 r
  pes_1_1/n210 (net)                  1                   0.00       0.89 r
  pes_1_1/U268/Z (AO21D1BWP30P140)              0.01      0.01       0.91 r
  pes_1_1/n318 (net)                  1                   0.00       0.91 r
  pes_1_1/regS_reg[31]/D (DFQD1BWP30P140)       0.01      0.00       0.91 r
  data arrival time                                                  0.91

  clock ideal_clock1 (rise edge)                          1.00       1.00
  clock network delay (ideal)                             0.00       1.00
  pes_1_1/regS_reg[31]/CP (DFQD1BWP30P140)                0.00       1.00 r
  library setup time                                     -0.01       0.99
  data required time                                                 0.99
  -----------------------------------------------------------------------------------------------
  data required time                                                 0.99
  data arrival time                                                 -0.91
  -----------------------------------------------------------------------------------------------
  slack (MET)                                                        0.08


1
