 
****************************************
Report : area
Design : SystolicArray
Version: V-2023.12
Date   : Mon Apr  6 03:03:34 2026
****************************************

Library(s) Used:

    tcbn28hpcplusbwp30p140ffg0p99v0c_ccs (File: /hpc/Tech/TSMC/digital/N28/digital/Front_End/timing_power_noise/CCS/tcbn28hpcplusbwp30p140_180a/tcbn28hpcplusbwp30p140ffg0p99v0c_ccs.db)

Number of ports:                         1290
Number of nets:                         31883
Number of cells:                        29700
Number of combinational cells:          28980
Number of sequential cells:               704
Number of macros/black boxes:               0
Number of buf/inv:                       5292
Number of references:                      16

Combinational area:              17284.806007
Buf/Inv area:                     1447.110018
Noncombinational area:            1388.015978
Macro/Black Box area:                0.000000
Net Interconnect area:      undefined  (Wire load has zero net area)

Total cell area:                 18672.821985
Total area:                 undefined

Hierarchical area distribution
------------------------------

                                  Global cell area            Local cell area
                                  -------------------  ----------------------------- 
Hierarchical cell                 Absolute    Percent  Combi-      Noncombi-  Black-
                                  Total       Total    national    national   boxes   Design
--------------------------------  ----------  -------  ----------  ---------  ------  ---------
SystolicArray                     18672.8220    100.0      0.0000     0.0000  0.0000  SystolicArray
pes_0                              1174.8240      6.3   1081.4580    93.3660  0.0000  PE_15
pes_0_1                            1150.3800      6.2   1055.1240    95.2560  0.0000  PE_11
pes_0_2                            1150.2540      6.2   1057.6440    92.6100  0.0000  PE_7
pes_0_3                            1149.7500      6.2   1056.7620    92.9880  0.0000  PE_3
pes_1                              1192.2120      6.4   1098.5940    93.6180  0.0000  PE_14
pes_1_1                            1189.3140      6.4   1095.6960    93.6180  0.0000  PE_10
pes_1_2                            1195.9920      6.4   1101.2400    94.7520  0.0000  PE_6
pes_1_3                            1211.4900      6.5   1111.9500    99.5400  0.0000  PE_2
pes_2                              1188.8100      6.4   1095.4440    93.3660  0.0000  PE_13
pes_2_1                            1184.5260      6.3   1090.5300    93.9960  0.0000  PE_9
pes_2_2                            1197.8820      6.4   1103.8860    93.9960  0.0000  PE_5
pes_2_3                            1193.5980      6.4   1099.0980    94.5000  0.0000  PE_1
pes_3                              1131.1020      6.1   1064.8260    66.2760  0.0000  PE_12
pes_3_1                            1122.6600      6.0   1055.7540    66.9060  0.0000  PE_8
pes_3_2                            1124.1720      6.0   1063.3140    60.8580  0.0000  PE_4
pes_3_3                            1115.8560      6.0   1053.4860    62.3700  0.0000  PE_0
--------------------------------  ----------  -------  ----------  ---------  ------  ---------
Total                                                  17284.8060  1388.0160  0.0000

1
