 
****************************************
Report : power
        -hier
        -analysis_effort low
Design : FuseMax2DArray
Version: V-2023.12
Date   : Mon Apr  6 11:24:24 2026
****************************************


Library(s) Used:

    tcbn28hpcplusbwp30p140ffg0p99v0c_ccs (File: /hpc/Tech/TSMC/digital/N28/digital/Front_End/timing_power_noise/CCS/tcbn28hpcplusbwp30p140_180a/tcbn28hpcplusbwp30p140ffg0p99v0c_ccs.db)


Operating Conditions: ffg0p99v0c   Library: tcbn28hpcplusbwp30p140ffg0p99v0c_ccs
Wire Load Model Mode: segmented

Design        Wire Load Model            Library
------------------------------------------------
FuseMax2DArray         ZeroWireload      tcbn28hpcplusbwp30p140ffg0p99v0c_ccs
FuseMax2DPE_255        ZeroWireload      tcbn28hpcplusbwp30p140ffg0p99v0c_ccs
FuseMax2DPE_240        ZeroWireload      tcbn28hpcplusbwp30p140ffg0p99v0c_ccs
FuseMax2DPE_0          ZeroWireload      tcbn28hpcplusbwp30p140ffg0p99v0c_ccs
FuseMax2DPE_16         ZeroWireload      tcbn28hpcplusbwp30p140ffg0p99v0c_ccs
FuseMax2DPE_32         ZeroWireload      tcbn28hpcplusbwp30p140ffg0p99v0c_ccs
FuseMax2DPE_48         ZeroWireload      tcbn28hpcplusbwp30p140ffg0p99v0c_ccs
FuseMax2DPE_64         ZeroWireload      tcbn28hpcplusbwp30p140ffg0p99v0c_ccs
FuseMax2DPE_80         ZeroWireload      tcbn28hpcplusbwp30p140ffg0p99v0c_ccs
FuseMax2DPE_96         ZeroWireload      tcbn28hpcplusbwp30p140ffg0p99v0c_ccs
FuseMax2DPE_112        ZeroWireload      tcbn28hpcplusbwp30p140ffg0p99v0c_ccs
FuseMax2DPE_128        ZeroWireload      tcbn28hpcplusbwp30p140ffg0p99v0c_ccs
FuseMax2DPE_144        ZeroWireload      tcbn28hpcplusbwp30p140ffg0p99v0c_ccs
FuseMax2DPE_160        ZeroWireload      tcbn28hpcplusbwp30p140ffg0p99v0c_ccs
FuseMax2DPE_176        ZeroWireload      tcbn28hpcplusbwp30p140ffg0p99v0c_ccs
FuseMax2DPE_192        ZeroWireload      tcbn28hpcplusbwp30p140ffg0p99v0c_ccs
FuseMax2DPE_208        ZeroWireload      tcbn28hpcplusbwp30p140ffg0p99v0c_ccs
FuseMax2DPE_224        ZeroWireload      tcbn28hpcplusbwp30p140ffg0p99v0c_ccs
FuseMax2DPE_1          ZeroWireload      tcbn28hpcplusbwp30p140ffg0p99v0c_ccs
FuseMax2DPE_2          ZeroWireload      tcbn28hpcplusbwp30p140ffg0p99v0c_ccs
FuseMax2DPE_3          ZeroWireload      tcbn28hpcplusbwp30p140ffg0p99v0c_ccs
FuseMax2DPE_4          ZeroWireload      tcbn28hpcplusbwp30p140ffg0p99v0c_ccs
FuseMax2DPE_5          ZeroWireload      tcbn28hpcplusbwp30p140ffg0p99v0c_ccs
FuseMax2DPE_6          ZeroWireload      tcbn28hpcplusbwp30p140ffg0p99v0c_ccs
FuseMax2DPE_7          ZeroWireload      tcbn28hpcplusbwp30p140ffg0p99v0c_ccs
FuseMax2DPE_8          ZeroWireload      tcbn28hpcplusbwp30p140ffg0p99v0c_ccs
FuseMax2DPE_9          ZeroWireload      tcbn28hpcplusbwp30p140ffg0p99v0c_ccs
FuseMax2DPE_10         ZeroWireload      tcbn28hpcplusbwp30p140ffg0p99v0c_ccs
FuseMax2DPE_11         ZeroWireload      tcbn28hpcplusbwp30p140ffg0p99v0c_ccs
FuseMax2DPE_12         ZeroWireload      tcbn28hpcplusbwp30p140ffg0p99v0c_ccs
FuseMax2DPE_13         ZeroWireload      tcbn28hpcplusbwp30p140ffg0p99v0c_ccs
FuseMax2DPE_14         ZeroWireload      tcbn28hpcplusbwp30p140ffg0p99v0c_ccs
FuseMax2DPE_15         ZeroWireload      tcbn28hpcplusbwp30p140ffg0p99v0c_ccs
FuseMax2DPE_17         ZeroWireload      tcbn28hpcplusbwp30p140ffg0p99v0c_ccs
FuseMax2DPE_18         ZeroWireload      tcbn28hpcplusbwp30p140ffg0p99v0c_ccs
FuseMax2DPE_19         ZeroWireload      tcbn28hpcplusbwp30p140ffg0p99v0c_ccs
FuseMax2DPE_20         ZeroWireload      tcbn28hpcplusbwp30p140ffg0p99v0c_ccs
FuseMax2DPE_21         ZeroWireload      tcbn28hpcplusbwp30p140ffg0p99v0c_ccs
FuseMax2DPE_22         ZeroWireload      tcbn28hpcplusbwp30p140ffg0p99v0c_ccs
FuseMax2DPE_23         ZeroWireload      tcbn28hpcplusbwp30p140ffg0p99v0c_ccs
FuseMax2DPE_24         ZeroWireload      tcbn28hpcplusbwp30p140ffg0p99v0c_ccs
FuseMax2DPE_25         ZeroWireload      tcbn28hpcplusbwp30p140ffg0p99v0c_ccs
FuseMax2DPE_26         ZeroWireload      tcbn28hpcplusbwp30p140ffg0p99v0c_ccs
FuseMax2DPE_27         ZeroWireload      tcbn28hpcplusbwp30p140ffg0p99v0c_ccs
FuseMax2DPE_28         ZeroWireload      tcbn28hpcplusbwp30p140ffg0p99v0c_ccs
FuseMax2DPE_29         ZeroWireload      tcbn28hpcplusbwp30p140ffg0p99v0c_ccs
FuseMax2DPE_30         ZeroWireload      tcbn28hpcplusbwp30p140ffg0p99v0c_ccs
FuseMax2DPE_31         ZeroWireload      tcbn28hpcplusbwp30p140ffg0p99v0c_ccs
FuseMax2DPE_33         ZeroWireload      tcbn28hpcplusbwp30p140ffg0p99v0c_ccs
FuseMax2DPE_34         ZeroWireload      tcbn28hpcplusbwp30p140ffg0p99v0c_ccs
FuseMax2DPE_35         ZeroWireload      tcbn28hpcplusbwp30p140ffg0p99v0c_ccs
FuseMax2DPE_36         ZeroWireload      tcbn28hpcplusbwp30p140ffg0p99v0c_ccs
FuseMax2DPE_37         ZeroWireload      tcbn28hpcplusbwp30p140ffg0p99v0c_ccs
FuseMax2DPE_38         ZeroWireload      tcbn28hpcplusbwp30p140ffg0p99v0c_ccs
FuseMax2DPE_39         ZeroWireload      tcbn28hpcplusbwp30p140ffg0p99v0c_ccs
FuseMax2DPE_40         ZeroWireload      tcbn28hpcplusbwp30p140ffg0p99v0c_ccs
FuseMax2DPE_41         ZeroWireload      tcbn28hpcplusbwp30p140ffg0p99v0c_ccs
FuseMax2DPE_42         ZeroWireload      tcbn28hpcplusbwp30p140ffg0p99v0c_ccs
FuseMax2DPE_43         ZeroWireload      tcbn28hpcplusbwp30p140ffg0p99v0c_ccs
FuseMax2DPE_44         ZeroWireload      tcbn28hpcplusbwp30p140ffg0p99v0c_ccs
FuseMax2DPE_45         ZeroWireload      tcbn28hpcplusbwp30p140ffg0p99v0c_ccs
FuseMax2DPE_46         ZeroWireload      tcbn28hpcplusbwp30p140ffg0p99v0c_ccs
FuseMax2DPE_47         ZeroWireload      tcbn28hpcplusbwp30p140ffg0p99v0c_ccs
FuseMax2DPE_49         ZeroWireload      tcbn28hpcplusbwp30p140ffg0p99v0c_ccs
FuseMax2DPE_50         ZeroWireload      tcbn28hpcplusbwp30p140ffg0p99v0c_ccs
FuseMax2DPE_51         ZeroWireload      tcbn28hpcplusbwp30p140ffg0p99v0c_ccs
FuseMax2DPE_52         ZeroWireload      tcbn28hpcplusbwp30p140ffg0p99v0c_ccs
FuseMax2DPE_53         ZeroWireload      tcbn28hpcplusbwp30p140ffg0p99v0c_ccs
FuseMax2DPE_54         ZeroWireload      tcbn28hpcplusbwp30p140ffg0p99v0c_ccs
FuseMax2DPE_55         ZeroWireload      tcbn28hpcplusbwp30p140ffg0p99v0c_ccs
FuseMax2DPE_56         ZeroWireload      tcbn28hpcplusbwp30p140ffg0p99v0c_ccs
FuseMax2DPE_57         ZeroWireload      tcbn28hpcplusbwp30p140ffg0p99v0c_ccs
FuseMax2DPE_58         ZeroWireload      tcbn28hpcplusbwp30p140ffg0p99v0c_ccs
FuseMax2DPE_59         ZeroWireload      tcbn28hpcplusbwp30p140ffg0p99v0c_ccs
FuseMax2DPE_60         ZeroWireload      tcbn28hpcplusbwp30p140ffg0p99v0c_ccs
FuseMax2DPE_61         ZeroWireload      tcbn28hpcplusbwp30p140ffg0p99v0c_ccs
FuseMax2DPE_62         ZeroWireload      tcbn28hpcplusbwp30p140ffg0p99v0c_ccs
FuseMax2DPE_63         ZeroWireload      tcbn28hpcplusbwp30p140ffg0p99v0c_ccs
FuseMax2DPE_65         ZeroWireload      tcbn28hpcplusbwp30p140ffg0p99v0c_ccs
FuseMax2DPE_66         ZeroWireload      tcbn28hpcplusbwp30p140ffg0p99v0c_ccs
FuseMax2DPE_67         ZeroWireload      tcbn28hpcplusbwp30p140ffg0p99v0c_ccs
FuseMax2DPE_68         ZeroWireload      tcbn28hpcplusbwp30p140ffg0p99v0c_ccs
FuseMax2DPE_69         ZeroWireload      tcbn28hpcplusbwp30p140ffg0p99v0c_ccs
FuseMax2DPE_70         ZeroWireload      tcbn28hpcplusbwp30p140ffg0p99v0c_ccs
FuseMax2DPE_71         ZeroWireload      tcbn28hpcplusbwp30p140ffg0p99v0c_ccs
FuseMax2DPE_72         ZeroWireload      tcbn28hpcplusbwp30p140ffg0p99v0c_ccs
FuseMax2DPE_73         ZeroWireload      tcbn28hpcplusbwp30p140ffg0p99v0c_ccs
FuseMax2DPE_74         ZeroWireload      tcbn28hpcplusbwp30p140ffg0p99v0c_ccs
FuseMax2DPE_75         ZeroWireload      tcbn28hpcplusbwp30p140ffg0p99v0c_ccs
FuseMax2DPE_76         ZeroWireload      tcbn28hpcplusbwp30p140ffg0p99v0c_ccs
FuseMax2DPE_77         ZeroWireload      tcbn28hpcplusbwp30p140ffg0p99v0c_ccs
FuseMax2DPE_78         ZeroWireload      tcbn28hpcplusbwp30p140ffg0p99v0c_ccs
FuseMax2DPE_79         ZeroWireload      tcbn28hpcplusbwp30p140ffg0p99v0c_ccs
FuseMax2DPE_81         ZeroWireload      tcbn28hpcplusbwp30p140ffg0p99v0c_ccs
FuseMax2DPE_82         ZeroWireload      tcbn28hpcplusbwp30p140ffg0p99v0c_ccs
FuseMax2DPE_83         ZeroWireload      tcbn28hpcplusbwp30p140ffg0p99v0c_ccs
FuseMax2DPE_84         ZeroWireload      tcbn28hpcplusbwp30p140ffg0p99v0c_ccs
FuseMax2DPE_85         ZeroWireload      tcbn28hpcplusbwp30p140ffg0p99v0c_ccs
FuseMax2DPE_86         ZeroWireload      tcbn28hpcplusbwp30p140ffg0p99v0c_ccs
FuseMax2DPE_87         ZeroWireload      tcbn28hpcplusbwp30p140ffg0p99v0c_ccs
FuseMax2DPE_88         ZeroWireload      tcbn28hpcplusbwp30p140ffg0p99v0c_ccs
FuseMax2DPE_89         ZeroWireload      tcbn28hpcplusbwp30p140ffg0p99v0c_ccs
FuseMax2DPE_90         ZeroWireload      tcbn28hpcplusbwp30p140ffg0p99v0c_ccs
FuseMax2DPE_91         ZeroWireload      tcbn28hpcplusbwp30p140ffg0p99v0c_ccs
FuseMax2DPE_92         ZeroWireload      tcbn28hpcplusbwp30p140ffg0p99v0c_ccs
FuseMax2DPE_93         ZeroWireload      tcbn28hpcplusbwp30p140ffg0p99v0c_ccs
FuseMax2DPE_94         ZeroWireload      tcbn28hpcplusbwp30p140ffg0p99v0c_ccs
FuseMax2DPE_95         ZeroWireload      tcbn28hpcplusbwp30p140ffg0p99v0c_ccs
FuseMax2DPE_97         ZeroWireload      tcbn28hpcplusbwp30p140ffg0p99v0c_ccs
FuseMax2DPE_98         ZeroWireload      tcbn28hpcplusbwp30p140ffg0p99v0c_ccs
FuseMax2DPE_99         ZeroWireload      tcbn28hpcplusbwp30p140ffg0p99v0c_ccs
FuseMax2DPE_100        ZeroWireload      tcbn28hpcplusbwp30p140ffg0p99v0c_ccs
FuseMax2DPE_101        ZeroWireload      tcbn28hpcplusbwp30p140ffg0p99v0c_ccs
FuseMax2DPE_102        ZeroWireload      tcbn28hpcplusbwp30p140ffg0p99v0c_ccs
FuseMax2DPE_103        ZeroWireload      tcbn28hpcplusbwp30p140ffg0p99v0c_ccs
FuseMax2DPE_104        ZeroWireload      tcbn28hpcplusbwp30p140ffg0p99v0c_ccs
FuseMax2DPE_105        ZeroWireload      tcbn28hpcplusbwp30p140ffg0p99v0c_ccs
FuseMax2DPE_106        ZeroWireload      tcbn28hpcplusbwp30p140ffg0p99v0c_ccs
FuseMax2DPE_107        ZeroWireload      tcbn28hpcplusbwp30p140ffg0p99v0c_ccs
FuseMax2DPE_108        ZeroWireload      tcbn28hpcplusbwp30p140ffg0p99v0c_ccs
FuseMax2DPE_109        ZeroWireload      tcbn28hpcplusbwp30p140ffg0p99v0c_ccs
FuseMax2DPE_110        ZeroWireload      tcbn28hpcplusbwp30p140ffg0p99v0c_ccs
FuseMax2DPE_111        ZeroWireload      tcbn28hpcplusbwp30p140ffg0p99v0c_ccs
FuseMax2DPE_113        ZeroWireload      tcbn28hpcplusbwp30p140ffg0p99v0c_ccs
FuseMax2DPE_114        ZeroWireload      tcbn28hpcplusbwp30p140ffg0p99v0c_ccs
FuseMax2DPE_115        ZeroWireload      tcbn28hpcplusbwp30p140ffg0p99v0c_ccs
FuseMax2DPE_116        ZeroWireload      tcbn28hpcplusbwp30p140ffg0p99v0c_ccs
FuseMax2DPE_117        ZeroWireload      tcbn28hpcplusbwp30p140ffg0p99v0c_ccs
FuseMax2DPE_118        ZeroWireload      tcbn28hpcplusbwp30p140ffg0p99v0c_ccs
FuseMax2DPE_119        ZeroWireload      tcbn28hpcplusbwp30p140ffg0p99v0c_ccs
FuseMax2DPE_120        ZeroWireload      tcbn28hpcplusbwp30p140ffg0p99v0c_ccs
FuseMax2DPE_121        ZeroWireload      tcbn28hpcplusbwp30p140ffg0p99v0c_ccs
FuseMax2DPE_122        ZeroWireload      tcbn28hpcplusbwp30p140ffg0p99v0c_ccs
FuseMax2DPE_123        ZeroWireload      tcbn28hpcplusbwp30p140ffg0p99v0c_ccs
FuseMax2DPE_124        ZeroWireload      tcbn28hpcplusbwp30p140ffg0p99v0c_ccs
FuseMax2DPE_125        ZeroWireload      tcbn28hpcplusbwp30p140ffg0p99v0c_ccs
FuseMax2DPE_126        ZeroWireload      tcbn28hpcplusbwp30p140ffg0p99v0c_ccs
FuseMax2DPE_127        ZeroWireload      tcbn28hpcplusbwp30p140ffg0p99v0c_ccs
FuseMax2DPE_129        ZeroWireload      tcbn28hpcplusbwp30p140ffg0p99v0c_ccs
FuseMax2DPE_130        ZeroWireload      tcbn28hpcplusbwp30p140ffg0p99v0c_ccs
FuseMax2DPE_131        ZeroWireload      tcbn28hpcplusbwp30p140ffg0p99v0c_ccs
FuseMax2DPE_132        ZeroWireload      tcbn28hpcplusbwp30p140ffg0p99v0c_ccs
FuseMax2DPE_133        ZeroWireload      tcbn28hpcplusbwp30p140ffg0p99v0c_ccs
FuseMax2DPE_134        ZeroWireload      tcbn28hpcplusbwp30p140ffg0p99v0c_ccs
FuseMax2DPE_135        ZeroWireload      tcbn28hpcplusbwp30p140ffg0p99v0c_ccs
FuseMax2DPE_136        ZeroWireload      tcbn28hpcplusbwp30p140ffg0p99v0c_ccs
FuseMax2DPE_137        ZeroWireload      tcbn28hpcplusbwp30p140ffg0p99v0c_ccs
FuseMax2DPE_138        ZeroWireload      tcbn28hpcplusbwp30p140ffg0p99v0c_ccs
FuseMax2DPE_139        ZeroWireload      tcbn28hpcplusbwp30p140ffg0p99v0c_ccs
FuseMax2DPE_140        ZeroWireload      tcbn28hpcplusbwp30p140ffg0p99v0c_ccs
FuseMax2DPE_141        ZeroWireload      tcbn28hpcplusbwp30p140ffg0p99v0c_ccs
FuseMax2DPE_142        ZeroWireload      tcbn28hpcplusbwp30p140ffg0p99v0c_ccs
FuseMax2DPE_143        ZeroWireload      tcbn28hpcplusbwp30p140ffg0p99v0c_ccs
FuseMax2DPE_145        ZeroWireload      tcbn28hpcplusbwp30p140ffg0p99v0c_ccs
FuseMax2DPE_146        ZeroWireload      tcbn28hpcplusbwp30p140ffg0p99v0c_ccs
FuseMax2DPE_147        ZeroWireload      tcbn28hpcplusbwp30p140ffg0p99v0c_ccs
FuseMax2DPE_148        ZeroWireload      tcbn28hpcplusbwp30p140ffg0p99v0c_ccs
FuseMax2DPE_149        ZeroWireload      tcbn28hpcplusbwp30p140ffg0p99v0c_ccs
FuseMax2DPE_150        ZeroWireload      tcbn28hpcplusbwp30p140ffg0p99v0c_ccs
FuseMax2DPE_151        ZeroWireload      tcbn28hpcplusbwp30p140ffg0p99v0c_ccs
FuseMax2DPE_152        ZeroWireload      tcbn28hpcplusbwp30p140ffg0p99v0c_ccs
FuseMax2DPE_153        ZeroWireload      tcbn28hpcplusbwp30p140ffg0p99v0c_ccs
FuseMax2DPE_154        ZeroWireload      tcbn28hpcplusbwp30p140ffg0p99v0c_ccs
FuseMax2DPE_155        ZeroWireload      tcbn28hpcplusbwp30p140ffg0p99v0c_ccs
FuseMax2DPE_156        ZeroWireload      tcbn28hpcplusbwp30p140ffg0p99v0c_ccs
FuseMax2DPE_157        ZeroWireload      tcbn28hpcplusbwp30p140ffg0p99v0c_ccs
FuseMax2DPE_158        ZeroWireload      tcbn28hpcplusbwp30p140ffg0p99v0c_ccs
FuseMax2DPE_159        ZeroWireload      tcbn28hpcplusbwp30p140ffg0p99v0c_ccs
FuseMax2DPE_161        ZeroWireload      tcbn28hpcplusbwp30p140ffg0p99v0c_ccs
FuseMax2DPE_162        ZeroWireload      tcbn28hpcplusbwp30p140ffg0p99v0c_ccs
FuseMax2DPE_163        ZeroWireload      tcbn28hpcplusbwp30p140ffg0p99v0c_ccs
FuseMax2DPE_164        ZeroWireload      tcbn28hpcplusbwp30p140ffg0p99v0c_ccs
FuseMax2DPE_165        ZeroWireload      tcbn28hpcplusbwp30p140ffg0p99v0c_ccs
FuseMax2DPE_166        ZeroWireload      tcbn28hpcplusbwp30p140ffg0p99v0c_ccs
FuseMax2DPE_167        ZeroWireload      tcbn28hpcplusbwp30p140ffg0p99v0c_ccs
FuseMax2DPE_168        ZeroWireload      tcbn28hpcplusbwp30p140ffg0p99v0c_ccs
FuseMax2DPE_169        ZeroWireload      tcbn28hpcplusbwp30p140ffg0p99v0c_ccs
FuseMax2DPE_170        ZeroWireload      tcbn28hpcplusbwp30p140ffg0p99v0c_ccs
FuseMax2DPE_171        ZeroWireload      tcbn28hpcplusbwp30p140ffg0p99v0c_ccs
FuseMax2DPE_172        ZeroWireload      tcbn28hpcplusbwp30p140ffg0p99v0c_ccs
FuseMax2DPE_173        ZeroWireload      tcbn28hpcplusbwp30p140ffg0p99v0c_ccs
FuseMax2DPE_174        ZeroWireload      tcbn28hpcplusbwp30p140ffg0p99v0c_ccs
FuseMax2DPE_175        ZeroWireload      tcbn28hpcplusbwp30p140ffg0p99v0c_ccs
FuseMax2DPE_177        ZeroWireload      tcbn28hpcplusbwp30p140ffg0p99v0c_ccs
FuseMax2DPE_178        ZeroWireload      tcbn28hpcplusbwp30p140ffg0p99v0c_ccs
FuseMax2DPE_179        ZeroWireload      tcbn28hpcplusbwp30p140ffg0p99v0c_ccs
FuseMax2DPE_180        ZeroWireload      tcbn28hpcplusbwp30p140ffg0p99v0c_ccs
FuseMax2DPE_181        ZeroWireload      tcbn28hpcplusbwp30p140ffg0p99v0c_ccs
FuseMax2DPE_182        ZeroWireload      tcbn28hpcplusbwp30p140ffg0p99v0c_ccs
FuseMax2DPE_183        ZeroWireload      tcbn28hpcplusbwp30p140ffg0p99v0c_ccs
FuseMax2DPE_184        ZeroWireload      tcbn28hpcplusbwp30p140ffg0p99v0c_ccs
FuseMax2DPE_185        ZeroWireload      tcbn28hpcplusbwp30p140ffg0p99v0c_ccs
FuseMax2DPE_186        ZeroWireload      tcbn28hpcplusbwp30p140ffg0p99v0c_ccs
FuseMax2DPE_187        ZeroWireload      tcbn28hpcplusbwp30p140ffg0p99v0c_ccs
FuseMax2DPE_188        ZeroWireload      tcbn28hpcplusbwp30p140ffg0p99v0c_ccs
FuseMax2DPE_189        ZeroWireload      tcbn28hpcplusbwp30p140ffg0p99v0c_ccs
FuseMax2DPE_190        ZeroWireload      tcbn28hpcplusbwp30p140ffg0p99v0c_ccs
FuseMax2DPE_191        ZeroWireload      tcbn28hpcplusbwp30p140ffg0p99v0c_ccs
FuseMax2DPE_193        ZeroWireload      tcbn28hpcplusbwp30p140ffg0p99v0c_ccs
FuseMax2DPE_194        ZeroWireload      tcbn28hpcplusbwp30p140ffg0p99v0c_ccs
FuseMax2DPE_195        ZeroWireload      tcbn28hpcplusbwp30p140ffg0p99v0c_ccs
FuseMax2DPE_196        ZeroWireload      tcbn28hpcplusbwp30p140ffg0p99v0c_ccs
FuseMax2DPE_197        ZeroWireload      tcbn28hpcplusbwp30p140ffg0p99v0c_ccs
FuseMax2DPE_198        ZeroWireload      tcbn28hpcplusbwp30p140ffg0p99v0c_ccs
FuseMax2DPE_199        ZeroWireload      tcbn28hpcplusbwp30p140ffg0p99v0c_ccs
FuseMax2DPE_200        ZeroWireload      tcbn28hpcplusbwp30p140ffg0p99v0c_ccs
FuseMax2DPE_201        ZeroWireload      tcbn28hpcplusbwp30p140ffg0p99v0c_ccs
FuseMax2DPE_202        ZeroWireload      tcbn28hpcplusbwp30p140ffg0p99v0c_ccs
FuseMax2DPE_203        ZeroWireload      tcbn28hpcplusbwp30p140ffg0p99v0c_ccs
FuseMax2DPE_204        ZeroWireload      tcbn28hpcplusbwp30p140ffg0p99v0c_ccs
FuseMax2DPE_205        ZeroWireload      tcbn28hpcplusbwp30p140ffg0p99v0c_ccs
FuseMax2DPE_206        ZeroWireload      tcbn28hpcplusbwp30p140ffg0p99v0c_ccs
FuseMax2DPE_207        ZeroWireload      tcbn28hpcplusbwp30p140ffg0p99v0c_ccs
FuseMax2DPE_209        ZeroWireload      tcbn28hpcplusbwp30p140ffg0p99v0c_ccs
FuseMax2DPE_210        ZeroWireload      tcbn28hpcplusbwp30p140ffg0p99v0c_ccs
FuseMax2DPE_211        ZeroWireload      tcbn28hpcplusbwp30p140ffg0p99v0c_ccs
FuseMax2DPE_212        ZeroWireload      tcbn28hpcplusbwp30p140ffg0p99v0c_ccs
FuseMax2DPE_213        ZeroWireload      tcbn28hpcplusbwp30p140ffg0p99v0c_ccs
FuseMax2DPE_214        ZeroWireload      tcbn28hpcplusbwp30p140ffg0p99v0c_ccs
FuseMax2DPE_215        ZeroWireload      tcbn28hpcplusbwp30p140ffg0p99v0c_ccs
FuseMax2DPE_216        ZeroWireload      tcbn28hpcplusbwp30p140ffg0p99v0c_ccs
FuseMax2DPE_217        ZeroWireload      tcbn28hpcplusbwp30p140ffg0p99v0c_ccs
FuseMax2DPE_218        ZeroWireload      tcbn28hpcplusbwp30p140ffg0p99v0c_ccs
FuseMax2DPE_219        ZeroWireload      tcbn28hpcplusbwp30p140ffg0p99v0c_ccs
FuseMax2DPE_220        ZeroWireload      tcbn28hpcplusbwp30p140ffg0p99v0c_ccs
FuseMax2DPE_221        ZeroWireload      tcbn28hpcplusbwp30p140ffg0p99v0c_ccs
FuseMax2DPE_222        ZeroWireload      tcbn28hpcplusbwp30p140ffg0p99v0c_ccs
FuseMax2DPE_223        ZeroWireload      tcbn28hpcplusbwp30p140ffg0p99v0c_ccs
FuseMax2DPE_225        ZeroWireload      tcbn28hpcplusbwp30p140ffg0p99v0c_ccs
FuseMax2DPE_226        ZeroWireload      tcbn28hpcplusbwp30p140ffg0p99v0c_ccs
FuseMax2DPE_227        ZeroWireload      tcbn28hpcplusbwp30p140ffg0p99v0c_ccs
FuseMax2DPE_228        ZeroWireload      tcbn28hpcplusbwp30p140ffg0p99v0c_ccs
FuseMax2DPE_229        ZeroWireload      tcbn28hpcplusbwp30p140ffg0p99v0c_ccs
FuseMax2DPE_230        ZeroWireload      tcbn28hpcplusbwp30p140ffg0p99v0c_ccs
FuseMax2DPE_231        ZeroWireload      tcbn28hpcplusbwp30p140ffg0p99v0c_ccs
FuseMax2DPE_232        ZeroWireload      tcbn28hpcplusbwp30p140ffg0p99v0c_ccs
FuseMax2DPE_233        ZeroWireload      tcbn28hpcplusbwp30p140ffg0p99v0c_ccs
FuseMax2DPE_234        ZeroWireload      tcbn28hpcplusbwp30p140ffg0p99v0c_ccs
FuseMax2DPE_235        ZeroWireload      tcbn28hpcplusbwp30p140ffg0p99v0c_ccs
FuseMax2DPE_236        ZeroWireload      tcbn28hpcplusbwp30p140ffg0p99v0c_ccs
FuseMax2DPE_237        ZeroWireload      tcbn28hpcplusbwp30p140ffg0p99v0c_ccs
FuseMax2DPE_238        ZeroWireload      tcbn28hpcplusbwp30p140ffg0p99v0c_ccs
FuseMax2DPE_239        ZeroWireload      tcbn28hpcplusbwp30p140ffg0p99v0c_ccs
FuseMax2DPE_241        ZeroWireload      tcbn28hpcplusbwp30p140ffg0p99v0c_ccs
FuseMax2DPE_242        ZeroWireload      tcbn28hpcplusbwp30p140ffg0p99v0c_ccs
FuseMax2DPE_243        ZeroWireload      tcbn28hpcplusbwp30p140ffg0p99v0c_ccs
FuseMax2DPE_244        ZeroWireload      tcbn28hpcplusbwp30p140ffg0p99v0c_ccs
FuseMax2DPE_245        ZeroWireload      tcbn28hpcplusbwp30p140ffg0p99v0c_ccs
FuseMax2DPE_246        ZeroWireload      tcbn28hpcplusbwp30p140ffg0p99v0c_ccs
FuseMax2DPE_247        ZeroWireload      tcbn28hpcplusbwp30p140ffg0p99v0c_ccs
FuseMax2DPE_248        ZeroWireload      tcbn28hpcplusbwp30p140ffg0p99v0c_ccs
FuseMax2DPE_249        ZeroWireload      tcbn28hpcplusbwp30p140ffg0p99v0c_ccs
FuseMax2DPE_250        ZeroWireload      tcbn28hpcplusbwp30p140ffg0p99v0c_ccs
FuseMax2DPE_251        ZeroWireload      tcbn28hpcplusbwp30p140ffg0p99v0c_ccs
FuseMax2DPE_252        ZeroWireload      tcbn28hpcplusbwp30p140ffg0p99v0c_ccs
FuseMax2DPE_253        ZeroWireload      tcbn28hpcplusbwp30p140ffg0p99v0c_ccs
FuseMax2DPE_254        ZeroWireload      tcbn28hpcplusbwp30p140ffg0p99v0c_ccs


Global Operating Voltage = 0.99 
Power-specific unit information :
    Voltage Units = 1V
    Capacitance Units = 1.000000pf
    Time Units = 1ns
    Dynamic Power Units = 1mW    (derived from V,C,T units)
    Leakage Power Units = 1nW


--------------------------------------------------------------------------------
                                       Switch   Int      Leak     Total
Hierarchy                              Power    Power    Power    Power    %
--------------------------------------------------------------------------------
FuseMax2DArray                           25.779  354.320 2.96e+06  383.056 100.0
  pe_15_15 (FuseMax2DPE_0)             9.61e-02    1.374 9.84e+03    1.480   0.4
  pe_15_14 (FuseMax2DPE_1)             9.44e-02    1.372 9.93e+03    1.476   0.4
  pe_15_13 (FuseMax2DPE_2)             9.83e-02    1.374 9.94e+03    1.483   0.4
  pe_15_12 (FuseMax2DPE_3)             9.61e-02    1.374 9.92e+03    1.480   0.4
  pe_15_11 (FuseMax2DPE_4)                0.102    1.379 9.93e+03    1.491   0.4
  pe_15_10 (FuseMax2DPE_5)             9.87e-02    1.376 9.85e+03    1.485   0.4
  pe_15_9 (FuseMax2DPE_6)              9.61e-02    1.373 9.90e+03    1.479   0.4
  pe_15_8 (FuseMax2DPE_7)                 0.100    1.378 9.96e+03    1.488   0.4
  pe_15_7 (FuseMax2DPE_8)                 0.100    1.378 9.91e+03    1.488   0.4
  pe_15_6 (FuseMax2DPE_9)              9.66e-02    1.373 9.81e+03    1.479   0.4
  pe_15_5 (FuseMax2DPE_10)             9.52e-02    1.373 9.89e+03    1.478   0.4
  pe_15_4 (FuseMax2DPE_11)             9.75e-02    1.375 9.91e+03    1.482   0.4
  pe_15_3 (FuseMax2DPE_12)                0.101    1.378 9.94e+03    1.488   0.4
  pe_15_2 (FuseMax2DPE_13)             9.57e-02    1.374 9.89e+03    1.480   0.4
  pe_15_1 (FuseMax2DPE_14)             9.93e-02    1.379 9.94e+03    1.488   0.4
  pe_15_0 (FuseMax2DPE_15)             9.83e-02    1.379 9.90e+03    1.487   0.4
  pe_14_15 (FuseMax2DPE_16)            9.77e-02    1.380 1.17e+04    1.490   0.4
  pe_14_14 (FuseMax2DPE_17)            9.58e-02    1.377 1.16e+04    1.484   0.4
  pe_14_13 (FuseMax2DPE_18)            9.66e-02    1.378 1.16e+04    1.486   0.4
  pe_14_12 (FuseMax2DPE_19)            9.72e-02    1.380 1.17e+04    1.489   0.4
  pe_14_11 (FuseMax2DPE_20)            9.78e-02    1.380 1.16e+04    1.489   0.4
  pe_14_10 (FuseMax2DPE_21)            9.87e-02    1.380 1.16e+04    1.490   0.4
  pe_14_9 (FuseMax2DPE_22)             9.68e-02    1.378 1.16e+04    1.487   0.4
  pe_14_8 (FuseMax2DPE_23)             9.88e-02    1.381 1.16e+04    1.492   0.4
  pe_14_7 (FuseMax2DPE_24)             9.84e-02    1.380 1.16e+04    1.490   0.4
  pe_14_6 (FuseMax2DPE_25)             9.74e-02    1.379 1.16e+04    1.489   0.4
  pe_14_5 (FuseMax2DPE_26)             9.88e-02    1.381 1.16e+04    1.492   0.4
  pe_14_4 (FuseMax2DPE_27)             9.85e-02    1.380 1.16e+04    1.490   0.4
  pe_14_3 (FuseMax2DPE_28)             9.60e-02    1.377 1.16e+04    1.485   0.4
  pe_14_2 (FuseMax2DPE_29)             9.76e-02    1.380 1.16e+04    1.489   0.4
  pe_14_1 (FuseMax2DPE_30)                0.101    1.383 1.17e+04    1.496   0.4
  pe_14_0 (FuseMax2DPE_31)             9.65e-02    1.380 1.17e+04    1.488   0.4
  pe_13_15 (FuseMax2DPE_32)            9.55e-02    1.377 1.17e+04    1.485   0.4
  pe_13_14 (FuseMax2DPE_33)            9.57e-02    1.378 1.16e+04    1.485   0.4
  pe_13_13 (FuseMax2DPE_34)            9.59e-02    1.377 1.16e+04    1.485   0.4
  pe_13_12 (FuseMax2DPE_35)            9.80e-02    1.380 1.16e+04    1.490   0.4
  pe_13_11 (FuseMax2DPE_36)            9.99e-02    1.381 1.17e+04    1.493   0.4
  pe_13_10 (FuseMax2DPE_37)            9.71e-02    1.379 1.16e+04    1.488   0.4
  pe_13_9 (FuseMax2DPE_38)             9.79e-02    1.380 1.16e+04    1.489   0.4
  pe_13_8 (FuseMax2DPE_39)             9.68e-02    1.379 1.16e+04    1.487   0.4
  pe_13_7 (FuseMax2DPE_40)             9.97e-02    1.381 1.16e+04    1.493   0.4
  pe_13_6 (FuseMax2DPE_41)                0.100    1.382 1.17e+04    1.494   0.4
  pe_13_5 (FuseMax2DPE_42)             9.69e-02    1.379 1.16e+04    1.487   0.4
  pe_13_4 (FuseMax2DPE_43)             9.91e-02    1.381 1.17e+04    1.492   0.4
  pe_13_3 (FuseMax2DPE_44)             9.66e-02    1.378 1.16e+04    1.486   0.4
  pe_13_2 (FuseMax2DPE_45)             9.74e-02    1.379 1.16e+04    1.488   0.4
  pe_13_1 (FuseMax2DPE_46)             9.71e-02    1.379 1.17e+04    1.487   0.4
  pe_13_0 (FuseMax2DPE_47)             9.75e-02    1.381 1.17e+04    1.490   0.4
  pe_12_15 (FuseMax2DPE_48)            9.69e-02    1.379 1.17e+04    1.488   0.4
  pe_12_14 (FuseMax2DPE_49)            9.70e-02    1.379 1.16e+04    1.488   0.4
  pe_12_13 (FuseMax2DPE_50)            9.35e-02    1.376 1.16e+04    1.481   0.4
  pe_12_12 (FuseMax2DPE_51)               0.100    1.381 1.16e+04    1.493   0.4
  pe_12_11 (FuseMax2DPE_52)            9.63e-02    1.378 1.16e+04    1.486   0.4
  pe_12_10 (FuseMax2DPE_53)            9.83e-02    1.380 1.17e+04    1.490   0.4
  pe_12_9 (FuseMax2DPE_54)             9.79e-02    1.379 1.17e+04    1.489   0.4
  pe_12_8 (FuseMax2DPE_55)             9.81e-02    1.380 1.16e+04    1.490   0.4
  pe_12_7 (FuseMax2DPE_56)             9.80e-02    1.380 1.16e+04    1.490   0.4
  pe_12_6 (FuseMax2DPE_57)                0.103    1.386 1.17e+04    1.500   0.4
  pe_12_5 (FuseMax2DPE_58)             9.47e-02    1.376 1.16e+04    1.483   0.4
  pe_12_4 (FuseMax2DPE_59)                0.101    1.383 1.17e+04    1.495   0.4
  pe_12_3 (FuseMax2DPE_60)             9.57e-02    1.378 1.16e+04    1.486   0.4
  pe_12_2 (FuseMax2DPE_61)             9.65e-02    1.378 1.17e+04    1.487   0.4
  pe_12_1 (FuseMax2DPE_62)             9.84e-02    1.381 1.16e+04    1.491   0.4
  pe_12_0 (FuseMax2DPE_63)             9.73e-02    1.381 1.17e+04    1.490   0.4
  pe_11_15 (FuseMax2DPE_64)            9.67e-02    1.379 1.17e+04    1.487   0.4
  pe_11_14 (FuseMax2DPE_65)            9.56e-02    1.378 1.16e+04    1.485   0.4
  pe_11_13 (FuseMax2DPE_66)            9.65e-02    1.378 1.17e+04    1.486   0.4
  pe_11_12 (FuseMax2DPE_67)            9.69e-02    1.379 1.16e+04    1.488   0.4
  pe_11_11 (FuseMax2DPE_68)            9.86e-02    1.381 1.16e+04    1.491   0.4
  pe_11_10 (FuseMax2DPE_69)            9.52e-02    1.376 1.17e+04    1.483   0.4
  pe_11_9 (FuseMax2DPE_70)             9.65e-02    1.379 1.16e+04    1.487   0.4
  pe_11_8 (FuseMax2DPE_71)             9.90e-02    1.381 1.16e+04    1.491   0.4
  pe_11_7 (FuseMax2DPE_72)             9.86e-02    1.381 1.16e+04    1.491   0.4
  pe_11_6 (FuseMax2DPE_73)             9.35e-02    1.376 1.16e+04    1.481   0.4
  pe_11_5 (FuseMax2DPE_74)             9.89e-02    1.380 1.16e+04    1.491   0.4
  pe_11_4 (FuseMax2DPE_75)             9.74e-02    1.379 1.16e+04    1.488   0.4
  pe_11_3 (FuseMax2DPE_76)             9.46e-02    1.377 1.16e+04    1.483   0.4
  pe_11_2 (FuseMax2DPE_77)             9.40e-02    1.377 1.16e+04    1.482   0.4
  pe_11_1 (FuseMax2DPE_78)             9.69e-02    1.379 1.16e+04    1.488   0.4
  pe_11_0 (FuseMax2DPE_79)             9.98e-02    1.383 1.17e+04    1.494   0.4
  pe_10_15 (FuseMax2DPE_80)            9.95e-02    1.382 1.17e+04    1.493   0.4
  pe_10_14 (FuseMax2DPE_81)            9.90e-02    1.382 1.17e+04    1.493   0.4
  pe_10_13 (FuseMax2DPE_82)               0.101    1.384 1.16e+04    1.497   0.4
  pe_10_12 (FuseMax2DPE_83)            9.47e-02    1.375 1.17e+04    1.481   0.4
  pe_10_11 (FuseMax2DPE_84)            9.79e-02    1.380 1.17e+04    1.490   0.4
  pe_10_10 (FuseMax2DPE_85)               0.103    1.384 1.17e+04    1.498   0.4
  pe_10_9 (FuseMax2DPE_86)             9.95e-02    1.383 1.17e+04    1.494   0.4
  pe_10_8 (FuseMax2DPE_87)             9.52e-02    1.377 1.16e+04    1.483   0.4
  pe_10_7 (FuseMax2DPE_88)             9.80e-02    1.380 1.17e+04    1.489   0.4
  pe_10_6 (FuseMax2DPE_89)             9.80e-02    1.379 1.17e+04    1.488   0.4
  pe_10_5 (FuseMax2DPE_90)             9.66e-02    1.378 1.16e+04    1.486   0.4
  pe_10_4 (FuseMax2DPE_91)             9.39e-02    1.377 1.16e+04    1.482   0.4
  pe_10_3 (FuseMax2DPE_92)             9.77e-02    1.380 1.17e+04    1.489   0.4
  pe_10_2 (FuseMax2DPE_93)                0.100    1.382 1.17e+04    1.494   0.4
  pe_10_1 (FuseMax2DPE_94)             9.60e-02    1.378 1.16e+04    1.486   0.4
  pe_10_0 (FuseMax2DPE_95)             9.70e-02    1.381 1.17e+04    1.490   0.4
  pe_9_15 (FuseMax2DPE_96)             9.68e-02    1.379 1.17e+04    1.487   0.4
  pe_9_14 (FuseMax2DPE_97)             9.96e-02    1.382 1.16e+04    1.493   0.4
  pe_9_13 (FuseMax2DPE_98)             9.84e-02    1.380 1.16e+04    1.490   0.4
  pe_9_12 (FuseMax2DPE_99)             9.51e-02    1.377 1.16e+04    1.484   0.4
  pe_9_11 (FuseMax2DPE_100)            9.61e-02    1.378 1.17e+04    1.486   0.4
  pe_9_10 (FuseMax2DPE_101)            9.66e-02    1.379 1.16e+04    1.487   0.4
  pe_9_9 (FuseMax2DPE_102)             9.89e-02    1.382 1.16e+04    1.493   0.4
  pe_9_8 (FuseMax2DPE_103)             9.48e-02    1.376 1.16e+04    1.483   0.4
  pe_9_7 (FuseMax2DPE_104)             9.83e-02    1.380 1.16e+04    1.490   0.4
  pe_9_6 (FuseMax2DPE_105)             9.80e-02    1.379 1.16e+04    1.489   0.4
  pe_9_5 (FuseMax2DPE_106)             9.47e-02    1.377 1.16e+04    1.483   0.4
  pe_9_4 (FuseMax2DPE_107)             9.89e-02    1.381 1.17e+04    1.492   0.4
  pe_9_3 (FuseMax2DPE_108)                0.101    1.383 1.17e+04    1.496   0.4
  pe_9_2 (FuseMax2DPE_109)             9.60e-02    1.378 1.16e+04    1.486   0.4
  pe_9_1 (FuseMax2DPE_110)             9.50e-02    1.377 1.16e+04    1.484   0.4
  pe_9_0 (FuseMax2DPE_111)             9.86e-02    1.382 1.17e+04    1.493   0.4
  pe_8_15 (FuseMax2DPE_112)            9.79e-02    1.381 1.17e+04    1.490   0.4
  pe_8_14 (FuseMax2DPE_113)            9.86e-02    1.381 1.16e+04    1.491   0.4
  pe_8_13 (FuseMax2DPE_114)            9.51e-02    1.379 1.16e+04    1.486   0.4
  pe_8_12 (FuseMax2DPE_115)               0.100    1.383 1.17e+04    1.495   0.4
  pe_8_11 (FuseMax2DPE_116)            9.83e-02    1.381 1.17e+04    1.491   0.4
  pe_8_10 (FuseMax2DPE_117)            9.78e-02    1.381 1.17e+04    1.490   0.4
  pe_8_9 (FuseMax2DPE_118)             9.87e-02    1.381 1.16e+04    1.492   0.4
  pe_8_8 (FuseMax2DPE_119)                0.101    1.384 1.16e+04    1.497   0.4
  pe_8_7 (FuseMax2DPE_120)             9.73e-02    1.380 1.16e+04    1.489   0.4
  pe_8_6 (FuseMax2DPE_121)             9.92e-02    1.382 1.17e+04    1.493   0.4
  pe_8_5 (FuseMax2DPE_122)             9.69e-02    1.379 1.17e+04    1.487   0.4
  pe_8_4 (FuseMax2DPE_123)             9.82e-02    1.381 1.17e+04    1.490   0.4
  pe_8_3 (FuseMax2DPE_124)             9.87e-02    1.381 1.16e+04    1.491   0.4
  pe_8_2 (FuseMax2DPE_125)             9.62e-02    1.378 1.16e+04    1.486   0.4
  pe_8_1 (FuseMax2DPE_126)             9.66e-02    1.379 1.16e+04    1.487   0.4
  pe_8_0 (FuseMax2DPE_127)             9.51e-02    1.380 1.17e+04    1.487   0.4
  pe_7_15 (FuseMax2DPE_128)            9.74e-02    1.381 1.17e+04    1.490   0.4
  pe_7_14 (FuseMax2DPE_129)            9.56e-02    1.378 1.16e+04    1.485   0.4
  pe_7_13 (FuseMax2DPE_130)               0.100    1.384 1.16e+04    1.496   0.4
  pe_7_12 (FuseMax2DPE_131)            9.73e-02    1.379 1.17e+04    1.488   0.4
  pe_7_11 (FuseMax2DPE_132)            9.58e-02    1.379 1.17e+04    1.486   0.4
  pe_7_10 (FuseMax2DPE_133)            9.98e-02    1.382 1.17e+04    1.493   0.4
  pe_7_9 (FuseMax2DPE_134)                0.101    1.383 1.17e+04    1.495   0.4
  pe_7_8 (FuseMax2DPE_135)             9.69e-02    1.381 1.16e+04    1.489   0.4
  pe_7_7 (FuseMax2DPE_136)             9.72e-02    1.380 1.16e+04    1.488   0.4
  pe_7_6 (FuseMax2DPE_137)             9.85e-02    1.381 1.17e+04    1.492   0.4
  pe_7_5 (FuseMax2DPE_138)             9.84e-02    1.383 1.16e+04    1.493   0.4
  pe_7_4 (FuseMax2DPE_139)             9.86e-02    1.381 1.17e+04    1.492   0.4
  pe_7_3 (FuseMax2DPE_140)             9.65e-02    1.380 1.17e+04    1.488   0.4
  pe_7_2 (FuseMax2DPE_141)             9.60e-02    1.379 1.16e+04    1.487   0.4
  pe_7_1 (FuseMax2DPE_142)             9.80e-02    1.381 1.16e+04    1.491   0.4
  pe_7_0 (FuseMax2DPE_143)             9.80e-02    1.383 1.17e+04    1.492   0.4
  pe_6_15 (FuseMax2DPE_144)            9.84e-02    1.382 1.17e+04    1.492   0.4
  pe_6_14 (FuseMax2DPE_145)               0.102    1.384 1.17e+04    1.498   0.4
  pe_6_13 (FuseMax2DPE_146)            9.84e-02    1.381 1.16e+04    1.491   0.4
  pe_6_12 (FuseMax2DPE_147)            9.93e-02    1.383 1.17e+04    1.494   0.4
  pe_6_11 (FuseMax2DPE_148)            9.73e-02    1.381 1.17e+04    1.490   0.4
  pe_6_10 (FuseMax2DPE_149)            9.82e-02    1.381 1.17e+04    1.491   0.4
  pe_6_9 (FuseMax2DPE_150)             9.79e-02    1.381 1.16e+04    1.491   0.4
  pe_6_8 (FuseMax2DPE_151)                0.102    1.386 1.16e+04    1.500   0.4
  pe_6_7 (FuseMax2DPE_152)             9.82e-02    1.381 1.16e+04    1.491   0.4
  pe_6_6 (FuseMax2DPE_153)             9.71e-02    1.381 1.16e+04    1.489   0.4
  pe_6_5 (FuseMax2DPE_154)                0.101    1.385 1.17e+04    1.497   0.4
  pe_6_4 (FuseMax2DPE_155)                0.102    1.384 1.17e+04    1.497   0.4
  pe_6_3 (FuseMax2DPE_156)                0.101    1.385 1.17e+04    1.498   0.4
  pe_6_2 (FuseMax2DPE_157)                0.102    1.385 1.17e+04    1.498   0.4
  pe_6_1 (FuseMax2DPE_158)             9.86e-02    1.382 1.16e+04    1.492   0.4
  pe_6_0 (FuseMax2DPE_159)                0.101    1.386 1.17e+04    1.499   0.4
  pe_5_15 (FuseMax2DPE_160)               0.102    1.385 1.17e+04    1.498   0.4
  pe_5_14 (FuseMax2DPE_161)            9.98e-02    1.384 1.17e+04    1.495   0.4
  pe_5_13 (FuseMax2DPE_162)               0.100    1.383 1.17e+04    1.495   0.4
  pe_5_12 (FuseMax2DPE_163)               0.101    1.384 1.17e+04    1.497   0.4
  pe_5_11 (FuseMax2DPE_164)               0.100    1.384 1.17e+04    1.496   0.4
  pe_5_10 (FuseMax2DPE_165)               0.101    1.384 1.17e+04    1.496   0.4
  pe_5_9 (FuseMax2DPE_166)                0.104    1.387 1.17e+04    1.502   0.4
  pe_5_8 (FuseMax2DPE_167)             9.84e-02    1.383 1.16e+04    1.493   0.4
  pe_5_7 (FuseMax2DPE_168)                0.102    1.385 1.17e+04    1.498   0.4
  pe_5_6 (FuseMax2DPE_169)                0.102    1.385 1.17e+04    1.499   0.4
  pe_5_5 (FuseMax2DPE_170)             9.91e-02    1.383 1.16e+04    1.494   0.4
  pe_5_4 (FuseMax2DPE_171)             9.91e-02    1.382 1.17e+04    1.493   0.4
  pe_5_3 (FuseMax2DPE_172)                0.101    1.385 1.17e+04    1.498   0.4
  pe_5_2 (FuseMax2DPE_173)             9.99e-02    1.383 1.16e+04    1.495   0.4
  pe_5_1 (FuseMax2DPE_174)             9.73e-02    1.381 1.16e+04    1.490   0.4
  pe_5_0 (FuseMax2DPE_175)                0.102    1.389 1.17e+04    1.502   0.4
  pe_4_15 (FuseMax2DPE_176)               0.103    1.388 1.17e+04    1.502   0.4
  pe_4_14 (FuseMax2DPE_177)            9.66e-02    1.380 1.16e+04    1.489   0.4
  pe_4_13 (FuseMax2DPE_178)               0.102    1.385 1.17e+04    1.498   0.4
  pe_4_12 (FuseMax2DPE_179)               0.101    1.386 1.17e+04    1.498   0.4
  pe_4_11 (FuseMax2DPE_180)               0.101    1.386 1.17e+04    1.499   0.4
  pe_4_10 (FuseMax2DPE_181)               0.104    1.388 1.17e+04    1.504   0.4
  pe_4_9 (FuseMax2DPE_182)                0.101    1.385 1.17e+04    1.498   0.4
  pe_4_8 (FuseMax2DPE_183)                0.102    1.388 1.17e+04    1.501   0.4
  pe_4_7 (FuseMax2DPE_184)                0.100    1.383 1.16e+04    1.495   0.4
  pe_4_6 (FuseMax2DPE_185)             9.97e-02    1.385 1.17e+04    1.497   0.4
  pe_4_5 (FuseMax2DPE_186)                0.105    1.389 1.17e+04    1.505   0.4
  pe_4_4 (FuseMax2DPE_187)                0.102    1.386 1.17e+04    1.499   0.4
  pe_4_3 (FuseMax2DPE_188)                0.103    1.387 1.17e+04    1.501   0.4
  pe_4_2 (FuseMax2DPE_189)             9.69e-02    1.381 1.17e+04    1.489   0.4
  pe_4_1 (FuseMax2DPE_190)                0.101    1.384 1.16e+04    1.496   0.4
  pe_4_0 (FuseMax2DPE_191)                0.104    1.391 1.17e+04    1.506   0.4
  pe_3_15 (FuseMax2DPE_192)               0.102    1.387 1.17e+04    1.501   0.4
  pe_3_14 (FuseMax2DPE_193)               0.106    1.392 1.17e+04    1.509   0.4
  pe_3_13 (FuseMax2DPE_194)               0.106    1.391 1.17e+04    1.509   0.4
  pe_3_12 (FuseMax2DPE_195)               0.106    1.391 1.17e+04    1.508   0.4
  pe_3_11 (FuseMax2DPE_196)               0.106    1.392 1.17e+04    1.510   0.4
  pe_3_10 (FuseMax2DPE_197)               0.104    1.389 1.17e+04    1.505   0.4
  pe_3_9 (FuseMax2DPE_198)                0.107    1.392 1.17e+04    1.510   0.4
  pe_3_8 (FuseMax2DPE_199)                0.105    1.390 1.17e+04    1.507   0.4
  pe_3_7 (FuseMax2DPE_200)                0.106    1.391 1.17e+04    1.508   0.4
  pe_3_6 (FuseMax2DPE_201)                0.105    1.391 1.17e+04    1.508   0.4
  pe_3_5 (FuseMax2DPE_202)                0.103    1.388 1.17e+04    1.503   0.4
  pe_3_4 (FuseMax2DPE_203)                0.105    1.389 1.17e+04    1.505   0.4
  pe_3_3 (FuseMax2DPE_204)                0.102    1.387 1.17e+04    1.501   0.4
  pe_3_2 (FuseMax2DPE_205)                0.107    1.392 1.17e+04    1.510   0.4
  pe_3_1 (FuseMax2DPE_206)                0.102    1.387 1.17e+04    1.500   0.4
  pe_3_0 (FuseMax2DPE_207)                0.104    1.392 1.17e+04    1.508   0.4
  pe_2_15 (FuseMax2DPE_208)               0.102    1.389 1.17e+04    1.503   0.4
  pe_2_14 (FuseMax2DPE_209)               0.107    1.393 1.17e+04    1.511   0.4
  pe_2_13 (FuseMax2DPE_210)               0.105    1.392 1.17e+04    1.509   0.4
  pe_2_12 (FuseMax2DPE_211)               0.109    1.393 1.17e+04    1.513   0.4
  pe_2_11 (FuseMax2DPE_212)               0.106    1.392 1.17e+04    1.509   0.4
  pe_2_10 (FuseMax2DPE_213)               0.108    1.392 1.17e+04    1.511   0.4
  pe_2_9 (FuseMax2DPE_214)                0.104    1.390 1.17e+04    1.505   0.4
  pe_2_8 (FuseMax2DPE_215)                0.106    1.392 1.17e+04    1.509   0.4
  pe_2_7 (FuseMax2DPE_216)                0.106    1.392 1.17e+04    1.510   0.4
  pe_2_6 (FuseMax2DPE_217)                0.107    1.393 1.17e+04    1.512   0.4
  pe_2_5 (FuseMax2DPE_218)                0.106    1.391 1.17e+04    1.509   0.4
  pe_2_4 (FuseMax2DPE_219)                0.107    1.393 1.17e+04    1.512   0.4
  pe_2_3 (FuseMax2DPE_220)                0.107    1.394 1.17e+04    1.512   0.4
  pe_2_2 (FuseMax2DPE_221)                0.109    1.396 1.17e+04    1.517   0.4
  pe_2_1 (FuseMax2DPE_222)                0.108    1.394 1.17e+04    1.513   0.4
  pe_2_0 (FuseMax2DPE_223)                0.107    1.396 1.17e+04    1.515   0.4
  pe_1_15 (FuseMax2DPE_224)               0.110    1.396 1.17e+04    1.518   0.4
  pe_1_14 (FuseMax2DPE_225)               0.109    1.396 1.17e+04    1.517   0.4
  pe_1_13 (FuseMax2DPE_226)               0.110    1.398 1.17e+04    1.519   0.4
  pe_1_12 (FuseMax2DPE_227)               0.110    1.398 1.17e+04    1.519   0.4
  pe_1_11 (FuseMax2DPE_228)               0.107    1.394 1.17e+04    1.513   0.4
  pe_1_10 (FuseMax2DPE_229)               0.108    1.395 1.17e+04    1.515   0.4
  pe_1_9 (FuseMax2DPE_230)                0.107    1.395 1.17e+04    1.514   0.4
  pe_1_8 (FuseMax2DPE_231)                0.110    1.398 1.17e+04    1.520   0.4
  pe_1_7 (FuseMax2DPE_232)                0.109    1.396 1.17e+04    1.517   0.4
  pe_1_6 (FuseMax2DPE_233)                0.109    1.397 1.17e+04    1.517   0.4
  pe_1_5 (FuseMax2DPE_234)                0.109    1.396 1.17e+04    1.517   0.4
  pe_1_4 (FuseMax2DPE_235)                0.106    1.393 1.17e+04    1.510   0.4
  pe_1_3 (FuseMax2DPE_236)                0.107    1.394 1.17e+04    1.513   0.4
  pe_1_2 (FuseMax2DPE_237)                0.107    1.394 1.17e+04    1.513   0.4
  pe_1_1 (FuseMax2DPE_238)                0.109    1.396 1.17e+04    1.517   0.4
  pe_1_0 (FuseMax2DPE_239)                0.108    1.397 1.17e+04    1.516   0.4
  pe_0_15 (FuseMax2DPE_240)               0.110    1.398 1.17e+04    1.519   0.4
  pe_0_14 (FuseMax2DPE_241)               0.110    1.398 1.17e+04    1.520   0.4
  pe_0_13 (FuseMax2DPE_242)               0.115    1.403 1.17e+04    1.529   0.4
  pe_0_12 (FuseMax2DPE_243)               0.115    1.402 1.17e+04    1.529   0.4
  pe_0_11 (FuseMax2DPE_244)               0.112    1.399 1.17e+04    1.522   0.4
  pe_0_10 (FuseMax2DPE_245)               0.110    1.397 1.17e+04    1.519   0.4
  pe_0_9 (FuseMax2DPE_246)                0.107    1.394 1.17e+04    1.513   0.4
  pe_0_8 (FuseMax2DPE_247)                0.111    1.400 1.17e+04    1.523   0.4
  pe_0_7 (FuseMax2DPE_248)                0.112    1.399 1.17e+04    1.523   0.4
  pe_0_6 (FuseMax2DPE_249)                0.111    1.398 1.17e+04    1.521   0.4
  pe_0_5 (FuseMax2DPE_250)                0.112    1.399 1.17e+04    1.522   0.4
  pe_0_4 (FuseMax2DPE_251)                0.111    1.398 1.17e+04    1.521   0.4
  pe_0_3 (FuseMax2DPE_252)                0.110    1.396 1.17e+04    1.517   0.4
  pe_0_2 (FuseMax2DPE_253)                0.111    1.398 1.17e+04    1.522   0.4
  pe_0_1 (FuseMax2DPE_254)                0.116    1.404 1.17e+04    1.532   0.4
  pe_0_0 (FuseMax2DPE_255)                0.114    1.404 1.18e+04    1.530   0.4
1
