 
****************************************
Report : area
Design : SystolicArray
Version: V-2023.12
Date   : Mon Apr  6 12:44:27 2026
****************************************

Library(s) Used:

    tcbn28hpcplusbwp30p140ffg0p99v0c_ccs (File: /hpc/Tech/TSMC/digital/N28/digital/Front_End/timing_power_noise/CCS/tcbn28hpcplusbwp30p140_180a/tcbn28hpcplusbwp30p140ffg0p99v0c_ccs.db)

Number of ports:                        30082
Number of nets:                        901737
Number of cells:                       833404
Number of combinational cells:         816492
Number of sequential cells:             16640
Number of macros/black boxes:               0
Number of buf/inv:                     148137
Number of references:                     280

Combinational area:             494108.243242
Buf/Inv area:                    39384.576517
Noncombinational area:           32178.761573
Macro/Black Box area:                0.000000
Net Interconnect area:      undefined  (Wire load has zero net area)

Total cell area:                526287.004816
Total area:                 undefined

Hierarchical area distribution
------------------------------

                                  Global cell area              Local cell area
                                  --------------------  ------------------------------- 
Hierarchical cell                 Absolute     Percent  Combi-       Noncombi-   Black-
                                  Total        Total    national     national    boxes   Design
--------------------------------  -----------  -------  -----------  ----------  ------  ---------
SystolicArray                     526287.0048    100.0       0.5040  23139.0177  0.0000  SystolicArray
cmpArray_0                           362.8800      0.1     302.4000     60.4800  0.0000  CMP_15
cmpArray_1                           362.8800      0.1     302.4000     60.4800  0.0000  CMP_14
cmpArray_10                          362.8800      0.1     302.4000     60.4800  0.0000  CMP_5
cmpArray_11                          362.8800      0.1     302.4000     60.4800  0.0000  CMP_4
cmpArray_12                          362.8800      0.1     302.4000     60.4800  0.0000  CMP_3
cmpArray_13                          362.8800      0.1     302.4000     60.4800  0.0000  CMP_2
cmpArray_14                          362.8800      0.1     302.4000     60.4800  0.0000  CMP_1
cmpArray_15                          362.8800      0.1     302.4000     60.4800  0.0000  CMP_0
cmpArray_2                           362.8800      0.1     302.4000     60.4800  0.0000  CMP_13
cmpArray_3                           362.8800      0.1     302.4000     60.4800  0.0000  CMP_12
cmpArray_4                           362.8800      0.1     302.4000     60.4800  0.0000  CMP_11
cmpArray_5                           362.8800      0.1     302.4000     60.4800  0.0000  CMP_10
cmpArray_6                           362.8800      0.1     302.4000     60.4800  0.0000  CMP_9
cmpArray_7                           362.8800      0.1     302.4000     60.4800  0.0000  CMP_8
cmpArray_8                           362.8800      0.1     302.4000     60.4800  0.0000  CMP_7
cmpArray_9                           362.8800      0.1     302.4000     60.4800  0.0000  CMP_6
mesh_0_0                            1989.0360      0.4    1958.0400     30.9960  0.0000  PE_255
mesh_0_1                            1963.4580      0.4    1932.0840     31.3740  0.0000  PE_254
mesh_0_10                           1966.4820      0.4    1935.8640     30.6180  0.0000  PE_245
mesh_0_11                           1972.0260      0.4    1940.6520     31.3740  0.0000  PE_244
mesh_0_12                           1965.3480      0.4    1934.3520     30.9960  0.0000  PE_243
mesh_0_13                           1984.6260      0.4    1953.2520     31.3740  0.0000  PE_242
mesh_0_14                           1983.4920      0.4    1952.4960     30.9960  0.0000  PE_241
mesh_0_15                           1919.2320      0.4    1887.4800     31.7520  0.0000  PE_240
mesh_0_2                            1964.5920      0.4    1933.2180     31.3740  0.0000  PE_253
mesh_0_3                            1968.1200      0.4    1936.7460     31.3740  0.0000  PE_252
mesh_0_4                            1977.6960      0.4    1946.7000     30.9960  0.0000  PE_251
mesh_0_5                            1975.8060      0.4    1944.8100     30.9960  0.0000  PE_250
mesh_0_6                            1978.7040      0.4    1946.9520     31.7520  0.0000  PE_249
mesh_0_7                            1975.6800      0.4    1944.3060     31.3740  0.0000  PE_248
mesh_0_8                            1975.1760      0.4    1943.4240     31.7520  0.0000  PE_247
mesh_0_9                            1975.5540      0.4    1943.8020     31.7520  0.0000  PE_246
mesh_10_0                           2005.5420      0.4    1974.1680     31.3740  0.0000  PE_95
mesh_10_1                           1944.1800      0.4    1912.4280     31.7520  0.0000  PE_94
mesh_10_10                          1953.0000      0.4    1921.6260     31.3740  0.0000  PE_85
mesh_10_11                          1933.4700      0.4    1902.4740     30.9960  0.0000  PE_84
mesh_10_12                          1918.3500      0.4    1886.5980     31.7520  0.0000  PE_83
mesh_10_13                          1935.4860      0.4    1903.3560     32.1300  0.0000  PE_82
mesh_10_14                          1941.4080      0.4    1909.6560     31.7520  0.0000  PE_81
mesh_10_15                          1970.3880      0.4    1939.0140     31.3740  0.0000  PE_80
mesh_10_2                           1939.0140      0.4    1907.6400     31.3740  0.0000  PE_93
mesh_10_3                           1929.1860      0.4    1897.8120     31.3740  0.0000  PE_92
mesh_10_4                           1915.2000      0.4    1883.8260     31.3740  0.0000  PE_91
mesh_10_5                           1959.3000      0.4    1927.5480     31.7520  0.0000  PE_90
mesh_10_6                           1913.5620      0.4    1881.8100     31.7520  0.0000  PE_89
mesh_10_7                           1953.5040      0.4    1922.5080     30.9960  0.0000  PE_88
mesh_10_8                           1933.9740      0.4    1902.2220     31.7520  0.0000  PE_87
mesh_10_9                           1933.0920      0.4    1902.0960     30.9960  0.0000  PE_86
mesh_11_0                           2005.5420      0.4    1974.5460     30.9960  0.0000  PE_79
mesh_11_1                           1921.6260      0.4    1889.8740     31.7520  0.0000  PE_78
mesh_11_10                          1937.5020      0.4    1905.7500     31.7520  0.0000  PE_69
mesh_11_11                          1935.8640      0.4    1904.8680     30.9960  0.0000  PE_68
mesh_11_12                          1925.0280      0.4    1893.2760     31.7520  0.0000  PE_67
mesh_11_13                          1930.4460      0.4    1899.0720     31.3740  0.0000  PE_66
mesh_11_14                          1929.6900      0.4    1897.5600     32.1300  0.0000  PE_65
mesh_11_15                          1980.0900      0.4    1949.4720     30.6180  0.0000  PE_64
mesh_11_2                           1941.2820      0.4    1909.1520     32.1300  0.0000  PE_77
mesh_11_3                           1929.9420      0.4    1898.1900     31.7520  0.0000  PE_76
mesh_11_4                           1936.4940      0.4    1904.3640     32.1300  0.0000  PE_75
mesh_11_5                           1916.8380      0.4    1885.4640     31.3740  0.0000  PE_74
mesh_11_6                           1936.3680      0.4    1904.6160     31.7520  0.0000  PE_73
mesh_11_7                           1923.7680      0.4    1892.0160     31.7520  0.0000  PE_72
mesh_11_8                           1937.5020      0.4    1905.7500     31.7520  0.0000  PE_71
mesh_11_9                           1930.3200      0.4    1898.9460     31.3740  0.0000  PE_70
mesh_12_0                           2005.7940      0.4    1975.1760     30.6180  0.0000  PE_63
mesh_12_1                           1927.0440      0.4    1895.6700     31.3740  0.0000  PE_62
mesh_12_10                          1941.7860      0.4    1910.0340     31.7520  0.0000  PE_53
mesh_12_11                          1936.3680      0.4    1904.9940     31.3740  0.0000  PE_52
mesh_12_12                          1921.2480      0.4    1889.1180     32.1300  0.0000  PE_51
mesh_12_13                          1917.7200      0.4    1886.3460     31.3740  0.0000  PE_50
mesh_12_14                          1940.4000      0.4    1909.0260     31.3740  0.0000  PE_49
mesh_12_15                          1967.6160      0.4    1936.6200     30.9960  0.0000  PE_48
mesh_12_2                           1932.9660      0.4    1900.8360     32.1300  0.0000  PE_61
mesh_12_3                           1932.8400      0.4    1901.4660     31.3740  0.0000  PE_60
mesh_12_4                           1929.4380      0.4    1898.4420     30.9960  0.0000  PE_59
mesh_12_5                           1936.2420      0.4    1904.4900     31.7520  0.0000  PE_58
mesh_12_6                           1944.9360      0.4    1913.1840     31.7520  0.0000  PE_57
mesh_12_7                           1932.0840      0.4    1900.7100     31.3740  0.0000  PE_56
mesh_12_8                           1935.4860      0.4    1903.7340     31.7520  0.0000  PE_55
mesh_12_9                           1940.4000      0.4    1908.2700     32.1300  0.0000  PE_54
mesh_13_0                           2003.0220      0.4    1972.0260     30.9960  0.0000  PE_47
mesh_13_1                           1927.9260      0.4    1896.5520     31.3740  0.0000  PE_46
mesh_13_10                          1920.7440      0.4    1889.7480     30.9960  0.0000  PE_37
mesh_13_11                          1931.7060      0.4    1900.3320     31.3740  0.0000  PE_36
mesh_13_12                          1932.7140      0.4    1900.9620     31.7520  0.0000  PE_35
mesh_13_13                          1933.8480      0.4    1902.4740     31.3740  0.0000  PE_34
mesh_13_14                          1930.0680      0.4    1898.3160     31.7520  0.0000  PE_33
mesh_13_15                          1971.6480      0.4    1940.6520     30.9960  0.0000  PE_32
mesh_13_2                           1936.8720      0.4    1904.7420     32.1300  0.0000  PE_45
mesh_13_3                           1935.8640      0.4    1904.4900     31.3740  0.0000  PE_44
mesh_13_4                           1945.1880      0.4    1913.4360     31.7520  0.0000  PE_43
mesh_13_5                           1920.3660      0.4    1888.6140     31.7520  0.0000  PE_42
mesh_13_6                           1914.3180      0.4    1882.9440     31.3740  0.0000  PE_41
mesh_13_7                           1930.9500      0.4    1899.5760     31.3740  0.0000  PE_40
mesh_13_8                           1933.9740      0.4    1902.6000     31.3740  0.0000  PE_39
mesh_13_9                           1948.3380      0.4    1916.9640     31.3740  0.0000  PE_38
mesh_14_0                           2021.2920      0.4    1990.6740     30.6180  0.0000  PE_31
mesh_14_1                           1932.0840      0.4    1900.3320     31.7520  0.0000  PE_30
mesh_14_10                          1935.3600      0.4    1903.6080     31.7520  0.0000  PE_21
mesh_14_11                          1933.3440      0.4    1901.9700     31.3740  0.0000  PE_20
mesh_14_12                          1924.7760      0.4    1893.0240     31.7520  0.0000  PE_19
mesh_14_13                          1943.6760      0.4    1912.3020     31.3740  0.0000  PE_18
mesh_14_14                          1946.0700      0.4    1914.6960     31.3740  0.0000  PE_17
mesh_14_15                          1961.1900      0.4    1930.5720     30.6180  0.0000  PE_16
mesh_14_2                           1940.7780      0.4    1909.4040     31.3740  0.0000  PE_29
mesh_14_3                           1927.2960      0.4    1896.3000     30.9960  0.0000  PE_28
mesh_14_4                           1923.6420      0.4    1891.8900     31.7520  0.0000  PE_27
mesh_14_5                           1930.1940      0.4    1898.0640     32.1300  0.0000  PE_26
mesh_14_6                           1929.9420      0.4    1897.8120     32.1300  0.0000  PE_25
mesh_14_7                           1939.8960      0.4    1908.5220     31.3740  0.0000  PE_24
mesh_14_8                           1951.3620      0.4    1919.6100     31.7520  0.0000  PE_23
mesh_14_9                           1935.1080      0.4    1903.3560     31.7520  0.0000  PE_22
mesh_15_0                           1991.4300      0.4    1960.0560     31.3740  0.0000  PE_15
mesh_15_1                           1927.2960      0.4    1895.9220     31.3740  0.0000  PE_14
mesh_15_10                          1930.8240      0.4    1899.8280     30.9960  0.0000  PE_5
mesh_15_11                          1949.2200      0.4    1917.8460     31.3740  0.0000  PE_4
mesh_15_12                          1934.6040      0.4    1903.6080     30.9960  0.0000  PE_3
mesh_15_13                          1937.8800      0.4    1906.1280     31.7520  0.0000  PE_2
mesh_15_14                          1958.7960      0.4    1927.0440     31.7520  0.0000  PE_1
mesh_15_15                          1977.8220      0.4    1947.2040     30.6180  0.0000  PE_0
mesh_15_2                           1916.9640      0.4    1885.2120     31.7520  0.0000  PE_13
mesh_15_3                           1927.1700      0.4    1896.1740     30.9960  0.0000  PE_12
mesh_15_4                           1924.0200      0.4    1892.2680     31.7520  0.0000  PE_11
mesh_15_5                           1927.8000      0.4    1896.4260     31.3740  0.0000  PE_10
mesh_15_6                           1945.8180      0.4    1914.4440     31.3740  0.0000  PE_9
mesh_15_7                           1931.0760      0.4    1899.7020     31.3740  0.0000  PE_8
mesh_15_8                           1933.9740      0.4    1902.2220     31.7520  0.0000  PE_7
mesh_15_9                           1940.1480      0.4    1908.7740     31.3740  0.0000  PE_6
mesh_1_0                            1989.0360      0.4    1958.0400     30.9960  0.0000  PE_239
mesh_1_1                            1935.9900      0.4    1904.2380     31.7520  0.0000  PE_238
mesh_1_10                           1929.3120      0.4    1897.1820     32.1300  0.0000  PE_229
mesh_1_11                           1927.5480      0.4    1895.7960     31.7520  0.0000  PE_228
mesh_1_12                           1934.1000      0.4    1902.7260     31.3740  0.0000  PE_227
mesh_1_13                           1939.1400      0.4    1907.7660     31.3740  0.0000  PE_226
mesh_1_14                           1945.5660      0.4    1912.8060     32.7600  0.0000  PE_225
mesh_1_15                           1974.6720      0.4    1943.2980     31.3740  0.0000  PE_224
mesh_1_2                            1925.4060      0.4    1893.2760     32.1300  0.0000  PE_237
mesh_1_3                            1937.5020      0.4    1906.1280     31.3740  0.0000  PE_236
mesh_1_4                            1934.2260      0.4    1902.4740     31.7520  0.0000  PE_235
mesh_1_5                            1944.5580      0.4    1913.5620     30.9960  0.0000  PE_234
mesh_1_6                            1941.6600      0.4    1910.2860     31.3740  0.0000  PE_233
mesh_1_7                            1938.5100      0.4    1907.1360     31.3740  0.0000  PE_232
mesh_1_8                            1942.1640      0.4    1911.1680     30.9960  0.0000  PE_231
mesh_1_9                            1938.7620      0.4    1907.3880     31.3740  0.0000  PE_230
mesh_2_0                            2006.8020      0.4    1976.1840     30.6180  0.0000  PE_223
mesh_2_1                            1937.5020      0.4    1905.7500     31.7520  0.0000  PE_222
mesh_2_10                           1937.3760      0.4    1906.0020     31.3740  0.0000  PE_213
mesh_2_11                           1933.7220      0.4    1901.9700     31.7520  0.0000  PE_212
mesh_2_12                           1919.9880      0.4    1887.8580     32.1300  0.0000  PE_211
mesh_2_13                           1935.9900      0.4    1904.2380     31.7520  0.0000  PE_210
mesh_2_14                           1938.0060      0.4    1906.2540     31.7520  0.0000  PE_209
mesh_2_15                           1988.4060      0.4    1957.4100     30.9960  0.0000  PE_208
mesh_2_2                            1938.8880      0.4    1907.5140     31.3740  0.0000  PE_221
mesh_2_3                            1927.5480      0.4    1895.7960     31.7520  0.0000  PE_220
mesh_2_4                            1911.7980      0.4    1880.0460     31.7520  0.0000  PE_219
mesh_2_5                            1931.9580      0.4    1900.5840     31.3740  0.0000  PE_218
mesh_2_6                            1922.3820      0.4    1891.0080     31.3740  0.0000  PE_217
mesh_2_7                            1947.3300      0.4    1915.9560     31.3740  0.0000  PE_216
mesh_2_8                            1943.9280      0.4    1911.7980     32.1300  0.0000  PE_215
mesh_2_9                            1943.4240      0.4    1911.6720     31.7520  0.0000  PE_214
mesh_3_0                            1989.2880      0.4    1957.9140     31.3740  0.0000  PE_207
mesh_3_1                            1954.1340      0.4    1922.7600     31.3740  0.0000  PE_206
mesh_3_10                           1940.6520      0.4    1909.2780     31.3740  0.0000  PE_197
mesh_3_11                           1951.9920      0.4    1920.6180     31.3740  0.0000  PE_196
mesh_3_12                           1931.2020      0.4    1899.8280     31.3740  0.0000  PE_195
mesh_3_13                           1930.1940      0.4    1898.8200     31.3740  0.0000  PE_194
mesh_3_14                           1918.9800      0.4    1887.2280     31.7520  0.0000  PE_193
mesh_3_15                           1956.2760      0.4    1924.9020     31.3740  0.0000  PE_192
mesh_3_2                            1933.9740      0.4    1901.8440     32.1300  0.0000  PE_205
mesh_3_3                            1929.4380      0.4    1897.6860     31.7520  0.0000  PE_204
mesh_3_4                            1950.9840      0.4    1919.2320     31.7520  0.0000  PE_203
mesh_3_5                            1945.3140      0.4    1913.9400     31.3740  0.0000  PE_202
mesh_3_6                            1935.4860      0.4    1903.7340     31.7520  0.0000  PE_201
mesh_3_7                            1942.4160      0.4    1910.2860     32.1300  0.0000  PE_200
mesh_3_8                            1937.5020      0.4    1905.7500     31.7520  0.0000  PE_199
mesh_3_9                            1940.7780      0.4    1908.6480     32.1300  0.0000  PE_198
mesh_4_0                            1994.4540      0.4    1963.4580     30.9960  0.0000  PE_191
mesh_4_1                            1937.7540      0.4    1906.0020     31.7520  0.0000  PE_190
mesh_4_10                           1936.8720      0.4    1904.7420     32.1300  0.0000  PE_181
mesh_4_11                           1942.0380      0.4    1910.2860     31.7520  0.0000  PE_180
mesh_4_12                           1938.7620      0.4    1907.0100     31.7520  0.0000  PE_179
mesh_4_13                           1950.8580      0.4    1919.8620     30.9960  0.0000  PE_178
mesh_4_14                           1935.9900      0.4    1904.2380     31.7520  0.0000  PE_177
mesh_4_15                           1976.8140      0.4    1945.8180     30.9960  0.0000  PE_176
mesh_4_2                            1936.4940      0.4    1904.7420     31.7520  0.0000  PE_189
mesh_4_3                            1943.0460      0.4    1911.6720     31.3740  0.0000  PE_188
mesh_4_4                            1928.0520      0.4    1895.9220     32.1300  0.0000  PE_187
mesh_4_5                            1948.2120      0.4    1916.4600     31.7520  0.0000  PE_186
mesh_4_6                            1939.8960      0.4    1908.5220     31.3740  0.0000  PE_185
mesh_4_7                            1934.1000      0.4    1902.7260     31.3740  0.0000  PE_184
mesh_4_8                            1926.5400      0.4    1894.7880     31.7520  0.0000  PE_183
mesh_4_9                            1934.4780      0.4    1902.3480     32.1300  0.0000  PE_182
mesh_5_0                            2010.3300      0.4    1979.7120     30.6180  0.0000  PE_175
mesh_5_1                            1927.0440      0.4    1895.2920     31.7520  0.0000  PE_174
mesh_5_10                           1932.3360      0.4    1900.2060     32.1300  0.0000  PE_165
mesh_5_11                           1936.4940      0.4    1904.7420     31.7520  0.0000  PE_164
mesh_5_12                           1942.6680      0.4    1911.2940     31.3740  0.0000  PE_163
mesh_5_13                           1948.2120      0.4    1917.2160     30.9960  0.0000  PE_162
mesh_5_14                           1938.8880      0.4    1906.7580     32.1300  0.0000  PE_161
mesh_5_15                           1977.0660      0.4    1946.0700     30.9960  0.0000  PE_160
mesh_5_2                            1935.2340      0.4    1903.1040     32.1300  0.0000  PE_173
mesh_5_3                            1924.2720      0.4    1892.5200     31.7520  0.0000  PE_172
mesh_5_4                            1942.6680      0.4    1911.2940     31.3740  0.0000  PE_171
mesh_5_5                            1938.1320      0.4    1906.7580     31.3740  0.0000  PE_170
mesh_5_6                            1930.4460      0.4    1899.4500     30.9960  0.0000  PE_169
mesh_5_7                            1943.9280      0.4    1912.1760     31.7520  0.0000  PE_168
mesh_5_8                            1932.2100      0.4    1900.4580     31.7520  0.0000  PE_167
mesh_5_9                            1927.0440      0.4    1894.9140     32.1300  0.0000  PE_166
mesh_6_0                            1991.6820      0.4    1961.0640     30.6180  0.0000  PE_159
mesh_6_1                            1939.5180      0.4    1908.1440     31.3740  0.0000  PE_158
mesh_6_10                           1937.2500      0.4    1905.4980     31.7520  0.0000  PE_149
mesh_6_11                           1928.1780      0.4    1896.0480     32.1300  0.0000  PE_148
mesh_6_12                           1922.5080      0.4    1890.7560     31.7520  0.0000  PE_147
mesh_6_13                           1936.4940      0.4    1904.7420     31.7520  0.0000  PE_146
mesh_6_14                           1928.3040      0.4    1896.9300     31.3740  0.0000  PE_145
mesh_6_15                           1981.2240      0.4    1950.2280     30.9960  0.0000  PE_144
mesh_6_2                            1971.2700      0.4    1939.5180     31.7520  0.0000  PE_157
mesh_6_3                            1938.1320      0.4    1906.7580     31.3740  0.0000  PE_156
mesh_6_4                            1928.0520      0.4    1895.9220     32.1300  0.0000  PE_155
mesh_6_5                            1948.4640      0.4    1916.7120     31.7520  0.0000  PE_154
mesh_6_6                            1945.8180      0.4    1914.0660     31.7520  0.0000  PE_153
mesh_6_7                            1921.1220      0.4    1889.3700     31.7520  0.0000  PE_152
mesh_6_8                            1933.8480      0.4    1902.0960     31.7520  0.0000  PE_151
mesh_6_9                            1927.1700      0.4    1895.4180     31.7520  0.0000  PE_150
mesh_7_0                            2008.6920      0.4    1978.4520     30.2400  0.0000  PE_143
mesh_7_1                            1931.9580      0.4    1900.5840     31.3740  0.0000  PE_142
mesh_7_10                           1922.5080      0.4    1890.7560     31.7520  0.0000  PE_133
mesh_7_11                           1935.2340      0.4    1903.1040     32.1300  0.0000  PE_132
mesh_7_12                           1924.7760      0.4    1893.0240     31.7520  0.0000  PE_131
mesh_7_13                           1919.9880      0.4    1888.2360     31.7520  0.0000  PE_130
mesh_7_14                           1915.8300      0.4    1883.7000     32.1300  0.0000  PE_129
mesh_7_15                           1993.0680      0.4    1962.0720     30.9960  0.0000  PE_128
mesh_7_2                            1928.3040      0.4    1896.1740     32.1300  0.0000  PE_141
mesh_7_3                            1929.1860      0.4    1897.8120     31.3740  0.0000  PE_140
mesh_7_4                            1962.3240      0.4    1930.9500     31.3740  0.0000  PE_139
mesh_7_5                            1924.1460      0.4    1892.7720     31.3740  0.0000  PE_138
mesh_7_6                            1921.8780      0.4    1889.7480     32.1300  0.0000  PE_137
mesh_7_7                            1938.5100      0.4    1907.1360     31.3740  0.0000  PE_136
mesh_7_8                            1948.9680      0.4    1917.2160     31.7520  0.0000  PE_135
mesh_7_9                            1927.6740      0.4    1895.5440     32.1300  0.0000  PE_134
mesh_8_0                            1999.3680      0.4    1968.3720     30.9960  0.0000  PE_127
mesh_8_1                            1921.7520      0.4    1889.6220     32.1300  0.0000  PE_126
mesh_8_10                           1945.4400      0.4    1913.6880     31.7520  0.0000  PE_117
mesh_8_11                           1914.5700      0.4    1883.1960     31.3740  0.0000  PE_116
mesh_8_12                           1922.2560      0.4    1890.1260     32.1300  0.0000  PE_115
mesh_8_13                           1929.8160      0.4    1898.0640     31.7520  0.0000  PE_114
mesh_8_14                           1920.6180      0.4    1889.2440     31.3740  0.0000  PE_113
mesh_8_15                           1981.2240      0.4    1950.2280     30.9960  0.0000  PE_112
mesh_8_2                            1940.1480      0.4    1908.3960     31.7520  0.0000  PE_125
mesh_8_3                            1936.6200      0.4    1905.6240     30.9960  0.0000  PE_124
mesh_8_4                            1930.6980      0.4    1898.5680     32.1300  0.0000  PE_123
mesh_8_5                            1940.4000      0.4    1909.0260     31.3740  0.0000  PE_122
mesh_8_6                            1925.1540      0.4    1893.7800     31.3740  0.0000  PE_121
mesh_8_7                            1926.2880      0.4    1894.9140     31.3740  0.0000  PE_120
mesh_8_8                            1936.7460      0.4    1904.6160     32.1300  0.0000  PE_119
mesh_8_9                            1919.8620      0.4    1888.1100     31.7520  0.0000  PE_118
mesh_9_0                            1992.0600      0.4    1960.6860     31.3740  0.0000  PE_111
mesh_9_1                            1932.3360      0.4    1900.9620     31.3740  0.0000  PE_110
mesh_9_10                           1929.6900      0.4    1898.6940     30.9960  0.0000  PE_101
mesh_9_11                           1929.8160      0.4    1898.0640     31.7520  0.0000  PE_100
mesh_9_12                           1931.7060      0.4    1899.9540     31.7520  0.0000  PE_99
mesh_9_13                           1932.0840      0.4    1900.3320     31.7520  0.0000  PE_98
mesh_9_14                           1933.8480      0.4    1901.7180     32.1300  0.0000  PE_97
mesh_9_15                           1965.2220      0.4    1934.2260     30.9960  0.0000  PE_96
mesh_9_2                            1924.3980      0.4    1892.6460     31.7520  0.0000  PE_109
mesh_9_3                            1936.7460      0.4    1905.7500     30.9960  0.0000  PE_108
mesh_9_4                            1930.9500      0.4    1898.8200     32.1300  0.0000  PE_107
mesh_9_5                            1938.7620      0.4    1907.3880     31.3740  0.0000  PE_106
mesh_9_6                            1930.8240      0.4    1898.6940     32.1300  0.0000  PE_105
mesh_9_7                            1939.5180      0.4    1908.1440     31.3740  0.0000  PE_104
mesh_9_8                            1920.2400      0.4    1888.4880     31.7520  0.0000  PE_103
mesh_9_9                            1924.2720      0.4    1892.8980     31.3740  0.0000  PE_102
--------------------------------  -----------  -------  -----------  ----------  ------  ---------
Total                                                   494108.2432  32178.7616  0.0000

1
