Information: Updating design information... (UID-85)
Warning: Design 'OneSaArray' contains 1 high-fanout nets. A fanout number of 1000 will be used for delay calculations involving these nets. (TIM-134)
 
****************************************
Report : timing
        -path full
        -delay max
        -nets
        -max_paths 1
        -transition_time
Design : OneSaArray
Version: V-2023.12
Date   : Mon Apr  6 15:49:30 2026
****************************************

 # A fanout number of 1000 was used for high fanout net computations.

Operating Conditions: ffg0p99v0c   Library: tcbn28hpcplusbwp30p140ffg0p99v0c_ccs
Wire Load Model Mode: segmented

  Startpoint: mesh/pes_3_0/regSharedPairs_0_reg[0]
              (rising edge-triggered flip-flop clocked by ideal_clock1)
  Endpoint: mesh/pes_3_0/regPsum_reg[31]
            (rising edge-triggered flip-flop clocked by ideal_clock1)
  Path Group: ideal_clock1
  Path Type: max

  Des/Clust/Port     Wire Load Model       Library
  ------------------------------------------------
  OneSaArray         ZeroWireload          tcbn28hpcplusbwp30p140ffg0p99v0c_ccs
  OneSaMesh          ZeroWireload          tcbn28hpcplusbwp30p140ffg0p99v0c_ccs

Attributes:
    d - dont_touch
    u - dont_use
   mo - map_only
   so - size_only
    i - ideal_net or ideal_network
  inf - infeasible path

  Point                                             Fanout     Trans      Incr       Path      Attributes
  ---------------------------------------------------------------------------------------------------------------
  clock ideal_clock1 (rise edge)                                          0.00       0.00
  clock network delay (ideal)                                             0.00       0.00
  mesh/pes_3_0/regSharedPairs_0_reg[0]/CP (DFQD1BWP30P140)      0.00      0.00 #     0.00 r
  mesh/pes_3_0/regSharedPairs_0_reg[0]/Q (DFQD1BWP30P140)       0.01      0.04       0.04 f
  mesh/pes_3_0/regSharedPairs_0[0] (net)              3                   0.00       0.04 f
  mesh/U31147/ZN (ND2D1BWP30P140)                               0.01      0.01       0.05 r
  mesh/n70882 (net)                                   4                   0.00       0.05 r
  mesh/U127148/ZN (AOI21D1BWP30P140)                            0.01      0.01       0.06 f
  mesh/intadd_342/CI (net)                            1                   0.00       0.06 f
  mesh/intadd_342/U30/CO (FA1D0BWP30P140)                       0.01      0.03       0.08 f    mo 
  mesh/intadd_342/n29 (net)                           1                   0.00       0.08 f
  mesh/intadd_342/U29/CO (FA1D0BWP30P140)                       0.01      0.03       0.11 f    mo 
  mesh/intadd_342/n28 (net)                           1                   0.00       0.11 f
  mesh/intadd_342/U28/CO (FA1D0BWP30P140)                       0.01      0.03       0.14 f    mo 
  mesh/intadd_342/n27 (net)                           1                   0.00       0.14 f
  mesh/intadd_342/U27/CO (FA1D0BWP30P140)                       0.01      0.03       0.17 f    mo 
  mesh/intadd_342/n26 (net)                           1                   0.00       0.17 f
  mesh/intadd_342/U26/CO (FA1D0BWP30P140)                       0.01      0.03       0.19 f    mo 
  mesh/intadd_342/n25 (net)                           1                   0.00       0.19 f
  mesh/intadd_342/U25/CO (FA1D0BWP30P140)                       0.01      0.03       0.22 f    mo 
  mesh/intadd_342/n24 (net)                           1                   0.00       0.22 f
  mesh/intadd_342/U24/CO (FA1D0BWP30P140)                       0.01      0.03       0.25 f    mo 
  mesh/intadd_342/n23 (net)                           1                   0.00       0.25 f
  mesh/intadd_342/U23/CO (FA1D0BWP30P140)                       0.01      0.03       0.27 f    mo 
  mesh/intadd_342/n22 (net)                           1                   0.00       0.27 f
  mesh/intadd_342/U22/CO (FA1D0BWP30P140)                       0.01      0.03       0.30 f    mo 
  mesh/intadd_342/n21 (net)                           1                   0.00       0.30 f
  mesh/intadd_342/U21/CO (FA1D0BWP30P140)                       0.02      0.03       0.33 f    mo 
  mesh/intadd_342/n20 (net)                           1                   0.00       0.33 f
  mesh/intadd_342/U20/CO (FA1D1BWP30P140)                       0.01      0.02       0.35 f    mo 
  mesh/intadd_342/n19 (net)                           1                   0.00       0.35 f
  mesh/intadd_342/U19/CO (FA1D1BWP30P140)                       0.01      0.02       0.37 f    mo 
  mesh/intadd_342/n18 (net)                           1                   0.00       0.37 f
  mesh/intadd_342/U18/CO (FA1D1BWP30P140)                       0.01      0.02       0.39 f    mo 
  mesh/intadd_342/n17 (net)                           1                   0.00       0.39 f
  mesh/intadd_342/U17/CO (FA1D1BWP30P140)                       0.01      0.02       0.42 f    mo 
  mesh/intadd_342/n16 (net)                           1                   0.00       0.42 f
  mesh/intadd_342/U16/CO (FA1D1BWP30P140)                       0.01      0.02       0.44 f    mo 
  mesh/intadd_342/n15 (net)                           1                   0.00       0.44 f
  mesh/intadd_342/U15/CO (FA1D1BWP30P140)                       0.01      0.02       0.46 f    mo 
  mesh/intadd_342/n14 (net)                           1                   0.00       0.46 f
  mesh/intadd_342/U14/CO (FA1D1BWP30P140)                       0.01      0.02       0.48 f    mo 
  mesh/intadd_342/n13 (net)                           1                   0.00       0.48 f
  mesh/intadd_342/U13/CO (FA1D1BWP30P140)                       0.01      0.02       0.50 f    mo 
  mesh/intadd_342/n12 (net)                           1                   0.00       0.50 f
  mesh/intadd_342/U12/CO (FA1D1BWP30P140)                       0.01      0.02       0.52 f    mo 
  mesh/intadd_342/n11 (net)                           1                   0.00       0.52 f
  mesh/intadd_342/U11/CO (FA1D1BWP30P140)                       0.01      0.02       0.54 f    mo 
  mesh/intadd_342/n10 (net)                           1                   0.00       0.54 f
  mesh/intadd_342/U10/CO (FA1D1BWP30P140)                       0.01      0.02       0.56 f    mo 
  mesh/intadd_342/n9 (net)                            1                   0.00       0.56 f
  mesh/intadd_342/U9/CO (FA1D1BWP30P140)                        0.01      0.02       0.59 f    mo 
  mesh/intadd_342/n8 (net)                            1                   0.00       0.59 f
  mesh/intadd_342/U8/CO (FA1D1BWP30P140)                        0.01      0.02       0.61 f    mo 
  mesh/intadd_342/n7 (net)                            1                   0.00       0.61 f
  mesh/intadd_342/U7/CO (FA1D1BWP30P140)                        0.01      0.02       0.63 f    mo 
  mesh/intadd_342/n6 (net)                            1                   0.00       0.63 f
  mesh/intadd_342/U6/CO (FA1D1BWP30P140)                        0.01      0.02       0.65 f    mo 
  mesh/intadd_342/n5 (net)                            1                   0.00       0.65 f
  mesh/intadd_342/U5/CO (FA1D1BWP30P140)                        0.01      0.02       0.67 f    mo 
  mesh/intadd_342/n4 (net)                            1                   0.00       0.67 f
  mesh/intadd_342/U4/CO (FA1D1BWP30P140)                        0.01      0.02       0.69 f    mo 
  mesh/intadd_342/n3 (net)                            1                   0.00       0.69 f
  mesh/intadd_342/U3/CO (FA1D1BWP30P140)                        0.01      0.02       0.71 f    mo 
  mesh/intadd_342/n2 (net)                            1                   0.00       0.71 f
  mesh/intadd_342/U2/CO (FA1D1BWP30P140)                        0.01      0.02       0.73 f    mo 
  mesh/intadd_342/n1 (net)                            1                   0.00       0.73 f
  mesh/U3439/ZN (XNR2UD0BWP30P140)                              0.02      0.02       0.75 f
  mesh/n70879 (net)                                   2                   0.00       0.75 f
  mesh/U127145/ZN (IOA21D1BWP30P140)                            0.06      0.02       0.77 f
  mesh/n70877 (net)                                   1                   0.00       0.77 f
  mesh/U127146/ZN (ND2D1BWP30P140)                              0.02      0.01       0.78 r
  mesh/n70878 (net)                                   1                   0.00       0.78 r
  mesh/U2984/ZN (OAI31D0BWP30P140)                              0.06      0.01       0.80 f
  mesh/pes_3_0/N292 (net)                             1                   0.00       0.80 f
  mesh/pes_3_0/regPsum_reg[31]/D (DFQD1BWP30P140)               0.06      0.00       0.80 f
  data arrival time                                                                  0.80

  clock ideal_clock1 (rise edge)                                          1.00       1.00
  clock network delay (ideal)                                             0.00       1.00
  mesh/pes_3_0/regPsum_reg[31]/CP (DFQD1BWP30P140)                        0.00       1.00 r
  library setup time                                                     -0.01       0.99
  data required time                                                                 0.99
  ---------------------------------------------------------------------------------------------------------------
  data required time                                                                 0.99
  data arrival time                                                                 -0.80
  ---------------------------------------------------------------------------------------------------------------
  slack (MET)                                                                        0.19


1
