 
****************************************
Report : area
Design : SystolicArray
Version: V-2023.12
Date   : Tue Apr  7 00:53:11 2026
****************************************

Library(s) Used:

    tcbn28hpcplusbwp30p140ffg0p99v0c_ccs (File: /hpc/Tech/TSMC/digital/N28/digital/Front_End/timing_power_noise/CCS/tcbn28hpcplusbwp30p140_180a/tcbn28hpcplusbwp30p140ffg0p99v0c_ccs.db)

Number of ports:                        30962
Number of nets:                        711747
Number of cells:                       670825
Number of combinational cells:         652009
Number of sequential cells:             18240
Number of macros/black boxes:               0
Number of buf/inv:                     128437
Number of references:                     577

Combinational area:             353338.020123
Buf/Inv area:                    34238.484458
Noncombinational area:           34989.947605
Macro/Black Box area:                0.000000
Net Interconnect area:      undefined  (Wire load has zero net area)

Total cell area:                388327.967729
Total area:                 undefined

Hierarchical area distribution
------------------------------

                                  Global cell area              Local cell area
                                  --------------------  ------------------------------- 
Hierarchical cell                 Absolute     Percent  Combi-       Noncombi-   Black-
                                  Total        Total    national     national    boxes   Design
--------------------------------  -----------  -------  -----------  ----------  ------  ---------
SystolicArray                     388327.9677    100.0       0.5040      0.0000  0.0000  SystolicArray
pes_0                                661.2480      0.2     600.7680     60.4800  0.0000  PE_575
pes_0_1                              657.5940      0.2     595.9800     61.6140  0.0000  PE_551
pes_0_10                             659.1060      0.2     597.8700     61.2360  0.0000  PE_335
pes_0_11                             660.6180      0.2     599.3820     61.2360  0.0000  PE_311
pes_0_12                             655.9560      0.2     594.7200     61.2360  0.0000  PE_287
pes_0_13                             664.1460      0.2     602.1540     61.9920  0.0000  PE_263
pes_0_14                             659.9880      0.2     597.9960     61.9920  0.0000  PE_239
pes_0_15                             665.0280      0.2     603.0360     61.9920  0.0000  PE_215
pes_0_16                             660.2400      0.2     599.0040     61.2360  0.0000  PE_191
pes_0_17                             659.6100      0.2     598.3740     61.2360  0.0000  PE_167
pes_0_18                             664.9020      0.2     603.2880     61.6140  0.0000  PE_143
pes_0_19                             658.7280      0.2     597.1140     61.6140  0.0000  PE_119
pes_0_2                              665.2800      0.2     604.0440     61.2360  0.0000  PE_527
pes_0_20                             658.3500      0.2     596.7360     61.6140  0.0000  PE_95
pes_0_21                             661.3740      0.2     600.5160     60.8580  0.0000  PE_71
pes_0_22                             659.6100      0.2     598.3740     61.2360  0.0000  PE_47
pes_0_23                             663.2640      0.2     602.7840     60.4800  0.0000  PE_23
pes_0_3                              659.3580      0.2     597.7440     61.6140  0.0000  PE_503
pes_0_4                              656.4600      0.2     594.4680     61.9920  0.0000  PE_479
pes_0_5                              663.1380      0.2     601.5240     61.6140  0.0000  PE_455
pes_0_6                              659.7360      0.2     597.7440     61.9920  0.0000  PE_431
pes_0_7                              662.7600      0.2     601.5240     61.2360  0.0000  PE_407
pes_0_8                              663.5160      0.2     601.5240     61.9920  0.0000  PE_383
pes_0_9                              657.7200      0.2     596.4840     61.2360  0.0000  PE_359
pes_1                                674.6040      0.2     614.1240     60.4800  0.0000  PE_574
pes_10                               672.5880      0.2     611.3520     61.2360  0.0000  PE_565
pes_10_1                             676.9980      0.2     616.5180     60.4800  0.0000  PE_541
pes_10_10                            676.2420      0.2     614.6280     61.6140  0.0000  PE_325
pes_10_11                            678.6360      0.2     617.4000     61.2360  0.0000  PE_301
pes_10_12                            674.7300      0.2     612.7380     61.9920  0.0000  PE_277
pes_10_13                            675.3600      0.2     614.1240     61.2360  0.0000  PE_253
pes_10_14                            682.5420      0.2     621.6840     60.8580  0.0000  PE_229
pes_10_15                            674.6040      0.2     613.7460     60.8580  0.0000  PE_205
pes_10_16                            679.5180      0.2     618.2820     61.2360  0.0000  PE_181
pes_10_17                            673.8480      0.2     612.6120     61.2360  0.0000  PE_157
pes_10_18                            676.8720      0.2     615.2580     61.6140  0.0000  PE_133
pes_10_19                            684.8100      0.2     622.0620     62.7480  0.0000  PE_109
pes_10_2                             675.1080      0.2     614.2500     60.8580  0.0000  PE_517
pes_10_20                            678.8880      0.2     616.8960     61.9920  0.0000  PE_85
pes_10_21                            673.7220      0.2     612.8640     60.8580  0.0000  PE_61
pes_10_22                            675.3600      0.2     614.1240     61.2360  0.0000  PE_37
pes_10_23                            673.7220      0.2     612.4860     61.2360  0.0000  PE_13
pes_10_3                             681.5340      0.2     620.2980     61.2360  0.0000  PE_493
pes_10_4                             677.2500      0.2     615.2580     61.9920  0.0000  PE_469
pes_10_5                             671.3280      0.2     609.7140     61.6140  0.0000  PE_445
pes_10_6                             676.7460      0.2     615.5100     61.2360  0.0000  PE_421
pes_10_7                             673.7220      0.2     612.4860     61.2360  0.0000  PE_397
pes_10_8                             673.8480      0.2     611.8560     61.9920  0.0000  PE_373
pes_10_9                             676.6200      0.2     614.6280     61.9920  0.0000  PE_349
pes_11                               674.9820      0.2     613.3680     61.6140  0.0000  PE_564
pes_11_1                             683.0460      0.2     621.8100     61.2360  0.0000  PE_540
pes_11_10                            679.5180      0.2     618.2820     61.2360  0.0000  PE_324
pes_11_11                            673.5960      0.2     612.7380     60.8580  0.0000  PE_300
pes_11_12                            676.3680      0.2     614.7540     61.6140  0.0000  PE_276
pes_11_13                            672.7140      0.2     611.4780     61.2360  0.0000  PE_252
pes_11_14                            671.9580      0.2     610.3440     61.6140  0.0000  PE_228
pes_11_15                            678.6360      0.2     616.2660     62.3700  0.0000  PE_204
pes_11_16                            676.2420      0.2     615.0060     61.2360  0.0000  PE_180
pes_11_17                            679.8960      0.2     617.9040     61.9920  0.0000  PE_156
pes_11_18                            673.3440      0.2     611.7300     61.6140  0.0000  PE_132
pes_11_19                            677.6280      0.2     615.2580     62.3700  0.0000  PE_108
pes_11_2                             676.9980      0.2     615.3840     61.6140  0.0000  PE_516
pes_11_20                            674.9820      0.2     613.7460     61.2360  0.0000  PE_84
pes_11_21                            678.0060      0.2     615.2580     62.7480  0.0000  PE_60
pes_11_22                            680.5260      0.2     618.5340     61.9920  0.0000  PE_36
pes_11_23                            671.9580      0.2     611.4780     60.4800  0.0000  PE_12
pes_11_3                             679.5180      0.2     617.9040     61.6140  0.0000  PE_492
pes_11_4                             676.8720      0.2     616.0140     60.8580  0.0000  PE_468
pes_11_5                             672.4620      0.2     610.4700     61.9920  0.0000  PE_444
pes_11_6                             680.4000      0.2     619.5420     60.8580  0.0000  PE_420
pes_11_7                             671.7060      0.2     610.4700     61.2360  0.0000  PE_396
pes_11_8                             674.9820      0.2     613.3680     61.6140  0.0000  PE_372
pes_11_9                             674.8560      0.2     612.8640     61.9920  0.0000  PE_348
pes_12                               675.7380      0.2     613.3680     62.3700  0.0000  PE_563
pes_12_1                             676.9980      0.2     616.5180     60.4800  0.0000  PE_539
pes_12_10                            675.1080      0.2     613.4940     61.6140  0.0000  PE_323
pes_12_11                            676.2420      0.2     615.0060     61.2360  0.0000  PE_299
pes_12_12                            674.9820      0.2     612.6120     62.3700  0.0000  PE_275
pes_12_13                            677.7540      0.2     616.5180     61.2360  0.0000  PE_251
pes_12_14                            678.8880      0.2     617.2740     61.6140  0.0000  PE_227
pes_12_15                            671.8320      0.2     610.2180     61.6140  0.0000  PE_203
pes_12_16                            676.2420      0.2     614.2500     61.9920  0.0000  PE_179
pes_12_17                            673.5960      0.2     612.7380     60.8580  0.0000  PE_155
pes_12_18                            679.8960      0.2     617.9040     61.9920  0.0000  PE_131
pes_12_19                            676.3680      0.2     615.1320     61.2360  0.0000  PE_107
pes_12_2                             673.5960      0.2     612.3600     61.2360  0.0000  PE_515
pes_12_20                            670.6980      0.2     608.3280     62.3700  0.0000  PE_83
pes_12_21                            676.7460      0.2     615.8880     60.8580  0.0000  PE_59
pes_12_22                            682.7940      0.2     620.4240     62.3700  0.0000  PE_35
pes_12_23                            674.8560      0.2     613.6200     61.2360  0.0000  PE_11
pes_12_3                             674.1000      0.2     612.8640     61.2360  0.0000  PE_491
pes_12_4                             676.7460      0.2     614.8800     61.8660  0.0000  PE_467
pes_12_5                             678.5100      0.2     616.8960     61.6140  0.0000  PE_443
pes_12_6                             679.8960      0.2     618.6600     61.2360  0.0000  PE_419
pes_12_7                             680.2740      0.2     618.6600     61.6140  0.0000  PE_395
pes_12_8                             669.6900      0.2     608.0760     61.6140  0.0000  PE_371
pes_12_9                             674.9820      0.2     613.7460     61.2360  0.0000  PE_347
pes_13                               673.0920      0.2     611.8560     61.2360  0.0000  PE_562
pes_13_1                             674.9820      0.2     613.3680     61.6140  0.0000  PE_538
pes_13_10                            677.5020      0.2     615.5100     61.9920  0.0000  PE_322
pes_13_11                            671.5800      0.2     609.5880     61.9920  0.0000  PE_298
pes_13_12                            675.3600      0.2     614.8800     60.4800  0.0000  PE_274
pes_13_13                            672.7140      0.2     611.4780     61.2360  0.0000  PE_250
pes_13_14                            674.3520      0.2     613.1160     61.2360  0.0000  PE_226
pes_13_15                            681.6600      0.2     619.6680     61.9920  0.0000  PE_202
pes_13_16                            678.1320      0.2     616.8960     61.2360  0.0000  PE_178
pes_13_17                            671.2020      0.2     609.9660     61.2360  0.0000  PE_154
pes_13_18                            671.4540      0.2     610.5960     60.8580  0.0000  PE_130
pes_13_19                            669.8160      0.2     608.9580     60.8580  0.0000  PE_106
pes_13_2                             673.7220      0.2     612.8640     60.8580  0.0000  PE_514
pes_13_20                            669.9420      0.2     609.0840     60.8580  0.0000  PE_82
pes_13_21                            674.2260      0.2     612.2340     61.9920  0.0000  PE_58
pes_13_22                            674.2260      0.2     612.9900     61.2360  0.0000  PE_34
pes_13_23                            678.5100      0.2     616.6440     61.8660  0.0000  PE_10
pes_13_3                             672.9660      0.2     612.1080     60.8580  0.0000  PE_490
pes_13_4                             681.9120      0.2     620.2980     61.6140  0.0000  PE_466
pes_13_5                             674.4780      0.2     612.4860     61.9920  0.0000  PE_442
pes_13_6                             677.5020      0.2     616.2660     61.2360  0.0000  PE_418
pes_13_7                             676.8720      0.2     615.6360     61.2360  0.0000  PE_394
pes_13_8                             676.9980      0.2     616.1400     60.8580  0.0000  PE_370
pes_13_9                             685.1880      0.2     623.1960     61.9920  0.0000  PE_346
pes_14                               683.1720      0.2     621.9360     61.2360  0.0000  PE_561
pes_14_1                             673.3440      0.2     612.1080     61.2360  0.0000  PE_537
pes_14_10                            677.8800      0.2     616.2660     61.6140  0.0000  PE_321
pes_14_11                            672.4620      0.2     610.8480     61.6140  0.0000  PE_297
pes_14_12                            677.8800      0.2     617.4000     60.4800  0.0000  PE_273
pes_14_13                            678.8880      0.2     616.8960     61.9920  0.0000  PE_249
pes_14_14                            681.9120      0.2     620.6760     61.2360  0.0000  PE_225
pes_14_15                            678.3840      0.2     616.3920     61.9920  0.0000  PE_201
pes_14_16                            676.9980      0.2     615.0060     61.9920  0.0000  PE_177
pes_14_17                            672.4620      0.2     610.8480     61.6140  0.0000  PE_153
pes_14_18                            678.8880      0.2     617.6520     61.2360  0.0000  PE_129
pes_14_19                            688.7160      0.2     627.8580     60.8580  0.0000  PE_105
pes_14_2                             679.1400      0.2     618.6600     60.4800  0.0000  PE_513
pes_14_20                            680.6520      0.2     619.7940     60.8580  0.0000  PE_81
pes_14_21                            670.9500      0.2     610.0920     60.8580  0.0000  PE_57
pes_14_22                            673.2180      0.2     611.2260     61.9920  0.0000  PE_33
pes_14_23                            676.8720      0.2     615.2580     61.6140  0.0000  PE_9
pes_14_3                             679.6440      0.2     618.0300     61.6140  0.0000  PE_489
pes_14_4                             680.2740      0.2     618.2820     61.9920  0.0000  PE_465
pes_14_5                             677.5020      0.2     615.8880     61.6140  0.0000  PE_441
pes_14_6                             671.3280      0.2     609.3360     61.9920  0.0000  PE_417
pes_14_7                             675.6120      0.2     614.7540     60.8580  0.0000  PE_393
pes_14_8                             673.3440      0.2     612.1080     61.2360  0.0000  PE_369
pes_14_9                             674.1000      0.2     612.8640     61.2360  0.0000  PE_345
pes_15                               683.8020      0.2     622.5660     61.2360  0.0000  PE_560
pes_15_1                             671.5800      0.2     610.3440     61.2360  0.0000  PE_536
pes_15_10                            680.5260      0.2     618.9120     61.6140  0.0000  PE_320
pes_15_11                            671.9580      0.2     611.1000     60.8580  0.0000  PE_296
pes_15_12                            680.9040      0.2     619.6680     61.2360  0.0000  PE_272
pes_15_13                            674.9820      0.2     612.9900     61.9920  0.0000  PE_248
pes_15_14                            672.9660      0.2     612.1080     60.8580  0.0000  PE_224
pes_15_15                            680.0220      0.2     618.7860     61.2360  0.0000  PE_200
pes_15_16                            675.6120      0.2     614.3760     61.2360  0.0000  PE_176
pes_15_17                            677.7540      0.2     616.8960     60.8580  0.0000  PE_152
pes_15_18                            677.7540      0.2     615.0060     62.7480  0.0000  PE_128
pes_15_19                            677.3760      0.2     616.5180     60.8580  0.0000  PE_104
pes_15_2                             680.0220      0.2     619.1640     60.8580  0.0000  PE_512
pes_15_20                            673.8480      0.2     612.9900     60.8580  0.0000  PE_80
pes_15_21                            681.0300      0.2     618.6600     62.3700  0.0000  PE_56
pes_15_22                            681.6600      0.2     620.0460     61.6140  0.0000  PE_32
pes_15_23                            678.5100      0.2     615.7620     62.7480  0.0000  PE_8
pes_15_3                             674.2260      0.2     612.9900     61.2360  0.0000  PE_488
pes_15_4                             676.9980      0.2     615.7620     61.2360  0.0000  PE_464
pes_15_5                             678.6360      0.2     616.2660     62.3700  0.0000  PE_440
pes_15_6                             676.4940      0.2     615.2580     61.2360  0.0000  PE_416
pes_15_7                             677.6280      0.2     615.2580     62.3700  0.0000  PE_392
pes_15_8                             675.7380      0.2     614.5020     61.2360  0.0000  PE_368
pes_15_9                             672.7140      0.2     612.2340     60.4800  0.0000  PE_344
pes_16                               672.5880      0.2     610.5960     61.9920  0.0000  PE_559
pes_16_1                             674.6040      0.2     612.9900     61.6140  0.0000  PE_535
pes_16_10                            671.3280      0.2     610.4700     60.8580  0.0000  PE_319
pes_16_11                            676.2420      0.2     614.6280     61.6140  0.0000  PE_295
pes_16_12                            669.9420      0.2     609.0840     60.8580  0.0000  PE_271
pes_16_13                            679.8960      0.2     618.2820     61.6140  0.0000  PE_247
pes_16_14                            675.3600      0.2     614.8800     60.4800  0.0000  PE_223
pes_16_15                            675.8640      0.2     614.2500     61.6140  0.0000  PE_199
pes_16_16                            669.9420      0.2     607.9500     61.9920  0.0000  PE_175
pes_16_17                            674.4780      0.2     613.9980     60.4800  0.0000  PE_151
pes_16_18                            675.9900      0.2     613.6200     62.3700  0.0000  PE_127
pes_16_19                            679.2660      0.2     618.0300     61.2360  0.0000  PE_103
pes_16_2                             681.7860      0.2     619.7940     61.9920  0.0000  PE_511
pes_16_20                            677.2500      0.2     616.0140     61.2360  0.0000  PE_79
pes_16_21                            677.2500      0.2     615.6360     61.6140  0.0000  PE_55
pes_16_22                            677.8800      0.2     616.6440     61.2360  0.0000  PE_31
pes_16_23                            676.9980      0.2     615.7620     61.2360  0.0000  PE_7
pes_16_3                             676.9980      0.2     615.7620     61.2360  0.0000  PE_487
pes_16_4                             675.2340      0.2     613.6200     61.6140  0.0000  PE_463
pes_16_5                             671.8320      0.2     610.2180     61.6140  0.0000  PE_439
pes_16_6                             672.3360      0.2     611.1000     61.2360  0.0000  PE_415
pes_16_7                             673.3440      0.2     612.1080     61.2360  0.0000  PE_391
pes_16_8                             674.3520      0.2     612.3600     61.9920  0.0000  PE_367
pes_16_9                             684.0540      0.2     622.8180     61.2360  0.0000  PE_343
pes_17                               672.3360      0.2     610.7220     61.6140  0.0000  PE_558
pes_17_1                             669.8160      0.2     608.9580     60.8580  0.0000  PE_534
pes_17_10                            677.5020      0.2     615.8880     61.6140  0.0000  PE_318
pes_17_11                            682.2900      0.2     620.6760     61.6140  0.0000  PE_294
pes_17_12                            683.2980      0.2     621.6840     61.6140  0.0000  PE_270
pes_17_13                            673.5960      0.2     611.9820     61.6140  0.0000  PE_246
pes_17_14                            676.3680      0.2     615.5100     60.8580  0.0000  PE_222
pes_17_15                            668.5560      0.2     608.0760     60.4800  0.0000  PE_198
pes_17_16                            673.0920      0.2     611.8560     61.2360  0.0000  PE_174
pes_17_17                            675.4860      0.2     613.4940     61.9920  0.0000  PE_150
pes_17_18                            671.3280      0.2     610.0920     61.2360  0.0000  PE_126
pes_17_19                            673.7220      0.2     612.1080     61.6140  0.0000  PE_102
pes_17_2                             675.1080      0.2     613.4940     61.6140  0.0000  PE_510
pes_17_20                            672.3360      0.2     611.4780     60.8580  0.0000  PE_78
pes_17_21                            672.7140      0.2     611.1000     61.6140  0.0000  PE_54
pes_17_22                            674.2260      0.2     612.6120     61.6140  0.0000  PE_30
pes_17_23                            671.2020      0.2     609.2100     61.9920  0.0000  PE_6
pes_17_3                             673.7220      0.2     612.1080     61.6140  0.0000  PE_486
pes_17_4                             676.4940      0.2     615.6360     60.8580  0.0000  PE_462
pes_17_5                             684.8100      0.2     623.9520     60.8580  0.0000  PE_438
pes_17_6                             678.7620      0.2     616.7700     61.9920  0.0000  PE_414
pes_17_7                             670.5720      0.2     609.3360     61.2360  0.0000  PE_390
pes_17_8                             672.7140      0.2     611.4780     61.2360  0.0000  PE_366
pes_17_9                             671.4540      0.2     610.9740     60.4800  0.0000  PE_342
pes_18                               674.3520      0.2     612.7380     61.6140  0.0000  PE_557
pes_18_1                             679.7700      0.2     617.4000     62.3700  0.0000  PE_533
pes_18_10                            671.0760      0.2     609.0840     61.9920  0.0000  PE_317
pes_18_11                            680.4000      0.2     618.4080     61.9920  0.0000  PE_293
pes_18_12                            672.5880      0.2     611.7300     60.8580  0.0000  PE_269
pes_18_13                            672.2100      0.2     610.9740     61.2360  0.0000  PE_245
pes_18_14                            679.2660      0.2     618.4080     60.8580  0.0000  PE_221
pes_18_15                            682.6680      0.2     621.0540     61.6140  0.0000  PE_197
pes_18_16                            674.4780      0.2     612.8640     61.6140  0.0000  PE_173
pes_18_17                            673.7220      0.2     612.8640     60.8580  0.0000  PE_149
pes_18_18                            673.5960      0.2     612.3600     61.2360  0.0000  PE_125
pes_18_19                            677.6280      0.2     616.3920     61.2360  0.0000  PE_101
pes_18_2                             670.8240      0.2     609.5880     61.2360  0.0000  PE_509
pes_18_20                            670.5720      0.2     608.5800     61.9920  0.0000  PE_77
pes_18_21                            674.9820      0.2     613.3680     61.6140  0.0000  PE_53
pes_18_22                            679.5180      0.2     617.9040     61.6140  0.0000  PE_29
pes_18_23                            675.6120      0.2     614.3760     61.2360  0.0000  PE_5
pes_18_3                             674.8560      0.2     613.2420     61.6140  0.0000  PE_485
pes_18_4                             668.9340      0.2     608.0760     60.8580  0.0000  PE_461
pes_18_5                             672.5880      0.2     610.9740     61.6140  0.0000  PE_437
pes_18_6                             677.8800      0.2     615.8880     61.9920  0.0000  PE_413
pes_18_7                             673.0920      0.2     612.2340     60.8580  0.0000  PE_389
pes_18_8                             681.2820      0.2     620.4240     60.8580  0.0000  PE_365
pes_18_9                             682.9200      0.2     621.3060     61.6140  0.0000  PE_341
pes_19                               679.3920      0.2     618.5340     60.8580  0.0000  PE_556
pes_19_1                             672.5880      0.2     610.5960     61.9920  0.0000  PE_532
pes_19_10                            672.0840      0.2     610.4700     61.6140  0.0000  PE_316
pes_19_11                            679.2660      0.2     617.6520     61.6140  0.0000  PE_292
pes_19_12                            681.4080      0.2     620.1720     61.2360  0.0000  PE_268
pes_19_13                            675.7380      0.2     614.8800     60.8580  0.0000  PE_244
pes_19_14                            674.1000      0.2     613.2420     60.8580  0.0000  PE_220
pes_19_15                            672.9660      0.2     610.9740     61.9920  0.0000  PE_196
pes_19_16                            674.7300      0.2     613.1160     61.6140  0.0000  PE_172
pes_19_17                            680.6520      0.2     617.9040     62.7480  0.0000  PE_148
pes_19_18                            683.9280      0.2     622.3140     61.6140  0.0000  PE_124
pes_19_19                            669.8160      0.2     607.4460     62.3700  0.0000  PE_100
pes_19_2                             678.2580      0.2     616.6440     61.6140  0.0000  PE_508
pes_19_20                            672.3360      0.2     610.3440     61.9920  0.0000  PE_76
pes_19_21                            674.8560      0.2     612.8640     61.9920  0.0000  PE_52
pes_19_22                            676.9980      0.2     615.7620     61.2360  0.0000  PE_28
pes_19_23                            678.0060      0.2     616.0140     61.9920  0.0000  PE_4
pes_19_3                             681.1560      0.2     619.9200     61.2360  0.0000  PE_484
pes_19_4                             679.7700      0.2     617.7780     61.9920  0.0000  PE_460
pes_19_5                             675.1080      0.2     613.1160     61.9920  0.0000  PE_436
pes_19_6                             678.2580      0.2     617.0220     61.2360  0.0000  PE_412
pes_19_7                             671.0760      0.2     610.2180     60.8580  0.0000  PE_388
pes_19_8                             674.6040      0.2     612.9900     61.6140  0.0000  PE_364
pes_19_9                             673.8480      0.2     612.6120     61.2360  0.0000  PE_340
pes_1_1                              675.7380      0.2     614.5020     61.2360  0.0000  PE_550
pes_1_10                             675.9900      0.2     614.7540     61.2360  0.0000  PE_334
pes_1_11                             669.0600      0.2     608.5800     60.4800  0.0000  PE_310
pes_1_12                             677.1240      0.2     616.6440     60.4800  0.0000  PE_286
pes_1_13                             670.4460      0.2     608.8320     61.6140  0.0000  PE_262
pes_1_14                             674.9820      0.2     614.1240     60.8580  0.0000  PE_238
pes_1_15                             674.2260      0.2     612.9900     61.2360  0.0000  PE_214
pes_1_16                             670.6980      0.2     610.2180     60.4800  0.0000  PE_190
pes_1_17                             673.2180      0.2     611.2260     61.9920  0.0000  PE_166
pes_1_18                             681.4080      0.2     619.7940     61.6140  0.0000  PE_142
pes_1_19                             674.7300      0.2     613.1160     61.6140  0.0000  PE_118
pes_1_2                              679.2660      0.2     618.4080     60.8580  0.0000  PE_526
pes_1_20                             672.4620      0.2     611.2260     61.2360  0.0000  PE_94
pes_1_21                             673.8480      0.2     612.2340     61.6140  0.0000  PE_70
pes_1_22                             682.9200      0.2     621.3060     61.6140  0.0000  PE_46
pes_1_23                             674.2260      0.2     612.6120     61.6140  0.0000  PE_22
pes_1_3                              675.9900      0.2     615.5100     60.4800  0.0000  PE_502
pes_1_4                              678.8880      0.2     617.6520     61.2360  0.0000  PE_478
pes_1_5                              677.6280      0.2     616.0140     61.6140  0.0000  PE_454
pes_1_6                              674.9820      0.2     613.3680     61.6140  0.0000  PE_430
pes_1_7                              672.7140      0.2     611.4780     61.2360  0.0000  PE_406
pes_1_8                              671.2020      0.2     610.3440     60.8580  0.0000  PE_382
pes_1_9                              671.2020      0.2     610.3440     60.8580  0.0000  PE_358
pes_2                                680.7780      0.2     618.7860     61.9920  0.0000  PE_573
pes_20                               672.5880      0.2     611.7300     60.8580  0.0000  PE_555
pes_20_1                             676.6200      0.2     614.2500     62.3700  0.0000  PE_531
pes_20_10                            674.6040      0.2     614.1240     60.4800  0.0000  PE_315
pes_20_11                            669.3120      0.2     608.8320     60.4800  0.0000  PE_291
pes_20_12                            670.4460      0.2     608.4540     61.9920  0.0000  PE_267
pes_20_13                            676.8720      0.2     615.2580     61.6140  0.0000  PE_243
pes_20_14                            678.0060      0.2     617.5260     60.4800  0.0000  PE_219
pes_20_15                            676.7460      0.2     615.5100     61.2360  0.0000  PE_195
pes_20_16                            679.0140      0.2     617.4000     61.6140  0.0000  PE_171
pes_20_17                            675.6120      0.2     613.6200     61.9920  0.0000  PE_147
pes_20_18                            676.3680      0.2     614.3760     61.9920  0.0000  PE_123
pes_20_19                            673.9740      0.2     612.7380     61.2360  0.0000  PE_99
pes_20_2                             675.6120      0.2     613.6200     61.9920  0.0000  PE_507
pes_20_20                            682.5420      0.2     620.1720     62.3700  0.0000  PE_75
pes_20_21                            674.7300      0.2     613.4940     61.2360  0.0000  PE_51
pes_20_22                            679.7700      0.2     617.4000     62.3700  0.0000  PE_27
pes_20_23                            673.3440      0.2     611.7300     61.6140  0.0000  PE_3
pes_20_3                             674.2260      0.2     612.9900     61.2360  0.0000  PE_483
pes_20_4                             675.4860      0.2     615.0060     60.4800  0.0000  PE_459
pes_20_5                             674.9820      0.2     613.7460     61.2360  0.0000  PE_435
pes_20_6                             676.8720      0.2     614.5020     62.3700  0.0000  PE_411
pes_20_7                             675.9900      0.2     613.6200     62.3700  0.0000  PE_387
pes_20_8                             674.8560      0.2     613.6200     61.2360  0.0000  PE_363
pes_20_9                             681.2820      0.2     619.6680     61.6140  0.0000  PE_339
pes_21                               678.0060      0.2     616.0140     61.9920  0.0000  PE_554
pes_21_1                             679.6440      0.2     618.7860     60.8580  0.0000  PE_530
pes_21_10                            674.7300      0.2     613.8720     60.8580  0.0000  PE_314
pes_21_11                            674.6040      0.2     613.3680     61.2360  0.0000  PE_290
pes_21_12                            674.2260      0.2     612.9900     61.2360  0.0000  PE_266
pes_21_13                            676.4940      0.2     615.2580     61.2360  0.0000  PE_242
pes_21_14                            672.4620      0.2     610.8480     61.6140  0.0000  PE_218
pes_21_15                            673.4700      0.2     611.8560     61.6140  0.0000  PE_194
pes_21_16                            672.2100      0.2     610.5960     61.6140  0.0000  PE_170
pes_21_17                            675.9900      0.2     615.1320     60.8580  0.0000  PE_146
pes_21_18                            675.3600      0.2     612.9900     62.3700  0.0000  PE_122
pes_21_19                            672.8400      0.2     611.6040     61.2360  0.0000  PE_98
pes_21_2                             681.0300      0.2     620.5500     60.4800  0.0000  PE_506
pes_21_20                            677.6280      0.2     616.0140     61.6140  0.0000  PE_74
pes_21_21                            671.9580      0.2     610.3440     61.6140  0.0000  PE_50
pes_21_22                            670.3200      0.2     608.3280     61.9920  0.0000  PE_26
pes_21_23                            681.5340      0.2     619.5420     61.9920  0.0000  PE_2
pes_21_3                             677.5020      0.2     616.6440     60.8580  0.0000  PE_482
pes_21_4                             678.7620      0.2     616.7700     61.9920  0.0000  PE_458
pes_21_5                             675.7380      0.2     613.7460     61.9920  0.0000  PE_434
pes_21_6                             674.2260      0.2     612.2340     61.9920  0.0000  PE_410
pes_21_7                             675.7380      0.2     614.1240     61.6140  0.0000  PE_386
pes_21_8                             676.6200      0.2     615.3840     61.2360  0.0000  PE_362
pes_21_9                             678.6360      0.2     617.4000     61.2360  0.0000  PE_338
pes_22                               674.8560      0.2     614.3760     60.4800  0.0000  PE_553
pes_22_1                             669.9420      0.2     609.0840     60.8580  0.0000  PE_529
pes_22_10                            683.8020      0.2     623.3220     60.4800  0.0000  PE_313
pes_22_11                            678.6360      0.2     618.1560     60.4800  0.0000  PE_289
pes_22_12                            674.7300      0.2     613.8720     60.8580  0.0000  PE_265
pes_22_13                            675.6120      0.2     614.7540     60.8580  0.0000  PE_241
pes_22_14                            673.7220      0.2     613.2420     60.4800  0.0000  PE_217
pes_22_15                            674.8560      0.2     614.3760     60.4800  0.0000  PE_193
pes_22_16                            676.1160      0.2     615.6360     60.4800  0.0000  PE_169
pes_22_17                            680.7780      0.2     620.2980     60.4800  0.0000  PE_145
pes_22_18                            675.2340      0.2     614.3760     60.8580  0.0000  PE_121
pes_22_19                            676.1160      0.2     615.6360     60.4800  0.0000  PE_97
pes_22_2                             674.9820      0.2     614.5020     60.4800  0.0000  PE_505
pes_22_20                            676.8720      0.2     616.3920     60.4800  0.0000  PE_73
pes_22_21                            672.7140      0.2     612.2340     60.4800  0.0000  PE_49
pes_22_22                            673.3440      0.2     612.8640     60.4800  0.0000  PE_25
pes_22_23                            673.0920      0.2     612.6120     60.4800  0.0000  PE_1
pes_22_3                             669.3120      0.2     608.8320     60.4800  0.0000  PE_481
pes_22_4                             675.7380      0.2     615.2580     60.4800  0.0000  PE_457
pes_22_5                             675.2340      0.2     614.7540     60.4800  0.0000  PE_433
pes_22_6                             676.1160      0.2     615.6360     60.4800  0.0000  PE_409
pes_22_7                             673.7220      0.2     613.2420     60.4800  0.0000  PE_385
pes_22_8                             676.4940      0.2     616.0140     60.4800  0.0000  PE_361
pes_22_9                             676.8720      0.2     616.0140     60.8580  0.0000  PE_337
pes_23                               649.9080      0.2     604.5480     45.3600  0.0000  PE_552
pes_23_1                             647.8920      0.2     602.5320     45.3600  0.0000  PE_528
pes_23_10                            645.6240      0.2     600.2640     45.3600  0.0000  PE_312
pes_23_11                            648.1440      0.2     602.7840     45.3600  0.0000  PE_288
pes_23_12                            652.3020      0.2     606.9420     45.3600  0.0000  PE_264
pes_23_13                            642.3480      0.2     596.9880     45.3600  0.0000  PE_240
pes_23_14                            650.4120      0.2     605.0520     45.3600  0.0000  PE_216
pes_23_15                            649.7820      0.2     604.4220     45.3600  0.0000  PE_192
pes_23_16                            651.7980      0.2     606.4380     45.3600  0.0000  PE_168
pes_23_17                            645.6240      0.2     600.2640     45.3600  0.0000  PE_144
pes_23_18                            647.6400      0.2     602.2800     45.3600  0.0000  PE_120
pes_23_19                            647.6400      0.2     602.2800     45.3600  0.0000  PE_96
pes_23_2                             647.0100      0.2     601.6500     45.3600  0.0000  PE_504
pes_23_20                            642.3480      0.2     596.9880     45.3600  0.0000  PE_72
pes_23_21                            648.1440      0.2     602.7840     45.3600  0.0000  PE_48
pes_23_22                            646.1280      0.2     600.7680     45.3600  0.0000  PE_24
pes_23_23                            650.7900      0.2     605.4300     45.3600  0.0000  PE_0
pes_23_3                             640.3320      0.2     594.9720     45.3600  0.0000  PE_480
pes_23_4                             646.3800      0.2     601.0200     45.3600  0.0000  PE_456
pes_23_5                             645.7500      0.2     600.3900     45.3600  0.0000  PE_432
pes_23_6                             649.9080      0.2     604.5480     45.3600  0.0000  PE_408
pes_23_7                             647.8920      0.2     602.5320     45.3600  0.0000  PE_384
pes_23_8                             650.5380      0.2     605.1780     45.3600  0.0000  PE_360
pes_23_9                             644.4900      0.2     599.1300     45.3600  0.0000  PE_336
pes_2_1                              676.3680      0.2     615.5100     60.8580  0.0000  PE_549
pes_2_10                             672.3360      0.2     611.1000     61.2360  0.0000  PE_333
pes_2_11                             683.2980      0.2     621.3060     61.9920  0.0000  PE_309
pes_2_12                             676.6200      0.2     616.1400     60.4800  0.0000  PE_285
pes_2_13                             674.2260      0.2     613.3680     60.8580  0.0000  PE_261
pes_2_14                             684.4320      0.2     621.0540     63.3780  0.0000  PE_237
pes_2_15                             673.5960      0.2     612.3600     61.2360  0.0000  PE_213
pes_2_16                             681.5340      0.2     619.9200     61.6140  0.0000  PE_189
pes_2_17                             681.6600      0.2     619.6680     61.9920  0.0000  PE_165
pes_2_18                             677.7540      0.2     616.5180     61.2360  0.0000  PE_141
pes_2_19                             681.2820      0.2     620.0460     61.2360  0.0000  PE_117
pes_2_2                              677.6280      0.2     616.3920     61.2360  0.0000  PE_525
pes_2_20                             671.9580      0.2     611.1000     60.8580  0.0000  PE_93
pes_2_21                             672.9660      0.2     612.1080     60.8580  0.0000  PE_69
pes_2_22                             675.9900      0.2     614.7540     61.2360  0.0000  PE_45
pes_2_23                             671.4540      0.2     609.8400     61.6140  0.0000  PE_21
pes_2_3                              681.2820      0.2     619.6680     61.6140  0.0000  PE_501
pes_2_4                              674.3520      0.2     613.1160     61.2360  0.0000  PE_477
pes_2_5                              671.8320      0.2     610.9740     60.8580  0.0000  PE_453
pes_2_6                              681.7860      0.2     620.5500     61.2360  0.0000  PE_429
pes_2_7                              674.4780      0.2     613.2420     61.2360  0.0000  PE_405
pes_2_8                              679.0140      0.2     616.6440     62.3700  0.0000  PE_381
pes_2_9                              680.2740      0.2     618.6600     61.6140  0.0000  PE_357
pes_3                                677.1240      0.2     615.8880     61.2360  0.0000  PE_572
pes_3_1                              675.1080      0.2     613.1160     61.9920  0.0000  PE_548
pes_3_10                             675.2340      0.2     613.6200     61.6140  0.0000  PE_332
pes_3_11                             677.3760      0.2     616.1400     61.2360  0.0000  PE_308
pes_3_12                             679.5180      0.2     617.5260     61.9920  0.0000  PE_284
pes_3_13                             671.9580      0.2     609.9660     61.9920  0.0000  PE_260
pes_3_14                             675.2340      0.2     612.8640     62.3700  0.0000  PE_236
pes_3_15                             671.9580      0.2     609.9660     61.9920  0.0000  PE_212
pes_3_16                             672.4620      0.2     610.8480     61.6140  0.0000  PE_188
pes_3_17                             680.4000      0.2     617.6520     62.7480  0.0000  PE_164
pes_3_18                             672.3360      0.2     611.1000     61.2360  0.0000  PE_140
pes_3_19                             679.7700      0.2     617.4000     62.3700  0.0000  PE_116
pes_3_2                              670.5720      0.2     608.9580     61.6140  0.0000  PE_524
pes_3_20                             679.3920      0.2     617.0220     62.3700  0.0000  PE_92
pes_3_21                             674.1000      0.2     612.4860     61.6140  0.0000  PE_68
pes_3_22                             674.2260      0.2     613.7460     60.4800  0.0000  PE_44
pes_3_23                             675.9900      0.2     613.9980     61.9920  0.0000  PE_20
pes_3_3                              678.7620      0.2     616.7700     61.9920  0.0000  PE_500
pes_3_4                              681.5340      0.2     620.2980     61.2360  0.0000  PE_476
pes_3_5                              671.2020      0.2     610.3440     60.8580  0.0000  PE_452
pes_3_6                              680.4000      0.2     618.7860     61.6140  0.0000  PE_428
pes_3_7                              673.3440      0.2     612.1080     61.2360  0.0000  PE_404
pes_3_8                              675.6120      0.2     613.9980     61.6140  0.0000  PE_380
pes_3_9                              671.2020      0.2     608.8320     62.3700  0.0000  PE_356
pes_4                                673.7220      0.2     611.7300     61.9920  0.0000  PE_571
pes_4_1                              674.1000      0.2     612.8640     61.2360  0.0000  PE_547
pes_4_10                             674.7300      0.2     612.7380     61.9920  0.0000  PE_331
pes_4_11                             673.9740      0.2     611.9820     61.9920  0.0000  PE_307
pes_4_12                             677.5020      0.2     615.5100     61.9920  0.0000  PE_283
pes_4_13                             672.8400      0.2     612.3600     60.4800  0.0000  PE_259
pes_4_14                             679.8960      0.2     617.5260     62.3700  0.0000  PE_235
pes_4_15                             675.7380      0.2     614.5020     61.2360  0.0000  PE_211
pes_4_16                             675.9900      0.2     614.7540     61.2360  0.0000  PE_187
pes_4_17                             674.1000      0.2     611.7300     62.3700  0.0000  PE_163
pes_4_18                             672.2100      0.2     610.5960     61.6140  0.0000  PE_139
pes_4_19                             672.8400      0.2     610.8480     61.9920  0.0000  PE_115
pes_4_2                              670.0680      0.2     609.2100     60.8580  0.0000  PE_523
pes_4_20                             677.3760      0.2     614.6280     62.7480  0.0000  PE_91
pes_4_21                             672.9660      0.2     610.9740     61.9920  0.0000  PE_67
pes_4_22                             673.8480      0.2     612.2340     61.6140  0.0000  PE_43
pes_4_23                             677.6280      0.2     616.7700     60.8580  0.0000  PE_19
pes_4_3                              675.9900      0.2     613.9980     61.9920  0.0000  PE_499
pes_4_4                              676.4940      0.2     615.2580     61.2360  0.0000  PE_475
pes_4_5                              680.6520      0.2     619.7940     60.8580  0.0000  PE_451
pes_4_6                              677.5020      0.2     615.8880     61.6140  0.0000  PE_427
pes_4_7                              675.2340      0.2     613.2420     61.9920  0.0000  PE_403
pes_4_8                              669.4380      0.2     608.2020     61.2360  0.0000  PE_379
pes_4_9                              679.3920      0.2     618.5340     60.8580  0.0000  PE_355
pes_5                                674.4780      0.2     613.2420     61.2360  0.0000  PE_570
pes_5_1                              683.1720      0.2     621.5580     61.6140  0.0000  PE_546
pes_5_10                             675.4860      0.2     614.6280     60.8580  0.0000  PE_330
pes_5_11                             675.4860      0.2     613.8720     61.6140  0.0000  PE_306
pes_5_12                             675.1080      0.2     613.8720     61.2360  0.0000  PE_282
pes_5_13                             671.9580      0.2     611.4780     60.4800  0.0000  PE_258
pes_5_14                             675.3600      0.2     613.7460     61.6140  0.0000  PE_234
pes_5_15                             680.0220      0.2     618.4080     61.6140  0.0000  PE_210
pes_5_16                             671.5800      0.2     610.7220     60.8580  0.0000  PE_186
pes_5_17                             674.2260      0.2     612.9900     61.2360  0.0000  PE_162
pes_5_18                             675.9900      0.2     615.5100     60.4800  0.0000  PE_138
pes_5_19                             678.3840      0.2     616.7700     61.6140  0.0000  PE_114
pes_5_2                              683.8020      0.2     622.5660     61.2360  0.0000  PE_522
pes_5_20                             671.8320      0.2     610.5960     61.2360  0.0000  PE_90
pes_5_21                             681.4080      0.2     619.0380     62.3700  0.0000  PE_66
pes_5_22                             676.8720      0.2     615.2580     61.6140  0.0000  PE_42
pes_5_23                             676.1160      0.2     615.2580     60.8580  0.0000  PE_18
pes_5_3                              674.8560      0.2     613.6200     61.2360  0.0000  PE_498
pes_5_4                              674.3520      0.2     613.4940     60.8580  0.0000  PE_474
pes_5_5                              680.0220      0.2     618.0300     61.9920  0.0000  PE_450
pes_5_6                              673.5960      0.2     611.9820     61.6140  0.0000  PE_426
pes_5_7                              681.2820      0.2     620.4240     60.8580  0.0000  PE_402
pes_5_8                              681.1560      0.2     619.9200     61.2360  0.0000  PE_378
pes_5_9                              675.1080      0.2     613.8720     61.2360  0.0000  PE_354
pes_6                                674.8560      0.2     612.8640     61.9920  0.0000  PE_569
pes_6_1                              679.3920      0.2     617.7780     61.6140  0.0000  PE_545
pes_6_10                             683.6760      0.2     622.0620     61.6140  0.0000  PE_329
pes_6_11                             675.6120      0.2     614.3760     61.2360  0.0000  PE_305
pes_6_12                             681.0300      0.2     619.7940     61.2360  0.0000  PE_281
pes_6_13                             675.4860      0.2     615.0060     60.4800  0.0000  PE_257
pes_6_14                             670.6980      0.2     608.7060     61.9920  0.0000  PE_233
pes_6_15                             677.7540      0.2     616.5180     61.2360  0.0000  PE_209
pes_6_16                             669.0600      0.2     608.5800     60.4800  0.0000  PE_185
pes_6_17                             673.2180      0.2     612.7380     60.4800  0.0000  PE_161
pes_6_18                             678.5100      0.2     616.8960     61.6140  0.0000  PE_137
pes_6_19                             670.6980      0.2     609.4620     61.2360  0.0000  PE_113
pes_6_2                              671.0760      0.2     609.8400     61.2360  0.0000  PE_521
pes_6_20                             677.8800      0.2     616.2660     61.6140  0.0000  PE_89
pes_6_21                             674.7300      0.2     613.4940     61.2360  0.0000  PE_65
pes_6_22                             669.9420      0.2     609.0840     60.8580  0.0000  PE_41
pes_6_23                             682.0380      0.2     620.0460     61.9920  0.0000  PE_17
pes_6_3                              674.2260      0.2     612.9900     61.2360  0.0000  PE_497
pes_6_4                              684.3060      0.2     623.8260     60.4800  0.0000  PE_473
pes_6_5                              676.7460      0.2     615.8880     60.8580  0.0000  PE_449
pes_6_6                              671.9580      0.2     610.7220     61.2360  0.0000  PE_425
pes_6_7                              682.0380      0.2     621.1800     60.8580  0.0000  PE_401
pes_6_8                              679.0140      0.2     617.7780     61.2360  0.0000  PE_377
pes_6_9                              673.7220      0.2     612.1080     61.6140  0.0000  PE_353
pes_7                                672.5880      0.2     610.9740     61.6140  0.0000  PE_568
pes_7_1                              679.7700      0.2     618.5340     61.2360  0.0000  PE_544
pes_7_10                             682.0380      0.2     619.6680     62.3700  0.0000  PE_328
pes_7_11                             671.4540      0.2     609.4620     61.9920  0.0000  PE_304
pes_7_12                             676.8720      0.2     616.0140     60.8580  0.0000  PE_280
pes_7_13                             680.0220      0.2     617.2740     62.7480  0.0000  PE_256
pes_7_14                             673.2180      0.2     612.3600     60.8580  0.0000  PE_232
pes_7_15                             675.2340      0.2     612.8640     62.3700  0.0000  PE_208
pes_7_16                             680.2740      0.2     619.0380     61.2360  0.0000  PE_184
pes_7_17                             676.7460      0.2     614.7540     61.9920  0.0000  PE_160
pes_7_18                             678.7620      0.2     618.2820     60.4800  0.0000  PE_136
pes_7_19                             679.8960      0.2     618.2820     61.6140  0.0000  PE_112
pes_7_2                              677.8800      0.2     617.0220     60.8580  0.0000  PE_520
pes_7_20                             671.3280      0.2     610.4700     60.8580  0.0000  PE_88
pes_7_21                             678.0060      0.2     616.7700     61.2360  0.0000  PE_64
pes_7_22                             689.5980      0.2     627.9840     61.6140  0.0000  PE_40
pes_7_23                             673.7220      0.2     611.3520     62.3700  0.0000  PE_16
pes_7_3                              675.1080      0.2     613.4940     61.6140  0.0000  PE_496
pes_7_4                              675.2340      0.2     613.9980     61.2360  0.0000  PE_472
pes_7_5                              681.0300      0.2     620.5500     60.4800  0.0000  PE_448
pes_7_6                              678.2580      0.2     617.4000     60.8580  0.0000  PE_424
pes_7_7                              676.4940      0.2     615.2580     61.2360  0.0000  PE_400
pes_7_8                              671.5800      0.2     610.7220     60.8580  0.0000  PE_376
pes_7_9                              669.3120      0.2     607.3200     61.9920  0.0000  PE_352
pes_8                                682.7940      0.2     621.5580     61.2360  0.0000  PE_567
pes_8_1                              682.7940      0.2     620.8020     61.9920  0.0000  PE_543
pes_8_10                             675.6120      0.2     613.6200     61.9920  0.0000  PE_327
pes_8_11                             678.6360      0.2     617.0220     61.6140  0.0000  PE_303
pes_8_12                             671.7060      0.2     609.7140     61.9920  0.0000  PE_279
pes_8_13                             672.9660      0.2     611.7300     61.2360  0.0000  PE_255
pes_8_14                             674.8560      0.2     613.6200     61.2360  0.0000  PE_231
pes_8_15                             676.7460      0.2     614.7540     61.9920  0.0000  PE_207
pes_8_16                             676.9980      0.2     614.2500     62.7480  0.0000  PE_183
pes_8_17                             677.8800      0.2     616.6440     61.2360  0.0000  PE_159
pes_8_18                             675.4860      0.2     613.8720     61.6140  0.0000  PE_135
pes_8_19                             672.5880      0.2     611.3520     61.2360  0.0000  PE_111
pes_8_2                              684.8100      0.2     623.5740     61.2360  0.0000  PE_519
pes_8_20                             677.1240      0.2     615.1320     61.9920  0.0000  PE_87
pes_8_21                             675.9900      0.2     614.7540     61.2360  0.0000  PE_63
pes_8_22                             680.2740      0.2     618.2820     61.9920  0.0000  PE_39
pes_8_23                             673.0920      0.2     611.4780     61.6140  0.0000  PE_15
pes_8_3                              671.5800      0.2     610.7220     60.8580  0.0000  PE_495
pes_8_4                              674.3520      0.2     613.1160     61.2360  0.0000  PE_471
pes_8_5                              680.5260      0.2     618.9120     61.6140  0.0000  PE_447
pes_8_6                              676.2420      0.2     615.7620     60.4800  0.0000  PE_423
pes_8_7                              671.2020      0.2     610.3440     60.8580  0.0000  PE_399
pes_8_8                              677.5020      0.2     615.1320     62.3700  0.0000  PE_375
pes_8_9                              675.8640      0.2     613.8720     61.9920  0.0000  PE_351
pes_9                                671.7060      0.2     610.0920     61.6140  0.0000  PE_566
pes_9_1                              678.7620      0.2     616.3920     62.3700  0.0000  PE_542
pes_9_10                             671.7060      0.2     609.7140     61.9920  0.0000  PE_326
pes_9_11                             676.8720      0.2     614.8800     61.9920  0.0000  PE_302
pes_9_12                             679.2660      0.2     617.2740     61.9920  0.0000  PE_278
pes_9_13                             670.5720      0.2     609.7140     60.8580  0.0000  PE_254
pes_9_14                             677.8800      0.2     616.6440     61.2360  0.0000  PE_230
pes_9_15                             674.6040      0.2     612.6120     61.9920  0.0000  PE_206
pes_9_16                             676.1160      0.2     614.1240     61.9920  0.0000  PE_182
pes_9_17                             679.6440      0.2     618.0300     61.6140  0.0000  PE_158
pes_9_18                             673.7220      0.2     611.7300     61.9920  0.0000  PE_134
pes_9_19                             678.1320      0.2     617.2740     60.8580  0.0000  PE_110
pes_9_2                              673.0920      0.2     611.4780     61.6140  0.0000  PE_518
pes_9_20                             676.4940      0.2     615.2580     61.2360  0.0000  PE_86
pes_9_21                             673.0920      0.2     611.1000     61.9920  0.0000  PE_62
pes_9_22                             671.7060      0.2     609.7140     61.9920  0.0000  PE_38
pes_9_23                             672.0840      0.2     610.4700     61.6140  0.0000  PE_14
pes_9_3                              676.7460      0.2     615.1320     61.6140  0.0000  PE_494
pes_9_4                              679.8960      0.2     619.0380     60.8580  0.0000  PE_470
pes_9_5                              674.3520      0.2     613.1160     61.2360  0.0000  PE_446
pes_9_6                              676.4940      0.2     615.2580     61.2360  0.0000  PE_422
pes_9_7                              676.1160      0.2     614.5020     61.6140  0.0000  PE_398
pes_9_8                              668.6820      0.2     607.4460     61.2360  0.0000  PE_374
pes_9_9                              670.6980      0.2     608.7060     61.9920  0.0000  PE_350
--------------------------------  -----------  -------  -----------  ----------  ------  ---------
Total                                                   353338.0201  34989.9476  0.0000

1
