 
****************************************
Report : area
Design : SystolicArray
Version: V-2023.12
Date   : Mon Apr  6 07:16:53 2026
****************************************

Library(s) Used:

    tcbn28hpcplusbwp30p140ffg0p99v0c_ccs (File: /hpc/Tech/TSMC/digital/N28/digital/Front_End/timing_power_noise/CCS/tcbn28hpcplusbwp30p140_180a/tcbn28hpcplusbwp30p140ffg0p99v0c_ccs.db)

Number of ports:                        17570
Number of nets:                        511726
Number of cells:                       473058
Number of combinational cells:         463494
Number of sequential cells:              9408
Number of macros/black boxes:               0
Number of buf/inv:                      84093
Number of references:                     163

Combinational area:             279208.691580
Buf/Inv area:                    22206.618297
Noncombinational area:           18159.749768
Macro/Black Box area:                0.000000
Net Interconnect area:      undefined  (Wire load has zero net area)

Total cell area:                297368.441348
Total area:                 undefined

Hierarchical area distribution
------------------------------

                                  Global cell area              Local cell area
                                  --------------------  ------------------------------- 
Hierarchical cell                 Absolute     Percent  Combi-       Noncombi-   Black-
                                  Total        Total    national     national    boxes   Design
--------------------------------  -----------  -------  -----------  ----------  ------  ---------
SystolicArray                     297368.4413    100.0       0.5040  12905.9279  0.0000  SystolicArray
cmpArray_0                           362.7540      0.1     301.6440     61.1100  0.0000  CMP_11
cmpArray_1                           365.0220      0.1     303.5340     61.4880  0.0000  CMP_10
cmpArray_10                          363.3840      0.1     302.9040     60.4800  0.0000  CMP_1
cmpArray_11                          363.2580      0.1     302.7780     60.4800  0.0000  CMP_0
cmpArray_2                           363.2580      0.1     302.7780     60.4800  0.0000  CMP_9
cmpArray_3                           363.5100      0.1     303.0300     60.4800  0.0000  CMP_8
cmpArray_4                           363.5100      0.1     303.0300     60.4800  0.0000  CMP_7
cmpArray_5                           363.3840      0.1     302.9040     60.4800  0.0000  CMP_6
cmpArray_6                           363.3840      0.1     302.6520     60.7320  0.0000  CMP_5
cmpArray_7                           363.2580      0.1     302.7780     60.4800  0.0000  CMP_4
cmpArray_8                           363.3840      0.1     302.9040     60.4800  0.0000  CMP_3
cmpArray_9                           363.5100      0.1     303.0300     60.4800  0.0000  CMP_2
mesh_0_0                            1990.6740      0.7    1959.6780     30.9960  0.0000  PE_143
mesh_0_1                            1986.6420      0.7    1955.6460     30.9960  0.0000  PE_142
mesh_0_10                           1978.7040      0.7    1947.7080     30.9960  0.0000  PE_133
mesh_0_11                           1918.8540      0.6    1888.2360     30.6180  0.0000  PE_132
mesh_0_2                            1957.0320      0.7    1925.2800     31.7520  0.0000  PE_141
mesh_0_3                            1955.6460      0.7    1924.2720     31.3740  0.0000  PE_140
mesh_0_4                            1957.5360      0.7    1925.7840     31.7520  0.0000  PE_139
mesh_0_5                            1967.9940      0.7    1936.9980     30.9960  0.0000  PE_138
mesh_0_6                            1995.9660      0.7    1964.5920     31.3740  0.0000  PE_137
mesh_0_7                            1963.5840      0.7    1932.2100     31.3740  0.0000  PE_136
mesh_0_8                            1966.7340      0.7    1935.3600     31.3740  0.0000  PE_135
mesh_0_9                            1963.8360      0.7    1932.0840     31.7520  0.0000  PE_134
mesh_10_0                           1992.6900      0.7    1962.0720     30.6180  0.0000  PE_23
mesh_10_1                           1932.7140      0.6    1901.3400     31.3740  0.0000  PE_22
mesh_10_10                          1940.5260      0.7    1908.3960     32.1300  0.0000  PE_13
mesh_10_11                          1977.1920      0.7    1945.8180     31.3740  0.0000  PE_12
mesh_10_2                           1942.6680      0.7    1911.2940     31.3740  0.0000  PE_21
mesh_10_3                           1936.9980      0.7    1905.6240     31.3740  0.0000  PE_20
mesh_10_4                           1914.9480      0.6    1882.8180     32.1300  0.0000  PE_19
mesh_10_5                           1929.9420      0.6    1898.9460     30.9960  0.0000  PE_18
mesh_10_6                           1934.3520      0.7    1902.6000     31.7520  0.0000  PE_17
mesh_10_7                           1937.3760      0.7    1906.0020     31.3740  0.0000  PE_16
mesh_10_8                           1936.9980      0.7    1905.2460     31.7520  0.0000  PE_15
mesh_10_9                           1950.8580      0.7    1919.4840     31.3740  0.0000  PE_14
mesh_11_0                           2008.9440      0.7    1977.5700     31.3740  0.0000  PE_11
mesh_11_1                           1942.6680      0.7    1910.9160     31.7520  0.0000  PE_10
mesh_11_10                          1934.1000      0.7    1902.3480     31.7520  0.0000  PE_1
mesh_11_11                          1954.8900      0.7    1924.2720     30.6180  0.0000  PE_0
mesh_11_2                           1926.9180      0.6    1894.7880     32.1300  0.0000  PE_9
mesh_11_3                           1934.3520      0.7    1902.6000     31.7520  0.0000  PE_8
mesh_11_4                           1941.7860      0.7    1910.4120     31.3740  0.0000  PE_7
mesh_11_5                           1924.0200      0.6    1892.6460     31.3740  0.0000  PE_6
mesh_11_6                           1920.1140      0.6    1888.7400     31.3740  0.0000  PE_5
mesh_11_7                           1940.9040      0.7    1909.5300     31.3740  0.0000  PE_4
mesh_11_8                           1935.2340      0.7    1903.8600     31.3740  0.0000  PE_3
mesh_11_9                           1923.3900      0.6    1892.0160     31.3740  0.0000  PE_2
mesh_1_0                            2002.7700      0.7    1972.1520     30.6180  0.0000  PE_131
mesh_1_1                            1943.1720      0.7    1911.4200     31.7520  0.0000  PE_130
mesh_1_10                           1933.9740      0.7    1902.2220     31.7520  0.0000  PE_121
mesh_1_11                           1970.7660      0.7    1940.1480     30.6180  0.0000  PE_120
mesh_1_2                            1958.0400      0.7    1926.6660     31.3740  0.0000  PE_129
mesh_1_3                            1928.6820      0.6    1897.6860     30.9960  0.0000  PE_128
mesh_1_4                            1923.7680      0.6    1892.0160     31.7520  0.0000  PE_127
mesh_1_5                            1924.2720      0.6    1892.1420     32.1300  0.0000  PE_126
mesh_1_6                            1944.5580      0.7    1912.8060     31.7520  0.0000  PE_125
mesh_1_7                            1926.9180      0.6    1895.9220     30.9960  0.0000  PE_124
mesh_1_8                            1915.9560      0.6    1884.2040     31.7520  0.0000  PE_123
mesh_1_9                            1934.3520      0.7    1902.2220     32.1300  0.0000  PE_122
mesh_2_0                            2007.9360      0.7    1976.9400     30.9960  0.0000  PE_119
mesh_2_1                            1927.8000      0.6    1896.0480     31.7520  0.0000  PE_118
mesh_2_10                           1922.2560      0.6    1890.5040     31.7520  0.0000  PE_109
mesh_2_11                           1982.2320      0.7    1951.2360     30.9960  0.0000  PE_108
mesh_2_2                            1943.1720      0.7    1912.1760     30.9960  0.0000  PE_117
mesh_2_3                            1936.7460      0.7    1904.9940     31.7520  0.0000  PE_116
mesh_2_4                            1945.6920      0.7    1913.5620     32.1300  0.0000  PE_115
mesh_2_5                            1937.2500      0.7    1905.1200     32.1300  0.0000  PE_114
mesh_2_6                            1924.7760      0.6    1893.7800     30.9960  0.0000  PE_113
mesh_2_7                            1939.7700      0.7    1908.3960     31.3740  0.0000  PE_112
mesh_2_8                            1926.0360      0.6    1894.6620     31.3740  0.0000  PE_111
mesh_2_9                            1929.4380      0.6    1897.6860     31.7520  0.0000  PE_110
mesh_3_0                            2023.3080      0.7    1992.3120     30.9960  0.0000  PE_107
mesh_3_1                            1925.1540      0.6    1893.4020     31.7520  0.0000  PE_106
mesh_3_10                           1944.8100      0.7    1913.8140     30.9960  0.0000  PE_97
mesh_3_11                           1970.3880      0.7    1939.3920     30.9960  0.0000  PE_96
mesh_3_2                            1950.2280      0.7    1918.4760     31.7520  0.0000  PE_105
mesh_3_3                            1929.0600      0.6    1897.3080     31.7520  0.0000  PE_104
mesh_3_4                            1941.5340      0.7    1909.7820     31.7520  0.0000  PE_103
mesh_3_5                            1943.9280      0.7    1912.5540     31.3740  0.0000  PE_102
mesh_3_6                            1942.7940      0.7    1911.0420     31.7520  0.0000  PE_101
mesh_3_7                            1929.1860      0.6    1897.4340     31.7520  0.0000  PE_100
mesh_3_8                            1928.4300      0.6    1897.0560     31.3740  0.0000  PE_99
mesh_3_9                            1927.8000      0.6    1896.4260     31.3740  0.0000  PE_98
mesh_4_0                            1993.4460      0.7    1962.4500     30.9960  0.0000  PE_95
mesh_4_1                            1928.6820      0.6    1897.3080     31.3740  0.0000  PE_94
mesh_4_10                           1941.4080      0.7    1910.4120     30.9960  0.0000  PE_85
mesh_4_11                           1988.7840      0.7    1958.1660     30.6180  0.0000  PE_84
mesh_4_2                            1943.0460      0.7    1910.9160     32.1300  0.0000  PE_93
mesh_4_3                            1937.7540      0.7    1906.0020     31.7520  0.0000  PE_92
mesh_4_4                            1922.6340      0.6    1890.8820     31.7520  0.0000  PE_91
mesh_4_5                            1935.6120      0.7    1904.2380     31.3740  0.0000  PE_90
mesh_4_6                            1931.0760      0.6    1899.3240     31.7520  0.0000  PE_89
mesh_4_7                            1944.1800      0.7    1912.4280     31.7520  0.0000  PE_88
mesh_4_8                            1930.1940      0.6    1898.0640     32.1300  0.0000  PE_87
mesh_4_9                            1943.5500      0.7    1911.7980     31.7520  0.0000  PE_86
mesh_5_0                            1993.9500      0.7    1962.9540     30.9960  0.0000  PE_83
mesh_5_1                            1935.4860      0.7    1904.1120     31.3740  0.0000  PE_82
mesh_5_10                           1941.5340      0.7    1910.5380     30.9960  0.0000  PE_73
mesh_5_11                           1962.4500      0.7    1931.8320     30.6180  0.0000  PE_72
mesh_5_2                            1946.8260      0.7    1915.4520     31.3740  0.0000  PE_81
mesh_5_3                            1942.2900      0.7    1911.2940     30.9960  0.0000  PE_80
mesh_5_4                            1930.5720      0.6    1899.1980     31.3740  0.0000  PE_79
mesh_5_5                            1937.8800      0.7    1906.1280     31.7520  0.0000  PE_78
mesh_5_6                            1939.1400      0.7    1907.3880     31.7520  0.0000  PE_77
mesh_5_7                            1934.2260      0.7    1902.4740     31.7520  0.0000  PE_76
mesh_5_8                            1935.9900      0.7    1904.6160     31.3740  0.0000  PE_75
mesh_5_9                            1932.7140      0.6    1900.9620     31.7520  0.0000  PE_74
mesh_6_0                            1984.8780      0.7    1953.8820     30.9960  0.0000  PE_71
mesh_6_1                            1924.9020      0.6    1893.1500     31.7520  0.0000  PE_70
mesh_6_10                           1944.8100      0.7    1913.4360     31.3740  0.0000  PE_61
mesh_6_11                           1957.1580      0.7    1925.4060     31.7520  0.0000  PE_60
mesh_6_2                            1925.4060      0.6    1893.2760     32.1300  0.0000  PE_69
mesh_6_3                            1948.8420      0.7    1917.0900     31.7520  0.0000  PE_68
mesh_6_4                            1939.6440      0.7    1907.5140     32.1300  0.0000  PE_67
mesh_6_5                            1925.6580      0.6    1893.5280     32.1300  0.0000  PE_66
mesh_6_6                            1948.5900      0.7    1917.5940     30.9960  0.0000  PE_65
mesh_6_7                            1936.9980      0.7    1906.0020     30.9960  0.0000  PE_64
mesh_6_8                            1927.2960      0.6    1895.1660     32.1300  0.0000  PE_63
mesh_6_9                            1928.3040      0.6    1896.5520     31.7520  0.0000  PE_62
mesh_7_0                            1999.7460      0.7    1969.1280     30.6180  0.0000  PE_59
mesh_7_1                            1931.0760      0.6    1899.3240     31.7520  0.0000  PE_58
mesh_7_10                           1923.3900      0.6    1891.6380     31.7520  0.0000  PE_49
mesh_7_11                           1969.7580      0.7    1939.1400     30.6180  0.0000  PE_48
mesh_7_2                            1952.6220      0.7    1920.8700     31.7520  0.0000  PE_57
mesh_7_3                            1941.7860      0.7    1910.7900     30.9960  0.0000  PE_56
mesh_7_4                            1919.7360      0.6    1887.9840     31.7520  0.0000  PE_55
mesh_7_5                            1935.6120      0.7    1904.2380     31.3740  0.0000  PE_54
mesh_7_6                            1932.0840      0.6    1900.3320     31.7520  0.0000  PE_53
mesh_7_7                            1936.4940      0.7    1905.1200     31.3740  0.0000  PE_52
mesh_7_8                            1911.6720      0.6    1879.9200     31.7520  0.0000  PE_51
mesh_7_9                            1943.1720      0.7    1911.7980     31.3740  0.0000  PE_50
mesh_8_0                            1990.4220      0.7    1959.4260     30.9960  0.0000  PE_47
mesh_8_1                            1936.3680      0.7    1905.3720     30.9960  0.0000  PE_46
mesh_8_10                           1930.1940      0.6    1898.8200     31.3740  0.0000  PE_37
mesh_8_11                           1989.5400      0.7    1958.5440     30.9960  0.0000  PE_36
mesh_8_2                            1930.6980      0.6    1899.3240     31.3740  0.0000  PE_45
mesh_8_3                            1932.4620      0.6    1901.0880     31.3740  0.0000  PE_44
mesh_8_4                            1931.7060      0.6    1900.3320     31.3740  0.0000  PE_43
mesh_8_5                            1941.4080      0.7    1910.0340     31.3740  0.0000  PE_42
mesh_8_6                            1929.6900      0.6    1898.3160     31.3740  0.0000  PE_41
mesh_8_7                            1931.8320      0.6    1900.4580     31.3740  0.0000  PE_40
mesh_8_8                            1925.0280      0.6    1893.2760     31.7520  0.0000  PE_39
mesh_8_9                            1942.0380      0.7    1910.6640     31.3740  0.0000  PE_38
mesh_9_0                            2006.1720      0.7    1975.9320     30.2400  0.0000  PE_35
mesh_9_1                            1931.8320      0.6    1900.0800     31.7520  0.0000  PE_34
mesh_9_10                           1940.0220      0.7    1908.6480     31.3740  0.0000  PE_25
mesh_9_11                           1976.0580      0.7    1945.4400     30.6180  0.0000  PE_24
mesh_9_2                            1920.4920      0.6    1889.1180     31.3740  0.0000  PE_33
mesh_9_3                            1933.0920      0.7    1901.3400     31.7520  0.0000  PE_32
mesh_9_4                            1939.0140      0.7    1908.0180     30.9960  0.0000  PE_31
mesh_9_5                            1936.9980      0.7    1905.2460     31.7520  0.0000  PE_30
mesh_9_6                            1938.7620      0.7    1907.0100     31.7520  0.0000  PE_29
mesh_9_7                            1936.3680      0.7    1904.9940     31.3740  0.0000  PE_28
mesh_9_8                            1936.8720      0.7    1905.8760     30.9960  0.0000  PE_27
mesh_9_9                            1925.5320      0.6    1894.1580     31.3740  0.0000  PE_26
--------------------------------  -----------  -------  -----------  ----------  ------  ---------
Total                                                   279208.6916  18159.7498  0.0000

1
