Information: Updating design information... (UID-85)
Warning: Design 'SystolicArray' contains 1 high-fanout nets. A fanout number of 1000 will be used for delay calculations involving these nets. (TIM-134)
 
****************************************
Report : timing
        -path full
        -delay max
        -nets
        -max_paths 1
        -transition_time
Design : SystolicArray
Version: V-2023.12
Date   : Mon Apr  6 07:16:53 2026
****************************************

 # A fanout number of 1000 was used for high fanout net computations.

Operating Conditions: ffg0p99v0c   Library: tcbn28hpcplusbwp30p140ffg0p99v0c_ccs
Wire Load Model Mode: segmented

  Startpoint: mesh_6_11/regVal_bits_reg[11]
              (rising edge-triggered flip-flop clocked by ideal_clock1)
  Endpoint: uIn_83_bits_reg[10]
            (rising edge-triggered flip-flop clocked by ideal_clock1)
  Path Group: ideal_clock1
  Path Type: max

  Des/Clust/Port     Wire Load Model       Library
  ------------------------------------------------
  CMP_10             ZeroWireload          tcbn28hpcplusbwp30p140ffg0p99v0c_ccs
  CMP_9              ZeroWireload          tcbn28hpcplusbwp30p140ffg0p99v0c_ccs
  CMP_8              ZeroWireload          tcbn28hpcplusbwp30p140ffg0p99v0c_ccs
  CMP_7              ZeroWireload          tcbn28hpcplusbwp30p140ffg0p99v0c_ccs
  CMP_6              ZeroWireload          tcbn28hpcplusbwp30p140ffg0p99v0c_ccs
  CMP_5              ZeroWireload          tcbn28hpcplusbwp30p140ffg0p99v0c_ccs
  CMP_4              ZeroWireload          tcbn28hpcplusbwp30p140ffg0p99v0c_ccs
  CMP_3              ZeroWireload          tcbn28hpcplusbwp30p140ffg0p99v0c_ccs
  CMP_2              ZeroWireload          tcbn28hpcplusbwp30p140ffg0p99v0c_ccs
  CMP_1              ZeroWireload          tcbn28hpcplusbwp30p140ffg0p99v0c_ccs
  CMP_0              ZeroWireload          tcbn28hpcplusbwp30p140ffg0p99v0c_ccs
  PE_0               ZeroWireload          tcbn28hpcplusbwp30p140ffg0p99v0c_ccs
  PE_1               ZeroWireload          tcbn28hpcplusbwp30p140ffg0p99v0c_ccs
  PE_2               ZeroWireload          tcbn28hpcplusbwp30p140ffg0p99v0c_ccs
  PE_3               ZeroWireload          tcbn28hpcplusbwp30p140ffg0p99v0c_ccs
  PE_4               ZeroWireload          tcbn28hpcplusbwp30p140ffg0p99v0c_ccs
  PE_5               ZeroWireload          tcbn28hpcplusbwp30p140ffg0p99v0c_ccs
  PE_6               ZeroWireload          tcbn28hpcplusbwp30p140ffg0p99v0c_ccs
  PE_7               ZeroWireload          tcbn28hpcplusbwp30p140ffg0p99v0c_ccs
  PE_8               ZeroWireload          tcbn28hpcplusbwp30p140ffg0p99v0c_ccs
  PE_9               ZeroWireload          tcbn28hpcplusbwp30p140ffg0p99v0c_ccs
  PE_10              ZeroWireload          tcbn28hpcplusbwp30p140ffg0p99v0c_ccs
  PE_11              ZeroWireload          tcbn28hpcplusbwp30p140ffg0p99v0c_ccs
  PE_12              ZeroWireload          tcbn28hpcplusbwp30p140ffg0p99v0c_ccs
  PE_13              ZeroWireload          tcbn28hpcplusbwp30p140ffg0p99v0c_ccs
  PE_14              ZeroWireload          tcbn28hpcplusbwp30p140ffg0p99v0c_ccs
  PE_15              ZeroWireload          tcbn28hpcplusbwp30p140ffg0p99v0c_ccs
  PE_16              ZeroWireload          tcbn28hpcplusbwp30p140ffg0p99v0c_ccs
  PE_17              ZeroWireload          tcbn28hpcplusbwp30p140ffg0p99v0c_ccs
  PE_18              ZeroWireload          tcbn28hpcplusbwp30p140ffg0p99v0c_ccs
  PE_19              ZeroWireload          tcbn28hpcplusbwp30p140ffg0p99v0c_ccs
  PE_20              ZeroWireload          tcbn28hpcplusbwp30p140ffg0p99v0c_ccs
  PE_21              ZeroWireload          tcbn28hpcplusbwp30p140ffg0p99v0c_ccs
  PE_22              ZeroWireload          tcbn28hpcplusbwp30p140ffg0p99v0c_ccs
  PE_23              ZeroWireload          tcbn28hpcplusbwp30p140ffg0p99v0c_ccs
  PE_24              ZeroWireload          tcbn28hpcplusbwp30p140ffg0p99v0c_ccs
  PE_25              ZeroWireload          tcbn28hpcplusbwp30p140ffg0p99v0c_ccs
  PE_26              ZeroWireload          tcbn28hpcplusbwp30p140ffg0p99v0c_ccs
  PE_27              ZeroWireload          tcbn28hpcplusbwp30p140ffg0p99v0c_ccs
  PE_28              ZeroWireload          tcbn28hpcplusbwp30p140ffg0p99v0c_ccs
  PE_29              ZeroWireload          tcbn28hpcplusbwp30p140ffg0p99v0c_ccs
  PE_30              ZeroWireload          tcbn28hpcplusbwp30p140ffg0p99v0c_ccs
  PE_31              ZeroWireload          tcbn28hpcplusbwp30p140ffg0p99v0c_ccs
  PE_32              ZeroWireload          tcbn28hpcplusbwp30p140ffg0p99v0c_ccs
  PE_33              ZeroWireload          tcbn28hpcplusbwp30p140ffg0p99v0c_ccs
  PE_34              ZeroWireload          tcbn28hpcplusbwp30p140ffg0p99v0c_ccs
  PE_35              ZeroWireload          tcbn28hpcplusbwp30p140ffg0p99v0c_ccs
  PE_36              ZeroWireload          tcbn28hpcplusbwp30p140ffg0p99v0c_ccs
  PE_37              ZeroWireload          tcbn28hpcplusbwp30p140ffg0p99v0c_ccs
  PE_38              ZeroWireload          tcbn28hpcplusbwp30p140ffg0p99v0c_ccs
  PE_39              ZeroWireload          tcbn28hpcplusbwp30p140ffg0p99v0c_ccs
  PE_40              ZeroWireload          tcbn28hpcplusbwp30p140ffg0p99v0c_ccs
  PE_41              ZeroWireload          tcbn28hpcplusbwp30p140ffg0p99v0c_ccs
  PE_42              ZeroWireload          tcbn28hpcplusbwp30p140ffg0p99v0c_ccs
  PE_43              ZeroWireload          tcbn28hpcplusbwp30p140ffg0p99v0c_ccs
  PE_44              ZeroWireload          tcbn28hpcplusbwp30p140ffg0p99v0c_ccs
  PE_45              ZeroWireload          tcbn28hpcplusbwp30p140ffg0p99v0c_ccs
  PE_46              ZeroWireload          tcbn28hpcplusbwp30p140ffg0p99v0c_ccs
  PE_47              ZeroWireload          tcbn28hpcplusbwp30p140ffg0p99v0c_ccs
  PE_48              ZeroWireload          tcbn28hpcplusbwp30p140ffg0p99v0c_ccs
  PE_49              ZeroWireload          tcbn28hpcplusbwp30p140ffg0p99v0c_ccs
  PE_50              ZeroWireload          tcbn28hpcplusbwp30p140ffg0p99v0c_ccs
  PE_51              ZeroWireload          tcbn28hpcplusbwp30p140ffg0p99v0c_ccs
  PE_52              ZeroWireload          tcbn28hpcplusbwp30p140ffg0p99v0c_ccs
  PE_53              ZeroWireload          tcbn28hpcplusbwp30p140ffg0p99v0c_ccs
  PE_54              ZeroWireload          tcbn28hpcplusbwp30p140ffg0p99v0c_ccs
  PE_55              ZeroWireload          tcbn28hpcplusbwp30p140ffg0p99v0c_ccs
  PE_56              ZeroWireload          tcbn28hpcplusbwp30p140ffg0p99v0c_ccs
  PE_57              ZeroWireload          tcbn28hpcplusbwp30p140ffg0p99v0c_ccs
  PE_58              ZeroWireload          tcbn28hpcplusbwp30p140ffg0p99v0c_ccs
  PE_59              ZeroWireload          tcbn28hpcplusbwp30p140ffg0p99v0c_ccs
  PE_60              ZeroWireload          tcbn28hpcplusbwp30p140ffg0p99v0c_ccs
  PE_61              ZeroWireload          tcbn28hpcplusbwp30p140ffg0p99v0c_ccs
  PE_62              ZeroWireload          tcbn28hpcplusbwp30p140ffg0p99v0c_ccs
  PE_63              ZeroWireload          tcbn28hpcplusbwp30p140ffg0p99v0c_ccs
  PE_64              ZeroWireload          tcbn28hpcplusbwp30p140ffg0p99v0c_ccs
  PE_65              ZeroWireload          tcbn28hpcplusbwp30p140ffg0p99v0c_ccs
  PE_66              ZeroWireload          tcbn28hpcplusbwp30p140ffg0p99v0c_ccs
  PE_67              ZeroWireload          tcbn28hpcplusbwp30p140ffg0p99v0c_ccs
  PE_68              ZeroWireload          tcbn28hpcplusbwp30p140ffg0p99v0c_ccs
  PE_69              ZeroWireload          tcbn28hpcplusbwp30p140ffg0p99v0c_ccs
  PE_70              ZeroWireload          tcbn28hpcplusbwp30p140ffg0p99v0c_ccs
  PE_71              ZeroWireload          tcbn28hpcplusbwp30p140ffg0p99v0c_ccs
  PE_72              ZeroWireload          tcbn28hpcplusbwp30p140ffg0p99v0c_ccs
  PE_73              ZeroWireload          tcbn28hpcplusbwp30p140ffg0p99v0c_ccs
  PE_74              ZeroWireload          tcbn28hpcplusbwp30p140ffg0p99v0c_ccs
  PE_75              ZeroWireload          tcbn28hpcplusbwp30p140ffg0p99v0c_ccs
  PE_76              ZeroWireload          tcbn28hpcplusbwp30p140ffg0p99v0c_ccs
  PE_77              ZeroWireload          tcbn28hpcplusbwp30p140ffg0p99v0c_ccs
  PE_78              ZeroWireload          tcbn28hpcplusbwp30p140ffg0p99v0c_ccs
  PE_79              ZeroWireload          tcbn28hpcplusbwp30p140ffg0p99v0c_ccs
  PE_80              ZeroWireload          tcbn28hpcplusbwp30p140ffg0p99v0c_ccs
  PE_81              ZeroWireload          tcbn28hpcplusbwp30p140ffg0p99v0c_ccs
  PE_82              ZeroWireload          tcbn28hpcplusbwp30p140ffg0p99v0c_ccs
  PE_83              ZeroWireload          tcbn28hpcplusbwp30p140ffg0p99v0c_ccs
  PE_84              ZeroWireload          tcbn28hpcplusbwp30p140ffg0p99v0c_ccs
  PE_85              ZeroWireload          tcbn28hpcplusbwp30p140ffg0p99v0c_ccs
  PE_86              ZeroWireload          tcbn28hpcplusbwp30p140ffg0p99v0c_ccs
  PE_87              ZeroWireload          tcbn28hpcplusbwp30p140ffg0p99v0c_ccs
  PE_88              ZeroWireload          tcbn28hpcplusbwp30p140ffg0p99v0c_ccs
  PE_89              ZeroWireload          tcbn28hpcplusbwp30p140ffg0p99v0c_ccs
  PE_90              ZeroWireload          tcbn28hpcplusbwp30p140ffg0p99v0c_ccs
  PE_91              ZeroWireload          tcbn28hpcplusbwp30p140ffg0p99v0c_ccs
  PE_92              ZeroWireload          tcbn28hpcplusbwp30p140ffg0p99v0c_ccs
  PE_93              ZeroWireload          tcbn28hpcplusbwp30p140ffg0p99v0c_ccs
  PE_94              ZeroWireload          tcbn28hpcplusbwp30p140ffg0p99v0c_ccs
  PE_95              ZeroWireload          tcbn28hpcplusbwp30p140ffg0p99v0c_ccs
  PE_96              ZeroWireload          tcbn28hpcplusbwp30p140ffg0p99v0c_ccs
  PE_97              ZeroWireload          tcbn28hpcplusbwp30p140ffg0p99v0c_ccs
  PE_98              ZeroWireload          tcbn28hpcplusbwp30p140ffg0p99v0c_ccs
  PE_99              ZeroWireload          tcbn28hpcplusbwp30p140ffg0p99v0c_ccs
  PE_100             ZeroWireload          tcbn28hpcplusbwp30p140ffg0p99v0c_ccs
  PE_101             ZeroWireload          tcbn28hpcplusbwp30p140ffg0p99v0c_ccs
  PE_102             ZeroWireload          tcbn28hpcplusbwp30p140ffg0p99v0c_ccs
  PE_103             ZeroWireload          tcbn28hpcplusbwp30p140ffg0p99v0c_ccs
  PE_104             ZeroWireload          tcbn28hpcplusbwp30p140ffg0p99v0c_ccs
  PE_105             ZeroWireload          tcbn28hpcplusbwp30p140ffg0p99v0c_ccs
  PE_106             ZeroWireload          tcbn28hpcplusbwp30p140ffg0p99v0c_ccs
  PE_107             ZeroWireload          tcbn28hpcplusbwp30p140ffg0p99v0c_ccs
  PE_108             ZeroWireload          tcbn28hpcplusbwp30p140ffg0p99v0c_ccs
  PE_109             ZeroWireload          tcbn28hpcplusbwp30p140ffg0p99v0c_ccs
  PE_110             ZeroWireload          tcbn28hpcplusbwp30p140ffg0p99v0c_ccs
  PE_111             ZeroWireload          tcbn28hpcplusbwp30p140ffg0p99v0c_ccs
  PE_112             ZeroWireload          tcbn28hpcplusbwp30p140ffg0p99v0c_ccs
  PE_113             ZeroWireload          tcbn28hpcplusbwp30p140ffg0p99v0c_ccs
  PE_114             ZeroWireload          tcbn28hpcplusbwp30p140ffg0p99v0c_ccs
  PE_115             ZeroWireload          tcbn28hpcplusbwp30p140ffg0p99v0c_ccs
  PE_116             ZeroWireload          tcbn28hpcplusbwp30p140ffg0p99v0c_ccs
  PE_117             ZeroWireload          tcbn28hpcplusbwp30p140ffg0p99v0c_ccs
  PE_118             ZeroWireload          tcbn28hpcplusbwp30p140ffg0p99v0c_ccs
  PE_119             ZeroWireload          tcbn28hpcplusbwp30p140ffg0p99v0c_ccs
  PE_120             ZeroWireload          tcbn28hpcplusbwp30p140ffg0p99v0c_ccs
  PE_121             ZeroWireload          tcbn28hpcplusbwp30p140ffg0p99v0c_ccs
  PE_122             ZeroWireload          tcbn28hpcplusbwp30p140ffg0p99v0c_ccs
  PE_123             ZeroWireload          tcbn28hpcplusbwp30p140ffg0p99v0c_ccs
  PE_124             ZeroWireload          tcbn28hpcplusbwp30p140ffg0p99v0c_ccs
  PE_125             ZeroWireload          tcbn28hpcplusbwp30p140ffg0p99v0c_ccs
  PE_126             ZeroWireload          tcbn28hpcplusbwp30p140ffg0p99v0c_ccs
  PE_127             ZeroWireload          tcbn28hpcplusbwp30p140ffg0p99v0c_ccs
  PE_128             ZeroWireload          tcbn28hpcplusbwp30p140ffg0p99v0c_ccs
  PE_129             ZeroWireload          tcbn28hpcplusbwp30p140ffg0p99v0c_ccs
  PE_130             ZeroWireload          tcbn28hpcplusbwp30p140ffg0p99v0c_ccs
  PE_131             ZeroWireload          tcbn28hpcplusbwp30p140ffg0p99v0c_ccs
  PE_132             ZeroWireload          tcbn28hpcplusbwp30p140ffg0p99v0c_ccs
  PE_133             ZeroWireload          tcbn28hpcplusbwp30p140ffg0p99v0c_ccs
  PE_134             ZeroWireload          tcbn28hpcplusbwp30p140ffg0p99v0c_ccs
  PE_135             ZeroWireload          tcbn28hpcplusbwp30p140ffg0p99v0c_ccs
  PE_136             ZeroWireload          tcbn28hpcplusbwp30p140ffg0p99v0c_ccs
  PE_137             ZeroWireload          tcbn28hpcplusbwp30p140ffg0p99v0c_ccs
  PE_138             ZeroWireload          tcbn28hpcplusbwp30p140ffg0p99v0c_ccs
  PE_139             ZeroWireload          tcbn28hpcplusbwp30p140ffg0p99v0c_ccs
  PE_140             ZeroWireload          tcbn28hpcplusbwp30p140ffg0p99v0c_ccs
  PE_141             ZeroWireload          tcbn28hpcplusbwp30p140ffg0p99v0c_ccs
  PE_142             ZeroWireload          tcbn28hpcplusbwp30p140ffg0p99v0c_ccs
  PE_143             ZeroWireload          tcbn28hpcplusbwp30p140ffg0p99v0c_ccs
  SystolicArray      ZeroWireload          tcbn28hpcplusbwp30p140ffg0p99v0c_ccs
  CMP_11             ZeroWireload          tcbn28hpcplusbwp30p140ffg0p99v0c_ccs

Attributes:
    d - dont_touch
    u - dont_use
   mo - map_only
   so - size_only
    i - ideal_net or ideal_network
  inf - infeasible path

  Point                                                          Fanout     Trans      Incr       Path      Attributes
  ----------------------------------------------------------------------------------------------------------------------------
  clock ideal_clock1 (rise edge)                                                       0.00       0.00
  clock network delay (ideal)                                                          0.00       0.00
  mesh_6_11/regVal_bits_reg[11]/CP (DFQD4BWP30P140)                          0.00      0.00 #     0.00 r
  mesh_6_11/regVal_bits_reg[11]/Q (DFQD4BWP30P140)                           0.01      0.03       0.03 f
  mesh_6_11/regVal_bits[11] (net)                                  6                   0.00       0.03 f
  mesh_6_11/U77/ZN (ND2OPTIBD2BWP30P140)                                     0.03      0.01       0.04 r
  mesh_6_11/n107 (net)                                             1                   0.00       0.04 r
  mesh_6_11/U630/ZN (ND2OPTIBD4BWP30P140)                                    0.01      0.01       0.05 f
  mesh_6_11/n105 (net)                                             4                   0.00       0.05 f
  mesh_6_11/U629/Z (XOR2OPTND2BWP30P140)                                     0.02      0.02       0.07 f
  mesh_6_11/n309 (net)                                             3                   0.00       0.07 f
  mesh_6_11/U846/ZN (INVD2BWP30P140)                                         0.01      0.01       0.08 r
  mesh_6_11/n362 (net)                                             6                   0.00       0.08 r
  mesh_6_11/U1040/ZN (INVD1BWP30P140)                                        0.02      0.01       0.09 f
  mesh_6_11/n372 (net)                                             5                   0.00       0.09 f
  mesh_6_11/U1047/ZN (XNR2UD1BWP30P140)                                      0.02      0.02       0.11 f
  mesh_6_11/n2592 (net)                                            2                   0.00       0.11 f
  mesh_6_11/U1048/ZN (INVD1BWP30P140)                                        0.01      0.01       0.12 r
  mesh_6_11/n2673 (net)                                            3                   0.00       0.12 r
  mesh_6_11/U1049/ZN (ND2D1BWP30P140)                                        0.01      0.01       0.13 f
  mesh_6_11/n2605 (net)                                            2                   0.00       0.13 f
  mesh_6_11/U1050/ZN (ND2D1BWP30P140)                                        0.01      0.01       0.13 r
  mesh_6_11/n2652 (net)                                            2                   0.00       0.13 r
  mesh_6_11/U1054/ZN (NR2D1BWP30P140)                                        0.01      0.00       0.14 f
  mesh_6_11/n314 (net)                                             1                   0.00       0.14 f
  mesh_6_11/U162/ZN (IOA21D1BWP30P140)                                       0.01      0.01       0.15 f
  mesh_6_11/n172 (net)                                             1                   0.00       0.15 f
  mesh_6_11/U742/ZN (NR3D0P7BWP30P140)                                       0.02      0.01       0.16 r
  mesh_6_11/n393 (net)                                             2                   0.00       0.16 r
  mesh_6_11/U506/ZN (ND2D1BWP30P140)                                         0.02      0.01       0.18 f
  mesh_6_11/n412 (net)                                             3                   0.00       0.18 f
  mesh_6_11/U96/ZN (NR2OPTPAD1BWP30P140)                                     0.02      0.01       0.19 r
  mesh_6_11/n446 (net)                                             2                   0.00       0.19 r
  mesh_6_11/U66/ZN (OAI21OPTREPBD1BWP30P140)                                 0.02      0.02       0.21 f
  mesh_6_11/n443 (net)                                             2                   0.00       0.21 f
  mesh_6_11/U626/ZN (INVD1BWP30P140)                                         0.01      0.01       0.22 r
  mesh_6_11/n103 (net)                                             1                   0.00       0.22 r
  mesh_6_11/U624/ZN (INR2D4BWP30P140)                                        0.01      0.02       0.23 r
  mesh_6_11/n540 (net)                                             3                   0.00       0.23 r
  mesh_6_11/U749/ZN (INR2D4BWP30P140)                                        0.01      0.01       0.24 f
  mesh_6_11/n529 (net)                                             3                   0.00       0.24 f
  mesh_6_11/U1142/Z (MUX2OPTD4BWP30P140)                                     0.01      0.02       0.26 f
  mesh_6_11/n2460 (net)                                           11                   0.00       0.26 f
  mesh_6_11/U1316/ZN (NR2D1BWP30P140)                                        0.01      0.01       0.27 r
  mesh_6_11/n589 (net)                                             3                   0.00       0.27 r
  mesh_6_11/U202/ZN (OAI21D1BWP30P140)                                       0.01      0.01       0.28 f
  mesh_6_11/n126 (net)                                             1                   0.00       0.28 f
  mesh_6_11/U62/ZN (AOI21D1BWP30P140)                                        0.02      0.02       0.30 r
  mesh_6_11/n624 (net)                                             2                   0.00       0.30 r
  mesh_6_11/U403/Z (XOR2UD1BWP30P140)                                        0.02      0.01       0.31 f
  mesh_6_11/n615 (net)                                             2                   0.00       0.31 f
  mesh_6_11/U659/ZN (NR2D1BWP30P140)                                         0.01      0.01       0.32 r
  mesh_6_11/n618 (net)                                             2                   0.00       0.32 r
  mesh_6_11/U1336/ZN (OAI21D1BWP30P140)                                      0.01      0.01       0.33 f
  mesh_6_11/n619 (net)                                             1                   0.00       0.33 f
  mesh_6_11/U715/ZN (AOI21OPTREPBD1BWP30P140)                                0.01      0.01       0.34 r
  mesh_6_11/n629 (net)                                             1                   0.00       0.34 r
  mesh_6_11/U496/ZN (NR2D1BWP30P140)                                         0.01      0.01       0.34 f
  mesh_6_11/n630 (net)                                             1                   0.00       0.34 f
  mesh_6_11/U1342/ZN (INVD2BWP30P140)                                        0.01      0.01       0.35 r
  mesh_6_11/n651 (net)                                             2                   0.00       0.35 r
  mesh_6_11/U54/ZN (ND2D2BWP30P140)                                          0.01      0.01       0.36 f
  mesh_6_11/n723 (net)                                             3                   0.00       0.36 f
  mesh_6_11/U1377/ZN (INR2D1BWP30P140)                                       0.01      0.01       0.37 r
  mesh_6_11/n730 (net)                                             2                   0.00       0.37 r
  mesh_6_11/U1436/ZN (ND2D1BWP30P140)                                        0.01      0.01       0.38 f
  mesh_6_11/n731 (net)                                             1                   0.00       0.38 f
  mesh_6_11/U1437/ZN (ND2D1BWP30P140)                                        0.01      0.01       0.39 r
  mesh_6_11/n1055 (net)                                            3                   0.00       0.39 r
  mesh_6_11/U1438/Z (AN2D2BWP30P140)                                         0.01      0.02       0.40 r
  mesh_6_11/n1536 (net)                                            3                   0.00       0.40 r
  mesh_6_11/U1564/ZN (CKND2D2BWP30P140)                                      0.03      0.02       0.42 f
  mesh_6_11/n1607 (net)                                           15                   0.00       0.42 f
  mesh_6_11/U1615/ZN (INVD1BWP30P140)                                        0.02      0.02       0.44 r
  mesh_6_11/n1042 (net)                                            5                   0.00       0.44 r
  mesh_6_11/U1634/ZN (ND4D1BWP30P140)                                        0.02      0.01       0.45 f
  mesh_6_11/n964 (net)                                             1                   0.00       0.45 f
  mesh_6_11/U1635/ZN (OAI21D1BWP30P140)                                      0.02      0.01       0.46 r
  mesh_6_11/n1021 (net)                                            1                   0.00       0.46 r
  mesh_6_11/U1669/S (FA1D0BWP30P140)                                         0.02      0.04       0.51 f
  mesh_6_11/n1660 (net)                                            3                   0.00       0.51 f
  mesh_6_11/U564/ZN (NR2D1BWP30P140)                                         0.02      0.02       0.52 r
  mesh_6_11/n1514 (net)                                            3                   0.00       0.52 r
  mesh_6_11/U562/ZN (OAI21D2BWP30P140)                                       0.01      0.01       0.53 f
  mesh_6_11/n1926 (net)                                            3                   0.00       0.53 f
  mesh_6_11/U653/ZN (AOI21D1BWP30P140)                                       0.03      0.02       0.55 r
  mesh_6_11/n1523 (net)                                            3                   0.00       0.55 r
  mesh_6_11/U2057/ZN (INVD1BWP30P140)                                        0.02      0.01       0.57 f
  mesh_6_11/n1822 (net)                                            6                   0.00       0.57 f
  mesh_6_11/U2312/ZN (AOI21D1BWP30P140)                                      0.01      0.01       0.58 r
  mesh_6_11/n1823 (net)                                            1                   0.00       0.58 r
  mesh_6_11/U2313/ZN (OAI21D1BWP30P140)                                      0.02      0.01       0.59 f
  mesh_6_11/n1828 (net)                                            1                   0.00       0.59 f
  mesh_6_11/U337/ZN (XNR2UD1BWP30P140)                                       0.03      0.02       0.61 f
  mesh_6_11/n2934 (net)                                            4                   0.00       0.61 f
  mesh_6_11/U235/Z (XOR2UD1BWP30P140)                                        0.02      0.02       0.64 f
  mesh_6_11/expUnit/macOut_mac/ULSD/a_int[10] (net)                2                   0.00       0.64 f
  mesh_6_11/expUnit/macOut_mac/ULSD/U1/UEN0_0_1_3/ZN (AOI21D1BWP30P140)      0.01      0.01       0.65 r    mo 
  mesh_6_11/expUnit/macOut_mac/ULSD/U1/enc_tree[0][1][14] (net)     1                  0.00       0.65 r
  mesh_6_11/expUnit/macOut_mac/ULSD/U1/UEN1_0_2_1/ZN (OAI21D1BWP30P140)      0.01      0.01       0.66 f    mo 
  mesh_6_11/expUnit/macOut_mac/ULSD/U1/enc_tree[0][2][12] (net)     1                  0.00       0.66 f
  mesh_6_11/expUnit/macOut_mac/ULSD/U1/UEN0_0_3_0/ZN (AOI21D1BWP30P140)      0.01      0.01       0.67 r    mo 
  mesh_6_11/expUnit/macOut_mac/ULSD/U1/enc_tree[0][3][8] (net)     1                   0.00       0.67 r
  mesh_6_11/U232/ZN (NR2D2BWP30P140)                                         0.01      0.01       0.68 f
  mesh_6_11/n268 (net)                                             1                   0.00       0.68 f
  mesh_6_11/U873/ZN (INR2D4BWP30P140)                                        0.01      0.01       0.69 r
  mesh_6_11/n2416 (net)                                            6                   0.00       0.69 r
  mesh_6_11/U28/ZN (INR2D1BWP30P140)                                         0.01      0.01       0.70 f
  mesh_6_11/n1761 (net)                                            1                   0.00       0.70 f
  mesh_6_11/U461/ZN (INVD2BWP30P140)                                         0.01      0.01       0.71 r
  mesh_6_11/n1875 (net)                                            1                   0.00       0.71 r
  mesh_6_11/U330/ZN (INVD4BWP30P140)                                         0.02      0.01       0.72 f
  mesh_6_11/n20 (net)                                             24                   0.00       0.72 f
  mesh_6_11/U2566/ZN (AOI22D1BWP30P140)                                      0.01      0.01       0.73 r
  mesh_6_11/n2195 (net)                                            1                   0.00       0.73 r
  mesh_6_11/U23/ZN (ND2D1BWP30P140)                                          0.02      0.01       0.74 f
  mesh_6_11/n2329 (net)                                            4                   0.00       0.74 f
  mesh_6_11/U2567/ZN (AOI22D1BWP30P140)                                      0.01      0.01       0.76 r
  mesh_6_11/n2208 (net)                                            1                   0.00       0.76 r
  mesh_6_11/U18/ZN (ND2D1BWP30P140)                                          0.01      0.01       0.77 f
  mesh_6_11/n2389 (net)                                            2                   0.00       0.77 f
  mesh_6_11/U898/Z (CKMUX2D0BWP30P140)                                       0.01      0.02       0.79 f
  mesh_6_11/n285 (net)                                             1                   0.00       0.79 f
  mesh_6_11/U2701/ZN (NR4D0BWP30P140)                                        0.02      0.01       0.80 r
  mesh_6_11/n2402 (net)                                            1                   0.00       0.80 r
  mesh_6_11/U2704/ZN (ND2D1BWP30P140)                                        0.01      0.01       0.81 f
  mesh_6_11/n2403 (net)                                            1                   0.00       0.81 f
  mesh_6_11/U2705/ZN (NR2D1BWP30P140)                                        0.01      0.01       0.82 r
  mesh_6_11/n2407 (net)                                            1                   0.00       0.82 r
  mesh_6_11/U103/ZN (ND2OPTIBD2BWP30P140)                                    0.01      0.01       0.82 f
  mesh_6_11/n2412 (net)                                            1                   0.00       0.82 f
  mesh_6_11/U11/ZN (ND2D2BWP30P140)                                          0.01      0.01       0.83 r
  mesh_6_11/n2752 (net)                                            5                   0.00       0.83 r
  mesh_6_11/U174/ZN (NR2D2BWP30P140)                                         0.01      0.01       0.84 f
  mesh_6_11/n2564 (net)                                            2                   0.00       0.84 f
  mesh_6_11/U137/ZN (OAI31D2BWP30P140)                                       0.02      0.01       0.85 r
  mesh_6_11/n2748 (net)                                            3                   0.00       0.85 r
  mesh_6_11/U90/ZN (NR2OPTPAD2BWP30P140)                                     0.01      0.01       0.86 f
  mesh_6_11/n2573 (net)                                            3                   0.00       0.86 f
  mesh_6_11/U173/ZN (INVD4BWP30P140)                                         0.01      0.01       0.87 r
  mesh_6_11/n14 (net)                                              3                   0.00       0.87 r
  mesh_6_11/U296/ZN (OAI21D2BWP30P140)                                       0.02      0.01       0.88 f
  mesh_6_11/n2981 (net)                                            5                   0.00       0.88 f
  mesh_6_11/U8/ZN (NR2D2BWP30P140)                                           0.02      0.01       0.89 r
  mesh_6_11/n2719 (net)                                            3                   0.00       0.89 r
  mesh_6_11/U292/ZN (OAI21D2BWP30P140)                                       0.01      0.01       0.90 f
  mesh_6_11/n89 (net)                                              1                   0.00       0.90 f
  mesh_6_11/U209/ZN (AOI21D2BWP30P140)                                       0.02      0.02       0.92 r
  mesh_6_11/n2964 (net)                                            3                   0.00       0.92 r
  mesh_6_11/U745/ZN (OAI21D2BWP30P140)                                       0.01      0.01       0.93 f
  mesh_6_11/n175 (net)                                             1                   0.00       0.93 f
  mesh_6_11/U4/Z (XOR2D1BWP30P140)                                           0.01      0.02       0.94 f
  mesh_6_11/n159 (net)                                             1                   0.00       0.94 f
  mesh_6_11/U598/ZN (INR2D4BWP30P140)                                        0.01      0.01       0.95 r
  mesh_6_11/n3153 (net)                                            6                   0.00       0.95 r
  mesh_6_11/U502/ZN (AOI21D1BWP30P140)                                       0.01      0.01       0.96 f
  mesh_6_11/n250 (net)                                             1                   0.00       0.96 f
  mesh_6_11/U737/ZN (ND2D2BWP30P140)                                         0.01      0.01       0.97 r
  mesh_6_11/n3204 (net)                                            3                   0.00       0.97 r
  mesh_6_11/U501/Z (CKMUX2D0BWP30P140)                                       0.01      0.02       0.99 r
  mesh_6_11/io_dOutput_bits[10] (net)                              1                   0.00       0.99 r
  mesh_6_11/io_dOutput_bits[10] (PE_60)                                                0.00       0.99 r
  _mesh_6_11_io_dOutput_bits[10] (net)                                                 0.00       0.99 r
  uIn_83_bits_reg[10]/D (DFQD1BWP30P140)                                     0.01      0.00       0.99 r
  data arrival time                                                                               0.99

  clock ideal_clock1 (rise edge)                                                       1.00       1.00
  clock network delay (ideal)                                                          0.00       1.00
  uIn_83_bits_reg[10]/CP (DFQD1BWP30P140)                                              0.00       1.00 r
  library setup time                                                                  -0.01       0.99
  data required time                                                                              0.99
  ----------------------------------------------------------------------------------------------------------------------------
  data required time                                                                              0.99
  data arrival time                                                                              -0.99
  ----------------------------------------------------------------------------------------------------------------------------
  slack (MET)                                                                                     0.00


1
