Information: Updating design information... (UID-85)
Warning: Design 'SystolicArray' contains 2 high-fanout nets. A fanout number of 1000 will be used for delay calculations involving these nets. (TIM-134)
 
****************************************
Report : timing
        -path full
        -delay max
        -nets
        -max_paths 1
        -transition_time
Design : SystolicArray
Version: V-2023.12
Date   : Tue Apr  7 03:06:13 2026
****************************************

 # A fanout number of 1000 was used for high fanout net computations.

Operating Conditions: ffg0p99v0c   Library: tcbn28hpcplusbwp30p140ffg0p99v0c_ccs
Wire Load Model Mode: segmented

  Startpoint: pairs_6_22/left/regS_bits_reg[6]
              (rising edge-triggered flip-flop clocked by ideal_clock1)
  Endpoint: pairs_6_23/left/regS_bits_reg[13]
            (rising edge-triggered flip-flop clocked by ideal_clock1)
  Path Group: ideal_clock1
  Path Type: max

  Des/Clust/Port     Wire Load Model       Library
  ------------------------------------------------
  StripPair_252      ZeroWireload          tcbn28hpcplusbwp30p140ffg0p99v0c_ccs
  StripPair_240      ZeroWireload          tcbn28hpcplusbwp30p140ffg0p99v0c_ccs
  StripPair_228      ZeroWireload          tcbn28hpcplusbwp30p140ffg0p99v0c_ccs
  StripPair_216      ZeroWireload          tcbn28hpcplusbwp30p140ffg0p99v0c_ccs
  StripPair_204      ZeroWireload          tcbn28hpcplusbwp30p140ffg0p99v0c_ccs
  StripPair_192      ZeroWireload          tcbn28hpcplusbwp30p140ffg0p99v0c_ccs
  StripPair_180      ZeroWireload          tcbn28hpcplusbwp30p140ffg0p99v0c_ccs
  StripPair_168      ZeroWireload          tcbn28hpcplusbwp30p140ffg0p99v0c_ccs
  StripPair_156      ZeroWireload          tcbn28hpcplusbwp30p140ffg0p99v0c_ccs
  StripPair_144      ZeroWireload          tcbn28hpcplusbwp30p140ffg0p99v0c_ccs
  StripPair_132      ZeroWireload          tcbn28hpcplusbwp30p140ffg0p99v0c_ccs
  StripPair_120      ZeroWireload          tcbn28hpcplusbwp30p140ffg0p99v0c_ccs
  StripPair_108      ZeroWireload          tcbn28hpcplusbwp30p140ffg0p99v0c_ccs
  StripPair_96       ZeroWireload          tcbn28hpcplusbwp30p140ffg0p99v0c_ccs
  StripPair_84       ZeroWireload          tcbn28hpcplusbwp30p140ffg0p99v0c_ccs
  StripPair_72       ZeroWireload          tcbn28hpcplusbwp30p140ffg0p99v0c_ccs
  StripPair_60       ZeroWireload          tcbn28hpcplusbwp30p140ffg0p99v0c_ccs
  StripPair_48       ZeroWireload          tcbn28hpcplusbwp30p140ffg0p99v0c_ccs
  StripPair_36       ZeroWireload          tcbn28hpcplusbwp30p140ffg0p99v0c_ccs
  StripPair_24       ZeroWireload          tcbn28hpcplusbwp30p140ffg0p99v0c_ccs
  StripPair_12       ZeroWireload          tcbn28hpcplusbwp30p140ffg0p99v0c_ccs
  StripPair_0        ZeroWireload          tcbn28hpcplusbwp30p140ffg0p99v0c_ccs
  StripPair_286      ZeroWireload          tcbn28hpcplusbwp30p140ffg0p99v0c_ccs
  StripPair_285      ZeroWireload          tcbn28hpcplusbwp30p140ffg0p99v0c_ccs
  StripPair_284      ZeroWireload          tcbn28hpcplusbwp30p140ffg0p99v0c_ccs
  StripPair_283      ZeroWireload          tcbn28hpcplusbwp30p140ffg0p99v0c_ccs
  StripPair_282      ZeroWireload          tcbn28hpcplusbwp30p140ffg0p99v0c_ccs
  StripPair_281      ZeroWireload          tcbn28hpcplusbwp30p140ffg0p99v0c_ccs
  StripPair_280      ZeroWireload          tcbn28hpcplusbwp30p140ffg0p99v0c_ccs
  StripPair_279      ZeroWireload          tcbn28hpcplusbwp30p140ffg0p99v0c_ccs
  StripPair_278      ZeroWireload          tcbn28hpcplusbwp30p140ffg0p99v0c_ccs
  StripPair_277      ZeroWireload          tcbn28hpcplusbwp30p140ffg0p99v0c_ccs
  StripPair_274      ZeroWireload          tcbn28hpcplusbwp30p140ffg0p99v0c_ccs
  StripPair_273      ZeroWireload          tcbn28hpcplusbwp30p140ffg0p99v0c_ccs
  StripPair_272      ZeroWireload          tcbn28hpcplusbwp30p140ffg0p99v0c_ccs
  StripPair_271      ZeroWireload          tcbn28hpcplusbwp30p140ffg0p99v0c_ccs
  StripPair_270      ZeroWireload          tcbn28hpcplusbwp30p140ffg0p99v0c_ccs
  StripPair_269      ZeroWireload          tcbn28hpcplusbwp30p140ffg0p99v0c_ccs
  StripPair_268      ZeroWireload          tcbn28hpcplusbwp30p140ffg0p99v0c_ccs
  StripPair_267      ZeroWireload          tcbn28hpcplusbwp30p140ffg0p99v0c_ccs
  StripPair_266      ZeroWireload          tcbn28hpcplusbwp30p140ffg0p99v0c_ccs
  StripPair_265      ZeroWireload          tcbn28hpcplusbwp30p140ffg0p99v0c_ccs
  StripPair_263      ZeroWireload          tcbn28hpcplusbwp30p140ffg0p99v0c_ccs
  StripPair_262      ZeroWireload          tcbn28hpcplusbwp30p140ffg0p99v0c_ccs
  StripPair_261      ZeroWireload          tcbn28hpcplusbwp30p140ffg0p99v0c_ccs
  StripPair_260      ZeroWireload          tcbn28hpcplusbwp30p140ffg0p99v0c_ccs
  StripPair_259      ZeroWireload          tcbn28hpcplusbwp30p140ffg0p99v0c_ccs
  StripPair_258      ZeroWireload          tcbn28hpcplusbwp30p140ffg0p99v0c_ccs
  StripPair_257      ZeroWireload          tcbn28hpcplusbwp30p140ffg0p99v0c_ccs
  StripPair_256      ZeroWireload          tcbn28hpcplusbwp30p140ffg0p99v0c_ccs
  StripPair_255      ZeroWireload          tcbn28hpcplusbwp30p140ffg0p99v0c_ccs
  StripPair_254      ZeroWireload          tcbn28hpcplusbwp30p140ffg0p99v0c_ccs
  StripPair_253      ZeroWireload          tcbn28hpcplusbwp30p140ffg0p99v0c_ccs
  StripPair_251      ZeroWireload          tcbn28hpcplusbwp30p140ffg0p99v0c_ccs
  StripPair_250      ZeroWireload          tcbn28hpcplusbwp30p140ffg0p99v0c_ccs
  StripPair_249      ZeroWireload          tcbn28hpcplusbwp30p140ffg0p99v0c_ccs
  StripPair_248      ZeroWireload          tcbn28hpcplusbwp30p140ffg0p99v0c_ccs
  StripPair_247      ZeroWireload          tcbn28hpcplusbwp30p140ffg0p99v0c_ccs
  StripPair_246      ZeroWireload          tcbn28hpcplusbwp30p140ffg0p99v0c_ccs
  StripPair_245      ZeroWireload          tcbn28hpcplusbwp30p140ffg0p99v0c_ccs
  StripPair_244      ZeroWireload          tcbn28hpcplusbwp30p140ffg0p99v0c_ccs
  StripPair_243      ZeroWireload          tcbn28hpcplusbwp30p140ffg0p99v0c_ccs
  StripPair_242      ZeroWireload          tcbn28hpcplusbwp30p140ffg0p99v0c_ccs
  StripPair_241      ZeroWireload          tcbn28hpcplusbwp30p140ffg0p99v0c_ccs
  StripPair_239      ZeroWireload          tcbn28hpcplusbwp30p140ffg0p99v0c_ccs
  StripPair_238      ZeroWireload          tcbn28hpcplusbwp30p140ffg0p99v0c_ccs
  StripPair_237      ZeroWireload          tcbn28hpcplusbwp30p140ffg0p99v0c_ccs
  StripPair_236      ZeroWireload          tcbn28hpcplusbwp30p140ffg0p99v0c_ccs
  StripPair_235      ZeroWireload          tcbn28hpcplusbwp30p140ffg0p99v0c_ccs
  StripPair_234      ZeroWireload          tcbn28hpcplusbwp30p140ffg0p99v0c_ccs
  StripPair_233      ZeroWireload          tcbn28hpcplusbwp30p140ffg0p99v0c_ccs
  StripPair_232      ZeroWireload          tcbn28hpcplusbwp30p140ffg0p99v0c_ccs
  StripPair_231      ZeroWireload          tcbn28hpcplusbwp30p140ffg0p99v0c_ccs
  StripPair_230      ZeroWireload          tcbn28hpcplusbwp30p140ffg0p99v0c_ccs
  StripPair_229      ZeroWireload          tcbn28hpcplusbwp30p140ffg0p99v0c_ccs
  StripPair_227      ZeroWireload          tcbn28hpcplusbwp30p140ffg0p99v0c_ccs
  StripPair_226      ZeroWireload          tcbn28hpcplusbwp30p140ffg0p99v0c_ccs
  StripPair_225      ZeroWireload          tcbn28hpcplusbwp30p140ffg0p99v0c_ccs
  StripPair_224      ZeroWireload          tcbn28hpcplusbwp30p140ffg0p99v0c_ccs
  StripPair_223      ZeroWireload          tcbn28hpcplusbwp30p140ffg0p99v0c_ccs
  StripPair_222      ZeroWireload          tcbn28hpcplusbwp30p140ffg0p99v0c_ccs
  StripPair_221      ZeroWireload          tcbn28hpcplusbwp30p140ffg0p99v0c_ccs
  StripPair_220      ZeroWireload          tcbn28hpcplusbwp30p140ffg0p99v0c_ccs
  StripPair_219      ZeroWireload          tcbn28hpcplusbwp30p140ffg0p99v0c_ccs
  StripPair_218      ZeroWireload          tcbn28hpcplusbwp30p140ffg0p99v0c_ccs
  StripPair_217      ZeroWireload          tcbn28hpcplusbwp30p140ffg0p99v0c_ccs
  StripPair_215      ZeroWireload          tcbn28hpcplusbwp30p140ffg0p99v0c_ccs
  StripPair_214      ZeroWireload          tcbn28hpcplusbwp30p140ffg0p99v0c_ccs
  StripPair_213      ZeroWireload          tcbn28hpcplusbwp30p140ffg0p99v0c_ccs
  StripPair_212      ZeroWireload          tcbn28hpcplusbwp30p140ffg0p99v0c_ccs
  StripPair_211      ZeroWireload          tcbn28hpcplusbwp30p140ffg0p99v0c_ccs
  StripPair_210      ZeroWireload          tcbn28hpcplusbwp30p140ffg0p99v0c_ccs
  StripPair_209      ZeroWireload          tcbn28hpcplusbwp30p140ffg0p99v0c_ccs
  StripPair_208      ZeroWireload          tcbn28hpcplusbwp30p140ffg0p99v0c_ccs
  StripPair_207      ZeroWireload          tcbn28hpcplusbwp30p140ffg0p99v0c_ccs
  StripPair_206      ZeroWireload          tcbn28hpcplusbwp30p140ffg0p99v0c_ccs
  StripPair_205      ZeroWireload          tcbn28hpcplusbwp30p140ffg0p99v0c_ccs
  StripPair_203      ZeroWireload          tcbn28hpcplusbwp30p140ffg0p99v0c_ccs
  StripPair_202      ZeroWireload          tcbn28hpcplusbwp30p140ffg0p99v0c_ccs
  StripPair_201      ZeroWireload          tcbn28hpcplusbwp30p140ffg0p99v0c_ccs
  StripPair_200      ZeroWireload          tcbn28hpcplusbwp30p140ffg0p99v0c_ccs
  StripPair_199      ZeroWireload          tcbn28hpcplusbwp30p140ffg0p99v0c_ccs
  StripPair_198      ZeroWireload          tcbn28hpcplusbwp30p140ffg0p99v0c_ccs
  StripPair_197      ZeroWireload          tcbn28hpcplusbwp30p140ffg0p99v0c_ccs
  StripPair_196      ZeroWireload          tcbn28hpcplusbwp30p140ffg0p99v0c_ccs
  StripPair_195      ZeroWireload          tcbn28hpcplusbwp30p140ffg0p99v0c_ccs
  StripPair_194      ZeroWireload          tcbn28hpcplusbwp30p140ffg0p99v0c_ccs
  StripPair_193      ZeroWireload          tcbn28hpcplusbwp30p140ffg0p99v0c_ccs
  StripPair_191      ZeroWireload          tcbn28hpcplusbwp30p140ffg0p99v0c_ccs
  StripPair_190      ZeroWireload          tcbn28hpcplusbwp30p140ffg0p99v0c_ccs
  StripPair_189      ZeroWireload          tcbn28hpcplusbwp30p140ffg0p99v0c_ccs
  StripPair_188      ZeroWireload          tcbn28hpcplusbwp30p140ffg0p99v0c_ccs
  StripPair_187      ZeroWireload          tcbn28hpcplusbwp30p140ffg0p99v0c_ccs
  StripPair_186      ZeroWireload          tcbn28hpcplusbwp30p140ffg0p99v0c_ccs
  StripPair_185      ZeroWireload          tcbn28hpcplusbwp30p140ffg0p99v0c_ccs
  StripPair_184      ZeroWireload          tcbn28hpcplusbwp30p140ffg0p99v0c_ccs
  StripPair_183      ZeroWireload          tcbn28hpcplusbwp30p140ffg0p99v0c_ccs
  StripPair_182      ZeroWireload          tcbn28hpcplusbwp30p140ffg0p99v0c_ccs
  StripPair_181      ZeroWireload          tcbn28hpcplusbwp30p140ffg0p99v0c_ccs
  StripPair_179      ZeroWireload          tcbn28hpcplusbwp30p140ffg0p99v0c_ccs
  StripPair_178      ZeroWireload          tcbn28hpcplusbwp30p140ffg0p99v0c_ccs
  StripPair_177      ZeroWireload          tcbn28hpcplusbwp30p140ffg0p99v0c_ccs
  StripPair_176      ZeroWireload          tcbn28hpcplusbwp30p140ffg0p99v0c_ccs
  StripPair_175      ZeroWireload          tcbn28hpcplusbwp30p140ffg0p99v0c_ccs
  StripPair_174      ZeroWireload          tcbn28hpcplusbwp30p140ffg0p99v0c_ccs
  StripPair_173      ZeroWireload          tcbn28hpcplusbwp30p140ffg0p99v0c_ccs
  StripPair_172      ZeroWireload          tcbn28hpcplusbwp30p140ffg0p99v0c_ccs
  StripPair_171      ZeroWireload          tcbn28hpcplusbwp30p140ffg0p99v0c_ccs
  StripPair_170      ZeroWireload          tcbn28hpcplusbwp30p140ffg0p99v0c_ccs
  StripPair_169      ZeroWireload          tcbn28hpcplusbwp30p140ffg0p99v0c_ccs
  StripPair_167      ZeroWireload          tcbn28hpcplusbwp30p140ffg0p99v0c_ccs
  StripPair_166      ZeroWireload          tcbn28hpcplusbwp30p140ffg0p99v0c_ccs
  StripPair_165      ZeroWireload          tcbn28hpcplusbwp30p140ffg0p99v0c_ccs
  StripPair_164      ZeroWireload          tcbn28hpcplusbwp30p140ffg0p99v0c_ccs
  StripPair_163      ZeroWireload          tcbn28hpcplusbwp30p140ffg0p99v0c_ccs
  StripPair_162      ZeroWireload          tcbn28hpcplusbwp30p140ffg0p99v0c_ccs
  StripPair_161      ZeroWireload          tcbn28hpcplusbwp30p140ffg0p99v0c_ccs
  StripPair_160      ZeroWireload          tcbn28hpcplusbwp30p140ffg0p99v0c_ccs
  StripPair_159      ZeroWireload          tcbn28hpcplusbwp30p140ffg0p99v0c_ccs
  StripPair_158      ZeroWireload          tcbn28hpcplusbwp30p140ffg0p99v0c_ccs
  StripPair_157      ZeroWireload          tcbn28hpcplusbwp30p140ffg0p99v0c_ccs
  StripPair_155      ZeroWireload          tcbn28hpcplusbwp30p140ffg0p99v0c_ccs
  StripPair_154      ZeroWireload          tcbn28hpcplusbwp30p140ffg0p99v0c_ccs
  StripPair_153      ZeroWireload          tcbn28hpcplusbwp30p140ffg0p99v0c_ccs
  StripPair_152      ZeroWireload          tcbn28hpcplusbwp30p140ffg0p99v0c_ccs
  StripPair_151      ZeroWireload          tcbn28hpcplusbwp30p140ffg0p99v0c_ccs
  StripPair_150      ZeroWireload          tcbn28hpcplusbwp30p140ffg0p99v0c_ccs
  StripPair_149      ZeroWireload          tcbn28hpcplusbwp30p140ffg0p99v0c_ccs
  StripPair_148      ZeroWireload          tcbn28hpcplusbwp30p140ffg0p99v0c_ccs
  StripPair_147      ZeroWireload          tcbn28hpcplusbwp30p140ffg0p99v0c_ccs
  StripPair_146      ZeroWireload          tcbn28hpcplusbwp30p140ffg0p99v0c_ccs
  StripPair_145      ZeroWireload          tcbn28hpcplusbwp30p140ffg0p99v0c_ccs
  StripPair_143      ZeroWireload          tcbn28hpcplusbwp30p140ffg0p99v0c_ccs
  StripPair_142      ZeroWireload          tcbn28hpcplusbwp30p140ffg0p99v0c_ccs
  StripPair_141      ZeroWireload          tcbn28hpcplusbwp30p140ffg0p99v0c_ccs
  StripPair_140      ZeroWireload          tcbn28hpcplusbwp30p140ffg0p99v0c_ccs
  StripPair_139      ZeroWireload          tcbn28hpcplusbwp30p140ffg0p99v0c_ccs
  StripPair_138      ZeroWireload          tcbn28hpcplusbwp30p140ffg0p99v0c_ccs
  StripPair_137      ZeroWireload          tcbn28hpcplusbwp30p140ffg0p99v0c_ccs
  StripPair_136      ZeroWireload          tcbn28hpcplusbwp30p140ffg0p99v0c_ccs
  StripPair_135      ZeroWireload          tcbn28hpcplusbwp30p140ffg0p99v0c_ccs
  StripPair_134      ZeroWireload          tcbn28hpcplusbwp30p140ffg0p99v0c_ccs
  StripPair_133      ZeroWireload          tcbn28hpcplusbwp30p140ffg0p99v0c_ccs
  StripPair_131      ZeroWireload          tcbn28hpcplusbwp30p140ffg0p99v0c_ccs
  StripPair_130      ZeroWireload          tcbn28hpcplusbwp30p140ffg0p99v0c_ccs
  StripPair_129      ZeroWireload          tcbn28hpcplusbwp30p140ffg0p99v0c_ccs
  StripPair_128      ZeroWireload          tcbn28hpcplusbwp30p140ffg0p99v0c_ccs
  StripPair_127      ZeroWireload          tcbn28hpcplusbwp30p140ffg0p99v0c_ccs
  StripPair_126      ZeroWireload          tcbn28hpcplusbwp30p140ffg0p99v0c_ccs
  StripPair_125      ZeroWireload          tcbn28hpcplusbwp30p140ffg0p99v0c_ccs
  StripPair_124      ZeroWireload          tcbn28hpcplusbwp30p140ffg0p99v0c_ccs
  StripPair_123      ZeroWireload          tcbn28hpcplusbwp30p140ffg0p99v0c_ccs
  StripPair_122      ZeroWireload          tcbn28hpcplusbwp30p140ffg0p99v0c_ccs
  StripPair_121      ZeroWireload          tcbn28hpcplusbwp30p140ffg0p99v0c_ccs
  StripPair_119      ZeroWireload          tcbn28hpcplusbwp30p140ffg0p99v0c_ccs
  StripPair_118      ZeroWireload          tcbn28hpcplusbwp30p140ffg0p99v0c_ccs
  StripPair_117      ZeroWireload          tcbn28hpcplusbwp30p140ffg0p99v0c_ccs
  StripPair_116      ZeroWireload          tcbn28hpcplusbwp30p140ffg0p99v0c_ccs
  StripPair_115      ZeroWireload          tcbn28hpcplusbwp30p140ffg0p99v0c_ccs
  StripPair_114      ZeroWireload          tcbn28hpcplusbwp30p140ffg0p99v0c_ccs
  StripPair_113      ZeroWireload          tcbn28hpcplusbwp30p140ffg0p99v0c_ccs
  StripPair_112      ZeroWireload          tcbn28hpcplusbwp30p140ffg0p99v0c_ccs
  StripPair_111      ZeroWireload          tcbn28hpcplusbwp30p140ffg0p99v0c_ccs
  StripPair_110      ZeroWireload          tcbn28hpcplusbwp30p140ffg0p99v0c_ccs
  StripPair_109      ZeroWireload          tcbn28hpcplusbwp30p140ffg0p99v0c_ccs
  StripPair_107      ZeroWireload          tcbn28hpcplusbwp30p140ffg0p99v0c_ccs
  StripPair_106      ZeroWireload          tcbn28hpcplusbwp30p140ffg0p99v0c_ccs
  StripPair_105      ZeroWireload          tcbn28hpcplusbwp30p140ffg0p99v0c_ccs
  StripPair_104      ZeroWireload          tcbn28hpcplusbwp30p140ffg0p99v0c_ccs
  StripPair_103      ZeroWireload          tcbn28hpcplusbwp30p140ffg0p99v0c_ccs
  StripPair_102      ZeroWireload          tcbn28hpcplusbwp30p140ffg0p99v0c_ccs
  StripPair_101      ZeroWireload          tcbn28hpcplusbwp30p140ffg0p99v0c_ccs
  StripPair_100      ZeroWireload          tcbn28hpcplusbwp30p140ffg0p99v0c_ccs
  StripPair_99       ZeroWireload          tcbn28hpcplusbwp30p140ffg0p99v0c_ccs
  StripPair_98       ZeroWireload          tcbn28hpcplusbwp30p140ffg0p99v0c_ccs
  StripPair_97       ZeroWireload          tcbn28hpcplusbwp30p140ffg0p99v0c_ccs
  StripPair_95       ZeroWireload          tcbn28hpcplusbwp30p140ffg0p99v0c_ccs
  StripPair_94       ZeroWireload          tcbn28hpcplusbwp30p140ffg0p99v0c_ccs
  StripPair_93       ZeroWireload          tcbn28hpcplusbwp30p140ffg0p99v0c_ccs
  StripPair_92       ZeroWireload          tcbn28hpcplusbwp30p140ffg0p99v0c_ccs
  StripPair_91       ZeroWireload          tcbn28hpcplusbwp30p140ffg0p99v0c_ccs
  StripPair_90       ZeroWireload          tcbn28hpcplusbwp30p140ffg0p99v0c_ccs
  StripPair_89       ZeroWireload          tcbn28hpcplusbwp30p140ffg0p99v0c_ccs
  StripPair_88       ZeroWireload          tcbn28hpcplusbwp30p140ffg0p99v0c_ccs
  StripPair_87       ZeroWireload          tcbn28hpcplusbwp30p140ffg0p99v0c_ccs
  StripPair_86       ZeroWireload          tcbn28hpcplusbwp30p140ffg0p99v0c_ccs
  StripPair_85       ZeroWireload          tcbn28hpcplusbwp30p140ffg0p99v0c_ccs
  StripPair_83       ZeroWireload          tcbn28hpcplusbwp30p140ffg0p99v0c_ccs
  StripPair_82       ZeroWireload          tcbn28hpcplusbwp30p140ffg0p99v0c_ccs
  StripPair_81       ZeroWireload          tcbn28hpcplusbwp30p140ffg0p99v0c_ccs
  StripPair_80       ZeroWireload          tcbn28hpcplusbwp30p140ffg0p99v0c_ccs
  StripPair_79       ZeroWireload          tcbn28hpcplusbwp30p140ffg0p99v0c_ccs
  StripPair_78       ZeroWireload          tcbn28hpcplusbwp30p140ffg0p99v0c_ccs
  StripPair_77       ZeroWireload          tcbn28hpcplusbwp30p140ffg0p99v0c_ccs
  StripPair_76       ZeroWireload          tcbn28hpcplusbwp30p140ffg0p99v0c_ccs
  StripPair_75       ZeroWireload          tcbn28hpcplusbwp30p140ffg0p99v0c_ccs
  StripPair_74       ZeroWireload          tcbn28hpcplusbwp30p140ffg0p99v0c_ccs
  StripPair_73       ZeroWireload          tcbn28hpcplusbwp30p140ffg0p99v0c_ccs
  StripPair_71       ZeroWireload          tcbn28hpcplusbwp30p140ffg0p99v0c_ccs
  StripPair_70       ZeroWireload          tcbn28hpcplusbwp30p140ffg0p99v0c_ccs
  StripPair_69       ZeroWireload          tcbn28hpcplusbwp30p140ffg0p99v0c_ccs
  StripPair_68       ZeroWireload          tcbn28hpcplusbwp30p140ffg0p99v0c_ccs
  StripPair_67       ZeroWireload          tcbn28hpcplusbwp30p140ffg0p99v0c_ccs
  StripPair_66       ZeroWireload          tcbn28hpcplusbwp30p140ffg0p99v0c_ccs
  StripPair_65       ZeroWireload          tcbn28hpcplusbwp30p140ffg0p99v0c_ccs
  StripPair_64       ZeroWireload          tcbn28hpcplusbwp30p140ffg0p99v0c_ccs
  StripPair_63       ZeroWireload          tcbn28hpcplusbwp30p140ffg0p99v0c_ccs
  StripPair_62       ZeroWireload          tcbn28hpcplusbwp30p140ffg0p99v0c_ccs
  StripPair_61       ZeroWireload          tcbn28hpcplusbwp30p140ffg0p99v0c_ccs
  StripPair_59       ZeroWireload          tcbn28hpcplusbwp30p140ffg0p99v0c_ccs
  StripPair_58       ZeroWireload          tcbn28hpcplusbwp30p140ffg0p99v0c_ccs
  StripPair_57       ZeroWireload          tcbn28hpcplusbwp30p140ffg0p99v0c_ccs
  StripPair_56       ZeroWireload          tcbn28hpcplusbwp30p140ffg0p99v0c_ccs
  StripPair_55       ZeroWireload          tcbn28hpcplusbwp30p140ffg0p99v0c_ccs
  StripPair_54       ZeroWireload          tcbn28hpcplusbwp30p140ffg0p99v0c_ccs
  StripPair_53       ZeroWireload          tcbn28hpcplusbwp30p140ffg0p99v0c_ccs
  StripPair_52       ZeroWireload          tcbn28hpcplusbwp30p140ffg0p99v0c_ccs
  StripPair_51       ZeroWireload          tcbn28hpcplusbwp30p140ffg0p99v0c_ccs
  StripPair_50       ZeroWireload          tcbn28hpcplusbwp30p140ffg0p99v0c_ccs
  StripPair_49       ZeroWireload          tcbn28hpcplusbwp30p140ffg0p99v0c_ccs
  StripPair_47       ZeroWireload          tcbn28hpcplusbwp30p140ffg0p99v0c_ccs
  StripPair_46       ZeroWireload          tcbn28hpcplusbwp30p140ffg0p99v0c_ccs
  StripPair_45       ZeroWireload          tcbn28hpcplusbwp30p140ffg0p99v0c_ccs
  StripPair_44       ZeroWireload          tcbn28hpcplusbwp30p140ffg0p99v0c_ccs
  StripPair_43       ZeroWireload          tcbn28hpcplusbwp30p140ffg0p99v0c_ccs
  StripPair_42       ZeroWireload          tcbn28hpcplusbwp30p140ffg0p99v0c_ccs
  StripPair_41       ZeroWireload          tcbn28hpcplusbwp30p140ffg0p99v0c_ccs
  StripPair_40       ZeroWireload          tcbn28hpcplusbwp30p140ffg0p99v0c_ccs
  StripPair_39       ZeroWireload          tcbn28hpcplusbwp30p140ffg0p99v0c_ccs
  StripPair_38       ZeroWireload          tcbn28hpcplusbwp30p140ffg0p99v0c_ccs
  StripPair_37       ZeroWireload          tcbn28hpcplusbwp30p140ffg0p99v0c_ccs
  StripPair_35       ZeroWireload          tcbn28hpcplusbwp30p140ffg0p99v0c_ccs
  StripPair_34       ZeroWireload          tcbn28hpcplusbwp30p140ffg0p99v0c_ccs
  StripPair_33       ZeroWireload          tcbn28hpcplusbwp30p140ffg0p99v0c_ccs
  StripPair_32       ZeroWireload          tcbn28hpcplusbwp30p140ffg0p99v0c_ccs
  StripPair_31       ZeroWireload          tcbn28hpcplusbwp30p140ffg0p99v0c_ccs
  StripPair_30       ZeroWireload          tcbn28hpcplusbwp30p140ffg0p99v0c_ccs
  StripPair_29       ZeroWireload          tcbn28hpcplusbwp30p140ffg0p99v0c_ccs
  StripPair_28       ZeroWireload          tcbn28hpcplusbwp30p140ffg0p99v0c_ccs
  StripPair_27       ZeroWireload          tcbn28hpcplusbwp30p140ffg0p99v0c_ccs
  StripPair_26       ZeroWireload          tcbn28hpcplusbwp30p140ffg0p99v0c_ccs
  StripPair_25       ZeroWireload          tcbn28hpcplusbwp30p140ffg0p99v0c_ccs
  StripPair_23       ZeroWireload          tcbn28hpcplusbwp30p140ffg0p99v0c_ccs
  StripPair_22       ZeroWireload          tcbn28hpcplusbwp30p140ffg0p99v0c_ccs
  StripPair_21       ZeroWireload          tcbn28hpcplusbwp30p140ffg0p99v0c_ccs
  StripPair_20       ZeroWireload          tcbn28hpcplusbwp30p140ffg0p99v0c_ccs
  StripPair_19       ZeroWireload          tcbn28hpcplusbwp30p140ffg0p99v0c_ccs
  StripPair_18       ZeroWireload          tcbn28hpcplusbwp30p140ffg0p99v0c_ccs
  StripPair_17       ZeroWireload          tcbn28hpcplusbwp30p140ffg0p99v0c_ccs
  StripPair_16       ZeroWireload          tcbn28hpcplusbwp30p140ffg0p99v0c_ccs
  StripPair_15       ZeroWireload          tcbn28hpcplusbwp30p140ffg0p99v0c_ccs
  StripPair_14       ZeroWireload          tcbn28hpcplusbwp30p140ffg0p99v0c_ccs
  StripPair_13       ZeroWireload          tcbn28hpcplusbwp30p140ffg0p99v0c_ccs
  StripPair_11       ZeroWireload          tcbn28hpcplusbwp30p140ffg0p99v0c_ccs
  StripPair_10       ZeroWireload          tcbn28hpcplusbwp30p140ffg0p99v0c_ccs
  StripPair_9        ZeroWireload          tcbn28hpcplusbwp30p140ffg0p99v0c_ccs
  StripPair_8        ZeroWireload          tcbn28hpcplusbwp30p140ffg0p99v0c_ccs
  StripPair_7        ZeroWireload          tcbn28hpcplusbwp30p140ffg0p99v0c_ccs
  StripPair_6        ZeroWireload          tcbn28hpcplusbwp30p140ffg0p99v0c_ccs
  StripPair_5        ZeroWireload          tcbn28hpcplusbwp30p140ffg0p99v0c_ccs
  StripPair_4        ZeroWireload          tcbn28hpcplusbwp30p140ffg0p99v0c_ccs
  StripPair_3        ZeroWireload          tcbn28hpcplusbwp30p140ffg0p99v0c_ccs
  StripPair_2        ZeroWireload          tcbn28hpcplusbwp30p140ffg0p99v0c_ccs
  StripPair_1        ZeroWireload          tcbn28hpcplusbwp30p140ffg0p99v0c_ccs
  StripPair_264      ZeroWireload          tcbn28hpcplusbwp30p140ffg0p99v0c_ccs
  StripPair_275      ZeroWireload          tcbn28hpcplusbwp30p140ffg0p99v0c_ccs
  StripPair_276      ZeroWireload          tcbn28hpcplusbwp30p140ffg0p99v0c_ccs
  SystolicArray      ZeroWireload          tcbn28hpcplusbwp30p140ffg0p99v0c_ccs
  StripPair_287      ZeroWireload          tcbn28hpcplusbwp30p140ffg0p99v0c_ccs

Attributes:
    d - dont_touch
    u - dont_use
   mo - map_only
   so - size_only
    i - ideal_net or ideal_network
  inf - infeasible path

  Point                                                            Fanout     Trans      Incr       Path      Attributes
  ------------------------------------------------------------------------------------------------------------------------------
  clock ideal_clock1 (rise edge)                                                         0.00       0.00
  clock network delay (ideal)                                                            0.00       0.00
  pairs_6_22/left/regS_bits_reg[6]/CP (DFQD2BWP30P140)                         0.00      0.00 #     0.00 r
  pairs_6_22/left/regS_bits_reg[6]/Q (DFQD2BWP30P140)                          0.01      0.04       0.04 f
  pairs_6_22/_left_io_outRightP_bits[6] (net)                        4                   0.00       0.04 f
  pairs_6_22/U2446/Z (CKMUX2D0BWP30P140)                                       0.02      0.02       0.06 f
  pairs_6_22/io_southOut_0_bits[6] (net)                             4                   0.00       0.06 f
  pairs_6_22/io_southOut_0_bits[6] (StripPair_17)                                        0.00       0.06 f
  _pairs_6_22_io_southOut_0_bits[6] (net)                                                0.00       0.06 f
  pairs_6_23/io_northIn_0_bits[6] (StripPair_5)                                          0.00       0.06 f
  pairs_6_23/io_northIn_0_bits[6] (net)                                                  0.00       0.06 f
  pairs_6_23/U598/Z (AO21D1BWP30P140)                                          0.01      0.02       0.08 f
  pairs_6_23/n1357 (net)                                             3                   0.00       0.08 f
  pairs_6_23/U366/ZN (NR2D1BWP30P140)                                          0.01      0.01       0.09 r
  pairs_6_23/n42 (net)                                               1                   0.00       0.09 r
  pairs_6_23/U365/ZN (ND2OPTIBD2BWP30P140)                                     0.02      0.01       0.10 f
  pairs_6_23/n1831 (net)                                             5                   0.00       0.10 f
  pairs_6_23/U362/Z (AN2D4BWP30P140)                                           0.01      0.02       0.12 f
  pairs_6_23/n349 (net)                                             12                   0.00       0.12 f
  pairs_6_23/U524/Z (CKAN2D1BWP30P140)                                         0.01      0.02       0.13 f
  pairs_6_23/n270 (net)                                              4                   0.00       0.13 f
  pairs_6_23/U611/ZN (XNR2UD1BWP30P140)                                        0.02      0.02       0.15 f
  pairs_6_23/n233 (net)                                              1                   0.00       0.15 f
  pairs_6_23/U613/S (FA1D1BWP30P140)                                           0.01      0.04       0.19 r
  pairs_6_23/n254 (net)                                              2                   0.00       0.19 r
  pairs_6_23/U319/Z (OR2D1BWP30P140)                                           0.01      0.01       0.20 r
  pairs_6_23/n236 (net)                                              1                   0.00       0.20 r
  pairs_6_23/U449/ZN (ND2OPTIBD2BWP30P140)                                     0.01      0.01       0.21 f
  pairs_6_23/n260 (net)                                              2                   0.00       0.21 f
  pairs_6_23/U296/ZN (NR3OPTPAD2BWP30P140)                                     0.02      0.02       0.23 r
  pairs_6_23/n175 (net)                                              1                   0.00       0.23 r
  pairs_6_23/U476/ZN (NR2D8BWP30P140)                                          0.02      0.01       0.24 f
  pairs_6_23/n612 (net)                                             31                   0.00       0.24 f
  pairs_6_23/U634/Z (MUX2OPTD2BWP30P140)                                       0.01      0.02       0.27 r
  pairs_6_23/n1377 (net)                                             3                   0.00       0.27 r
  pairs_6_23/U184/CO (HA1D1BWP30P140)                                          0.01      0.01       0.28 r
  pairs_6_23/n278 (net)                                              1                   0.00       0.28 r
  pairs_6_23/U343/CO (FA1D1BWP30P140)                                          0.01      0.02       0.30 r
  pairs_6_23/n275 (net)                                              1                   0.00       0.30 r
  pairs_6_23/U641/S (FA1OPTCD1BWP30P140)                                       0.01      0.03       0.34 r
  pairs_6_23/n288 (net)                                              2                   0.00       0.34 r
  pairs_6_23/U516/ZN (ND2D1BWP30P140)                                          0.02      0.01       0.35 f
  pairs_6_23/n351 (net)                                              2                   0.00       0.35 f
  pairs_6_23/U477/ZN (OAI21D2BWP30P140)                                        0.01      0.01       0.36 r
  pairs_6_23/n308 (net)                                              3                   0.00       0.36 r
  pairs_6_23/U359/ZN (AOI21D1BWP30P140)                                        0.02      0.01       0.38 f
  pairs_6_23/n38 (net)                                               1                   0.00       0.38 f
  pairs_6_23/U358/Z (XOR2OPTND2BWP30P140)                                      0.02      0.02       0.39 f
  pairs_6_23/n442 (net)                                              4                   0.00       0.39 f
  pairs_6_23/U182/ZN (NR2D3BWP30P140)                                          0.01      0.01       0.41 r
  pairs_6_23/n477 (net)                                              3                   0.00       0.41 r
  pairs_6_23/U435/Z (AN2D4BWP30P140)                                           0.01      0.01       0.42 r
  pairs_6_23/n496 (net)                                              4                   0.00       0.42 r
  pairs_6_23/U776/ZN (ND2D1BWP30P140)                                          0.01      0.01       0.43 f
  pairs_6_23/n415 (net)                                              2                   0.00       0.43 f
  pairs_6_23/U780/ZN (OAI22D0BWP30P140)                                        0.02      0.02       0.45 r
  pairs_6_23/n400 (net)                                              1                   0.00       0.45 r
  pairs_6_23/U258/Z (XOR2UD0BWP30P140)                                         0.03      0.02       0.46 r
  pairs_6_23/n521 (net)                                              2                   0.00       0.46 r
  pairs_6_23/U172/ZN (ND2D1BWP30P140)                                          0.01      0.01       0.47 f
  pairs_6_23/n547 (net)                                              2                   0.00       0.47 f
  pairs_6_23/U781/ZN (NR2D1BWP30P140)                                          0.01      0.01       0.48 r
  pairs_6_23/n430 (net)                                              1                   0.00       0.48 r
  pairs_6_23/U808/ZN (ND2D2BWP30P140)                                          0.01      0.01       0.49 f
  pairs_6_23/n491 (net)                                              1                   0.00       0.49 f
  pairs_6_23/U21/ZN (NR2D2BWP30P140)                                           0.01      0.01       0.50 r
  pairs_6_23/n589 (net)                                              2                   0.00       0.50 r
  pairs_6_23/U248/ZN (INVD3BWP30P140)                                          0.01      0.01       0.51 f
  pairs_6_23/n640 (net)                                              5                   0.00       0.51 f
  pairs_6_23/U247/ZN (OAI21OPTREPBD1BWP30P140)                                 0.02      0.01       0.52 r
  pairs_6_23/n1210 (net)                                             2                   0.00       0.52 r
  pairs_6_23/U1546/ZN (AOI21D1BWP30P140)                                       0.02      0.01       0.53 f
  pairs_6_23/n1215 (net)                                             1                   0.00       0.53 f
  pairs_6_23/U1549/Z (XOR2UD1BWP30P140)                                        0.02      0.02       0.55 f
  pairs_6_23/n1315 (net)                                             3                   0.00       0.55 f
  pairs_6_23/U1550/ZN (NR2D1BWP30P140)                                         0.02      0.02       0.57 r
  pairs_6_23/n1265 (net)                                             3                   0.00       0.57 r
  pairs_6_23/U462/ZN (ND2D1BWP30P140)                                          0.02      0.01       0.58 f
  pairs_6_23/n1284 (net)                                             2                   0.00       0.58 f
  pairs_6_23/U479/ZN (NR2D1BWP30P140)                                          0.01      0.01       0.59 r
  pairs_6_23/n1285 (net)                                             1                   0.00       0.59 r
  pairs_6_23/U1595/ZN (XNR2UD1BWP30P140)                                       0.02      0.01       0.60 r
  pairs_6_23/n1287 (net)                                             1                   0.00       0.60 r
  pairs_6_23/U484/Z (MUX2OPTD2BWP30P140)                                       0.01      0.02       0.62 r
  pairs_6_23/left/sharedMacOut_mac/l00OOO0l[25] (net)                4                   0.00       0.62 r
  pairs_6_23/left/sharedMacOut_mac/U9/U1/UORT0_1_14/ZN (NR2D1BWP30P140)        0.01      0.01       0.63 f    mo 
  pairs_6_23/left/sharedMacOut_mac/U9/U1/enc_tree[1][1][28] (net)     3                  0.00       0.63 f
  pairs_6_23/U482/ZN (INVD1BWP30P140)                                          0.01      0.01       0.64 r
  pairs_6_23/left/sharedMacOut_mac/U9/U1/or2_inv[1][28] (net)        1                   0.00       0.64 r
  pairs_6_23/left/sharedMacOut_mac/U9/U1/UEN1_1_2_3/ZN (OAI21D1BWP30P140)      0.01      0.01       0.65 f    mo 
  pairs_6_23/left/sharedMacOut_mac/U9/U1/enc_tree[1][2][28] (net)     1                  0.00       0.65 f
  pairs_6_23/left/sharedMacOut_mac/U9/U1/UEN0_1_3_1/ZN (AOI21D1BWP30P140)      0.01      0.01       0.66 r    mo 
  pairs_6_23/left/sharedMacOut_mac/U9/U1/enc_tree[1][3][24] (net)     1                  0.00       0.66 r
  pairs_6_23/U295/ZN (OAI21OPTREPBD1BWP30P140)                                 0.02      0.01       0.67 f
  pairs_6_23/n1385 (net)                                             3                   0.00       0.67 f
  pairs_6_23/U1683/Z (AN2D0BWP30P140)                                          0.01      0.01       0.69 f
  pairs_6_23/n1386 (net)                                             1                   0.00       0.69 f
  pairs_6_23/U566/ZN (AOI21D1BWP30P140)                                        0.01      0.01       0.70 r
  pairs_6_23/n1402 (net)                                             1                   0.00       0.70 r
  pairs_6_23/U226/ZN (OAI21D2BWP30P140)                                        0.01      0.01       0.71 f
  pairs_6_23/n1410 (net)                                             1                   0.00       0.71 f
  pairs_6_23/U312/ZN (ND2D2BWP30P140)                                          0.01      0.01       0.71 r
  pairs_6_23/n90 (net)                                               1                   0.00       0.71 r
  pairs_6_23/U439/ZN (ND2OPTIBD4BWP30P140)                                     0.01      0.01       0.72 f
  pairs_6_23/n1429 (net)                                             7                   0.00       0.72 f
  pairs_6_23/U438/ZN (INR2D4BWP30P140)                                         0.01      0.01       0.73 r
  pairs_6_23/n1428 (net)                                             5                   0.00       0.73 r
  pairs_6_23/U91/ZN (ND2D1BWP30P140)                                           0.01      0.01       0.74 f
  pairs_6_23/n1417 (net)                                             1                   0.00       0.74 f
  pairs_6_23/U1701/ZN (ND2D2BWP30P140)                                         0.01      0.01       0.75 r
  pairs_6_23/n1728 (net)                                             5                   0.00       0.75 r
  pairs_6_23/U331/ZN (INR2D1BWP30P140)                                         0.03      0.03       0.78 r
  pairs_6_23/n1633 (net)                                             8                   0.00       0.78 r
  pairs_6_23/U577/ZN (INVD1BWP30P140)                                          0.02      0.02       0.80 f
  pairs_6_23/n1792 (net)                                            11                   0.00       0.80 f
  pairs_6_23/U1815/ZN (OAI22D1BWP30P140)                                       0.02      0.02       0.82 r
  pairs_6_23/n1498 (net)                                             1                   0.00       0.82 r
  pairs_6_23/U320/ZN (AOI21D1BWP30P140)                                        0.02      0.01       0.83 f
  pairs_6_23/n1609 (net)                                             2                   0.00       0.83 f
  pairs_6_23/U1822/ZN (MUX2ND0BWP30P140)                                       0.02      0.01       0.84 r
  pairs_6_23/n1508 (net)                                             1                   0.00       0.84 r
  pairs_6_23/U202/ZN (ND2D1BWP30P140)                                          0.02      0.01       0.85 f
  pairs_6_23/n1697 (net)                                             3                   0.00       0.85 f
  pairs_6_23/U148/ZN (NR3D1P5BWP30P140)                                        0.01      0.01       0.87 r
  pairs_6_23/n158 (net)                                              1                   0.00       0.87 r
  pairs_6_23/U495/ZN (ND3D3BWP30P140)                                          0.02      0.02       0.88 f
  pairs_6_23/n1861 (net)                                             4                   0.00       0.88 f
  pairs_6_23/U483/ZN (ND2D3BWP30P140)                                          0.01      0.01       0.90 r
  pairs_6_23/n1720 (net)                                            10                   0.00       0.90 r
  pairs_6_23/U1945/ZN (OAI22D1BWP30P140)                                       0.02      0.01       0.91 f
  pairs_6_23/n1880 (net)                                             2                   0.00       0.91 f
  pairs_6_23/U1946/ZN (NR4D0BWP30P140)                                         0.02      0.02       0.93 r
  pairs_6_23/n1701 (net)                                             1                   0.00       0.93 r
  pairs_6_23/U1967/ZN (ND4D1BWP30P140)                                         0.02      0.02       0.94 f
  pairs_6_23/n1723 (net)                                             1                   0.00       0.94 f
  pairs_6_23/U374/ZN (NR2OPTPAD2BWP30P140)                                     0.02      0.02       0.96 r
  pairs_6_23/n46 (net)                                               4                   0.00       0.96 r
  pairs_6_23/U371/ZN (INR2D2BWP30P140)                                         0.01      0.01       0.96 f
  pairs_6_23/n45 (net)                                               1                   0.00       0.96 f
  pairs_6_23/U370/ZN (INVD2BWP30P140)                                          0.01      0.01       0.97 r
  pairs_6_23/n1863 (net)                                             4                   0.00       0.97 r
  pairs_6_23/U2055/ZN (NR3D0P7BWP30P140)                                       0.01      0.01       0.98 f
  pairs_6_23/n1851 (net)                                             1                   0.00       0.98 f
  pairs_6_23/U339/Z (AO211D1BWP30P140)                                         0.01      0.02       1.00 f
  pairs_6_23/n2440 (net)                                             1                   0.00       1.00 f
  pairs_6_23/left/regS_bits_reg[13]/D (DFQD2BWP30P140)                         0.01      0.00       1.00 f
  data arrival time                                                                                 1.00

  clock ideal_clock1 (rise edge)                                                         1.00       1.00
  clock network delay (ideal)                                                            0.00       1.00
  pairs_6_23/left/regS_bits_reg[13]/CP (DFQD2BWP30P140)                                  0.00       1.00 r
  library setup time                                                                     0.00       1.00
  data required time                                                                                1.00
  ------------------------------------------------------------------------------------------------------------------------------
  data required time                                                                                1.00
  data arrival time                                                                                -1.00
  ------------------------------------------------------------------------------------------------------------------------------
  slack (MET)                                                                                       0.00


1
