 
****************************************
Report : area
Design : SystolicArray
Version: V-2023.12
Date   : Mon Apr  6 23:15:04 2026
****************************************

Library(s) Used:

    tcbn28hpcplusbwp30p140ffg0p99v0c_ccs (File: /hpc/Tech/TSMC/digital/N28/digital/Front_End/timing_power_noise/CCS/tcbn28hpcplusbwp30p140_180a/tcbn28hpcplusbwp30p140ffg0p99v0c_ccs.db)

Number of ports:                        58994
Number of nets:                        699972
Number of cells:                       585076
Number of combinational cells:         543316
Number of sequential cells:             41472
Number of macros/black boxes:               0
Number of buf/inv:                      61191
Number of references:                     296

Combinational area:             432752.919082
Buf/Inv area:                    15649.452236
Noncombinational area:           78438.023392
Macro/Black Box area:                0.000000
Net Interconnect area:      undefined  (Wire load has zero net area)

Total cell area:                511190.942475
Total area:                 undefined

Hierarchical area distribution
------------------------------

                                  Global cell area              Local cell area
                                  --------------------  ------------------------------- 
Hierarchical cell                 Absolute     Percent  Combi-       Noncombi-   Black-
                                  Total        Total    national     national    boxes   Design
--------------------------------  -----------  -------  -----------  ----------  ------  -------------
SystolicArray                     511190.9425    100.0     729.0360      0.0000  0.0000  SystolicArray
pairs_0                             1796.8860      0.4    1524.7260    272.1600  0.0000  StripPair_287
pairs_0_1                           1787.4360      0.3    1515.2760    272.1600  0.0000  StripPair_275
pairs_0_10                          1784.0340      0.3    1511.8740    272.1600  0.0000  StripPair_167
pairs_0_11                          1786.8060      0.3    1514.2680    272.5380  0.0000  StripPair_155
pairs_0_12                          1786.3020      0.3    1513.7640    272.5380  0.0000  StripPair_143
pairs_0_13                          1786.6800      0.3    1514.1420    272.5380  0.0000  StripPair_131
pairs_0_14                          1787.0580      0.3    1514.1420    272.9160  0.0000  StripPair_119
pairs_0_15                          1785.1680      0.3    1512.6300    272.5380  0.0000  StripPair_107
pairs_0_16                          1787.6880      0.3    1515.1500    272.5380  0.0000  StripPair_95
pairs_0_17                          1784.7900      0.3    1512.6300    272.1600  0.0000  StripPair_83
pairs_0_18                          1787.0580      0.3    1514.1420    272.9160  0.0000  StripPair_71
pairs_0_19                          1785.6720      0.3    1513.5120    272.1600  0.0000  StripPair_59
pairs_0_2                           1785.1680      0.3    1513.0080    272.1600  0.0000  StripPair_263
pairs_0_20                          1785.7980      0.3    1513.2600    272.5380  0.0000  StripPair_47
pairs_0_21                          1788.8220      0.3    1516.6620    272.1600  0.0000  StripPair_35
pairs_0_22                          1786.1760      0.3    1513.2600    272.9160  0.0000  StripPair_23
pairs_0_23                          1787.0580      0.3    1514.5200    272.5380  0.0000  StripPair_11
pairs_0_3                           1785.0420      0.3    1512.1260    272.9160  0.0000  StripPair_251
pairs_0_4                           1785.4200      0.3    1512.8820    272.5380  0.0000  StripPair_239
pairs_0_5                           1786.1760      0.3    1513.6380    272.5380  0.0000  StripPair_227
pairs_0_6                           1787.0580      0.3    1514.8980    272.1600  0.0000  StripPair_215
pairs_0_7                           1787.0580      0.3    1514.1420    272.9160  0.0000  StripPair_203
pairs_0_8                           1785.9240      0.3    1513.7640    272.1600  0.0000  StripPair_191
pairs_0_9                           1785.7980      0.3    1513.2600    272.5380  0.0000  StripPair_179
pairs_1                             1803.3120      0.4    1530.7740    272.5380  0.0000  StripPair_286
pairs_10                            1799.9100      0.4    1527.3720    272.5380  0.0000  StripPair_277
pairs_10_1                          1777.4820      0.3    1505.3220    272.1600  0.0000  StripPair_265
pairs_10_10                         1772.3160      0.3    1499.7780    272.5380  0.0000  StripPair_157
pairs_10_11                         1773.1980      0.3    1500.6600    272.5380  0.0000  StripPair_145
pairs_10_12                         1776.7260      0.3    1504.1880    272.5380  0.0000  StripPair_133
pairs_10_13                         1774.0800      0.3    1501.9200    272.1600  0.0000  StripPair_121
pairs_10_14                         1774.5840      0.3    1502.0460    272.5380  0.0000  StripPair_109
pairs_10_15                         1770.1740      0.3    1498.0140    272.1600  0.0000  StripPair_97
pairs_10_16                         1772.3160      0.3    1499.7780    272.5380  0.0000  StripPair_85
pairs_10_17                         1772.1900      0.3    1500.0300    272.1600  0.0000  StripPair_73
pairs_10_18                         1775.0880      0.3    1502.5500    272.5380  0.0000  StripPair_61
pairs_10_19                         1774.4580      0.3    1501.9200    272.5380  0.0000  StripPair_49
pairs_10_2                          1775.7180      0.3    1503.1800    272.5380  0.0000  StripPair_253
pairs_10_20                         1773.3240      0.3    1500.7860    272.5380  0.0000  StripPair_37
pairs_10_21                         1774.5840      0.3    1502.4240    272.1600  0.0000  StripPair_25
pairs_10_22                         1771.6860      0.3    1498.7700    272.9160  0.0000  StripPair_13
pairs_10_23                         1772.5680      0.3    1500.4080    272.1600  0.0000  StripPair_1
pairs_10_3                          1771.5600      0.3    1499.0220    272.5380  0.0000  StripPair_241
pairs_10_4                          1770.4260      0.3    1498.2660    272.1600  0.0000  StripPair_229
pairs_10_5                          1773.9540      0.3    1501.4160    272.5380  0.0000  StripPair_217
pairs_10_6                          1771.8120      0.3    1499.6520    272.1600  0.0000  StripPair_205
pairs_10_7                          1770.8040      0.3    1498.2660    272.5380  0.0000  StripPair_193
pairs_10_8                          1771.9380      0.3    1499.7780    272.1600  0.0000  StripPair_181
pairs_10_9                          1772.4420      0.3    1499.9040    272.5380  0.0000  StripPair_169
pairs_11                            1771.3080      0.3    1499.1480    272.1600  0.0000  StripPair_276
pairs_11_1                          1743.5880      0.3    1471.0500    272.5380  0.0000  StripPair_264
pairs_11_10                         1745.9820      0.3    1473.8220    272.1600  0.0000  StripPair_156
pairs_11_11                         1744.3440      0.3    1472.1840    272.1600  0.0000  StripPair_144
pairs_11_12                         1747.9980      0.3    1475.4600    272.5380  0.0000  StripPair_132
pairs_11_13                         1748.5020      0.3    1476.3420    272.1600  0.0000  StripPair_120
pairs_11_14                         1744.9740      0.3    1472.4360    272.5380  0.0000  StripPair_108
pairs_11_15                         1745.9820      0.3    1473.4440    272.5380  0.0000  StripPair_96
pairs_11_16                         1750.0140      0.3    1477.8540    272.1600  0.0000  StripPair_84
pairs_11_17                         1744.3440      0.3    1472.1840    272.1600  0.0000  StripPair_72
pairs_11_18                         1746.2340      0.3    1473.6960    272.5380  0.0000  StripPair_60
pairs_11_19                         1744.2180      0.3    1471.6800    272.5380  0.0000  StripPair_48
pairs_11_2                          1745.6040      0.3    1473.0660    272.5380  0.0000  StripPair_252
pairs_11_20                         1744.9740      0.3    1472.8140    272.1600  0.0000  StripPair_36
pairs_11_21                         1749.3840      0.3    1477.2240    272.1600  0.0000  StripPair_24
pairs_11_22                         1743.0840      0.3    1470.5460    272.5380  0.0000  StripPair_12
pairs_11_23                         1747.1160      0.3    1474.5780    272.5380  0.0000  StripPair_0
pairs_11_3                          1744.0920      0.3    1471.9320    272.1600  0.0000  StripPair_240
pairs_11_4                          1748.7540      0.3    1476.2160    272.5380  0.0000  StripPair_228
pairs_11_5                          1746.2340      0.3    1473.6960    272.5380  0.0000  StripPair_216
pairs_11_6                          1748.1240      0.3    1475.9640    272.1600  0.0000  StripPair_204
pairs_11_7                          1742.9580      0.3    1470.7980    272.1600  0.0000  StripPair_192
pairs_11_8                          1748.3760      0.3    1475.8380    272.5380  0.0000  StripPair_180
pairs_11_9                          1745.2260      0.3    1472.6880    272.5380  0.0000  StripPair_168
pairs_1_1                           1771.1820      0.3    1499.0220    272.1600  0.0000  StripPair_274
pairs_1_10                          1771.8120      0.3    1499.6520    272.1600  0.0000  StripPair_166
pairs_1_11                          1775.4660      0.3    1502.9280    272.5380  0.0000  StripPair_154
pairs_1_12                          1775.5920      0.3    1503.4320    272.1600  0.0000  StripPair_142
pairs_1_13                          1772.8200      0.3    1500.6600    272.1600  0.0000  StripPair_130
pairs_1_14                          1772.4420      0.3    1499.9040    272.5380  0.0000  StripPair_118
pairs_1_15                          1770.6780      0.3    1498.5180    272.1600  0.0000  StripPair_106
pairs_1_16                          1770.8040      0.3    1498.6440    272.1600  0.0000  StripPair_94
pairs_1_17                          1770.9300      0.3    1498.7700    272.1600  0.0000  StripPair_82
pairs_1_18                          1771.5600      0.3    1499.0220    272.5380  0.0000  StripPair_70
pairs_1_19                          1770.1740      0.3    1498.0140    272.1600  0.0000  StripPair_58
pairs_1_2                           1771.6860      0.3    1499.5260    272.1600  0.0000  StripPair_262
pairs_1_20                          1769.7960      0.3    1497.6360    272.1600  0.0000  StripPair_46
pairs_1_21                          1770.9300      0.3    1498.7700    272.1600  0.0000  StripPair_34
pairs_1_22                          1773.3240      0.3    1501.1640    272.1600  0.0000  StripPair_22
pairs_1_23                          1776.2220      0.3    1504.0620    272.1600  0.0000  StripPair_10
pairs_1_3                           1771.0560      0.3    1498.8960    272.1600  0.0000  StripPair_250
pairs_1_4                           1772.4420      0.3    1499.9040    272.5380  0.0000  StripPair_238
pairs_1_5                           1774.3320      0.3    1502.1720    272.1600  0.0000  StripPair_226
pairs_1_6                           1770.1740      0.3    1497.6360    272.5380  0.0000  StripPair_214
pairs_1_7                           1774.5840      0.3    1502.4240    272.1600  0.0000  StripPair_202
pairs_1_8                           1772.1900      0.3    1499.6520    272.5380  0.0000  StripPair_190
pairs_1_9                           1771.5600      0.3    1499.4000    272.1600  0.0000  StripPair_178
pairs_2                             1799.7840      0.4    1527.2460    272.5380  0.0000  StripPair_285
pairs_2_1                           1774.7100      0.3    1502.1720    272.5380  0.0000  StripPair_273
pairs_2_10                          1772.4420      0.3    1500.2820    272.1600  0.0000  StripPair_165
pairs_2_11                          1769.5440      0.3    1497.0060    272.5380  0.0000  StripPair_153
pairs_2_12                          1775.2140      0.3    1502.6760    272.5380  0.0000  StripPair_141
pairs_2_13                          1771.0560      0.3    1498.8960    272.1600  0.0000  StripPair_129
pairs_2_14                          1771.5600      0.3    1499.4000    272.1600  0.0000  StripPair_117
pairs_2_15                          1769.7960      0.3    1497.2580    272.5380  0.0000  StripPair_105
pairs_2_16                          1772.1900      0.3    1499.6520    272.5380  0.0000  StripPair_93
pairs_2_17                          1771.8120      0.3    1499.6520    272.1600  0.0000  StripPair_81
pairs_2_18                          1771.9380      0.3    1499.4000    272.5380  0.0000  StripPair_69
pairs_2_19                          1769.6700      0.3    1497.5100    272.1600  0.0000  StripPair_57
pairs_2_2                           1771.4340      0.3    1499.2740    272.1600  0.0000  StripPair_261
pairs_2_20                          1770.9300      0.3    1498.3920    272.5380  0.0000  StripPair_45
pairs_2_21                          1772.9460      0.3    1500.7860    272.1600  0.0000  StripPair_33
pairs_2_22                          1777.4820      0.3    1504.9440    272.5380  0.0000  StripPair_21
pairs_2_23                          1772.6940      0.3    1500.1560    272.5380  0.0000  StripPair_9
pairs_2_3                           1769.5440      0.3    1497.0060    272.5380  0.0000  StripPair_249
pairs_2_4                           1772.5680      0.3    1500.4080    272.1600  0.0000  StripPair_237
pairs_2_5                           1772.8200      0.3    1500.6600    272.1600  0.0000  StripPair_225
pairs_2_6                           1772.0640      0.3    1499.5260    272.5380  0.0000  StripPair_213
pairs_2_7                           1772.5680      0.3    1500.0300    272.5380  0.0000  StripPair_201
pairs_2_8                           1770.1740      0.3    1498.0140    272.1600  0.0000  StripPair_189
pairs_2_9                           1771.4340      0.3    1498.8960    272.5380  0.0000  StripPair_177
pairs_3                             1804.6980      0.4    1532.1600    272.5380  0.0000  StripPair_284
pairs_3_1                           1771.6860      0.3    1499.5260    272.1600  0.0000  StripPair_272
pairs_3_10                          1772.1900      0.3    1500.0300    272.1600  0.0000  StripPair_164
pairs_3_11                          1772.5680      0.3    1500.4080    272.1600  0.0000  StripPair_152
pairs_3_12                          1773.7020      0.3    1501.1640    272.5380  0.0000  StripPair_140
pairs_3_13                          1771.9380      0.3    1499.4000    272.5380  0.0000  StripPair_128
pairs_3_14                          1770.0480      0.3    1497.8880    272.1600  0.0000  StripPair_116
pairs_3_15                          1771.8120      0.3    1499.6520    272.1600  0.0000  StripPair_104
pairs_3_16                          1773.5760      0.3    1501.4160    272.1600  0.0000  StripPair_92
pairs_3_17                          1770.0480      0.3    1497.5100    272.5380  0.0000  StripPair_80
pairs_3_18                          1770.6780      0.3    1498.5180    272.1600  0.0000  StripPair_68
pairs_3_19                          1773.7020      0.3    1501.5420    272.1600  0.0000  StripPair_56
pairs_3_2                           1773.5760      0.3    1501.4160    272.1600  0.0000  StripPair_260
pairs_3_20                          1771.1820      0.3    1499.0220    272.1600  0.0000  StripPair_44
pairs_3_21                          1772.6940      0.3    1500.1560    272.5380  0.0000  StripPair_32
pairs_3_22                          1770.8040      0.3    1498.6440    272.1600  0.0000  StripPair_20
pairs_3_23                          1774.5840      0.3    1502.4240    272.1600  0.0000  StripPair_8
pairs_3_3                           1771.4340      0.3    1498.8960    272.5380  0.0000  StripPair_248
pairs_3_4                           1770.4260      0.3    1498.2660    272.1600  0.0000  StripPair_236
pairs_3_5                           1771.1820      0.3    1499.0220    272.1600  0.0000  StripPair_224
pairs_3_6                           1773.8280      0.3    1501.6680    272.1600  0.0000  StripPair_212
pairs_3_7                           1771.3080      0.3    1498.7700    272.5380  0.0000  StripPair_200
pairs_3_8                           1771.0560      0.3    1498.8960    272.1600  0.0000  StripPair_188
pairs_3_9                           1771.0560      0.3    1498.8960    272.1600  0.0000  StripPair_176
pairs_4                             1802.3040      0.4    1529.7660    272.5380  0.0000  StripPair_283
pairs_4_1                           1772.6940      0.3    1500.1560    272.5380  0.0000  StripPair_271
pairs_4_10                          1771.6860      0.3    1499.1480    272.5380  0.0000  StripPair_163
pairs_4_11                          1772.9460      0.3    1500.4080    272.5380  0.0000  StripPair_151
pairs_4_12                          1775.4660      0.3    1503.3060    272.1600  0.0000  StripPair_139
pairs_4_13                          1772.4420      0.3    1499.9040    272.5380  0.0000  StripPair_127
pairs_4_14                          1771.6860      0.3    1499.5260    272.1600  0.0000  StripPair_115
pairs_4_15                          1771.1820      0.3    1498.6440    272.5380  0.0000  StripPair_103
pairs_4_16                          1772.6940      0.3    1500.5340    272.1600  0.0000  StripPair_91
pairs_4_17                          1772.4420      0.3    1499.9040    272.5380  0.0000  StripPair_79
pairs_4_18                          1773.8280      0.3    1501.2900    272.5380  0.0000  StripPair_67
pairs_4_19                          1770.9300      0.3    1498.3920    272.5380  0.0000  StripPair_55
pairs_4_2                           1771.9380      0.3    1499.4000    272.5380  0.0000  StripPair_259
pairs_4_20                          1772.8200      0.3    1500.6600    272.1600  0.0000  StripPair_43
pairs_4_21                          1772.8200      0.3    1500.2820    272.5380  0.0000  StripPair_31
pairs_4_22                          1771.5600      0.3    1499.4000    272.1600  0.0000  StripPair_19
pairs_4_23                          1772.9460      0.3    1500.4080    272.5380  0.0000  StripPair_7
pairs_4_3                           1773.1980      0.3    1501.0380    272.1600  0.0000  StripPair_247
pairs_4_4                           1772.6940      0.3    1500.1560    272.5380  0.0000  StripPair_235
pairs_4_5                           1773.5760      0.3    1501.4160    272.1600  0.0000  StripPair_223
pairs_4_6                           1771.0560      0.3    1498.5180    272.5380  0.0000  StripPair_211
pairs_4_7                           1772.5680      0.3    1500.4080    272.1600  0.0000  StripPair_199
pairs_4_8                           1771.4340      0.3    1498.8960    272.5380  0.0000  StripPair_187
pairs_4_9                           1770.9300      0.3    1498.3920    272.5380  0.0000  StripPair_175
pairs_5                             1803.1860      0.4    1530.6480    272.5380  0.0000  StripPair_282
pairs_5_1                           1774.0800      0.3    1501.9200    272.1600  0.0000  StripPair_270
pairs_5_10                          1774.7100      0.3    1502.1720    272.5380  0.0000  StripPair_162
pairs_5_11                          1771.9380      0.3    1499.4000    272.5380  0.0000  StripPair_150
pairs_5_12                          1774.0800      0.3    1501.9200    272.1600  0.0000  StripPair_138
pairs_5_13                          1775.4660      0.3    1503.3060    272.1600  0.0000  StripPair_126
pairs_5_14                          1772.3160      0.3    1500.1560    272.1600  0.0000  StripPair_114
pairs_5_15                          1772.9460      0.3    1500.7860    272.1600  0.0000  StripPair_102
pairs_5_16                          1772.9460      0.3    1500.4080    272.5380  0.0000  StripPair_90
pairs_5_17                          1770.3000      0.3    1498.1400    272.1600  0.0000  StripPair_78
pairs_5_18                          1774.8360      0.3    1502.6760    272.1600  0.0000  StripPair_66
pairs_5_19                          1770.3000      0.3    1498.1400    272.1600  0.0000  StripPair_54
pairs_5_2                           1771.0560      0.3    1498.5180    272.5380  0.0000  StripPair_258
pairs_5_20                          1770.0480      0.3    1497.5100    272.5380  0.0000  StripPair_42
pairs_5_21                          1771.3080      0.3    1499.1480    272.1600  0.0000  StripPair_30
pairs_5_22                          1771.8120      0.3    1499.6520    272.1600  0.0000  StripPair_18
pairs_5_23                          1774.4580      0.3    1502.2980    272.1600  0.0000  StripPair_6
pairs_5_3                           1772.0640      0.3    1499.9040    272.1600  0.0000  StripPair_246
pairs_5_4                           1769.2920      0.3    1497.1320    272.1600  0.0000  StripPair_234
pairs_5_5                           1773.8280      0.3    1501.6680    272.1600  0.0000  StripPair_222
pairs_5_6                           1771.9380      0.3    1499.4000    272.5380  0.0000  StripPair_210
pairs_5_7                           1770.9300      0.3    1498.7700    272.1600  0.0000  StripPair_198
pairs_5_8                           1771.5600      0.3    1499.4000    272.1600  0.0000  StripPair_186
pairs_5_9                           1773.8280      0.3    1501.6680    272.1600  0.0000  StripPair_174
pairs_6                             1800.4140      0.4    1527.8760    272.5380  0.0000  StripPair_281
pairs_6_1                           1775.3400      0.3    1502.8020    272.5380  0.0000  StripPair_269
pairs_6_10                          1770.3000      0.3    1498.1400    272.1600  0.0000  StripPair_161
pairs_6_11                          1772.8200      0.3    1500.2820    272.5380  0.0000  StripPair_149
pairs_6_12                          1777.1040      0.3    1504.9440    272.1600  0.0000  StripPair_137
pairs_6_13                          1773.0720      0.3    1500.5340    272.5380  0.0000  StripPair_125
pairs_6_14                          1770.4260      0.3    1497.8880    272.5380  0.0000  StripPair_113
pairs_6_15                          1768.9140      0.3    1496.7540    272.1600  0.0000  StripPair_101
pairs_6_16                          1775.4660      0.3    1502.9280    272.5380  0.0000  StripPair_89
pairs_6_17                          1770.4260      0.3    1498.2660    272.1600  0.0000  StripPair_77
pairs_6_18                          1773.0720      0.3    1500.5340    272.5380  0.0000  StripPair_65
pairs_6_19                          1779.3720      0.3    1507.2120    272.1600  0.0000  StripPair_53
pairs_6_2                           1771.8120      0.3    1499.6520    272.1600  0.0000  StripPair_257
pairs_6_20                          1772.3160      0.3    1499.7780    272.5380  0.0000  StripPair_41
pairs_6_21                          1771.8120      0.3    1499.2740    272.5380  0.0000  StripPair_29
pairs_6_22                          1770.6780      0.3    1497.7620    272.9160  0.0000  StripPair_17
pairs_6_23                          1777.6080      0.3    1505.0700    272.5380  0.0000  StripPair_5
pairs_6_3                           1770.1740      0.3    1497.6360    272.5380  0.0000  StripPair_245
pairs_6_4                           1770.6780      0.3    1498.1400    272.5380  0.0000  StripPair_233
pairs_6_5                           1771.8120      0.3    1499.2740    272.5380  0.0000  StripPair_221
pairs_6_6                           1773.7020      0.3    1501.5420    272.1600  0.0000  StripPair_209
pairs_6_7                           1771.0560      0.3    1498.5180    272.5380  0.0000  StripPair_197
pairs_6_8                           1771.8120      0.3    1499.6520    272.1600  0.0000  StripPair_185
pairs_6_9                           1771.6860      0.3    1499.1480    272.5380  0.0000  StripPair_173
pairs_7                             1804.9500      0.4    1532.4120    272.5380  0.0000  StripPair_280
pairs_7_1                           1772.0640      0.3    1499.5260    272.5380  0.0000  StripPair_268
pairs_7_10                          1769.9220      0.3    1497.7620    272.1600  0.0000  StripPair_160
pairs_7_11                          1770.1740      0.3    1497.2580    272.9160  0.0000  StripPair_148
pairs_7_12                          1776.0960      0.3    1503.9360    272.1600  0.0000  StripPair_136
pairs_7_13                          1772.6940      0.3    1500.5340    272.1600  0.0000  StripPair_124
pairs_7_14                          1773.0720      0.3    1500.9120    272.1600  0.0000  StripPair_112
pairs_7_15                          1768.7880      0.3    1496.2500    272.5380  0.0000  StripPair_100
pairs_7_16                          1770.1740      0.3    1498.0140    272.1600  0.0000  StripPair_88
pairs_7_17                          1772.3160      0.3    1500.1560    272.1600  0.0000  StripPair_76
pairs_7_18                          1771.5600      0.3    1499.4000    272.1600  0.0000  StripPair_64
pairs_7_19                          1772.8200      0.3    1500.2820    272.5380  0.0000  StripPair_52
pairs_7_2                           1771.8120      0.3    1499.6520    272.1600  0.0000  StripPair_256
pairs_7_20                          1769.9220      0.3    1497.7620    272.1600  0.0000  StripPair_40
pairs_7_21                          1770.6780      0.3    1498.5180    272.1600  0.0000  StripPair_28
pairs_7_22                          1770.9300      0.3    1498.3920    272.5380  0.0000  StripPair_16
pairs_7_23                          1777.1040      0.3    1504.9440    272.1600  0.0000  StripPair_4
pairs_7_3                           1770.9300      0.3    1498.7700    272.1600  0.0000  StripPair_244
pairs_7_4                           1771.1820      0.3    1499.0220    272.1600  0.0000  StripPair_232
pairs_7_5                           1771.6860      0.3    1499.1480    272.5380  0.0000  StripPair_220
pairs_7_6                           1773.8280      0.3    1501.6680    272.1600  0.0000  StripPair_208
pairs_7_7                           1771.1820      0.3    1499.0220    272.1600  0.0000  StripPair_196
pairs_7_8                           1771.0560      0.3    1498.8960    272.1600  0.0000  StripPair_184
pairs_7_9                           1771.4340      0.3    1498.8960    272.5380  0.0000  StripPair_172
pairs_8                             1800.6660      0.4    1528.1280    272.5380  0.0000  StripPair_279
pairs_8_1                           1770.9300      0.3    1498.7700    272.1600  0.0000  StripPair_267
pairs_8_10                          1770.9300      0.3    1498.3920    272.5380  0.0000  StripPair_159
pairs_8_11                          1771.9380      0.3    1499.7780    272.1600  0.0000  StripPair_147
pairs_8_12                          1776.6000      0.3    1504.4400    272.1600  0.0000  StripPair_135
pairs_8_13                          1769.2920      0.3    1496.7540    272.5380  0.0000  StripPair_123
pairs_8_14                          1771.9380      0.3    1499.7780    272.1600  0.0000  StripPair_111
pairs_8_15                          1773.4500      0.3    1500.9120    272.5380  0.0000  StripPair_99
pairs_8_16                          1773.4500      0.3    1500.9120    272.5380  0.0000  StripPair_87
pairs_8_17                          1771.3080      0.3    1498.7700    272.5380  0.0000  StripPair_75
pairs_8_18                          1770.9300      0.3    1498.7700    272.1600  0.0000  StripPair_63
pairs_8_19                          1772.3160      0.3    1499.7780    272.5380  0.0000  StripPair_51
pairs_8_2                           1781.5140      0.3    1508.9760    272.5380  0.0000  StripPair_255
pairs_8_20                          1768.7880      0.3    1496.6280    272.1600  0.0000  StripPair_39
pairs_8_21                          1771.1820      0.3    1498.6440    272.5380  0.0000  StripPair_27
pairs_8_22                          1773.4500      0.3    1500.9120    272.5380  0.0000  StripPair_15
pairs_8_23                          1774.2060      0.3    1502.0460    272.1600  0.0000  StripPair_3
pairs_8_3                           1772.0640      0.3    1499.9040    272.1600  0.0000  StripPair_243
pairs_8_4                           1771.9380      0.3    1499.4000    272.5380  0.0000  StripPair_231
pairs_8_5                           1772.1900      0.3    1500.0300    272.1600  0.0000  StripPair_219
pairs_8_6                           1772.6940      0.3    1500.1560    272.5380  0.0000  StripPair_207
pairs_8_7                           1770.9300      0.3    1498.3920    272.5380  0.0000  StripPair_195
pairs_8_8                           1771.9380      0.3    1499.4000    272.5380  0.0000  StripPair_183
pairs_8_9                           1772.3160      0.3    1500.1560    272.1600  0.0000  StripPair_171
pairs_9                             1803.6900      0.4    1531.1520    272.5380  0.0000  StripPair_278
pairs_9_1                           1770.5520      0.3    1498.3920    272.1600  0.0000  StripPair_266
pairs_9_10                          1772.1900      0.3    1500.0300    272.1600  0.0000  StripPair_158
pairs_9_11                          1773.9540      0.3    1501.4160    272.5380  0.0000  StripPair_146
pairs_9_12                          1778.8680      0.3    1506.7080    272.1600  0.0000  StripPair_134
pairs_9_13                          1770.4260      0.3    1498.2660    272.1600  0.0000  StripPair_122
pairs_9_14                          1771.9380      0.3    1499.4000    272.5380  0.0000  StripPair_110
pairs_9_15                          1769.7960      0.3    1497.6360    272.1600  0.0000  StripPair_98
pairs_9_16                          1770.6780      0.3    1498.5180    272.1600  0.0000  StripPair_86
pairs_9_17                          1772.3160      0.3    1500.1560    272.1600  0.0000  StripPair_74
pairs_9_18                          1771.8120      0.3    1499.2740    272.5380  0.0000  StripPair_62
pairs_9_19                          1770.5520      0.3    1498.3920    272.1600  0.0000  StripPair_50
pairs_9_2                           1772.3160      0.3    1500.1560    272.1600  0.0000  StripPair_254
pairs_9_20                          1771.4340      0.3    1499.2740    272.1600  0.0000  StripPair_38
pairs_9_21                          1771.3080      0.3    1499.1480    272.1600  0.0000  StripPair_26
pairs_9_22                          1771.0560      0.3    1498.1400    272.9160  0.0000  StripPair_14
pairs_9_23                          1771.5600      0.3    1499.4000    272.1600  0.0000  StripPair_2
pairs_9_3                           1770.4260      0.3    1498.2660    272.1600  0.0000  StripPair_242
pairs_9_4                           1771.5600      0.3    1499.0220    272.5380  0.0000  StripPair_230
pairs_9_5                           1771.6860      0.3    1499.5260    272.1600  0.0000  StripPair_218
pairs_9_6                           1771.4340      0.3    1499.2740    272.1600  0.0000  StripPair_206
pairs_9_7                           1770.4260      0.3    1498.2660    272.1600  0.0000  StripPair_194
pairs_9_8                           1772.4420      0.3    1499.9040    272.5380  0.0000  StripPair_182
pairs_9_9                           1770.1740      0.3    1498.0140    272.1600  0.0000  StripPair_170
--------------------------------  -----------  -------  -----------  ----------  ------  -------------
Total                                                   432752.9191  78438.0234  0.0000

1
