 
****************************************
Report : power
        -hier
        -analysis_effort low
Design : SystolicArray
Version: V-2023.12
Date   : Mon Apr  6 23:15:14 2026
****************************************


Library(s) Used:

    tcbn28hpcplusbwp30p140ffg0p99v0c_ccs (File: /hpc/Tech/TSMC/digital/N28/digital/Front_End/timing_power_noise/CCS/tcbn28hpcplusbwp30p140_180a/tcbn28hpcplusbwp30p140ffg0p99v0c_ccs.db)


Operating Conditions: ffg0p99v0c   Library: tcbn28hpcplusbwp30p140ffg0p99v0c_ccs
Wire Load Model Mode: segmented

Design        Wire Load Model            Library
------------------------------------------------
SystolicArray          ZeroWireload      tcbn28hpcplusbwp30p140ffg0p99v0c_ccs
StripPair_287          ZeroWireload      tcbn28hpcplusbwp30p140ffg0p99v0c_ccs
StripPair_276          ZeroWireload      tcbn28hpcplusbwp30p140ffg0p99v0c_ccs
StripPair_275          ZeroWireload      tcbn28hpcplusbwp30p140ffg0p99v0c_ccs
StripPair_264          ZeroWireload      tcbn28hpcplusbwp30p140ffg0p99v0c_ccs
StripPair_1            ZeroWireload      tcbn28hpcplusbwp30p140ffg0p99v0c_ccs
StripPair_2            ZeroWireload      tcbn28hpcplusbwp30p140ffg0p99v0c_ccs
StripPair_3            ZeroWireload      tcbn28hpcplusbwp30p140ffg0p99v0c_ccs
StripPair_4            ZeroWireload      tcbn28hpcplusbwp30p140ffg0p99v0c_ccs
StripPair_5            ZeroWireload      tcbn28hpcplusbwp30p140ffg0p99v0c_ccs
StripPair_6            ZeroWireload      tcbn28hpcplusbwp30p140ffg0p99v0c_ccs
StripPair_7            ZeroWireload      tcbn28hpcplusbwp30p140ffg0p99v0c_ccs
StripPair_8            ZeroWireload      tcbn28hpcplusbwp30p140ffg0p99v0c_ccs
StripPair_9            ZeroWireload      tcbn28hpcplusbwp30p140ffg0p99v0c_ccs
StripPair_10           ZeroWireload      tcbn28hpcplusbwp30p140ffg0p99v0c_ccs
StripPair_11           ZeroWireload      tcbn28hpcplusbwp30p140ffg0p99v0c_ccs
StripPair_13           ZeroWireload      tcbn28hpcplusbwp30p140ffg0p99v0c_ccs
StripPair_14           ZeroWireload      tcbn28hpcplusbwp30p140ffg0p99v0c_ccs
StripPair_15           ZeroWireload      tcbn28hpcplusbwp30p140ffg0p99v0c_ccs
StripPair_16           ZeroWireload      tcbn28hpcplusbwp30p140ffg0p99v0c_ccs
StripPair_17           ZeroWireload      tcbn28hpcplusbwp30p140ffg0p99v0c_ccs
StripPair_18           ZeroWireload      tcbn28hpcplusbwp30p140ffg0p99v0c_ccs
StripPair_19           ZeroWireload      tcbn28hpcplusbwp30p140ffg0p99v0c_ccs
StripPair_20           ZeroWireload      tcbn28hpcplusbwp30p140ffg0p99v0c_ccs
StripPair_21           ZeroWireload      tcbn28hpcplusbwp30p140ffg0p99v0c_ccs
StripPair_22           ZeroWireload      tcbn28hpcplusbwp30p140ffg0p99v0c_ccs
StripPair_23           ZeroWireload      tcbn28hpcplusbwp30p140ffg0p99v0c_ccs
StripPair_25           ZeroWireload      tcbn28hpcplusbwp30p140ffg0p99v0c_ccs
StripPair_26           ZeroWireload      tcbn28hpcplusbwp30p140ffg0p99v0c_ccs
StripPair_27           ZeroWireload      tcbn28hpcplusbwp30p140ffg0p99v0c_ccs
StripPair_28           ZeroWireload      tcbn28hpcplusbwp30p140ffg0p99v0c_ccs
StripPair_29           ZeroWireload      tcbn28hpcplusbwp30p140ffg0p99v0c_ccs
StripPair_30           ZeroWireload      tcbn28hpcplusbwp30p140ffg0p99v0c_ccs
StripPair_31           ZeroWireload      tcbn28hpcplusbwp30p140ffg0p99v0c_ccs
StripPair_32           ZeroWireload      tcbn28hpcplusbwp30p140ffg0p99v0c_ccs
StripPair_33           ZeroWireload      tcbn28hpcplusbwp30p140ffg0p99v0c_ccs
StripPair_34           ZeroWireload      tcbn28hpcplusbwp30p140ffg0p99v0c_ccs
StripPair_35           ZeroWireload      tcbn28hpcplusbwp30p140ffg0p99v0c_ccs
StripPair_37           ZeroWireload      tcbn28hpcplusbwp30p140ffg0p99v0c_ccs
StripPair_38           ZeroWireload      tcbn28hpcplusbwp30p140ffg0p99v0c_ccs
StripPair_39           ZeroWireload      tcbn28hpcplusbwp30p140ffg0p99v0c_ccs
StripPair_40           ZeroWireload      tcbn28hpcplusbwp30p140ffg0p99v0c_ccs
StripPair_41           ZeroWireload      tcbn28hpcplusbwp30p140ffg0p99v0c_ccs
StripPair_42           ZeroWireload      tcbn28hpcplusbwp30p140ffg0p99v0c_ccs
StripPair_43           ZeroWireload      tcbn28hpcplusbwp30p140ffg0p99v0c_ccs
StripPair_44           ZeroWireload      tcbn28hpcplusbwp30p140ffg0p99v0c_ccs
StripPair_45           ZeroWireload      tcbn28hpcplusbwp30p140ffg0p99v0c_ccs
StripPair_46           ZeroWireload      tcbn28hpcplusbwp30p140ffg0p99v0c_ccs
StripPair_47           ZeroWireload      tcbn28hpcplusbwp30p140ffg0p99v0c_ccs
StripPair_49           ZeroWireload      tcbn28hpcplusbwp30p140ffg0p99v0c_ccs
StripPair_50           ZeroWireload      tcbn28hpcplusbwp30p140ffg0p99v0c_ccs
StripPair_51           ZeroWireload      tcbn28hpcplusbwp30p140ffg0p99v0c_ccs
StripPair_52           ZeroWireload      tcbn28hpcplusbwp30p140ffg0p99v0c_ccs
StripPair_53           ZeroWireload      tcbn28hpcplusbwp30p140ffg0p99v0c_ccs
StripPair_54           ZeroWireload      tcbn28hpcplusbwp30p140ffg0p99v0c_ccs
StripPair_55           ZeroWireload      tcbn28hpcplusbwp30p140ffg0p99v0c_ccs
StripPair_56           ZeroWireload      tcbn28hpcplusbwp30p140ffg0p99v0c_ccs
StripPair_57           ZeroWireload      tcbn28hpcplusbwp30p140ffg0p99v0c_ccs
StripPair_58           ZeroWireload      tcbn28hpcplusbwp30p140ffg0p99v0c_ccs
StripPair_59           ZeroWireload      tcbn28hpcplusbwp30p140ffg0p99v0c_ccs
StripPair_61           ZeroWireload      tcbn28hpcplusbwp30p140ffg0p99v0c_ccs
StripPair_62           ZeroWireload      tcbn28hpcplusbwp30p140ffg0p99v0c_ccs
StripPair_63           ZeroWireload      tcbn28hpcplusbwp30p140ffg0p99v0c_ccs
StripPair_64           ZeroWireload      tcbn28hpcplusbwp30p140ffg0p99v0c_ccs
StripPair_65           ZeroWireload      tcbn28hpcplusbwp30p140ffg0p99v0c_ccs
StripPair_66           ZeroWireload      tcbn28hpcplusbwp30p140ffg0p99v0c_ccs
StripPair_67           ZeroWireload      tcbn28hpcplusbwp30p140ffg0p99v0c_ccs
StripPair_68           ZeroWireload      tcbn28hpcplusbwp30p140ffg0p99v0c_ccs
StripPair_69           ZeroWireload      tcbn28hpcplusbwp30p140ffg0p99v0c_ccs
StripPair_70           ZeroWireload      tcbn28hpcplusbwp30p140ffg0p99v0c_ccs
StripPair_71           ZeroWireload      tcbn28hpcplusbwp30p140ffg0p99v0c_ccs
StripPair_73           ZeroWireload      tcbn28hpcplusbwp30p140ffg0p99v0c_ccs
StripPair_74           ZeroWireload      tcbn28hpcplusbwp30p140ffg0p99v0c_ccs
StripPair_75           ZeroWireload      tcbn28hpcplusbwp30p140ffg0p99v0c_ccs
StripPair_76           ZeroWireload      tcbn28hpcplusbwp30p140ffg0p99v0c_ccs
StripPair_77           ZeroWireload      tcbn28hpcplusbwp30p140ffg0p99v0c_ccs
StripPair_78           ZeroWireload      tcbn28hpcplusbwp30p140ffg0p99v0c_ccs
StripPair_79           ZeroWireload      tcbn28hpcplusbwp30p140ffg0p99v0c_ccs
StripPair_80           ZeroWireload      tcbn28hpcplusbwp30p140ffg0p99v0c_ccs
StripPair_81           ZeroWireload      tcbn28hpcplusbwp30p140ffg0p99v0c_ccs
StripPair_82           ZeroWireload      tcbn28hpcplusbwp30p140ffg0p99v0c_ccs
StripPair_83           ZeroWireload      tcbn28hpcplusbwp30p140ffg0p99v0c_ccs
StripPair_85           ZeroWireload      tcbn28hpcplusbwp30p140ffg0p99v0c_ccs
StripPair_86           ZeroWireload      tcbn28hpcplusbwp30p140ffg0p99v0c_ccs
StripPair_87           ZeroWireload      tcbn28hpcplusbwp30p140ffg0p99v0c_ccs
StripPair_88           ZeroWireload      tcbn28hpcplusbwp30p140ffg0p99v0c_ccs
StripPair_89           ZeroWireload      tcbn28hpcplusbwp30p140ffg0p99v0c_ccs
StripPair_90           ZeroWireload      tcbn28hpcplusbwp30p140ffg0p99v0c_ccs
StripPair_91           ZeroWireload      tcbn28hpcplusbwp30p140ffg0p99v0c_ccs
StripPair_92           ZeroWireload      tcbn28hpcplusbwp30p140ffg0p99v0c_ccs
StripPair_93           ZeroWireload      tcbn28hpcplusbwp30p140ffg0p99v0c_ccs
StripPair_94           ZeroWireload      tcbn28hpcplusbwp30p140ffg0p99v0c_ccs
StripPair_95           ZeroWireload      tcbn28hpcplusbwp30p140ffg0p99v0c_ccs
StripPair_97           ZeroWireload      tcbn28hpcplusbwp30p140ffg0p99v0c_ccs
StripPair_98           ZeroWireload      tcbn28hpcplusbwp30p140ffg0p99v0c_ccs
StripPair_99           ZeroWireload      tcbn28hpcplusbwp30p140ffg0p99v0c_ccs
StripPair_100          ZeroWireload      tcbn28hpcplusbwp30p140ffg0p99v0c_ccs
StripPair_101          ZeroWireload      tcbn28hpcplusbwp30p140ffg0p99v0c_ccs
StripPair_102          ZeroWireload      tcbn28hpcplusbwp30p140ffg0p99v0c_ccs
StripPair_103          ZeroWireload      tcbn28hpcplusbwp30p140ffg0p99v0c_ccs
StripPair_104          ZeroWireload      tcbn28hpcplusbwp30p140ffg0p99v0c_ccs
StripPair_105          ZeroWireload      tcbn28hpcplusbwp30p140ffg0p99v0c_ccs
StripPair_106          ZeroWireload      tcbn28hpcplusbwp30p140ffg0p99v0c_ccs
StripPair_107          ZeroWireload      tcbn28hpcplusbwp30p140ffg0p99v0c_ccs
StripPair_109          ZeroWireload      tcbn28hpcplusbwp30p140ffg0p99v0c_ccs
StripPair_110          ZeroWireload      tcbn28hpcplusbwp30p140ffg0p99v0c_ccs
StripPair_111          ZeroWireload      tcbn28hpcplusbwp30p140ffg0p99v0c_ccs
StripPair_112          ZeroWireload      tcbn28hpcplusbwp30p140ffg0p99v0c_ccs
StripPair_113          ZeroWireload      tcbn28hpcplusbwp30p140ffg0p99v0c_ccs
StripPair_114          ZeroWireload      tcbn28hpcplusbwp30p140ffg0p99v0c_ccs
StripPair_115          ZeroWireload      tcbn28hpcplusbwp30p140ffg0p99v0c_ccs
StripPair_116          ZeroWireload      tcbn28hpcplusbwp30p140ffg0p99v0c_ccs
StripPair_117          ZeroWireload      tcbn28hpcplusbwp30p140ffg0p99v0c_ccs
StripPair_118          ZeroWireload      tcbn28hpcplusbwp30p140ffg0p99v0c_ccs
StripPair_119          ZeroWireload      tcbn28hpcplusbwp30p140ffg0p99v0c_ccs
StripPair_121          ZeroWireload      tcbn28hpcplusbwp30p140ffg0p99v0c_ccs
StripPair_122          ZeroWireload      tcbn28hpcplusbwp30p140ffg0p99v0c_ccs
StripPair_123          ZeroWireload      tcbn28hpcplusbwp30p140ffg0p99v0c_ccs
StripPair_124          ZeroWireload      tcbn28hpcplusbwp30p140ffg0p99v0c_ccs
StripPair_125          ZeroWireload      tcbn28hpcplusbwp30p140ffg0p99v0c_ccs
StripPair_126          ZeroWireload      tcbn28hpcplusbwp30p140ffg0p99v0c_ccs
StripPair_127          ZeroWireload      tcbn28hpcplusbwp30p140ffg0p99v0c_ccs
StripPair_128          ZeroWireload      tcbn28hpcplusbwp30p140ffg0p99v0c_ccs
StripPair_129          ZeroWireload      tcbn28hpcplusbwp30p140ffg0p99v0c_ccs
StripPair_130          ZeroWireload      tcbn28hpcplusbwp30p140ffg0p99v0c_ccs
StripPair_131          ZeroWireload      tcbn28hpcplusbwp30p140ffg0p99v0c_ccs
StripPair_133          ZeroWireload      tcbn28hpcplusbwp30p140ffg0p99v0c_ccs
StripPair_134          ZeroWireload      tcbn28hpcplusbwp30p140ffg0p99v0c_ccs
StripPair_135          ZeroWireload      tcbn28hpcplusbwp30p140ffg0p99v0c_ccs
StripPair_136          ZeroWireload      tcbn28hpcplusbwp30p140ffg0p99v0c_ccs
StripPair_137          ZeroWireload      tcbn28hpcplusbwp30p140ffg0p99v0c_ccs
StripPair_138          ZeroWireload      tcbn28hpcplusbwp30p140ffg0p99v0c_ccs
StripPair_139          ZeroWireload      tcbn28hpcplusbwp30p140ffg0p99v0c_ccs
StripPair_140          ZeroWireload      tcbn28hpcplusbwp30p140ffg0p99v0c_ccs
StripPair_141          ZeroWireload      tcbn28hpcplusbwp30p140ffg0p99v0c_ccs
StripPair_142          ZeroWireload      tcbn28hpcplusbwp30p140ffg0p99v0c_ccs
StripPair_143          ZeroWireload      tcbn28hpcplusbwp30p140ffg0p99v0c_ccs
StripPair_145          ZeroWireload      tcbn28hpcplusbwp30p140ffg0p99v0c_ccs
StripPair_146          ZeroWireload      tcbn28hpcplusbwp30p140ffg0p99v0c_ccs
StripPair_147          ZeroWireload      tcbn28hpcplusbwp30p140ffg0p99v0c_ccs
StripPair_148          ZeroWireload      tcbn28hpcplusbwp30p140ffg0p99v0c_ccs
StripPair_149          ZeroWireload      tcbn28hpcplusbwp30p140ffg0p99v0c_ccs
StripPair_150          ZeroWireload      tcbn28hpcplusbwp30p140ffg0p99v0c_ccs
StripPair_151          ZeroWireload      tcbn28hpcplusbwp30p140ffg0p99v0c_ccs
StripPair_152          ZeroWireload      tcbn28hpcplusbwp30p140ffg0p99v0c_ccs
StripPair_153          ZeroWireload      tcbn28hpcplusbwp30p140ffg0p99v0c_ccs
StripPair_154          ZeroWireload      tcbn28hpcplusbwp30p140ffg0p99v0c_ccs
StripPair_155          ZeroWireload      tcbn28hpcplusbwp30p140ffg0p99v0c_ccs
StripPair_157          ZeroWireload      tcbn28hpcplusbwp30p140ffg0p99v0c_ccs
StripPair_158          ZeroWireload      tcbn28hpcplusbwp30p140ffg0p99v0c_ccs
StripPair_159          ZeroWireload      tcbn28hpcplusbwp30p140ffg0p99v0c_ccs
StripPair_160          ZeroWireload      tcbn28hpcplusbwp30p140ffg0p99v0c_ccs
StripPair_161          ZeroWireload      tcbn28hpcplusbwp30p140ffg0p99v0c_ccs
StripPair_162          ZeroWireload      tcbn28hpcplusbwp30p140ffg0p99v0c_ccs
StripPair_163          ZeroWireload      tcbn28hpcplusbwp30p140ffg0p99v0c_ccs
StripPair_164          ZeroWireload      tcbn28hpcplusbwp30p140ffg0p99v0c_ccs
StripPair_165          ZeroWireload      tcbn28hpcplusbwp30p140ffg0p99v0c_ccs
StripPair_166          ZeroWireload      tcbn28hpcplusbwp30p140ffg0p99v0c_ccs
StripPair_167          ZeroWireload      tcbn28hpcplusbwp30p140ffg0p99v0c_ccs
StripPair_169          ZeroWireload      tcbn28hpcplusbwp30p140ffg0p99v0c_ccs
StripPair_170          ZeroWireload      tcbn28hpcplusbwp30p140ffg0p99v0c_ccs
StripPair_171          ZeroWireload      tcbn28hpcplusbwp30p140ffg0p99v0c_ccs
StripPair_172          ZeroWireload      tcbn28hpcplusbwp30p140ffg0p99v0c_ccs
StripPair_173          ZeroWireload      tcbn28hpcplusbwp30p140ffg0p99v0c_ccs
StripPair_174          ZeroWireload      tcbn28hpcplusbwp30p140ffg0p99v0c_ccs
StripPair_175          ZeroWireload      tcbn28hpcplusbwp30p140ffg0p99v0c_ccs
StripPair_176          ZeroWireload      tcbn28hpcplusbwp30p140ffg0p99v0c_ccs
StripPair_177          ZeroWireload      tcbn28hpcplusbwp30p140ffg0p99v0c_ccs
StripPair_178          ZeroWireload      tcbn28hpcplusbwp30p140ffg0p99v0c_ccs
StripPair_179          ZeroWireload      tcbn28hpcplusbwp30p140ffg0p99v0c_ccs
StripPair_181          ZeroWireload      tcbn28hpcplusbwp30p140ffg0p99v0c_ccs
StripPair_182          ZeroWireload      tcbn28hpcplusbwp30p140ffg0p99v0c_ccs
StripPair_183          ZeroWireload      tcbn28hpcplusbwp30p140ffg0p99v0c_ccs
StripPair_184          ZeroWireload      tcbn28hpcplusbwp30p140ffg0p99v0c_ccs
StripPair_185          ZeroWireload      tcbn28hpcplusbwp30p140ffg0p99v0c_ccs
StripPair_186          ZeroWireload      tcbn28hpcplusbwp30p140ffg0p99v0c_ccs
StripPair_187          ZeroWireload      tcbn28hpcplusbwp30p140ffg0p99v0c_ccs
StripPair_188          ZeroWireload      tcbn28hpcplusbwp30p140ffg0p99v0c_ccs
StripPair_189          ZeroWireload      tcbn28hpcplusbwp30p140ffg0p99v0c_ccs
StripPair_190          ZeroWireload      tcbn28hpcplusbwp30p140ffg0p99v0c_ccs
StripPair_191          ZeroWireload      tcbn28hpcplusbwp30p140ffg0p99v0c_ccs
StripPair_193          ZeroWireload      tcbn28hpcplusbwp30p140ffg0p99v0c_ccs
StripPair_194          ZeroWireload      tcbn28hpcplusbwp30p140ffg0p99v0c_ccs
StripPair_195          ZeroWireload      tcbn28hpcplusbwp30p140ffg0p99v0c_ccs
StripPair_196          ZeroWireload      tcbn28hpcplusbwp30p140ffg0p99v0c_ccs
StripPair_197          ZeroWireload      tcbn28hpcplusbwp30p140ffg0p99v0c_ccs
StripPair_198          ZeroWireload      tcbn28hpcplusbwp30p140ffg0p99v0c_ccs
StripPair_199          ZeroWireload      tcbn28hpcplusbwp30p140ffg0p99v0c_ccs
StripPair_200          ZeroWireload      tcbn28hpcplusbwp30p140ffg0p99v0c_ccs
StripPair_201          ZeroWireload      tcbn28hpcplusbwp30p140ffg0p99v0c_ccs
StripPair_202          ZeroWireload      tcbn28hpcplusbwp30p140ffg0p99v0c_ccs
StripPair_203          ZeroWireload      tcbn28hpcplusbwp30p140ffg0p99v0c_ccs
StripPair_205          ZeroWireload      tcbn28hpcplusbwp30p140ffg0p99v0c_ccs
StripPair_206          ZeroWireload      tcbn28hpcplusbwp30p140ffg0p99v0c_ccs
StripPair_207          ZeroWireload      tcbn28hpcplusbwp30p140ffg0p99v0c_ccs
StripPair_208          ZeroWireload      tcbn28hpcplusbwp30p140ffg0p99v0c_ccs
StripPair_209          ZeroWireload      tcbn28hpcplusbwp30p140ffg0p99v0c_ccs
StripPair_210          ZeroWireload      tcbn28hpcplusbwp30p140ffg0p99v0c_ccs
StripPair_211          ZeroWireload      tcbn28hpcplusbwp30p140ffg0p99v0c_ccs
StripPair_212          ZeroWireload      tcbn28hpcplusbwp30p140ffg0p99v0c_ccs
StripPair_213          ZeroWireload      tcbn28hpcplusbwp30p140ffg0p99v0c_ccs
StripPair_214          ZeroWireload      tcbn28hpcplusbwp30p140ffg0p99v0c_ccs
StripPair_215          ZeroWireload      tcbn28hpcplusbwp30p140ffg0p99v0c_ccs
StripPair_217          ZeroWireload      tcbn28hpcplusbwp30p140ffg0p99v0c_ccs
StripPair_218          ZeroWireload      tcbn28hpcplusbwp30p140ffg0p99v0c_ccs
StripPair_219          ZeroWireload      tcbn28hpcplusbwp30p140ffg0p99v0c_ccs
StripPair_220          ZeroWireload      tcbn28hpcplusbwp30p140ffg0p99v0c_ccs
StripPair_221          ZeroWireload      tcbn28hpcplusbwp30p140ffg0p99v0c_ccs
StripPair_222          ZeroWireload      tcbn28hpcplusbwp30p140ffg0p99v0c_ccs
StripPair_223          ZeroWireload      tcbn28hpcplusbwp30p140ffg0p99v0c_ccs
StripPair_224          ZeroWireload      tcbn28hpcplusbwp30p140ffg0p99v0c_ccs
StripPair_225          ZeroWireload      tcbn28hpcplusbwp30p140ffg0p99v0c_ccs
StripPair_226          ZeroWireload      tcbn28hpcplusbwp30p140ffg0p99v0c_ccs
StripPair_227          ZeroWireload      tcbn28hpcplusbwp30p140ffg0p99v0c_ccs
StripPair_229          ZeroWireload      tcbn28hpcplusbwp30p140ffg0p99v0c_ccs
StripPair_230          ZeroWireload      tcbn28hpcplusbwp30p140ffg0p99v0c_ccs
StripPair_231          ZeroWireload      tcbn28hpcplusbwp30p140ffg0p99v0c_ccs
StripPair_232          ZeroWireload      tcbn28hpcplusbwp30p140ffg0p99v0c_ccs
StripPair_233          ZeroWireload      tcbn28hpcplusbwp30p140ffg0p99v0c_ccs
StripPair_234          ZeroWireload      tcbn28hpcplusbwp30p140ffg0p99v0c_ccs
StripPair_235          ZeroWireload      tcbn28hpcplusbwp30p140ffg0p99v0c_ccs
StripPair_236          ZeroWireload      tcbn28hpcplusbwp30p140ffg0p99v0c_ccs
StripPair_237          ZeroWireload      tcbn28hpcplusbwp30p140ffg0p99v0c_ccs
StripPair_238          ZeroWireload      tcbn28hpcplusbwp30p140ffg0p99v0c_ccs
StripPair_239          ZeroWireload      tcbn28hpcplusbwp30p140ffg0p99v0c_ccs
StripPair_241          ZeroWireload      tcbn28hpcplusbwp30p140ffg0p99v0c_ccs
StripPair_242          ZeroWireload      tcbn28hpcplusbwp30p140ffg0p99v0c_ccs
StripPair_243          ZeroWireload      tcbn28hpcplusbwp30p140ffg0p99v0c_ccs
StripPair_244          ZeroWireload      tcbn28hpcplusbwp30p140ffg0p99v0c_ccs
StripPair_245          ZeroWireload      tcbn28hpcplusbwp30p140ffg0p99v0c_ccs
StripPair_246          ZeroWireload      tcbn28hpcplusbwp30p140ffg0p99v0c_ccs
StripPair_247          ZeroWireload      tcbn28hpcplusbwp30p140ffg0p99v0c_ccs
StripPair_248          ZeroWireload      tcbn28hpcplusbwp30p140ffg0p99v0c_ccs
StripPair_249          ZeroWireload      tcbn28hpcplusbwp30p140ffg0p99v0c_ccs
StripPair_250          ZeroWireload      tcbn28hpcplusbwp30p140ffg0p99v0c_ccs
StripPair_251          ZeroWireload      tcbn28hpcplusbwp30p140ffg0p99v0c_ccs
StripPair_253          ZeroWireload      tcbn28hpcplusbwp30p140ffg0p99v0c_ccs
StripPair_254          ZeroWireload      tcbn28hpcplusbwp30p140ffg0p99v0c_ccs
StripPair_255          ZeroWireload      tcbn28hpcplusbwp30p140ffg0p99v0c_ccs
StripPair_256          ZeroWireload      tcbn28hpcplusbwp30p140ffg0p99v0c_ccs
StripPair_257          ZeroWireload      tcbn28hpcplusbwp30p140ffg0p99v0c_ccs
StripPair_258          ZeroWireload      tcbn28hpcplusbwp30p140ffg0p99v0c_ccs
StripPair_259          ZeroWireload      tcbn28hpcplusbwp30p140ffg0p99v0c_ccs
StripPair_260          ZeroWireload      tcbn28hpcplusbwp30p140ffg0p99v0c_ccs
StripPair_261          ZeroWireload      tcbn28hpcplusbwp30p140ffg0p99v0c_ccs
StripPair_262          ZeroWireload      tcbn28hpcplusbwp30p140ffg0p99v0c_ccs
StripPair_263          ZeroWireload      tcbn28hpcplusbwp30p140ffg0p99v0c_ccs
StripPair_265          ZeroWireload      tcbn28hpcplusbwp30p140ffg0p99v0c_ccs
StripPair_266          ZeroWireload      tcbn28hpcplusbwp30p140ffg0p99v0c_ccs
StripPair_267          ZeroWireload      tcbn28hpcplusbwp30p140ffg0p99v0c_ccs
StripPair_268          ZeroWireload      tcbn28hpcplusbwp30p140ffg0p99v0c_ccs
StripPair_269          ZeroWireload      tcbn28hpcplusbwp30p140ffg0p99v0c_ccs
StripPair_270          ZeroWireload      tcbn28hpcplusbwp30p140ffg0p99v0c_ccs
StripPair_271          ZeroWireload      tcbn28hpcplusbwp30p140ffg0p99v0c_ccs
StripPair_272          ZeroWireload      tcbn28hpcplusbwp30p140ffg0p99v0c_ccs
StripPair_273          ZeroWireload      tcbn28hpcplusbwp30p140ffg0p99v0c_ccs
StripPair_274          ZeroWireload      tcbn28hpcplusbwp30p140ffg0p99v0c_ccs
StripPair_277          ZeroWireload      tcbn28hpcplusbwp30p140ffg0p99v0c_ccs
StripPair_278          ZeroWireload      tcbn28hpcplusbwp30p140ffg0p99v0c_ccs
StripPair_279          ZeroWireload      tcbn28hpcplusbwp30p140ffg0p99v0c_ccs
StripPair_280          ZeroWireload      tcbn28hpcplusbwp30p140ffg0p99v0c_ccs
StripPair_281          ZeroWireload      tcbn28hpcplusbwp30p140ffg0p99v0c_ccs
StripPair_282          ZeroWireload      tcbn28hpcplusbwp30p140ffg0p99v0c_ccs
StripPair_283          ZeroWireload      tcbn28hpcplusbwp30p140ffg0p99v0c_ccs
StripPair_284          ZeroWireload      tcbn28hpcplusbwp30p140ffg0p99v0c_ccs
StripPair_285          ZeroWireload      tcbn28hpcplusbwp30p140ffg0p99v0c_ccs
StripPair_286          ZeroWireload      tcbn28hpcplusbwp30p140ffg0p99v0c_ccs
StripPair_0            ZeroWireload      tcbn28hpcplusbwp30p140ffg0p99v0c_ccs
StripPair_12           ZeroWireload      tcbn28hpcplusbwp30p140ffg0p99v0c_ccs
StripPair_24           ZeroWireload      tcbn28hpcplusbwp30p140ffg0p99v0c_ccs
StripPair_36           ZeroWireload      tcbn28hpcplusbwp30p140ffg0p99v0c_ccs
StripPair_48           ZeroWireload      tcbn28hpcplusbwp30p140ffg0p99v0c_ccs
StripPair_60           ZeroWireload      tcbn28hpcplusbwp30p140ffg0p99v0c_ccs
StripPair_72           ZeroWireload      tcbn28hpcplusbwp30p140ffg0p99v0c_ccs
StripPair_84           ZeroWireload      tcbn28hpcplusbwp30p140ffg0p99v0c_ccs
StripPair_96           ZeroWireload      tcbn28hpcplusbwp30p140ffg0p99v0c_ccs
StripPair_108          ZeroWireload      tcbn28hpcplusbwp30p140ffg0p99v0c_ccs
StripPair_120          ZeroWireload      tcbn28hpcplusbwp30p140ffg0p99v0c_ccs
StripPair_132          ZeroWireload      tcbn28hpcplusbwp30p140ffg0p99v0c_ccs
StripPair_144          ZeroWireload      tcbn28hpcplusbwp30p140ffg0p99v0c_ccs
StripPair_156          ZeroWireload      tcbn28hpcplusbwp30p140ffg0p99v0c_ccs
StripPair_168          ZeroWireload      tcbn28hpcplusbwp30p140ffg0p99v0c_ccs
StripPair_180          ZeroWireload      tcbn28hpcplusbwp30p140ffg0p99v0c_ccs
StripPair_192          ZeroWireload      tcbn28hpcplusbwp30p140ffg0p99v0c_ccs
StripPair_204          ZeroWireload      tcbn28hpcplusbwp30p140ffg0p99v0c_ccs
StripPair_216          ZeroWireload      tcbn28hpcplusbwp30p140ffg0p99v0c_ccs
StripPair_228          ZeroWireload      tcbn28hpcplusbwp30p140ffg0p99v0c_ccs
StripPair_240          ZeroWireload      tcbn28hpcplusbwp30p140ffg0p99v0c_ccs
StripPair_252          ZeroWireload      tcbn28hpcplusbwp30p140ffg0p99v0c_ccs


Global Operating Voltage = 0.99 
Power-specific unit information :
    Voltage Units = 1V
    Capacitance Units = 1.000000pf
    Time Units = 1ns
    Dynamic Power Units = 1mW    (derived from V,C,T units)
    Leakage Power Units = 1nW


--------------------------------------------------------------------------------
                                       Switch   Int      Leak     Total
Hierarchy                              Power    Power    Power    Power    %
--------------------------------------------------------------------------------
SystolicArray                            14.550  168.097 2.20e+06  184.848 100.0
  pairs_11_23 (StripPair_0)            1.67e-02    0.540 7.33e+03    0.564   0.3
  pairs_10_23 (StripPair_1)            1.81e-02    0.542 7.52e+03    0.568   0.3
  pairs_9_23 (StripPair_2)             1.86e-02    0.541 7.51e+03    0.567   0.3
  pairs_8_23 (StripPair_3)             2.01e-02    0.545 7.52e+03    0.572   0.3
  pairs_7_23 (StripPair_4)             2.20e-02    0.546 7.58e+03    0.576   0.3
  pairs_6_23 (StripPair_5)             2.51e-02    0.551 7.62e+03    0.584   0.3
  pairs_5_23 (StripPair_6)             2.88e-02    0.554 7.58e+03    0.591   0.3
  pairs_4_23 (StripPair_7)             3.66e-02    0.567 7.60e+03    0.611   0.3
  pairs_3_23 (StripPair_8)             4.58e-02    0.578 7.65e+03    0.631   0.3
  pairs_2_23 (StripPair_9)             6.04e-02    0.597 7.68e+03    0.665   0.4
  pairs_1_23 (StripPair_10)            8.38e-02    0.627 7.78e+03    0.719   0.4
  pairs_0_23 (StripPair_11)               0.121    0.674 7.91e+03    0.803   0.4
  pairs_11_22 (StripPair_12)           1.64e-02    0.539 7.31e+03    0.562   0.3
  pairs_10_22 (StripPair_13)           1.75e-02    0.542 7.53e+03    0.567   0.3
  pairs_9_22 (StripPair_14)            1.83e-02    0.542 7.51e+03    0.568   0.3
  pairs_8_22 (StripPair_15)            2.02e-02    0.544 7.55e+03    0.572   0.3
  pairs_7_22 (StripPair_16)            2.21e-02    0.548 7.52e+03    0.578   0.3
  pairs_6_22 (StripPair_17)            2.51e-02    0.552 7.53e+03    0.585   0.3
  pairs_5_22 (StripPair_18)            2.97e-02    0.557 7.57e+03    0.594   0.3
  pairs_4_22 (StripPair_19)            3.77e-02    0.567 7.58e+03    0.612   0.3
  pairs_3_22 (StripPair_20)            4.68e-02    0.578 7.62e+03    0.633   0.3
  pairs_2_22 (StripPair_21)            6.26e-02    0.600 7.74e+03    0.671   0.4
  pairs_1_22 (StripPair_22)            8.37e-02    0.627 7.74e+03    0.719   0.4
  pairs_0_22 (StripPair_23)               0.121    0.673 7.91e+03    0.802   0.4
  pairs_11_21 (StripPair_24)           1.65e-02    0.540 7.33e+03    0.564   0.3
  pairs_10_21 (StripPair_25)           1.73e-02    0.540 7.55e+03    0.565   0.3
  pairs_9_21 (StripPair_26)            1.83e-02    0.541 7.50e+03    0.567   0.3
  pairs_8_21 (StripPair_27)            2.00e-02    0.545 7.53e+03    0.573   0.3
  pairs_7_21 (StripPair_28)            2.19e-02    0.546 7.53e+03    0.576   0.3
  pairs_6_21 (StripPair_29)            2.53e-02    0.551 7.55e+03    0.584   0.3
  pairs_5_21 (StripPair_30)            2.97e-02    0.557 7.57e+03    0.594   0.3
  pairs_4_21 (StripPair_31)            3.74e-02    0.567 7.62e+03    0.612   0.3
  pairs_3_21 (StripPair_32)            4.53e-02    0.578 7.62e+03    0.631   0.3
  pairs_2_21 (StripPair_33)            5.95e-02    0.596 7.68e+03    0.663   0.4
  pairs_1_21 (StripPair_34)            8.20e-02    0.624 7.73e+03    0.714   0.4
  pairs_0_21 (StripPair_35)               0.120    0.672 7.89e+03    0.799   0.4
  pairs_11_20 (StripPair_36)           1.73e-02    0.540 7.32e+03    0.564   0.3
  pairs_10_20 (StripPair_37)           1.82e-02    0.542 7.53e+03    0.568   0.3
  pairs_9_20 (StripPair_38)            1.93e-02    0.543 7.53e+03    0.570   0.3
  pairs_8_20 (StripPair_39)            2.11e-02    0.545 7.50e+03    0.574   0.3
  pairs_7_20 (StripPair_40)            2.23e-02    0.546 7.54e+03    0.576   0.3
  pairs_6_20 (StripPair_41)            2.50e-02    0.551 7.57e+03    0.584   0.3
  pairs_5_20 (StripPair_42)            3.03e-02    0.558 7.56e+03    0.596   0.3
  pairs_4_20 (StripPair_43)            3.75e-02    0.567 7.59e+03    0.612   0.3
  pairs_3_20 (StripPair_44)            4.63e-02    0.578 7.63e+03    0.632   0.3
  pairs_2_20 (StripPair_45)            6.15e-02    0.598 7.69e+03    0.667   0.4
  pairs_1_20 (StripPair_46)            8.27e-02    0.628 7.73e+03    0.718   0.4
  pairs_0_20 (StripPair_47)               0.120    0.675 7.88e+03    0.802   0.4
  pairs_11_19 (StripPair_48)           1.77e-02    0.541 7.32e+03    0.566   0.3
  pairs_10_19 (StripPair_49)           1.91e-02    0.544 7.55e+03    0.571   0.3
  pairs_9_19 (StripPair_50)            2.02e-02    0.544 7.52e+03    0.572   0.3
  pairs_8_19 (StripPair_51)            2.14e-02    0.547 7.54e+03    0.575   0.3
  pairs_7_19 (StripPair_52)            2.26e-02    0.548 7.57e+03    0.578   0.3
  pairs_6_19 (StripPair_53)            2.61e-02    0.553 7.63e+03    0.586   0.3
  pairs_5_19 (StripPair_54)            2.94e-02    0.557 7.55e+03    0.594   0.3
  pairs_4_19 (StripPair_55)            3.69e-02    0.567 7.58e+03    0.611   0.3
  pairs_3_19 (StripPair_56)            4.58e-02    0.577 7.64e+03    0.631   0.3
  pairs_2_19 (StripPair_57)            6.16e-02    0.599 7.66e+03    0.668   0.4
  pairs_1_19 (StripPair_58)            8.44e-02    0.628 7.72e+03    0.721   0.4
  pairs_0_19 (StripPair_59)               0.119    0.669 7.90e+03    0.796   0.4
  pairs_11_18 (StripPair_60)           1.91e-02    0.542 7.36e+03    0.569   0.3
  pairs_10_18 (StripPair_61)           2.00e-02    0.545 7.56e+03    0.573   0.3
  pairs_9_18 (StripPair_62)            2.16e-02    0.547 7.54e+03    0.576   0.3
  pairs_8_18 (StripPair_63)            2.29e-02    0.548 7.53e+03    0.578   0.3
  pairs_7_18 (StripPair_64)            2.38e-02    0.549 7.54e+03    0.581   0.3
  pairs_6_18 (StripPair_65)            2.77e-02    0.555 7.56e+03    0.590   0.3
  pairs_5_18 (StripPair_66)            3.15e-02    0.559 7.61e+03    0.599   0.3
  pairs_4_18 (StripPair_67)            3.76e-02    0.568 7.60e+03    0.613   0.3
  pairs_3_18 (StripPair_68)            4.77e-02    0.580 7.61e+03    0.635   0.3
  pairs_2_18 (StripPair_69)            6.20e-02    0.599 7.67e+03    0.669   0.4
  pairs_1_18 (StripPair_70)            8.47e-02    0.629 7.74e+03    0.722   0.4
  pairs_0_18 (StripPair_71)               0.125    0.681 7.92e+03    0.813   0.4
  pairs_11_17 (StripPair_72)           2.00e-02    0.543 7.30e+03    0.570   0.3
  pairs_10_17 (StripPair_73)           2.16e-02    0.547 7.51e+03    0.576   0.3
  pairs_9_17 (StripPair_74)            2.35e-02    0.549 7.51e+03    0.580   0.3
  pairs_8_17 (StripPair_75)            2.45e-02    0.551 7.54e+03    0.583   0.3
  pairs_7_17 (StripPair_76)            2.66e-02    0.552 7.57e+03    0.587   0.3
  pairs_6_17 (StripPair_77)            2.97e-02    0.557 7.53e+03    0.594   0.3
  pairs_5_17 (StripPair_78)            3.39e-02    0.562 7.56e+03    0.604   0.3
  pairs_4_17 (StripPair_79)            4.01e-02    0.571 7.61e+03    0.618   0.3
  pairs_3_17 (StripPair_80)            4.91e-02    0.582 7.62e+03    0.639   0.3
  pairs_2_17 (StripPair_81)            6.48e-02    0.603 7.70e+03    0.676   0.4
  pairs_1_17 (StripPair_82)            8.52e-02    0.630 7.73e+03    0.723   0.4
  pairs_0_17 (StripPair_83)               0.121    0.675 7.89e+03    0.804   0.4
  pairs_11_16 (StripPair_84)           2.21e-02    0.546 7.35e+03    0.575   0.3
  pairs_10_16 (StripPair_85)           2.39e-02    0.551 7.54e+03    0.582   0.3
  pairs_9_16 (StripPair_86)            2.57e-02    0.552 7.54e+03    0.586   0.3
  pairs_8_16 (StripPair_87)            2.61e-02    0.553 7.55e+03    0.587   0.3
  pairs_7_16 (StripPair_88)            2.77e-02    0.554 7.54e+03    0.590   0.3
  pairs_6_16 (StripPair_89)            3.17e-02    0.561 7.59e+03    0.600   0.3
  pairs_5_16 (StripPair_90)            3.60e-02    0.566 7.60e+03    0.610   0.3
  pairs_4_16 (StripPair_91)            4.31e-02    0.574 7.62e+03    0.625   0.3
  pairs_3_16 (StripPair_92)            5.22e-02    0.587 7.65e+03    0.646   0.3
  pairs_2_16 (StripPair_93)            6.65e-02    0.606 7.69e+03    0.680   0.4
  pairs_1_16 (StripPair_94)            8.88e-02    0.635 7.75e+03    0.731   0.4
  pairs_0_16 (StripPair_95)               0.125    0.679 7.90e+03    0.812   0.4
  pairs_11_15 (StripPair_96)           2.62e-02    0.552 7.34e+03    0.586   0.3
  pairs_10_15 (StripPair_97)           2.83e-02    0.555 7.54e+03    0.591   0.3
  pairs_9_15 (StripPair_98)            2.91e-02    0.556 7.54e+03    0.593   0.3
  pairs_8_15 (StripPair_99)            3.05e-02    0.559 7.57e+03    0.597   0.3
  pairs_7_15 (StripPair_100)           3.13e-02    0.560 7.53e+03    0.598   0.3
  pairs_6_15 (StripPair_101)           3.56e-02    0.566 7.55e+03    0.609   0.3
  pairs_5_15 (StripPair_102)           4.00e-02    0.571 7.60e+03    0.618   0.3
  pairs_4_15 (StripPair_103)           4.73e-02    0.581 7.59e+03    0.636   0.3
  pairs_3_15 (StripPair_104)           5.79e-02    0.596 7.64e+03    0.661   0.4
  pairs_2_15 (StripPair_105)           7.12e-02    0.613 7.68e+03    0.692   0.4
  pairs_1_15 (StripPair_106)           9.32e-02    0.642 7.73e+03    0.743   0.4
  pairs_0_15 (StripPair_107)              0.130    0.686 7.91e+03    0.824   0.4
  pairs_11_14 (StripPair_108)          3.14e-02    0.559 7.36e+03    0.598   0.3
  pairs_10_14 (StripPair_109)          3.36e-02    0.564 7.60e+03    0.605   0.3
  pairs_9_14 (StripPair_110)           3.40e-02    0.564 7.57e+03    0.605   0.3
  pairs_8_14 (StripPair_111)           3.51e-02    0.564 7.56e+03    0.607   0.3
  pairs_7_14 (StripPair_112)           3.63e-02    0.567 7.55e+03    0.611   0.3
  pairs_6_14 (StripPair_113)           4.12e-02    0.574 7.57e+03    0.622   0.3
  pairs_5_14 (StripPair_114)           4.58e-02    0.579 7.60e+03    0.632   0.3
  pairs_4_14 (StripPair_115)           5.29e-02    0.587 7.61e+03    0.648   0.4
  pairs_3_14 (StripPair_116)           6.29e-02    0.601 7.64e+03    0.672   0.4
  pairs_2_14 (StripPair_117)           7.70e-02    0.621 7.71e+03    0.706   0.4
  pairs_1_14 (StripPair_118)           9.84e-02    0.650 7.79e+03    0.756   0.4
  pairs_0_14 (StripPair_119)              0.134    0.694 7.92e+03    0.835   0.5
  pairs_11_13 (StripPair_120)          3.90e-02    0.568 7.39e+03    0.615   0.3
  pairs_10_13 (StripPair_121)          4.12e-02    0.572 7.56e+03    0.621   0.3
  pairs_9_13 (StripPair_122)           4.17e-02    0.573 7.56e+03    0.622   0.3
  pairs_8_13 (StripPair_123)           4.22e-02    0.575 7.57e+03    0.624   0.3
  pairs_7_13 (StripPair_124)           4.40e-02    0.576 7.57e+03    0.628   0.3
  pairs_6_13 (StripPair_125)           4.96e-02    0.584 7.62e+03    0.641   0.3
  pairs_5_13 (StripPair_126)           5.27e-02    0.587 7.60e+03    0.647   0.4
  pairs_4_13 (StripPair_127)           6.10e-02    0.600 7.68e+03    0.668   0.4
  pairs_3_13 (StripPair_128)           6.88e-02    0.609 7.67e+03    0.686   0.4
  pairs_2_13 (StripPair_129)           8.58e-02    0.632 7.72e+03    0.726   0.4
  pairs_1_13 (StripPair_130)              0.106    0.659 7.80e+03    0.772   0.4
  pairs_0_13 (StripPair_131)              0.144    0.707 7.94e+03    0.858   0.5
  pairs_11_12 (StripPair_132)          6.27e-02    0.592 7.50e+03    0.663   0.4
  pairs_10_12 (StripPair_133)          6.38e-02    0.597 7.69e+03    0.669   0.4
  pairs_9_12 (StripPair_134)           6.44e-02    0.594 7.73e+03    0.666   0.4
  pairs_8_12 (StripPair_135)           6.62e-02    0.596 7.70e+03    0.670   0.4
  pairs_7_12 (StripPair_136)           6.82e-02    0.599 7.71e+03    0.675   0.4
  pairs_6_12 (StripPair_137)           7.41e-02    0.607 7.73e+03    0.688   0.4
  pairs_5_12 (StripPair_138)           7.74e-02    0.615 7.71e+03    0.700   0.4
  pairs_4_12 (StripPair_139)           8.54e-02    0.622 7.74e+03    0.715   0.4
  pairs_3_12 (StripPair_140)           9.45e-02    0.636 7.76e+03    0.739   0.4
  pairs_2_12 (StripPair_141)              0.110    0.660 7.83e+03    0.777   0.4
  pairs_1_12 (StripPair_142)              0.132    0.686 7.90e+03    0.826   0.4
  pairs_0_12 (StripPair_143)              0.170    0.740 8.01e+03    0.918   0.5
  pairs_11_11 (StripPair_144)          1.58e-02    0.537 7.32e+03    0.560   0.3
  pairs_10_11 (StripPair_145)          1.72e-02    0.540 7.49e+03    0.565   0.3
  pairs_9_11 (StripPair_146)           1.82e-02    0.543 7.53e+03    0.569   0.3
  pairs_8_11 (StripPair_147)           1.99e-02    0.544 7.53e+03    0.572   0.3
  pairs_7_11 (StripPair_148)           2.20e-02    0.548 7.53e+03    0.577   0.3
  pairs_6_11 (StripPair_149)           2.46e-02    0.550 7.55e+03    0.582   0.3
  pairs_5_11 (StripPair_150)           2.97e-02    0.558 7.57e+03    0.595   0.3
  pairs_4_11 (StripPair_151)           3.52e-02    0.565 7.59e+03    0.607   0.3
  pairs_3_11 (StripPair_152)           4.59e-02    0.578 7.60e+03    0.631   0.3
  pairs_2_11 (StripPair_153)           5.93e-02    0.596 7.64e+03    0.663   0.4
  pairs_1_11 (StripPair_154)           8.14e-02    0.625 7.73e+03    0.715   0.4
  pairs_0_11 (StripPair_155)              0.119    0.671 7.90e+03    0.798   0.4
  pairs_11_10 (StripPair_156)          1.60e-02    0.539 7.32e+03    0.562   0.3
  pairs_10_10 (StripPair_157)          1.70e-02    0.541 7.51e+03    0.565   0.3
  pairs_9_10 (StripPair_158)           1.85e-02    0.542 7.52e+03    0.568   0.3
  pairs_8_10 (StripPair_159)           2.00e-02    0.544 7.55e+03    0.572   0.3
  pairs_7_10 (StripPair_160)           2.24e-02    0.547 7.51e+03    0.577   0.3
  pairs_6_10 (StripPair_161)           2.48e-02    0.550 7.53e+03    0.582   0.3
  pairs_5_10 (StripPair_162)           3.00e-02    0.558 7.60e+03    0.595   0.3
  pairs_4_10 (StripPair_163)           3.72e-02    0.567 7.60e+03    0.612   0.3
  pairs_3_10 (StripPair_164)           4.61e-02    0.578 7.62e+03    0.632   0.3
  pairs_2_10 (StripPair_165)           6.11e-02    0.598 7.66e+03    0.667   0.4
  pairs_1_10 (StripPair_166)           8.27e-02    0.625 7.74e+03    0.716   0.4
  pairs_0_10 (StripPair_167)              0.119    0.670 7.87e+03    0.797   0.4
  pairs_11_9 (StripPair_168)           1.64e-02    0.539 7.32e+03    0.562   0.3
  pairs_10_9 (StripPair_169)           1.70e-02    0.540 7.53e+03    0.565   0.3
  pairs_9_9 (StripPair_170)            1.82e-02    0.542 7.52e+03    0.568   0.3
  pairs_8_9 (StripPair_171)            1.98e-02    0.543 7.54e+03    0.571   0.3
  pairs_7_9 (StripPair_172)            2.23e-02    0.548 7.54e+03    0.578   0.3
  pairs_6_9 (StripPair_173)            2.49e-02    0.551 7.57e+03    0.583   0.3
  pairs_5_9 (StripPair_174)            2.96e-02    0.556 7.58e+03    0.593   0.3
  pairs_4_9 (StripPair_175)            3.65e-02    0.566 7.58e+03    0.610   0.3
  pairs_3_9 (StripPair_176)            4.70e-02    0.578 7.62e+03    0.633   0.3
  pairs_2_9 (StripPair_177)            6.07e-02    0.598 7.69e+03    0.666   0.4
  pairs_1_9 (StripPair_178)            8.27e-02    0.626 7.74e+03    0.716   0.4
  pairs_0_9 (StripPair_179)               0.119    0.671 7.89e+03    0.798   0.4
  pairs_11_8 (StripPair_180)           1.69e-02    0.540 7.33e+03    0.564   0.3
  pairs_10_8 (StripPair_181)           1.78e-02    0.541 7.52e+03    0.567   0.3
  pairs_9_8 (StripPair_182)            1.91e-02    0.544 7.53e+03    0.570   0.3
  pairs_8_8 (StripPair_183)            2.02e-02    0.545 7.53e+03    0.573   0.3
  pairs_7_8 (StripPair_184)            2.29e-02    0.547 7.54e+03    0.578   0.3
  pairs_6_8 (StripPair_185)            2.58e-02    0.551 7.56e+03    0.584   0.3
  pairs_5_8 (StripPair_186)            3.08e-02    0.558 7.56e+03    0.596   0.3
  pairs_4_8 (StripPair_187)            3.69e-02    0.566 7.60e+03    0.611   0.3
  pairs_3_8 (StripPair_188)            4.73e-02    0.579 7.63e+03    0.634   0.3
  pairs_2_8 (StripPair_189)            6.10e-02    0.596 7.66e+03    0.665   0.4
  pairs_1_8 (StripPair_190)            8.36e-02    0.629 7.76e+03    0.720   0.4
  pairs_0_8 (StripPair_191)               0.121    0.673 7.89e+03    0.802   0.4
  pairs_11_7 (StripPair_192)           1.77e-02    0.540 7.28e+03    0.565   0.3
  pairs_10_7 (StripPair_193)           1.86e-02    0.543 7.52e+03    0.569   0.3
  pairs_9_7 (StripPair_194)            1.97e-02    0.544 7.50e+03    0.571   0.3
  pairs_8_7 (StripPair_195)            2.12e-02    0.546 7.52e+03    0.574   0.3
  pairs_7_7 (StripPair_196)            2.34e-02    0.548 7.54e+03    0.579   0.3
  pairs_6_7 (StripPair_197)            2.66e-02    0.553 7.55e+03    0.587   0.3
  pairs_5_7 (StripPair_198)            3.06e-02    0.557 7.57e+03    0.596   0.3
  pairs_4_7 (StripPair_199)            3.65e-02    0.566 7.61e+03    0.610   0.3
  pairs_3_7 (StripPair_200)            4.74e-02    0.580 7.62e+03    0.635   0.3
  pairs_2_7 (StripPair_201)            6.18e-02    0.599 7.67e+03    0.668   0.4
  pairs_1_7 (StripPair_202)            8.47e-02    0.629 7.77e+03    0.721   0.4
  pairs_0_7 (StripPair_203)               0.122    0.675 7.91e+03    0.804   0.4
  pairs_11_6 (StripPair_204)           1.84e-02    0.541 7.32e+03    0.567   0.3
  pairs_10_6 (StripPair_205)           1.94e-02    0.543 7.53e+03    0.570   0.3
  pairs_9_6 (StripPair_206)            2.11e-02    0.545 7.52e+03    0.574   0.3
  pairs_8_6 (StripPair_207)            2.24e-02    0.548 7.56e+03    0.578   0.3
  pairs_7_6 (StripPair_208)            2.41e-02    0.549 7.53e+03    0.581   0.3
  pairs_6_6 (StripPair_209)            2.74e-02    0.554 7.57e+03    0.589   0.3
  pairs_5_6 (StripPair_210)            3.14e-02    0.559 7.57e+03    0.598   0.3
  pairs_4_6 (StripPair_211)            3.68e-02    0.566 7.58e+03    0.611   0.3
  pairs_3_6 (StripPair_212)            4.70e-02    0.579 7.64e+03    0.634   0.3
  pairs_2_6 (StripPair_213)            6.25e-02    0.600 7.68e+03    0.670   0.4
  pairs_1_6 (StripPair_214)            8.58e-02    0.631 7.75e+03    0.725   0.4
  pairs_0_6 (StripPair_215)               0.121    0.673 7.92e+03    0.802   0.4
  pairs_11_5 (StripPair_216)           1.99e-02    0.544 7.32e+03    0.571   0.3
  pairs_10_5 (StripPair_217)           2.13e-02    0.546 7.55e+03    0.575   0.3
  pairs_9_5 (StripPair_218)            2.25e-02    0.547 7.53e+03    0.577   0.3
  pairs_8_5 (StripPair_219)            2.34e-02    0.548 7.53e+03    0.579   0.3
  pairs_7_5 (StripPair_220)            2.55e-02    0.552 7.54e+03    0.585   0.3
  pairs_6_5 (StripPair_221)            2.89e-02    0.556 7.55e+03    0.593   0.3
  pairs_5_5 (StripPair_222)            3.26e-02    0.560 7.57e+03    0.601   0.3
  pairs_4_5 (StripPair_223)            3.92e-02    0.569 7.58e+03    0.615   0.3
  pairs_3_5 (StripPair_224)            4.95e-02    0.582 7.62e+03    0.639   0.3
  pairs_2_5 (StripPair_225)            6.39e-02    0.601 7.69e+03    0.673   0.4
  pairs_1_5 (StripPair_226)            8.78e-02    0.632 7.75e+03    0.728   0.4
  pairs_0_5 (StripPair_227)               0.124    0.679 7.90e+03    0.811   0.4
  pairs_11_4 (StripPair_228)           2.21e-02    0.547 7.34e+03    0.576   0.3
  pairs_10_4 (StripPair_229)           2.33e-02    0.549 7.53e+03    0.580   0.3
  pairs_9_4 (StripPair_230)            2.48e-02    0.552 7.54e+03    0.584   0.3
  pairs_8_4 (StripPair_231)            2.56e-02    0.553 7.54e+03    0.586   0.3
  pairs_7_4 (StripPair_232)            2.75e-02    0.555 7.54e+03    0.590   0.3
  pairs_6_4 (StripPair_233)            3.18e-02    0.561 7.55e+03    0.600   0.3
  pairs_5_4 (StripPair_234)            3.49e-02    0.564 7.54e+03    0.607   0.3
  pairs_4_4 (StripPair_235)            4.16e-02    0.573 7.61e+03    0.622   0.3
  pairs_3_4 (StripPair_236)            5.11e-02    0.585 7.62e+03    0.644   0.3
  pairs_2_4 (StripPair_237)            6.47e-02    0.605 7.71e+03    0.677   0.4
  pairs_1_4 (StripPair_238)            8.99e-02    0.637 7.77e+03    0.735   0.4
  pairs_0_4 (StripPair_239)               0.126    0.684 7.90e+03    0.818   0.4
  pairs_11_3 (StripPair_240)           2.55e-02    0.550 7.33e+03    0.583   0.3
  pairs_10_3 (StripPair_241)           2.69e-02    0.555 7.53e+03    0.589   0.3
  pairs_9_3 (StripPair_242)            2.90e-02    0.556 7.54e+03    0.593   0.3
  pairs_8_3 (StripPair_243)            2.97e-02    0.557 7.55e+03    0.594   0.3
  pairs_7_3 (StripPair_244)            3.21e-02    0.560 7.54e+03    0.600   0.3
  pairs_6_3 (StripPair_245)            3.55e-02    0.566 7.57e+03    0.609   0.3
  pairs_5_3 (StripPair_246)            3.94e-02    0.570 7.60e+03    0.617   0.3
  pairs_4_3 (StripPair_247)            4.51e-02    0.577 7.63e+03    0.630   0.3
  pairs_3_3 (StripPair_248)            5.62e-02    0.592 7.65e+03    0.656   0.4
  pairs_2_3 (StripPair_249)            7.00e-02    0.611 7.69e+03    0.689   0.4
  pairs_1_3 (StripPair_250)            9.40e-02    0.643 7.77e+03    0.745   0.4
  pairs_0_3 (StripPair_251)               0.131    0.689 7.90e+03    0.828   0.4
  pairs_11_2 (StripPair_252)           3.12e-02    0.559 7.34e+03    0.598   0.3
  pairs_10_2 (StripPair_253)           3.26e-02    0.561 7.60e+03    0.601   0.3
  pairs_9_2 (StripPair_254)            3.37e-02    0.563 7.54e+03    0.604   0.3
  pairs_8_2 (StripPair_255)            3.46e-02    0.565 7.66e+03    0.607   0.3
  pairs_7_2 (StripPair_256)            3.68e-02    0.566 7.58e+03    0.611   0.3
  pairs_6_2 (StripPair_257)            4.01e-02    0.571 7.56e+03    0.618   0.3
  pairs_5_2 (StripPair_258)            4.20e-02    0.574 7.58e+03    0.624   0.3
  pairs_4_2 (StripPair_259)            4.95e-02    0.584 7.62e+03    0.641   0.3
  pairs_3_2 (StripPair_260)            5.99e-02    0.597 7.68e+03    0.664   0.4
  pairs_2_2 (StripPair_261)            7.55e-02    0.617 7.70e+03    0.700   0.4
  pairs_1_2 (StripPair_262)            9.69e-02    0.647 7.77e+03    0.751   0.4
  pairs_0_2 (StripPair_263)               0.133    0.691 7.90e+03    0.832   0.5
  pairs_11_1 (StripPair_264)           3.90e-02    0.568 7.37e+03    0.615   0.3
  pairs_10_1 (StripPair_265)           3.99e-02    0.570 7.61e+03    0.618   0.3
  pairs_9_1 (StripPair_266)            4.21e-02    0.574 7.58e+03    0.623   0.3
  pairs_8_1 (StripPair_267)            4.25e-02    0.574 7.56e+03    0.624   0.3
  pairs_7_1 (StripPair_268)            4.44e-02    0.577 7.60e+03    0.629   0.3
  pairs_6_1 (StripPair_269)            4.78e-02    0.582 7.63e+03    0.638   0.3
  pairs_5_1 (StripPair_270)            5.05e-02    0.584 7.62e+03    0.642   0.3
  pairs_4_1 (StripPair_271)            5.79e-02    0.595 7.65e+03    0.661   0.4
  pairs_3_1 (StripPair_272)            6.79e-02    0.607 7.67e+03    0.683   0.4
  pairs_2_1 (StripPair_273)            8.21e-02    0.628 7.75e+03    0.718   0.4
  pairs_1_1 (StripPair_274)               0.106    0.659 7.77e+03    0.773   0.4
  pairs_0_1 (StripPair_275)               0.141    0.701 7.93e+03    0.850   0.5
  pairs_11 (StripPair_276)             6.15e-02    0.589 7.77e+03    0.658   0.4
  pairs_10 (StripPair_277)             6.31e-02    0.593 7.95e+03    0.664   0.4
  pairs_9 (StripPair_278)              6.47e-02    0.592 7.99e+03    0.665   0.4
  pairs_8 (StripPair_279)              6.49e-02    0.592 7.96e+03    0.665   0.4
  pairs_7 (StripPair_280)              6.85e-02    0.597 7.99e+03    0.674   0.4
  pairs_6 (StripPair_281)              7.25e-02    0.604 7.97e+03    0.685   0.4
  pairs_5 (StripPair_282)              7.80e-02    0.611 8.00e+03    0.697   0.4
  pairs_4 (StripPair_283)              8.50e-02    0.617 8.02e+03    0.710   0.4
  pairs_3 (StripPair_284)              9.62e-02    0.632 8.05e+03    0.736   0.4
  pairs_2 (StripPair_285)                 0.112    0.655 8.07e+03    0.775   0.4
  pairs_1 (StripPair_286)                 0.138    0.688 8.15e+03    0.834   0.5
  pairs_0 (StripPair_287)                 0.175    0.737 8.19e+03    0.921   0.5
1
