 
****************************************
Report : area
Design : SystolicArray
Version: V-2023.12
Date   : Tue Apr  7 05:40:00 2026
****************************************

Library(s) Used:

    tcbn28hpcplusbwp30p140ffg0p99v0c_ccs (File: /hpc/Tech/TSMC/digital/N28/digital/Front_End/timing_power_noise/CCS/tcbn28hpcplusbwp30p140_180a/tcbn28hpcplusbwp30p140ffg0p99v0c_ccs.db)

Number of ports:                        35186
Number of nets:                       1227301
Number of cells:                      1159669
Number of combinational cells:        1127125
Number of sequential cells:             32256
Number of macros/black boxes:               0
Number of buf/inv:                     212358
Number of references:                     301

Combinational area:             690873.750753
Buf/Inv area:                    59586.282711
Noncombinational area:           62821.961057
Macro/Black Box area:                0.000000
Net Interconnect area:      undefined  (Wire load has zero net area)

Total cell area:                753695.711810
Total area:                 undefined

Hierarchical area distribution
------------------------------

                                  Global cell area              Local cell area
                                  --------------------  ------------------------------- 
Hierarchical cell                 Absolute     Percent  Combi-       Noncombi-   Black-
                                  Total        Total    national     national    boxes   Design
--------------------------------  -----------  -------  -----------  ----------  ------  -------------
SystolicArray                     753695.7118    100.0     385.6860      0.0000  0.0000  SystolicArray
pairs_0                             2399.1660      0.3    2179.1700    219.9960  0.0000  StripPair_287
pairs_0_1                           2574.1800      0.3    2356.0740    218.1060  0.0000  StripPair_275
pairs_0_10                          2565.8640      0.3    2345.8680    219.9960  0.0000  StripPair_167
pairs_0_11                          2539.1520      0.3    2319.9120    219.2400  0.0000  StripPair_155
pairs_0_12                          2619.7920      0.3    2398.6620    221.1300  0.0000  StripPair_143
pairs_0_13                          2617.1460      0.3    2397.9060    219.2400  0.0000  StripPair_131
pairs_0_14                          2567.1240      0.3    2347.1280    219.9960  0.0000  StripPair_119
pairs_0_15                          2572.7940      0.3    2352.4200    220.3740  0.0000  StripPair_107
pairs_0_16                          2557.6740      0.3    2342.9700    214.7040  0.0000  StripPair_95
pairs_0_17                          2562.2100      0.3    2344.1040    218.1060  0.0000  StripPair_83
pairs_0_18                          2560.4460      0.3    2342.7180    217.7280  0.0000  StripPair_71
pairs_0_19                          2561.7060      0.3    2343.6000    218.1060  0.0000  StripPair_59
pairs_0_2                           2572.0380      0.3    2352.7980    219.2400  0.0000  StripPair_263
pairs_0_20                          2576.0700      0.3    2356.8300    219.2400  0.0000  StripPair_47
pairs_0_21                          2556.1620      0.3    2336.5440    219.6180  0.0000  StripPair_35
pairs_0_22                          2544.8220      0.3    2325.2040    219.6180  0.0000  StripPair_23
pairs_0_23                          2610.8460      0.3    2391.6060    219.2400  0.0000  StripPair_11
pairs_0_3                           2588.2920      0.3    2365.6500    222.6420  0.0000  StripPair_251
pairs_0_4                           2559.5640      0.3    2341.8360    217.7280  0.0000  StripPair_239
pairs_0_5                           2562.9660      0.3    2342.2140    220.7520  0.0000  StripPair_227
pairs_0_6                           2575.8180      0.3    2357.3340    218.4840  0.0000  StripPair_215
pairs_0_7                           2558.1780      0.3    2338.9380    219.2400  0.0000  StripPair_203
pairs_0_8                           2584.0080      0.3    2364.0120    219.9960  0.0000  StripPair_191
pairs_0_9                           2553.5160      0.3    2335.4100    218.1060  0.0000  StripPair_179
pairs_1                             2382.7860      0.3    2163.1680    219.6180  0.0000  StripPair_286
pairs_10                            2381.5260      0.3    2164.1760    217.3500  0.0000  StripPair_277
pairs_10_1                          2655.3240      0.4    2436.9660    218.3580  0.0000  StripPair_265
pairs_10_10                         2621.0520      0.3    2404.4580    216.5940  0.0000  StripPair_157
pairs_10_11                         2635.7940      0.3    2415.4200    220.3740  0.0000  StripPair_145
pairs_10_12                         2555.0280      0.3    2337.3000    217.7280  0.0000  StripPair_133
pairs_10_13                         2576.4480      0.3    2357.5860    218.8620  0.0000  StripPair_121
pairs_10_14                         2629.1160      0.3    2411.3880    217.7280  0.0000  StripPair_109
pairs_10_15                         2643.3540      0.4    2426.3820    216.9720  0.0000  StripPair_97
pairs_10_16                         2628.6120      0.3    2410.1280    218.4840  0.0000  StripPair_85
pairs_10_17                         2622.3120      0.3    2404.5840    217.7280  0.0000  StripPair_73
pairs_10_18                         2635.1640      0.3    2416.6800    218.4840  0.0000  StripPair_61
pairs_10_19                         2657.5920      0.4    2439.4860    218.1060  0.0000  StripPair_49
pairs_10_2                          2632.7700      0.3    2413.9080    218.8620  0.0000  StripPair_253
pairs_10_20                         2643.8580      0.4    2426.8860    216.9720  0.0000  StripPair_37
pairs_10_21                         2638.0620      0.4    2418.0660    219.9960  0.0000  StripPair_25
pairs_10_22                         2629.2420      0.3    2413.4040    215.8380  0.0000  StripPair_13
pairs_10_23                         2553.8940      0.3    2338.8120    215.0820  0.0000  StripPair_1
pairs_10_3                          2627.9820      0.3    2410.2540    217.7280  0.0000  StripPair_241
pairs_10_4                          2647.0080      0.4    2428.1460    218.8620  0.0000  StripPair_229
pairs_10_5                          2639.0700      0.4    2421.3420    217.7280  0.0000  StripPair_217
pairs_10_6                          2665.5300      0.4    2447.0460    218.4840  0.0000  StripPair_205
pairs_10_7                          2647.5120      0.4    2429.7840    217.7280  0.0000  StripPair_193
pairs_10_8                          2625.8400      0.3    2410.3800    215.4600  0.0000  StripPair_181
pairs_10_9                          2699.4240      0.4    2483.5860    215.8380  0.0000  StripPair_169
pairs_11                            2364.6420      0.3    2148.4260    216.2160  0.0000  StripPair_276
pairs_11_1                          2605.9320      0.3    2390.8500    215.0820  0.0000  StripPair_264
pairs_11_10                         2635.9200      0.3    2423.1060    212.8140  0.0000  StripPair_156
pairs_11_11                         2623.5720      0.3    2409.2460    214.3260  0.0000  StripPair_144
pairs_11_12                         2539.6560      0.3    2322.6840    216.9720  0.0000  StripPair_132
pairs_11_13                         2604.6720      0.3    2386.9440    217.7280  0.0000  StripPair_120
pairs_11_14                         2608.2000      0.3    2391.6060    216.5940  0.0000  StripPair_108
pairs_11_15                         2618.2800      0.3    2401.3080    216.9720  0.0000  StripPair_96
pairs_11_16                         2626.8480      0.3    2410.6320    216.2160  0.0000  StripPair_84
pairs_11_17                         2600.6400      0.3    2384.8020    215.8380  0.0000  StripPair_72
pairs_11_18                         2627.6040      0.3    2412.9000    214.7040  0.0000  StripPair_60
pairs_11_19                         2621.0520      0.3    2404.0800    216.9720  0.0000  StripPair_48
pairs_11_2                          2620.0440      0.3    2402.3160    217.7280  0.0000  StripPair_252
pairs_11_20                         2649.1500      0.4    2430.6660    218.4840  0.0000  StripPair_36
pairs_11_21                         2666.2860      0.4    2452.7160    213.5700  0.0000  StripPair_24
pairs_11_22                         2622.1860      0.3    2406.3480    215.8380  0.0000  StripPair_12
pairs_11_23                         2545.2000      0.3    2331.6300    213.5700  0.0000  StripPair_0
pairs_11_3                          2624.7060      0.3    2408.8680    215.8380  0.0000  StripPair_240
pairs_11_4                          2651.6700      0.4    2436.5880    215.0820  0.0000  StripPair_228
pairs_11_5                          2652.5520      0.4    2437.8480    214.7040  0.0000  StripPair_216
pairs_11_6                          2635.2900      0.3    2419.8300    215.4600  0.0000  StripPair_204
pairs_11_7                          2607.0660      0.3    2393.1180    213.9480  0.0000  StripPair_192
pairs_11_8                          2603.5380      0.3    2385.8100    217.7280  0.0000  StripPair_180
pairs_11_9                          2611.3500      0.3    2395.5120    215.8380  0.0000  StripPair_168
pairs_1_1                           2630.6280      0.3    2411.3880    219.2400  0.0000  StripPair_274
pairs_1_10                          2626.7220      0.3    2409.7500    216.9720  0.0000  StripPair_166
pairs_1_11                          2638.8180      0.4    2419.2000    219.6180  0.0000  StripPair_154
pairs_1_12                          2587.6620      0.3    2370.3120    217.3500  0.0000  StripPair_142
pairs_1_13                          2594.7180      0.3    2377.7460    216.9720  0.0000  StripPair_130
pairs_1_14                          2651.1660      0.4    2434.5720    216.5940  0.0000  StripPair_118
pairs_1_15                          2627.3520      0.3    2408.4900    218.8620  0.0000  StripPair_106
pairs_1_16                          2644.9920      0.4    2425.7520    219.2400  0.0000  StripPair_94
pairs_1_17                          2648.2680      0.4    2428.6500    219.6180  0.0000  StripPair_82
pairs_1_18                          2644.9920      0.4    2425.5000    219.4920  0.0000  StripPair_70
pairs_1_19                          2607.4440      0.3    2387.4480    219.9960  0.0000  StripPair_58
pairs_1_2                           2620.8000      0.3    2403.0720    217.7280  0.0000  StripPair_262
pairs_1_20                          2642.2200      0.4    2423.7360    218.4840  0.0000  StripPair_46
pairs_1_21                          2660.4900      0.4    2442.7620    217.7280  0.0000  StripPair_34
pairs_1_22                          2626.9740      0.3    2410.0020    216.9720  0.0000  StripPair_22
pairs_1_23                          2557.2960      0.3    2342.5920    214.7040  0.0000  StripPair_10
pairs_1_3                           2621.6820      0.3    2402.4420    219.2400  0.0000  StripPair_250
pairs_1_4                           2643.6060      0.4    2426.2560    217.3500  0.0000  StripPair_238
pairs_1_5                           2657.7180      0.4    2439.2340    218.4840  0.0000  StripPair_226
pairs_1_6                           2648.3940      0.4    2429.9100    218.4840  0.0000  StripPair_214
pairs_1_7                           2633.7780      0.3    2415.2940    218.4840  0.0000  StripPair_202
pairs_1_8                           2640.2040      0.4    2420.9640    219.2400  0.0000  StripPair_190
pairs_1_9                           2626.2180      0.3    2408.4900    217.7280  0.0000  StripPair_178
pairs_2                             2391.2280      0.3    2171.9880    219.2400  0.0000  StripPair_285
pairs_2_1                           2625.0840      0.3    2408.1120    216.9720  0.0000  StripPair_273
pairs_2_10                          2621.6820      0.3    2400.1740    221.5080  0.0000  StripPair_165
pairs_2_11                          2636.4240      0.3    2419.0740    217.3500  0.0000  StripPair_153
pairs_2_12                          2567.3760      0.3    2347.3800    219.9960  0.0000  StripPair_141
pairs_2_13                          2553.6420      0.3    2332.8900    220.7520  0.0000  StripPair_129
pairs_2_14                          2652.1740      0.4    2432.5560    219.6180  0.0000  StripPair_117
pairs_2_15                          2647.0080      0.4    2427.3900    219.6180  0.0000  StripPair_105
pairs_2_16                          2650.9140      0.4    2431.6740    219.2400  0.0000  StripPair_93
pairs_2_17                          2673.9720      0.4    2455.1100    218.8620  0.0000  StripPair_81
pairs_2_18                          2642.5980      0.4    2424.4920    218.1060  0.0000  StripPair_69
pairs_2_19                          2659.3560      0.4    2441.2500    218.1060  0.0000  StripPair_57
pairs_2_2                           2658.0960      0.4    2438.8560    219.2400  0.0000  StripPair_261
pairs_2_20                          2670.5700      0.4    2454.3540    216.2160  0.0000  StripPair_45
pairs_2_21                          2635.1640      0.3    2417.4360    217.7280  0.0000  StripPair_33
pairs_2_22                          2641.7160      0.4    2423.2320    218.4840  0.0000  StripPair_21
pairs_2_23                          2536.5060      0.3    2321.0460    215.4600  0.0000  StripPair_9
pairs_2_3                           2642.0940      0.4    2423.6100    218.4840  0.0000  StripPair_249
pairs_2_4                           2642.3460      0.4    2425.3740    216.9720  0.0000  StripPair_237
pairs_2_5                           2646.0000      0.4    2427.8940    218.1060  0.0000  StripPair_225
pairs_2_6                           2628.2340      0.3    2407.8600    220.3740  0.0000  StripPair_213
pairs_2_7                           2660.9940      0.4    2441.3760    219.6180  0.0000  StripPair_201
pairs_2_8                           2643.3540      0.4    2424.1140    219.2400  0.0000  StripPair_189
pairs_2_9                           2659.6080      0.4    2439.9900    219.6180  0.0000  StripPair_177
pairs_3                             2392.4880      0.3    2171.7360    220.7520  0.0000  StripPair_284
pairs_3_1                           2648.0160      0.4    2430.2880    217.7280  0.0000  StripPair_272
pairs_3_10                          2630.5020      0.3    2411.6400    218.8620  0.0000  StripPair_164
pairs_3_11                          2640.9600      0.4    2423.6100    217.3500  0.0000  StripPair_152
pairs_3_12                          2564.4780      0.3    2346.7500    217.7280  0.0000  StripPair_140
pairs_3_13                          2570.2740      0.3    2350.2780    219.9960  0.0000  StripPair_128
pairs_3_14                          2646.3780      0.4    2428.2720    218.1060  0.0000  StripPair_116
pairs_3_15                          2633.4000      0.3    2415.2940    218.1060  0.0000  StripPair_104
pairs_3_16                          2653.3080      0.4    2435.9580    217.3500  0.0000  StripPair_92
pairs_3_17                          2662.1280      0.4    2441.3760    220.7520  0.0000  StripPair_80
pairs_3_18                          2656.3320      0.4    2437.4700    218.8620  0.0000  StripPair_68
pairs_3_19                          2668.5540      0.4    2448.1800    220.3740  0.0000  StripPair_56
pairs_3_2                           2624.4540      0.3    2404.0800    220.3740  0.0000  StripPair_260
pairs_3_20                          2664.6480      0.4    2446.9200    217.7280  0.0000  StripPair_44
pairs_3_21                          2638.6920      0.4    2417.1840    221.5080  0.0000  StripPair_32
pairs_3_22                          2638.9440      0.4    2421.9720    216.9720  0.0000  StripPair_20
pairs_3_23                          2565.7380      0.3    2349.9000    215.8380  0.0000  StripPair_8
pairs_3_3                           2609.2080      0.3    2391.1020    218.1060  0.0000  StripPair_248
pairs_3_4                           2650.4100      0.4    2433.0600    217.3500  0.0000  StripPair_236
pairs_3_5                           2672.9640      0.4    2454.8580    218.1060  0.0000  StripPair_224
pairs_3_6                           2649.4020      0.4    2432.4300    216.9720  0.0000  StripPair_212
pairs_3_7                           2658.0960      0.4    2438.1000    219.9960  0.0000  StripPair_200
pairs_3_8                           2645.1180      0.4    2425.8780    219.2400  0.0000  StripPair_188
pairs_3_9                           2639.0700      0.4    2421.7200    217.3500  0.0000  StripPair_176
pairs_4                             2389.0860      0.3    2169.8460    219.2400  0.0000  StripPair_283
pairs_4_1                           2658.2220      0.4    2439.3600    218.8620  0.0000  StripPair_271
pairs_4_10                          2672.5860      0.4    2452.9680    219.6180  0.0000  StripPair_163
pairs_4_11                          2622.0600      0.3    2405.0880    216.9720  0.0000  StripPair_151
pairs_4_12                          2583.8820      0.3    2365.0200    218.8620  0.0000  StripPair_139
pairs_4_13                          2569.3920      0.3    2350.9080    218.4840  0.0000  StripPair_127
pairs_4_14                          2640.8340      0.4    2424.6180    216.2160  0.0000  StripPair_115
pairs_4_15                          2632.8960      0.3    2413.6560    219.2400  0.0000  StripPair_103
pairs_4_16                          2621.6820      0.3    2402.8200    218.8620  0.0000  StripPair_91
pairs_4_17                          2639.3220      0.4    2421.5940    217.7280  0.0000  StripPair_79
pairs_4_18                          2658.8520      0.4    2439.2340    219.6180  0.0000  StripPair_67
pairs_4_19                          2637.3060      0.3    2418.4440    218.8620  0.0000  StripPair_55
pairs_4_2                           2644.9920      0.4    2426.5080    218.4840  0.0000  StripPair_259
pairs_4_20                          2615.8860      0.3    2395.5120    220.3740  0.0000  StripPair_43
pairs_4_21                          2633.1480      0.3    2414.6640    218.4840  0.0000  StripPair_31
pairs_4_22                          2637.4320      0.3    2419.7040    217.7280  0.0000  StripPair_19
pairs_4_23                          2549.9880      0.3    2334.5280    215.4600  0.0000  StripPair_7
pairs_4_3                           2656.7100      0.4    2439.3600    217.3500  0.0000  StripPair_247
pairs_4_4                           2637.6840      0.3    2420.7120    216.9720  0.0000  StripPair_235
pairs_4_5                           2638.5660      0.4    2420.8380    217.7280  0.0000  StripPair_223
pairs_4_6                           2657.5920      0.4    2440.6200    216.9720  0.0000  StripPair_211
pairs_4_7                           2658.6000      0.4    2440.8720    217.7280  0.0000  StripPair_199
pairs_4_8                           2644.6140      0.4    2427.6420    216.9720  0.0000  StripPair_187
pairs_4_9                           2639.3220      0.4    2421.2160    218.1060  0.0000  StripPair_175
pairs_5                             2401.5600      0.3    2183.4540    218.1060  0.0000  StripPair_282
pairs_5_1                           2663.8920      0.4    2447.2980    216.5940  0.0000  StripPair_270
pairs_5_10                          2615.0040      0.3    2398.7880    216.2160  0.0000  StripPair_162
pairs_5_11                          2651.0400      0.4    2434.4460    216.5940  0.0000  StripPair_150
pairs_5_12                          2565.7380      0.3    2348.0100    217.7280  0.0000  StripPair_138
pairs_5_13                          2547.2160      0.3    2329.4880    217.7280  0.0000  StripPair_126
pairs_5_14                          2640.5820      0.4    2420.9640    219.6180  0.0000  StripPair_114
pairs_5_15                          2623.5720      0.3    2404.3320    219.2400  0.0000  StripPair_102
pairs_5_16                          2645.3700      0.4    2427.6420    217.7280  0.0000  StripPair_90
pairs_5_17                          2636.9280      0.3    2420.3340    216.5940  0.0000  StripPair_78
pairs_5_18                          2647.6380      0.4    2427.0120    220.6260  0.0000  StripPair_66
pairs_5_19                          2618.5320      0.3    2397.4020    221.1300  0.0000  StripPair_54
pairs_5_2                           2619.5400      0.3    2401.4340    218.1060  0.0000  StripPair_258
pairs_5_20                          2634.7860      0.3    2417.4360    217.3500  0.0000  StripPair_42
pairs_5_21                          2689.7220      0.4    2473.1280    216.5940  0.0000  StripPair_30
pairs_5_22                          2641.9680      0.4    2423.8620    218.1060  0.0000  StripPair_18
pairs_5_23                          2551.8780      0.3    2336.7960    215.0820  0.0000  StripPair_6
pairs_5_3                           2654.1900      0.4    2434.9500    219.2400  0.0000  StripPair_246
pairs_5_4                           2639.5740      0.4    2421.4680    218.1060  0.0000  StripPair_234
pairs_5_5                           2627.2260      0.3    2411.7660    215.4600  0.0000  StripPair_222
pairs_5_6                           2636.5500      0.3    2418.0660    218.4840  0.0000  StripPair_210
pairs_5_7                           2656.3320      0.4    2437.4700    218.8620  0.0000  StripPair_198
pairs_5_8                           2631.5100      0.3    2413.7820    217.7280  0.0000  StripPair_186
pairs_5_9                           2616.8940      0.3    2401.0560    215.8380  0.0000  StripPair_174
pairs_6                             2387.4480      0.3    2168.5860    218.8620  0.0000  StripPair_281
pairs_6_1                           2623.1940      0.3    2403.9540    219.2400  0.0000  StripPair_269
pairs_6_10                          2635.9200      0.3    2419.3260    216.5940  0.0000  StripPair_161
pairs_6_11                          2650.9140      0.4    2432.0520    218.8620  0.0000  StripPair_149
pairs_6_12                          2563.0920      0.3    2346.4980    216.5940  0.0000  StripPair_137
pairs_6_13                          2580.9840      0.3    2362.1220    218.8620  0.0000  StripPair_125
pairs_6_14                          2630.7540      0.3    2412.2700    218.4840  0.0000  StripPair_113
pairs_6_15                          2626.9740      0.3    2408.8680    218.1060  0.0000  StripPair_101
pairs_6_16                          2622.6900      0.3    2406.8520    215.8380  0.0000  StripPair_89
pairs_6_17                          2655.3240      0.4    2436.4620    218.8620  0.0000  StripPair_77
pairs_6_18                          2664.5220      0.4    2447.9280    216.5940  0.0000  StripPair_65
pairs_6_19                          2652.5520      0.4    2434.4460    218.1060  0.0000  StripPair_53
pairs_6_2                           2625.7140      0.3    2407.2300    218.4840  0.0000  StripPair_257
pairs_6_20                          2656.0800      0.4    2437.9740    218.1060  0.0000  StripPair_41
pairs_6_21                          2653.3080      0.4    2435.2020    218.1060  0.0000  StripPair_29
pairs_6_22                          2623.1940      0.3    2407.3560    215.8380  0.0000  StripPair_17
pairs_6_23                          2547.3420      0.3    2330.3700    216.9720  0.0000  StripPair_5
pairs_6_3                           2639.0700      0.4    2420.5860    218.4840  0.0000  StripPair_245
pairs_6_4                           2641.5900      0.4    2423.8620    217.7280  0.0000  StripPair_233
pairs_6_5                           2621.6820      0.3    2404.3320    217.3500  0.0000  StripPair_221
pairs_6_6                           2669.4360      0.4    2450.5740    218.8620  0.0000  StripPair_209
pairs_6_7                           2640.0780      0.4    2423.1060    216.9720  0.0000  StripPair_197
pairs_6_8                           2660.4900      0.4    2442.3840    218.1060  0.0000  StripPair_185
pairs_6_9                           2657.5920      0.4    2438.3520    219.2400  0.0000  StripPair_173
pairs_7                             2385.6840      0.3    2165.0580    220.6260  0.0000  StripPair_280
pairs_7_1                           2636.9280      0.3    2415.7980    221.1300  0.0000  StripPair_268
pairs_7_10                          2632.2660      0.3    2412.6480    219.6180  0.0000  StripPair_160
pairs_7_11                          2634.6600      0.3    2418.0660    216.5940  0.0000  StripPair_148
pairs_7_12                          2578.8420      0.3    2359.6020    219.2400  0.0000  StripPair_136
pairs_7_13                          2574.5580      0.3    2356.8300    217.7280  0.0000  StripPair_124
pairs_7_14                          2676.1140      0.4    2457.2520    218.8620  0.0000  StripPair_112
pairs_7_15                          2662.0020      0.4    2442.7620    219.2400  0.0000  StripPair_100
pairs_7_16                          2626.7220      0.3    2407.1040    219.6180  0.0000  StripPair_88
pairs_7_17                          2649.1500      0.4    2429.1540    219.9960  0.0000  StripPair_76
pairs_7_18                          2617.2720      0.3    2402.5680    214.7040  0.0000  StripPair_64
pairs_7_19                          2642.3460      0.4    2425.7520    216.5940  0.0000  StripPair_52
pairs_7_2                           2643.2280      0.4    2423.9880    219.2400  0.0000  StripPair_256
pairs_7_20                          2639.7000      0.4    2419.3260    220.3740  0.0000  StripPair_40
pairs_7_21                          2639.0700      0.4    2422.4760    216.5940  0.0000  StripPair_28
pairs_7_22                          2655.7020      0.4    2437.2180    218.4840  0.0000  StripPair_16
pairs_7_23                          2529.9540      0.3    2313.3600    216.5940  0.0000  StripPair_4
pairs_7_3                           2624.5800      0.3    2404.2060    220.3740  0.0000  StripPair_244
pairs_7_4                           2632.5180      0.3    2413.2780    219.2400  0.0000  StripPair_232
pairs_7_5                           2635.7940      0.3    2417.3100    218.4840  0.0000  StripPair_220
pairs_7_6                           2655.8280      0.4    2439.2340    216.5940  0.0000  StripPair_208
pairs_7_7                           2666.1600      0.4    2446.9200    219.2400  0.0000  StripPair_196
pairs_7_8                           2640.2040      0.4    2423.9880    216.2160  0.0000  StripPair_184
pairs_7_9                           2656.5840      0.4    2435.4540    221.1300  0.0000  StripPair_172
pairs_8                             2381.5260      0.3    2161.1520    220.3740  0.0000  StripPair_279
pairs_8_1                           2638.6920      0.4    2419.4520    219.2400  0.0000  StripPair_267
pairs_8_10                          2640.0780      0.4    2421.2160    218.8620  0.0000  StripPair_159
pairs_8_11                          2657.7180      0.4    2436.9660    220.7520  0.0000  StripPair_147
pairs_8_12                          2573.0460      0.3    2355.3180    217.7280  0.0000  StripPair_135
pairs_8_13                          2577.7080      0.3    2359.2240    218.4840  0.0000  StripPair_123
pairs_8_14                          2636.8020      0.3    2417.1840    219.6180  0.0000  StripPair_111
pairs_8_15                          2643.6060      0.4    2426.6340    216.9720  0.0000  StripPair_99
pairs_8_16                          2631.1320      0.3    2413.7820    217.3500  0.0000  StripPair_87
pairs_8_17                          2644.9920      0.4    2428.3980    216.5940  0.0000  StripPair_75
pairs_8_18                          2659.8600      0.4    2442.5100    217.3500  0.0000  StripPair_63
pairs_8_19                          2666.1600      0.4    2449.1880    216.9720  0.0000  StripPair_51
pairs_8_2                           2639.3220      0.4    2421.9720    217.3500  0.0000  StripPair_255
pairs_8_20                          2636.2980      0.3    2417.8140    218.4840  0.0000  StripPair_39
pairs_8_21                          2650.9140      0.4    2432.0520    218.8620  0.0000  StripPair_27
pairs_8_22                          2639.8260      0.4    2422.4760    217.3500  0.0000  StripPair_15
pairs_8_23                          2542.4280      0.3    2326.9680    215.4600  0.0000  StripPair_3
pairs_8_3                           2699.6760      0.4    2480.4360    219.2400  0.0000  StripPair_243
pairs_8_4                           2637.6840      0.3    2419.2000    218.4840  0.0000  StripPair_231
pairs_8_5                           2648.8980      0.4    2430.0360    218.8620  0.0000  StripPair_219
pairs_8_6                           2613.2400      0.3    2394.7560    218.4840  0.0000  StripPair_207
pairs_8_7                           2638.6920      0.4    2421.7200    216.9720  0.0000  StripPair_195
pairs_8_8                           2655.5760      0.4    2435.9580    219.6180  0.0000  StripPair_183
pairs_8_9                           2621.0520      0.3    2402.1900    218.8620  0.0000  StripPair_171
pairs_9                             2394.2520      0.3    2173.5000    220.7520  0.0000  StripPair_278
pairs_9_1                           2638.1880      0.4    2416.6800    221.5080  0.0000  StripPair_266
pairs_9_10                          2622.1860      0.3    2404.4580    217.7280  0.0000  StripPair_158
pairs_9_11                          2638.0620      0.4    2416.5540    221.5080  0.0000  StripPair_146
pairs_9_12                          2570.5260      0.3    2352.4200    218.1060  0.0000  StripPair_134
pairs_9_13                          2574.3060      0.3    2355.0660    219.2400  0.0000  StripPair_122
pairs_9_14                          2636.1720      0.3    2418.0660    218.1060  0.0000  StripPair_110
pairs_9_15                          2632.3920      0.3    2413.5300    218.8620  0.0000  StripPair_98
pairs_9_16                          2635.9200      0.3    2419.3260    216.5940  0.0000  StripPair_86
pairs_9_17                          2639.1960      0.4    2420.3340    218.8620  0.0000  StripPair_74
pairs_9_18                          2618.5320      0.3    2401.1820    217.3500  0.0000  StripPair_62
pairs_9_19                          2645.7480      0.4    2425.7520    219.9960  0.0000  StripPair_50
pairs_9_2                           2615.0040      0.3    2397.2760    217.7280  0.0000  StripPair_254
pairs_9_20                          2659.8600      0.4    2440.6200    219.2400  0.0000  StripPair_38
pairs_9_21                          2637.6840      0.3    2421.0900    216.5940  0.0000  StripPair_26
pairs_9_22                          2639.1960      0.4    2419.2000    219.9960  0.0000  StripPair_14
pairs_9_23                          2546.0820      0.3    2331.3780    214.7040  0.0000  StripPair_2
pairs_9_3                           2633.9040      0.3    2413.1520    220.7520  0.0000  StripPair_242
pairs_9_4                           2634.6600      0.3    2416.5540    218.1060  0.0000  StripPair_230
pairs_9_5                           2645.4960      0.4    2426.6340    218.8620  0.0000  StripPair_218
pairs_9_6                           2653.4340      0.4    2433.8160    219.6180  0.0000  StripPair_206
pairs_9_7                           2615.3820      0.3    2397.2760    218.1060  0.0000  StripPair_194
pairs_9_8                           2638.5660      0.4    2418.9480    219.6180  0.0000  StripPair_182
pairs_9_9                           2634.9120      0.3    2417.5620    217.3500  0.0000  StripPair_170
--------------------------------  -----------  -------  -----------  ----------  ------  -------------
Total                                                   690873.7508  62821.9611  0.0000

1
