 
****************************************
Report : power
        -hier
        -analysis_effort low
Design : SystolicArray
Version: V-2023.12
Date   : Tue Apr  7 05:40:17 2026
****************************************


Library(s) Used:

    tcbn28hpcplusbwp30p140ffg0p99v0c_ccs (File: /hpc/Tech/TSMC/digital/N28/digital/Front_End/timing_power_noise/CCS/tcbn28hpcplusbwp30p140_180a/tcbn28hpcplusbwp30p140ffg0p99v0c_ccs.db)


Operating Conditions: ffg0p99v0c   Library: tcbn28hpcplusbwp30p140ffg0p99v0c_ccs
Wire Load Model Mode: segmented

Design        Wire Load Model            Library
------------------------------------------------
SystolicArray          ZeroWireload      tcbn28hpcplusbwp30p140ffg0p99v0c_ccs
StripPair_287          ZeroWireload      tcbn28hpcplusbwp30p140ffg0p99v0c_ccs
StripPair_276          ZeroWireload      tcbn28hpcplusbwp30p140ffg0p99v0c_ccs
StripPair_275          ZeroWireload      tcbn28hpcplusbwp30p140ffg0p99v0c_ccs
StripPair_264          ZeroWireload      tcbn28hpcplusbwp30p140ffg0p99v0c_ccs
StripPair_1            ZeroWireload      tcbn28hpcplusbwp30p140ffg0p99v0c_ccs
StripPair_2            ZeroWireload      tcbn28hpcplusbwp30p140ffg0p99v0c_ccs
StripPair_3            ZeroWireload      tcbn28hpcplusbwp30p140ffg0p99v0c_ccs
StripPair_4            ZeroWireload      tcbn28hpcplusbwp30p140ffg0p99v0c_ccs
StripPair_5            ZeroWireload      tcbn28hpcplusbwp30p140ffg0p99v0c_ccs
StripPair_6            ZeroWireload      tcbn28hpcplusbwp30p140ffg0p99v0c_ccs
StripPair_7            ZeroWireload      tcbn28hpcplusbwp30p140ffg0p99v0c_ccs
StripPair_8            ZeroWireload      tcbn28hpcplusbwp30p140ffg0p99v0c_ccs
StripPair_9            ZeroWireload      tcbn28hpcplusbwp30p140ffg0p99v0c_ccs
StripPair_10           ZeroWireload      tcbn28hpcplusbwp30p140ffg0p99v0c_ccs
StripPair_11           ZeroWireload      tcbn28hpcplusbwp30p140ffg0p99v0c_ccs
StripPair_13           ZeroWireload      tcbn28hpcplusbwp30p140ffg0p99v0c_ccs
StripPair_14           ZeroWireload      tcbn28hpcplusbwp30p140ffg0p99v0c_ccs
StripPair_15           ZeroWireload      tcbn28hpcplusbwp30p140ffg0p99v0c_ccs
StripPair_16           ZeroWireload      tcbn28hpcplusbwp30p140ffg0p99v0c_ccs
StripPair_17           ZeroWireload      tcbn28hpcplusbwp30p140ffg0p99v0c_ccs
StripPair_18           ZeroWireload      tcbn28hpcplusbwp30p140ffg0p99v0c_ccs
StripPair_19           ZeroWireload      tcbn28hpcplusbwp30p140ffg0p99v0c_ccs
StripPair_20           ZeroWireload      tcbn28hpcplusbwp30p140ffg0p99v0c_ccs
StripPair_21           ZeroWireload      tcbn28hpcplusbwp30p140ffg0p99v0c_ccs
StripPair_22           ZeroWireload      tcbn28hpcplusbwp30p140ffg0p99v0c_ccs
StripPair_23           ZeroWireload      tcbn28hpcplusbwp30p140ffg0p99v0c_ccs
StripPair_25           ZeroWireload      tcbn28hpcplusbwp30p140ffg0p99v0c_ccs
StripPair_26           ZeroWireload      tcbn28hpcplusbwp30p140ffg0p99v0c_ccs
StripPair_27           ZeroWireload      tcbn28hpcplusbwp30p140ffg0p99v0c_ccs
StripPair_28           ZeroWireload      tcbn28hpcplusbwp30p140ffg0p99v0c_ccs
StripPair_29           ZeroWireload      tcbn28hpcplusbwp30p140ffg0p99v0c_ccs
StripPair_30           ZeroWireload      tcbn28hpcplusbwp30p140ffg0p99v0c_ccs
StripPair_31           ZeroWireload      tcbn28hpcplusbwp30p140ffg0p99v0c_ccs
StripPair_32           ZeroWireload      tcbn28hpcplusbwp30p140ffg0p99v0c_ccs
StripPair_33           ZeroWireload      tcbn28hpcplusbwp30p140ffg0p99v0c_ccs
StripPair_34           ZeroWireload      tcbn28hpcplusbwp30p140ffg0p99v0c_ccs
StripPair_35           ZeroWireload      tcbn28hpcplusbwp30p140ffg0p99v0c_ccs
StripPair_37           ZeroWireload      tcbn28hpcplusbwp30p140ffg0p99v0c_ccs
StripPair_38           ZeroWireload      tcbn28hpcplusbwp30p140ffg0p99v0c_ccs
StripPair_39           ZeroWireload      tcbn28hpcplusbwp30p140ffg0p99v0c_ccs
StripPair_40           ZeroWireload      tcbn28hpcplusbwp30p140ffg0p99v0c_ccs
StripPair_41           ZeroWireload      tcbn28hpcplusbwp30p140ffg0p99v0c_ccs
StripPair_42           ZeroWireload      tcbn28hpcplusbwp30p140ffg0p99v0c_ccs
StripPair_43           ZeroWireload      tcbn28hpcplusbwp30p140ffg0p99v0c_ccs
StripPair_44           ZeroWireload      tcbn28hpcplusbwp30p140ffg0p99v0c_ccs
StripPair_45           ZeroWireload      tcbn28hpcplusbwp30p140ffg0p99v0c_ccs
StripPair_46           ZeroWireload      tcbn28hpcplusbwp30p140ffg0p99v0c_ccs
StripPair_47           ZeroWireload      tcbn28hpcplusbwp30p140ffg0p99v0c_ccs
StripPair_49           ZeroWireload      tcbn28hpcplusbwp30p140ffg0p99v0c_ccs
StripPair_50           ZeroWireload      tcbn28hpcplusbwp30p140ffg0p99v0c_ccs
StripPair_51           ZeroWireload      tcbn28hpcplusbwp30p140ffg0p99v0c_ccs
StripPair_52           ZeroWireload      tcbn28hpcplusbwp30p140ffg0p99v0c_ccs
StripPair_53           ZeroWireload      tcbn28hpcplusbwp30p140ffg0p99v0c_ccs
StripPair_54           ZeroWireload      tcbn28hpcplusbwp30p140ffg0p99v0c_ccs
StripPair_55           ZeroWireload      tcbn28hpcplusbwp30p140ffg0p99v0c_ccs
StripPair_56           ZeroWireload      tcbn28hpcplusbwp30p140ffg0p99v0c_ccs
StripPair_57           ZeroWireload      tcbn28hpcplusbwp30p140ffg0p99v0c_ccs
StripPair_58           ZeroWireload      tcbn28hpcplusbwp30p140ffg0p99v0c_ccs
StripPair_59           ZeroWireload      tcbn28hpcplusbwp30p140ffg0p99v0c_ccs
StripPair_61           ZeroWireload      tcbn28hpcplusbwp30p140ffg0p99v0c_ccs
StripPair_62           ZeroWireload      tcbn28hpcplusbwp30p140ffg0p99v0c_ccs
StripPair_63           ZeroWireload      tcbn28hpcplusbwp30p140ffg0p99v0c_ccs
StripPair_64           ZeroWireload      tcbn28hpcplusbwp30p140ffg0p99v0c_ccs
StripPair_65           ZeroWireload      tcbn28hpcplusbwp30p140ffg0p99v0c_ccs
StripPair_66           ZeroWireload      tcbn28hpcplusbwp30p140ffg0p99v0c_ccs
StripPair_67           ZeroWireload      tcbn28hpcplusbwp30p140ffg0p99v0c_ccs
StripPair_68           ZeroWireload      tcbn28hpcplusbwp30p140ffg0p99v0c_ccs
StripPair_69           ZeroWireload      tcbn28hpcplusbwp30p140ffg0p99v0c_ccs
StripPair_70           ZeroWireload      tcbn28hpcplusbwp30p140ffg0p99v0c_ccs
StripPair_71           ZeroWireload      tcbn28hpcplusbwp30p140ffg0p99v0c_ccs
StripPair_73           ZeroWireload      tcbn28hpcplusbwp30p140ffg0p99v0c_ccs
StripPair_74           ZeroWireload      tcbn28hpcplusbwp30p140ffg0p99v0c_ccs
StripPair_75           ZeroWireload      tcbn28hpcplusbwp30p140ffg0p99v0c_ccs
StripPair_76           ZeroWireload      tcbn28hpcplusbwp30p140ffg0p99v0c_ccs
StripPair_77           ZeroWireload      tcbn28hpcplusbwp30p140ffg0p99v0c_ccs
StripPair_78           ZeroWireload      tcbn28hpcplusbwp30p140ffg0p99v0c_ccs
StripPair_79           ZeroWireload      tcbn28hpcplusbwp30p140ffg0p99v0c_ccs
StripPair_80           ZeroWireload      tcbn28hpcplusbwp30p140ffg0p99v0c_ccs
StripPair_81           ZeroWireload      tcbn28hpcplusbwp30p140ffg0p99v0c_ccs
StripPair_82           ZeroWireload      tcbn28hpcplusbwp30p140ffg0p99v0c_ccs
StripPair_83           ZeroWireload      tcbn28hpcplusbwp30p140ffg0p99v0c_ccs
StripPair_85           ZeroWireload      tcbn28hpcplusbwp30p140ffg0p99v0c_ccs
StripPair_86           ZeroWireload      tcbn28hpcplusbwp30p140ffg0p99v0c_ccs
StripPair_87           ZeroWireload      tcbn28hpcplusbwp30p140ffg0p99v0c_ccs
StripPair_88           ZeroWireload      tcbn28hpcplusbwp30p140ffg0p99v0c_ccs
StripPair_89           ZeroWireload      tcbn28hpcplusbwp30p140ffg0p99v0c_ccs
StripPair_90           ZeroWireload      tcbn28hpcplusbwp30p140ffg0p99v0c_ccs
StripPair_91           ZeroWireload      tcbn28hpcplusbwp30p140ffg0p99v0c_ccs
StripPair_92           ZeroWireload      tcbn28hpcplusbwp30p140ffg0p99v0c_ccs
StripPair_93           ZeroWireload      tcbn28hpcplusbwp30p140ffg0p99v0c_ccs
StripPair_94           ZeroWireload      tcbn28hpcplusbwp30p140ffg0p99v0c_ccs
StripPair_95           ZeroWireload      tcbn28hpcplusbwp30p140ffg0p99v0c_ccs
StripPair_97           ZeroWireload      tcbn28hpcplusbwp30p140ffg0p99v0c_ccs
StripPair_98           ZeroWireload      tcbn28hpcplusbwp30p140ffg0p99v0c_ccs
StripPair_99           ZeroWireload      tcbn28hpcplusbwp30p140ffg0p99v0c_ccs
StripPair_100          ZeroWireload      tcbn28hpcplusbwp30p140ffg0p99v0c_ccs
StripPair_101          ZeroWireload      tcbn28hpcplusbwp30p140ffg0p99v0c_ccs
StripPair_102          ZeroWireload      tcbn28hpcplusbwp30p140ffg0p99v0c_ccs
StripPair_103          ZeroWireload      tcbn28hpcplusbwp30p140ffg0p99v0c_ccs
StripPair_104          ZeroWireload      tcbn28hpcplusbwp30p140ffg0p99v0c_ccs
StripPair_105          ZeroWireload      tcbn28hpcplusbwp30p140ffg0p99v0c_ccs
StripPair_106          ZeroWireload      tcbn28hpcplusbwp30p140ffg0p99v0c_ccs
StripPair_107          ZeroWireload      tcbn28hpcplusbwp30p140ffg0p99v0c_ccs
StripPair_109          ZeroWireload      tcbn28hpcplusbwp30p140ffg0p99v0c_ccs
StripPair_110          ZeroWireload      tcbn28hpcplusbwp30p140ffg0p99v0c_ccs
StripPair_111          ZeroWireload      tcbn28hpcplusbwp30p140ffg0p99v0c_ccs
StripPair_112          ZeroWireload      tcbn28hpcplusbwp30p140ffg0p99v0c_ccs
StripPair_113          ZeroWireload      tcbn28hpcplusbwp30p140ffg0p99v0c_ccs
StripPair_114          ZeroWireload      tcbn28hpcplusbwp30p140ffg0p99v0c_ccs
StripPair_115          ZeroWireload      tcbn28hpcplusbwp30p140ffg0p99v0c_ccs
StripPair_116          ZeroWireload      tcbn28hpcplusbwp30p140ffg0p99v0c_ccs
StripPair_117          ZeroWireload      tcbn28hpcplusbwp30p140ffg0p99v0c_ccs
StripPair_118          ZeroWireload      tcbn28hpcplusbwp30p140ffg0p99v0c_ccs
StripPair_119          ZeroWireload      tcbn28hpcplusbwp30p140ffg0p99v0c_ccs
StripPair_121          ZeroWireload      tcbn28hpcplusbwp30p140ffg0p99v0c_ccs
StripPair_122          ZeroWireload      tcbn28hpcplusbwp30p140ffg0p99v0c_ccs
StripPair_123          ZeroWireload      tcbn28hpcplusbwp30p140ffg0p99v0c_ccs
StripPair_124          ZeroWireload      tcbn28hpcplusbwp30p140ffg0p99v0c_ccs
StripPair_125          ZeroWireload      tcbn28hpcplusbwp30p140ffg0p99v0c_ccs
StripPair_126          ZeroWireload      tcbn28hpcplusbwp30p140ffg0p99v0c_ccs
StripPair_127          ZeroWireload      tcbn28hpcplusbwp30p140ffg0p99v0c_ccs
StripPair_128          ZeroWireload      tcbn28hpcplusbwp30p140ffg0p99v0c_ccs
StripPair_129          ZeroWireload      tcbn28hpcplusbwp30p140ffg0p99v0c_ccs
StripPair_130          ZeroWireload      tcbn28hpcplusbwp30p140ffg0p99v0c_ccs
StripPair_131          ZeroWireload      tcbn28hpcplusbwp30p140ffg0p99v0c_ccs
StripPair_133          ZeroWireload      tcbn28hpcplusbwp30p140ffg0p99v0c_ccs
StripPair_134          ZeroWireload      tcbn28hpcplusbwp30p140ffg0p99v0c_ccs
StripPair_135          ZeroWireload      tcbn28hpcplusbwp30p140ffg0p99v0c_ccs
StripPair_136          ZeroWireload      tcbn28hpcplusbwp30p140ffg0p99v0c_ccs
StripPair_137          ZeroWireload      tcbn28hpcplusbwp30p140ffg0p99v0c_ccs
StripPair_138          ZeroWireload      tcbn28hpcplusbwp30p140ffg0p99v0c_ccs
StripPair_139          ZeroWireload      tcbn28hpcplusbwp30p140ffg0p99v0c_ccs
StripPair_140          ZeroWireload      tcbn28hpcplusbwp30p140ffg0p99v0c_ccs
StripPair_141          ZeroWireload      tcbn28hpcplusbwp30p140ffg0p99v0c_ccs
StripPair_142          ZeroWireload      tcbn28hpcplusbwp30p140ffg0p99v0c_ccs
StripPair_143          ZeroWireload      tcbn28hpcplusbwp30p140ffg0p99v0c_ccs
StripPair_145          ZeroWireload      tcbn28hpcplusbwp30p140ffg0p99v0c_ccs
StripPair_146          ZeroWireload      tcbn28hpcplusbwp30p140ffg0p99v0c_ccs
StripPair_147          ZeroWireload      tcbn28hpcplusbwp30p140ffg0p99v0c_ccs
StripPair_148          ZeroWireload      tcbn28hpcplusbwp30p140ffg0p99v0c_ccs
StripPair_149          ZeroWireload      tcbn28hpcplusbwp30p140ffg0p99v0c_ccs
StripPair_150          ZeroWireload      tcbn28hpcplusbwp30p140ffg0p99v0c_ccs
StripPair_151          ZeroWireload      tcbn28hpcplusbwp30p140ffg0p99v0c_ccs
StripPair_152          ZeroWireload      tcbn28hpcplusbwp30p140ffg0p99v0c_ccs
StripPair_153          ZeroWireload      tcbn28hpcplusbwp30p140ffg0p99v0c_ccs
StripPair_154          ZeroWireload      tcbn28hpcplusbwp30p140ffg0p99v0c_ccs
StripPair_155          ZeroWireload      tcbn28hpcplusbwp30p140ffg0p99v0c_ccs
StripPair_157          ZeroWireload      tcbn28hpcplusbwp30p140ffg0p99v0c_ccs
StripPair_158          ZeroWireload      tcbn28hpcplusbwp30p140ffg0p99v0c_ccs
StripPair_159          ZeroWireload      tcbn28hpcplusbwp30p140ffg0p99v0c_ccs
StripPair_160          ZeroWireload      tcbn28hpcplusbwp30p140ffg0p99v0c_ccs
StripPair_161          ZeroWireload      tcbn28hpcplusbwp30p140ffg0p99v0c_ccs
StripPair_162          ZeroWireload      tcbn28hpcplusbwp30p140ffg0p99v0c_ccs
StripPair_163          ZeroWireload      tcbn28hpcplusbwp30p140ffg0p99v0c_ccs
StripPair_164          ZeroWireload      tcbn28hpcplusbwp30p140ffg0p99v0c_ccs
StripPair_165          ZeroWireload      tcbn28hpcplusbwp30p140ffg0p99v0c_ccs
StripPair_166          ZeroWireload      tcbn28hpcplusbwp30p140ffg0p99v0c_ccs
StripPair_167          ZeroWireload      tcbn28hpcplusbwp30p140ffg0p99v0c_ccs
StripPair_169          ZeroWireload      tcbn28hpcplusbwp30p140ffg0p99v0c_ccs
StripPair_170          ZeroWireload      tcbn28hpcplusbwp30p140ffg0p99v0c_ccs
StripPair_171          ZeroWireload      tcbn28hpcplusbwp30p140ffg0p99v0c_ccs
StripPair_172          ZeroWireload      tcbn28hpcplusbwp30p140ffg0p99v0c_ccs
StripPair_173          ZeroWireload      tcbn28hpcplusbwp30p140ffg0p99v0c_ccs
StripPair_174          ZeroWireload      tcbn28hpcplusbwp30p140ffg0p99v0c_ccs
StripPair_175          ZeroWireload      tcbn28hpcplusbwp30p140ffg0p99v0c_ccs
StripPair_176          ZeroWireload      tcbn28hpcplusbwp30p140ffg0p99v0c_ccs
StripPair_177          ZeroWireload      tcbn28hpcplusbwp30p140ffg0p99v0c_ccs
StripPair_178          ZeroWireload      tcbn28hpcplusbwp30p140ffg0p99v0c_ccs
StripPair_179          ZeroWireload      tcbn28hpcplusbwp30p140ffg0p99v0c_ccs
StripPair_181          ZeroWireload      tcbn28hpcplusbwp30p140ffg0p99v0c_ccs
StripPair_182          ZeroWireload      tcbn28hpcplusbwp30p140ffg0p99v0c_ccs
StripPair_183          ZeroWireload      tcbn28hpcplusbwp30p140ffg0p99v0c_ccs
StripPair_184          ZeroWireload      tcbn28hpcplusbwp30p140ffg0p99v0c_ccs
StripPair_185          ZeroWireload      tcbn28hpcplusbwp30p140ffg0p99v0c_ccs
StripPair_186          ZeroWireload      tcbn28hpcplusbwp30p140ffg0p99v0c_ccs
StripPair_187          ZeroWireload      tcbn28hpcplusbwp30p140ffg0p99v0c_ccs
StripPair_188          ZeroWireload      tcbn28hpcplusbwp30p140ffg0p99v0c_ccs
StripPair_189          ZeroWireload      tcbn28hpcplusbwp30p140ffg0p99v0c_ccs
StripPair_190          ZeroWireload      tcbn28hpcplusbwp30p140ffg0p99v0c_ccs
StripPair_191          ZeroWireload      tcbn28hpcplusbwp30p140ffg0p99v0c_ccs
StripPair_193          ZeroWireload      tcbn28hpcplusbwp30p140ffg0p99v0c_ccs
StripPair_194          ZeroWireload      tcbn28hpcplusbwp30p140ffg0p99v0c_ccs
StripPair_195          ZeroWireload      tcbn28hpcplusbwp30p140ffg0p99v0c_ccs
StripPair_196          ZeroWireload      tcbn28hpcplusbwp30p140ffg0p99v0c_ccs
StripPair_197          ZeroWireload      tcbn28hpcplusbwp30p140ffg0p99v0c_ccs
StripPair_198          ZeroWireload      tcbn28hpcplusbwp30p140ffg0p99v0c_ccs
StripPair_199          ZeroWireload      tcbn28hpcplusbwp30p140ffg0p99v0c_ccs
StripPair_200          ZeroWireload      tcbn28hpcplusbwp30p140ffg0p99v0c_ccs
StripPair_201          ZeroWireload      tcbn28hpcplusbwp30p140ffg0p99v0c_ccs
StripPair_202          ZeroWireload      tcbn28hpcplusbwp30p140ffg0p99v0c_ccs
StripPair_203          ZeroWireload      tcbn28hpcplusbwp30p140ffg0p99v0c_ccs
StripPair_205          ZeroWireload      tcbn28hpcplusbwp30p140ffg0p99v0c_ccs
StripPair_206          ZeroWireload      tcbn28hpcplusbwp30p140ffg0p99v0c_ccs
StripPair_207          ZeroWireload      tcbn28hpcplusbwp30p140ffg0p99v0c_ccs
StripPair_208          ZeroWireload      tcbn28hpcplusbwp30p140ffg0p99v0c_ccs
StripPair_209          ZeroWireload      tcbn28hpcplusbwp30p140ffg0p99v0c_ccs
StripPair_210          ZeroWireload      tcbn28hpcplusbwp30p140ffg0p99v0c_ccs
StripPair_211          ZeroWireload      tcbn28hpcplusbwp30p140ffg0p99v0c_ccs
StripPair_212          ZeroWireload      tcbn28hpcplusbwp30p140ffg0p99v0c_ccs
StripPair_213          ZeroWireload      tcbn28hpcplusbwp30p140ffg0p99v0c_ccs
StripPair_214          ZeroWireload      tcbn28hpcplusbwp30p140ffg0p99v0c_ccs
StripPair_215          ZeroWireload      tcbn28hpcplusbwp30p140ffg0p99v0c_ccs
StripPair_217          ZeroWireload      tcbn28hpcplusbwp30p140ffg0p99v0c_ccs
StripPair_218          ZeroWireload      tcbn28hpcplusbwp30p140ffg0p99v0c_ccs
StripPair_219          ZeroWireload      tcbn28hpcplusbwp30p140ffg0p99v0c_ccs
StripPair_220          ZeroWireload      tcbn28hpcplusbwp30p140ffg0p99v0c_ccs
StripPair_221          ZeroWireload      tcbn28hpcplusbwp30p140ffg0p99v0c_ccs
StripPair_222          ZeroWireload      tcbn28hpcplusbwp30p140ffg0p99v0c_ccs
StripPair_223          ZeroWireload      tcbn28hpcplusbwp30p140ffg0p99v0c_ccs
StripPair_224          ZeroWireload      tcbn28hpcplusbwp30p140ffg0p99v0c_ccs
StripPair_225          ZeroWireload      tcbn28hpcplusbwp30p140ffg0p99v0c_ccs
StripPair_226          ZeroWireload      tcbn28hpcplusbwp30p140ffg0p99v0c_ccs
StripPair_227          ZeroWireload      tcbn28hpcplusbwp30p140ffg0p99v0c_ccs
StripPair_229          ZeroWireload      tcbn28hpcplusbwp30p140ffg0p99v0c_ccs
StripPair_230          ZeroWireload      tcbn28hpcplusbwp30p140ffg0p99v0c_ccs
StripPair_231          ZeroWireload      tcbn28hpcplusbwp30p140ffg0p99v0c_ccs
StripPair_232          ZeroWireload      tcbn28hpcplusbwp30p140ffg0p99v0c_ccs
StripPair_233          ZeroWireload      tcbn28hpcplusbwp30p140ffg0p99v0c_ccs
StripPair_234          ZeroWireload      tcbn28hpcplusbwp30p140ffg0p99v0c_ccs
StripPair_235          ZeroWireload      tcbn28hpcplusbwp30p140ffg0p99v0c_ccs
StripPair_236          ZeroWireload      tcbn28hpcplusbwp30p140ffg0p99v0c_ccs
StripPair_237          ZeroWireload      tcbn28hpcplusbwp30p140ffg0p99v0c_ccs
StripPair_238          ZeroWireload      tcbn28hpcplusbwp30p140ffg0p99v0c_ccs
StripPair_239          ZeroWireload      tcbn28hpcplusbwp30p140ffg0p99v0c_ccs
StripPair_241          ZeroWireload      tcbn28hpcplusbwp30p140ffg0p99v0c_ccs
StripPair_242          ZeroWireload      tcbn28hpcplusbwp30p140ffg0p99v0c_ccs
StripPair_243          ZeroWireload      tcbn28hpcplusbwp30p140ffg0p99v0c_ccs
StripPair_244          ZeroWireload      tcbn28hpcplusbwp30p140ffg0p99v0c_ccs
StripPair_245          ZeroWireload      tcbn28hpcplusbwp30p140ffg0p99v0c_ccs
StripPair_246          ZeroWireload      tcbn28hpcplusbwp30p140ffg0p99v0c_ccs
StripPair_247          ZeroWireload      tcbn28hpcplusbwp30p140ffg0p99v0c_ccs
StripPair_248          ZeroWireload      tcbn28hpcplusbwp30p140ffg0p99v0c_ccs
StripPair_249          ZeroWireload      tcbn28hpcplusbwp30p140ffg0p99v0c_ccs
StripPair_250          ZeroWireload      tcbn28hpcplusbwp30p140ffg0p99v0c_ccs
StripPair_251          ZeroWireload      tcbn28hpcplusbwp30p140ffg0p99v0c_ccs
StripPair_253          ZeroWireload      tcbn28hpcplusbwp30p140ffg0p99v0c_ccs
StripPair_254          ZeroWireload      tcbn28hpcplusbwp30p140ffg0p99v0c_ccs
StripPair_255          ZeroWireload      tcbn28hpcplusbwp30p140ffg0p99v0c_ccs
StripPair_256          ZeroWireload      tcbn28hpcplusbwp30p140ffg0p99v0c_ccs
StripPair_257          ZeroWireload      tcbn28hpcplusbwp30p140ffg0p99v0c_ccs
StripPair_258          ZeroWireload      tcbn28hpcplusbwp30p140ffg0p99v0c_ccs
StripPair_259          ZeroWireload      tcbn28hpcplusbwp30p140ffg0p99v0c_ccs
StripPair_260          ZeroWireload      tcbn28hpcplusbwp30p140ffg0p99v0c_ccs
StripPair_261          ZeroWireload      tcbn28hpcplusbwp30p140ffg0p99v0c_ccs
StripPair_262          ZeroWireload      tcbn28hpcplusbwp30p140ffg0p99v0c_ccs
StripPair_263          ZeroWireload      tcbn28hpcplusbwp30p140ffg0p99v0c_ccs
StripPair_265          ZeroWireload      tcbn28hpcplusbwp30p140ffg0p99v0c_ccs
StripPair_266          ZeroWireload      tcbn28hpcplusbwp30p140ffg0p99v0c_ccs
StripPair_267          ZeroWireload      tcbn28hpcplusbwp30p140ffg0p99v0c_ccs
StripPair_268          ZeroWireload      tcbn28hpcplusbwp30p140ffg0p99v0c_ccs
StripPair_269          ZeroWireload      tcbn28hpcplusbwp30p140ffg0p99v0c_ccs
StripPair_270          ZeroWireload      tcbn28hpcplusbwp30p140ffg0p99v0c_ccs
StripPair_271          ZeroWireload      tcbn28hpcplusbwp30p140ffg0p99v0c_ccs
StripPair_272          ZeroWireload      tcbn28hpcplusbwp30p140ffg0p99v0c_ccs
StripPair_273          ZeroWireload      tcbn28hpcplusbwp30p140ffg0p99v0c_ccs
StripPair_274          ZeroWireload      tcbn28hpcplusbwp30p140ffg0p99v0c_ccs
StripPair_277          ZeroWireload      tcbn28hpcplusbwp30p140ffg0p99v0c_ccs
StripPair_278          ZeroWireload      tcbn28hpcplusbwp30p140ffg0p99v0c_ccs
StripPair_279          ZeroWireload      tcbn28hpcplusbwp30p140ffg0p99v0c_ccs
StripPair_280          ZeroWireload      tcbn28hpcplusbwp30p140ffg0p99v0c_ccs
StripPair_281          ZeroWireload      tcbn28hpcplusbwp30p140ffg0p99v0c_ccs
StripPair_282          ZeroWireload      tcbn28hpcplusbwp30p140ffg0p99v0c_ccs
StripPair_283          ZeroWireload      tcbn28hpcplusbwp30p140ffg0p99v0c_ccs
StripPair_284          ZeroWireload      tcbn28hpcplusbwp30p140ffg0p99v0c_ccs
StripPair_285          ZeroWireload      tcbn28hpcplusbwp30p140ffg0p99v0c_ccs
StripPair_286          ZeroWireload      tcbn28hpcplusbwp30p140ffg0p99v0c_ccs
StripPair_0            ZeroWireload      tcbn28hpcplusbwp30p140ffg0p99v0c_ccs
StripPair_12           ZeroWireload      tcbn28hpcplusbwp30p140ffg0p99v0c_ccs
StripPair_24           ZeroWireload      tcbn28hpcplusbwp30p140ffg0p99v0c_ccs
StripPair_36           ZeroWireload      tcbn28hpcplusbwp30p140ffg0p99v0c_ccs
StripPair_48           ZeroWireload      tcbn28hpcplusbwp30p140ffg0p99v0c_ccs
StripPair_60           ZeroWireload      tcbn28hpcplusbwp30p140ffg0p99v0c_ccs
StripPair_72           ZeroWireload      tcbn28hpcplusbwp30p140ffg0p99v0c_ccs
StripPair_84           ZeroWireload      tcbn28hpcplusbwp30p140ffg0p99v0c_ccs
StripPair_96           ZeroWireload      tcbn28hpcplusbwp30p140ffg0p99v0c_ccs
StripPair_108          ZeroWireload      tcbn28hpcplusbwp30p140ffg0p99v0c_ccs
StripPair_120          ZeroWireload      tcbn28hpcplusbwp30p140ffg0p99v0c_ccs
StripPair_132          ZeroWireload      tcbn28hpcplusbwp30p140ffg0p99v0c_ccs
StripPair_144          ZeroWireload      tcbn28hpcplusbwp30p140ffg0p99v0c_ccs
StripPair_156          ZeroWireload      tcbn28hpcplusbwp30p140ffg0p99v0c_ccs
StripPair_168          ZeroWireload      tcbn28hpcplusbwp30p140ffg0p99v0c_ccs
StripPair_180          ZeroWireload      tcbn28hpcplusbwp30p140ffg0p99v0c_ccs
StripPair_192          ZeroWireload      tcbn28hpcplusbwp30p140ffg0p99v0c_ccs
StripPair_204          ZeroWireload      tcbn28hpcplusbwp30p140ffg0p99v0c_ccs
StripPair_216          ZeroWireload      tcbn28hpcplusbwp30p140ffg0p99v0c_ccs
StripPair_228          ZeroWireload      tcbn28hpcplusbwp30p140ffg0p99v0c_ccs
StripPair_240          ZeroWireload      tcbn28hpcplusbwp30p140ffg0p99v0c_ccs
StripPair_252          ZeroWireload      tcbn28hpcplusbwp30p140ffg0p99v0c_ccs


Global Operating Voltage = 0.99 
Power-specific unit information :
    Voltage Units = 1V
    Capacitance Units = 1.000000pf
    Time Units = 1ns
    Dynamic Power Units = 1mW    (derived from V,C,T units)
    Leakage Power Units = 1nW


--------------------------------------------------------------------------------
                                       Switch   Int      Leak     Total
Hierarchy                              Power    Power    Power    Power    %
--------------------------------------------------------------------------------
SystolicArray                            26.682  149.985 4.33e+06  180.997 100.0
  pairs_11_23 (StripPair_0)            1.66e-02    0.429 1.44e+04    0.460   0.3
  pairs_10_23 (StripPair_1)            1.94e-02    0.434 1.45e+04    0.468   0.3
  pairs_9_23 (StripPair_2)             2.10e-02    0.435 1.43e+04    0.470   0.3
  pairs_8_23 (StripPair_3)             2.54e-02    0.441 1.43e+04    0.481   0.3
  pairs_7_23 (StripPair_4)             2.94e-02    0.449 1.43e+04    0.493   0.3
  pairs_6_23 (StripPair_5)             3.96e-02    0.460 1.45e+04    0.514   0.3
  pairs_5_23 (StripPair_6)             4.69e-02    0.466 1.44e+04    0.527   0.3
  pairs_4_23 (StripPair_7)             6.42e-02    0.484 1.45e+04    0.563   0.3
  pairs_3_23 (StripPair_8)             8.53e-02    0.509 1.45e+04    0.609   0.3
  pairs_2_23 (StripPair_9)                0.114    0.540 1.44e+04    0.668   0.4
  pairs_1_23 (StripPair_10)               0.163    0.595 1.46e+04    0.772   0.4
  pairs_0_23 (StripPair_11)               0.242    0.692 1.51e+04    0.948   0.5
  pairs_11_22 (StripPair_12)           1.77e-02    0.433 1.51e+04    0.465   0.3
  pairs_10_22 (StripPair_13)           2.08e-02    0.437 1.50e+04    0.472   0.3
  pairs_9_22 (StripPair_14)            2.40e-02    0.447 1.52e+04    0.486   0.3
  pairs_8_22 (StripPair_15)            2.88e-02    0.448 1.51e+04    0.492   0.3
  pairs_7_22 (StripPair_16)            3.44e-02    0.457 1.54e+04    0.507   0.3
  pairs_6_22 (StripPair_17)            4.18e-02    0.460 1.50e+04    0.517   0.3
  pairs_5_22 (StripPair_18)            5.16e-02    0.476 1.52e+04    0.542   0.3
  pairs_4_22 (StripPair_19)            6.60e-02    0.489 1.51e+04    0.570   0.3
  pairs_3_22 (StripPair_20)            9.32e-02    0.519 1.52e+04    0.627   0.3
  pairs_2_22 (StripPair_21)               0.122    0.553 1.52e+04    0.690   0.4
  pairs_1_22 (StripPair_22)               0.167    0.602 1.51e+04    0.783   0.4
  pairs_0_22 (StripPair_23)               0.228    0.674 1.46e+04    0.917   0.5
  pairs_11_21 (StripPair_24)           1.89e-02    0.430 1.53e+04    0.464   0.3
  pairs_10_21 (StripPair_25)           2.13e-02    0.445 1.51e+04    0.481   0.3
  pairs_9_21 (StripPair_26)            2.54e-02    0.443 1.50e+04    0.483   0.3
  pairs_8_21 (StripPair_27)            2.84e-02    0.451 1.53e+04    0.495   0.3
  pairs_7_21 (StripPair_28)            3.29e-02    0.452 1.51e+04    0.500   0.3
  pairs_6_21 (StripPair_29)            4.39e-02    0.466 1.52e+04    0.525   0.3
  pairs_5_21 (StripPair_30)            5.31e-02    0.473 1.54e+04    0.542   0.3
  pairs_4_21 (StripPair_31)            6.51e-02    0.491 1.50e+04    0.571   0.3
  pairs_3_21 (StripPair_32)            9.29e-02    0.526 1.52e+04    0.634   0.4
  pairs_2_21 (StripPair_33)               0.122    0.551 1.52e+04    0.688   0.4
  pairs_1_21 (StripPair_34)               0.172    0.610 1.53e+04    0.796   0.4
  pairs_0_21 (StripPair_35)               0.234    0.681 1.46e+04    0.929   0.5
  pairs_11_20 (StripPair_36)           2.12e-02    0.441 1.52e+04    0.477   0.3
  pairs_10_20 (StripPair_37)           2.28e-02    0.442 1.52e+04    0.480   0.3
  pairs_9_20 (StripPair_38)            2.62e-02    0.448 1.54e+04    0.490   0.3
  pairs_8_20 (StripPair_39)            2.97e-02    0.451 1.51e+04    0.496   0.3
  pairs_7_20 (StripPair_40)            3.33e-02    0.459 1.52e+04    0.507   0.3
  pairs_6_20 (StripPair_41)            4.11e-02    0.463 1.52e+04    0.520   0.3
  pairs_5_20 (StripPair_42)            5.32e-02    0.475 1.52e+04    0.544   0.3
  pairs_4_20 (StripPair_43)            6.72e-02    0.496 1.49e+04    0.578   0.3
  pairs_3_20 (StripPair_44)            9.23e-02    0.520 1.53e+04    0.628   0.3
  pairs_2_20 (StripPair_45)               0.127    0.555 1.52e+04    0.697   0.4
  pairs_1_20 (StripPair_46)               0.165    0.603 1.52e+04    0.784   0.4
  pairs_0_20 (StripPair_47)               0.234    0.680 1.49e+04    0.929   0.5
  pairs_11_19 (StripPair_48)           2.28e-02    0.440 1.51e+04    0.478   0.3
  pairs_10_19 (StripPair_49)           2.46e-02    0.445 1.52e+04    0.485   0.3
  pairs_9_19 (StripPair_50)            2.78e-02    0.453 1.52e+04    0.496   0.3
  pairs_8_19 (StripPair_51)            3.08e-02    0.450 1.53e+04    0.496   0.3
  pairs_7_19 (StripPair_52)            3.76e-02    0.456 1.51e+04    0.508   0.3
  pairs_6_19 (StripPair_53)            4.34e-02    0.465 1.52e+04    0.524   0.3
  pairs_5_19 (StripPair_54)            5.39e-02    0.483 1.50e+04    0.552   0.3
  pairs_4_19 (StripPair_55)            7.20e-02    0.498 1.52e+04    0.586   0.3
  pairs_3_19 (StripPair_56)            9.31e-02    0.524 1.55e+04    0.632   0.3
  pairs_2_19 (StripPair_57)               0.125    0.557 1.53e+04    0.697   0.4
  pairs_1_19 (StripPair_58)               0.170    0.611 1.50e+04    0.796   0.4
  pairs_0_19 (StripPair_59)               0.238    0.679 1.47e+04    0.932   0.5
  pairs_11_18 (StripPair_60)           2.59e-02    0.439 1.50e+04    0.480   0.3
  pairs_10_18 (StripPair_61)           2.61e-02    0.447 1.50e+04    0.488   0.3
  pairs_9_18 (StripPair_62)            2.90e-02    0.448 1.48e+04    0.492   0.3
  pairs_8_18 (StripPair_63)            3.45e-02    0.454 1.53e+04    0.504   0.3
  pairs_7_18 (StripPair_64)            3.86e-02    0.455 1.50e+04    0.508   0.3
  pairs_6_18 (StripPair_65)            4.86e-02    0.469 1.53e+04    0.533   0.3
  pairs_5_18 (StripPair_66)            6.00e-02    0.486 1.52e+04    0.561   0.3
  pairs_4_18 (StripPair_67)            7.39e-02    0.502 1.52e+04    0.591   0.3
  pairs_3_18 (StripPair_68)            9.48e-02    0.524 1.53e+04    0.634   0.4
  pairs_2_18 (StripPair_69)               0.125    0.556 1.51e+04    0.695   0.4
  pairs_1_18 (StripPair_70)               0.169    0.607 1.53e+04    0.791   0.4
  pairs_0_18 (StripPair_71)               0.234    0.678 1.48e+04    0.927   0.5
  pairs_11_17 (StripPair_72)           3.03e-02    0.446 1.49e+04    0.492   0.3
  pairs_10_17 (StripPair_73)           3.16e-02    0.452 1.50e+04    0.499   0.3
  pairs_9_17 (StripPair_74)            3.29e-02    0.455 1.52e+04    0.503   0.3
  pairs_8_17 (StripPair_75)            3.93e-02    0.459 1.51e+04    0.513   0.3
  pairs_7_17 (StripPair_76)            4.29e-02    0.468 1.53e+04    0.527   0.3
  pairs_6_17 (StripPair_77)            5.28e-02    0.477 1.53e+04    0.545   0.3
  pairs_5_17 (StripPair_78)            6.18e-02    0.484 1.52e+04    0.561   0.3
  pairs_4_17 (StripPair_79)            7.76e-02    0.505 1.52e+04    0.598   0.3
  pairs_3_17 (StripPair_80)            9.87e-02    0.533 1.55e+04    0.647   0.4
  pairs_2_17 (StripPair_81)               0.138    0.571 1.54e+04    0.725   0.4
  pairs_1_17 (StripPair_82)               0.175    0.616 1.54e+04    0.806   0.4
  pairs_0_17 (StripPair_83)               0.244    0.689 1.47e+04    0.948   0.5
  pairs_11_16 (StripPair_84)           3.64e-02    0.454 1.51e+04    0.505   0.3
  pairs_10_16 (StripPair_85)           3.95e-02    0.462 1.51e+04    0.516   0.3
  pairs_9_16 (StripPair_86)            4.11e-02    0.460 1.51e+04    0.517   0.3
  pairs_8_16 (StripPair_87)            4.67e-02    0.468 1.50e+04    0.530   0.3
  pairs_7_16 (StripPair_88)            5.27e-02    0.478 1.51e+04    0.545   0.3
  pairs_6_16 (StripPair_89)            5.90e-02    0.479 1.50e+04    0.553   0.3
  pairs_5_16 (StripPair_90)            6.96e-02    0.495 1.53e+04    0.580   0.3
  pairs_4_16 (StripPair_91)            8.27e-02    0.510 1.50e+04    0.608   0.3
  pairs_3_16 (StripPair_92)               0.106    0.535 1.54e+04    0.656   0.4
  pairs_2_16 (StripPair_93)               0.141    0.576 1.54e+04    0.732   0.4
  pairs_1_16 (StripPair_94)               0.184    0.626 1.53e+04    0.826   0.5
  pairs_0_16 (StripPair_95)               0.248    0.686 1.46e+04    0.949   0.5
  pairs_11_15 (StripPair_96)           4.57e-02    0.466 1.51e+04    0.526   0.3
  pairs_10_15 (StripPair_97)           4.95e-02    0.471 1.52e+04    0.535   0.3
  pairs_9_15 (StripPair_98)            5.11e-02    0.475 1.52e+04    0.541   0.3
  pairs_8_15 (StripPair_99)            5.67e-02    0.478 1.53e+04    0.550   0.3
  pairs_7_15 (StripPair_100)           6.27e-02    0.489 1.54e+04    0.568   0.3
  pairs_6_15 (StripPair_101)           6.72e-02    0.491 1.50e+04    0.573   0.3
  pairs_5_15 (StripPair_102)           7.90e-02    0.508 1.51e+04    0.602   0.3
  pairs_4_15 (StripPair_103)           9.26e-02    0.522 1.50e+04    0.630   0.3
  pairs_3_15 (StripPair_104)              0.118    0.549 1.52e+04    0.682   0.4
  pairs_2_15 (StripPair_105)              0.152    0.589 1.52e+04    0.756   0.4
  pairs_1_15 (StripPair_106)              0.193    0.634 1.51e+04    0.841   0.5
  pairs_0_15 (StripPair_107)              0.259    0.709 1.48e+04    0.983   0.5
  pairs_11_14 (StripPair_108)          6.09e-02    0.482 1.50e+04    0.558   0.3
  pairs_10_14 (StripPair_109)          6.20e-02    0.485 1.50e+04    0.562   0.3
  pairs_9_14 (StripPair_110)           6.48e-02    0.489 1.52e+04    0.569   0.3
  pairs_8_14 (StripPair_111)           6.93e-02    0.497 1.53e+04    0.582   0.3
  pairs_7_14 (StripPair_112)           7.75e-02    0.505 1.54e+04    0.598   0.3
  pairs_6_14 (StripPair_113)           8.17e-02    0.509 1.50e+04    0.605   0.3
  pairs_5_14 (StripPair_114)           9.32e-02    0.523 1.52e+04    0.632   0.3
  pairs_4_14 (StripPair_115)              0.107    0.534 1.51e+04    0.656   0.4
  pairs_3_14 (StripPair_116)              0.130    0.561 1.53e+04    0.707   0.4
  pairs_2_14 (StripPair_117)              0.165    0.603 1.54e+04    0.783   0.4
  pairs_1_14 (StripPair_118)              0.213    0.652 1.54e+04    0.880   0.5
  pairs_0_14 (StripPair_119)              0.271    0.722 1.48e+04    1.008   0.6
  pairs_11_13 (StripPair_120)          7.77e-02    0.500 1.48e+04    0.592   0.3
  pairs_10_13 (StripPair_121)          7.73e-02    0.502 1.47e+04    0.594   0.3
  pairs_9_13 (StripPair_122)           7.98e-02    0.505 1.48e+04    0.600   0.3
  pairs_8_13 (StripPair_123)           8.53e-02    0.509 1.47e+04    0.609   0.3
  pairs_7_13 (StripPair_124)           8.89e-02    0.513 1.46e+04    0.617   0.3
  pairs_6_13 (StripPair_125)           9.65e-02    0.525 1.48e+04    0.636   0.4
  pairs_5_13 (StripPair_126)              0.106    0.533 1.45e+04    0.654   0.4
  pairs_4_13 (StripPair_127)              0.117    0.545 1.46e+04    0.677   0.4
  pairs_3_13 (StripPair_128)              0.143    0.581 1.47e+04    0.739   0.4
  pairs_2_13 (StripPair_129)              0.173    0.613 1.46e+04    0.801   0.4
  pairs_1_13 (StripPair_130)              0.217    0.654 1.49e+04    0.886   0.5
  pairs_0_13 (StripPair_131)              0.300    0.751 1.51e+04    1.067   0.6
  pairs_11_12 (StripPair_132)          7.24e-02    0.500 1.46e+04    0.587   0.3
  pairs_10_12 (StripPair_133)          7.65e-02    0.506 1.46e+04    0.597   0.3
  pairs_9_12 (StripPair_134)           7.80e-02    0.508 1.49e+04    0.601   0.3
  pairs_8_12 (StripPair_135)           8.27e-02    0.513 1.48e+04    0.611   0.3
  pairs_7_12 (StripPair_136)           9.12e-02    0.526 1.49e+04    0.632   0.3
  pairs_6_12 (StripPair_137)           9.78e-02    0.529 1.47e+04    0.641   0.4
  pairs_5_12 (StripPair_138)              0.110    0.543 1.48e+04    0.668   0.4
  pairs_4_12 (StripPair_139)              0.125    0.561 1.50e+04    0.701   0.4
  pairs_3_12 (StripPair_140)              0.157    0.594 1.48e+04    0.766   0.4
  pairs_2_12 (StripPair_141)              0.191    0.638 1.48e+04    0.844   0.5
  pairs_1_12 (StripPair_142)              0.244    0.689 1.49e+04    0.948   0.5
  pairs_0_12 (StripPair_143)              0.322    0.787 1.54e+04    1.124   0.6
  pairs_11_11 (StripPair_144)          1.87e-02    0.431 1.51e+04    0.465   0.3
  pairs_10_11 (StripPair_145)          1.99e-02    0.443 1.52e+04    0.479   0.3
  pairs_9_11 (StripPair_146)           2.15e-02    0.448 1.52e+04    0.484   0.3
  pairs_8_11 (StripPair_147)           2.71e-02    0.452 1.52e+04    0.494   0.3
  pairs_7_11 (StripPair_148)           3.16e-02    0.449 1.51e+04    0.496   0.3
  pairs_6_11 (StripPair_149)           4.04e-02    0.464 1.52e+04    0.519   0.3
  pairs_5_11 (StripPair_150)           5.30e-02    0.475 1.52e+04    0.543   0.3
  pairs_4_11 (StripPair_151)           6.75e-02    0.491 1.51e+04    0.574   0.3
  pairs_3_11 (StripPair_152)           9.29e-02    0.519 1.52e+04    0.627   0.3
  pairs_2_11 (StripPair_153)              0.123    0.553 1.50e+04    0.691   0.4
  pairs_1_11 (StripPair_154)              0.173    0.612 1.53e+04    0.800   0.4
  pairs_0_11 (StripPair_155)              0.229    0.672 1.45e+04    0.916   0.5
  pairs_11_10 (StripPair_156)          1.83e-02    0.428 1.50e+04    0.461   0.3
  pairs_10_10 (StripPair_157)          2.01e-02    0.437 1.50e+04    0.472   0.3
  pairs_9_10 (StripPair_158)           2.21e-02    0.442 1.51e+04    0.479   0.3
  pairs_8_10 (StripPair_159)           2.70e-02    0.449 1.51e+04    0.491   0.3
  pairs_7_10 (StripPair_160)           3.18e-02    0.455 1.51e+04    0.502   0.3
  pairs_6_10 (StripPair_161)           3.82e-02    0.457 1.51e+04    0.510   0.3
  pairs_5_10 (StripPair_162)           5.20e-02    0.472 1.50e+04    0.539   0.3
  pairs_4_10 (StripPair_163)           6.66e-02    0.494 1.54e+04    0.575   0.3
  pairs_3_10 (StripPair_164)           8.78e-02    0.517 1.51e+04    0.619   0.3
  pairs_2_10 (StripPair_165)              0.123    0.561 1.51e+04    0.699   0.4
  pairs_1_10 (StripPair_166)              0.171    0.604 1.51e+04    0.790   0.4
  pairs_0_10 (StripPair_167)              0.236    0.683 1.47e+04    0.934   0.5
  pairs_11_9 (StripPair_168)           1.71e-02    0.432 1.50e+04    0.464   0.3
  pairs_10_9 (StripPair_169)           2.14e-02    0.437 1.57e+04    0.475   0.3
  pairs_9_9 (StripPair_170)            2.18e-02    0.440 1.51e+04    0.477   0.3
  pairs_8_9 (StripPair_171)            2.68e-02    0.448 1.51e+04    0.490   0.3
  pairs_7_9 (StripPair_172)            3.15e-02    0.457 1.53e+04    0.504   0.3
  pairs_6_9 (StripPair_173)            4.19e-02    0.466 1.53e+04    0.523   0.3
  pairs_5_9 (StripPair_174)            5.07e-02    0.470 1.50e+04    0.536   0.3
  pairs_4_9 (StripPair_175)            6.84e-02    0.493 1.52e+04    0.577   0.3
  pairs_3_9 (StripPair_176)            9.10e-02    0.516 1.51e+04    0.622   0.3
  pairs_2_9 (StripPair_177)               0.126    0.559 1.54e+04    0.700   0.4
  pairs_1_9 (StripPair_178)               0.173    0.610 1.51e+04    0.798   0.4
  pairs_0_9 (StripPair_179)               0.230    0.676 1.46e+04    0.920   0.5
  pairs_11_8 (StripPair_180)           2.03e-02    0.439 1.49e+04    0.474   0.3
  pairs_10_8 (StripPair_181)           2.32e-02    0.439 1.51e+04    0.477   0.3
  pairs_9_8 (StripPair_182)            2.47e-02    0.447 1.51e+04    0.487   0.3
  pairs_8_8 (StripPair_183)            3.05e-02    0.453 1.53e+04    0.499   0.3
  pairs_7_8 (StripPair_184)            3.32e-02    0.451 1.52e+04    0.499   0.3
  pairs_6_8 (StripPair_185)            4.25e-02    0.465 1.53e+04    0.522   0.3
  pairs_5_8 (StripPair_186)            5.04e-02    0.474 1.52e+04    0.540   0.3
  pairs_4_8 (StripPair_187)            6.75e-02    0.490 1.53e+04    0.573   0.3
  pairs_3_8 (StripPair_188)            8.94e-02    0.518 1.52e+04    0.623   0.3
  pairs_2_8 (StripPair_189)               0.123    0.555 1.53e+04    0.694   0.4
  pairs_1_8 (StripPair_190)               0.170    0.609 1.53e+04    0.794   0.4
  pairs_0_8 (StripPair_191)               0.239    0.686 1.49e+04    0.940   0.5
  pairs_11_7 (StripPair_192)           2.14e-02    0.434 1.50e+04    0.470   0.3
  pairs_10_7 (StripPair_193)           2.47e-02    0.444 1.51e+04    0.484   0.3
  pairs_9_7 (StripPair_194)            2.55e-02    0.446 1.51e+04    0.487   0.3
  pairs_8_7 (StripPair_195)            2.95e-02    0.448 1.51e+04    0.493   0.3
  pairs_7_7 (StripPair_196)            3.75e-02    0.461 1.53e+04    0.514   0.3
  pairs_6_7 (StripPair_197)            4.14e-02    0.462 1.52e+04    0.518   0.3
  pairs_5_7 (StripPair_198)            5.22e-02    0.477 1.51e+04    0.544   0.3
  pairs_4_7 (StripPair_199)            7.06e-02    0.494 1.52e+04    0.580   0.3
  pairs_3_7 (StripPair_200)            9.17e-02    0.522 1.53e+04    0.629   0.3
  pairs_2_7 (StripPair_201)               0.124    0.558 1.54e+04    0.697   0.4
  pairs_1_7 (StripPair_202)               0.173    0.611 1.51e+04    0.799   0.4
  pairs_0_7 (StripPair_203)               0.236    0.681 1.47e+04    0.933   0.5
  pairs_11_6 (StripPair_204)           2.44e-02    0.440 1.51e+04    0.479   0.3
  pairs_10_6 (StripPair_205)           2.68e-02    0.448 1.53e+04    0.490   0.3
  pairs_9_6 (StripPair_206)            2.70e-02    0.450 1.53e+04    0.492   0.3
  pairs_8_6 (StripPair_207)            3.23e-02    0.454 1.49e+04    0.501   0.3
  pairs_7_6 (StripPair_208)            3.78e-02    0.457 1.52e+04    0.510   0.3
  pairs_6_6 (StripPair_209)            4.62e-02    0.471 1.54e+04    0.533   0.3
  pairs_5_6 (StripPair_210)            5.58e-02    0.480 1.51e+04    0.551   0.3
  pairs_4_6 (StripPair_211)            7.11e-02    0.494 1.52e+04    0.580   0.3
  pairs_3_6 (StripPair_212)            9.46e-02    0.521 1.52e+04    0.631   0.3
  pairs_2_6 (StripPair_213)               0.127    0.562 1.51e+04    0.704   0.4
  pairs_1_6 (StripPair_214)               0.173    0.611 1.53e+04    0.800   0.4
  pairs_0_6 (StripPair_215)               0.239    0.684 1.48e+04    0.938   0.5
  pairs_11_5 (StripPair_216)           2.83e-02    0.444 1.52e+04    0.487   0.3
  pairs_10_5 (StripPair_217)           3.11e-02    0.451 1.50e+04    0.497   0.3
  pairs_9_5 (StripPair_218)            3.10e-02    0.453 1.53e+04    0.499   0.3
  pairs_8_5 (StripPair_219)            3.82e-02    0.461 1.53e+04    0.515   0.3
  pairs_7_5 (StripPair_220)            4.22e-02    0.466 1.51e+04    0.523   0.3
  pairs_6_5 (StripPair_221)            4.91e-02    0.471 1.50e+04    0.535   0.3
  pairs_5_5 (StripPair_222)            6.15e-02    0.481 1.50e+04    0.557   0.3
  pairs_4_5 (StripPair_223)            7.56e-02    0.501 1.51e+04    0.592   0.3
  pairs_3_5 (StripPair_224)               0.100    0.528 1.54e+04    0.643   0.4
  pairs_2_5 (StripPair_225)               0.127    0.556 1.52e+04    0.699   0.4
  pairs_1_5 (StripPair_226)               0.176    0.615 1.54e+04    0.807   0.4
  pairs_0_5 (StripPair_227)               0.239    0.690 1.47e+04    0.943   0.5
  pairs_11_4 (StripPair_228)           3.60e-02    0.451 1.52e+04    0.503   0.3
  pairs_10_4 (StripPair_229)           3.62e-02    0.459 1.51e+04    0.510   0.3
  pairs_9_4 (StripPair_230)            3.62e-02    0.458 1.51e+04    0.509   0.3
  pairs_8_4 (StripPair_231)            4.37e-02    0.466 1.51e+04    0.525   0.3
  pairs_7_4 (StripPair_232)            5.08e-02    0.475 1.51e+04    0.541   0.3
  pairs_6_4 (StripPair_233)            5.75e-02    0.480 1.52e+04    0.552   0.3
  pairs_5_4 (StripPair_234)            6.59e-02    0.490 1.51e+04    0.571   0.3
  pairs_4_4 (StripPair_235)            8.36e-02    0.507 1.52e+04    0.606   0.3
  pairs_3_4 (StripPair_236)               0.107    0.534 1.52e+04    0.657   0.4
  pairs_2_4 (StripPair_237)               0.136    0.566 1.52e+04    0.717   0.4
  pairs_1_4 (StripPair_238)               0.180    0.617 1.53e+04    0.813   0.4
  pairs_0_4 (StripPair_239)               0.246    0.689 1.47e+04    0.950   0.5
  pairs_11_3 (StripPair_240)           4.55e-02    0.463 1.52e+04    0.524   0.3
  pairs_10_3 (StripPair_241)           4.65e-02    0.467 1.50e+04    0.529   0.3
  pairs_9_3 (StripPair_242)            4.84e-02    0.475 1.51e+04    0.538   0.3
  pairs_8_3 (StripPair_243)            5.49e-02    0.480 1.56e+04    0.550   0.3
  pairs_7_3 (StripPair_244)            5.99e-02    0.487 1.51e+04    0.562   0.3
  pairs_6_3 (StripPair_245)            6.58e-02    0.491 1.52e+04    0.572   0.3
  pairs_5_3 (StripPair_246)            7.87e-02    0.506 1.53e+04    0.600   0.3
  pairs_4_3 (StripPair_247)            9.15e-02    0.517 1.54e+04    0.624   0.3
  pairs_3_3 (StripPair_248)               0.114    0.543 1.49e+04    0.672   0.4
  pairs_2_3 (StripPair_249)               0.142    0.576 1.52e+04    0.734   0.4
  pairs_1_3 (StripPair_250)               0.190    0.631 1.51e+04    0.837   0.5
  pairs_0_3 (StripPair_251)               0.256    0.708 1.49e+04    0.979   0.5
  pairs_11_2 (StripPair_252)           6.04e-02    0.482 1.50e+04    0.557   0.3
  pairs_10_2 (StripPair_253)           6.26e-02    0.487 1.51e+04    0.565   0.3
  pairs_9_2 (StripPair_254)            6.06e-02    0.484 1.50e+04    0.559   0.3
  pairs_8_2 (StripPair_255)            6.59e-02    0.489 1.52e+04    0.570   0.3
  pairs_7_2 (StripPair_256)            7.32e-02    0.500 1.51e+04    0.589   0.3
  pairs_6_2 (StripPair_257)            7.91e-02    0.505 1.49e+04    0.599   0.3
  pairs_5_2 (StripPair_258)            8.79e-02    0.515 1.51e+04    0.618   0.3
  pairs_4_2 (StripPair_259)               0.107    0.536 1.53e+04    0.658   0.4
  pairs_3_2 (StripPair_260)               0.125    0.561 1.52e+04    0.702   0.4
  pairs_2_2 (StripPair_261)               0.160    0.598 1.54e+04    0.773   0.4
  pairs_1_2 (StripPair_262)               0.202    0.640 1.50e+04    0.858   0.5
  pairs_0_2 (StripPair_263)               0.273    0.724 1.48e+04    1.012   0.6
  pairs_11_1 (StripPair_264)           7.53e-02    0.495 1.49e+04    0.585   0.3
  pairs_10_1 (StripPair_265)           7.74e-02    0.501 1.52e+04    0.593   0.3
  pairs_9_1 (StripPair_266)            8.03e-02    0.512 1.51e+04    0.607   0.3
  pairs_8_1 (StripPair_267)            8.26e-02    0.510 1.51e+04    0.608   0.3
  pairs_7_1 (StripPair_268)            9.07e-02    0.523 1.52e+04    0.629   0.3
  pairs_6_1 (StripPair_269)            9.86e-02    0.529 1.50e+04    0.642   0.4
  pairs_5_1 (StripPair_270)               0.108    0.535 1.55e+04    0.659   0.4
  pairs_4_1 (StripPair_271)               0.123    0.555 1.54e+04    0.693   0.4
  pairs_3_1 (StripPair_272)               0.143    0.574 1.52e+04    0.733   0.4
  pairs_2_1 (StripPair_273)               0.177    0.611 1.50e+04    0.803   0.4
  pairs_1_1 (StripPair_274)               0.216    0.661 1.51e+04    0.892   0.5
  pairs_0_1 (StripPair_275)               0.284    0.733 1.49e+04    1.031   0.6
  pairs_11 (StripPair_276)             7.40e-02    0.501 1.36e+04    0.589   0.3
  pairs_10 (StripPair_277)             7.63e-02    0.507 1.37e+04    0.597   0.3
  pairs_9 (StripPair_278)              7.83e-02    0.514 1.38e+04    0.606   0.3
  pairs_8 (StripPair_279)              8.11e-02    0.517 1.37e+04    0.612   0.3
  pairs_7 (StripPair_280)              8.66e-02    0.523 1.38e+04    0.624   0.3
  pairs_6 (StripPair_281)              9.53e-02    0.532 1.38e+04    0.641   0.4
  pairs_5 (StripPair_282)                 0.106    0.542 1.38e+04    0.662   0.4
  pairs_4 (StripPair_283)                 0.119    0.557 1.37e+04    0.689   0.4
  pairs_3 (StripPair_284)                 0.140    0.584 1.38e+04    0.737   0.4
  pairs_2 (StripPair_285)                 0.172    0.617 1.38e+04    0.803   0.4
  pairs_1 (StripPair_286)                 0.207    0.660 1.38e+04    0.880   0.5
  pairs_0 (StripPair_287)                 0.280    0.747 1.40e+04    1.041   0.6
1
