Information: Updating design information... (UID-85)
Warning: Design 'SystolicArray' contains 2 high-fanout nets. A fanout number of 1000 will be used for delay calculations involving these nets. (TIM-134)
 
****************************************
Report : timing
        -path full
        -delay max
        -nets
        -max_paths 1
        -transition_time
Design : SystolicArray
Version: V-2023.12
Date   : Tue Apr  7 05:39:59 2026
****************************************

 # A fanout number of 1000 was used for high fanout net computations.

Operating Conditions: ffg0p99v0c   Library: tcbn28hpcplusbwp30p140ffg0p99v0c_ccs
Wire Load Model Mode: segmented

  Startpoint: pairs_7_4/left/regS_bits_reg[6]
              (rising edge-triggered flip-flop clocked by ideal_clock1)
  Endpoint: pairs_7_4/right/regS_bits_reg[10]
            (rising edge-triggered flip-flop clocked by ideal_clock1)
  Path Group: ideal_clock1
  Path Type: max

  Des/Clust/Port     Wire Load Model       Library
  ------------------------------------------------
  StripPair_252      ZeroWireload          tcbn28hpcplusbwp30p140ffg0p99v0c_ccs
  StripPair_240      ZeroWireload          tcbn28hpcplusbwp30p140ffg0p99v0c_ccs
  StripPair_228      ZeroWireload          tcbn28hpcplusbwp30p140ffg0p99v0c_ccs
  StripPair_216      ZeroWireload          tcbn28hpcplusbwp30p140ffg0p99v0c_ccs
  StripPair_204      ZeroWireload          tcbn28hpcplusbwp30p140ffg0p99v0c_ccs
  StripPair_192      ZeroWireload          tcbn28hpcplusbwp30p140ffg0p99v0c_ccs
  StripPair_180      ZeroWireload          tcbn28hpcplusbwp30p140ffg0p99v0c_ccs
  StripPair_168      ZeroWireload          tcbn28hpcplusbwp30p140ffg0p99v0c_ccs
  StripPair_156      ZeroWireload          tcbn28hpcplusbwp30p140ffg0p99v0c_ccs
  StripPair_144      ZeroWireload          tcbn28hpcplusbwp30p140ffg0p99v0c_ccs
  StripPair_132      ZeroWireload          tcbn28hpcplusbwp30p140ffg0p99v0c_ccs
  StripPair_120      ZeroWireload          tcbn28hpcplusbwp30p140ffg0p99v0c_ccs
  StripPair_108      ZeroWireload          tcbn28hpcplusbwp30p140ffg0p99v0c_ccs
  StripPair_96       ZeroWireload          tcbn28hpcplusbwp30p140ffg0p99v0c_ccs
  StripPair_84       ZeroWireload          tcbn28hpcplusbwp30p140ffg0p99v0c_ccs
  StripPair_72       ZeroWireload          tcbn28hpcplusbwp30p140ffg0p99v0c_ccs
  StripPair_60       ZeroWireload          tcbn28hpcplusbwp30p140ffg0p99v0c_ccs
  StripPair_48       ZeroWireload          tcbn28hpcplusbwp30p140ffg0p99v0c_ccs
  StripPair_36       ZeroWireload          tcbn28hpcplusbwp30p140ffg0p99v0c_ccs
  StripPair_24       ZeroWireload          tcbn28hpcplusbwp30p140ffg0p99v0c_ccs
  StripPair_12       ZeroWireload          tcbn28hpcplusbwp30p140ffg0p99v0c_ccs
  StripPair_0        ZeroWireload          tcbn28hpcplusbwp30p140ffg0p99v0c_ccs
  StripPair_286      ZeroWireload          tcbn28hpcplusbwp30p140ffg0p99v0c_ccs
  StripPair_285      ZeroWireload          tcbn28hpcplusbwp30p140ffg0p99v0c_ccs
  StripPair_284      ZeroWireload          tcbn28hpcplusbwp30p140ffg0p99v0c_ccs
  StripPair_283      ZeroWireload          tcbn28hpcplusbwp30p140ffg0p99v0c_ccs
  StripPair_282      ZeroWireload          tcbn28hpcplusbwp30p140ffg0p99v0c_ccs
  StripPair_281      ZeroWireload          tcbn28hpcplusbwp30p140ffg0p99v0c_ccs
  StripPair_280      ZeroWireload          tcbn28hpcplusbwp30p140ffg0p99v0c_ccs
  StripPair_279      ZeroWireload          tcbn28hpcplusbwp30p140ffg0p99v0c_ccs
  StripPair_278      ZeroWireload          tcbn28hpcplusbwp30p140ffg0p99v0c_ccs
  StripPair_277      ZeroWireload          tcbn28hpcplusbwp30p140ffg0p99v0c_ccs
  StripPair_274      ZeroWireload          tcbn28hpcplusbwp30p140ffg0p99v0c_ccs
  StripPair_273      ZeroWireload          tcbn28hpcplusbwp30p140ffg0p99v0c_ccs
  StripPair_272      ZeroWireload          tcbn28hpcplusbwp30p140ffg0p99v0c_ccs
  StripPair_271      ZeroWireload          tcbn28hpcplusbwp30p140ffg0p99v0c_ccs
  StripPair_270      ZeroWireload          tcbn28hpcplusbwp30p140ffg0p99v0c_ccs
  StripPair_269      ZeroWireload          tcbn28hpcplusbwp30p140ffg0p99v0c_ccs
  StripPair_268      ZeroWireload          tcbn28hpcplusbwp30p140ffg0p99v0c_ccs
  StripPair_267      ZeroWireload          tcbn28hpcplusbwp30p140ffg0p99v0c_ccs
  StripPair_266      ZeroWireload          tcbn28hpcplusbwp30p140ffg0p99v0c_ccs
  StripPair_265      ZeroWireload          tcbn28hpcplusbwp30p140ffg0p99v0c_ccs
  StripPair_263      ZeroWireload          tcbn28hpcplusbwp30p140ffg0p99v0c_ccs
  StripPair_262      ZeroWireload          tcbn28hpcplusbwp30p140ffg0p99v0c_ccs
  StripPair_261      ZeroWireload          tcbn28hpcplusbwp30p140ffg0p99v0c_ccs
  StripPair_260      ZeroWireload          tcbn28hpcplusbwp30p140ffg0p99v0c_ccs
  StripPair_259      ZeroWireload          tcbn28hpcplusbwp30p140ffg0p99v0c_ccs
  StripPair_258      ZeroWireload          tcbn28hpcplusbwp30p140ffg0p99v0c_ccs
  StripPair_257      ZeroWireload          tcbn28hpcplusbwp30p140ffg0p99v0c_ccs
  StripPair_256      ZeroWireload          tcbn28hpcplusbwp30p140ffg0p99v0c_ccs
  StripPair_255      ZeroWireload          tcbn28hpcplusbwp30p140ffg0p99v0c_ccs
  StripPair_254      ZeroWireload          tcbn28hpcplusbwp30p140ffg0p99v0c_ccs
  StripPair_253      ZeroWireload          tcbn28hpcplusbwp30p140ffg0p99v0c_ccs
  StripPair_251      ZeroWireload          tcbn28hpcplusbwp30p140ffg0p99v0c_ccs
  StripPair_250      ZeroWireload          tcbn28hpcplusbwp30p140ffg0p99v0c_ccs
  StripPair_249      ZeroWireload          tcbn28hpcplusbwp30p140ffg0p99v0c_ccs
  StripPair_248      ZeroWireload          tcbn28hpcplusbwp30p140ffg0p99v0c_ccs
  StripPair_247      ZeroWireload          tcbn28hpcplusbwp30p140ffg0p99v0c_ccs
  StripPair_246      ZeroWireload          tcbn28hpcplusbwp30p140ffg0p99v0c_ccs
  StripPair_245      ZeroWireload          tcbn28hpcplusbwp30p140ffg0p99v0c_ccs
  StripPair_244      ZeroWireload          tcbn28hpcplusbwp30p140ffg0p99v0c_ccs
  StripPair_243      ZeroWireload          tcbn28hpcplusbwp30p140ffg0p99v0c_ccs
  StripPair_242      ZeroWireload          tcbn28hpcplusbwp30p140ffg0p99v0c_ccs
  StripPair_241      ZeroWireload          tcbn28hpcplusbwp30p140ffg0p99v0c_ccs
  StripPair_239      ZeroWireload          tcbn28hpcplusbwp30p140ffg0p99v0c_ccs
  StripPair_238      ZeroWireload          tcbn28hpcplusbwp30p140ffg0p99v0c_ccs
  StripPair_237      ZeroWireload          tcbn28hpcplusbwp30p140ffg0p99v0c_ccs
  StripPair_236      ZeroWireload          tcbn28hpcplusbwp30p140ffg0p99v0c_ccs
  StripPair_235      ZeroWireload          tcbn28hpcplusbwp30p140ffg0p99v0c_ccs
  StripPair_234      ZeroWireload          tcbn28hpcplusbwp30p140ffg0p99v0c_ccs
  StripPair_233      ZeroWireload          tcbn28hpcplusbwp30p140ffg0p99v0c_ccs
  StripPair_232      ZeroWireload          tcbn28hpcplusbwp30p140ffg0p99v0c_ccs
  StripPair_231      ZeroWireload          tcbn28hpcplusbwp30p140ffg0p99v0c_ccs
  StripPair_230      ZeroWireload          tcbn28hpcplusbwp30p140ffg0p99v0c_ccs
  StripPair_229      ZeroWireload          tcbn28hpcplusbwp30p140ffg0p99v0c_ccs
  StripPair_227      ZeroWireload          tcbn28hpcplusbwp30p140ffg0p99v0c_ccs
  StripPair_226      ZeroWireload          tcbn28hpcplusbwp30p140ffg0p99v0c_ccs
  StripPair_225      ZeroWireload          tcbn28hpcplusbwp30p140ffg0p99v0c_ccs
  StripPair_224      ZeroWireload          tcbn28hpcplusbwp30p140ffg0p99v0c_ccs
  StripPair_223      ZeroWireload          tcbn28hpcplusbwp30p140ffg0p99v0c_ccs
  StripPair_222      ZeroWireload          tcbn28hpcplusbwp30p140ffg0p99v0c_ccs
  StripPair_221      ZeroWireload          tcbn28hpcplusbwp30p140ffg0p99v0c_ccs
  StripPair_220      ZeroWireload          tcbn28hpcplusbwp30p140ffg0p99v0c_ccs
  StripPair_219      ZeroWireload          tcbn28hpcplusbwp30p140ffg0p99v0c_ccs
  StripPair_218      ZeroWireload          tcbn28hpcplusbwp30p140ffg0p99v0c_ccs
  StripPair_217      ZeroWireload          tcbn28hpcplusbwp30p140ffg0p99v0c_ccs
  StripPair_215      ZeroWireload          tcbn28hpcplusbwp30p140ffg0p99v0c_ccs
  StripPair_214      ZeroWireload          tcbn28hpcplusbwp30p140ffg0p99v0c_ccs
  StripPair_213      ZeroWireload          tcbn28hpcplusbwp30p140ffg0p99v0c_ccs
  StripPair_212      ZeroWireload          tcbn28hpcplusbwp30p140ffg0p99v0c_ccs
  StripPair_211      ZeroWireload          tcbn28hpcplusbwp30p140ffg0p99v0c_ccs
  StripPair_210      ZeroWireload          tcbn28hpcplusbwp30p140ffg0p99v0c_ccs
  StripPair_209      ZeroWireload          tcbn28hpcplusbwp30p140ffg0p99v0c_ccs
  StripPair_208      ZeroWireload          tcbn28hpcplusbwp30p140ffg0p99v0c_ccs
  StripPair_207      ZeroWireload          tcbn28hpcplusbwp30p140ffg0p99v0c_ccs
  StripPair_206      ZeroWireload          tcbn28hpcplusbwp30p140ffg0p99v0c_ccs
  StripPair_205      ZeroWireload          tcbn28hpcplusbwp30p140ffg0p99v0c_ccs
  StripPair_203      ZeroWireload          tcbn28hpcplusbwp30p140ffg0p99v0c_ccs
  StripPair_202      ZeroWireload          tcbn28hpcplusbwp30p140ffg0p99v0c_ccs
  StripPair_201      ZeroWireload          tcbn28hpcplusbwp30p140ffg0p99v0c_ccs
  StripPair_200      ZeroWireload          tcbn28hpcplusbwp30p140ffg0p99v0c_ccs
  StripPair_199      ZeroWireload          tcbn28hpcplusbwp30p140ffg0p99v0c_ccs
  StripPair_198      ZeroWireload          tcbn28hpcplusbwp30p140ffg0p99v0c_ccs
  StripPair_197      ZeroWireload          tcbn28hpcplusbwp30p140ffg0p99v0c_ccs
  StripPair_196      ZeroWireload          tcbn28hpcplusbwp30p140ffg0p99v0c_ccs
  StripPair_195      ZeroWireload          tcbn28hpcplusbwp30p140ffg0p99v0c_ccs
  StripPair_194      ZeroWireload          tcbn28hpcplusbwp30p140ffg0p99v0c_ccs
  StripPair_193      ZeroWireload          tcbn28hpcplusbwp30p140ffg0p99v0c_ccs
  StripPair_191      ZeroWireload          tcbn28hpcplusbwp30p140ffg0p99v0c_ccs
  StripPair_190      ZeroWireload          tcbn28hpcplusbwp30p140ffg0p99v0c_ccs
  StripPair_189      ZeroWireload          tcbn28hpcplusbwp30p140ffg0p99v0c_ccs
  StripPair_188      ZeroWireload          tcbn28hpcplusbwp30p140ffg0p99v0c_ccs
  StripPair_187      ZeroWireload          tcbn28hpcplusbwp30p140ffg0p99v0c_ccs
  StripPair_186      ZeroWireload          tcbn28hpcplusbwp30p140ffg0p99v0c_ccs
  StripPair_185      ZeroWireload          tcbn28hpcplusbwp30p140ffg0p99v0c_ccs
  StripPair_184      ZeroWireload          tcbn28hpcplusbwp30p140ffg0p99v0c_ccs
  StripPair_183      ZeroWireload          tcbn28hpcplusbwp30p140ffg0p99v0c_ccs
  StripPair_182      ZeroWireload          tcbn28hpcplusbwp30p140ffg0p99v0c_ccs
  StripPair_181      ZeroWireload          tcbn28hpcplusbwp30p140ffg0p99v0c_ccs
  StripPair_179      ZeroWireload          tcbn28hpcplusbwp30p140ffg0p99v0c_ccs
  StripPair_178      ZeroWireload          tcbn28hpcplusbwp30p140ffg0p99v0c_ccs
  StripPair_177      ZeroWireload          tcbn28hpcplusbwp30p140ffg0p99v0c_ccs
  StripPair_176      ZeroWireload          tcbn28hpcplusbwp30p140ffg0p99v0c_ccs
  StripPair_175      ZeroWireload          tcbn28hpcplusbwp30p140ffg0p99v0c_ccs
  StripPair_174      ZeroWireload          tcbn28hpcplusbwp30p140ffg0p99v0c_ccs
  StripPair_173      ZeroWireload          tcbn28hpcplusbwp30p140ffg0p99v0c_ccs
  StripPair_172      ZeroWireload          tcbn28hpcplusbwp30p140ffg0p99v0c_ccs
  StripPair_171      ZeroWireload          tcbn28hpcplusbwp30p140ffg0p99v0c_ccs
  StripPair_170      ZeroWireload          tcbn28hpcplusbwp30p140ffg0p99v0c_ccs
  StripPair_169      ZeroWireload          tcbn28hpcplusbwp30p140ffg0p99v0c_ccs
  StripPair_167      ZeroWireload          tcbn28hpcplusbwp30p140ffg0p99v0c_ccs
  StripPair_166      ZeroWireload          tcbn28hpcplusbwp30p140ffg0p99v0c_ccs
  StripPair_165      ZeroWireload          tcbn28hpcplusbwp30p140ffg0p99v0c_ccs
  StripPair_164      ZeroWireload          tcbn28hpcplusbwp30p140ffg0p99v0c_ccs
  StripPair_163      ZeroWireload          tcbn28hpcplusbwp30p140ffg0p99v0c_ccs
  StripPair_162      ZeroWireload          tcbn28hpcplusbwp30p140ffg0p99v0c_ccs
  StripPair_161      ZeroWireload          tcbn28hpcplusbwp30p140ffg0p99v0c_ccs
  StripPair_160      ZeroWireload          tcbn28hpcplusbwp30p140ffg0p99v0c_ccs
  StripPair_159      ZeroWireload          tcbn28hpcplusbwp30p140ffg0p99v0c_ccs
  StripPair_158      ZeroWireload          tcbn28hpcplusbwp30p140ffg0p99v0c_ccs
  StripPair_157      ZeroWireload          tcbn28hpcplusbwp30p140ffg0p99v0c_ccs
  StripPair_155      ZeroWireload          tcbn28hpcplusbwp30p140ffg0p99v0c_ccs
  StripPair_154      ZeroWireload          tcbn28hpcplusbwp30p140ffg0p99v0c_ccs
  StripPair_153      ZeroWireload          tcbn28hpcplusbwp30p140ffg0p99v0c_ccs
  StripPair_152      ZeroWireload          tcbn28hpcplusbwp30p140ffg0p99v0c_ccs
  StripPair_151      ZeroWireload          tcbn28hpcplusbwp30p140ffg0p99v0c_ccs
  StripPair_150      ZeroWireload          tcbn28hpcplusbwp30p140ffg0p99v0c_ccs
  StripPair_149      ZeroWireload          tcbn28hpcplusbwp30p140ffg0p99v0c_ccs
  StripPair_148      ZeroWireload          tcbn28hpcplusbwp30p140ffg0p99v0c_ccs
  StripPair_147      ZeroWireload          tcbn28hpcplusbwp30p140ffg0p99v0c_ccs
  StripPair_146      ZeroWireload          tcbn28hpcplusbwp30p140ffg0p99v0c_ccs
  StripPair_145      ZeroWireload          tcbn28hpcplusbwp30p140ffg0p99v0c_ccs
  StripPair_143      ZeroWireload          tcbn28hpcplusbwp30p140ffg0p99v0c_ccs
  StripPair_142      ZeroWireload          tcbn28hpcplusbwp30p140ffg0p99v0c_ccs
  StripPair_141      ZeroWireload          tcbn28hpcplusbwp30p140ffg0p99v0c_ccs
  StripPair_140      ZeroWireload          tcbn28hpcplusbwp30p140ffg0p99v0c_ccs
  StripPair_139      ZeroWireload          tcbn28hpcplusbwp30p140ffg0p99v0c_ccs
  StripPair_138      ZeroWireload          tcbn28hpcplusbwp30p140ffg0p99v0c_ccs
  StripPair_137      ZeroWireload          tcbn28hpcplusbwp30p140ffg0p99v0c_ccs
  StripPair_136      ZeroWireload          tcbn28hpcplusbwp30p140ffg0p99v0c_ccs
  StripPair_135      ZeroWireload          tcbn28hpcplusbwp30p140ffg0p99v0c_ccs
  StripPair_134      ZeroWireload          tcbn28hpcplusbwp30p140ffg0p99v0c_ccs
  StripPair_133      ZeroWireload          tcbn28hpcplusbwp30p140ffg0p99v0c_ccs
  StripPair_131      ZeroWireload          tcbn28hpcplusbwp30p140ffg0p99v0c_ccs
  StripPair_130      ZeroWireload          tcbn28hpcplusbwp30p140ffg0p99v0c_ccs
  StripPair_129      ZeroWireload          tcbn28hpcplusbwp30p140ffg0p99v0c_ccs
  StripPair_128      ZeroWireload          tcbn28hpcplusbwp30p140ffg0p99v0c_ccs
  StripPair_127      ZeroWireload          tcbn28hpcplusbwp30p140ffg0p99v0c_ccs
  StripPair_126      ZeroWireload          tcbn28hpcplusbwp30p140ffg0p99v0c_ccs
  StripPair_125      ZeroWireload          tcbn28hpcplusbwp30p140ffg0p99v0c_ccs
  StripPair_124      ZeroWireload          tcbn28hpcplusbwp30p140ffg0p99v0c_ccs
  StripPair_123      ZeroWireload          tcbn28hpcplusbwp30p140ffg0p99v0c_ccs
  StripPair_122      ZeroWireload          tcbn28hpcplusbwp30p140ffg0p99v0c_ccs
  StripPair_121      ZeroWireload          tcbn28hpcplusbwp30p140ffg0p99v0c_ccs
  StripPair_119      ZeroWireload          tcbn28hpcplusbwp30p140ffg0p99v0c_ccs
  StripPair_118      ZeroWireload          tcbn28hpcplusbwp30p140ffg0p99v0c_ccs
  StripPair_117      ZeroWireload          tcbn28hpcplusbwp30p140ffg0p99v0c_ccs
  StripPair_116      ZeroWireload          tcbn28hpcplusbwp30p140ffg0p99v0c_ccs
  StripPair_115      ZeroWireload          tcbn28hpcplusbwp30p140ffg0p99v0c_ccs
  StripPair_114      ZeroWireload          tcbn28hpcplusbwp30p140ffg0p99v0c_ccs
  StripPair_113      ZeroWireload          tcbn28hpcplusbwp30p140ffg0p99v0c_ccs
  StripPair_112      ZeroWireload          tcbn28hpcplusbwp30p140ffg0p99v0c_ccs
  StripPair_111      ZeroWireload          tcbn28hpcplusbwp30p140ffg0p99v0c_ccs
  StripPair_110      ZeroWireload          tcbn28hpcplusbwp30p140ffg0p99v0c_ccs
  StripPair_109      ZeroWireload          tcbn28hpcplusbwp30p140ffg0p99v0c_ccs
  StripPair_107      ZeroWireload          tcbn28hpcplusbwp30p140ffg0p99v0c_ccs
  StripPair_106      ZeroWireload          tcbn28hpcplusbwp30p140ffg0p99v0c_ccs
  StripPair_105      ZeroWireload          tcbn28hpcplusbwp30p140ffg0p99v0c_ccs
  StripPair_104      ZeroWireload          tcbn28hpcplusbwp30p140ffg0p99v0c_ccs
  StripPair_103      ZeroWireload          tcbn28hpcplusbwp30p140ffg0p99v0c_ccs
  StripPair_102      ZeroWireload          tcbn28hpcplusbwp30p140ffg0p99v0c_ccs
  StripPair_101      ZeroWireload          tcbn28hpcplusbwp30p140ffg0p99v0c_ccs
  StripPair_100      ZeroWireload          tcbn28hpcplusbwp30p140ffg0p99v0c_ccs
  StripPair_99       ZeroWireload          tcbn28hpcplusbwp30p140ffg0p99v0c_ccs
  StripPair_98       ZeroWireload          tcbn28hpcplusbwp30p140ffg0p99v0c_ccs
  StripPair_97       ZeroWireload          tcbn28hpcplusbwp30p140ffg0p99v0c_ccs
  StripPair_95       ZeroWireload          tcbn28hpcplusbwp30p140ffg0p99v0c_ccs
  StripPair_94       ZeroWireload          tcbn28hpcplusbwp30p140ffg0p99v0c_ccs
  StripPair_93       ZeroWireload          tcbn28hpcplusbwp30p140ffg0p99v0c_ccs
  StripPair_92       ZeroWireload          tcbn28hpcplusbwp30p140ffg0p99v0c_ccs
  StripPair_91       ZeroWireload          tcbn28hpcplusbwp30p140ffg0p99v0c_ccs
  StripPair_90       ZeroWireload          tcbn28hpcplusbwp30p140ffg0p99v0c_ccs
  StripPair_89       ZeroWireload          tcbn28hpcplusbwp30p140ffg0p99v0c_ccs
  StripPair_88       ZeroWireload          tcbn28hpcplusbwp30p140ffg0p99v0c_ccs
  StripPair_87       ZeroWireload          tcbn28hpcplusbwp30p140ffg0p99v0c_ccs
  StripPair_86       ZeroWireload          tcbn28hpcplusbwp30p140ffg0p99v0c_ccs
  StripPair_85       ZeroWireload          tcbn28hpcplusbwp30p140ffg0p99v0c_ccs
  StripPair_83       ZeroWireload          tcbn28hpcplusbwp30p140ffg0p99v0c_ccs
  StripPair_82       ZeroWireload          tcbn28hpcplusbwp30p140ffg0p99v0c_ccs
  StripPair_81       ZeroWireload          tcbn28hpcplusbwp30p140ffg0p99v0c_ccs
  StripPair_80       ZeroWireload          tcbn28hpcplusbwp30p140ffg0p99v0c_ccs
  StripPair_79       ZeroWireload          tcbn28hpcplusbwp30p140ffg0p99v0c_ccs
  StripPair_78       ZeroWireload          tcbn28hpcplusbwp30p140ffg0p99v0c_ccs
  StripPair_77       ZeroWireload          tcbn28hpcplusbwp30p140ffg0p99v0c_ccs
  StripPair_76       ZeroWireload          tcbn28hpcplusbwp30p140ffg0p99v0c_ccs
  StripPair_75       ZeroWireload          tcbn28hpcplusbwp30p140ffg0p99v0c_ccs
  StripPair_74       ZeroWireload          tcbn28hpcplusbwp30p140ffg0p99v0c_ccs
  StripPair_73       ZeroWireload          tcbn28hpcplusbwp30p140ffg0p99v0c_ccs
  StripPair_71       ZeroWireload          tcbn28hpcplusbwp30p140ffg0p99v0c_ccs
  StripPair_70       ZeroWireload          tcbn28hpcplusbwp30p140ffg0p99v0c_ccs
  StripPair_69       ZeroWireload          tcbn28hpcplusbwp30p140ffg0p99v0c_ccs
  StripPair_68       ZeroWireload          tcbn28hpcplusbwp30p140ffg0p99v0c_ccs
  StripPair_67       ZeroWireload          tcbn28hpcplusbwp30p140ffg0p99v0c_ccs
  StripPair_66       ZeroWireload          tcbn28hpcplusbwp30p140ffg0p99v0c_ccs
  StripPair_65       ZeroWireload          tcbn28hpcplusbwp30p140ffg0p99v0c_ccs
  StripPair_64       ZeroWireload          tcbn28hpcplusbwp30p140ffg0p99v0c_ccs
  StripPair_63       ZeroWireload          tcbn28hpcplusbwp30p140ffg0p99v0c_ccs
  StripPair_62       ZeroWireload          tcbn28hpcplusbwp30p140ffg0p99v0c_ccs
  StripPair_61       ZeroWireload          tcbn28hpcplusbwp30p140ffg0p99v0c_ccs
  StripPair_59       ZeroWireload          tcbn28hpcplusbwp30p140ffg0p99v0c_ccs
  StripPair_58       ZeroWireload          tcbn28hpcplusbwp30p140ffg0p99v0c_ccs
  StripPair_57       ZeroWireload          tcbn28hpcplusbwp30p140ffg0p99v0c_ccs
  StripPair_56       ZeroWireload          tcbn28hpcplusbwp30p140ffg0p99v0c_ccs
  StripPair_55       ZeroWireload          tcbn28hpcplusbwp30p140ffg0p99v0c_ccs
  StripPair_54       ZeroWireload          tcbn28hpcplusbwp30p140ffg0p99v0c_ccs
  StripPair_53       ZeroWireload          tcbn28hpcplusbwp30p140ffg0p99v0c_ccs
  StripPair_52       ZeroWireload          tcbn28hpcplusbwp30p140ffg0p99v0c_ccs
  StripPair_51       ZeroWireload          tcbn28hpcplusbwp30p140ffg0p99v0c_ccs
  StripPair_50       ZeroWireload          tcbn28hpcplusbwp30p140ffg0p99v0c_ccs
  StripPair_49       ZeroWireload          tcbn28hpcplusbwp30p140ffg0p99v0c_ccs
  StripPair_47       ZeroWireload          tcbn28hpcplusbwp30p140ffg0p99v0c_ccs
  StripPair_46       ZeroWireload          tcbn28hpcplusbwp30p140ffg0p99v0c_ccs
  StripPair_45       ZeroWireload          tcbn28hpcplusbwp30p140ffg0p99v0c_ccs
  StripPair_44       ZeroWireload          tcbn28hpcplusbwp30p140ffg0p99v0c_ccs
  StripPair_43       ZeroWireload          tcbn28hpcplusbwp30p140ffg0p99v0c_ccs
  StripPair_42       ZeroWireload          tcbn28hpcplusbwp30p140ffg0p99v0c_ccs
  StripPair_41       ZeroWireload          tcbn28hpcplusbwp30p140ffg0p99v0c_ccs
  StripPair_40       ZeroWireload          tcbn28hpcplusbwp30p140ffg0p99v0c_ccs
  StripPair_39       ZeroWireload          tcbn28hpcplusbwp30p140ffg0p99v0c_ccs
  StripPair_38       ZeroWireload          tcbn28hpcplusbwp30p140ffg0p99v0c_ccs
  StripPair_37       ZeroWireload          tcbn28hpcplusbwp30p140ffg0p99v0c_ccs
  StripPair_35       ZeroWireload          tcbn28hpcplusbwp30p140ffg0p99v0c_ccs
  StripPair_34       ZeroWireload          tcbn28hpcplusbwp30p140ffg0p99v0c_ccs
  StripPair_33       ZeroWireload          tcbn28hpcplusbwp30p140ffg0p99v0c_ccs
  StripPair_32       ZeroWireload          tcbn28hpcplusbwp30p140ffg0p99v0c_ccs
  StripPair_31       ZeroWireload          tcbn28hpcplusbwp30p140ffg0p99v0c_ccs
  StripPair_30       ZeroWireload          tcbn28hpcplusbwp30p140ffg0p99v0c_ccs
  StripPair_29       ZeroWireload          tcbn28hpcplusbwp30p140ffg0p99v0c_ccs
  StripPair_28       ZeroWireload          tcbn28hpcplusbwp30p140ffg0p99v0c_ccs
  StripPair_27       ZeroWireload          tcbn28hpcplusbwp30p140ffg0p99v0c_ccs
  StripPair_26       ZeroWireload          tcbn28hpcplusbwp30p140ffg0p99v0c_ccs
  StripPair_25       ZeroWireload          tcbn28hpcplusbwp30p140ffg0p99v0c_ccs
  StripPair_23       ZeroWireload          tcbn28hpcplusbwp30p140ffg0p99v0c_ccs
  StripPair_22       ZeroWireload          tcbn28hpcplusbwp30p140ffg0p99v0c_ccs
  StripPair_21       ZeroWireload          tcbn28hpcplusbwp30p140ffg0p99v0c_ccs
  StripPair_20       ZeroWireload          tcbn28hpcplusbwp30p140ffg0p99v0c_ccs
  StripPair_19       ZeroWireload          tcbn28hpcplusbwp30p140ffg0p99v0c_ccs
  StripPair_18       ZeroWireload          tcbn28hpcplusbwp30p140ffg0p99v0c_ccs
  StripPair_17       ZeroWireload          tcbn28hpcplusbwp30p140ffg0p99v0c_ccs
  StripPair_16       ZeroWireload          tcbn28hpcplusbwp30p140ffg0p99v0c_ccs
  StripPair_15       ZeroWireload          tcbn28hpcplusbwp30p140ffg0p99v0c_ccs
  StripPair_14       ZeroWireload          tcbn28hpcplusbwp30p140ffg0p99v0c_ccs
  StripPair_13       ZeroWireload          tcbn28hpcplusbwp30p140ffg0p99v0c_ccs
  StripPair_11       ZeroWireload          tcbn28hpcplusbwp30p140ffg0p99v0c_ccs
  StripPair_10       ZeroWireload          tcbn28hpcplusbwp30p140ffg0p99v0c_ccs
  StripPair_9        ZeroWireload          tcbn28hpcplusbwp30p140ffg0p99v0c_ccs
  StripPair_8        ZeroWireload          tcbn28hpcplusbwp30p140ffg0p99v0c_ccs
  StripPair_7        ZeroWireload          tcbn28hpcplusbwp30p140ffg0p99v0c_ccs
  StripPair_6        ZeroWireload          tcbn28hpcplusbwp30p140ffg0p99v0c_ccs
  StripPair_5        ZeroWireload          tcbn28hpcplusbwp30p140ffg0p99v0c_ccs
  StripPair_4        ZeroWireload          tcbn28hpcplusbwp30p140ffg0p99v0c_ccs
  StripPair_3        ZeroWireload          tcbn28hpcplusbwp30p140ffg0p99v0c_ccs
  StripPair_2        ZeroWireload          tcbn28hpcplusbwp30p140ffg0p99v0c_ccs
  StripPair_1        ZeroWireload          tcbn28hpcplusbwp30p140ffg0p99v0c_ccs
  StripPair_264      ZeroWireload          tcbn28hpcplusbwp30p140ffg0p99v0c_ccs
  StripPair_275      ZeroWireload          tcbn28hpcplusbwp30p140ffg0p99v0c_ccs
  StripPair_276      ZeroWireload          tcbn28hpcplusbwp30p140ffg0p99v0c_ccs
  SystolicArray      ZeroWireload          tcbn28hpcplusbwp30p140ffg0p99v0c_ccs
  StripPair_287      ZeroWireload          tcbn28hpcplusbwp30p140ffg0p99v0c_ccs

Attributes:
    d - dont_touch
    u - dont_use
   mo - map_only
   so - size_only
    i - ideal_net or ideal_network
  inf - infeasible path

  Point                                                    Fanout     Trans      Incr       Path      Attributes
  ----------------------------------------------------------------------------------------------------------------------
  clock ideal_clock1 (rise edge)                                                 0.00       0.00
  clock network delay (ideal)                                                    0.00       0.00
  pairs_7_4/left/regS_bits_reg[6]/CP (DFQD1BWP30P140)                  0.00      0.00 #     0.00 r
  pairs_7_4/left/regS_bits_reg[6]/Q (DFQD1BWP30P140)                   0.01      0.03       0.03 r
  pairs_7_4/_left_io_outRightP_bits[6] (net)                 4                   0.00       0.03 r
  pairs_7_4/U2557/ZN (NR4D0BWP30P140)                                  0.02      0.01       0.04 f
  pairs_7_4/n1516 (net)                                      1                   0.00       0.04 f
  pairs_7_4/U1553/ZN (CKND2D2BWP30P140)                                0.01      0.01       0.05 r
  pairs_7_4/n1521 (net)                                      1                   0.00       0.05 r
  pairs_7_4/U1700/Z (OA21D4BWP30P140)                                  0.01      0.02       0.07 r
  pairs_7_4/n1588 (net)                                      8                   0.00       0.07 r
  pairs_7_4/U28/ZN (OAI21D2BWP30P140)                                  0.02      0.01       0.09 f
  pairs_7_4/n3827 (net)                                      4                   0.00       0.09 f
  pairs_7_4/U1877/CO (HA1D1BWP30P140)                                  0.01      0.02       0.10 f
  pairs_7_4/n1549 (net)                                      1                   0.00       0.10 f
  pairs_7_4/U1641/CO (FA1OPTCD2BWP30P140)                              0.01      0.01       0.12 f
  pairs_7_4/n1544 (net)                                      1                   0.00       0.12 f
  pairs_7_4/U1740/CO (FA1OPTCD2BWP30P140)                              0.01      0.01       0.13 f
  pairs_7_4/n1540 (net)                                      2                   0.00       0.13 f
  pairs_7_4/U19/ZN (OAI21OPTREPBD1BWP30P140)                           0.02      0.01       0.14 r
  pairs_7_4/n130 (net)                                       1                   0.00       0.14 r
  pairs_7_4/U948/ZN (ND2D2BWP30P140)                                   0.01      0.01       0.15 f
  pairs_7_4/n1571 (net)                                      1                   0.00       0.15 f
  pairs_7_4/U1747/S (FA1D1BWP30P140)                                   0.01      0.04       0.19 r
  pairs_7_4/n1542 (net)                                      1                   0.00       0.19 r
  pairs_7_4/U1291/Z (AN2D2BWP30P140)                                   0.01      0.02       0.21 r
  pairs_7_4/n1808 (net)                                      4                   0.00       0.21 r
  pairs_7_4/U741/ZN (ND2D1BWP30P140)                                   0.01      0.01       0.21 f
  pairs_7_4/n1568 (net)                                      1                   0.00       0.21 f
  pairs_7_4/U1745/ZN (OAI21D1BWP30P140)                                0.01      0.01       0.22 r
  pairs_7_4/n1576 (net)                                      1                   0.00       0.22 r
  pairs_7_4/U732/Z (AO21D2BWP30P140)                                   0.01      0.02       0.24 r
  pairs_7_4/n104 (net)                                       2                   0.00       0.24 r
  pairs_7_4/U17/ZN (INVD8BWP30P140)                                    0.02      0.02       0.26 f
  pairs_7_4/n3809 (net)                                     61                   0.00       0.26 f
  pairs_7_4/U1411/ZN (MUX2NOPTD2BWP30P140)                             0.02      0.02       0.28 f
  pairs_7_4/n432 (net)                                       2                   0.00       0.28 f
  pairs_7_4/U413/ZN (NR2D2BWP30P140)                                   0.02      0.01       0.29 r
  pairs_7_4/n113 (net)                                       2                   0.00       0.29 r
  pairs_7_4/U1254/ZN (IOA22D2BWP30P140)                                0.01      0.01       0.30 f
  pairs_7_4/n1586 (net)                                      1                   0.00       0.30 f
  pairs_7_4/U2598/CO (FA1OPTCD1BWP30P140)                              0.01      0.02       0.32 f
  pairs_7_4/n1810 (net)                                      1                   0.00       0.32 f
  pairs_7_4/U2783/CO (FA1D1BWP30P140)                                  0.01      0.02       0.34 f
  pairs_7_4/n2044 (net)                                      1                   0.00       0.34 f
  pairs_7_4/U1748/S (FA1OPTCD2BWP30P140)                               0.02      0.04       0.38 f
  pairs_7_4/n2160 (net)                                      5                   0.00       0.38 f
  pairs_7_4/U1418/ZN (NR2D2BWP30P140)                                  0.03      0.02       0.40 r
  pairs_7_4/n2311 (net)                                     11                   0.00       0.40 r
  pairs_7_4/U877/ZN (ND2D2BWP30P140)                                   0.02      0.02       0.42 f
  pairs_7_4/n2304 (net)                                      8                   0.00       0.42 f
  pairs_7_4/U2987/ZN (INVD0BWP30P140)                                  0.02      0.02       0.43 r
  pairs_7_4/n2333 (net)                                      3                   0.00       0.43 r
  pairs_7_4/U371/ZN (ND2D1BWP30P140)                                   0.02      0.01       0.45 f
  pairs_7_4/n2322 (net)                                      3                   0.00       0.45 f
  pairs_7_4/U1208/ZN (OAI211D1BWP30P140)                               0.01      0.01       0.46 r
  pairs_7_4/n149 (net)                                       1                   0.00       0.46 r
  pairs_7_4/U1204/Z (XOR2UD1BWP30P140)                                 0.02      0.01       0.47 r
  pairs_7_4/n2239 (net)                                      2                   0.00       0.47 r
  pairs_7_4/U1191/ZN (NR2D1BWP30P140)                                  0.01      0.01       0.49 f
  pairs_7_4/n2338 (net)                                      3                   0.00       0.49 f
  pairs_7_4/U3051/ZN (NR2D1BWP30P140)                                  0.01      0.01       0.50 r
  pairs_7_4/n2439 (net)                                      3                   0.00       0.50 r
  pairs_7_4/U3059/ZN (ND2D1BWP30P140)                                  0.02      0.01       0.51 f
  pairs_7_4/n2346 (net)                                      1                   0.00       0.51 f
  pairs_7_4/U41/ZN (OAI21OPTREPBD2BWP30P140)                           0.01      0.01       0.53 r
  pairs_7_4/n2467 (net)                                      2                   0.00       0.53 r
  pairs_7_4/U1380/Z (BUFFD4BWP30P140)                                  0.01      0.01       0.54 r
  pairs_7_4/n63 (net)                                        3                   0.00       0.54 r
  pairs_7_4/U1400/ZN (AOI21D4BWP30P140)                                0.02      0.01       0.55 f
  pairs_7_4/n2647 (net)                                      8                   0.00       0.55 f
  pairs_7_4/U3159/Z (XOR2UD1BWP30P140)                                 0.02      0.02       0.57 f
  pairs_7_4/n2572 (net)                                      3                   0.00       0.57 f
  pairs_7_4/U667/ZN (INVD1BWP30P140)                                   0.01      0.01       0.58 r
  pairs_7_4/n8 (net)                                         2                   0.00       0.58 r
  pairs_7_4/U211/ZN (INR2D2BWP30P140)                                  0.01      0.01       0.59 r
  pairs_7_4/n2590 (net)                                      3                   0.00       0.59 r
  pairs_7_4/U207/ZN (ND2D1BWP30P140)                                   0.01      0.01       0.60 f
  pairs_7_4/n2641 (net)                                      3                   0.00       0.60 f
  pairs_7_4/U663/ZN (NR2D1BWP30P140)                                   0.01      0.01       0.61 r
  pairs_7_4/n66 (net)                                        1                   0.00       0.61 r
  pairs_7_4/U818/ZN (ND2D1BWP30P140)                                   0.01      0.01       0.62 f
  pairs_7_4/n65 (net)                                        1                   0.00       0.62 f
  pairs_7_4/U1101/ZN (XNR2UD1BWP30P140)                                0.02      0.01       0.64 f
  pairs_7_4/n371 (net)                                       1                   0.00       0.64 f
  pairs_7_4/U1701/ZN (MUX2NOPTD2BWP30P140)                             0.02      0.02       0.65 r
  pairs_7_4/right/sharedMacOut_mac/l00OOO0l[24] (net)        5                   0.00       0.65 r
  pairs_7_4/U108/ZN (NR2D1BWP30P140)                                   0.01      0.01       0.66 f
  pairs_7_4/right/sharedMacOut_mac/U9/U1/enc_tree[1][1][28] (net)     3          0.00       0.66 f
  pairs_7_4/U648/ZN (INVD0BWP30P140)                                   0.01      0.01       0.67 r
  pairs_7_4/right/sharedMacOut_mac/U9/U1/or2_inv[1][28] (net)     1              0.00       0.67 r
  pairs_7_4/U1539/ZN (OAI21D1BWP30P140)                                0.01      0.01       0.68 f
  pairs_7_4/n320 (net)                                       1                   0.00       0.68 f
  pairs_7_4/U105/ZN (AOI21D1BWP30P140)                                 0.01      0.01       0.69 r
  pairs_7_4/n319 (net)                                       1                   0.00       0.69 r
  pairs_7_4/U171/ZN (ND2D1BWP30P140)                                   0.02      0.01       0.70 f
  pairs_7_4/n3343 (net)                                      3                   0.00       0.70 f
  pairs_7_4/U3579/Z (OR2D1BWP30P140)                                   0.01      0.01       0.72 f
  pairs_7_4/n3345 (net)                                      1                   0.00       0.72 f
  pairs_7_4/U1063/ZN (AOI21D1BWP30P140)                                0.01      0.01       0.73 r
  pairs_7_4/n318 (net)                                       1                   0.00       0.73 r
  pairs_7_4/U635/ZN (NR2D1BWP30P140)                                   0.01      0.01       0.73 f
  pairs_7_4/n72 (net)                                        1                   0.00       0.73 f
  pairs_7_4/U1383/ZN (OAI21D2BWP30P140)                                0.01      0.01       0.74 r
  pairs_7_4/n70 (net)                                        1                   0.00       0.74 r
  pairs_7_4/U1382/ZN (ND2OPTPAD4BWP30P140)                             0.01      0.01       0.75 f
  pairs_7_4/n132 (net)                                       7                   0.00       0.75 f
  pairs_7_4/U634/ZN (MUX2NOPTD2BWP30P140)                              0.01      0.01       0.76 f
  pairs_7_4/n3423 (net)                                      1                   0.00       0.76 f
  pairs_7_4/U633/Z (BUFFD6BWP30P140)                                   0.01      0.02       0.78 f
  pairs_7_4/n21 (net)                                       13                   0.00       0.78 f
  pairs_7_4/U627/ZN (INR2D4BWP30P140)                                  0.01      0.02       0.79 f
  pairs_7_4/n3657 (net)                                     12                   0.00       0.79 f
  pairs_7_4/U4/ZN (INVD3BWP30P140)                                     0.01      0.01       0.80 r
  pairs_7_4/n3517 (net)                                      8                   0.00       0.80 r
  pairs_7_4/U159/ZN (OAI22D1BWP30P140)                                 0.02      0.01       0.81 f
  pairs_7_4/n3518 (net)                                      1                   0.00       0.81 f
  pairs_7_4/U615/ZN (NR2D2BWP30P140)                                   0.01      0.01       0.83 r
  pairs_7_4/n3629 (net)                                      4                   0.00       0.83 r
  pairs_7_4/U3724/ZN (OAI22D1BWP30P140)                                0.02      0.01       0.84 f
  pairs_7_4/n3521 (net)                                      1                   0.00       0.84 f
  pairs_7_4/U1743/ZN (NR3D1P5BWP30P140)                                0.02      0.02       0.86 r
  pairs_7_4/n3710 (net)                                      3                   0.00       0.86 r
  pairs_7_4/U134/ZN (ND2OPTIBD2BWP30P140)                              0.01      0.01       0.87 f
  pairs_7_4/n3739 (net)                                      4                   0.00       0.87 f
  pairs_7_4/U1004/ZN (NR2D1BWP30P140)                                  0.01      0.01       0.88 r
  pairs_7_4/n3702 (net)                                      2                   0.00       0.88 r
  pairs_7_4/U778/ZN (INVD1BWP30P140)                                   0.01      0.01       0.88 f
  pairs_7_4/n3703 (net)                                      1                   0.00       0.88 f
  pairs_7_4/U1608/ZN (INR2D2BWP30P140)                                 0.01      0.01       0.89 r
  pairs_7_4/n3760 (net)                                      3                   0.00       0.89 r
  pairs_7_4/U130/ZN (ND2D1BWP30P140)                                   0.01      0.01       0.90 f
  pairs_7_4/n3706 (net)                                      1                   0.00       0.90 f
  pairs_7_4/U3825/ZN (XNR2UD0BWP30P140)                                0.02      0.01       0.91 f
  pairs_7_4/n3708 (net)                                      1                   0.00       0.91 f
  pairs_7_4/U1546/ZN (OAI22D1BWP30P140)                                0.02      0.01       0.93 r
  pairs_7_4/n3759 (net)                                      2                   0.00       0.93 r
  pairs_7_4/U988/ZN (NR3D0P7BWP30P140)                                 0.01      0.01       0.94 f
  pairs_7_4/n3724 (net)                                      1                   0.00       0.94 f
  pairs_7_4/U1667/ZN (ND3D2BWP30P140)                                  0.01      0.01       0.95 r
  pairs_7_4/n3779 (net)                                      3                   0.00       0.95 r
  pairs_7_4/U3863/ZN (AOI31D1BWP30P140)                                0.01      0.01       0.96 f
  pairs_7_4/n3782 (net)                                      1                   0.00       0.96 f
  pairs_7_4/U1657/ZN (IND2D1BWP30P140)                                 0.02      0.02       0.98 f
  pairs_7_4/n3805 (net)                                      5                   0.00       0.98 f
  pairs_7_4/U3864/ZN (ND2D1BWP30P140)                                  0.01      0.01       0.99 r
  pairs_7_4/n3929 (net)                                      1                   0.00       0.99 r
  pairs_7_4/right/regS_bits_reg[10]/D (DFQD1BWP30P140)                 0.01      0.00       0.99 r
  data arrival time                                                                         0.99

  clock ideal_clock1 (rise edge)                                                 1.00       1.00
  clock network delay (ideal)                                                    0.00       1.00
  pairs_7_4/right/regS_bits_reg[10]/CP (DFQD1BWP30P140)                          0.00       1.00 r
  library setup time                                                            -0.01       0.99
  data required time                                                                        0.99
  ----------------------------------------------------------------------------------------------------------------------
  data required time                                                                        0.99
  data arrival time                                                                        -0.99
  ----------------------------------------------------------------------------------------------------------------------
  slack (MET)                                                                               0.00


1
