Information: Updating design information... (UID-85)
Warning: Design 'OneSaArray' contains 1 high-fanout nets. A fanout number of 1000 will be used for delay calculations involving these nets. (TIM-134)
 
****************************************
Report : timing
        -path full
        -delay max
        -nets
        -max_paths 1
        -transition_time
Design : OneSaArray
Version: V-2023.12
Date   : Tue Apr  7 15:36:14 2026
****************************************

 # A fanout number of 1000 was used for high fanout net computations.

Operating Conditions: ffg0p99v0c   Library: tcbn28hpcplusbwp30p140ffg0p99v0c_ccs
Wire Load Model Mode: segmented

  Startpoint: mesh/pes_14_1/regPsum_bits_reg[14]
              (rising edge-triggered flip-flop clocked by ideal_clock1)
  Endpoint: mesh/pes_15_1/regPsum_bits_reg[8]
            (rising edge-triggered flip-flop clocked by ideal_clock1)
  Path Group: ideal_clock1
  Path Type: max

  Des/Clust/Port     Wire Load Model       Library
  ------------------------------------------------
  OneSaArray         ZeroWireload          tcbn28hpcplusbwp30p140ffg0p99v0c_ccs
  OneSaMesh          ZeroWireload          tcbn28hpcplusbwp30p140ffg0p99v0c_ccs

Attributes:
    d - dont_touch
    u - dont_use
   mo - map_only
   so - size_only
    i - ideal_net or ideal_network
  inf - infeasible path

  Point                                                     Fanout     Trans      Incr       Path      Attributes
  -----------------------------------------------------------------------------------------------------------------------
  clock ideal_clock1 (rise edge)                                                  0.00       0.00
  clock network delay (ideal)                                                     0.00       0.00
  mesh/pes_14_1/regPsum_bits_reg[14]/CP (DFQD2BWP30P140)                0.00      0.00 #     0.00 r
  mesh/pes_14_1/regPsum_bits_reg[14]/Q (DFQD2BWP30P140)                 0.01      0.04       0.04 f
  mesh/_pes_14_1_io_psumOut_bits[14] (net)                    4                   0.00       0.04 f
  mesh/U466326/ZN (NR3D1BWP30P140)                                      0.01      0.01       0.05 r
  mesh/n360014 (net)                                          1                   0.00       0.05 r
  mesh/U466328/Z (AN2D4BWP30P140)                                       0.01      0.02       0.07 r
  mesh/n962637 (net)                                         13                   0.00       0.07 r
  mesh/U466329/ZN (INVD2BWP30P140)                                      0.01      0.01       0.07 f
  mesh/n962455 (net)                                          5                   0.00       0.07 f
  mesh/U9873/Z (CKAN2D1BWP30P140)                                       0.01      0.01       0.09 f
  mesh/n360059 (net)                                          3                   0.00       0.09 f
  mesh/U466347/ZN (INVD1BWP30P140)                                      0.01      0.01       0.10 r
  mesh/n360027 (net)                                          2                   0.00       0.10 r
  mesh/U466350/Z (OR2D1BWP30P140)                                       0.01      0.01       0.11 r
  mesh/n360030 (net)                                          1                   0.00       0.11 r
  mesh/U466353/ZN (AOI21D1BWP30P140)                                    0.01      0.01       0.12 f
  mesh/n360039 (net)                                          1                   0.00       0.12 f
  mesh/U466361/ZN (OAI21D1BWP30P140)                                    0.01      0.01       0.12 r
  mesh/n360041 (net)                                          1                   0.00       0.12 r
  mesh/U466362/ZN (AOI21D1BWP30P140)                                    0.01      0.01       0.13 f
  mesh/n360046 (net)                                          1                   0.00       0.13 f
  mesh/U466366/Z (OA21D1BWP30P140)                                      0.01      0.01       0.15 f
  mesh/n360047 (net)                                          1                   0.00       0.15 f
  mesh/U466367/ZN (INVD2BWP30P140)                                      0.01      0.01       0.16 r
  mesh/n360048 (net)                                          1                   0.00       0.16 r
  mesh/U8991/ZN (INVD8BWP30P140)                                        0.02      0.01       0.17 f
  mesh/n962630 (net)                                         36                   0.00       0.17 f
  mesh/U85677/Z (MUX2OPTD2BWP30P140)                                    0.01      0.03       0.19 r
  mesh/n962070 (net)                                          5                   0.00       0.19 r
  mesh/U8800/Z (OR2D2BWP30P140)                                         0.01      0.02       0.21 r
  mesh/n360069 (net)                                          1                   0.00       0.21 r
  mesh/U80179/CO (FA1OPTCD1BWP30P140)                                   0.01      0.02       0.23 r
  mesh/n360066 (net)                                          1                   0.00       0.23 r
  mesh/U466377/CO (FA1OPTCD1BWP30P140)                                  0.01      0.02       0.24 r
  mesh/n360065 (net)                                          1                   0.00       0.24 r
  mesh/U466375/CO (FA1D2BWP30P140)                                      0.01      0.02       0.26 r
  mesh/n360064 (net)                                          1                   0.00       0.26 r
  mesh/U7826/S (FA1OPTCD2BWP30P140)                                     0.02      0.04       0.31 r
  mesh/n360179 (net)                                          8                   0.00       0.31 r
  mesh/U466374/ZN (NR2D2BWP30P140)                                      0.01      0.01       0.32 f
  mesh/n360187 (net)                                          5                   0.00       0.32 f
  mesh/U466537/Z (CKAN2D1BWP30P140)                                     0.01      0.02       0.33 f
  mesh/n360200 (net)                                          3                   0.00       0.33 f
  mesh/U466544/ZN (INVD1BWP30P140)                                      0.02      0.02       0.35 r
  mesh/n360287 (net)                                         11                   0.00       0.35 r
  mesh/U466567/ZN (OAI22D1BWP30P140)                                    0.02      0.01       0.36 f
  mesh/n360227 (net)                                          1                   0.00       0.36 f
  mesh/U48763/Z (XOR2UD0BWP30P140)                                      0.04      0.02       0.38 f
  mesh/n360254 (net)                                          2                   0.00       0.38 f
  mesh/U47932/ZN (NR2D1BWP30P140)                                       0.02      0.02       0.40 r
  mesh/n477342 (net)                                          3                   0.00       0.40 r
  mesh/U466594/ZN (OAI21D1BWP30P140)                                    0.02      0.01       0.41 f
  mesh/n477354 (net)                                          2                   0.00       0.41 f
  mesh/U466598/ZN (AOI21D1BWP30P140)                                    0.01      0.01       0.42 r
  mesh/n612144 (net)                                          2                   0.00       0.42 r
  mesh/U466604/ZN (OAI21D1BWP30P140)                                    0.01      0.01       0.43 f
  mesh/n360270 (net)                                          1                   0.00       0.43 f
  mesh/U45445/ZN (AOI21OPTREPBD1BWP30P140)                              0.02      0.01       0.45 r
  mesh/n612188 (net)                                          2                   0.00       0.45 r
  mesh/U5180/ZN (OAI21OPTREPBD1BWP30P140)                               0.02      0.01       0.46 f
  mesh/n612183 (net)                                          2                   0.00       0.46 f
  mesh/U43832/ZN (AOI21D2BWP30P140)                                     0.01      0.01       0.47 r
  mesh/n612143 (net)                                          2                   0.00       0.47 r
  mesh/U466616/ZN (OAI21D1BWP30P140)                                    0.02      0.02       0.49 f
  mesh/n551220 (net)                                          1                   0.00       0.49 f
  mesh/U636464/CO (FA1OPTCD1BWP30P140)                                  0.01      0.02       0.51 f
  mesh/n548493 (net)                                          2                   0.00       0.51 f
  mesh/U466617/ZN (NR2D1BWP30P140)                                      0.03      0.02       0.52 r
  mesh/n493929 (net)                                          4                   0.00       0.52 r
  mesh/U92121/ZN (INVD2BWP30P140)                                       0.02      0.02       0.54 f
  mesh/n702766 (net)                                         14                   0.00       0.54 f
  mesh/U604983/Z (CKMUX2D0BWP30P140)                                    0.02      0.03       0.58 r
  mesh/pes_15_1/regPsum_mac/l00OOO0l[16] (net)                6                   0.00       0.58 r
  mesh/pes_15_1/regPsum_mac/U9/U1/UORT0_1_10/ZN (NR2D1BWP30P140)        0.01      0.01       0.59 f    mo 
  mesh/pes_15_1/regPsum_mac/U9/U1/enc_tree[1][1][20] (net)     3                  0.00       0.59 f
  mesh/U36738/ZN (INVD0BWP30P140)                                       0.01      0.01       0.60 r
  mesh/pes_15_1/regPsum_mac/U9/U1/or2_inv[1][20] (net)        1                   0.00       0.60 r
  mesh/pes_15_1/regPsum_mac/U9/U1/UEN1_1_2_2/ZN (OAI21D1BWP30P140)      0.01      0.01       0.61 f    mo 
  mesh/pes_15_1/regPsum_mac/U9/U1/enc_tree[1][2][20] (net)     1                  0.00       0.61 f
  mesh/pes_15_1/regPsum_mac/U9/U1/UEN0_1_3_1/ZN (AOI21D1BWP30P140)      0.01      0.01       0.62 r    mo 
  mesh/pes_15_1/regPsum_mac/U9/U1/enc_tree[1][3][24] (net)     1                  0.00       0.62 r
  mesh/U983394/Z (OA21D1BWP30P140)                                      0.01      0.02       0.64 r
  mesh/n962422 (net)                                          3                   0.00       0.64 r
  mesh/U983395/ZN (INVD1BWP30P140)                                      0.01      0.01       0.64 f
  mesh/n962072 (net)                                          2                   0.00       0.64 f
  mesh/U983401/ZN (ND2D1BWP30P140)                                      0.01      0.01       0.65 r
  mesh/n962073 (net)                                          1                   0.00       0.65 r
  mesh/U983402/ZN (OAI21D1BWP30P140)                                    0.01      0.01       0.66 f
  mesh/n962082 (net)                                          1                   0.00       0.66 f
  mesh/U983406/ZN (AOI21D1BWP30P140)                                    0.01      0.01       0.67 r
  mesh/n962092 (net)                                          1                   0.00       0.67 r
  mesh/U983411/ZN (OAI21D2BWP30P140)                                    0.02      0.02       0.69 f
  mesh/n962129 (net)                                          7                   0.00       0.69 f
  mesh/U983413/ZN (INR2D2BWP30P140)                                     0.02      0.01       0.70 r
  mesh/n962128 (net)                                          5                   0.00       0.70 r
  mesh/U983426/ZN (ND2OPTIBD2BWP30P140)                                 0.01      0.01       0.71 f
  mesh/n962106 (net)                                          1                   0.00       0.71 f
  mesh/U2730/ZN (ND2D3BWP30P140)                                        0.02      0.01       0.72 r
  mesh/n962406 (net)                                         11                   0.00       0.72 r
  mesh/U983428/Z (OR2D4BWP30P140)                                       0.01      0.02       0.74 r
  mesh/n962220 (net)                                          8                   0.00       0.74 r
  mesh/U983440/ZN (INVD4BWP30P140)                                      0.01      0.01       0.75 f
  mesh/n962229 (net)                                         14                   0.00       0.75 f
  mesh/U983579/ZN (MOAI22D1BWP30P140)                                   0.01      0.02       0.77 f
  mesh/n962213 (net)                                          1                   0.00       0.77 f
  mesh/U983580/ZN (INR2D1BWP30P140)                                     0.02      0.01       0.78 r
  mesh/n962342 (net)                                          4                   0.00       0.78 r
  mesh/U983627/ZN (INVD0BWP30P140)                                      0.01      0.01       0.79 f
  mesh/n962281 (net)                                          2                   0.00       0.79 f
  mesh/U983628/ZN (AOI22D1BWP30P140)                                    0.02      0.01       0.80 r
  mesh/n962268 (net)                                          1                   0.00       0.80 r
  mesh/U983630/ZN (ND2D1BWP30P140)                                      0.01      0.01       0.81 f
  mesh/n962328 (net)                                          2                   0.00       0.81 f
  mesh/U983634/ZN (NR4D0BWP30P140)                                      0.02      0.02       0.83 r
  mesh/n962315 (net)                                          1                   0.00       0.83 r
  mesh/U983661/ZN (AOI31D2BWP30P140)                                    0.04      0.03       0.86 f
  mesh/n962380 (net)                                          8                   0.00       0.86 f
  mesh/U138313/ZN (INVD1BWP30P140)                                      0.03      0.02       0.88 r
  mesh/n962397 (net)                                          5                   0.00       0.88 r
  mesh/U983697/ZN (MUX2ND0BWP30P140)                                    0.02      0.02       0.90 r
  mesh/n962610 (net)                                          2                   0.00       0.90 r
  mesh/U983705/ZN (NR4D0BWP30P140)                                      0.02      0.01       0.91 f
  mesh/n962392 (net)                                          1                   0.00       0.91 f
  mesh/U983713/ZN (ND4D1BWP30P140)                                      0.01      0.01       0.92 r
  mesh/n962400 (net)                                          1                   0.00       0.92 r
  mesh/U983718/ZN (NR4D1BWP30P140)                                      0.02      0.01       0.94 f
  mesh/n962651 (net)                                          4                   0.00       0.94 f
  mesh/U13333/ZN (NR2OPTPAD1BWP30P140)                                  0.01      0.01       0.95 r
  mesh/n962654 (net)                                          2                   0.00       0.95 r
  mesh/U983838/Z (AN3D2BWP30P140)                                       0.01      0.02       0.97 r
  mesh/n962627 (net)                                          9                   0.00       0.97 r
  mesh/U983843/Z (AO22D0BWP30P140)                                      0.01      0.02       0.99 r
  mesh/pes_15_1/N107 (net)                                    1                   0.00       0.99 r
  mesh/pes_15_1/regPsum_bits_reg[8]/D (DFQD1BWP30P140)                  0.01      0.00       0.99 r
  data arrival time                                                                          0.99

  clock ideal_clock1 (rise edge)                                                  1.00       1.00
  clock network delay (ideal)                                                     0.00       1.00
  mesh/pes_15_1/regPsum_bits_reg[8]/CP (DFQD1BWP30P140)                           0.00       1.00 r
  library setup time                                                             -0.01       0.99
  data required time                                                                         0.99
  -----------------------------------------------------------------------------------------------------------------------
  data required time                                                                         0.99
  data arrival time                                                                         -0.99
  -----------------------------------------------------------------------------------------------------------------------
  slack (MET)                                                                                0.00


1
